To honour the JVM settings for this build a single-use Daemon process will be forked. For more on this, please refer to https://docs.gradle.org/9.4.1/userguide/gradle_daemon.html#sec:disabling_the_daemon in the Gradle documentation.
Daemon will be stopped at the end of the build 

> Configure project :app
WARNING: The option setting 'android.usesSdkInManifest.disallowed=false' is deprecated.
The current default is 'true'.
It will be removed in version 10.0 of the Android Gradle plugin.
WARNING: The option setting 'android.sdk.defaultTargetSdkToCompileSdkIfUnset=false' is deprecated.
The current default is 'true'.
It will be removed in version 10.0 of the Android Gradle plugin.
WARNING: The option setting 'android.enableAppCompileTimeRClass=false' is deprecated.
The current default is 'true'.
It will be removed in version 10.0 of the Android Gradle plugin.
WARNING: The option setting 'android.builtInKotlin=false' is deprecated.
The current default is 'true'.
It will be removed in version 10.0 of the Android Gradle plugin.
WARNING: The option setting 'android.newDsl=false' is deprecated.
The current default is 'true'.
It will be removed in version 10.0 of the Android Gradle plugin.
WARNING: The option setting 'android.r8.optimizedResourceShrinking=false' is deprecated.
The current default is 'true'.
It will be removed in version 10.0 of the Android Gradle plugin.
WARNING: The option setting 'android.defaults.buildfeatures.resvalues=true' is deprecated.
The current default is 'false'.
It will be removed in version 10.0 of the Android Gradle plugin.
WARNING: API 'applicationVariants' is obsolete and has been replaced with 'AndroidComponentsExtension'.
It will be removed in version 10.0 of the Android Gradle plugin.
The legacy variant API is disabled by default in AGP 9.0, but can be re-enabled by adding 
    android.newDsl=false
to this project's gradle.properties file.
For more information, see http://developer.android.com/build/r/new-dsl.

To determine what is calling applicationVariants, use -Pandroid.debug.obsoleteApi=true on the command line to display more information.
WARNING: API 'testVariants' is obsolete and has been replaced with 'AndroidComponentsExtension'.
It will be removed in version 10.0 of the Android Gradle plugin.
The legacy variant API is disabled by default in AGP 9.0, but can be re-enabled by adding 
    android.newDsl=false
to this project's gradle.properties file.
For more information, see http://developer.android.com/build/r/new-dsl.

To determine what is calling testVariants, use -Pandroid.debug.obsoleteApi=true on the command line to display more information.
WARNING: API 'unitTestVariants' is obsolete and has been replaced with 'AndroidComponentsExtension'.
It will be removed in version 10.0 of the Android Gradle plugin.
The legacy variant API is disabled by default in AGP 9.0, but can be re-enabled by adding 
    android.newDsl=false
to this project's gradle.properties file.
For more information, see http://developer.android.com/build/r/new-dsl.

To determine what is calling unitTestVariants, use -Pandroid.debug.obsoleteApi=true on the command line to display more information.
WARNING: The property android.dependency.excludeLibraryComponentsFromConstraints improves project import performance for very large projects. It should be enabled to improve performance.
To suppress this warning, add android.generateSyncIssueWhenLibraryConstraintsAreEnabled=false to gradle.properties
WARNING: The property android.dependency.excludeLibraryComponentsFromConstraints improves project import performance for very large projects. It should be enabled to improve performance.
To suppress this warning, add android.generateSyncIssueWhenLibraryConstraintsAreEnabled=false to gradle.properties
WARNING: The property android.dependency.excludeLibraryComponentsFromConstraints improves project import performance for very large projects. It should be enabled to improve performance.
To suppress this warning, add android.generateSyncIssueWhenLibraryConstraintsAreEnabled=false to gradle.properties
WARNING: The property android.dependency.excludeLibraryComponentsFromConstraints improves project import performance for very large projects. It should be enabled to improve performance.
To suppress this warning, add android.generateSyncIssueWhenLibraryConstraintsAreEnabled=false to gradle.properties

> Configure project :core-data
WARNING: API 'libraryVariants' is obsolete and has been replaced with 'AndroidComponentsExtension'.
It will be removed in version 10.0 of the Android Gradle plugin.
The legacy variant API is disabled by default in AGP 9.0, but can be re-enabled by adding 
    android.newDsl=false
to this project's gradle.properties file.
For more information, see http://developer.android.com/build/r/new-dsl.

To determine what is calling libraryVariants, use -Pandroid.debug.obsoleteApi=true on the command line to display more information.
WARNING: The property android.dependency.excludeLibraryComponentsFromConstraints improves project import performance for very large projects. It should be enabled to improve performance.
To suppress this warning, add android.generateSyncIssueWhenLibraryConstraintsAreEnabled=false to gradle.properties
WARNING: The property android.dependency.excludeLibraryComponentsFromConstraints improves project import performance for very large projects. It should be enabled to improve performance.
To suppress this warning, add android.generateSyncIssueWhenLibraryConstraintsAreEnabled=false to gradle.properties
WARNING: The property android.dependency.excludeLibraryComponentsFromConstraints improves project import performance for very large projects. It should be enabled to improve performance.
To suppress this warning, add android.generateSyncIssueWhenLibraryConstraintsAreEnabled=false to gradle.properties
WARNING: The property android.dependency.excludeLibraryComponentsFromConstraints improves project import performance for very large projects. It should be enabled to improve performance.
To suppress this warning, add android.generateSyncIssueWhenLibraryConstraintsAreEnabled=false to gradle.properties

> Configure project :core-domain
WARNING: The property android.dependency.excludeLibraryComponentsFromConstraints improves project import performance for very large projects. It should be enabled to improve performance.
To suppress this warning, add android.generateSyncIssueWhenLibraryConstraintsAreEnabled=false to gradle.properties
WARNING: The property android.dependency.excludeLibraryComponentsFromConstraints improves project import performance for very large projects. It should be enabled to improve performance.
To suppress this warning, add android.generateSyncIssueWhenLibraryConstraintsAreEnabled=false to gradle.properties
WARNING: The property android.dependency.excludeLibraryComponentsFromConstraints improves project import performance for very large projects. It should be enabled to improve performance.
To suppress this warning, add android.generateSyncIssueWhenLibraryConstraintsAreEnabled=false to gradle.properties
WARNING: The property android.dependency.excludeLibraryComponentsFromConstraints improves project import performance for very large projects. It should be enabled to improve performance.
To suppress this warning, add android.generateSyncIssueWhenLibraryConstraintsAreEnabled=false to gradle.properties

> Configure project :core-model
WARNING: The property android.dependency.excludeLibraryComponentsFromConstraints improves project import performance for very large projects. It should be enabled to improve performance.
To suppress this warning, add android.generateSyncIssueWhenLibraryConstraintsAreEnabled=false to gradle.properties
WARNING: The property android.dependency.excludeLibraryComponentsFromConstraints improves project import performance for very large projects. It should be enabled to improve performance.
To suppress this warning, add android.generateSyncIssueWhenLibraryConstraintsAreEnabled=false to gradle.properties
WARNING: The property android.dependency.excludeLibraryComponentsFromConstraints improves project import performance for very large projects. It should be enabled to improve performance.
To suppress this warning, add android.generateSyncIssueWhenLibraryConstraintsAreEnabled=false to gradle.properties
WARNING: The property android.dependency.excludeLibraryComponentsFromConstraints improves project import performance for very large projects. It should be enabled to improve performance.
To suppress this warning, add android.generateSyncIssueWhenLibraryConstraintsAreEnabled=false to gradle.properties

> Configure project :core-ui
WARNING: The property android.dependency.excludeLibraryComponentsFromConstraints improves project import performance for very large projects. It should be enabled to improve performance.
To suppress this warning, add android.generateSyncIssueWhenLibraryConstraintsAreEnabled=false to gradle.properties
WARNING: The property android.dependency.excludeLibraryComponentsFromConstraints improves project import performance for very large projects. It should be enabled to improve performance.
To suppress this warning, add android.generateSyncIssueWhenLibraryConstraintsAreEnabled=false to gradle.properties
WARNING: The property android.dependency.excludeLibraryComponentsFromConstraints improves project import performance for very large projects. It should be enabled to improve performance.
To suppress this warning, add android.generateSyncIssueWhenLibraryConstraintsAreEnabled=false to gradle.properties
WARNING: The property android.dependency.excludeLibraryComponentsFromConstraints improves project import performance for very large projects. It should be enabled to improve performance.
To suppress this warning, add android.generateSyncIssueWhenLibraryConstraintsAreEnabled=false to gradle.properties

> Configure project :engine-api
WARNING: The property android.dependency.excludeLibraryComponentsFromConstraints improves project import performance for very large projects. It should be enabled to improve performance.
To suppress this warning, add android.generateSyncIssueWhenLibraryConstraintsAreEnabled=false to gradle.properties
WARNING: The property android.dependency.excludeLibraryComponentsFromConstraints improves project import performance for very large projects. It should be enabled to improve performance.
To suppress this warning, add android.generateSyncIssueWhenLibraryConstraintsAreEnabled=false to gradle.properties
WARNING: The property android.dependency.excludeLibraryComponentsFromConstraints improves project import performance for very large projects. It should be enabled to improve performance.
To suppress this warning, add android.generateSyncIssueWhenLibraryConstraintsAreEnabled=false to gradle.properties
WARNING: The property android.dependency.excludeLibraryComponentsFromConstraints improves project import performance for very large projects. It should be enabled to improve performance.
To suppress this warning, add android.generateSyncIssueWhenLibraryConstraintsAreEnabled=false to gradle.properties

> Configure project :engine-epub-readium
WARNING: The property android.dependency.excludeLibraryComponentsFromConstraints improves project import performance for very large projects. It should be enabled to improve performance.
To suppress this warning, add android.generateSyncIssueWhenLibraryConstraintsAreEnabled=false to gradle.properties
WARNING: The property android.dependency.excludeLibraryComponentsFromConstraints improves project import performance for very large projects. It should be enabled to improve performance.
To suppress this warning, add android.generateSyncIssueWhenLibraryConstraintsAreEnabled=false to gradle.properties
WARNING: The property android.dependency.excludeLibraryComponentsFromConstraints improves project import performance for very large projects. It should be enabled to improve performance.
To suppress this warning, add android.generateSyncIssueWhenLibraryConstraintsAreEnabled=false to gradle.properties
WARNING: The property android.dependency.excludeLibraryComponentsFromConstraints improves project import performance for very large projects. It should be enabled to improve performance.
To suppress this warning, add android.generateSyncIssueWhenLibraryConstraintsAreEnabled=false to gradle.properties

> Configure project :engine-formats
WARNING: The property android.dependency.excludeLibraryComponentsFromConstraints improves project import performance for very large projects. It should be enabled to improve performance.
To suppress this warning, add android.generateSyncIssueWhenLibraryConstraintsAreEnabled=false to gradle.properties
WARNING: The property android.dependency.excludeLibraryComponentsFromConstraints improves project import performance for very large projects. It should be enabled to improve performance.
To suppress this warning, add android.generateSyncIssueWhenLibraryConstraintsAreEnabled=false to gradle.properties
WARNING: The property android.dependency.excludeLibraryComponentsFromConstraints improves project import performance for very large projects. It should be enabled to improve performance.
To suppress this warning, add android.generateSyncIssueWhenLibraryConstraintsAreEnabled=false to gradle.properties
WARNING: The property android.dependency.excludeLibraryComponentsFromConstraints improves project import performance for very large projects. It should be enabled to improve performance.
To suppress this warning, add android.generateSyncIssueWhenLibraryConstraintsAreEnabled=false to gradle.properties

> Configure project :engine-registry
WARNING: The property android.dependency.excludeLibraryComponentsFromConstraints improves project import performance for very large projects. It should be enabled to improve performance.
To suppress this warning, add android.generateSyncIssueWhenLibraryConstraintsAreEnabled=false to gradle.properties
WARNING: The property android.dependency.excludeLibraryComponentsFromConstraints improves project import performance for very large projects. It should be enabled to improve performance.
To suppress this warning, add android.generateSyncIssueWhenLibraryConstraintsAreEnabled=false to gradle.properties
WARNING: The property android.dependency.excludeLibraryComponentsFromConstraints improves project import performance for very large projects. It should be enabled to improve performance.
To suppress this warning, add android.generateSyncIssueWhenLibraryConstraintsAreEnabled=false to gradle.properties
WARNING: The property android.dependency.excludeLibraryComponentsFromConstraints improves project import performance for very large projects. It should be enabled to improve performance.
To suppress this warning, add android.generateSyncIssueWhenLibraryConstraintsAreEnabled=false to gradle.properties

> Configure project :engine-rendering
WARNING: The property android.dependency.excludeLibraryComponentsFromConstraints improves project import performance for very large projects. It should be enabled to improve performance.
To suppress this warning, add android.generateSyncIssueWhenLibraryConstraintsAreEnabled=false to gradle.properties
WARNING: The property android.dependency.excludeLibraryComponentsFromConstraints improves project import performance for very large projects. It should be enabled to improve performance.
To suppress this warning, add android.generateSyncIssueWhenLibraryConstraintsAreEnabled=false to gradle.properties
WARNING: The property android.dependency.excludeLibraryComponentsFromConstraints improves project import performance for very large projects. It should be enabled to improve performance.
To suppress this warning, add android.generateSyncIssueWhenLibraryConstraintsAreEnabled=false to gradle.properties
WARNING: The property android.dependency.excludeLibraryComponentsFromConstraints improves project import performance for very large projects. It should be enabled to improve performance.
To suppress this warning, add android.generateSyncIssueWhenLibraryConstraintsAreEnabled=false to gradle.properties

> Configure project :feature-library
WARNING: The property android.dependency.excludeLibraryComponentsFromConstraints improves project import performance for very large projects. It should be enabled to improve performance.
To suppress this warning, add android.generateSyncIssueWhenLibraryConstraintsAreEnabled=false to gradle.properties
WARNING: The property android.dependency.excludeLibraryComponentsFromConstraints improves project import performance for very large projects. It should be enabled to improve performance.
To suppress this warning, add android.generateSyncIssueWhenLibraryConstraintsAreEnabled=false to gradle.properties
WARNING: The property android.dependency.excludeLibraryComponentsFromConstraints improves project import performance for very large projects. It should be enabled to improve performance.
To suppress this warning, add android.generateSyncIssueWhenLibraryConstraintsAreEnabled=false to gradle.properties
WARNING: The property android.dependency.excludeLibraryComponentsFromConstraints improves project import performance for very large projects. It should be enabled to improve performance.
To suppress this warning, add android.generateSyncIssueWhenLibraryConstraintsAreEnabled=false to gradle.properties

> Configure project :feature-ocr
WARNING: The property android.dependency.excludeLibraryComponentsFromConstraints improves project import performance for very large projects. It should be enabled to improve performance.
To suppress this warning, add android.generateSyncIssueWhenLibraryConstraintsAreEnabled=false to gradle.properties
WARNING: The property android.dependency.excludeLibraryComponentsFromConstraints improves project import performance for very large projects. It should be enabled to improve performance.
To suppress this warning, add android.generateSyncIssueWhenLibraryConstraintsAreEnabled=false to gradle.properties
WARNING: The property android.dependency.excludeLibraryComponentsFromConstraints improves project import performance for very large projects. It should be enabled to improve performance.
To suppress this warning, add android.generateSyncIssueWhenLibraryConstraintsAreEnabled=false to gradle.properties
WARNING: The property android.dependency.excludeLibraryComponentsFromConstraints improves project import performance for very large projects. It should be enabled to improve performance.
To suppress this warning, add android.generateSyncIssueWhenLibraryConstraintsAreEnabled=false to gradle.properties

> Configure project :feature-onboarding
WARNING: The property android.dependency.excludeLibraryComponentsFromConstraints improves project import performance for very large projects. It should be enabled to improve performance.
To suppress this warning, add android.generateSyncIssueWhenLibraryConstraintsAreEnabled=false to gradle.properties
WARNING: The property android.dependency.excludeLibraryComponentsFromConstraints improves project import performance for very large projects. It should be enabled to improve performance.
To suppress this warning, add android.generateSyncIssueWhenLibraryConstraintsAreEnabled=false to gradle.properties
WARNING: The property android.dependency.excludeLibraryComponentsFromConstraints improves project import performance for very large projects. It should be enabled to improve performance.
To suppress this warning, add android.generateSyncIssueWhenLibraryConstraintsAreEnabled=false to gradle.properties
WARNING: The property android.dependency.excludeLibraryComponentsFromConstraints improves project import performance for very large projects. It should be enabled to improve performance.
To suppress this warning, add android.generateSyncIssueWhenLibraryConstraintsAreEnabled=false to gradle.properties

> Configure project :feature-reader
WARNING: The property android.dependency.excludeLibraryComponentsFromConstraints improves project import performance for very large projects. It should be enabled to improve performance.
To suppress this warning, add android.generateSyncIssueWhenLibraryConstraintsAreEnabled=false to gradle.properties
WARNING: The property android.dependency.excludeLibraryComponentsFromConstraints improves project import performance for very large projects. It should be enabled to improve performance.
To suppress this warning, add android.generateSyncIssueWhenLibraryConstraintsAreEnabled=false to gradle.properties
WARNING: The property android.dependency.excludeLibraryComponentsFromConstraints improves project import performance for very large projects. It should be enabled to improve performance.
To suppress this warning, add android.generateSyncIssueWhenLibraryConstraintsAreEnabled=false to gradle.properties
WARNING: The property android.dependency.excludeLibraryComponentsFromConstraints improves project import performance for very large projects. It should be enabled to improve performance.
To suppress this warning, add android.generateSyncIssueWhenLibraryConstraintsAreEnabled=false to gradle.properties

> Configure project :feature-settings
WARNING: The property android.dependency.excludeLibraryComponentsFromConstraints improves project import performance for very large projects. It should be enabled to improve performance.
To suppress this warning, add android.generateSyncIssueWhenLibraryConstraintsAreEnabled=false to gradle.properties
WARNING: The property android.dependency.excludeLibraryComponentsFromConstraints improves project import performance for very large projects. It should be enabled to improve performance.
To suppress this warning, add android.generateSyncIssueWhenLibraryConstraintsAreEnabled=false to gradle.properties
WARNING: The property android.dependency.excludeLibraryComponentsFromConstraints improves project import performance for very large projects. It should be enabled to improve performance.
To suppress this warning, add android.generateSyncIssueWhenLibraryConstraintsAreEnabled=false to gradle.properties
WARNING: The property android.dependency.excludeLibraryComponentsFromConstraints improves project import performance for very large projects. It should be enabled to improve performance.
To suppress this warning, add android.generateSyncIssueWhenLibraryConstraintsAreEnabled=false to gradle.properties

> Task :engine-formats:preBuild UP-TO-DATE
> Task :feature-onboarding:preBuild UP-TO-DATE
> Task :feature-ocr:preBuild UP-TO-DATE
> Task :core-model:preBuild UP-TO-DATE
> Task :feature-library:preBuild UP-TO-DATE
> Task :core-domain:preBuild UP-TO-DATE
> Task :core-data:preBuild UP-TO-DATE
> Task :engine-rendering:preBuild UP-TO-DATE
> Task :feature-reader:preBuild UP-TO-DATE
> Task :engine-api:preBuild UP-TO-DATE
> Task :core-ui:preBuild UP-TO-DATE
> Task :feature-onboarding:preDebugBuild UP-TO-DATE
> Task :core-data:preDebugBuild UP-TO-DATE
> Task :engine-formats:preDebugBuild UP-TO-DATE
> Task :feature-ocr:preDebugBuild UP-TO-DATE
> Task :feature-library:preDebugBuild UP-TO-DATE
> Task :core-model:preDebugBuild UP-TO-DATE
> Task :core-domain:preDebugBuild UP-TO-DATE
> Task :engine-api:preDebugBuild UP-TO-DATE
> Task :core-ui:preDebugBuild UP-TO-DATE
> Task :feature-reader:preDebugBuild UP-TO-DATE
> Task :engine-rendering:preDebugBuild UP-TO-DATE
> Task :app:preBuild UP-TO-DATE
> Task :app:preDebugBuild UP-TO-DATE
> Task :app:mergeDebugNativeDebugMetadata NO-SOURCE
> Task :app:checkKotlinGradlePluginConfigurationErrors SKIPPED
> Task :app:generateDebugBuildConfig UP-TO-DATE
> Task :core-data:writeDebugAarMetadata UP-TO-DATE
> Task :engine-rendering:writeDebugAarMetadata UP-TO-DATE
> Task :feature-library:writeDebugAarMetadata UP-TO-DATE
> Task :core-ui:writeDebugAarMetadata UP-TO-DATE
> Task :core-model:writeDebugAarMetadata UP-TO-DATE
> Task :core-domain:writeDebugAarMetadata UP-TO-DATE
> Task :feature-reader:writeDebugAarMetadata UP-TO-DATE
> Task :feature-onboarding:writeDebugAarMetadata UP-TO-DATE
> Task :engine-api:writeDebugAarMetadata UP-TO-DATE
> Task :feature-ocr:writeDebugAarMetadata UP-TO-DATE
> Task :engine-formats:writeDebugAarMetadata UP-TO-DATE
> Task :feature-settings:preBuild UP-TO-DATE
> Task :feature-settings:preDebugBuild UP-TO-DATE
> Task :app:generateDebugResValues UP-TO-DATE
> Task :feature-settings:writeDebugAarMetadata UP-TO-DATE
> Task :feature-reader:processDebugNavigationResources UP-TO-DATE
> Task :core-ui:processDebugNavigationResources UP-TO-DATE
> Task :engine-formats:processDebugNavigationResources UP-TO-DATE
> Task :core-model:processDebugNavigationResources UP-TO-DATE
> Task :engine-api:processDebugNavigationResources UP-TO-DATE
> Task :engine-rendering:processDebugNavigationResources UP-TO-DATE
> Task :feature-onboarding:processDebugNavigationResources UP-TO-DATE
> Task :core-domain:processDebugNavigationResources UP-TO-DATE
> Task :feature-library:processDebugNavigationResources UP-TO-DATE
> Task :core-data:processDebugNavigationResources UP-TO-DATE
> Task :core-ui:generateDebugResValues UP-TO-DATE
> Task :feature-ocr:processDebugNavigationResources UP-TO-DATE
> Task :feature-settings:processDebugNavigationResources UP-TO-DATE
> Task :core-model:generateDebugResValues UP-TO-DATE
> Task :engine-formats:generateDebugResValues UP-TO-DATE
> Task :feature-onboarding:generateDebugResValues UP-TO-DATE
> Task :engine-rendering:generateDebugResValues UP-TO-DATE
> Task :engine-api:generateDebugResValues UP-TO-DATE
> Task :core-data:generateDebugResValues UP-TO-DATE
> Task :feature-reader:generateDebugResValues UP-TO-DATE
> Task :core-ui:generateDebugResources UP-TO-DATE
> Task :engine-formats:generateDebugResources UP-TO-DATE
> Task :core-domain:generateDebugResValues UP-TO-DATE
> Task :core-model:generateDebugResources UP-TO-DATE
> Task :feature-library:generateDebugResValues UP-TO-DATE
> Task :engine-rendering:generateDebugResources UP-TO-DATE
> Task :feature-ocr:generateDebugResValues UP-TO-DATE
> Task :feature-reader:generateDebugResources UP-TO-DATE
> Task :engine-api:generateDebugResources UP-TO-DATE
> Task :feature-onboarding:generateDebugResources UP-TO-DATE
> Task :feature-library:generateDebugResources UP-TO-DATE
> Task :core-data:generateDebugResources UP-TO-DATE
> Task :feature-settings:generateDebugResValues UP-TO-DATE
> Task :feature-settings:generateDebugResources UP-TO-DATE
> Task :core-domain:generateDebugResources UP-TO-DATE
> Task :feature-ocr:generateDebugResources UP-TO-DATE
> Task :core-data:extractDeepLinksDebug UP-TO-DATE
> Task :core-domain:extractDeepLinksDebug UP-TO-DATE
> Task :core-model:packageDebugResources UP-TO-DATE
> Task :engine-rendering:packageDebugResources UP-TO-DATE
> Task :core-ui:packageDebugResources UP-TO-DATE
> Task :engine-api:packageDebugResources UP-TO-DATE
> Task :engine-formats:packageDebugResources UP-TO-DATE
> Task :feature-library:packageDebugResources UP-TO-DATE
> Task :feature-reader:packageDebugResources UP-TO-DATE
> Task :feature-ocr:extractDeepLinksDebug UP-TO-DATE
> Task :core-model:extractDeepLinksDebug UP-TO-DATE
> Task :core-ui:extractDeepLinksDebug UP-TO-DATE
> Task :engine-formats:extractDeepLinksDebug UP-TO-DATE
> Task :engine-api:extractDeepLinksDebug UP-TO-DATE
> Task :engine-rendering:extractDeepLinksDebug UP-TO-DATE
> Task :feature-library:extractDeepLinksDebug UP-TO-DATE
> Task :feature-onboarding:packageDebugResources UP-TO-DATE
> Task :core-domain:processDebugManifest UP-TO-DATE
> Task :feature-settings:packageDebugResources UP-TO-DATE
> Task :core-model:processDebugManifest UP-TO-DATE
> Task :feature-reader:extractDeepLinksDebug UP-TO-DATE
> Task :feature-ocr:packageDebugResources UP-TO-DATE
> Task :feature-onboarding:extractDeepLinksDebug UP-TO-DATE
> Task :feature-library:processDebugManifest UP-TO-DATE
> Task :engine-rendering:processDebugManifest UP-TO-DATE
> Task :engine-api:processDebugManifest UP-TO-DATE
> Task :engine-formats:processDebugManifest UP-TO-DATE
> Task :feature-settings:extractDeepLinksDebug UP-TO-DATE
> Task :engine-api:mapDebugSourceSetPaths UP-TO-DATE
> Task :engine-rendering:mapDebugSourceSetPaths UP-TO-DATE
> Task :core-model:mapDebugSourceSetPaths UP-TO-DATE
> Task :engine-formats:mapDebugSourceSetPaths UP-TO-DATE
> Task :feature-reader:processDebugManifest UP-TO-DATE
> Task :engine-formats:compileDebugLibraryResources UP-TO-DATE
> Task :engine-api:compileDebugLibraryResources UP-TO-DATE
> Task :core-model:compileDebugLibraryResources UP-TO-DATE
> Task :engine-rendering:compileDebugLibraryResources UP-TO-DATE
> Task :feature-onboarding:processDebugManifest UP-TO-DATE
> Task :feature-settings:processDebugManifest UP-TO-DATE
> Task :core-domain:packageDebugResources UP-TO-DATE
> Task :feature-ocr:processDebugManifest UP-TO-DATE
> Task :feature-library:mapDebugSourceSetPaths UP-TO-DATE
> Task :core-domain:mapDebugSourceSetPaths UP-TO-DATE
> Task :feature-reader:mapDebugSourceSetPaths UP-TO-DATE
> Task :feature-library:compileDebugLibraryResources UP-TO-DATE
> Task :feature-ocr:mapDebugSourceSetPaths UP-TO-DATE
> Task :feature-onboarding:mapDebugSourceSetPaths UP-TO-DATE
> Task :app:mapDebugSourceSetPaths UP-TO-DATE
> Task :core-ui:processDebugManifest UP-TO-DATE
> Task :core-data:processDebugManifest UP-TO-DATE
> Task :core-domain:compileDebugLibraryResources UP-TO-DATE
> Task :feature-reader:compileDebugLibraryResources UP-TO-DATE
> Task :feature-onboarding:compileDebugLibraryResources UP-TO-DATE
> Task :feature-ocr:compileDebugLibraryResources UP-TO-DATE
> Task :core-ui:mapDebugSourceSetPaths UP-TO-DATE
> Task :core-data:packageDebugResources UP-TO-DATE
> Task :core-ui:compileDebugLibraryResources UP-TO-DATE
> Task :core-data:mapDebugSourceSetPaths UP-TO-DATE
> Task :engine-formats:parseDebugLocalResources UP-TO-DATE
> Task :core-domain:parseDebugLocalResources UP-TO-DATE
> Task :core-data:compileDebugLibraryResources UP-TO-DATE
> Task :core-model:parseDebugLocalResources UP-TO-DATE
> Task :feature-library:parseDebugLocalResources UP-TO-DATE
> Task :engine-api:parseDebugLocalResources UP-TO-DATE
> Task :feature-onboarding:parseDebugLocalResources UP-TO-DATE
> Task :engine-rendering:parseDebugLocalResources UP-TO-DATE
> Task :core-ui:parseDebugLocalResources UP-TO-DATE
> Task :feature-library:generateDebugRFile UP-TO-DATE
> Task :engine-formats:generateDebugRFile UP-TO-DATE
> Task :engine-api:generateDebugRFile UP-TO-DATE
> Task :engine-formats:checkKotlinGradlePluginConfigurationErrors SKIPPED
> Task :engine-api:checkKotlinGradlePluginConfigurationErrors SKIPPED
> Task :feature-onboarding:generateDebugRFile UP-TO-DATE
> Task :core-model:generateDebugRFile UP-TO-DATE
> Task :feature-settings:mapDebugSourceSetPaths UP-TO-DATE
> Task :core-model:checkKotlinGradlePluginConfigurationErrors SKIPPED
> Task :core-ui:generateDebugRFile UP-TO-DATE
> Task :feature-reader:parseDebugLocalResources UP-TO-DATE
> Task :engine-api:javaPreCompileDebug UP-TO-DATE
> Task :engine-rendering:generateDebugRFile UP-TO-DATE
> Task :feature-onboarding:checkKotlinGradlePluginConfigurationErrors SKIPPED
> Task :feature-settings:compileDebugLibraryResources UP-TO-DATE
> Task :feature-library:checkKotlinGradlePluginConfigurationErrors SKIPPED
> Task :core-ui:checkKotlinGradlePluginConfigurationErrors SKIPPED
> Task :engine-rendering:checkKotlinGradlePluginConfigurationErrors SKIPPED
> Task :core-domain:generateDebugRFile UP-TO-DATE
> Task :core-domain:checkKotlinGradlePluginConfigurationErrors SKIPPED
> Task :feature-reader:generateDebugRFile UP-TO-DATE
> Task :feature-reader:checkKotlinGradlePluginConfigurationErrors SKIPPED
> Task :feature-settings:parseDebugLocalResources UP-TO-DATE
> Task :core-data:parseDebugLocalResources UP-TO-DATE
> Task :feature-ocr:parseDebugLocalResources UP-TO-DATE
> Task :core-data:generateDebugRFile UP-TO-DATE
> Task :feature-settings:generateDebugRFile UP-TO-DATE
> Task :core-data:checkKotlinGradlePluginConfigurationErrors SKIPPED
> Task :feature-settings:checkKotlinGradlePluginConfigurationErrors SKIPPED
> Task :feature-ocr:generateDebugRFile UP-TO-DATE
> Task :feature-ocr:checkKotlinGradlePluginConfigurationErrors SKIPPED
> Task :core-ui:javaPreCompileDebug UP-TO-DATE
> Task :engine-rendering:javaPreCompileDebug UP-TO-DATE
> Task :feature-onboarding:javaPreCompileDebug UP-TO-DATE
> Task :feature-ocr:javaPreCompileDebug UP-TO-DATE
> Task :feature-settings:javaPreCompileDebug UP-TO-DATE
> Task :engine-api:generateDebugAssets UP-TO-DATE
> Task :engine-formats:javaPreCompileDebug UP-TO-DATE
> Task :core-domain:javaPreCompileDebug UP-TO-DATE
> Task :engine-rendering:generateDebugAssets UP-TO-DATE
> Task :feature-library:javaPreCompileDebug UP-TO-DATE
> Task :core-ui:generateDebugAssets UP-TO-DATE
> Task :core-domain:generateDebugAssets UP-TO-DATE
> Task :feature-ocr:generateDebugAssets UP-TO-DATE
> Task :feature-onboarding:generateDebugAssets UP-TO-DATE
> Task :engine-formats:generateDebugAssets UP-TO-DATE
> Task :feature-library:generateDebugAssets UP-TO-DATE
> Task :engine-api:mergeDebugAssets UP-TO-DATE
> Task :feature-settings:generateDebugAssets UP-TO-DATE
> Task :feature-onboarding:mergeDebugAssets UP-TO-DATE
> Task :core-ui:mergeDebugAssets UP-TO-DATE
> Task :engine-formats:mergeDebugAssets UP-TO-DATE
> Task :feature-library:mergeDebugAssets UP-TO-DATE
> Task :engine-rendering:mergeDebugAssets UP-TO-DATE
> Task :feature-ocr:mergeDebugAssets UP-TO-DATE
> Task :feature-settings:mergeDebugAssets UP-TO-DATE
> Task :engine-rendering:mergeDebugJniLibFolders UP-TO-DATE
> Task :core-ui:mergeDebugJniLibFolders UP-TO-DATE
> Task :engine-api:mergeDebugJniLibFolders UP-TO-DATE
> Task :feature-ocr:mergeDebugJniLibFolders UP-TO-DATE
> Task :core-domain:mergeDebugAssets UP-TO-DATE
> Task :feature-library:mergeDebugJniLibFolders UP-TO-DATE
> Task :feature-onboarding:mergeDebugJniLibFolders UP-TO-DATE
> Task :core-domain:mergeDebugJniLibFolders UP-TO-DATE
> Task :feature-ocr:mergeDebugNativeLibs NO-SOURCE
> Task :feature-onboarding:mergeDebugNativeLibs NO-SOURCE
> Task :engine-rendering:mergeDebugNativeLibs NO-SOURCE
> Task :feature-library:mergeDebugNativeLibs NO-SOURCE
> Task :engine-api:mergeDebugNativeLibs NO-SOURCE
> Task :core-domain:mergeDebugNativeLibs NO-SOURCE
> Task :core-ui:mergeDebugNativeLibs NO-SOURCE
> Task :feature-onboarding:copyDebugJniLibsProjectOnly UP-TO-DATE
> Task :engine-api:copyDebugJniLibsProjectOnly UP-TO-DATE
> Task :engine-rendering:copyDebugJniLibsProjectOnly UP-TO-DATE
> Task :core-ui:copyDebugJniLibsProjectOnly UP-TO-DATE
> Task :core-domain:copyDebugJniLibsProjectOnly UP-TO-DATE
> Task :feature-ocr:copyDebugJniLibsProjectOnly UP-TO-DATE
> Task :feature-settings:mergeDebugJniLibFolders UP-TO-DATE
> Task :feature-library:copyDebugJniLibsProjectOnly UP-TO-DATE
> Task :feature-settings:mergeDebugNativeLibs NO-SOURCE
> Task :feature-settings:copyDebugJniLibsProjectOnly UP-TO-DATE
> Task :core-data:javaPreCompileDebug UP-TO-DATE
> Task :feature-reader:javaPreCompileDebug UP-TO-DATE
> Task :feature-reader:generateDebugAssets UP-TO-DATE
> Task :core-data:generateDebugAssets UP-TO-DATE
> Task :feature-reader:mergeDebugAssets UP-TO-DATE
> Task :core-data:mergeDebugAssets UP-TO-DATE
> Task :feature-reader:mergeDebugJniLibFolders UP-TO-DATE
> Task :core-data:mergeDebugJniLibFolders UP-TO-DATE
> Task :feature-reader:mergeDebugNativeLibs NO-SOURCE
> Task :core-data:mergeDebugNativeLibs NO-SOURCE
> Task :feature-reader:copyDebugJniLibsProjectOnly UP-TO-DATE
> Task :core-data:copyDebugJniLibsProjectOnly UP-TO-DATE
> Task :core-model:kspDebugKotlin UP-TO-DATE
> Task :core-model:compileDebugKotlin UP-TO-DATE
> Task :core-model:javaPreCompileDebug UP-TO-DATE
> Task :core-model:compileDebugJavaWithJavac NO-SOURCE
> Task :core-model:bundleLibCompileToJarDebug UP-TO-DATE
> Task :core-model:bundleLibRuntimeToJarDebug UP-TO-DATE
> Task :core-model:generateDebugAssets UP-TO-DATE
> Task :core-model:mergeDebugAssets UP-TO-DATE
> Task :core-model:processDebugJavaRes UP-TO-DATE
> Task :core-model:bundleLibRuntimeToDirDebug UP-TO-DATE
> Task :core-model:mergeDebugJniLibFolders UP-TO-DATE
> Task :core-model:mergeDebugNativeLibs NO-SOURCE
> Task :core-model:copyDebugJniLibsProjectOnly UP-TO-DATE
> Task :engine-api:compileDebugKotlin UP-TO-DATE
> Task :engine-api:compileDebugJavaWithJavac NO-SOURCE
> Task :engine-api:bundleLibCompileToJarDebug UP-TO-DATE
> Task :engine-api:bundleLibRuntimeToJarDebug UP-TO-DATE
> Task :engine-api:processDebugJavaRes UP-TO-DATE
> Task :engine-api:bundleLibRuntimeToDirDebug UP-TO-DATE
> Task :app:checkDebugAarMetadata UP-TO-DATE
> Task :core-data:kspDebugKotlin UP-TO-DATE
> Task :app:processDebugNavigationResources UP-TO-DATE
> Task :app:compileDebugNavigationResources UP-TO-DATE
> Task :app:generateDebugResources UP-TO-DATE
> Task :engine-formats:configureCMakeDebug[arm64-v8a]
> Task :core-data:compileDebugKotlin UP-TO-DATE
> Task :core-data:compileDebugJavaWithJavac UP-TO-DATE
> Task :core-data:copyRoomSchemas NO-SOURCE
> Task :app:mergeDebugResources UP-TO-DATE
> Task :core-data:transformDebugClassesWithAsm UP-TO-DATE
> Task :core-data:bundleLibCompileToJarDebug UP-TO-DATE
> Task :core-data:bundleLibRuntimeToJarDebug UP-TO-DATE
> Task :core-data:processDebugJavaRes UP-TO-DATE
> Task :app:packageDebugResources UP-TO-DATE
> Task :engine-formats:buildCMakeDebug[arm64-v8a]
> Task :app:parseDebugLocalResources UP-TO-DATE
> Task :app:createDebugCompatibleScreenManifests UP-TO-DATE
> Task :app:extractDeepLinksDebug UP-TO-DATE
> Task :core-data:bundleLibRuntimeToDirDebug UP-TO-DATE
> Task :engine-formats:kspDebugKotlin UP-TO-DATE
> Task :app:processDebugMainManifest UP-TO-DATE
> Task :app:processDebugManifest UP-TO-DATE
> Task :app:processDebugManifestForPackage UP-TO-DATE
> Task :engine-formats:compileDebugKotlin UP-TO-DATE
> Task :engine-formats:compileDebugJavaWithJavac UP-TO-DATE
> Task :engine-formats:transformDebugClassesWithAsm UP-TO-DATE
> Task :engine-formats:bundleLibCompileToJarDebug UP-TO-DATE
> Task :engine-formats:bundleLibRuntimeToJarDebug UP-TO-DATE
> Task :engine-formats:processDebugJavaRes UP-TO-DATE
> Task :engine-formats:bundleLibRuntimeToDirDebug UP-TO-DATE
> Task :engine-formats:configureCMakeDebug[armeabi-v7a]
> Task :core-domain:kspDebugKotlin UP-TO-DATE
> Task :app:processDebugResources UP-TO-DATE
> Task :app:javaPreCompileDebug UP-TO-DATE
> Task :app:generateDebugAssets UP-TO-DATE
> Task :engine-rendering:kspDebugKotlin UP-TO-DATE
> Task :engine-formats:buildCMakeDebug[armeabi-v7a]
> Task :core-domain:compileDebugKotlin UP-TO-DATE
> Task :core-domain:compileDebugJavaWithJavac UP-TO-DATE
> Task :engine-formats:configureCMakeDebug[x86]
> Task :core-domain:transformDebugClassesWithAsm UP-TO-DATE
> Task :core-domain:bundleLibCompileToJarDebug UP-TO-DATE
> Task :core-domain:bundleLibRuntimeToJarDebug UP-TO-DATE
> Task :core-domain:processDebugJavaRes UP-TO-DATE
> Task :engine-rendering:compileDebugKotlin UP-TO-DATE
> Task :core-domain:bundleLibRuntimeToDirDebug UP-TO-DATE
> Task :engine-rendering:compileDebugJavaWithJavac UP-TO-DATE
> Task :app:mergeDebugAssets UP-TO-DATE
> Task :engine-rendering:transformDebugClassesWithAsm UP-TO-DATE
> Task :engine-rendering:bundleLibCompileToJarDebug UP-TO-DATE
> Task :engine-rendering:bundleLibRuntimeToJarDebug UP-TO-DATE
> Task :engine-rendering:processDebugJavaRes UP-TO-DATE
> Task :app:compressDebugAssets UP-TO-DATE
> Task :app:generateDebugGlobalSynthetics UP-TO-DATE
> Task :engine-rendering:bundleLibRuntimeToDirDebug UP-TO-DATE
> Task :engine-formats:buildCMakeDebug[x86]
> Task :app:l8DexDesugarLibDebug UP-TO-DATE
> Task :engine-formats:configureCMakeDebug[x86_64]
> Task :app:checkDebugDuplicateClasses UP-TO-DATE
> Task :app:desugarDebugFileDependencies UP-TO-DATE
> Task :engine-formats:buildCMakeDebug[x86_64]
> Task :engine-formats:mergeDebugJniLibFolders UP-TO-DATE
> Task :engine-formats:mergeDebugNativeLibs UP-TO-DATE
> Task :core-ui:kspDebugKotlin UP-TO-DATE
> Task :engine-formats:copyDebugJniLibsProjectOnly UP-TO-DATE
> Task :app:mergeExtDexDebug UP-TO-DATE
> Task :core-ui:compileDebugKotlin UP-TO-DATE
> Task :app:mergeDebugJniLibFolders UP-TO-DATE
> Task :core-ui:compileDebugJavaWithJavac UP-TO-DATE
> Task :core-ui:transformDebugClassesWithAsm UP-TO-DATE
> Task :core-ui:bundleLibCompileToJarDebug UP-TO-DATE
> Task :core-ui:bundleLibRuntimeToJarDebug UP-TO-DATE
> Task :core-ui:processDebugJavaRes UP-TO-DATE
> Task :core-ui:bundleLibRuntimeToDirDebug UP-TO-DATE
> Task :app:mergeDebugNativeLibs UP-TO-DATE
> Task :app:stripDebugDebugSymbols UP-TO-DATE
> Task :app:validateSigningDebug UP-TO-DATE
> Task :app:writeDebugAppMetadata UP-TO-DATE
> Task :app:writeDebugSigningConfigVersions UP-TO-DATE
> Task :feature-onboarding:kspDebugKotlin UP-TO-DATE
> Task :feature-reader:kspDebugKotlin UP-TO-DATE
> Task :feature-library:kspDebugKotlin UP-TO-DATE
> Task :feature-ocr:kspDebugKotlin UP-TO-DATE
> Task :feature-onboarding:compileDebugKotlin UP-TO-DATE
> Task :feature-onboarding:compileDebugJavaWithJavac UP-TO-DATE
> Task :feature-onboarding:transformDebugClassesWithAsm UP-TO-DATE
> Task :feature-library:compileDebugKotlin UP-TO-DATE
> Task :feature-onboarding:bundleLibCompileToJarDebug UP-TO-DATE
> Task :feature-reader:compileDebugKotlin UP-TO-DATE
> Task :feature-onboarding:processDebugJavaRes UP-TO-DATE
> Task :feature-onboarding:bundleLibRuntimeToDirDebug UP-TO-DATE
> Task :feature-library:compileDebugJavaWithJavac UP-TO-DATE
> Task :feature-onboarding:bundleLibRuntimeToJarDebug UP-TO-DATE
> Task :feature-reader:compileDebugJavaWithJavac UP-TO-DATE
> Task :feature-ocr:compileDebugKotlin UP-TO-DATE
> Task :feature-ocr:compileDebugJavaWithJavac UP-TO-DATE
> Task :feature-library:transformDebugClassesWithAsm UP-TO-DATE
> Task :feature-library:bundleLibCompileToJarDebug UP-TO-DATE
> Task :feature-reader:transformDebugClassesWithAsm UP-TO-DATE
> Task :feature-reader:bundleLibCompileToJarDebug UP-TO-DATE
> Task :feature-library:processDebugJavaRes UP-TO-DATE
> Task :feature-reader:bundleLibRuntimeToJarDebug UP-TO-DATE
> Task :feature-reader:processDebugJavaRes UP-TO-DATE
> Task :feature-ocr:transformDebugClassesWithAsm UP-TO-DATE
> Task :feature-ocr:bundleLibCompileToJarDebug UP-TO-DATE
> Task :feature-ocr:processDebugJavaRes UP-TO-DATE
> Task :feature-library:bundleLibRuntimeToDirDebug UP-TO-DATE
> Task :feature-library:bundleLibRuntimeToJarDebug UP-TO-DATE
> Task :feature-ocr:bundleLibRuntimeToDirDebug UP-TO-DATE
> Task :feature-reader:bundleLibRuntimeToDirDebug UP-TO-DATE
> Task :feature-ocr:bundleLibRuntimeToJarDebug UP-TO-DATE
> Task :feature-settings:kspDebugKotlin UP-TO-DATE
> Task :feature-settings:compileDebugKotlin UP-TO-DATE
> Task :feature-settings:compileDebugJavaWithJavac UP-TO-DATE
> Task :feature-settings:transformDebugClassesWithAsm UP-TO-DATE
> Task :feature-settings:bundleLibCompileToJarDebug UP-TO-DATE
> Task :feature-settings:processDebugJavaRes UP-TO-DATE
> Task :feature-settings:bundleLibRuntimeToDirDebug UP-TO-DATE
> Task :feature-settings:bundleLibRuntimeToJarDebug UP-TO-DATE
> Task :app:kspDebugKotlin UP-TO-DATE
> Task :app:compileDebugKotlin UP-TO-DATE
> Task :app:compileDebugJavaWithJavac UP-TO-DATE
> Task :app:processDebugJavaRes UP-TO-DATE
> Task :app:mergeDebugJavaResource UP-TO-DATE
> Task :app:mergeLibDexDebug UP-TO-DATE
> Task :app:hiltSyncDebug UP-TO-DATE
> Task :app:hiltAggregateDepsDebug UP-TO-DATE
> Task :app:hiltJavaCompileDebug UP-TO-DATE
> Task :app:transformDebugClassesWithAsm UP-TO-DATE
> Task :app:dexBuilderDebug UP-TO-DATE
> Task :app:mergeProjectDexDebug UP-TO-DATE
> Task :app:packageDebug UP-TO-DATE
> Task :app:createDebugApkListingFileRedirect UP-TO-DATE
> Task :app:assembleDebug UP-TO-DATE

BUILD SUCCESSFUL in 40s
323 actionable tasks: 8 executed, 315 up-to-date
Consider enabling configuration cache to speed up this build: https://docs.gradle.org/9.4.1/userguide/configuration_cache_enabling.html
