To honour the JVM settings for this build a single-use Daemon process will be forked. For more on this, please refer to https://docs.gradle.org/9.4.1/userguide/gradle_daemon.html#sec:disabling_the_daemon in the Gradle documentation.
Daemon will be stopped at the end of the build 

> Configure project :app
WARNING: The option setting 'android.usesSdkInManifest.disallowed=false' is deprecated.
The current default is 'true'.
It will be removed in version 10.0 of the Android Gradle plugin.
WARNING: The option setting 'android.sdk.defaultTargetSdkToCompileSdkIfUnset=false' is deprecated.
The current default is 'true'.
It will be removed in version 10.0 of the Android Gradle plugin.
WARNING: The option setting 'android.enableAppCompileTimeRClass=false' is deprecated.
The current default is 'true'.
It will be removed in version 10.0 of the Android Gradle plugin.
WARNING: The option setting 'android.builtInKotlin=false' is deprecated.
The current default is 'true'.
It will be removed in version 10.0 of the Android Gradle plugin.
WARNING: The option setting 'android.newDsl=false' is deprecated.
The current default is 'true'.
It will be removed in version 10.0 of the Android Gradle plugin.
WARNING: The option setting 'android.r8.optimizedResourceShrinking=false' is deprecated.
The current default is 'true'.
It will be removed in version 10.0 of the Android Gradle plugin.
WARNING: The option setting 'android.defaults.buildfeatures.resvalues=true' is deprecated.
The current default is 'false'.
It will be removed in version 10.0 of the Android Gradle plugin.
WARNING: API 'applicationVariants' is obsolete and has been replaced with 'AndroidComponentsExtension'.
It will be removed in version 10.0 of the Android Gradle plugin.
The legacy variant API is disabled by default in AGP 9.0, but can be re-enabled by adding 
    android.newDsl=false
to this project's gradle.properties file.
For more information, see http://developer.android.com/build/r/new-dsl.

To determine what is calling applicationVariants, use -Pandroid.debug.obsoleteApi=true on the command line to display more information.
WARNING: API 'testVariants' is obsolete and has been replaced with 'AndroidComponentsExtension'.
It will be removed in version 10.0 of the Android Gradle plugin.
The legacy variant API is disabled by default in AGP 9.0, but can be re-enabled by adding 
    android.newDsl=false
to this project's gradle.properties file.
For more information, see http://developer.android.com/build/r/new-dsl.

To determine what is calling testVariants, use -Pandroid.debug.obsoleteApi=true on the command line to display more information.
WARNING: API 'unitTestVariants' is obsolete and has been replaced with 'AndroidComponentsExtension'.
It will be removed in version 10.0 of the Android Gradle plugin.
The legacy variant API is disabled by default in AGP 9.0, but can be re-enabled by adding 
    android.newDsl=false
to this project's gradle.properties file.
For more information, see http://developer.android.com/build/r/new-dsl.

To determine what is calling unitTestVariants, use -Pandroid.debug.obsoleteApi=true on the command line to display more information.
WARNING: The property android.dependency.excludeLibraryComponentsFromConstraints improves project import performance for very large projects. It should be enabled to improve performance.
To suppress this warning, add android.generateSyncIssueWhenLibraryConstraintsAreEnabled=false to gradle.properties
WARNING: The property android.dependency.excludeLibraryComponentsFromConstraints improves project import performance for very large projects. It should be enabled to improve performance.
To suppress this warning, add android.generateSyncIssueWhenLibraryConstraintsAreEnabled=false to gradle.properties
WARNING: The property android.dependency.excludeLibraryComponentsFromConstraints improves project import performance for very large projects. It should be enabled to improve performance.
To suppress this warning, add android.generateSyncIssueWhenLibraryConstraintsAreEnabled=false to gradle.properties
WARNING: The property android.dependency.excludeLibraryComponentsFromConstraints improves project import performance for very large projects. It should be enabled to improve performance.
To suppress this warning, add android.generateSyncIssueWhenLibraryConstraintsAreEnabled=false to gradle.properties

> Configure project :core-data
WARNING: API 'libraryVariants' is obsolete and has been replaced with 'AndroidComponentsExtension'.
It will be removed in version 10.0 of the Android Gradle plugin.
The legacy variant API is disabled by default in AGP 9.0, but can be re-enabled by adding 
    android.newDsl=false
to this project's gradle.properties file.
For more information, see http://developer.android.com/build/r/new-dsl.

To determine what is calling libraryVariants, use -Pandroid.debug.obsoleteApi=true on the command line to display more information.
WARNING: The property android.dependency.excludeLibraryComponentsFromConstraints improves project import performance for very large projects. It should be enabled to improve performance.
To suppress this warning, add android.generateSyncIssueWhenLibraryConstraintsAreEnabled=false to gradle.properties
WARNING: The property android.dependency.excludeLibraryComponentsFromConstraints improves project import performance for very large projects. It should be enabled to improve performance.
To suppress this warning, add android.generateSyncIssueWhenLibraryConstraintsAreEnabled=false to gradle.properties
WARNING: The property android.dependency.excludeLibraryComponentsFromConstraints improves project import performance for very large projects. It should be enabled to improve performance.
To suppress this warning, add android.generateSyncIssueWhenLibraryConstraintsAreEnabled=false to gradle.properties
WARNING: The property android.dependency.excludeLibraryComponentsFromConstraints improves project import performance for very large projects. It should be enabled to improve performance.
To suppress this warning, add android.generateSyncIssueWhenLibraryConstraintsAreEnabled=false to gradle.properties

> Configure project :core-domain
WARNING: The property android.dependency.excludeLibraryComponentsFromConstraints improves project import performance for very large projects. It should be enabled to improve performance.
To suppress this warning, add android.generateSyncIssueWhenLibraryConstraintsAreEnabled=false to gradle.properties
WARNING: The property android.dependency.excludeLibraryComponentsFromConstraints improves project import performance for very large projects. It should be enabled to improve performance.
To suppress this warning, add android.generateSyncIssueWhenLibraryConstraintsAreEnabled=false to gradle.properties
WARNING: The property android.dependency.excludeLibraryComponentsFromConstraints improves project import performance for very large projects. It should be enabled to improve performance.
To suppress this warning, add android.generateSyncIssueWhenLibraryConstraintsAreEnabled=false to gradle.properties
WARNING: The property android.dependency.excludeLibraryComponentsFromConstraints improves project import performance for very large projects. It should be enabled to improve performance.
To suppress this warning, add android.generateSyncIssueWhenLibraryConstraintsAreEnabled=false to gradle.properties

> Configure project :core-model
WARNING: The property android.dependency.excludeLibraryComponentsFromConstraints improves project import performance for very large projects. It should be enabled to improve performance.
To suppress this warning, add android.generateSyncIssueWhenLibraryConstraintsAreEnabled=false to gradle.properties
WARNING: The property android.dependency.excludeLibraryComponentsFromConstraints improves project import performance for very large projects. It should be enabled to improve performance.
To suppress this warning, add android.generateSyncIssueWhenLibraryConstraintsAreEnabled=false to gradle.properties
WARNING: The property android.dependency.excludeLibraryComponentsFromConstraints improves project import performance for very large projects. It should be enabled to improve performance.
To suppress this warning, add android.generateSyncIssueWhenLibraryConstraintsAreEnabled=false to gradle.properties
WARNING: The property android.dependency.excludeLibraryComponentsFromConstraints improves project import performance for very large projects. It should be enabled to improve performance.
To suppress this warning, add android.generateSyncIssueWhenLibraryConstraintsAreEnabled=false to gradle.properties

> Configure project :core-ui
WARNING: The property android.dependency.excludeLibraryComponentsFromConstraints improves project import performance for very large projects. It should be enabled to improve performance.
To suppress this warning, add android.generateSyncIssueWhenLibraryConstraintsAreEnabled=false to gradle.properties
WARNING: The property android.dependency.excludeLibraryComponentsFromConstraints improves project import performance for very large projects. It should be enabled to improve performance.
To suppress this warning, add android.generateSyncIssueWhenLibraryConstraintsAreEnabled=false to gradle.properties
WARNING: The property android.dependency.excludeLibraryComponentsFromConstraints improves project import performance for very large projects. It should be enabled to improve performance.
To suppress this warning, add android.generateSyncIssueWhenLibraryConstraintsAreEnabled=false to gradle.properties
WARNING: The property android.dependency.excludeLibraryComponentsFromConstraints improves project import performance for very large projects. It should be enabled to improve performance.
To suppress this warning, add android.generateSyncIssueWhenLibraryConstraintsAreEnabled=false to gradle.properties

> Configure project :engine-api
WARNING: The property android.dependency.excludeLibraryComponentsFromConstraints improves project import performance for very large projects. It should be enabled to improve performance.
To suppress this warning, add android.generateSyncIssueWhenLibraryConstraintsAreEnabled=false to gradle.properties
WARNING: The property android.dependency.excludeLibraryComponentsFromConstraints improves project import performance for very large projects. It should be enabled to improve performance.
To suppress this warning, add android.generateSyncIssueWhenLibraryConstraintsAreEnabled=false to gradle.properties
WARNING: The property android.dependency.excludeLibraryComponentsFromConstraints improves project import performance for very large projects. It should be enabled to improve performance.
To suppress this warning, add android.generateSyncIssueWhenLibraryConstraintsAreEnabled=false to gradle.properties
WARNING: The property android.dependency.excludeLibraryComponentsFromConstraints improves project import performance for very large projects. It should be enabled to improve performance.
To suppress this warning, add android.generateSyncIssueWhenLibraryConstraintsAreEnabled=false to gradle.properties

> Configure project :engine-epub-readium
WARNING: The property android.dependency.excludeLibraryComponentsFromConstraints improves project import performance for very large projects. It should be enabled to improve performance.
To suppress this warning, add android.generateSyncIssueWhenLibraryConstraintsAreEnabled=false to gradle.properties
WARNING: The property android.dependency.excludeLibraryComponentsFromConstraints improves project import performance for very large projects. It should be enabled to improve performance.
To suppress this warning, add android.generateSyncIssueWhenLibraryConstraintsAreEnabled=false to gradle.properties
WARNING: The property android.dependency.excludeLibraryComponentsFromConstraints improves project import performance for very large projects. It should be enabled to improve performance.
To suppress this warning, add android.generateSyncIssueWhenLibraryConstraintsAreEnabled=false to gradle.properties
WARNING: The property android.dependency.excludeLibraryComponentsFromConstraints improves project import performance for very large projects. It should be enabled to improve performance.
To suppress this warning, add android.generateSyncIssueWhenLibraryConstraintsAreEnabled=false to gradle.properties

> Configure project :engine-formats
WARNING: The property android.dependency.excludeLibraryComponentsFromConstraints improves project import performance for very large projects. It should be enabled to improve performance.
To suppress this warning, add android.generateSyncIssueWhenLibraryConstraintsAreEnabled=false to gradle.properties
WARNING: The property android.dependency.excludeLibraryComponentsFromConstraints improves project import performance for very large projects. It should be enabled to improve performance.
To suppress this warning, add android.generateSyncIssueWhenLibraryConstraintsAreEnabled=false to gradle.properties
WARNING: The property android.dependency.excludeLibraryComponentsFromConstraints improves project import performance for very large projects. It should be enabled to improve performance.
To suppress this warning, add android.generateSyncIssueWhenLibraryConstraintsAreEnabled=false to gradle.properties
WARNING: The property android.dependency.excludeLibraryComponentsFromConstraints improves project import performance for very large projects. It should be enabled to improve performance.
To suppress this warning, add android.generateSyncIssueWhenLibraryConstraintsAreEnabled=false to gradle.properties

> Configure project :engine-registry
WARNING: The property android.dependency.excludeLibraryComponentsFromConstraints improves project import performance for very large projects. It should be enabled to improve performance.
To suppress this warning, add android.generateSyncIssueWhenLibraryConstraintsAreEnabled=false to gradle.properties
WARNING: The property android.dependency.excludeLibraryComponentsFromConstraints improves project import performance for very large projects. It should be enabled to improve performance.
To suppress this warning, add android.generateSyncIssueWhenLibraryConstraintsAreEnabled=false to gradle.properties
WARNING: The property android.dependency.excludeLibraryComponentsFromConstraints improves project import performance for very large projects. It should be enabled to improve performance.
To suppress this warning, add android.generateSyncIssueWhenLibraryConstraintsAreEnabled=false to gradle.properties
WARNING: The property android.dependency.excludeLibraryComponentsFromConstraints improves project import performance for very large projects. It should be enabled to improve performance.
To suppress this warning, add android.generateSyncIssueWhenLibraryConstraintsAreEnabled=false to gradle.properties

> Configure project :engine-rendering
WARNING: The property android.dependency.excludeLibraryComponentsFromConstraints improves project import performance for very large projects. It should be enabled to improve performance.
To suppress this warning, add android.generateSyncIssueWhenLibraryConstraintsAreEnabled=false to gradle.properties
WARNING: The property android.dependency.excludeLibraryComponentsFromConstraints improves project import performance for very large projects. It should be enabled to improve performance.
To suppress this warning, add android.generateSyncIssueWhenLibraryConstraintsAreEnabled=false to gradle.properties
WARNING: The property android.dependency.excludeLibraryComponentsFromConstraints improves project import performance for very large projects. It should be enabled to improve performance.
To suppress this warning, add android.generateSyncIssueWhenLibraryConstraintsAreEnabled=false to gradle.properties
WARNING: The property android.dependency.excludeLibraryComponentsFromConstraints improves project import performance for very large projects. It should be enabled to improve performance.
To suppress this warning, add android.generateSyncIssueWhenLibraryConstraintsAreEnabled=false to gradle.properties

> Configure project :feature-library
WARNING: The property android.dependency.excludeLibraryComponentsFromConstraints improves project import performance for very large projects. It should be enabled to improve performance.
To suppress this warning, add android.generateSyncIssueWhenLibraryConstraintsAreEnabled=false to gradle.properties
WARNING: The property android.dependency.excludeLibraryComponentsFromConstraints improves project import performance for very large projects. It should be enabled to improve performance.
To suppress this warning, add android.generateSyncIssueWhenLibraryConstraintsAreEnabled=false to gradle.properties
WARNING: The property android.dependency.excludeLibraryComponentsFromConstraints improves project import performance for very large projects. It should be enabled to improve performance.
To suppress this warning, add android.generateSyncIssueWhenLibraryConstraintsAreEnabled=false to gradle.properties
WARNING: The property android.dependency.excludeLibraryComponentsFromConstraints improves project import performance for very large projects. It should be enabled to improve performance.
To suppress this warning, add android.generateSyncIssueWhenLibraryConstraintsAreEnabled=false to gradle.properties

> Configure project :feature-ocr
WARNING: The property android.dependency.excludeLibraryComponentsFromConstraints improves project import performance for very large projects. It should be enabled to improve performance.
To suppress this warning, add android.generateSyncIssueWhenLibraryConstraintsAreEnabled=false to gradle.properties
WARNING: The property android.dependency.excludeLibraryComponentsFromConstraints improves project import performance for very large projects. It should be enabled to improve performance.
To suppress this warning, add android.generateSyncIssueWhenLibraryConstraintsAreEnabled=false to gradle.properties
WARNING: The property android.dependency.excludeLibraryComponentsFromConstraints improves project import performance for very large projects. It should be enabled to improve performance.
To suppress this warning, add android.generateSyncIssueWhenLibraryConstraintsAreEnabled=false to gradle.properties
WARNING: The property android.dependency.excludeLibraryComponentsFromConstraints improves project import performance for very large projects. It should be enabled to improve performance.
To suppress this warning, add android.generateSyncIssueWhenLibraryConstraintsAreEnabled=false to gradle.properties

> Configure project :feature-onboarding
WARNING: The property android.dependency.excludeLibraryComponentsFromConstraints improves project import performance for very large projects. It should be enabled to improve performance.
To suppress this warning, add android.generateSyncIssueWhenLibraryConstraintsAreEnabled=false to gradle.properties
WARNING: The property android.dependency.excludeLibraryComponentsFromConstraints improves project import performance for very large projects. It should be enabled to improve performance.
To suppress this warning, add android.generateSyncIssueWhenLibraryConstraintsAreEnabled=false to gradle.properties
WARNING: The property android.dependency.excludeLibraryComponentsFromConstraints improves project import performance for very large projects. It should be enabled to improve performance.
To suppress this warning, add android.generateSyncIssueWhenLibraryConstraintsAreEnabled=false to gradle.properties
WARNING: The property android.dependency.excludeLibraryComponentsFromConstraints improves project import performance for very large projects. It should be enabled to improve performance.
To suppress this warning, add android.generateSyncIssueWhenLibraryConstraintsAreEnabled=false to gradle.properties

> Configure project :feature-reader
WARNING: The property android.dependency.excludeLibraryComponentsFromConstraints improves project import performance for very large projects. It should be enabled to improve performance.
To suppress this warning, add android.generateSyncIssueWhenLibraryConstraintsAreEnabled=false to gradle.properties
WARNING: The property android.dependency.excludeLibraryComponentsFromConstraints improves project import performance for very large projects. It should be enabled to improve performance.
To suppress this warning, add android.generateSyncIssueWhenLibraryConstraintsAreEnabled=false to gradle.properties
WARNING: The property android.dependency.excludeLibraryComponentsFromConstraints improves project import performance for very large projects. It should be enabled to improve performance.
To suppress this warning, add android.generateSyncIssueWhenLibraryConstraintsAreEnabled=false to gradle.properties
WARNING: The property android.dependency.excludeLibraryComponentsFromConstraints improves project import performance for very large projects. It should be enabled to improve performance.
To suppress this warning, add android.generateSyncIssueWhenLibraryConstraintsAreEnabled=false to gradle.properties

> Configure project :feature-settings
WARNING: The property android.dependency.excludeLibraryComponentsFromConstraints improves project import performance for very large projects. It should be enabled to improve performance.
To suppress this warning, add android.generateSyncIssueWhenLibraryConstraintsAreEnabled=false to gradle.properties
WARNING: The property android.dependency.excludeLibraryComponentsFromConstraints improves project import performance for very large projects. It should be enabled to improve performance.
To suppress this warning, add android.generateSyncIssueWhenLibraryConstraintsAreEnabled=false to gradle.properties
WARNING: The property android.dependency.excludeLibraryComponentsFromConstraints improves project import performance for very large projects. It should be enabled to improve performance.
To suppress this warning, add android.generateSyncIssueWhenLibraryConstraintsAreEnabled=false to gradle.properties
WARNING: The property android.dependency.excludeLibraryComponentsFromConstraints improves project import performance for very large projects. It should be enabled to improve performance.
To suppress this warning, add android.generateSyncIssueWhenLibraryConstraintsAreEnabled=false to gradle.properties

> Task :feature-ocr:preBuild UP-TO-DATE
> Task :engine-formats:preBuild UP-TO-DATE
> Task :engine-api:preBuild UP-TO-DATE
> Task :core-domain:preBuild UP-TO-DATE
> Task :feature-reader:preBuild UP-TO-DATE
> Task :core-data:preBuild UP-TO-DATE
> Task :feature-onboarding:preBuild UP-TO-DATE
> Task :core-model:preBuild UP-TO-DATE
> Task :core-ui:preBuild UP-TO-DATE
> Task :feature-library:preBuild UP-TO-DATE
> Task :engine-rendering:preBuild UP-TO-DATE
> Task :engine-rendering:preDebugBuild UP-TO-DATE
> Task :feature-ocr:preDebugBuild UP-TO-DATE
> Task :feature-onboarding:preDebugBuild UP-TO-DATE
> Task :core-data:preDebugBuild UP-TO-DATE
> Task :engine-api:preDebugBuild UP-TO-DATE
> Task :core-model:preDebugBuild UP-TO-DATE
> Task :core-domain:preDebugBuild UP-TO-DATE
> Task :feature-library:preDebugBuild UP-TO-DATE
> Task :feature-reader:preDebugBuild UP-TO-DATE
> Task :engine-formats:preDebugBuild UP-TO-DATE
> Task :core-ui:preDebugBuild UP-TO-DATE
> Task :core-domain:writeDebugAarMetadata
> Task :core-model:writeDebugAarMetadata
> Task :engine-rendering:writeDebugAarMetadata
> Task :feature-reader:writeDebugAarMetadata
> Task :core-ui:writeDebugAarMetadata
> Task :core-data:writeDebugAarMetadata
> Task :engine-api:writeDebugAarMetadata
> Task :engine-formats:writeDebugAarMetadata
> Task :feature-onboarding:writeDebugAarMetadata
> Task :feature-ocr:writeDebugAarMetadata
> Task :feature-library:writeDebugAarMetadata
> Task :feature-settings:preBuild UP-TO-DATE
> Task :feature-settings:preDebugBuild UP-TO-DATE
> Task :feature-settings:writeDebugAarMetadata
> Task :engine-api:processDebugNavigationResources UP-TO-DATE
> Task :feature-reader:processDebugNavigationResources UP-TO-DATE
> Task :engine-rendering:processDebugNavigationResources UP-TO-DATE
> Task :engine-formats:processDebugNavigationResources UP-TO-DATE
> Task :core-model:processDebugNavigationResources UP-TO-DATE
> Task :core-data:processDebugNavigationResources UP-TO-DATE
> Task :core-domain:processDebugNavigationResources UP-TO-DATE
> Task :core-ui:processDebugNavigationResources UP-TO-DATE
> Task :core-ui:generateDebugResValues UP-TO-DATE
> Task :engine-api:generateDebugResValues UP-TO-DATE
> Task :core-domain:generateDebugResValues UP-TO-DATE
> Task :core-model:generateDebugResValues UP-TO-DATE
> Task :engine-rendering:generateDebugResValues UP-TO-DATE
> Task :core-data:generateDebugResValues UP-TO-DATE
> Task :engine-formats:generateDebugResValues UP-TO-DATE
> Task :engine-api:generateDebugResources UP-TO-DATE
> Task :core-domain:generateDebugResources UP-TO-DATE
> Task :core-ui:generateDebugResources UP-TO-DATE
> Task :core-model:generateDebugResources UP-TO-DATE
> Task :core-data:generateDebugResources UP-TO-DATE
> Task :engine-formats:generateDebugResources UP-TO-DATE
> Task :engine-rendering:generateDebugResources UP-TO-DATE
> Task :feature-ocr:processDebugNavigationResources FROM-CACHE
> Task :feature-onboarding:processDebugNavigationResources FROM-CACHE
> Task :feature-library:processDebugNavigationResources FROM-CACHE
> Task :engine-api:packageDebugResources UP-TO-DATE
> Task :core-data:packageDebugResources UP-TO-DATE
> Task :core-ui:packageDebugResources UP-TO-DATE
> Task :engine-formats:packageDebugResources UP-TO-DATE
> Task :core-model:packageDebugResources UP-TO-DATE
> Task :core-domain:packageDebugResources UP-TO-DATE
> Task :engine-rendering:packageDebugResources UP-TO-DATE
> Task :feature-library:generateDebugResValues FROM-CACHE
> Task :feature-reader:generateDebugResValues UP-TO-DATE
> Task :feature-ocr:generateDebugResValues FROM-CACHE
> Task :feature-onboarding:generateDebugResValues FROM-CACHE
> Task :feature-settings:processDebugNavigationResources
> Task :feature-library:generateDebugResources FROM-CACHE
> Task :feature-reader:generateDebugResources UP-TO-DATE
> Task :feature-settings:generateDebugResValues FROM-CACHE
> Task :feature-ocr:generateDebugResources FROM-CACHE
> Task :feature-reader:packageDebugResources UP-TO-DATE
> Task :engine-api:extractDeepLinksDebug
> Task :core-data:extractDeepLinksDebug
> Task :core-model:extractDeepLinksDebug FROM-CACHE
> Task :core-ui:extractDeepLinksDebug
> Task :engine-rendering:extractDeepLinksDebug FROM-CACHE
> Task :feature-onboarding:generateDebugResources FROM-CACHE
> Task :engine-formats:extractDeepLinksDebug
> Task :feature-settings:generateDebugResources
> Task :core-domain:extractDeepLinksDebug
> Task :feature-library:packageDebugResources
> Task :feature-ocr:packageDebugResources
> Task :feature-onboarding:packageDebugResources
> Task :feature-ocr:extractDeepLinksDebug FROM-CACHE
> Task :feature-library:extractDeepLinksDebug FROM-CACHE
> Task :feature-onboarding:extractDeepLinksDebug FROM-CACHE
> Task :feature-settings:packageDebugResources
> Task :feature-reader:extractDeepLinksDebug FROM-CACHE
> Task :feature-ocr:processDebugManifest
> Task :core-ui:processDebugManifest
> Task :engine-api:processDebugManifest
> Task :feature-library:processDebugManifest
> Task :engine-rendering:processDebugManifest
> Task :core-data:processDebugManifest
> Task :core-domain:processDebugManifest
> Task :core-model:processDebugManifest
> Task :feature-onboarding:processDebugManifest
> Task :engine-formats:processDebugManifest
> Task :engine-formats:mapDebugSourceSetPaths
> Task :feature-settings:extractDeepLinksDebug FROM-CACHE
> Task :core-ui:mapDebugSourceSetPaths
> Task :core-data:mapDebugSourceSetPaths
> Task :core-model:mapDebugSourceSetPaths
> Task :core-domain:mapDebugSourceSetPaths
> Task :feature-library:mapDebugSourceSetPaths
> Task :feature-reader:processDebugManifest
> Task :engine-api:mapDebugSourceSetPaths
> Task :feature-ocr:mapDebugSourceSetPaths
> Task :engine-rendering:mapDebugSourceSetPaths
> Task :feature-onboarding:mapDebugSourceSetPaths
> Task :engine-rendering:parseDebugLocalResources UP-TO-DATE
> Task :engine-rendering:generateDebugRFile UP-TO-DATE
> Task :feature-reader:mapDebugSourceSetPaths
> Task :feature-onboarding:parseDebugLocalResources FROM-CACHE
> Task :feature-reader:parseDebugLocalResources UP-TO-DATE
> Task :feature-settings:processDebugManifest
> Task :feature-reader:generateDebugRFile UP-TO-DATE
> Task :engine-rendering:checkKotlinGradlePluginConfigurationErrors SKIPPED
> Task :feature-settings:mapDebugSourceSetPaths
> Task :engine-rendering:javaPreCompileDebug UP-TO-DATE
> Task :feature-onboarding:checkKotlinGradlePluginConfigurationErrors SKIPPED
> Task :feature-onboarding:javaPreCompileDebug FROM-CACHE
> Task :feature-reader:checkKotlinGradlePluginConfigurationErrors SKIPPED
> Task :feature-settings:parseDebugLocalResources
> Task :feature-onboarding:generateDebugRFile
> Task :feature-settings:checkKotlinGradlePluginConfigurationErrors SKIPPED
> Task :feature-reader:javaPreCompileDebug FROM-CACHE
> Task :engine-rendering:generateDebugAssets UP-TO-DATE
> Task :feature-settings:generateDebugRFile
> Task :feature-onboarding:generateDebugAssets UP-TO-DATE
> Task :feature-settings:javaPreCompileDebug FROM-CACHE
> Task :feature-reader:generateDebugAssets UP-TO-DATE
> Task :engine-rendering:mergeDebugAssets
> Task :feature-onboarding:mergeDebugAssets
> Task :feature-settings:generateDebugAssets UP-TO-DATE
> Task :feature-reader:mergeDebugAssets
> Task :engine-rendering:mergeDebugJniLibFolders
> Task :feature-settings:mergeDebugAssets
> Task :feature-onboarding:mergeDebugJniLibFolders
> Task :engine-rendering:mergeDebugNativeLibs NO-SOURCE
> Task :feature-onboarding:mergeDebugNativeLibs NO-SOURCE
> Task :feature-reader:mergeDebugJniLibFolders
> Task :engine-rendering:copyDebugJniLibsProjectOnly
> Task :feature-reader:mergeDebugNativeLibs NO-SOURCE
> Task :feature-onboarding:copyDebugJniLibsProjectOnly
> Task :feature-reader:copyDebugJniLibsProjectOnly
> Task :feature-settings:mergeDebugJniLibFolders
> Task :feature-settings:mergeDebugNativeLibs NO-SOURCE
> Task :feature-settings:copyDebugJniLibsProjectOnly
> Task :core-model:parseDebugLocalResources UP-TO-DATE
> Task :core-domain:parseDebugLocalResources UP-TO-DATE
> Task :core-data:parseDebugLocalResources UP-TO-DATE
> Task :core-data:generateDebugRFile UP-TO-DATE
> Task :engine-formats:compileDebugLibraryResources
> Task :core-domain:generateDebugRFile UP-TO-DATE
> Task :core-model:compileDebugLibraryResources
> Task :core-model:generateDebugRFile UP-TO-DATE
> Task :feature-library:compileDebugLibraryResources
> Task :core-domain:compileDebugLibraryResources
> Task :core-ui:parseDebugLocalResources UP-TO-DATE
> Task :engine-api:parseDebugLocalResources UP-TO-DATE
> Task :engine-api:compileDebugLibraryResources
> Task :core-data:compileDebugLibraryResources
> Task :feature-ocr:compileDebugLibraryResources
> Task :core-data:checkKotlinGradlePluginConfigurationErrors SKIPPED
> Task :engine-formats:parseDebugLocalResources UP-TO-DATE
> Task :core-model:checkKotlinGradlePluginConfigurationErrors SKIPPED
> Task :feature-library:parseDebugLocalResources FROM-CACHE
> Task :feature-onboarding:compileDebugLibraryResources FROM-CACHE
> Task :engine-rendering:compileDebugLibraryResources FROM-CACHE
> Task :core-domain:checkKotlinGradlePluginConfigurationErrors SKIPPED
> Task :core-ui:generateDebugRFile UP-TO-DATE
> Task :engine-api:generateDebugRFile UP-TO-DATE
> Task :core-ui:checkKotlinGradlePluginConfigurationErrors SKIPPED
> Task :engine-api:checkKotlinGradlePluginConfigurationErrors SKIPPED
> Task :engine-formats:generateDebugRFile UP-TO-DATE
> Task :engine-formats:checkKotlinGradlePluginConfigurationErrors SKIPPED
> Task :engine-api:javaPreCompileDebug UP-TO-DATE
> Task :engine-api:generateDebugAssets UP-TO-DATE
> Task :core-domain:javaPreCompileDebug UP-TO-DATE
> Task :core-data:javaPreCompileDebug UP-TO-DATE
> Task :core-domain:generateDebugAssets UP-TO-DATE
> Task :core-data:generateDebugAssets UP-TO-DATE
> Task :core-ui:javaPreCompileDebug UP-TO-DATE
> Task :core-ui:generateDebugAssets UP-TO-DATE
> Task :engine-formats:javaPreCompileDebug UP-TO-DATE
> Task :engine-formats:generateDebugAssets UP-TO-DATE
> Task :feature-ocr:parseDebugLocalResources FROM-CACHE
> Task :engine-api:mergeDebugAssets
> Task :feature-library:checkKotlinGradlePluginConfigurationErrors SKIPPED
> Task :feature-library:generateDebugRFile
> Task :feature-ocr:checkKotlinGradlePluginConfigurationErrors SKIPPED
> Task :feature-library:javaPreCompileDebug FROM-CACHE
> Task :feature-library:generateDebugAssets UP-TO-DATE
> Task :feature-ocr:javaPreCompileDebug FROM-CACHE
> Task :feature-ocr:generateDebugAssets UP-TO-DATE
> Task :core-ui:mergeDebugAssets
> Task :feature-library:mergeDebugAssets
> Task :feature-ocr:mergeDebugAssets
> Task :feature-library:mergeDebugJniLibFolders
> Task :feature-library:mergeDebugNativeLibs NO-SOURCE
> Task :feature-library:copyDebugJniLibsProjectOnly
> Task :core-data:mergeDebugAssets
> Task :engine-formats:mergeDebugAssets
> Task :engine-api:mergeDebugJniLibFolders
> Task :core-data:mergeDebugJniLibFolders
> Task :feature-ocr:mergeDebugJniLibFolders
> Task :feature-ocr:mergeDebugNativeLibs NO-SOURCE
> Task :core-data:mergeDebugNativeLibs NO-SOURCE
> Task :core-ui:mergeDebugJniLibFolders
> Task :engine-api:mergeDebugNativeLibs NO-SOURCE
> Task :core-ui:mergeDebugNativeLibs NO-SOURCE
> Task :core-data:copyDebugJniLibsProjectOnly
> Task :feature-ocr:copyDebugJniLibsProjectOnly
> Task :engine-api:copyDebugJniLibsProjectOnly
> Task :core-ui:copyDebugJniLibsProjectOnly
> Task :feature-ocr:generateDebugRFile
> Task :core-ui:compileDebugLibraryResources
> Task :feature-settings:compileDebugLibraryResources
> Task :feature-reader:compileDebugLibraryResources
> Task :core-domain:mergeDebugAssets
> Task :core-domain:mergeDebugJniLibFolders
> Task :core-domain:mergeDebugNativeLibs NO-SOURCE
> Task :core-domain:copyDebugJniLibsProjectOnly
> Task :core-model:kspDebugKotlin UP-TO-DATE
> Task :core-model:compileDebugKotlin UP-TO-DATE
> Task :core-model:javaPreCompileDebug UP-TO-DATE
> Task :core-model:compileDebugJavaWithJavac NO-SOURCE
> Task :core-model:bundleLibCompileToJarDebug UP-TO-DATE
> Task :core-model:bundleLibRuntimeToJarDebug UP-TO-DATE
> Task :core-model:generateDebugAssets UP-TO-DATE
> Task :core-model:mergeDebugAssets
> Task :engine-api:compileDebugKotlin UP-TO-DATE
> Task :core-model:processDebugJavaRes
> Task :engine-api:compileDebugJavaWithJavac NO-SOURCE
> Task :engine-api:bundleLibCompileToJarDebug UP-TO-DATE
> Task :engine-api:bundleLibRuntimeToJarDebug UP-TO-DATE
> Task :engine-api:processDebugJavaRes
> Task :core-model:mergeDebugJniLibFolders
> Task :core-model:mergeDebugNativeLibs NO-SOURCE
> Task :core-model:copyDebugJniLibsProjectOnly
> Task :engine-api:bundleLibRuntimeToDirDebug
> Task :app:preBuild UP-TO-DATE
> Task :app:preDebugBuild UP-TO-DATE
> Task :app:mergeDebugNativeDebugMetadata NO-SOURCE
> Task :app:checkKotlinGradlePluginConfigurationErrors SKIPPED
> Task :app:generateDebugBuildConfig
> Task :core-data:kspDebugKotlin UP-TO-DATE
> Task :core-data:compileDebugKotlin UP-TO-DATE
> Task :engine-formats:configureCMakeDebug[arm64-v8a]
> Task :core-data:compileDebugJavaWithJavac UP-TO-DATE
> Task :core-data:copyRoomSchemas NO-SOURCE
> Task :core-data:transformDebugClassesWithAsm UP-TO-DATE
> Task :core-data:bundleLibCompileToJarDebug UP-TO-DATE
> Task :core-data:bundleLibRuntimeToJarDebug UP-TO-DATE
> Task :core-data:processDebugJavaRes
> Task :core-model:bundleLibRuntimeToDirDebug
> Task :engine-formats:buildCMakeDebug[arm64-v8a]
> Task :engine-formats:kspDebugKotlin UP-TO-DATE
> Task :engine-formats:compileDebugKotlin UP-TO-DATE
> Task :engine-formats:compileDebugJavaWithJavac UP-TO-DATE
> Task :engine-formats:transformDebugClassesWithAsm UP-TO-DATE
> Task :engine-formats:bundleLibCompileToJarDebug UP-TO-DATE
> Task :engine-formats:bundleLibRuntimeToJarDebug UP-TO-DATE
> Task :core-domain:kspDebugKotlin UP-TO-DATE
> Task :engine-formats:processDebugJavaRes
> Task :core-domain:compileDebugKotlin UP-TO-DATE
> Task :core-domain:compileDebugJavaWithJavac UP-TO-DATE
> Task :core-domain:transformDebugClassesWithAsm UP-TO-DATE
> Task :core-domain:bundleLibCompileToJarDebug UP-TO-DATE
> Task :core-domain:bundleLibRuntimeToJarDebug UP-TO-DATE
> Task :engine-rendering:kspDebugKotlin UP-TO-DATE
> Task :core-domain:processDebugJavaRes
> Task :engine-rendering:compileDebugKotlin UP-TO-DATE
> Task :engine-rendering:compileDebugJavaWithJavac UP-TO-DATE
> Task :engine-formats:configureCMakeDebug[armeabi-v7a]
> Task :engine-rendering:transformDebugClassesWithAsm UP-TO-DATE
> Task :engine-rendering:bundleLibCompileToJarDebug UP-TO-DATE
> Task :engine-rendering:bundleLibRuntimeToJarDebug
> Task :engine-rendering:processDebugJavaRes
> Task :core-ui:kspDebugKotlin UP-TO-DATE
> Task :core-ui:compileDebugKotlin UP-TO-DATE
> Task :core-ui:compileDebugJavaWithJavac UP-TO-DATE
> Task :core-ui:transformDebugClassesWithAsm UP-TO-DATE
> Task :core-ui:bundleLibCompileToJarDebug UP-TO-DATE
> Task :core-ui:bundleLibRuntimeToJarDebug
> Task :core-data:bundleLibRuntimeToDirDebug
> Task :core-ui:processDebugJavaRes
> Task :feature-reader:kspDebugKotlin UP-TO-DATE
> Task :engine-formats:buildCMakeDebug[armeabi-v7a]
> Task :engine-rendering:bundleLibRuntimeToDirDebug
> Task :feature-reader:compileDebugKotlin UP-TO-DATE
> Task :core-ui:bundleLibRuntimeToDirDebug
> Task :engine-formats:configureCMakeDebug[x86]
> Task :engine-formats:bundleLibRuntimeToDirDebug
> Task :engine-formats:buildCMakeDebug[x86]
> Task :engine-formats:configureCMakeDebug[x86_64]
> Task :core-domain:bundleLibRuntimeToDirDebug
> Task :engine-formats:buildCMakeDebug[x86_64]
> Task :engine-formats:mergeDebugJniLibFolders
> Task :engine-formats:mergeDebugNativeLibs
> Task :engine-formats:copyDebugJniLibsProjectOnly
> Task :feature-onboarding:kspDebugKotlin
> Task :feature-reader:compileDebugJavaWithJavac
> Task :feature-reader:processDebugJavaRes
> Task :app:checkDebugAarMetadata
> Task :feature-library:kspDebugKotlin
> Task :feature-ocr:kspDebugKotlin
> Task :app:generateDebugResValues FROM-CACHE
> Task :app:mapDebugSourceSetPaths
> Task :app:processDebugNavigationResources
> Task :app:compileDebugNavigationResources
> Task :app:generateDebugResources
> Task :feature-reader:transformDebugClassesWithAsm
> Task :feature-reader:bundleLibCompileToJarDebug
> Task :feature-reader:bundleLibRuntimeToJarDebug
> Task :feature-reader:bundleLibRuntimeToDirDebug
> Task :feature-onboarding:compileDebugKotlin
> Task :app:mergeDebugResources
> Task :feature-settings:kspDebugKotlin
> Task :app:packageDebugResources
> Task :app:createDebugCompatibleScreenManifests
> Task :app:extractDeepLinksDebug
> Task :app:parseDebugLocalResources
> Task :app:processDebugMainManifest
> Task :app:processDebugManifest
> Task :app:generateDebugAssets UP-TO-DATE
> Task :app:javaPreCompileDebug
> Task :feature-library:compileDebugKotlin

> Task :feature-onboarding:compileDebugKotlin
w: file:///C:/Users/xmeta/projects/Mr.Comic_fresh_clone/android/feature-onboarding/src/main/java/com/example/feature/onboarding/OnboardingViewModel.kt:20:5 This annotation is currently applied to the value parameter only, but in the future it will also be applied to field.
- To opt in to applying to both value parameter and field, add '-Xannotation-default-target=param-property' to your compiler arguments.
- To keep applying to the value parameter only, use the '@param:' annotation target.

See https://youtrack.jetbrains.com/issue/KT-73255 for more details.

> Task :feature-onboarding:compileDebugJavaWithJavac
> Task :feature-ocr:compileDebugKotlin
> Task :feature-onboarding:processDebugJavaRes
> Task :feature-onboarding:transformDebugClassesWithAsm
> Task :feature-onboarding:bundleLibCompileToJarDebug
> Task :feature-onboarding:bundleLibRuntimeToDirDebug
> Task :feature-onboarding:bundleLibRuntimeToJarDebug

> Task :feature-ocr:compileDebugKotlin
w: file:///C:/Users/xmeta/projects/Mr.Comic_fresh_clone/android/feature-ocr/src/main/java/com/example/feature/ocr/ui/OcrViewModel.kt:138:5 This annotation is currently applied to the value parameter only, but in the future it will also be applied to field.
- To opt in to applying to both value parameter and field, add '-Xannotation-default-target=param-property' to your compiler arguments.
- To keep applying to the value parameter only, use the '@param:' annotation target.

See https://youtrack.jetbrains.com/issue/KT-73255 for more details.

> Task :app:mergeDebugAssets
> Task :feature-settings:compileDebugKotlin
> Task :app:generateDebugGlobalSynthetics
> Task :app:l8DexDesugarLibDebug
> Task :app:processDebugManifestForPackage
> Task :feature-ocr:compileDebugJavaWithJavac
> Task :app:desugarDebugFileDependencies
> Task :app:mergeDebugJniLibFolders
> Task :feature-ocr:processDebugJavaRes
> Task :app:checkDebugDuplicateClasses

> Task :feature-library:compileDebugKotlin
w: file:///C:/Users/xmeta/projects/Mr.Comic_fresh_clone/android/feature-library/src/main/java/com/example/feature/library/AudiobookPlayerScreen.kt:266:40 'val Icons.Filled.MenuBook: ImageVector' is deprecated. Use the AutoMirrored version at Icons.AutoMirrored.Filled.MenuBook.
w: file:///C:/Users/xmeta/projects/Mr.Comic_fresh_clone/android/feature-library/src/main/java/com/example/feature/library/AudiobookPlayerViewModel.kt:50:5 This annotation is currently applied to the value parameter only, but in the future it will also be applied to field.
- To opt in to applying to both value parameter and field, add '-Xannotation-default-target=param-property' to your compiler arguments.
- To keep applying to the value parameter only, use the '@param:' annotation target.

See https://youtrack.jetbrains.com/issue/KT-73255 for more details.
w: file:///C:/Users/xmeta/projects/Mr.Comic_fresh_clone/android/feature-library/src/main/java/com/example/feature/library/LibraryViewModel.kt:201:5 This annotation is currently applied to the value parameter only, but in the future it will also be applied to field.
- To opt in to applying to both value parameter and field, add '-Xannotation-default-target=param-property' to your compiler arguments.
- To keep applying to the value parameter only, use the '@param:' annotation target.

See https://youtrack.jetbrains.com/issue/KT-73255 for more details.

> Task :feature-ocr:transformDebugClassesWithAsm
> Task :feature-ocr:bundleLibCompileToJarDebug
> Task :app:mergeDebugNativeLibs
> Task :feature-ocr:bundleLibRuntimeToJarDebug

> Task :feature-settings:compileDebugKotlin
w: file:///C:/Users/xmeta/projects/Mr.Comic_fresh_clone/android/feature-settings/src/main/java/com/example/feature/settings/ui/SettingsViewModel.kt:668:5 This annotation is currently applied to the value parameter only, but in the future it will also be applied to field.
- To opt in to applying to both value parameter and field, add '-Xannotation-default-target=param-property' to your compiler arguments.
- To keep applying to the value parameter only, use the '@param:' annotation target.

See https://youtrack.jetbrains.com/issue/KT-73255 for more details.
w: file:///C:/Users/xmeta/projects/Mr.Comic_fresh_clone/android/feature-settings/src/main/java/com/example/feature/settings/ui/SettingsViewModel.kt:870:7 This declaration needs opt-in. Its usage should be marked with '@kotlinx.coroutines.ExperimentalCoroutinesApi' or '@OptIn(kotlinx.coroutines.ExperimentalCoroutinesApi::class)'
w: file:///C:/Users/xmeta/projects/Mr.Comic_fresh_clone/android/feature-settings/src/main/java/com/example/feature/settings/ui/SettingsViewModel.kt:1177:28 Type argument for reified type parameter 'T' was inferred to the intersection of ['Comparable<*>' & 'Serializable']. Reification of an intersection type results in the common supertype being used. This may lead to subtle issues and an explicit type argument is encouraged. This will become an error in a future release.

> Task :app:compressDebugAssets
> Task :feature-settings:compileDebugJavaWithJavac
> Task :feature-ocr:bundleLibRuntimeToDirDebug
> Task :feature-settings:processDebugJavaRes
> Task :app:processDebugResources
> Task :feature-library:compileDebugJavaWithJavac
> Task :app:mergeExtDexDebug
> Task :feature-settings:transformDebugClassesWithAsm
> Task :feature-library:processDebugJavaRes
> Task :feature-settings:bundleLibCompileToJarDebug
> Task :feature-settings:bundleLibRuntimeToJarDebug
> Task :feature-library:transformDebugClassesWithAsm
> Task :feature-library:bundleLibCompileToJarDebug
> Task :feature-library:bundleLibRuntimeToJarDebug
> Task :feature-settings:bundleLibRuntimeToDirDebug
> Task :feature-library:bundleLibRuntimeToDirDebug
> Task :app:validateSigningDebug
> Task :app:writeDebugAppMetadata
> Task :app:writeDebugSigningConfigVersions

> Task :app:stripDebugDebugSymbols
Unable to strip the following libraries, packaging them as they are: lib7-Zip-JBinding.so, libandroidx.graphics.path.so, libdatastore_shared_counter.so, libdjvu.so, liblanguage_id_l2c_jni.so, libmlkit_google_ocr_pipeline.so, libmrcomic_djvu.so, libtranslate_jni.so. Run with --info option to learn more.

> Task :app:mergeLibDexDebug
> Task :app:kspDebugKotlin

> Task :app:compileDebugKotlin
w: file:///C:/Users/xmeta/projects/Mr.Comic_fresh_clone/android/app/src/main/java/com/example/mrcomic/backup/AutoBackupManager.kt:36:5 This annotation is currently applied to the value parameter only, but in the future it will also be applied to field.
- To opt in to applying to both value parameter and field, add '-Xannotation-default-target=param-property' to your compiler arguments.
- To keep applying to the value parameter only, use the '@param:' annotation target.

See https://youtrack.jetbrains.com/issue/KT-73255 for more details.
w: file:///C:/Users/xmeta/projects/Mr.Comic_fresh_clone/android/app/src/main/java/com/example/mrcomic/icons/AppIconManager.kt:22:5 This annotation is currently applied to the value parameter only, but in the future it will also be applied to field.
- To opt in to applying to both value parameter and field, add '-Xannotation-default-target=param-property' to your compiler arguments.
- To keep applying to the value parameter only, use the '@param:' annotation target.

See https://youtrack.jetbrains.com/issue/KT-73255 for more details.
w: file:///C:/Users/xmeta/projects/Mr.Comic_fresh_clone/android/app/src/main/java/com/example/mrcomic/icons/AppIconSettingsViewModel.kt:24:5 This annotation is currently applied to the value parameter only, but in the future it will also be applied to field.
- To opt in to applying to both value parameter and field, add '-Xannotation-default-target=param-property' to your compiler arguments.
- To keep applying to the value parameter only, use the '@param:' annotation target.

See https://youtrack.jetbrains.com/issue/KT-73255 for more details.
w: file:///C:/Users/xmeta/projects/Mr.Comic_fresh_clone/android/app/src/main/java/com/example/mrcomic/splash/ModernSplashActivity.kt:72:9 'fun overridePendingTransition(p0: Int, p1: Int): Unit' is deprecated. Deprecated in Java.
w: file:///C:/Users/xmeta/projects/Mr.Comic_fresh_clone/android/app/src/main/java/com/example/mrcomic/splash/ModernSplashActivity.kt:78:9 'fun overridePendingTransition(p0: Int, p1: Int): Unit' is deprecated. Deprecated in Java.
w: file:///C:/Users/xmeta/projects/Mr.Comic_fresh_clone/android/app/src/main/java/com/example/mrcomic/splash/VideoSplashActivity.kt:97:9 'fun overridePendingTransition(p0: Int, p1: Int): Unit' is deprecated. Deprecated in Java.

> Task :app:compileDebugJavaWithJavac
> Task :app:processDebugJavaRes
> Task :app:hiltSyncDebug
> Task :app:hiltAggregateDepsDebug
> Task :app:mergeDebugJavaResource
> Task :app:hiltJavaCompileDebug
> Task :app:transformDebugClassesWithAsm
> Task :app:dexBuilderDebug
> Task :app:mergeProjectDexDebug
> Task :app:packageDebug
> Task :app:createDebugApkListingFileRedirect
> Task :app:assembleDebug

BUILD SUCCESSFUL in 5m 4s
323 actionable tasks: 203 executed, 28 from cache, 92 up-to-date
Consider enabling configuration cache to speed up this build: https://docs.gradle.org/9.4.1/userguide/configuration_cache_enabling.html
