Initialized native services in: C:\Users\xmeta\.gradle\native
Initialized jansi services in: C:\Users\xmeta\.gradle\native
Received JVM installation metadata from 'C:\Java': {JAVA_HOME=C:\Java, JAVA_VERSION=17.0.15, JAVA_VENDOR=Microsoft, RUNTIME_NAME=OpenJDK Runtime Environment, RUNTIME_VERSION=17.0.15+6-LTS, VM_NAME=OpenJDK 64-Bit Server VM, VM_VERSION=17.0.15+6-LTS, VM_VENDOR=Microsoft, OS_ARCH=amd64}
To honour the JVM settings for this build a single-use Daemon process will be forked. For more on this, please refer to https://docs.gradle.org/8.10/userguide/gradle_daemon.html#sec:disabling_the_daemon in the Gradle documentation.
Starting process 'Gradle build daemon'. Working directory: C:\Users\xmeta\.gradle\daemon\8.10 Command: C:\Java\bin\java.exe --add-opens=java.base/java.util=ALL-UNNAMED --add-opens=java.base/java.lang=ALL-UNNAMED --add-opens=java.base/java.lang.invoke=ALL-UNNAMED --add-opens=java.prefs/java.util.prefs=ALL-UNNAMED --add-exports=jdk.compiler/com.sun.tools.javac.api=ALL-UNNAMED --add-exports=jdk.compiler/com.sun.tools.javac.util=ALL-UNNAMED --add-opens=java.base/java.nio.charset=ALL-UNNAMED --add-opens=java.base/java.net=ALL-UNNAMED --add-opens=java.base/java.util.concurrent.atomic=ALL-UNNAMED -Xmx1536M -Dfile.encoding=windows-1251 -Duser.country=RU -Duser.language=ru -Duser.variant -cp C:\Users\xmeta\.gradle\wrapper\dists\gradle-8.10-bin\deqhafrv1ntovfmgh0nh3npr9\gradle-8.10\lib\gradle-daemon-main-8.10.jar -javaagent:C:\Users\xmeta\.gradle\wrapper\dists\gradle-8.10-bin\deqhafrv1ntovfmgh0nh3npr9\gradle-8.10\lib\agents\gradle-instrumentation-agent-8.10.jar org.gradle.launcher.daemon.bootstrap.GradleDaemon 8.10
Successfully started process 'Gradle build daemon'
An attempt to start the daemon took 5.526 secs.
The client will now receive all logging from the daemon (pid: 39300). The daemon log file: C:\Users\xmeta\.gradle\daemon\8.10\daemon-39300.out.log
Daemon will be stopped at the end of the build 
Using 12 worker leases.
Configuration on demand is an incubating feature.
Received JVM installation metadata from 'C:\Java': {JAVA_HOME=C:\Java, JAVA_VERSION=17.0.15, JAVA_VENDOR=Microsoft, RUNTIME_NAME=OpenJDK Runtime Environment, RUNTIME_VERSION=17.0.15+6-LTS, VM_NAME=OpenJDK 64-Bit Server VM, VM_VERSION=17.0.15+6-LTS, VM_VENDOR=Microsoft, OS_ARCH=amd64}
Watching the file system is configured to be enabled if available
Now considering [C:\Users\xmeta\projects\Mr.Comic] as hierarchies to watch
File system watching is active
Starting Build
Settings evaluated using settings file 'C:\Users\xmeta\projects\Mr.Comic\settings.gradle.kts'.
Using local directory build cache for the root build (location = C:\Users\xmeta\.gradle\caches\build-cache-1, removeUnusedEntriesAfter = 7 days).
Projects loaded. Root project using build file 'C:\Users\xmeta\projects\Mr.Comic\build.gradle.kts'.
Included projects: [root project 'MrComic', project ':analysis', project ':android', project ':reports', project ':scripts', project ':android:app', project ':android:core', project ':android:core-analytics', project ':android:core-data', project ':android:core-domain', project ':android:core-model', project ':android:core-reader', project ':android:core-ui', project ':android:feature-library', project ':android:feature-ocr', project ':android:feature-onboarding', project ':android:feature-reader', project ':android:feature-settings', project ':android:feature-themes', project ':android:feature-translate', project ':android:shared']
Task path ':android:app:assembleDebug' matched project ':android:app'

> Configure project :
Evaluating root project 'MrComic' using build file 'C:\Users\xmeta\projects\Mr.Comic\build.gradle.kts'.
Transforming hilt-android-gradle-plugin-2.51.1.jar (com.google.dagger:hilt-android-gradle-plugin:2.51.1) with InstrumentationAnalysisTransform
Transforming gradle-8.7.2.jar (com.android.tools.build:gradle:8.7.2) with InstrumentationAnalysisTransform
Transforming gradle-settings-api-8.7.2.jar (com.android.tools.build:gradle-settings-api:8.7.2) with InstrumentationAnalysisTransform
Transforming lint-model-31.7.2.jar (com.android.tools.lint:lint-model:31.7.2) with InstrumentationAnalysisTransform
Transforming builder-8.7.2.jar (com.android.tools.build:builder:8.7.2) with InstrumentationAnalysisTransform
Transforming manifest-merger-31.7.2.jar (com.android.tools.build:manifest-merger:31.7.2) with InstrumentationAnalysisTransform
Transforming sdk-common-31.7.2.jar (com.android.tools:sdk-common:31.7.2) with InstrumentationAnalysisTransform
Transforming sdklib-31.7.2.jar (com.android.tools:sdklib:31.7.2) with InstrumentationAnalysisTransform
Transforming repository-31.7.2.jar (com.android.tools:repository:31.7.2) with InstrumentationAnalysisTransform
Transforming aaptcompiler-8.7.2.jar (com.android.tools.build:aaptcompiler:8.7.2) with InstrumentationAnalysisTransform
Transforming tracker-31.7.2.jar (com.android.tools.analytics-library:tracker:31.7.2) with InstrumentationAnalysisTransform
Transforming shared-31.7.2.jar (com.android.tools.analytics-library:shared:31.7.2) with InstrumentationAnalysisTransform
Transforming databinding-compiler-common-8.7.2.jar (androidx.databinding:databinding-compiler-common:8.7.2) with InstrumentationAnalysisTransform
Transforming android-test-plugin-host-emulator-control-proto-31.7.2.jar (com.android.tools.utp:android-test-plugin-host-emulator-control-proto:31.7.2) with InstrumentationAnalysisTransform
Transforming android-test-plugin-host-retention-proto-31.7.2.jar (com.android.tools.utp:android-test-plugin-host-retention-proto:31.7.2) with InstrumentationAnalysisTransform
Transforming builder-model-8.7.2.jar (com.android.tools.build:builder-model:8.7.2) with InstrumentationAnalysisTransform
Transforming gradle-api-8.7.2.jar (com.android.tools.build:gradle-api:8.7.2) with InstrumentationAnalysisTransform
Transforming symbol-processing-gradle-plugin-1.9.25-1.0.20.jar (com.google.devtools.ksp:symbol-processing-gradle-plugin:1.9.25-1.0.20) with InstrumentationAnalysisTransform
Transforming symbol-processing-api-1.9.25-1.0.20.jar (com.google.devtools.ksp:symbol-processing-api:1.9.25-1.0.20) with InstrumentationAnalysisTransform
Transforming symbol-processing-common-deps-1.9.25-1.0.20.jar (com.google.devtools.ksp:symbol-processing-common-deps:1.9.25-1.0.20) with InstrumentationAnalysisTransform
Transforming builder-test-api-8.7.2.jar (com.android.tools.build:builder-test-api:8.7.2) with InstrumentationAnalysisTransform
Transforming ddmlib-31.7.2.jar (com.android.tools.ddms:ddmlib:31.7.2) with InstrumentationAnalysisTransform
Transforming layoutlib-api-31.7.2.jar (com.android.tools.layoutlib:layoutlib-api:31.7.2) with InstrumentationAnalysisTransform
Transforming dvlib-31.7.2.jar (com.android.tools:dvlib:31.7.2) with InstrumentationAnalysisTransform
Transforming common-31.7.2.jar (com.android.tools:common:31.7.2) with InstrumentationAnalysisTransform
Transforming kotlin-stdlib-jdk8-1.9.20.jar (org.jetbrains.kotlin:kotlin-stdlib-jdk8:1.9.20) with InstrumentationAnalysisTransform
Transforming jetifier-processor-1.0.0-beta10.jar (com.android.tools.build.jetifier:jetifier-processor:1.0.0-beta10) with InstrumentationAnalysisTransform
Transforming jetifier-core-1.0.0-beta10.jar (com.android.tools.build.jetifier:jetifier-core:1.0.0-beta10) with InstrumentationAnalysisTransform
Transforming kotlin-reflect-1.9.24.jar (org.jetbrains.kotlin:kotlin-reflect:1.9.24) with InstrumentationAnalysisTransform
Transforming kotlin-stdlib-jdk7-1.9.20.jar (org.jetbrains.kotlin:kotlin-stdlib-jdk7:1.9.20) with InstrumentationAnalysisTransform
Transforming kotlin-stdlib-1.9.24.jar (org.jetbrains.kotlin:kotlin-stdlib:1.9.24) with InstrumentationAnalysisTransform
Transforming annotations-13.0.jar (org.jetbrains:annotations:13.0) with InstrumentationAnalysisTransform
Transforming kotlin-serialization-1.9.25-gradle82.jar (org.jetbrains.kotlin:kotlin-serialization:1.9.25) with InstrumentationAnalysisTransform
Transforming kotlin-gradle-plugin-model-1.9.25.jar (org.jetbrains.kotlin:kotlin-gradle-plugin-model:1.9.25) with InstrumentationAnalysisTransform
Transforming kotlin-gradle-plugin-api-1.9.25.jar (org.jetbrains.kotlin:kotlin-gradle-plugin-api:1.9.25) with InstrumentationAnalysisTransform
Transforming kotlin-gradle-plugin-api-1.9.25-gradle82.jar (org.jetbrains.kotlin:kotlin-gradle-plugin-api:1.9.25) with InstrumentationAnalysisTransform
Transforming kotlin-gradle-plugin-1.9.25-gradle82.jar (org.jetbrains.kotlin:kotlin-gradle-plugin:1.9.25) with InstrumentationAnalysisTransform
Transforming detekt-gradle-plugin-1.23.4.jar (io.gitlab.arturbosch.detekt:detekt-gradle-plugin:1.23.4) with InstrumentationAnalysisTransform
Transforming dependency-check-gradle-10.0.3.jar (org.owasp:dependency-check-gradle:10.0.3) with InstrumentationAnalysisTransform
Transforming bundletool-1.17.1.jar (com.android.tools.build:bundletool:1.17.1) with InstrumentationAnalysisTransform
Transforming aapt2-proto-8.7.2-12006047.jar (com.android.tools.build:aapt2-proto:8.7.2-12006047) with InstrumentationAnalysisTransform
Transforming crash-31.7.2.jar (com.android.tools.analytics-library:crash:31.7.2) with InstrumentationAnalysisTransform
Transforming lint-typedef-remover-31.7.2.jar (com.android.tools.lint:lint-typedef-remover:31.7.2) with InstrumentationAnalysisTransform
Transforming databinding-common-8.7.2.jar (androidx.databinding:databinding-common:8.7.2) with InstrumentationAnalysisTransform
Transforming baseLibrary-8.7.2.jar (com.android.databinding:baseLibrary:8.7.2) with InstrumentationAnalysisTransform
Transforming android-device-provider-ddmlib-proto-31.7.2.jar (com.android.tools.utp:android-device-provider-ddmlib-proto:31.7.2) with InstrumentationAnalysisTransform
Transforming android-device-provider-gradle-proto-31.7.2.jar (com.android.tools.utp:android-device-provider-gradle-proto:31.7.2) with InstrumentationAnalysisTransform
Transforming android-device-provider-profile-proto-31.7.2.jar (com.android.tools.utp:android-device-provider-profile-proto:31.7.2) with InstrumentationAnalysisTransform
Transforming android-test-plugin-host-additional-test-output-proto-31.7.2.jar (com.android.tools.utp:android-test-plugin-host-additional-test-output-proto:31.7.2) with InstrumentationAnalysisTransform
Transforming android-test-plugin-host-coverage-proto-31.7.2.jar (com.android.tools.utp:android-test-plugin-host-coverage-proto:31.7.2) with InstrumentationAnalysisTransform
Transforming android-test-plugin-host-logcat-proto-31.7.2.jar (com.android.tools.utp:android-test-plugin-host-logcat-proto:31.7.2) with InstrumentationAnalysisTransform
Transforming android-test-plugin-host-apk-installer-proto-31.7.2.jar (com.android.tools.utp:android-test-plugin-host-apk-installer-proto:31.7.2) with InstrumentationAnalysisTransform
Transforming android-test-plugin-result-listener-gradle-proto-31.7.2.jar (com.android.tools.utp:android-test-plugin-result-listener-gradle-proto:31.7.2) with InstrumentationAnalysisTransform
Transforming transform-api-2.0.0-deprecated-use-gradle-api.jar (com.android.tools.build:transform-api:2.0.0-deprecated-use-gradle-api) with InstrumentationAnalysisTransform
Transforming httpmime-4.5.6.jar (org.apache.httpcomponents:httpmime:4.5.6) with InstrumentationAnalysisTransform
Transforming dependency-check-core-10.0.3.jar (org.owasp:dependency-check-core:10.0.3) with InstrumentationAnalysisTransform
Transforming dependency-check-utils-10.0.3.jar (org.owasp:dependency-check-utils:10.0.3) with InstrumentationAnalysisTransform
Transforming packager-rpm-0.19.0.jar (org.eclipse.packager:packager-rpm:0.19.0) with InstrumentationAnalysisTransform
Transforming commons-compress-1.26.2.jar (org.apache.commons:commons-compress:1.26.2) with InstrumentationAnalysisTransform
Transforming commons-io-2.16.1.jar (commons-io:commons-io:2.16.1) with InstrumentationAnalysisTransform
Transforming asm-commons-9.6.jar (org.ow2.asm:asm-commons:9.6) with InstrumentationAnalysisTransform
Transforming asm-util-9.6.jar (org.ow2.asm:asm-util:9.6) with InstrumentationAnalysisTransform
Transforming asm-analysis-9.6.jar (org.ow2.asm:asm-analysis:9.6) with InstrumentationAnalysisTransform
Transforming asm-tree-9.6.jar (org.ow2.asm:asm-tree:9.6) with InstrumentationAnalysisTransform
Transforming asm-9.6.jar (org.ow2.asm:asm:9.6) with InstrumentationAnalysisTransform
Transforming apkzlib-8.7.2.jar (com.android.tools.build:apkzlib:8.7.2) with InstrumentationAnalysisTransform
Transforming bcpkix-jdk18on-1.77.jar (org.bouncycastle:bcpkix-jdk18on:1.77) with InstrumentationAnalysisTransform
Transforming jaxb-runtime-2.3.2.jar (org.glassfish.jaxb:jaxb-runtime:2.3.2) with InstrumentationAnalysisTransform
Transforming jopt-simple-4.9.jar (net.sf.jopt-simple:jopt-simple:4.9) with InstrumentationAnalysisTransform
Transforming javapoet-1.13.0.jar (com.squareup:javapoet:1.13.0) with InstrumentationAnalysisTransform
Transforming protobuf-java-util-3.22.3.jar (com.google.protobuf:protobuf-java-util:3.22.3) with InstrumentationAnalysisTransform
Transforming grpc-protobuf-1.57.0.jar (io.grpc:grpc-protobuf:1.57.0) with InstrumentationAnalysisTransform
Transforming tink-1.7.0.jar (com.google.crypto.tink:tink:1.7.0) with InstrumentationAnalysisTransform
Transforming protos-31.7.2.jar (com.android.tools.analytics-library:protos:31.7.2) with InstrumentationAnalysisTransform
Transforming proto-google-common-protos-2.17.0.jar (com.google.api.grpc:proto-google-common-protos:2.17.0) with InstrumentationAnalysisTransform
Transforming protobuf-java-3.22.3.jar (com.google.protobuf:protobuf-java:3.22.3) with InstrumentationAnalysisTransform
Transforming grpc-netty-1.57.0.jar (io.grpc:grpc-netty:1.57.0) with InstrumentationAnalysisTransform
Transforming grpc-core-1.57.0.jar (io.grpc:grpc-core:1.57.0) with InstrumentationAnalysisTransform
Transforming slack-webhook-1.4.0.jar (net.gpedro.integrations.slack:slack-webhook:1.4.0) with InstrumentationAnalysisTransform
Transforming ossindex-service-client-1.8.2.jar (org.sonatype.ossindex:ossindex-service-client:1.8.2) with InstrumentationAnalysisTransform
Transforming toml4j-0.7.2.jar (com.moandjiezana.toml:toml4j:0.7.2) with InstrumentationAnalysisTransform
Transforming gson-2.10.1.jar (com.google.code.gson:gson:2.10.1) with InstrumentationAnalysisTransform
Transforming grpc-stub-1.57.0.jar (io.grpc:grpc-stub:1.57.0) with InstrumentationAnalysisTransform
Transforming core-proto-0.0.9-alpha02.jar (com.google.testing.platform:core-proto:0.0.9-alpha02) with InstrumentationAnalysisTransform
Transforming tensorflow-lite-metadata-0.1.0-rc2.jar (org.tensorflow:tensorflow-lite-metadata:0.1.0-rc2) with InstrumentationAnalysisTransform
Transforming flatbuffers-java-1.12.0.jar (com.google.flatbuffers:flatbuffers-java:1.12.0) with InstrumentationAnalysisTransform
Transforming kotlin-gradle-plugin-idea-proto-1.9.25.jar (org.jetbrains.kotlin:kotlin-gradle-plugin-idea-proto:1.9.25) with InstrumentationAnalysisTransform
Transforming kotlin-gradle-plugin-idea-1.9.25.jar (org.jetbrains.kotlin:kotlin-gradle-plugin-idea:1.9.25) with InstrumentationAnalysisTransform
Transforming kotlin-klib-commonizer-api-1.9.25.jar (org.jetbrains.kotlin:kotlin-klib-commonizer-api:1.9.25) with InstrumentationAnalysisTransform
Transforming kotlin-native-utils-1.9.25.jar (org.jetbrains.kotlin:kotlin-native-utils:1.9.25) with InstrumentationAnalysisTransform
Transforming kotlin-util-klib-1.9.25.jar (org.jetbrains.kotlin:kotlin-util-klib:1.9.25) with InstrumentationAnalysisTransform
Transforming kotlin-build-tools-api-1.9.25.jar (org.jetbrains.kotlin:kotlin-build-tools-api:1.9.25) with InstrumentationAnalysisTransform
Transforming kotlin-android-extensions-1.9.25.jar (org.jetbrains.kotlin:kotlin-android-extensions:1.9.25) with InstrumentationAnalysisTransform
Transforming kotlin-compiler-runner-1.9.25.jar (org.jetbrains.kotlin:kotlin-compiler-runner:1.9.25) with InstrumentationAnalysisTransform
Transforming kotlin-compiler-embeddable-1.9.25.jar (org.jetbrains.kotlin:kotlin-compiler-embeddable:1.9.25) with InstrumentationAnalysisTransform
Transforming kotlin-scripting-compiler-embeddable-1.9.25.jar (org.jetbrains.kotlin:kotlin-scripting-compiler-embeddable:1.9.25) with InstrumentationAnalysisTransform
Transforming kotlin-scripting-compiler-impl-embeddable-1.9.25.jar (org.jetbrains.kotlin:kotlin-scripting-compiler-impl-embeddable:1.9.25) with InstrumentationAnalysisTransform
Transforming open-vulnerability-clients-6.1.7.jar (io.github.jeremylong:open-vulnerability-clients:6.1.7) with InstrumentationAnalysisTransform
Transforming jimfs-1.1.jar (com.google.jimfs:jimfs:1.1) with InstrumentationAnalysisTransform
Transforming grpc-context-1.57.0.jar (io.grpc:grpc-context:1.57.0) with InstrumentationAnalysisTransform
Transforming grpc-protobuf-lite-1.57.0.jar (io.grpc:grpc-protobuf-lite:1.57.0) with InstrumentationAnalysisTransform
Transforming grpc-api-1.57.0.jar (io.grpc:grpc-api:1.57.0) with InstrumentationAnalysisTransform
Transforming guava-33.2.1-jre.jar (com.google.guava:guava:33.2.1-jre) with InstrumentationAnalysisTransform
Transforming dagger-2.28.3.jar (com.google.dagger:dagger:2.28.3) with InstrumentationAnalysisTransform
Transforming javax.inject-1.jar (javax.inject:javax.inject:1) with InstrumentationAnalysisTransform
Transforming kxml2-2.3.0.jar (net.sf.kxml:kxml2:2.3.0) with InstrumentationAnalysisTransform
Transforming bcutil-jdk18on-1.77.jar (org.bouncycastle:bcutil-jdk18on:1.77) with InstrumentationAnalysisTransform
Transforming packager-core-0.19.0.jar (org.eclipse.packager:packager-core:0.19.0) with InstrumentationAnalysisTransform
Transforming bcpg-jdk18on-1.71.jar (org.bouncycastle:bcpg-jdk18on:1.71) with InstrumentationAnalysisTransform
Transforming bcprov-jdk18on-1.77.jar (org.bouncycastle:bcprov-jdk18on:1.77) with InstrumentationAnalysisTransform
Transforming trove4j-1.0.20200330.jar (org.jetbrains.intellij.deps:trove4j:1.0.20200330) with InstrumentationAnalysisTransform
Transforming httpclient-4.5.14.jar (org.apache.httpcomponents:httpclient:4.5.14) with InstrumentationAnalysisTransform
Transforming httpcore-4.4.16.jar (org.apache.httpcomponents:httpcore:4.4.16) with InstrumentationAnalysisTransform
Transforming javax.activation-1.2.0.jar (com.sun.activation:javax.activation:1.2.0) with InstrumentationAnalysisTransform
Transforming signflinger-8.7.2.jar (com.android:signflinger:8.7.2) with InstrumentationAnalysisTransform
Transforming zipflinger-8.7.2.jar (com.android:zipflinger:8.7.2) with InstrumentationAnalysisTransform
Transforming annotations-31.7.2.jar (com.android.tools:annotations:31.7.2) with InstrumentationAnalysisTransform
Transforming jna-platform-5.6.0.jar (net.java.dev.jna:jna-platform:5.6.0) with InstrumentationAnalysisTransform
Transforming juniversalchardet-1.0.3.jar (com.googlecode.juniversalchardet:juniversalchardet:1.0.3) with InstrumentationAnalysisTransform
Transforming javax.annotation-api-1.3.2.jar (javax.annotation:javax.annotation-api:1.3.2) with InstrumentationAnalysisTransform
Transforming stax-ex-1.8.1.jar (org.jvnet.staxex:stax-ex:1.8.1) with InstrumentationAnalysisTransform
Transforming jakarta.xml.bind-api-2.3.2.jar (jakarta.xml.bind:jakarta.xml.bind-api:2.3.2) with InstrumentationAnalysisTransform
Transforming txw2-2.3.2.jar (org.glassfish.jaxb:txw2:2.3.2) with InstrumentationAnalysisTransform
Transforming istack-commons-runtime-3.0.8.jar (com.sun.istack:istack-commons-runtime:3.0.8) with InstrumentationAnalysisTransform
Transforming FastInfoset-1.2.16.jar (com.sun.xml.fastinfoset:FastInfoset:1.2.16) with InstrumentationAnalysisTransform
Transforming jakarta.activation-api-1.2.1.jar (jakarta.activation:jakarta.activation-api:1.2.1) with InstrumentationAnalysisTransform
Transforming auto-value-annotations-1.6.2.jar (com.google.auto.value:auto-value-annotations:1.6.2) with InstrumentationAnalysisTransform
Transforming error_prone_annotations-2.26.1.jar (com.google.errorprone:error_prone_annotations:2.26.1) with InstrumentationAnalysisTransform
Transforming jose4j-0.9.5.jar (org.bitbucket.b_c:jose4j:0.9.5) with InstrumentationAnalysisTransform
Transforming jcs3-slf4j-1.0.5.jar (io.github.jeremylong:jcs3-slf4j:1.0.5) with InstrumentationAnalysisTransform
Transforming cpe-parser-2.1.0.jar (us.springett:cpe-parser:2.1.0) with InstrumentationAnalysisTransform
Transforming velocity-engine-core-2.3.jar (org.apache.velocity:velocity-engine-core:2.3) with InstrumentationAnalysisTransform
Transforming httpclient5-5.3.1.jar (org.apache.httpcomponents.client5:httpclient5:5.3.1) with InstrumentationAnalysisTransform
Transforming ossindex-service-api-1.8.2.jar (org.sonatype.ossindex:ossindex-service-api:1.8.2) with InstrumentationAnalysisTransform
Transforming jcl-over-slf4j-1.7.28.jar (org.slf4j:jcl-over-slf4j:1.7.28) with InstrumentationAnalysisTransform
Transforming slf4j-api-1.7.36.jar (org.slf4j:slf4j-api:1.7.36) with InstrumentationAnalysisTransform
Transforming jdom2-2.0.6.jar (org.jdom:jdom2:2.0.6) with InstrumentationAnalysisTransform
Transforming jsr305-3.0.2.jar (com.google.code.findbugs:jsr305:3.0.2) with InstrumentationAnalysisTransform
Transforming j2objc-annotations-1.3.jar (com.google.j2objc:j2objc-annotations:1.3) with InstrumentationAnalysisTransform
Transforming annotations-4.1.1.4.jar (com.google.android:annotations:4.1.1.4) with InstrumentationAnalysisTransform
Transforming animal-sniffer-annotations-1.23.jar (org.codehaus.mojo:animal-sniffer-annotations:1.23) with InstrumentationAnalysisTransform
Transforming perfmark-api-0.26.0.jar (io.perfmark:perfmark-api:0.26.0) with InstrumentationAnalysisTransform
Transforming netty-codec-http2-4.1.93.Final.jar (io.netty:netty-codec-http2:4.1.93.Final) with InstrumentationAnalysisTransform
Transforming netty-handler-proxy-4.1.93.Final.jar (io.netty:netty-handler-proxy:4.1.93.Final) with InstrumentationAnalysisTransform
Transforming netty-codec-http-4.1.93.Final.jar (io.netty:netty-codec-http:4.1.93.Final) with InstrumentationAnalysisTransform
Transforming netty-handler-4.1.93.Final.jar (io.netty:netty-handler:4.1.93.Final) with InstrumentationAnalysisTransform
Transforming netty-transport-native-unix-common-4.1.93.Final.jar (io.netty:netty-transport-native-unix-common:4.1.93.Final) with InstrumentationAnalysisTransform
Transforming checker-qual-3.42.0.jar (org.checkerframework:checker-qual:3.42.0) with InstrumentationAnalysisTransform
Transforming commons-codec-1.17.0.jar (commons-codec:commons-codec:1.17.0) with InstrumentationAnalysisTransform
Transforming apksig-8.7.2.jar (com.android.tools.build:apksig:8.7.2) with InstrumentationAnalysisTransform
Transforming javawriter-2.5.0.jar (com.squareup:javawriter:2.5.0) with InstrumentationAnalysisTransform
Transforming kotlin-gradle-plugin-annotations-1.9.25.jar (org.jetbrains.kotlin:kotlin-gradle-plugin-annotations:1.9.25) with InstrumentationAnalysisTransform
Transforming kotlin-project-model-1.9.25.jar (org.jetbrains.kotlin:kotlin-project-model:1.9.25) with InstrumentationAnalysisTransform
Transforming kotlin-tooling-core-1.9.25.jar (org.jetbrains.kotlin:kotlin-tooling-core:1.9.25) with InstrumentationAnalysisTransform
Transforming kotlin-util-io-1.9.25.jar (org.jetbrains.kotlin:kotlin-util-io:1.9.25) with InstrumentationAnalysisTransform
Transforming kotlin-daemon-embeddable-1.9.25.jar (org.jetbrains.kotlin:kotlin-daemon-embeddable:1.9.25) with InstrumentationAnalysisTransform
Transforming kotlin-daemon-client-1.9.25.jar (org.jetbrains.kotlin:kotlin-daemon-client:1.9.25) with InstrumentationAnalysisTransform
Transforming kotlinx-coroutines-core-jvm-1.5.0.jar (org.jetbrains.kotlinx:kotlinx-coroutines-core-jvm:1.5.0) with InstrumentationAnalysisTransform
Transforming kotlin-scripting-jvm-1.9.25.jar (org.jetbrains.kotlin:kotlin-scripting-jvm:1.9.25) with InstrumentationAnalysisTransform
Transforming kotlin-scripting-common-1.9.25.jar (org.jetbrains.kotlin:kotlin-scripting-common:1.9.25) with InstrumentationAnalysisTransform
Transforming jdiagnostics-1.0.7.jar (org.anarres.jdiagnostics:jdiagnostics:1.0.7) with InstrumentationAnalysisTransform
Transforming pecoff4j-0.0.2.1.jar (org.whitesource:pecoff4j:0.0.2.1) with InstrumentationAnalysisTransform
Transforming commons-jcs3-core-3.2.1.jar (org.apache.commons:commons-jcs3-core:3.2.1) with InstrumentationAnalysisTransform
Transforming packageurl-java-1.5.0.jar (com.github.package-url:packageurl-java:1.5.0) with InstrumentationAnalysisTransform
Transforming semver4j-5.3.0.jar (org.semver4j:semver4j:5.3.0) with InstrumentationAnalysisTransform
Transforming commons-collections4-4.4.jar (org.apache.commons:commons-collections4:4.4) with InstrumentationAnalysisTransform
Transforming commons-text-1.12.0.jar (org.apache.commons:commons-text:1.12.0) with InstrumentationAnalysisTransform
Transforming commons-lang3-3.14.0.jar (org.apache.commons:commons-lang3:3.14.0) with InstrumentationAnalysisTransform
Transforming commons-dbcp2-2.12.0.jar (org.apache.commons:commons-dbcp2:2.12.0) with InstrumentationAnalysisTransform
Transforming lucene-analyzers-common-8.11.3.jar (org.apache.lucene:lucene-analyzers-common:8.11.3) with InstrumentationAnalysisTransform
Transforming lucene-queryparser-8.11.3.jar (org.apache.lucene:lucene-queryparser:8.11.3) with InstrumentationAnalysisTransform
Transforming lucene-core-8.11.3.jar (org.apache.lucene:lucene-core:8.11.3) with InstrumentationAnalysisTransform
Transforming h2-2.1.214.jar (com.h2database:h2:2.1.214) with InstrumentationAnalysisTransform
Transforming javax.json-1.1.4.jar (org.glassfish:javax.json:1.1.4) with InstrumentationAnalysisTransform
Transforming jsoup-1.17.2.jar (org.jsoup:jsoup:1.17.2) with InstrumentationAnalysisTransform
Transforming jackson-module-afterburner-2.17.1.jar (com.fasterxml.jackson.module:jackson-module-afterburner:2.17.1) with InstrumentationAnalysisTransform
Transforming jackson-module-blackbird-2.17.1.jar (com.fasterxml.jackson.module:jackson-module-blackbird:2.17.1) with InstrumentationAnalysisTransform
Transforming jackson-dataformat-yaml-2.17.1.jar (com.fasterxml.jackson.dataformat:jackson-dataformat-yaml:2.17.1) with InstrumentationAnalysisTransform
Transforming jackson-annotations-2.17.1.jar (com.fasterxml.jackson.core:jackson-annotations:2.17.1) with InstrumentationAnalysisTransform
Transforming jackson-core-2.17.1.jar (com.fasterxml.jackson.core:jackson-core:2.17.1) with InstrumentationAnalysisTransform
Transforming jackson-datatype-jsr310-2.17.1.jar (com.fasterxml.jackson.datatype:jackson-datatype-jsr310:2.17.1) with InstrumentationAnalysisTransform
Transforming jackson-databind-2.17.1.jar (com.fasterxml.jackson.core:jackson-databind:2.17.1) with InstrumentationAnalysisTransform
Transforming retirejs-core-3.0.4.jar (com.h3xstream.retirejs:retirejs-core:3.0.4) with InstrumentationAnalysisTransform
Transforming aho-corasick-double-array-trie-1.2.3.jar (com.hankcs:aho-corasick-double-array-trie:1.2.3) with InstrumentationAnalysisTransform
Transforming commons-validator-1.9.0.jar (commons-validator:commons-validator:1.9.0) with InstrumentationAnalysisTransform
Transforming commons-beanutils-1.9.4.jar (commons-beanutils:commons-beanutils:1.9.4) with InstrumentationAnalysisTransform
Transforming commons-logging-1.3.2.jar (commons-logging:commons-logging:1.3.2) with InstrumentationAnalysisTransform
Transforming jna-5.6.0.jar (net.java.dev.jna:jna:5.6.0) with InstrumentationAnalysisTransform
Transforming netty-codec-socks-4.1.93.Final.jar (io.netty:netty-codec-socks:4.1.93.Final) with InstrumentationAnalysisTransform
Transforming netty-codec-4.1.93.Final.jar (io.netty:netty-codec:4.1.93.Final) with InstrumentationAnalysisTransform
Transforming netty-transport-4.1.93.Final.jar (io.netty:netty-transport:4.1.93.Final) with InstrumentationAnalysisTransform
Transforming netty-buffer-4.1.93.Final.jar (io.netty:netty-buffer:4.1.93.Final) with InstrumentationAnalysisTransform
Transforming netty-resolver-4.1.93.Final.jar (io.netty:netty-resolver:4.1.93.Final) with InstrumentationAnalysisTransform
Transforming netty-common-4.1.93.Final.jar (io.netty:netty-common:4.1.93.Final) with InstrumentationAnalysisTransform
Transforming jmustache-1.15.jar (com.samskivert:jmustache:1.15) with InstrumentationAnalysisTransform
Transforming failureaccess-1.0.2.jar (com.google.guava:failureaccess:1.0.2) with InstrumentationAnalysisTransform
Transforming listenablefuture-9999.0-empty-to-avoid-conflict-with-guava.jar (com.google.guava:listenablefuture:9999.0-empty-to-avoid-conflict-with-guava) with InstrumentationAnalysisTransform
Transforming commons-pool2-2.12.0.jar (org.apache.commons:commons-pool2:2.12.0) with InstrumentationAnalysisTransform
Transforming jakarta.transaction-api-1.3.3.jar (jakarta.transaction:jakarta.transaction-api:1.3.3) with InstrumentationAnalysisTransform
Transforming lucene-queries-8.11.3.jar (org.apache.lucene:lucene-queries:8.11.3) with InstrumentationAnalysisTransform
Transforming lucene-sandbox-8.11.3.jar (org.apache.lucene:lucene-sandbox:8.11.3) with InstrumentationAnalysisTransform
Transforming snakeyaml-2.2.jar (org.yaml:snakeyaml:2.2) with InstrumentationAnalysisTransform
Transforming android-json-0.0.20131108.vaadin1.jar (com.vaadin.external.google:android-json:0.0.20131108.vaadin1) with InstrumentationAnalysisTransform
Transforming minlog-1.3.1.jar (com.esotericsoftware:minlog:1.3.1) with InstrumentationAnalysisTransform
Transforming compiler-0.9.6.jar (com.github.spullara.mustache.java:compiler:0.9.6) with InstrumentationAnalysisTransform
Transforming joda-time-2.10.4.jar (joda-time:joda-time:2.10.4) with InstrumentationAnalysisTransform
Transforming jaxb-api-2.3.1.jar (javax.xml.bind:jaxb-api:2.3.1) with InstrumentationAnalysisTransform
Transforming commons-digester-2.1.jar (commons-digester:commons-digester:2.1) with InstrumentationAnalysisTransform
Transforming commons-collections-3.2.2.jar (commons-collections:commons-collections:3.2.2) with InstrumentationAnalysisTransform
Transforming xz-1.9.jar (org.tukaani:xz:1.9) with InstrumentationAnalysisTransform
Transforming httpcore5-h2-5.2.4.jar (org.apache.httpcomponents.core5:httpcore5-h2:5.2.4) with InstrumentationAnalysisTransform
Transforming httpcore5-5.2.4.jar (org.apache.httpcomponents.core5:httpcore5:5.2.4) with InstrumentationAnalysisTransform
Transforming javax.ws.rs-api-2.0.1.jar (javax.ws.rs:javax.ws.rs-api:2.0.1) with InstrumentationAnalysisTransform
Transforming package-url-java-1.1.1.jar (org.sonatype.goodies:package-url-java:1.1.1) with InstrumentationAnalysisTransform
Transforming javax.activation-api-1.2.0.jar (javax.activation:javax.activation-api:1.2.0) with InstrumentationAnalysisTransform
Transforming hilt-android-gradle-plugin-2.51.1.jar (com.google.dagger:hilt-android-gradle-plugin:2.51.1) with InstrumentationAnalysisTransform
Transforming hilt-android-gradle-plugin-2.51.1.jar (com.google.dagger:hilt-android-gradle-plugin:2.51.1) with MergeInstrumentationAnalysisTransform
Transforming gradle-8.7.2.jar (com.android.tools.build:gradle:8.7.2) with InstrumentationAnalysisTransform
Transforming gradle-8.7.2.jar (com.android.tools.build:gradle:8.7.2) with MergeInstrumentationAnalysisTransform
Transforming gradle-settings-api-8.7.2.jar (com.android.tools.build:gradle-settings-api:8.7.2) with InstrumentationAnalysisTransform
Transforming gradle-settings-api-8.7.2.jar (com.android.tools.build:gradle-settings-api:8.7.2) with MergeInstrumentationAnalysisTransform
Transforming lint-model-31.7.2.jar (com.android.tools.lint:lint-model:31.7.2) with InstrumentationAnalysisTransform
Transforming lint-model-31.7.2.jar (com.android.tools.lint:lint-model:31.7.2) with MergeInstrumentationAnalysisTransform
Transforming builder-8.7.2.jar (com.android.tools.build:builder:8.7.2) with InstrumentationAnalysisTransform
Transforming builder-8.7.2.jar (com.android.tools.build:builder:8.7.2) with MergeInstrumentationAnalysisTransform
Transforming manifest-merger-31.7.2.jar (com.android.tools.build:manifest-merger:31.7.2) with InstrumentationAnalysisTransform
Transforming manifest-merger-31.7.2.jar (com.android.tools.build:manifest-merger:31.7.2) with MergeInstrumentationAnalysisTransform
Transforming sdk-common-31.7.2.jar (com.android.tools:sdk-common:31.7.2) with InstrumentationAnalysisTransform
Transforming sdk-common-31.7.2.jar (com.android.tools:sdk-common:31.7.2) with MergeInstrumentationAnalysisTransform
Transforming sdklib-31.7.2.jar (com.android.tools:sdklib:31.7.2) with InstrumentationAnalysisTransform
Transforming sdklib-31.7.2.jar (com.android.tools:sdklib:31.7.2) with MergeInstrumentationAnalysisTransform
Transforming repository-31.7.2.jar (com.android.tools:repository:31.7.2) with InstrumentationAnalysisTransform
Transforming repository-31.7.2.jar (com.android.tools:repository:31.7.2) with MergeInstrumentationAnalysisTransform
Transforming aaptcompiler-8.7.2.jar (com.android.tools.build:aaptcompiler:8.7.2) with InstrumentationAnalysisTransform
Transforming aaptcompiler-8.7.2.jar (com.android.tools.build:aaptcompiler:8.7.2) with MergeInstrumentationAnalysisTransform
Transforming tracker-31.7.2.jar (com.android.tools.analytics-library:tracker:31.7.2) with InstrumentationAnalysisTransform
Transforming tracker-31.7.2.jar (com.android.tools.analytics-library:tracker:31.7.2) with MergeInstrumentationAnalysisTransform
Transforming shared-31.7.2.jar (com.android.tools.analytics-library:shared:31.7.2) with InstrumentationAnalysisTransform
Transforming shared-31.7.2.jar (com.android.tools.analytics-library:shared:31.7.2) with MergeInstrumentationAnalysisTransform
Transforming databinding-compiler-common-8.7.2.jar (androidx.databinding:databinding-compiler-common:8.7.2) with InstrumentationAnalysisTransform
Transforming databinding-compiler-common-8.7.2.jar (androidx.databinding:databinding-compiler-common:8.7.2) with MergeInstrumentationAnalysisTransform
Transforming android-test-plugin-host-emulator-control-proto-31.7.2.jar (com.android.tools.utp:android-test-plugin-host-emulator-control-proto:31.7.2) with InstrumentationAnalysisTransform
Transforming android-test-plugin-host-emulator-control-proto-31.7.2.jar (com.android.tools.utp:android-test-plugin-host-emulator-control-proto:31.7.2) with MergeInstrumentationAnalysisTransform
Transforming android-test-plugin-host-retention-proto-31.7.2.jar (com.android.tools.utp:android-test-plugin-host-retention-proto:31.7.2) with InstrumentationAnalysisTransform
Transforming android-test-plugin-host-retention-proto-31.7.2.jar (com.android.tools.utp:android-test-plugin-host-retention-proto:31.7.2) with MergeInstrumentationAnalysisTransform
Transforming builder-model-8.7.2.jar (com.android.tools.build:builder-model:8.7.2) with InstrumentationAnalysisTransform
Transforming builder-model-8.7.2.jar (com.android.tools.build:builder-model:8.7.2) with MergeInstrumentationAnalysisTransform
Transforming gradle-api-8.7.2.jar (com.android.tools.build:gradle-api:8.7.2) with InstrumentationAnalysisTransform
Transforming gradle-api-8.7.2.jar (com.android.tools.build:gradle-api:8.7.2) with MergeInstrumentationAnalysisTransform
Transforming symbol-processing-gradle-plugin-1.9.25-1.0.20.jar (com.google.devtools.ksp:symbol-processing-gradle-plugin:1.9.25-1.0.20) with InstrumentationAnalysisTransform
Transforming symbol-processing-gradle-plugin-1.9.25-1.0.20.jar (com.google.devtools.ksp:symbol-processing-gradle-plugin:1.9.25-1.0.20) with MergeInstrumentationAnalysisTransform
Transforming symbol-processing-api-1.9.25-1.0.20.jar (com.google.devtools.ksp:symbol-processing-api:1.9.25-1.0.20) with InstrumentationAnalysisTransform
Transforming symbol-processing-api-1.9.25-1.0.20.jar (com.google.devtools.ksp:symbol-processing-api:1.9.25-1.0.20) with MergeInstrumentationAnalysisTransform
Transforming symbol-processing-common-deps-1.9.25-1.0.20.jar (com.google.devtools.ksp:symbol-processing-common-deps:1.9.25-1.0.20) with InstrumentationAnalysisTransform
Transforming symbol-processing-common-deps-1.9.25-1.0.20.jar (com.google.devtools.ksp:symbol-processing-common-deps:1.9.25-1.0.20) with MergeInstrumentationAnalysisTransform
Transforming builder-test-api-8.7.2.jar (com.android.tools.build:builder-test-api:8.7.2) with InstrumentationAnalysisTransform
Transforming builder-test-api-8.7.2.jar (com.android.tools.build:builder-test-api:8.7.2) with MergeInstrumentationAnalysisTransform
Transforming ddmlib-31.7.2.jar (com.android.tools.ddms:ddmlib:31.7.2) with InstrumentationAnalysisTransform
Transforming ddmlib-31.7.2.jar (com.android.tools.ddms:ddmlib:31.7.2) with MergeInstrumentationAnalysisTransform
Transforming layoutlib-api-31.7.2.jar (com.android.tools.layoutlib:layoutlib-api:31.7.2) with InstrumentationAnalysisTransform
Transforming layoutlib-api-31.7.2.jar (com.android.tools.layoutlib:layoutlib-api:31.7.2) with MergeInstrumentationAnalysisTransform
Transforming dvlib-31.7.2.jar (com.android.tools:dvlib:31.7.2) with InstrumentationAnalysisTransform
Transforming dvlib-31.7.2.jar (com.android.tools:dvlib:31.7.2) with MergeInstrumentationAnalysisTransform
Transforming common-31.7.2.jar (com.android.tools:common:31.7.2) with InstrumentationAnalysisTransform
Transforming common-31.7.2.jar (com.android.tools:common:31.7.2) with MergeInstrumentationAnalysisTransform
Transforming kotlin-stdlib-jdk8-1.9.20.jar (org.jetbrains.kotlin:kotlin-stdlib-jdk8:1.9.20) with InstrumentationAnalysisTransform
Transforming kotlin-stdlib-jdk8-1.9.20.jar (org.jetbrains.kotlin:kotlin-stdlib-jdk8:1.9.20) with MergeInstrumentationAnalysisTransform
Transforming jetifier-processor-1.0.0-beta10.jar (com.android.tools.build.jetifier:jetifier-processor:1.0.0-beta10) with InstrumentationAnalysisTransform
Transforming jetifier-processor-1.0.0-beta10.jar (com.android.tools.build.jetifier:jetifier-processor:1.0.0-beta10) with MergeInstrumentationAnalysisTransform
Transforming jetifier-core-1.0.0-beta10.jar (com.android.tools.build.jetifier:jetifier-core:1.0.0-beta10) with InstrumentationAnalysisTransform
Transforming jetifier-core-1.0.0-beta10.jar (com.android.tools.build.jetifier:jetifier-core:1.0.0-beta10) with MergeInstrumentationAnalysisTransform
Transforming kotlin-reflect-1.9.24.jar (org.jetbrains.kotlin:kotlin-reflect:1.9.24) with InstrumentationAnalysisTransform
Transforming kotlin-reflect-1.9.24.jar (org.jetbrains.kotlin:kotlin-reflect:1.9.24) with MergeInstrumentationAnalysisTransform
Transforming kotlin-stdlib-jdk7-1.9.20.jar (org.jetbrains.kotlin:kotlin-stdlib-jdk7:1.9.20) with InstrumentationAnalysisTransform
Transforming kotlin-stdlib-jdk7-1.9.20.jar (org.jetbrains.kotlin:kotlin-stdlib-jdk7:1.9.20) with MergeInstrumentationAnalysisTransform
Transforming kotlin-stdlib-1.9.24.jar (org.jetbrains.kotlin:kotlin-stdlib:1.9.24) with InstrumentationAnalysisTransform
Transforming kotlin-stdlib-1.9.24.jar (org.jetbrains.kotlin:kotlin-stdlib:1.9.24) with MergeInstrumentationAnalysisTransform
Transforming annotations-13.0.jar (org.jetbrains:annotations:13.0) with InstrumentationAnalysisTransform
Transforming annotations-13.0.jar (org.jetbrains:annotations:13.0) with MergeInstrumentationAnalysisTransform
Transforming kotlin-serialization-1.9.25-gradle82.jar (org.jetbrains.kotlin:kotlin-serialization:1.9.25) with InstrumentationAnalysisTransform
Transforming kotlin-serialization-1.9.25-gradle82.jar (org.jetbrains.kotlin:kotlin-serialization:1.9.25) with MergeInstrumentationAnalysisTransform
Transforming kotlin-gradle-plugin-model-1.9.25.jar (org.jetbrains.kotlin:kotlin-gradle-plugin-model:1.9.25) with InstrumentationAnalysisTransform
Transforming kotlin-gradle-plugin-model-1.9.25.jar (org.jetbrains.kotlin:kotlin-gradle-plugin-model:1.9.25) with MergeInstrumentationAnalysisTransform
Transforming kotlin-gradle-plugin-api-1.9.25.jar (org.jetbrains.kotlin:kotlin-gradle-plugin-api:1.9.25) with InstrumentationAnalysisTransform
Transforming kotlin-gradle-plugin-api-1.9.25.jar (org.jetbrains.kotlin:kotlin-gradle-plugin-api:1.9.25) with MergeInstrumentationAnalysisTransform
Transforming kotlin-gradle-plugin-api-1.9.25-gradle82.jar (org.jetbrains.kotlin:kotlin-gradle-plugin-api:1.9.25) with InstrumentationAnalysisTransform
Transforming builder-8.7.2.jar (com.android.tools.build:builder:8.7.2) with ExternalDependencyInstrumentingArtifactTransform
Transforming kotlin-gradle-plugin-api-1.9.25-gradle82.jar (org.jetbrains.kotlin:kotlin-gradle-plugin-api:1.9.25) with MergeInstrumentationAnalysisTransform
Transforming kotlin-gradle-plugin-1.9.25-gradle82.jar (org.jetbrains.kotlin:kotlin-gradle-plugin:1.9.25) with InstrumentationAnalysisTransform
Transforming kotlin-gradle-plugin-1.9.25-gradle82.jar (org.jetbrains.kotlin:kotlin-gradle-plugin:1.9.25) with MergeInstrumentationAnalysisTransform
Transforming lint-model-31.7.2.jar (com.android.tools.lint:lint-model:31.7.2) with ExternalDependencyInstrumentingArtifactTransform
Transforming detekt-gradle-plugin-1.23.4.jar (io.gitlab.arturbosch.detekt:detekt-gradle-plugin:1.23.4) with InstrumentationAnalysisTransform
Transforming detekt-gradle-plugin-1.23.4.jar (io.gitlab.arturbosch.detekt:detekt-gradle-plugin:1.23.4) with MergeInstrumentationAnalysisTransform
Transforming dependency-check-gradle-10.0.3.jar (org.owasp:dependency-check-gradle:10.0.3) with InstrumentationAnalysisTransform
Transforming dependency-check-gradle-10.0.3.jar (org.owasp:dependency-check-gradle:10.0.3) with MergeInstrumentationAnalysisTransform
Transforming bundletool-1.17.1.jar (com.android.tools.build:bundletool:1.17.1) with InstrumentationAnalysisTransform
Transforming bundletool-1.17.1.jar (com.android.tools.build:bundletool:1.17.1) with MergeInstrumentationAnalysisTransform
Transforming gradle-settings-api-8.7.2.jar (com.android.tools.build:gradle-settings-api:8.7.2) with ExternalDependencyInstrumentingArtifactTransform
Transforming aapt2-proto-8.7.2-12006047.jar (com.android.tools.build:aapt2-proto:8.7.2-12006047) with InstrumentationAnalysisTransform
Transforming aapt2-proto-8.7.2-12006047.jar (com.android.tools.build:aapt2-proto:8.7.2-12006047) with MergeInstrumentationAnalysisTransform
Transforming crash-31.7.2.jar (com.android.tools.analytics-library:crash:31.7.2) with InstrumentationAnalysisTransform
Transforming crash-31.7.2.jar (com.android.tools.analytics-library:crash:31.7.2) with MergeInstrumentationAnalysisTransform
Transforming lint-typedef-remover-31.7.2.jar (com.android.tools.lint:lint-typedef-remover:31.7.2) with InstrumentationAnalysisTransform
Transforming lint-typedef-remover-31.7.2.jar (com.android.tools.lint:lint-typedef-remover:31.7.2) with MergeInstrumentationAnalysisTransform
Transforming databinding-common-8.7.2.jar (androidx.databinding:databinding-common:8.7.2) with InstrumentationAnalysisTransform
Transforming databinding-common-8.7.2.jar (androidx.databinding:databinding-common:8.7.2) with MergeInstrumentationAnalysisTransform
Transforming baseLibrary-8.7.2.jar (com.android.databinding:baseLibrary:8.7.2) with InstrumentationAnalysisTransform
Transforming baseLibrary-8.7.2.jar (com.android.databinding:baseLibrary:8.7.2) with MergeInstrumentationAnalysisTransform
Transforming android-device-provider-ddmlib-proto-31.7.2.jar (com.android.tools.utp:android-device-provider-ddmlib-proto:31.7.2) with InstrumentationAnalysisTransform
Transforming android-device-provider-ddmlib-proto-31.7.2.jar (com.android.tools.utp:android-device-provider-ddmlib-proto:31.7.2) with MergeInstrumentationAnalysisTransform
Transforming manifest-merger-31.7.2.jar (com.android.tools.build:manifest-merger:31.7.2) with ExternalDependencyInstrumentingArtifactTransform
Transforming android-device-provider-gradle-proto-31.7.2.jar (com.android.tools.utp:android-device-provider-gradle-proto:31.7.2) with InstrumentationAnalysisTransform
Transforming android-device-provider-gradle-proto-31.7.2.jar (com.android.tools.utp:android-device-provider-gradle-proto:31.7.2) with MergeInstrumentationAnalysisTransform
Transforming android-device-provider-profile-proto-31.7.2.jar (com.android.tools.utp:android-device-provider-profile-proto:31.7.2) with InstrumentationAnalysisTransform
Transforming hilt-android-gradle-plugin-2.51.1.jar (com.google.dagger:hilt-android-gradle-plugin:2.51.1) with ExternalDependencyInstrumentingArtifactTransform
Transforming android-device-provider-profile-proto-31.7.2.jar (com.android.tools.utp:android-device-provider-profile-proto:31.7.2) with MergeInstrumentationAnalysisTransform
Transforming android-test-plugin-host-additional-test-output-proto-31.7.2.jar (com.android.tools.utp:android-test-plugin-host-additional-test-output-proto:31.7.2) with InstrumentationAnalysisTransform
Transforming android-test-plugin-host-additional-test-output-proto-31.7.2.jar (com.android.tools.utp:android-test-plugin-host-additional-test-output-proto:31.7.2) with MergeInstrumentationAnalysisTransform
Transforming android-test-plugin-host-coverage-proto-31.7.2.jar (com.android.tools.utp:android-test-plugin-host-coverage-proto:31.7.2) with InstrumentationAnalysisTransform
Transforming android-test-plugin-host-coverage-proto-31.7.2.jar (com.android.tools.utp:android-test-plugin-host-coverage-proto:31.7.2) with MergeInstrumentationAnalysisTransform
Transforming sdk-common-31.7.2.jar (com.android.tools:sdk-common:31.7.2) with ExternalDependencyInstrumentingArtifactTransform
Transforming android-test-plugin-host-logcat-proto-31.7.2.jar (com.android.tools.utp:android-test-plugin-host-logcat-proto:31.7.2) with InstrumentationAnalysisTransform
Transforming android-test-plugin-host-logcat-proto-31.7.2.jar (com.android.tools.utp:android-test-plugin-host-logcat-proto:31.7.2) with MergeInstrumentationAnalysisTransform
Transforming android-test-plugin-host-apk-installer-proto-31.7.2.jar (com.android.tools.utp:android-test-plugin-host-apk-installer-proto:31.7.2) with InstrumentationAnalysisTransform
Transforming aaptcompiler-8.7.2.jar (com.android.tools.build:aaptcompiler:8.7.2) with ExternalDependencyInstrumentingArtifactTransform
Transforming android-test-plugin-host-apk-installer-proto-31.7.2.jar (com.android.tools.utp:android-test-plugin-host-apk-installer-proto:31.7.2) with MergeInstrumentationAnalysisTransform
Transforming android-test-plugin-result-listener-gradle-proto-31.7.2.jar (com.android.tools.utp:android-test-plugin-result-listener-gradle-proto:31.7.2) with InstrumentationAnalysisTransform
Transforming android-test-plugin-result-listener-gradle-proto-31.7.2.jar (com.android.tools.utp:android-test-plugin-result-listener-gradle-proto:31.7.2) with MergeInstrumentationAnalysisTransform
Transforming transform-api-2.0.0-deprecated-use-gradle-api.jar (com.android.tools.build:transform-api:2.0.0-deprecated-use-gradle-api) with InstrumentationAnalysisTransform
Transforming transform-api-2.0.0-deprecated-use-gradle-api.jar (com.android.tools.build:transform-api:2.0.0-deprecated-use-gradle-api) with MergeInstrumentationAnalysisTransform
Transforming httpmime-4.5.6.jar (org.apache.httpcomponents:httpmime:4.5.6) with InstrumentationAnalysisTransform
Transforming httpmime-4.5.6.jar (org.apache.httpcomponents:httpmime:4.5.6) with MergeInstrumentationAnalysisTransform
Transforming dependency-check-core-10.0.3.jar (org.owasp:dependency-check-core:10.0.3) with InstrumentationAnalysisTransform
Transforming dependency-check-core-10.0.3.jar (org.owasp:dependency-check-core:10.0.3) with MergeInstrumentationAnalysisTransform
Transforming dependency-check-utils-10.0.3.jar (org.owasp:dependency-check-utils:10.0.3) with InstrumentationAnalysisTransform
Transforming dependency-check-utils-10.0.3.jar (org.owasp:dependency-check-utils:10.0.3) with MergeInstrumentationAnalysisTransform
Transforming packager-rpm-0.19.0.jar (org.eclipse.packager:packager-rpm:0.19.0) with InstrumentationAnalysisTransform
Transforming packager-rpm-0.19.0.jar (org.eclipse.packager:packager-rpm:0.19.0) with MergeInstrumentationAnalysisTransform
Transforming commons-compress-1.26.2.jar (org.apache.commons:commons-compress:1.26.2) with InstrumentationAnalysisTransform
Transforming commons-compress-1.26.2.jar (org.apache.commons:commons-compress:1.26.2) with MergeInstrumentationAnalysisTransform
Transforming commons-io-2.16.1.jar (commons-io:commons-io:2.16.1) with InstrumentationAnalysisTransform
Transforming sdklib-31.7.2.jar (com.android.tools:sdklib:31.7.2) with ExternalDependencyInstrumentingArtifactTransform
Transforming commons-io-2.16.1.jar (commons-io:commons-io:2.16.1) with MergeInstrumentationAnalysisTransform
Transforming asm-commons-9.6.jar (org.ow2.asm:asm-commons:9.6) with InstrumentationAnalysisTransform
Transforming asm-commons-9.6.jar (org.ow2.asm:asm-commons:9.6) with MergeInstrumentationAnalysisTransform
Transforming asm-util-9.6.jar (org.ow2.asm:asm-util:9.6) with InstrumentationAnalysisTransform
Transforming asm-util-9.6.jar (org.ow2.asm:asm-util:9.6) with MergeInstrumentationAnalysisTransform
Transforming asm-analysis-9.6.jar (org.ow2.asm:asm-analysis:9.6) with InstrumentationAnalysisTransform
Transforming tracker-31.7.2.jar (com.android.tools.analytics-library:tracker:31.7.2) with ExternalDependencyInstrumentingArtifactTransform
Transforming gradle-8.7.2.jar (com.android.tools.build:gradle:8.7.2) with ExternalDependencyInstrumentingArtifactTransform
Transforming repository-31.7.2.jar (com.android.tools:repository:31.7.2) with ExternalDependencyInstrumentingArtifactTransform
Transforming asm-analysis-9.6.jar (org.ow2.asm:asm-analysis:9.6) with MergeInstrumentationAnalysisTransform
Transforming asm-tree-9.6.jar (org.ow2.asm:asm-tree:9.6) with InstrumentationAnalysisTransform
Transforming asm-tree-9.6.jar (org.ow2.asm:asm-tree:9.6) with MergeInstrumentationAnalysisTransform
Transforming asm-9.6.jar (org.ow2.asm:asm:9.6) with InstrumentationAnalysisTransform
Transforming asm-9.6.jar (org.ow2.asm:asm:9.6) with MergeInstrumentationAnalysisTransform
Transforming apkzlib-8.7.2.jar (com.android.tools.build:apkzlib:8.7.2) with InstrumentationAnalysisTransform
Transforming apkzlib-8.7.2.jar (com.android.tools.build:apkzlib:8.7.2) with MergeInstrumentationAnalysisTransform
Transforming bcpkix-jdk18on-1.77.jar (org.bouncycastle:bcpkix-jdk18on:1.77) with InstrumentationAnalysisTransform
Transforming bcpkix-jdk18on-1.77.jar (org.bouncycastle:bcpkix-jdk18on:1.77) with MergeInstrumentationAnalysisTransform
Transforming jaxb-runtime-2.3.2.jar (org.glassfish.jaxb:jaxb-runtime:2.3.2) with InstrumentationAnalysisTransform
Transforming jaxb-runtime-2.3.2.jar (org.glassfish.jaxb:jaxb-runtime:2.3.2) with MergeInstrumentationAnalysisTransform
Transforming jopt-simple-4.9.jar (net.sf.jopt-simple:jopt-simple:4.9) with InstrumentationAnalysisTransform
Transforming jopt-simple-4.9.jar (net.sf.jopt-simple:jopt-simple:4.9) with MergeInstrumentationAnalysisTransform
Transforming javapoet-1.13.0.jar (com.squareup:javapoet:1.13.0) with InstrumentationAnalysisTransform
Transforming javapoet-1.13.0.jar (com.squareup:javapoet:1.13.0) with MergeInstrumentationAnalysisTransform
Transforming protobuf-java-util-3.22.3.jar (com.google.protobuf:protobuf-java-util:3.22.3) with InstrumentationAnalysisTransform
Transforming protobuf-java-util-3.22.3.jar (com.google.protobuf:protobuf-java-util:3.22.3) with MergeInstrumentationAnalysisTransform
Transforming shared-31.7.2.jar (com.android.tools.analytics-library:shared:31.7.2) with ExternalDependencyInstrumentingArtifactTransform
Transforming grpc-protobuf-1.57.0.jar (io.grpc:grpc-protobuf:1.57.0) with InstrumentationAnalysisTransform
Transforming grpc-protobuf-1.57.0.jar (io.grpc:grpc-protobuf:1.57.0) with MergeInstrumentationAnalysisTransform
Transforming tink-1.7.0.jar (com.google.crypto.tink:tink:1.7.0) with InstrumentationAnalysisTransform
Transforming tink-1.7.0.jar (com.google.crypto.tink:tink:1.7.0) with MergeInstrumentationAnalysisTransform
Transforming protos-31.7.2.jar (com.android.tools.analytics-library:protos:31.7.2) with InstrumentationAnalysisTransform
Transforming protos-31.7.2.jar (com.android.tools.analytics-library:protos:31.7.2) with MergeInstrumentationAnalysisTransform
Transforming proto-google-common-protos-2.17.0.jar (com.google.api.grpc:proto-google-common-protos:2.17.0) with InstrumentationAnalysisTransform
Transforming proto-google-common-protos-2.17.0.jar (com.google.api.grpc:proto-google-common-protos:2.17.0) with MergeInstrumentationAnalysisTransform
Transforming protobuf-java-3.22.3.jar (com.google.protobuf:protobuf-java:3.22.3) with InstrumentationAnalysisTransform
Transforming protobuf-java-3.22.3.jar (com.google.protobuf:protobuf-java:3.22.3) with MergeInstrumentationAnalysisTransform
Transforming grpc-netty-1.57.0.jar (io.grpc:grpc-netty:1.57.0) with InstrumentationAnalysisTransform
Transforming grpc-netty-1.57.0.jar (io.grpc:grpc-netty:1.57.0) with MergeInstrumentationAnalysisTransform
Transforming grpc-core-1.57.0.jar (io.grpc:grpc-core:1.57.0) with InstrumentationAnalysisTransform
Transforming grpc-core-1.57.0.jar (io.grpc:grpc-core:1.57.0) with MergeInstrumentationAnalysisTransform
Transforming slack-webhook-1.4.0.jar (net.gpedro.integrations.slack:slack-webhook:1.4.0) with InstrumentationAnalysisTransform
Transforming databinding-compiler-common-8.7.2.jar (androidx.databinding:databinding-compiler-common:8.7.2) with ExternalDependencyInstrumentingArtifactTransform
Transforming slack-webhook-1.4.0.jar (net.gpedro.integrations.slack:slack-webhook:1.4.0) with MergeInstrumentationAnalysisTransform
Transforming ossindex-service-client-1.8.2.jar (org.sonatype.ossindex:ossindex-service-client:1.8.2) with InstrumentationAnalysisTransform
Transforming ossindex-service-client-1.8.2.jar (org.sonatype.ossindex:ossindex-service-client:1.8.2) with MergeInstrumentationAnalysisTransform
Transforming toml4j-0.7.2.jar (com.moandjiezana.toml:toml4j:0.7.2) with InstrumentationAnalysisTransform
Transforming toml4j-0.7.2.jar (com.moandjiezana.toml:toml4j:0.7.2) with MergeInstrumentationAnalysisTransform
Transforming gson-2.10.1.jar (com.google.code.gson:gson:2.10.1) with InstrumentationAnalysisTransform
Transforming gson-2.10.1.jar (com.google.code.gson:gson:2.10.1) with MergeInstrumentationAnalysisTransform
Transforming grpc-stub-1.57.0.jar (io.grpc:grpc-stub:1.57.0) with InstrumentationAnalysisTransform
Transforming grpc-stub-1.57.0.jar (io.grpc:grpc-stub:1.57.0) with MergeInstrumentationAnalysisTransform
Transforming core-proto-0.0.9-alpha02.jar (com.google.testing.platform:core-proto:0.0.9-alpha02) with InstrumentationAnalysisTransform
Transforming core-proto-0.0.9-alpha02.jar (com.google.testing.platform:core-proto:0.0.9-alpha02) with MergeInstrumentationAnalysisTransform
Transforming tensorflow-lite-metadata-0.1.0-rc2.jar (org.tensorflow:tensorflow-lite-metadata:0.1.0-rc2) with InstrumentationAnalysisTransform
Transforming tensorflow-lite-metadata-0.1.0-rc2.jar (org.tensorflow:tensorflow-lite-metadata:0.1.0-rc2) with MergeInstrumentationAnalysisTransform
Transforming flatbuffers-java-1.12.0.jar (com.google.flatbuffers:flatbuffers-java:1.12.0) with InstrumentationAnalysisTransform
Transforming flatbuffers-java-1.12.0.jar (com.google.flatbuffers:flatbuffers-java:1.12.0) with MergeInstrumentationAnalysisTransform
Transforming kotlin-gradle-plugin-idea-proto-1.9.25.jar (org.jetbrains.kotlin:kotlin-gradle-plugin-idea-proto:1.9.25) with InstrumentationAnalysisTransform
Transforming kotlin-gradle-plugin-idea-proto-1.9.25.jar (org.jetbrains.kotlin:kotlin-gradle-plugin-idea-proto:1.9.25) with MergeInstrumentationAnalysisTransform
Transforming kotlin-gradle-plugin-idea-1.9.25.jar (org.jetbrains.kotlin:kotlin-gradle-plugin-idea:1.9.25) with InstrumentationAnalysisTransform
Transforming kotlin-gradle-plugin-idea-1.9.25.jar (org.jetbrains.kotlin:kotlin-gradle-plugin-idea:1.9.25) with MergeInstrumentationAnalysisTransform
Transforming kotlin-klib-commonizer-api-1.9.25.jar (org.jetbrains.kotlin:kotlin-klib-commonizer-api:1.9.25) with InstrumentationAnalysisTransform
Transforming kotlin-klib-commonizer-api-1.9.25.jar (org.jetbrains.kotlin:kotlin-klib-commonizer-api:1.9.25) with MergeInstrumentationAnalysisTransform
Transforming kotlin-native-utils-1.9.25.jar (org.jetbrains.kotlin:kotlin-native-utils:1.9.25) with InstrumentationAnalysisTransform
Transforming kotlin-native-utils-1.9.25.jar (org.jetbrains.kotlin:kotlin-native-utils:1.9.25) with MergeInstrumentationAnalysisTransform
Transforming kotlin-util-klib-1.9.25.jar (org.jetbrains.kotlin:kotlin-util-klib:1.9.25) with InstrumentationAnalysisTransform
Transforming kotlin-util-klib-1.9.25.jar (org.jetbrains.kotlin:kotlin-util-klib:1.9.25) with MergeInstrumentationAnalysisTransform
Transforming kotlin-build-tools-api-1.9.25.jar (org.jetbrains.kotlin:kotlin-build-tools-api:1.9.25) with InstrumentationAnalysisTransform
Transforming kotlin-build-tools-api-1.9.25.jar (org.jetbrains.kotlin:kotlin-build-tools-api:1.9.25) with MergeInstrumentationAnalysisTransform
Transforming kotlin-android-extensions-1.9.25.jar (org.jetbrains.kotlin:kotlin-android-extensions:1.9.25) with InstrumentationAnalysisTransform
Transforming kotlin-android-extensions-1.9.25.jar (org.jetbrains.kotlin:kotlin-android-extensions:1.9.25) with MergeInstrumentationAnalysisTransform
Transforming kotlin-compiler-runner-1.9.25.jar (org.jetbrains.kotlin:kotlin-compiler-runner:1.9.25) with InstrumentationAnalysisTransform
Transforming kotlin-compiler-runner-1.9.25.jar (org.jetbrains.kotlin:kotlin-compiler-runner:1.9.25) with MergeInstrumentationAnalysisTransform
Transforming kotlin-compiler-embeddable-1.9.25.jar (org.jetbrains.kotlin:kotlin-compiler-embeddable:1.9.25) with InstrumentationAnalysisTransform
Transforming kotlin-compiler-embeddable-1.9.25.jar (org.jetbrains.kotlin:kotlin-compiler-embeddable:1.9.25) with MergeInstrumentationAnalysisTransform
Transforming kotlin-scripting-compiler-embeddable-1.9.25.jar (org.jetbrains.kotlin:kotlin-scripting-compiler-embeddable:1.9.25) with InstrumentationAnalysisTransform
Transforming android-test-plugin-host-retention-proto-31.7.2.jar (com.android.tools.utp:android-test-plugin-host-retention-proto:31.7.2) with ExternalDependencyInstrumentingArtifactTransform
Transforming builder-model-8.7.2.jar (com.android.tools.build:builder-model:8.7.2) with ExternalDependencyInstrumentingArtifactTransform
Transforming android-test-plugin-host-emulator-control-proto-31.7.2.jar (com.android.tools.utp:android-test-plugin-host-emulator-control-proto:31.7.2) with ExternalDependencyInstrumentingArtifactTransform
Transforming kotlin-scripting-compiler-embeddable-1.9.25.jar (org.jetbrains.kotlin:kotlin-scripting-compiler-embeddable:1.9.25) with MergeInstrumentationAnalysisTransform
Transforming symbol-processing-api-1.9.25-1.0.20.jar (com.google.devtools.ksp:symbol-processing-api:1.9.25-1.0.20) with ExternalDependencyInstrumentingArtifactTransform
Transforming kotlin-scripting-compiler-impl-embeddable-1.9.25.jar (org.jetbrains.kotlin:kotlin-scripting-compiler-impl-embeddable:1.9.25) with InstrumentationAnalysisTransform
Transforming ddmlib-31.7.2.jar (com.android.tools.ddms:ddmlib:31.7.2) with ExternalDependencyInstrumentingArtifactTransform
Transforming gradle-api-8.7.2.jar (com.android.tools.build:gradle-api:8.7.2) with ExternalDependencyInstrumentingArtifactTransform
Transforming layoutlib-api-31.7.2.jar (com.android.tools.layoutlib:layoutlib-api:31.7.2) with ExternalDependencyInstrumentingArtifactTransform
Transforming symbol-processing-common-deps-1.9.25-1.0.20.jar (com.google.devtools.ksp:symbol-processing-common-deps:1.9.25-1.0.20) with ExternalDependencyInstrumentingArtifactTransform
Transforming dvlib-31.7.2.jar (com.android.tools:dvlib:31.7.2) with ExternalDependencyInstrumentingArtifactTransform
Transforming kotlin-scripting-compiler-impl-embeddable-1.9.25.jar (org.jetbrains.kotlin:kotlin-scripting-compiler-impl-embeddable:1.9.25) with MergeInstrumentationAnalysisTransform
Transforming open-vulnerability-clients-6.1.7.jar (io.github.jeremylong:open-vulnerability-clients:6.1.7) with InstrumentationAnalysisTransform
Transforming open-vulnerability-clients-6.1.7.jar (io.github.jeremylong:open-vulnerability-clients:6.1.7) with MergeInstrumentationAnalysisTransform
Transforming jimfs-1.1.jar (com.google.jimfs:jimfs:1.1) with InstrumentationAnalysisTransform
Transforming jimfs-1.1.jar (com.google.jimfs:jimfs:1.1) with MergeInstrumentationAnalysisTransform
Transforming grpc-context-1.57.0.jar (io.grpc:grpc-context:1.57.0) with InstrumentationAnalysisTransform
Transforming grpc-context-1.57.0.jar (io.grpc:grpc-context:1.57.0) with MergeInstrumentationAnalysisTransform
Transforming grpc-protobuf-lite-1.57.0.jar (io.grpc:grpc-protobuf-lite:1.57.0) with InstrumentationAnalysisTransform
Transforming symbol-processing-gradle-plugin-1.9.25-1.0.20.jar (com.google.devtools.ksp:symbol-processing-gradle-plugin:1.9.25-1.0.20) with ExternalDependencyInstrumentingArtifactTransform
Transforming grpc-protobuf-lite-1.57.0.jar (io.grpc:grpc-protobuf-lite:1.57.0) with MergeInstrumentationAnalysisTransform
Transforming grpc-api-1.57.0.jar (io.grpc:grpc-api:1.57.0) with InstrumentationAnalysisTransform
Transforming grpc-api-1.57.0.jar (io.grpc:grpc-api:1.57.0) with MergeInstrumentationAnalysisTransform
Transforming guava-33.2.1-jre.jar (com.google.guava:guava:33.2.1-jre) with InstrumentationAnalysisTransform
Transforming guava-33.2.1-jre.jar (com.google.guava:guava:33.2.1-jre) with MergeInstrumentationAnalysisTransform
Transforming dagger-2.28.3.jar (com.google.dagger:dagger:2.28.3) with InstrumentationAnalysisTransform
Transforming dagger-2.28.3.jar (com.google.dagger:dagger:2.28.3) with MergeInstrumentationAnalysisTransform
Transforming javax.inject-1.jar (javax.inject:javax.inject:1) with InstrumentationAnalysisTransform
Transforming javax.inject-1.jar (javax.inject:javax.inject:1) with MergeInstrumentationAnalysisTransform
Transforming kxml2-2.3.0.jar (net.sf.kxml:kxml2:2.3.0) with InstrumentationAnalysisTransform
Transforming kxml2-2.3.0.jar (net.sf.kxml:kxml2:2.3.0) with MergeInstrumentationAnalysisTransform
Transforming bcutil-jdk18on-1.77.jar (org.bouncycastle:bcutil-jdk18on:1.77) with InstrumentationAnalysisTransform
Transforming bcutil-jdk18on-1.77.jar (org.bouncycastle:bcutil-jdk18on:1.77) with MergeInstrumentationAnalysisTransform
Transforming packager-core-0.19.0.jar (org.eclipse.packager:packager-core:0.19.0) with InstrumentationAnalysisTransform
Transforming packager-core-0.19.0.jar (org.eclipse.packager:packager-core:0.19.0) with MergeInstrumentationAnalysisTransform
Transforming bcpg-jdk18on-1.71.jar (org.bouncycastle:bcpg-jdk18on:1.71) with InstrumentationAnalysisTransform
Transforming bcpg-jdk18on-1.71.jar (org.bouncycastle:bcpg-jdk18on:1.71) with MergeInstrumentationAnalysisTransform
Transforming bcprov-jdk18on-1.77.jar (org.bouncycastle:bcprov-jdk18on:1.77) with InstrumentationAnalysisTransform
Transforming bcprov-jdk18on-1.77.jar (org.bouncycastle:bcprov-jdk18on:1.77) with MergeInstrumentationAnalysisTransform
Transforming trove4j-1.0.20200330.jar (org.jetbrains.intellij.deps:trove4j:1.0.20200330) with InstrumentationAnalysisTransform
Transforming trove4j-1.0.20200330.jar (org.jetbrains.intellij.deps:trove4j:1.0.20200330) with MergeInstrumentationAnalysisTransform
Transforming httpclient-4.5.14.jar (org.apache.httpcomponents:httpclient:4.5.14) with InstrumentationAnalysisTransform
Transforming httpclient-4.5.14.jar (org.apache.httpcomponents:httpclient:4.5.14) with MergeInstrumentationAnalysisTransform
Transforming httpcore-4.4.16.jar (org.apache.httpcomponents:httpcore:4.4.16) with InstrumentationAnalysisTransform
Transforming httpcore-4.4.16.jar (org.apache.httpcomponents:httpcore:4.4.16) with MergeInstrumentationAnalysisTransform
Transforming javax.activation-1.2.0.jar (com.sun.activation:javax.activation:1.2.0) with InstrumentationAnalysisTransform
Transforming javax.activation-1.2.0.jar (com.sun.activation:javax.activation:1.2.0) with MergeInstrumentationAnalysisTransform
Transforming signflinger-8.7.2.jar (com.android:signflinger:8.7.2) with InstrumentationAnalysisTransform
Transforming signflinger-8.7.2.jar (com.android:signflinger:8.7.2) with MergeInstrumentationAnalysisTransform
Transforming zipflinger-8.7.2.jar (com.android:zipflinger:8.7.2) with InstrumentationAnalysisTransform
Transforming zipflinger-8.7.2.jar (com.android:zipflinger:8.7.2) with MergeInstrumentationAnalysisTransform
Transforming annotations-31.7.2.jar (com.android.tools:annotations:31.7.2) with InstrumentationAnalysisTransform
Transforming annotations-31.7.2.jar (com.android.tools:annotations:31.7.2) with MergeInstrumentationAnalysisTransform
Transforming jna-platform-5.6.0.jar (net.java.dev.jna:jna-platform:5.6.0) with InstrumentationAnalysisTransform
Transforming jna-platform-5.6.0.jar (net.java.dev.jna:jna-platform:5.6.0) with MergeInstrumentationAnalysisTransform
Transforming juniversalchardet-1.0.3.jar (com.googlecode.juniversalchardet:juniversalchardet:1.0.3) with InstrumentationAnalysisTransform
Transforming juniversalchardet-1.0.3.jar (com.googlecode.juniversalchardet:juniversalchardet:1.0.3) with MergeInstrumentationAnalysisTransform
Transforming javax.annotation-api-1.3.2.jar (javax.annotation:javax.annotation-api:1.3.2) with InstrumentationAnalysisTransform
Transforming javax.annotation-api-1.3.2.jar (javax.annotation:javax.annotation-api:1.3.2) with MergeInstrumentationAnalysisTransform
Transforming stax-ex-1.8.1.jar (org.jvnet.staxex:stax-ex:1.8.1) with InstrumentationAnalysisTransform
Transforming stax-ex-1.8.1.jar (org.jvnet.staxex:stax-ex:1.8.1) with MergeInstrumentationAnalysisTransform
Transforming jakarta.xml.bind-api-2.3.2.jar (jakarta.xml.bind:jakarta.xml.bind-api:2.3.2) with InstrumentationAnalysisTransform
Transforming jakarta.xml.bind-api-2.3.2.jar (jakarta.xml.bind:jakarta.xml.bind-api:2.3.2) with MergeInstrumentationAnalysisTransform
Transforming txw2-2.3.2.jar (org.glassfish.jaxb:txw2:2.3.2) with InstrumentationAnalysisTransform
Transforming txw2-2.3.2.jar (org.glassfish.jaxb:txw2:2.3.2) with MergeInstrumentationAnalysisTransform
Transforming istack-commons-runtime-3.0.8.jar (com.sun.istack:istack-commons-runtime:3.0.8) with InstrumentationAnalysisTransform
Transforming istack-commons-runtime-3.0.8.jar (com.sun.istack:istack-commons-runtime:3.0.8) with MergeInstrumentationAnalysisTransform
Transforming FastInfoset-1.2.16.jar (com.sun.xml.fastinfoset:FastInfoset:1.2.16) with InstrumentationAnalysisTransform
Transforming FastInfoset-1.2.16.jar (com.sun.xml.fastinfoset:FastInfoset:1.2.16) with MergeInstrumentationAnalysisTransform
Transforming jakarta.activation-api-1.2.1.jar (jakarta.activation:jakarta.activation-api:1.2.1) with InstrumentationAnalysisTransform
Transforming jakarta.activation-api-1.2.1.jar (jakarta.activation:jakarta.activation-api:1.2.1) with MergeInstrumentationAnalysisTransform
Transforming auto-value-annotations-1.6.2.jar (com.google.auto.value:auto-value-annotations:1.6.2) with InstrumentationAnalysisTransform
Transforming auto-value-annotations-1.6.2.jar (com.google.auto.value:auto-value-annotations:1.6.2) with MergeInstrumentationAnalysisTransform
Transforming error_prone_annotations-2.26.1.jar (com.google.errorprone:error_prone_annotations:2.26.1) with InstrumentationAnalysisTransform
Transforming error_prone_annotations-2.26.1.jar (com.google.errorprone:error_prone_annotations:2.26.1) with MergeInstrumentationAnalysisTransform
Transforming jose4j-0.9.5.jar (org.bitbucket.b_c:jose4j:0.9.5) with InstrumentationAnalysisTransform
Transforming jose4j-0.9.5.jar (org.bitbucket.b_c:jose4j:0.9.5) with MergeInstrumentationAnalysisTransform
Transforming jcs3-slf4j-1.0.5.jar (io.github.jeremylong:jcs3-slf4j:1.0.5) with InstrumentationAnalysisTransform
Transforming jcs3-slf4j-1.0.5.jar (io.github.jeremylong:jcs3-slf4j:1.0.5) with MergeInstrumentationAnalysisTransform
Transforming cpe-parser-2.1.0.jar (us.springett:cpe-parser:2.1.0) with InstrumentationAnalysisTransform
Transforming cpe-parser-2.1.0.jar (us.springett:cpe-parser:2.1.0) with MergeInstrumentationAnalysisTransform
Transforming velocity-engine-core-2.3.jar (org.apache.velocity:velocity-engine-core:2.3) with InstrumentationAnalysisTransform
Transforming velocity-engine-core-2.3.jar (org.apache.velocity:velocity-engine-core:2.3) with MergeInstrumentationAnalysisTransform
Transforming httpclient5-5.3.1.jar (org.apache.httpcomponents.client5:httpclient5:5.3.1) with InstrumentationAnalysisTransform
Transforming httpclient5-5.3.1.jar (org.apache.httpcomponents.client5:httpclient5:5.3.1) with MergeInstrumentationAnalysisTransform
Transforming ossindex-service-api-1.8.2.jar (org.sonatype.ossindex:ossindex-service-api:1.8.2) with InstrumentationAnalysisTransform
Transforming ossindex-service-api-1.8.2.jar (org.sonatype.ossindex:ossindex-service-api:1.8.2) with MergeInstrumentationAnalysisTransform
Transforming jcl-over-slf4j-1.7.28.jar (org.slf4j:jcl-over-slf4j:1.7.28) with InstrumentationAnalysisTransform
Transforming jcl-over-slf4j-1.7.28.jar (org.slf4j:jcl-over-slf4j:1.7.28) with MergeInstrumentationAnalysisTransform
Transforming slf4j-api-1.7.36.jar (org.slf4j:slf4j-api:1.7.36) with InstrumentationAnalysisTransform
Transforming slf4j-api-1.7.36.jar (org.slf4j:slf4j-api:1.7.36) with MergeInstrumentationAnalysisTransform
Transforming jdom2-2.0.6.jar (org.jdom:jdom2:2.0.6) with InstrumentationAnalysisTransform
Transforming jdom2-2.0.6.jar (org.jdom:jdom2:2.0.6) with MergeInstrumentationAnalysisTransform
Transforming jsr305-3.0.2.jar (com.google.code.findbugs:jsr305:3.0.2) with InstrumentationAnalysisTransform
Transforming jsr305-3.0.2.jar (com.google.code.findbugs:jsr305:3.0.2) with MergeInstrumentationAnalysisTransform
Transforming j2objc-annotations-1.3.jar (com.google.j2objc:j2objc-annotations:1.3) with InstrumentationAnalysisTransform
Transforming j2objc-annotations-1.3.jar (com.google.j2objc:j2objc-annotations:1.3) with MergeInstrumentationAnalysisTransform
Transforming annotations-4.1.1.4.jar (com.google.android:annotations:4.1.1.4) with InstrumentationAnalysisTransform
Transforming annotations-4.1.1.4.jar (com.google.android:annotations:4.1.1.4) with MergeInstrumentationAnalysisTransform
Transforming animal-sniffer-annotations-1.23.jar (org.codehaus.mojo:animal-sniffer-annotations:1.23) with InstrumentationAnalysisTransform
Transforming animal-sniffer-annotations-1.23.jar (org.codehaus.mojo:animal-sniffer-annotations:1.23) with MergeInstrumentationAnalysisTransform
Transforming perfmark-api-0.26.0.jar (io.perfmark:perfmark-api:0.26.0) with InstrumentationAnalysisTransform
Transforming perfmark-api-0.26.0.jar (io.perfmark:perfmark-api:0.26.0) with MergeInstrumentationAnalysisTransform
Transforming netty-codec-http2-4.1.93.Final.jar (io.netty:netty-codec-http2:4.1.93.Final) with InstrumentationAnalysisTransform
Transforming netty-codec-http2-4.1.93.Final.jar (io.netty:netty-codec-http2:4.1.93.Final) with MergeInstrumentationAnalysisTransform
Transforming netty-handler-proxy-4.1.93.Final.jar (io.netty:netty-handler-proxy:4.1.93.Final) with InstrumentationAnalysisTransform
Transforming netty-handler-proxy-4.1.93.Final.jar (io.netty:netty-handler-proxy:4.1.93.Final) with MergeInstrumentationAnalysisTransform
Transforming netty-codec-http-4.1.93.Final.jar (io.netty:netty-codec-http:4.1.93.Final) with InstrumentationAnalysisTransform
Transforming netty-codec-http-4.1.93.Final.jar (io.netty:netty-codec-http:4.1.93.Final) with MergeInstrumentationAnalysisTransform
Transforming netty-handler-4.1.93.Final.jar (io.netty:netty-handler:4.1.93.Final) with InstrumentationAnalysisTransform
Transforming netty-handler-4.1.93.Final.jar (io.netty:netty-handler:4.1.93.Final) with MergeInstrumentationAnalysisTransform
Transforming netty-transport-native-unix-common-4.1.93.Final.jar (io.netty:netty-transport-native-unix-common:4.1.93.Final) with InstrumentationAnalysisTransform
Transforming netty-transport-native-unix-common-4.1.93.Final.jar (io.netty:netty-transport-native-unix-common:4.1.93.Final) with MergeInstrumentationAnalysisTransform
Transforming checker-qual-3.42.0.jar (org.checkerframework:checker-qual:3.42.0) with InstrumentationAnalysisTransform
Transforming checker-qual-3.42.0.jar (org.checkerframework:checker-qual:3.42.0) with MergeInstrumentationAnalysisTransform
Transforming commons-codec-1.17.0.jar (commons-codec:commons-codec:1.17.0) with InstrumentationAnalysisTransform
Transforming commons-codec-1.17.0.jar (commons-codec:commons-codec:1.17.0) with MergeInstrumentationAnalysisTransform
Transforming apksig-8.7.2.jar (com.android.tools.build:apksig:8.7.2) with InstrumentationAnalysisTransform
Transforming apksig-8.7.2.jar (com.android.tools.build:apksig:8.7.2) with MergeInstrumentationAnalysisTransform
Transforming javawriter-2.5.0.jar (com.squareup:javawriter:2.5.0) with InstrumentationAnalysisTransform
Transforming javawriter-2.5.0.jar (com.squareup:javawriter:2.5.0) with MergeInstrumentationAnalysisTransform
Transforming kotlin-gradle-plugin-annotations-1.9.25.jar (org.jetbrains.kotlin:kotlin-gradle-plugin-annotations:1.9.25) with InstrumentationAnalysisTransform
Transforming kotlin-gradle-plugin-annotations-1.9.25.jar (org.jetbrains.kotlin:kotlin-gradle-plugin-annotations:1.9.25) with MergeInstrumentationAnalysisTransform
Transforming kotlin-project-model-1.9.25.jar (org.jetbrains.kotlin:kotlin-project-model:1.9.25) with InstrumentationAnalysisTransform
Transforming kotlin-project-model-1.9.25.jar (org.jetbrains.kotlin:kotlin-project-model:1.9.25) with MergeInstrumentationAnalysisTransform
Transforming kotlin-tooling-core-1.9.25.jar (org.jetbrains.kotlin:kotlin-tooling-core:1.9.25) with InstrumentationAnalysisTransform
Transforming kotlin-tooling-core-1.9.25.jar (org.jetbrains.kotlin:kotlin-tooling-core:1.9.25) with MergeInstrumentationAnalysisTransform
Transforming kotlin-util-io-1.9.25.jar (org.jetbrains.kotlin:kotlin-util-io:1.9.25) with InstrumentationAnalysisTransform
Transforming kotlin-util-io-1.9.25.jar (org.jetbrains.kotlin:kotlin-util-io:1.9.25) with MergeInstrumentationAnalysisTransform
Transforming kotlin-daemon-embeddable-1.9.25.jar (org.jetbrains.kotlin:kotlin-daemon-embeddable:1.9.25) with InstrumentationAnalysisTransform
Transforming kotlin-daemon-embeddable-1.9.25.jar (org.jetbrains.kotlin:kotlin-daemon-embeddable:1.9.25) with MergeInstrumentationAnalysisTransform
Transforming kotlin-daemon-client-1.9.25.jar (org.jetbrains.kotlin:kotlin-daemon-client:1.9.25) with InstrumentationAnalysisTransform
Transforming kotlin-daemon-client-1.9.25.jar (org.jetbrains.kotlin:kotlin-daemon-client:1.9.25) with MergeInstrumentationAnalysisTransform
Transforming kotlinx-coroutines-core-jvm-1.5.0.jar (org.jetbrains.kotlinx:kotlinx-coroutines-core-jvm:1.5.0) with InstrumentationAnalysisTransform
Transforming kotlinx-coroutines-core-jvm-1.5.0.jar (org.jetbrains.kotlinx:kotlinx-coroutines-core-jvm:1.5.0) with MergeInstrumentationAnalysisTransform
Transforming kotlin-scripting-jvm-1.9.25.jar (org.jetbrains.kotlin:kotlin-scripting-jvm:1.9.25) with InstrumentationAnalysisTransform
Transforming kotlin-scripting-jvm-1.9.25.jar (org.jetbrains.kotlin:kotlin-scripting-jvm:1.9.25) with MergeInstrumentationAnalysisTransform
Transforming kotlin-scripting-common-1.9.25.jar (org.jetbrains.kotlin:kotlin-scripting-common:1.9.25) with InstrumentationAnalysisTransform
Transforming kotlin-scripting-common-1.9.25.jar (org.jetbrains.kotlin:kotlin-scripting-common:1.9.25) with MergeInstrumentationAnalysisTransform
Transforming jdiagnostics-1.0.7.jar (org.anarres.jdiagnostics:jdiagnostics:1.0.7) with InstrumentationAnalysisTransform
Transforming jdiagnostics-1.0.7.jar (org.anarres.jdiagnostics:jdiagnostics:1.0.7) with MergeInstrumentationAnalysisTransform
Transforming pecoff4j-0.0.2.1.jar (org.whitesource:pecoff4j:0.0.2.1) with InstrumentationAnalysisTransform
Transforming pecoff4j-0.0.2.1.jar (org.whitesource:pecoff4j:0.0.2.1) with MergeInstrumentationAnalysisTransform
Transforming commons-jcs3-core-3.2.1.jar (org.apache.commons:commons-jcs3-core:3.2.1) with InstrumentationAnalysisTransform
Transforming commons-jcs3-core-3.2.1.jar (org.apache.commons:commons-jcs3-core:3.2.1) with MergeInstrumentationAnalysisTransform
Transforming packageurl-java-1.5.0.jar (com.github.package-url:packageurl-java:1.5.0) with InstrumentationAnalysisTransform
Transforming packageurl-java-1.5.0.jar (com.github.package-url:packageurl-java:1.5.0) with MergeInstrumentationAnalysisTransform
Transforming semver4j-5.3.0.jar (org.semver4j:semver4j:5.3.0) with InstrumentationAnalysisTransform
Transforming semver4j-5.3.0.jar (org.semver4j:semver4j:5.3.0) with MergeInstrumentationAnalysisTransform
Transforming commons-collections4-4.4.jar (org.apache.commons:commons-collections4:4.4) with InstrumentationAnalysisTransform
Transforming commons-collections4-4.4.jar (org.apache.commons:commons-collections4:4.4) with MergeInstrumentationAnalysisTransform
Transforming commons-text-1.12.0.jar (org.apache.commons:commons-text:1.12.0) with InstrumentationAnalysisTransform
Transforming commons-text-1.12.0.jar (org.apache.commons:commons-text:1.12.0) with MergeInstrumentationAnalysisTransform
Transforming commons-lang3-3.14.0.jar (org.apache.commons:commons-lang3:3.14.0) with InstrumentationAnalysisTransform
Transforming commons-lang3-3.14.0.jar (org.apache.commons:commons-lang3:3.14.0) with MergeInstrumentationAnalysisTransform
Transforming commons-dbcp2-2.12.0.jar (org.apache.commons:commons-dbcp2:2.12.0) with InstrumentationAnalysisTransform
Transforming commons-dbcp2-2.12.0.jar (org.apache.commons:commons-dbcp2:2.12.0) with MergeInstrumentationAnalysisTransform
Transforming lucene-analyzers-common-8.11.3.jar (org.apache.lucene:lucene-analyzers-common:8.11.3) with InstrumentationAnalysisTransform
Transforming lucene-analyzers-common-8.11.3.jar (org.apache.lucene:lucene-analyzers-common:8.11.3) with MergeInstrumentationAnalysisTransform
Transforming lucene-queryparser-8.11.3.jar (org.apache.lucene:lucene-queryparser:8.11.3) with InstrumentationAnalysisTransform
Transforming lucene-queryparser-8.11.3.jar (org.apache.lucene:lucene-queryparser:8.11.3) with MergeInstrumentationAnalysisTransform
Transforming lucene-core-8.11.3.jar (org.apache.lucene:lucene-core:8.11.3) with InstrumentationAnalysisTransform
Transforming lucene-core-8.11.3.jar (org.apache.lucene:lucene-core:8.11.3) with MergeInstrumentationAnalysisTransform
Transforming h2-2.1.214.jar (com.h2database:h2:2.1.214) with InstrumentationAnalysisTransform
Transforming h2-2.1.214.jar (com.h2database:h2:2.1.214) with MergeInstrumentationAnalysisTransform
Transforming javax.json-1.1.4.jar (org.glassfish:javax.json:1.1.4) with InstrumentationAnalysisTransform
Transforming javax.json-1.1.4.jar (org.glassfish:javax.json:1.1.4) with MergeInstrumentationAnalysisTransform
Transforming jsoup-1.17.2.jar (org.jsoup:jsoup:1.17.2) with InstrumentationAnalysisTransform
Transforming jsoup-1.17.2.jar (org.jsoup:jsoup:1.17.2) with MergeInstrumentationAnalysisTransform
Transforming jackson-module-afterburner-2.17.1.jar (com.fasterxml.jackson.module:jackson-module-afterburner:2.17.1) with InstrumentationAnalysisTransform
Transforming jackson-module-afterburner-2.17.1.jar (com.fasterxml.jackson.module:jackson-module-afterburner:2.17.1) with MergeInstrumentationAnalysisTransform
Transforming jackson-module-blackbird-2.17.1.jar (com.fasterxml.jackson.module:jackson-module-blackbird:2.17.1) with InstrumentationAnalysisTransform
Transforming jackson-module-blackbird-2.17.1.jar (com.fasterxml.jackson.module:jackson-module-blackbird:2.17.1) with MergeInstrumentationAnalysisTransform
Transforming jackson-dataformat-yaml-2.17.1.jar (com.fasterxml.jackson.dataformat:jackson-dataformat-yaml:2.17.1) with InstrumentationAnalysisTransform
Transforming jackson-dataformat-yaml-2.17.1.jar (com.fasterxml.jackson.dataformat:jackson-dataformat-yaml:2.17.1) with MergeInstrumentationAnalysisTransform
Transforming jackson-annotations-2.17.1.jar (com.fasterxml.jackson.core:jackson-annotations:2.17.1) with InstrumentationAnalysisTransform
Transforming jackson-annotations-2.17.1.jar (com.fasterxml.jackson.core:jackson-annotations:2.17.1) with MergeInstrumentationAnalysisTransform
Transforming jackson-core-2.17.1.jar (com.fasterxml.jackson.core:jackson-core:2.17.1) with InstrumentationAnalysisTransform
Transforming jackson-core-2.17.1.jar (com.fasterxml.jackson.core:jackson-core:2.17.1) with MergeInstrumentationAnalysisTransform
Transforming jackson-datatype-jsr310-2.17.1.jar (com.fasterxml.jackson.datatype:jackson-datatype-jsr310:2.17.1) with InstrumentationAnalysisTransform
Transforming jackson-datatype-jsr310-2.17.1.jar (com.fasterxml.jackson.datatype:jackson-datatype-jsr310:2.17.1) with MergeInstrumentationAnalysisTransform
Transforming jackson-databind-2.17.1.jar (com.fasterxml.jackson.core:jackson-databind:2.17.1) with InstrumentationAnalysisTransform
Transforming jackson-databind-2.17.1.jar (com.fasterxml.jackson.core:jackson-databind:2.17.1) with MergeInstrumentationAnalysisTransform
Transforming retirejs-core-3.0.4.jar (com.h3xstream.retirejs:retirejs-core:3.0.4) with InstrumentationAnalysisTransform
Transforming retirejs-core-3.0.4.jar (com.h3xstream.retirejs:retirejs-core:3.0.4) with MergeInstrumentationAnalysisTransform
Transforming aho-corasick-double-array-trie-1.2.3.jar (com.hankcs:aho-corasick-double-array-trie:1.2.3) with InstrumentationAnalysisTransform
Transforming aho-corasick-double-array-trie-1.2.3.jar (com.hankcs:aho-corasick-double-array-trie:1.2.3) with MergeInstrumentationAnalysisTransform
Transforming commons-validator-1.9.0.jar (commons-validator:commons-validator:1.9.0) with InstrumentationAnalysisTransform
Transforming commons-validator-1.9.0.jar (commons-validator:commons-validator:1.9.0) with MergeInstrumentationAnalysisTransform
Transforming commons-beanutils-1.9.4.jar (commons-beanutils:commons-beanutils:1.9.4) with InstrumentationAnalysisTransform
Transforming commons-beanutils-1.9.4.jar (commons-beanutils:commons-beanutils:1.9.4) with MergeInstrumentationAnalysisTransform
Transforming commons-logging-1.3.2.jar (commons-logging:commons-logging:1.3.2) with InstrumentationAnalysisTransform
Transforming commons-logging-1.3.2.jar (commons-logging:commons-logging:1.3.2) with MergeInstrumentationAnalysisTransform
Transforming jna-5.6.0.jar (net.java.dev.jna:jna:5.6.0) with InstrumentationAnalysisTransform
Transforming jna-5.6.0.jar (net.java.dev.jna:jna:5.6.0) with MergeInstrumentationAnalysisTransform
Transforming netty-codec-socks-4.1.93.Final.jar (io.netty:netty-codec-socks:4.1.93.Final) with InstrumentationAnalysisTransform
Transforming netty-codec-socks-4.1.93.Final.jar (io.netty:netty-codec-socks:4.1.93.Final) with MergeInstrumentationAnalysisTransform
Transforming netty-codec-4.1.93.Final.jar (io.netty:netty-codec:4.1.93.Final) with InstrumentationAnalysisTransform
Transforming netty-codec-4.1.93.Final.jar (io.netty:netty-codec:4.1.93.Final) with MergeInstrumentationAnalysisTransform
Transforming netty-transport-4.1.93.Final.jar (io.netty:netty-transport:4.1.93.Final) with InstrumentationAnalysisTransform
Transforming netty-transport-4.1.93.Final.jar (io.netty:netty-transport:4.1.93.Final) with MergeInstrumentationAnalysisTransform
Transforming netty-buffer-4.1.93.Final.jar (io.netty:netty-buffer:4.1.93.Final) with InstrumentationAnalysisTransform
Transforming netty-buffer-4.1.93.Final.jar (io.netty:netty-buffer:4.1.93.Final) with MergeInstrumentationAnalysisTransform
Transforming netty-resolver-4.1.93.Final.jar (io.netty:netty-resolver:4.1.93.Final) with InstrumentationAnalysisTransform
Transforming netty-resolver-4.1.93.Final.jar (io.netty:netty-resolver:4.1.93.Final) with MergeInstrumentationAnalysisTransform
Transforming netty-common-4.1.93.Final.jar (io.netty:netty-common:4.1.93.Final) with InstrumentationAnalysisTransform
Transforming netty-common-4.1.93.Final.jar (io.netty:netty-common:4.1.93.Final) with MergeInstrumentationAnalysisTransform
Transforming jmustache-1.15.jar (com.samskivert:jmustache:1.15) with InstrumentationAnalysisTransform
Transforming jmustache-1.15.jar (com.samskivert:jmustache:1.15) with MergeInstrumentationAnalysisTransform
Transforming failureaccess-1.0.2.jar (com.google.guava:failureaccess:1.0.2) with InstrumentationAnalysisTransform
Transforming failureaccess-1.0.2.jar (com.google.guava:failureaccess:1.0.2) with MergeInstrumentationAnalysisTransform
Transforming listenablefuture-9999.0-empty-to-avoid-conflict-with-guava.jar (com.google.guava:listenablefuture:9999.0-empty-to-avoid-conflict-with-guava) with InstrumentationAnalysisTransform
Transforming listenablefuture-9999.0-empty-to-avoid-conflict-with-guava.jar (com.google.guava:listenablefuture:9999.0-empty-to-avoid-conflict-with-guava) with MergeInstrumentationAnalysisTransform
Transforming commons-pool2-2.12.0.jar (org.apache.commons:commons-pool2:2.12.0) with InstrumentationAnalysisTransform
Transforming commons-pool2-2.12.0.jar (org.apache.commons:commons-pool2:2.12.0) with MergeInstrumentationAnalysisTransform
Transforming jakarta.transaction-api-1.3.3.jar (jakarta.transaction:jakarta.transaction-api:1.3.3) with InstrumentationAnalysisTransform
Transforming jakarta.transaction-api-1.3.3.jar (jakarta.transaction:jakarta.transaction-api:1.3.3) with MergeInstrumentationAnalysisTransform
Transforming lucene-queries-8.11.3.jar (org.apache.lucene:lucene-queries:8.11.3) with InstrumentationAnalysisTransform
Transforming lucene-queries-8.11.3.jar (org.apache.lucene:lucene-queries:8.11.3) with MergeInstrumentationAnalysisTransform
Transforming lucene-sandbox-8.11.3.jar (org.apache.lucene:lucene-sandbox:8.11.3) with InstrumentationAnalysisTransform
Transforming lucene-sandbox-8.11.3.jar (org.apache.lucene:lucene-sandbox:8.11.3) with MergeInstrumentationAnalysisTransform
Transforming snakeyaml-2.2.jar (org.yaml:snakeyaml:2.2) with InstrumentationAnalysisTransform
Transforming snakeyaml-2.2.jar (org.yaml:snakeyaml:2.2) with MergeInstrumentationAnalysisTransform
Transforming android-json-0.0.20131108.vaadin1.jar (com.vaadin.external.google:android-json:0.0.20131108.vaadin1) with InstrumentationAnalysisTransform
Transforming android-json-0.0.20131108.vaadin1.jar (com.vaadin.external.google:android-json:0.0.20131108.vaadin1) with MergeInstrumentationAnalysisTransform
Transforming minlog-1.3.1.jar (com.esotericsoftware:minlog:1.3.1) with InstrumentationAnalysisTransform
Transforming minlog-1.3.1.jar (com.esotericsoftware:minlog:1.3.1) with MergeInstrumentationAnalysisTransform
Transforming compiler-0.9.6.jar (com.github.spullara.mustache.java:compiler:0.9.6) with InstrumentationAnalysisTransform
Transforming compiler-0.9.6.jar (com.github.spullara.mustache.java:compiler:0.9.6) with MergeInstrumentationAnalysisTransform
Transforming joda-time-2.10.4.jar (joda-time:joda-time:2.10.4) with InstrumentationAnalysisTransform
Transforming joda-time-2.10.4.jar (joda-time:joda-time:2.10.4) with MergeInstrumentationAnalysisTransform
Transforming jaxb-api-2.3.1.jar (javax.xml.bind:jaxb-api:2.3.1) with InstrumentationAnalysisTransform
Transforming jaxb-api-2.3.1.jar (javax.xml.bind:jaxb-api:2.3.1) with MergeInstrumentationAnalysisTransform
Transforming commons-digester-2.1.jar (commons-digester:commons-digester:2.1) with InstrumentationAnalysisTransform
Transforming commons-digester-2.1.jar (commons-digester:commons-digester:2.1) with MergeInstrumentationAnalysisTransform
Transforming commons-collections-3.2.2.jar (commons-collections:commons-collections:3.2.2) with InstrumentationAnalysisTransform
Transforming commons-collections-3.2.2.jar (commons-collections:commons-collections:3.2.2) with MergeInstrumentationAnalysisTransform
Transforming xz-1.9.jar (org.tukaani:xz:1.9) with InstrumentationAnalysisTransform
Transforming xz-1.9.jar (org.tukaani:xz:1.9) with MergeInstrumentationAnalysisTransform
Transforming httpcore5-h2-5.2.4.jar (org.apache.httpcomponents.core5:httpcore5-h2:5.2.4) with InstrumentationAnalysisTransform
Transforming httpcore5-h2-5.2.4.jar (org.apache.httpcomponents.core5:httpcore5-h2:5.2.4) with MergeInstrumentationAnalysisTransform
Transforming httpcore5-5.2.4.jar (org.apache.httpcomponents.core5:httpcore5:5.2.4) with InstrumentationAnalysisTransform
Transforming httpcore5-5.2.4.jar (org.apache.httpcomponents.core5:httpcore5:5.2.4) with MergeInstrumentationAnalysisTransform
Transforming javax.ws.rs-api-2.0.1.jar (javax.ws.rs:javax.ws.rs-api:2.0.1) with InstrumentationAnalysisTransform
Transforming javax.ws.rs-api-2.0.1.jar (javax.ws.rs:javax.ws.rs-api:2.0.1) with MergeInstrumentationAnalysisTransform
Transforming package-url-java-1.1.1.jar (org.sonatype.goodies:package-url-java:1.1.1) with InstrumentationAnalysisTransform
Transforming package-url-java-1.1.1.jar (org.sonatype.goodies:package-url-java:1.1.1) with MergeInstrumentationAnalysisTransform
Transforming javax.activation-api-1.2.0.jar (javax.activation:javax.activation-api:1.2.0) with InstrumentationAnalysisTransform
Transforming javax.activation-api-1.2.0.jar (javax.activation:javax.activation-api:1.2.0) with MergeInstrumentationAnalysisTransform
Transforming common-31.7.2.jar (com.android.tools:common:31.7.2) with ExternalDependencyInstrumentingArtifactTransform
Transforming kotlin-stdlib-jdk8-1.9.20.jar (org.jetbrains.kotlin:kotlin-stdlib-jdk8:1.9.20) with ExternalDependencyInstrumentingArtifactTransform
Transforming builder-test-api-8.7.2.jar (com.android.tools.build:builder-test-api:8.7.2) with ExternalDependencyInstrumentingArtifactTransform
Transforming kotlin-stdlib-1.9.24.jar (org.jetbrains.kotlin:kotlin-stdlib:1.9.24) with ExternalDependencyInstrumentingArtifactTransform
Transforming kotlin-reflect-1.9.24.jar (org.jetbrains.kotlin:kotlin-reflect:1.9.24) with ExternalDependencyInstrumentingArtifactTransform
Transforming annotations-13.0.jar (org.jetbrains:annotations:13.0) with ExternalDependencyInstrumentingArtifactTransform
Transforming jetifier-processor-1.0.0-beta10.jar (com.android.tools.build.jetifier:jetifier-processor:1.0.0-beta10) with ExternalDependencyInstrumentingArtifactTransform
Transforming kotlin-stdlib-jdk7-1.9.20.jar (org.jetbrains.kotlin:kotlin-stdlib-jdk7:1.9.20) with ExternalDependencyInstrumentingArtifactTransform
Transforming kotlin-gradle-plugin-model-1.9.25.jar (org.jetbrains.kotlin:kotlin-gradle-plugin-model:1.9.25) with ExternalDependencyInstrumentingArtifactTransform
Transforming kotlin-gradle-plugin-api-1.9.25-gradle82.jar (org.jetbrains.kotlin:kotlin-gradle-plugin-api:1.9.25) with ExternalDependencyInstrumentingArtifactTransform
Transforming kotlin-gradle-plugin-api-1.9.25.jar (org.jetbrains.kotlin:kotlin-gradle-plugin-api:1.9.25) with ExternalDependencyInstrumentingArtifactTransform
Transforming jetifier-core-1.0.0-beta10.jar (com.android.tools.build.jetifier:jetifier-core:1.0.0-beta10) with ExternalDependencyInstrumentingArtifactTransform
Transforming kotlin-serialization-1.9.25-gradle82.jar (org.jetbrains.kotlin:kotlin-serialization:1.9.25) with ExternalDependencyInstrumentingArtifactTransform
Transforming kotlin-gradle-plugin-1.9.25-gradle82.jar (org.jetbrains.kotlin:kotlin-gradle-plugin:1.9.25) with ExternalDependencyInstrumentingArtifactTransform
Transforming detekt-gradle-plugin-1.23.4.jar (io.gitlab.arturbosch.detekt:detekt-gradle-plugin:1.23.4) with ExternalDependencyInstrumentingArtifactTransform
Transforming dependency-check-gradle-10.0.3.jar (org.owasp:dependency-check-gradle:10.0.3) with ExternalDependencyInstrumentingArtifactTransform
Transforming bundletool-1.17.1.jar (com.android.tools.build:bundletool:1.17.1) with ExternalDependencyInstrumentingArtifactTransform
Transforming aapt2-proto-8.7.2-12006047.jar (com.android.tools.build:aapt2-proto:8.7.2-12006047) with ExternalDependencyInstrumentingArtifactTransform
Transforming databinding-common-8.7.2.jar (androidx.databinding:databinding-common:8.7.2) with ExternalDependencyInstrumentingArtifactTransform
Transforming lint-typedef-remover-31.7.2.jar (com.android.tools.lint:lint-typedef-remover:31.7.2) with ExternalDependencyInstrumentingArtifactTransform
Transforming baseLibrary-8.7.2.jar (com.android.databinding:baseLibrary:8.7.2) with ExternalDependencyInstrumentingArtifactTransform
Transforming crash-31.7.2.jar (com.android.tools.analytics-library:crash:31.7.2) with ExternalDependencyInstrumentingArtifactTransform
Transforming android-device-provider-profile-proto-31.7.2.jar (com.android.tools.utp:android-device-provider-profile-proto:31.7.2) with ExternalDependencyInstrumentingArtifactTransform
Transforming android-device-provider-gradle-proto-31.7.2.jar (com.android.tools.utp:android-device-provider-gradle-proto:31.7.2) with ExternalDependencyInstrumentingArtifactTransform
Transforming android-device-provider-ddmlib-proto-31.7.2.jar (com.android.tools.utp:android-device-provider-ddmlib-proto:31.7.2) with ExternalDependencyInstrumentingArtifactTransform
Transforming android-test-plugin-host-coverage-proto-31.7.2.jar (com.android.tools.utp:android-test-plugin-host-coverage-proto:31.7.2) with ExternalDependencyInstrumentingArtifactTransform
Transforming android-test-plugin-host-additional-test-output-proto-31.7.2.jar (com.android.tools.utp:android-test-plugin-host-additional-test-output-proto:31.7.2) with ExternalDependencyInstrumentingArtifactTransform
Transforming android-test-plugin-host-logcat-proto-31.7.2.jar (com.android.tools.utp:android-test-plugin-host-logcat-proto:31.7.2) with ExternalDependencyInstrumentingArtifactTransform
Transforming transform-api-2.0.0-deprecated-use-gradle-api.jar (com.android.tools.build:transform-api:2.0.0-deprecated-use-gradle-api) with ExternalDependencyInstrumentingArtifactTransform
Transforming android-test-plugin-host-apk-installer-proto-31.7.2.jar (com.android.tools.utp:android-test-plugin-host-apk-installer-proto:31.7.2) with ExternalDependencyInstrumentingArtifactTransform
Transforming dependency-check-core-10.0.3.jar (org.owasp:dependency-check-core:10.0.3) with ExternalDependencyInstrumentingArtifactTransform
Transforming android-test-plugin-result-listener-gradle-proto-31.7.2.jar (com.android.tools.utp:android-test-plugin-result-listener-gradle-proto:31.7.2) with ExternalDependencyInstrumentingArtifactTransform
Transforming httpmime-4.5.6.jar (org.apache.httpcomponents:httpmime:4.5.6) with ExternalDependencyInstrumentingArtifactTransform
Transforming commons-compress-1.26.2.jar (org.apache.commons:commons-compress:1.26.2) with ExternalDependencyInstrumentingArtifactTransform
Transforming dependency-check-utils-10.0.3.jar (org.owasp:dependency-check-utils:10.0.3) with ExternalDependencyInstrumentingArtifactTransform
Transforming commons-io-2.16.1.jar (commons-io:commons-io:2.16.1) with ExternalDependencyInstrumentingArtifactTransform
Transforming asm-util-9.6.jar (org.ow2.asm:asm-util:9.6) with ExternalDependencyInstrumentingArtifactTransform
Transforming packager-rpm-0.19.0.jar (org.eclipse.packager:packager-rpm:0.19.0) with ExternalDependencyInstrumentingArtifactTransform
Transforming asm-commons-9.6.jar (org.ow2.asm:asm-commons:9.6) with ExternalDependencyInstrumentingArtifactTransform
Transforming asm-tree-9.6.jar (org.ow2.asm:asm-tree:9.6) with ExternalDependencyInstrumentingArtifactTransform
Transforming asm-analysis-9.6.jar (org.ow2.asm:asm-analysis:9.6) with ExternalDependencyInstrumentingArtifactTransform
Transforming asm-9.6.jar (org.ow2.asm:asm:9.6) with ExternalDependencyInstrumentingArtifactTransform
Transforming bcpkix-jdk18on-1.77.jar (org.bouncycastle:bcpkix-jdk18on:1.77) with ExternalDependencyInstrumentingArtifactTransform
Transforming apkzlib-8.7.2.jar (com.android.tools.build:apkzlib:8.7.2) with ExternalDependencyInstrumentingArtifactTransform
Transforming jaxb-runtime-2.3.2.jar (org.glassfish.jaxb:jaxb-runtime:2.3.2) with ExternalDependencyInstrumentingArtifactTransform
Transforming protobuf-java-util-3.22.3.jar (com.google.protobuf:protobuf-java-util:3.22.3) with ExternalDependencyInstrumentingArtifactTransform
Transforming tink-1.7.0.jar (com.google.crypto.tink:tink:1.7.0) with ExternalDependencyInstrumentingArtifactTransform
Transforming grpc-protobuf-1.57.0.jar (io.grpc:grpc-protobuf:1.57.0) with ExternalDependencyInstrumentingArtifactTransform
Transforming jopt-simple-4.9.jar (net.sf.jopt-simple:jopt-simple:4.9) with ExternalDependencyInstrumentingArtifactTransform
Transforming protos-31.7.2.jar (com.android.tools.analytics-library:protos:31.7.2) with ExternalDependencyInstrumentingArtifactTransform
Transforming protobuf-java-3.22.3.jar (com.google.protobuf:protobuf-java:3.22.3) with ExternalDependencyInstrumentingArtifactTransform
Transforming javapoet-1.13.0.jar (com.squareup:javapoet:1.13.0) with ExternalDependencyInstrumentingArtifactTransform
Transforming grpc-netty-1.57.0.jar (io.grpc:grpc-netty:1.57.0) with ExternalDependencyInstrumentingArtifactTransform
Transforming proto-google-common-protos-2.17.0.jar (com.google.api.grpc:proto-google-common-protos:2.17.0) with ExternalDependencyInstrumentingArtifactTransform
Transforming grpc-core-1.57.0.jar (io.grpc:grpc-core:1.57.0) with ExternalDependencyInstrumentingArtifactTransform
Transforming slack-webhook-1.4.0.jar (net.gpedro.integrations.slack:slack-webhook:1.4.0) with ExternalDependencyInstrumentingArtifactTransform
Transforming toml4j-0.7.2.jar (com.moandjiezana.toml:toml4j:0.7.2) with ExternalDependencyInstrumentingArtifactTransform
Transforming ossindex-service-client-1.8.2.jar (org.sonatype.ossindex:ossindex-service-client:1.8.2) with ExternalDependencyInstrumentingArtifactTransform
Transforming gson-2.10.1.jar (com.google.code.gson:gson:2.10.1) with ExternalDependencyInstrumentingArtifactTransform
Transforming grpc-stub-1.57.0.jar (io.grpc:grpc-stub:1.57.0) with ExternalDependencyInstrumentingArtifactTransform
Transforming kotlin-gradle-plugin-idea-1.9.25.jar (org.jetbrains.kotlin:kotlin-gradle-plugin-idea:1.9.25) with ExternalDependencyInstrumentingArtifactTransform
Transforming tensorflow-lite-metadata-0.1.0-rc2.jar (org.tensorflow:tensorflow-lite-metadata:0.1.0-rc2) with ExternalDependencyInstrumentingArtifactTransform
Transforming core-proto-0.0.9-alpha02.jar (com.google.testing.platform:core-proto:0.0.9-alpha02) with ExternalDependencyInstrumentingArtifactTransform
Transforming kotlin-gradle-plugin-idea-proto-1.9.25.jar (org.jetbrains.kotlin:kotlin-gradle-plugin-idea-proto:1.9.25) with ExternalDependencyInstrumentingArtifactTransform
Transforming kotlin-klib-commonizer-api-1.9.25.jar (org.jetbrains.kotlin:kotlin-klib-commonizer-api:1.9.25) with ExternalDependencyInstrumentingArtifactTransform
Transforming kotlin-build-tools-api-1.9.25.jar (org.jetbrains.kotlin:kotlin-build-tools-api:1.9.25) with ExternalDependencyInstrumentingArtifactTransform
Transforming flatbuffers-java-1.12.0.jar (com.google.flatbuffers:flatbuffers-java:1.12.0) with ExternalDependencyInstrumentingArtifactTransform
Transforming kotlin-util-klib-1.9.25.jar (org.jetbrains.kotlin:kotlin-util-klib:1.9.25) with ExternalDependencyInstrumentingArtifactTransform
Transforming kotlin-native-utils-1.9.25.jar (org.jetbrains.kotlin:kotlin-native-utils:1.9.25) with ExternalDependencyInstrumentingArtifactTransform
Transforming kotlin-compiler-runner-1.9.25.jar (org.jetbrains.kotlin:kotlin-compiler-runner:1.9.25) with ExternalDependencyInstrumentingArtifactTransform
Transforming kotlin-compiler-embeddable-1.9.25.jar (org.jetbrains.kotlin:kotlin-compiler-embeddable:1.9.25) with ExternalDependencyInstrumentingArtifactTransform
Transforming kotlin-android-extensions-1.9.25.jar (org.jetbrains.kotlin:kotlin-android-extensions:1.9.25) with ExternalDependencyInstrumentingArtifactTransform
Transforming jimfs-1.1.jar (com.google.jimfs:jimfs:1.1) with ExternalDependencyInstrumentingArtifactTransform
Transforming kotlin-scripting-compiler-embeddable-1.9.25.jar (org.jetbrains.kotlin:kotlin-scripting-compiler-embeddable:1.9.25) with ExternalDependencyInstrumentingArtifactTransform
Transforming grpc-context-1.57.0.jar (io.grpc:grpc-context:1.57.0) with ExternalDependencyInstrumentingArtifactTransform
Transforming open-vulnerability-clients-6.1.7.jar (io.github.jeremylong:open-vulnerability-clients:6.1.7) with ExternalDependencyInstrumentingArtifactTransform
Transforming kotlin-scripting-compiler-impl-embeddable-1.9.25.jar (org.jetbrains.kotlin:kotlin-scripting-compiler-impl-embeddable:1.9.25) with ExternalDependencyInstrumentingArtifactTransform
Transforming dagger-2.28.3.jar (com.google.dagger:dagger:2.28.3) with ExternalDependencyInstrumentingArtifactTransform
Transforming grpc-api-1.57.0.jar (io.grpc:grpc-api:1.57.0) with ExternalDependencyInstrumentingArtifactTransform
Transforming javax.inject-1.jar (javax.inject:javax.inject:1) with ExternalDependencyInstrumentingArtifactTransform
Transforming guava-33.2.1-jre.jar (com.google.guava:guava:33.2.1-jre) with ExternalDependencyInstrumentingArtifactTransform
Transforming grpc-protobuf-lite-1.57.0.jar (io.grpc:grpc-protobuf-lite:1.57.0) with ExternalDependencyInstrumentingArtifactTransform
Transforming bcutil-jdk18on-1.77.jar (org.bouncycastle:bcutil-jdk18on:1.77) with ExternalDependencyInstrumentingArtifactTransform
Transforming kxml2-2.3.0.jar (net.sf.kxml:kxml2:2.3.0) with ExternalDependencyInstrumentingArtifactTransform
Transforming packager-core-0.19.0.jar (org.eclipse.packager:packager-core:0.19.0) with ExternalDependencyInstrumentingArtifactTransform
Transforming bcpg-jdk18on-1.71.jar (org.bouncycastle:bcpg-jdk18on:1.71) with ExternalDependencyInstrumentingArtifactTransform
Transforming bcprov-jdk18on-1.77.jar (org.bouncycastle:bcprov-jdk18on:1.77) with ExternalDependencyInstrumentingArtifactTransform
Transforming annotations-31.7.2.jar (com.android.tools:annotations:31.7.2) with ExternalDependencyInstrumentingArtifactTransform
Transforming zipflinger-8.7.2.jar (com.android:zipflinger:8.7.2) with ExternalDependencyInstrumentingArtifactTransform
Transforming javax.activation-1.2.0.jar (com.sun.activation:javax.activation:1.2.0) with ExternalDependencyInstrumentingArtifactTransform
Transforming trove4j-1.0.20200330.jar (org.jetbrains.intellij.deps:trove4j:1.0.20200330) with ExternalDependencyInstrumentingArtifactTransform
Transforming jna-platform-5.6.0.jar (net.java.dev.jna:jna-platform:5.6.0) with ExternalDependencyInstrumentingArtifactTransform
Transforming httpcore-4.4.16.jar (org.apache.httpcomponents:httpcore:4.4.16) with ExternalDependencyInstrumentingArtifactTransform
Transforming signflinger-8.7.2.jar (com.android:signflinger:8.7.2) with ExternalDependencyInstrumentingArtifactTransform
Transforming httpclient-4.5.14.jar (org.apache.httpcomponents:httpclient:4.5.14) with ExternalDependencyInstrumentingArtifactTransform
Transforming juniversalchardet-1.0.3.jar (com.googlecode.juniversalchardet:juniversalchardet:1.0.3) with ExternalDependencyInstrumentingArtifactTransform
Transforming javax.annotation-api-1.3.2.jar (javax.annotation:javax.annotation-api:1.3.2) with ExternalDependencyInstrumentingArtifactTransform
Transforming jakarta.xml.bind-api-2.3.2.jar (jakarta.xml.bind:jakarta.xml.bind-api:2.3.2) with ExternalDependencyInstrumentingArtifactTransform
Transforming txw2-2.3.2.jar (org.glassfish.jaxb:txw2:2.3.2) with ExternalDependencyInstrumentingArtifactTransform
Transforming stax-ex-1.8.1.jar (org.jvnet.staxex:stax-ex:1.8.1) with ExternalDependencyInstrumentingArtifactTransform
Transforming auto-value-annotations-1.6.2.jar (com.google.auto.value:auto-value-annotations:1.6.2) with ExternalDependencyInstrumentingArtifactTransform
Transforming istack-commons-runtime-3.0.8.jar (com.sun.istack:istack-commons-runtime:3.0.8) with ExternalDependencyInstrumentingArtifactTransform
Transforming jakarta.activation-api-1.2.1.jar (jakarta.activation:jakarta.activation-api:1.2.1) with ExternalDependencyInstrumentingArtifactTransform
Transforming FastInfoset-1.2.16.jar (com.sun.xml.fastinfoset:FastInfoset:1.2.16) with ExternalDependencyInstrumentingArtifactTransform
Transforming error_prone_annotations-2.26.1.jar (com.google.errorprone:error_prone_annotations:2.26.1) with ExternalDependencyInstrumentingArtifactTransform
Transforming jcs3-slf4j-1.0.5.jar (io.github.jeremylong:jcs3-slf4j:1.0.5) with ExternalDependencyInstrumentingArtifactTransform
Transforming jose4j-0.9.5.jar (org.bitbucket.b_c:jose4j:0.9.5) with ExternalDependencyInstrumentingArtifactTransform
Transforming cpe-parser-2.1.0.jar (us.springett:cpe-parser:2.1.0) with ExternalDependencyInstrumentingArtifactTransform
Transforming velocity-engine-core-2.3.jar (org.apache.velocity:velocity-engine-core:2.3) with ExternalDependencyInstrumentingArtifactTransform
Transforming ossindex-service-api-1.8.2.jar (org.sonatype.ossindex:ossindex-service-api:1.8.2) with ExternalDependencyInstrumentingArtifactTransform
Transforming httpclient5-5.3.1.jar (org.apache.httpcomponents.client5:httpclient5:5.3.1) with ExternalDependencyInstrumentingArtifactTransform
Transforming j2objc-annotations-1.3.jar (com.google.j2objc:j2objc-annotations:1.3) with ExternalDependencyInstrumentingArtifactTransform
Transforming jsr305-3.0.2.jar (com.google.code.findbugs:jsr305:3.0.2) with ExternalDependencyInstrumentingArtifactTransform
Transforming jcl-over-slf4j-1.7.28.jar (org.slf4j:jcl-over-slf4j:1.7.28) with ExternalDependencyInstrumentingArtifactTransform
Transforming jdom2-2.0.6.jar (org.jdom:jdom2:2.0.6) with ExternalDependencyInstrumentingArtifactTransform
Transforming slf4j-api-1.7.36.jar (org.slf4j:slf4j-api:1.7.36) with ExternalDependencyInstrumentingArtifactTransform
Transforming annotations-4.1.1.4.jar (com.google.android:annotations:4.1.1.4) with ExternalDependencyInstrumentingArtifactTransform
Transforming animal-sniffer-annotations-1.23.jar (org.codehaus.mojo:animal-sniffer-annotations:1.23) with ExternalDependencyInstrumentingArtifactTransform
Transforming netty-codec-http2-4.1.93.Final.jar (io.netty:netty-codec-http2:4.1.93.Final) with ExternalDependencyInstrumentingArtifactTransform
Transforming netty-handler-proxy-4.1.93.Final.jar (io.netty:netty-handler-proxy:4.1.93.Final) with ExternalDependencyInstrumentingArtifactTransform
Transforming perfmark-api-0.26.0.jar (io.perfmark:perfmark-api:0.26.0) with ExternalDependencyInstrumentingArtifactTransform
Transforming checker-qual-3.42.0.jar (org.checkerframework:checker-qual:3.42.0) with ExternalDependencyInstrumentingArtifactTransform
Transforming netty-handler-4.1.93.Final.jar (io.netty:netty-handler:4.1.93.Final) with ExternalDependencyInstrumentingArtifactTransform
Transforming netty-transport-native-unix-common-4.1.93.Final.jar (io.netty:netty-transport-native-unix-common:4.1.93.Final) with ExternalDependencyInstrumentingArtifactTransform
Transforming commons-codec-1.17.0.jar (commons-codec:commons-codec:1.17.0) with ExternalDependencyInstrumentingArtifactTransform
Transforming apksig-8.7.2.jar (com.android.tools.build:apksig:8.7.2) with ExternalDependencyInstrumentingArtifactTransform
Transforming kotlin-gradle-plugin-annotations-1.9.25.jar (org.jetbrains.kotlin:kotlin-gradle-plugin-annotations:1.9.25) with ExternalDependencyInstrumentingArtifactTransform
Transforming netty-codec-http-4.1.93.Final.jar (io.netty:netty-codec-http:4.1.93.Final) with ExternalDependencyInstrumentingArtifactTransform
Transforming javawriter-2.5.0.jar (com.squareup:javawriter:2.5.0) with ExternalDependencyInstrumentingArtifactTransform
Transforming kotlin-project-model-1.9.25.jar (org.jetbrains.kotlin:kotlin-project-model:1.9.25) with ExternalDependencyInstrumentingArtifactTransform
Transforming kotlin-daemon-embeddable-1.9.25.jar (org.jetbrains.kotlin:kotlin-daemon-embeddable:1.9.25) with ExternalDependencyInstrumentingArtifactTransform
Transforming kotlin-daemon-client-1.9.25.jar (org.jetbrains.kotlin:kotlin-daemon-client:1.9.25) with ExternalDependencyInstrumentingArtifactTransform
Transforming kotlin-util-io-1.9.25.jar (org.jetbrains.kotlin:kotlin-util-io:1.9.25) with ExternalDependencyInstrumentingArtifactTransform
Transforming kotlin-tooling-core-1.9.25.jar (org.jetbrains.kotlin:kotlin-tooling-core:1.9.25) with ExternalDependencyInstrumentingArtifactTransform
Transforming kotlin-scripting-common-1.9.25.jar (org.jetbrains.kotlin:kotlin-scripting-common:1.9.25) with ExternalDependencyInstrumentingArtifactTransform
Transforming kotlinx-coroutines-core-jvm-1.5.0.jar (org.jetbrains.kotlinx:kotlinx-coroutines-core-jvm:1.5.0) with ExternalDependencyInstrumentingArtifactTransform
Transforming kotlin-scripting-jvm-1.9.25.jar (org.jetbrains.kotlin:kotlin-scripting-jvm:1.9.25) with ExternalDependencyInstrumentingArtifactTransform
Transforming jdiagnostics-1.0.7.jar (org.anarres.jdiagnostics:jdiagnostics:1.0.7) with ExternalDependencyInstrumentingArtifactTransform
Transforming commons-jcs3-core-3.2.1.jar (org.apache.commons:commons-jcs3-core:3.2.1) with ExternalDependencyInstrumentingArtifactTransform
Transforming pecoff4j-0.0.2.1.jar (org.whitesource:pecoff4j:0.0.2.1) with ExternalDependencyInstrumentingArtifactTransform
Transforming semver4j-5.3.0.jar (org.semver4j:semver4j:5.3.0) with ExternalDependencyInstrumentingArtifactTransform
Transforming packageurl-java-1.5.0.jar (com.github.package-url:packageurl-java:1.5.0) with ExternalDependencyInstrumentingArtifactTransform
Transforming commons-collections4-4.4.jar (org.apache.commons:commons-collections4:4.4) with ExternalDependencyInstrumentingArtifactTransform
Transforming commons-text-1.12.0.jar (org.apache.commons:commons-text:1.12.0) with ExternalDependencyInstrumentingArtifactTransform
Transforming commons-dbcp2-2.12.0.jar (org.apache.commons:commons-dbcp2:2.12.0) with ExternalDependencyInstrumentingArtifactTransform
Transforming commons-lang3-3.14.0.jar (org.apache.commons:commons-lang3:3.14.0) with ExternalDependencyInstrumentingArtifactTransform
Transforming lucene-queryparser-8.11.3.jar (org.apache.lucene:lucene-queryparser:8.11.3) with ExternalDependencyInstrumentingArtifactTransform
Transforming lucene-core-8.11.3.jar (org.apache.lucene:lucene-core:8.11.3) with ExternalDependencyInstrumentingArtifactTransform
Transforming lucene-analyzers-common-8.11.3.jar (org.apache.lucene:lucene-analyzers-common:8.11.3) with ExternalDependencyInstrumentingArtifactTransform
Transforming javax.json-1.1.4.jar (org.glassfish:javax.json:1.1.4) with ExternalDependencyInstrumentingArtifactTransform
Transforming jackson-module-afterburner-2.17.1.jar (com.fasterxml.jackson.module:jackson-module-afterburner:2.17.1) with ExternalDependencyInstrumentingArtifactTransform
Transforming jackson-dataformat-yaml-2.17.1.jar (com.fasterxml.jackson.dataformat:jackson-dataformat-yaml:2.17.1) with ExternalDependencyInstrumentingArtifactTransform
Transforming h2-2.1.214.jar (com.h2database:h2:2.1.214) with ExternalDependencyInstrumentingArtifactTransform
Transforming jackson-annotations-2.17.1.jar (com.fasterxml.jackson.core:jackson-annotations:2.17.1) with ExternalDependencyInstrumentingArtifactTransform
Transforming jsoup-1.17.2.jar (org.jsoup:jsoup:1.17.2) with ExternalDependencyInstrumentingArtifactTransform
Transforming jackson-core-2.17.1.jar (com.fasterxml.jackson.core:jackson-core:2.17.1) with ExternalDependencyInstrumentingArtifactTransform
Transforming retirejs-core-3.0.4.jar (com.h3xstream.retirejs:retirejs-core:3.0.4) with ExternalDependencyInstrumentingArtifactTransform
Transforming jackson-databind-2.17.1.jar (com.fasterxml.jackson.core:jackson-databind:2.17.1) with ExternalDependencyInstrumentingArtifactTransform
Transforming jackson-module-blackbird-2.17.1.jar (com.fasterxml.jackson.module:jackson-module-blackbird:2.17.1) with ExternalDependencyInstrumentingArtifactTransform
Transforming aho-corasick-double-array-trie-1.2.3.jar (com.hankcs:aho-corasick-double-array-trie:1.2.3) with ExternalDependencyInstrumentingArtifactTransform
Transforming commons-validator-1.9.0.jar (commons-validator:commons-validator:1.9.0) with ExternalDependencyInstrumentingArtifactTransform
Transforming jackson-datatype-jsr310-2.17.1.jar (com.fasterxml.jackson.datatype:jackson-datatype-jsr310:2.17.1) with ExternalDependencyInstrumentingArtifactTransform
Transforming commons-logging-1.3.2.jar (commons-logging:commons-logging:1.3.2) with ExternalDependencyInstrumentingArtifactTransform
Transforming commons-beanutils-1.9.4.jar (commons-beanutils:commons-beanutils:1.9.4) with ExternalDependencyInstrumentingArtifactTransform
Transforming jna-5.6.0.jar (net.java.dev.jna:jna:5.6.0) with ExternalDependencyInstrumentingArtifactTransform
Transforming netty-codec-4.1.93.Final.jar (io.netty:netty-codec:4.1.93.Final) with ExternalDependencyInstrumentingArtifactTransform
Transforming netty-codec-socks-4.1.93.Final.jar (io.netty:netty-codec-socks:4.1.93.Final) with ExternalDependencyInstrumentingArtifactTransform
Transforming netty-transport-4.1.93.Final.jar (io.netty:netty-transport:4.1.93.Final) with ExternalDependencyInstrumentingArtifactTransform
Transforming netty-buffer-4.1.93.Final.jar (io.netty:netty-buffer:4.1.93.Final) with ExternalDependencyInstrumentingArtifactTransform
Transforming netty-resolver-4.1.93.Final.jar (io.netty:netty-resolver:4.1.93.Final) with ExternalDependencyInstrumentingArtifactTransform
Transforming jmustache-1.15.jar (com.samskivert:jmustache:1.15) with ExternalDependencyInstrumentingArtifactTransform
Transforming netty-common-4.1.93.Final.jar (io.netty:netty-common:4.1.93.Final) with ExternalDependencyInstrumentingArtifactTransform
Transforming listenablefuture-9999.0-empty-to-avoid-conflict-with-guava.jar (com.google.guava:listenablefuture:9999.0-empty-to-avoid-conflict-with-guava) with ExternalDependencyInstrumentingArtifactTransform
Transforming failureaccess-1.0.2.jar (com.google.guava:failureaccess:1.0.2) with ExternalDependencyInstrumentingArtifactTransform
Transforming jakarta.transaction-api-1.3.3.jar (jakarta.transaction:jakarta.transaction-api:1.3.3) with ExternalDependencyInstrumentingArtifactTransform
Transforming lucene-sandbox-8.11.3.jar (org.apache.lucene:lucene-sandbox:8.11.3) with ExternalDependencyInstrumentingArtifactTransform
Transforming commons-pool2-2.12.0.jar (org.apache.commons:commons-pool2:2.12.0) with ExternalDependencyInstrumentingArtifactTransform
Transforming android-json-0.0.20131108.vaadin1.jar (com.vaadin.external.google:android-json:0.0.20131108.vaadin1) with ExternalDependencyInstrumentingArtifactTransform
Transforming snakeyaml-2.2.jar (org.yaml:snakeyaml:2.2) with ExternalDependencyInstrumentingArtifactTransform
Transforming lucene-queries-8.11.3.jar (org.apache.lucene:lucene-queries:8.11.3) with ExternalDependencyInstrumentingArtifactTransform
Transforming minlog-1.3.1.jar (com.esotericsoftware:minlog:1.3.1) with ExternalDependencyInstrumentingArtifactTransform
Transforming jaxb-api-2.3.1.jar (javax.xml.bind:jaxb-api:2.3.1) with ExternalDependencyInstrumentingArtifactTransform
Transforming compiler-0.9.6.jar (com.github.spullara.mustache.java:compiler:0.9.6) with ExternalDependencyInstrumentingArtifactTransform
Transforming joda-time-2.10.4.jar (joda-time:joda-time:2.10.4) with ExternalDependencyInstrumentingArtifactTransform
Transforming commons-digester-2.1.jar (commons-digester:commons-digester:2.1) with ExternalDependencyInstrumentingArtifactTransform
Transforming commons-collections-3.2.2.jar (commons-collections:commons-collections:3.2.2) with ExternalDependencyInstrumentingArtifactTransform
Transforming httpcore5-5.2.4.jar (org.apache.httpcomponents.core5:httpcore5:5.2.4) with ExternalDependencyInstrumentingArtifactTransform
Transforming xz-1.9.jar (org.tukaani:xz:1.9) with ExternalDependencyInstrumentingArtifactTransform
Transforming javax.ws.rs-api-2.0.1.jar (javax.ws.rs:javax.ws.rs-api:2.0.1) with ExternalDependencyInstrumentingArtifactTransform
Transforming httpcore5-h2-5.2.4.jar (org.apache.httpcomponents.core5:httpcore5-h2:5.2.4) with ExternalDependencyInstrumentingArtifactTransform
Transforming package-url-java-1.1.1.jar (org.sonatype.goodies:package-url-java:1.1.1) with ExternalDependencyInstrumentingArtifactTransform
Transforming javax.activation-api-1.2.0.jar (javax.activation:javax.activation-api:1.2.0) with ExternalDependencyInstrumentingArtifactTransform

> Configure project :android
Evaluating project ':android' using build file 'C:\Users\xmeta\projects\Mr.Comic\android\build.gradle'.

> Configure project :android:app
Evaluating project ':android:app' using build file 'C:\Users\xmeta\projects\Mr.Comic\android\app\build.gradle.kts'.
Using default execution profile
Using Kotlin Gradle Plugin gradle82 variant
Task name matched 'assembleDebug'
Selected primary task 'assembleDebug' from project :android:app

> Configure project :android:shared
Evaluating project ':android:shared' using build file 'C:\Users\xmeta\projects\Mr.Comic\android\shared\build.gradle.kts'.
Using default execution profile
Using Kotlin Gradle Plugin gradle82 variant

> Configure project :android:core-analytics
Evaluating project ':android:core-analytics' using build file 'C:\Users\xmeta\projects\Mr.Comic\android\core-analytics\build.gradle.kts'.
Using default execution profile
Using Kotlin Gradle Plugin gradle82 variant

> Configure project :android:core-ui
Evaluating project ':android:core-ui' using build file 'C:\Users\xmeta\projects\Mr.Comic\android\core-ui\build.gradle.kts'.
Using default execution profile
Using Kotlin Gradle Plugin gradle82 variant

> Configure project :android:core-data
Evaluating project ':android:core-data' using build file 'C:\Users\xmeta\projects\Mr.Comic\android\core-data\build.gradle.kts'.
Using default execution profile
Using Kotlin Gradle Plugin gradle82 variant

> Configure project :android:core-model
Evaluating project ':android:core-model' using build file 'C:\Users\xmeta\projects\Mr.Comic\android\core-model\build.gradle.kts'.
Using default execution profile
Using Kotlin Gradle Plugin gradle82 variant

> Configure project :android:core-reader
Evaluating project ':android:core-reader' using build file 'C:\Users\xmeta\projects\Mr.Comic\android\core-reader\build.gradle.kts'.
Using default execution profile
Using Kotlin Gradle Plugin gradle82 variant

> Configure project :android:feature-library
Evaluating project ':android:feature-library' using build file 'C:\Users\xmeta\projects\Mr.Comic\android\feature-library\build.gradle.kts'.
Using default execution profile
Using Kotlin Gradle Plugin gradle82 variant

> Configure project :android:feature-settings
Evaluating project ':android:feature-settings' using build file 'C:\Users\xmeta\projects\Mr.Comic\android\feature-settings\build.gradle.kts'.
Using default execution profile
Using Kotlin Gradle Plugin gradle82 variant

> Configure project :android:feature-reader
Evaluating project ':android:feature-reader' using build file 'C:\Users\xmeta\projects\Mr.Comic\android\feature-reader\build.gradle.kts'.
Using default execution profile
Using Kotlin Gradle Plugin gradle82 variant

> Configure project :android:feature-themes
Evaluating project ':android:feature-themes' using build file 'C:\Users\xmeta\projects\Mr.Comic\android\feature-themes\build.gradle.kts'.
Using default execution profile
Using Kotlin Gradle Plugin gradle82 variant

> Configure project :android:feature-onboarding
Evaluating project ':android:feature-onboarding' using build file 'C:\Users\xmeta\projects\Mr.Comic\android\feature-onboarding\build.gradle.kts'.
Using default execution profile
Using Kotlin Gradle Plugin gradle82 variant

> Configure project :android:feature-ocr
Evaluating project ':android:feature-ocr' using build file 'C:\Users\xmeta\projects\Mr.Comic\android\feature-ocr\build.gradle.kts'.
Using default execution profile
Using Kotlin Gradle Plugin gradle82 variant

> Configure project :android:feature-translate
Evaluating project ':android:feature-translate' using build file 'C:\Users\xmeta\projects\Mr.Comic\android\feature-translate\build.gradle.kts'.
Using default execution profile
Using Kotlin Gradle Plugin gradle82 variant

> Configure project :android:core-domain
Evaluating project ':android:core-domain' using build file 'C:\Users\xmeta\projects\Mr.Comic\android\core-domain\build.gradle.kts'.
Using default execution profile
Using Kotlin Gradle Plugin gradle82 variant
All projects evaluated.
Tasks to be executed: [task ':android:app:preBuild', task ':android:app:preDebugBuild', task ':android:app:mergeDebugNativeDebugMetadata', task ':android:app:checkKotlinGradlePluginConfigurationErrors', task ':android:core-analytics:preBuild', task ':android:core-analytics:preDebugBuild', task ':android:core-analytics:writeDebugAarMetadata', task ':android:core-data:preBuild', task ':android:core-data:preDebugBuild', task ':android:core-data:writeDebugAarMetadata', task ':android:core-domain:preBuild', task ':android:core-domain:preDebugBuild', task ':android:core-domain:writeDebugAarMetadata', task ':android:core-model:preBuild', task ':android:core-model:preDebugBuild', task ':android:core-model:writeDebugAarMetadata', task ':android:core-reader:preBuild', task ':android:core-reader:preDebugBuild', task ':android:core-reader:writeDebugAarMetadata', task ':android:core-ui:preBuild', task ':android:core-ui:preDebugBuild', task ':android:core-ui:writeDebugAarMetadata', task ':android:feature-library:preBuild', task ':android:feature-library:preDebugBuild', task ':android:feature-library:writeDebugAarMetadata', task ':android:feature-ocr:preBuild', task ':android:feature-ocr:preDebugBuild', task ':android:feature-ocr:writeDebugAarMetadata', task ':android:feature-onboarding:preBuild', task ':android:feature-onboarding:preDebugBuild', task ':android:feature-onboarding:writeDebugAarMetadata', task ':android:feature-reader:preBuild', task ':android:feature-reader:preDebugBuild', task ':android:feature-reader:writeDebugAarMetadata', task ':android:feature-settings:preBuild', task ':android:feature-settings:preDebugBuild', task ':android:feature-settings:writeDebugAarMetadata', task ':android:feature-themes:preBuild', task ':android:feature-themes:preDebugBuild', task ':android:feature-themes:writeDebugAarMetadata', task ':android:feature-translate:preBuild', task ':android:feature-translate:preDebugBuild', task ':android:feature-translate:writeDebugAarMetadata', task ':android:shared:preBuild', task ':android:shared:preDebugBuild', task ':android:shared:writeDebugAarMetadata', task ':android:app:checkDebugAarMetadata', task ':android:app:generateDebugResValues', task ':android:core-analytics:generateDebugResValues', task ':android:core-analytics:generateDebugResources', task ':android:core-analytics:packageDebugResources', task ':android:core-data:generateDebugResValues', task ':android:core-data:generateDebugResources', task ':android:core-data:packageDebugResources', task ':android:core-domain:generateDebugResValues', task ':android:core-domain:generateDebugResources', task ':android:core-domain:packageDebugResources', task ':android:core-model:generateDebugResValues', task ':android:core-model:generateDebugResources', task ':android:core-model:packageDebugResources', task ':android:core-reader:generateDebugResValues', task ':android:core-reader:generateDebugResources', task ':android:core-reader:packageDebugResources', task ':android:core-ui:generateDebugResValues', task ':android:core-ui:generateDebugResources', task ':android:core-ui:packageDebugResources', task ':android:feature-library:generateDebugResValues', task ':android:feature-library:generateDebugResources', task ':android:feature-library:packageDebugResources', task ':android:feature-ocr:generateDebugResValues', task ':android:feature-ocr:generateDebugResources', task ':android:feature-ocr:packageDebugResources', task ':android:feature-onboarding:generateDebugResValues', task ':android:feature-onboarding:generateDebugResources', task ':android:feature-onboarding:packageDebugResources', task ':android:feature-reader:generateDebugResValues', task ':android:feature-reader:generateDebugResources', task ':android:feature-reader:packageDebugResources', task ':android:feature-settings:generateDebugResValues', task ':android:feature-settings:generateDebugResources', task ':android:feature-settings:packageDebugResources', task ':android:feature-themes:generateDebugResValues', task ':android:feature-themes:generateDebugResources', task ':android:feature-themes:packageDebugResources', task ':android:feature-translate:generateDebugResValues', task ':android:feature-translate:generateDebugResources', task ':android:feature-translate:packageDebugResources', task ':android:shared:generateDebugResValues', task ':android:shared:generateDebugResources', task ':android:shared:packageDebugResources', task ':android:app:mapDebugSourceSetPaths', task ':android:app:generateDebugResources', task ':android:app:mergeDebugResources', task ':android:app:packageDebugResources', task ':android:app:parseDebugLocalResources', task ':android:app:createDebugCompatibleScreenManifests', task ':android:app:extractDeepLinksDebug', task ':android:core-analytics:extractDeepLinksDebug', task ':android:core-analytics:processDebugManifest', task ':android:core-data:extractDeepLinksDebug', task ':android:core-data:processDebugManifest', task ':android:core-domain:extractDeepLinksDebug', task ':android:core-domain:processDebugManifest', task ':android:core-model:extractDeepLinksDebug', task ':android:core-model:processDebugManifest', task ':android:core-reader:extractDeepLinksDebug', task ':android:core-reader:processDebugManifest', task ':android:core-ui:extractDeepLinksDebug', task ':android:core-ui:processDebugManifest', task ':android:feature-library:extractDeepLinksDebug', task ':android:feature-library:processDebugManifest', task ':android:feature-ocr:extractDeepLinksDebug', task ':android:feature-ocr:processDebugManifest', task ':android:feature-onboarding:extractDeepLinksDebug', task ':android:feature-onboarding:processDebugManifest', task ':android:feature-reader:extractDeepLinksDebug', task ':android:feature-reader:processDebugManifest', task ':android:feature-settings:extractDeepLinksDebug', task ':android:feature-settings:processDebugManifest', task ':android:feature-themes:extractDeepLinksDebug', task ':android:feature-themes:processDebugManifest', task ':android:feature-translate:extractDeepLinksDebug', task ':android:feature-translate:processDebugManifest', task ':android:shared:extractDeepLinksDebug', task ':android:shared:processDebugManifest', task ':android:app:processDebugMainManifest', task ':android:app:processDebugManifest', task ':android:app:processDebugManifestForPackage', task ':android:core-analytics:compileDebugLibraryResources', task ':android:core-analytics:parseDebugLocalResources', task ':android:core-analytics:generateDebugRFile', task ':android:core-data:compileDebugLibraryResources', task ':android:core-data:parseDebugLocalResources', task ':android:core-data:generateDebugRFile', task ':android:core-domain:compileDebugLibraryResources', task ':android:core-domain:parseDebugLocalResources', task ':android:core-domain:generateDebugRFile', task ':android:core-model:compileDebugLibraryResources', task ':android:core-model:parseDebugLocalResources', task ':android:core-model:generateDebugRFile', task ':android:core-reader:compileDebugLibraryResources', task ':android:core-reader:parseDebugLocalResources', task ':android:core-reader:generateDebugRFile', task ':android:core-ui:compileDebugLibraryResources', task ':android:core-ui:parseDebugLocalResources', task ':android:core-ui:generateDebugRFile', task ':android:feature-library:compileDebugLibraryResources', task ':android:feature-library:parseDebugLocalResources', task ':android:feature-library:generateDebugRFile', task ':android:feature-ocr:compileDebugLibraryResources', task ':android:feature-ocr:parseDebugLocalResources', task ':android:feature-ocr:generateDebugRFile', task ':android:feature-onboarding:compileDebugLibraryResources', task ':android:feature-onboarding:parseDebugLocalResources', task ':android:feature-onboarding:generateDebugRFile', task ':android:feature-reader:compileDebugLibraryResources', task ':android:feature-reader:parseDebugLocalResources', task ':android:feature-reader:generateDebugRFile', task ':android:feature-settings:compileDebugLibraryResources', task ':android:feature-settings:parseDebugLocalResources', task ':android:feature-settings:generateDebugRFile', task ':android:feature-themes:compileDebugLibraryResources', task ':android:feature-themes:parseDebugLocalResources', task ':android:feature-themes:generateDebugRFile', task ':android:feature-translate:compileDebugLibraryResources', task ':android:feature-translate:parseDebugLocalResources', task ':android:feature-translate:generateDebugRFile', task ':android:shared:compileDebugLibraryResources', task ':android:shared:parseDebugLocalResources', task ':android:shared:generateDebugRFile', task ':android:app:processDebugResources', task ':android:core-analytics:checkKotlinGradlePluginConfigurationErrors', task ':android:core-analytics:kspDebugKotlin', task ':android:core-analytics:compileDebugKotlin', task ':android:core-analytics:javaPreCompileDebug', task ':android:core-analytics:compileDebugJavaWithJavac', task ':android:core-analytics:transformDebugClassesWithAsm', task ':android:core-analytics:bundleLibCompileToJarDebug', task ':android:core-data:checkKotlinGradlePluginConfigurationErrors', task ':android:core-model:checkKotlinGradlePluginConfigurationErrors', task ':android:core-model:kspDebugKotlin', task ':android:core-model:compileDebugKotlin', task ':android:core-model:javaPreCompileDebug', task ':android:core-model:compileDebugJavaWithJavac', task ':android:core-model:bundleLibCompileToJarDebug', task ':android:core-model:bundleLibRuntimeToJarDebug', task ':android:core-reader:checkKotlinGradlePluginConfigurationErrors', task ':android:core-reader:kspDebugKotlin', task ':android:core-reader:compileDebugKotlin', task ':android:core-reader:javaPreCompileDebug', task ':android:core-reader:compileDebugJavaWithJavac', task ':android:core-reader:transformDebugClassesWithAsm', task ':android:core-reader:bundleLibCompileToJarDebug', task ':android:core-data:kspDebugKotlin', task ':android:core-data:compileDebugKotlin', task ':android:core-data:javaPreCompileDebug', task ':android:core-data:compileDebugJavaWithJavac', task ':android:core-reader:bundleLibRuntimeToJarDebug', task ':android:core-data:transformDebugClassesWithAsm', task ':android:core-data:bundleLibCompileToJarDebug', task ':android:core-ui:checkKotlinGradlePluginConfigurationErrors', task ':android:core-ui:kspDebugKotlin', task ':android:core-ui:compileDebugKotlin', task ':android:core-ui:javaPreCompileDebug', task ':android:core-ui:compileDebugJavaWithJavac', task ':android:core-ui:transformDebugClassesWithAsm', task ':android:core-ui:bundleLibCompileToJarDebug', task ':android:core-data:bundleLibRuntimeToJarDebug', task ':android:core-domain:checkKotlinGradlePluginConfigurationErrors', task ':android:core-domain:kspDebugKotlin', task ':android:core-domain:compileDebugKotlin', task ':android:core-domain:javaPreCompileDebug', task ':android:core-domain:compileDebugJavaWithJavac', task ':android:core-domain:transformDebugClassesWithAsm', task ':android:core-domain:bundleLibCompileToJarDebug', task ':android:core-domain:bundleLibRuntimeToJarDebug', task ':android:core-ui:bundleLibRuntimeToJarDebug', task ':android:feature-library:checkKotlinGradlePluginConfigurationErrors', task ':android:feature-library:kspDebugKotlin', task ':android:feature-library:compileDebugKotlin', task ':android:feature-library:javaPreCompileDebug', task ':android:feature-library:compileDebugJavaWithJavac', task ':android:feature-library:transformDebugClassesWithAsm', task ':android:feature-library:bundleLibCompileToJarDebug', task ':android:feature-ocr:checkKotlinGradlePluginConfigurationErrors', task ':android:shared:checkKotlinGradlePluginConfigurationErrors', task ':android:shared:compileDebugKotlin', task ':android:shared:javaPreCompileDebug', task ':android:shared:compileDebugJavaWithJavac', task ':android:shared:bundleLibCompileToJarDebug', task ':android:feature-ocr:kspDebugKotlin', task ':android:feature-ocr:compileDebugKotlin', task ':android:feature-ocr:javaPreCompileDebug', task ':android:feature-ocr:compileDebugJavaWithJavac', task ':android:shared:bundleLibRuntimeToJarDebug', task ':android:feature-ocr:transformDebugClassesWithAsm', task ':android:feature-ocr:bundleLibCompileToJarDebug', task ':android:feature-onboarding:checkKotlinGradlePluginConfigurationErrors', task ':android:feature-onboarding:compileDebugKotlin', task ':android:feature-onboarding:javaPreCompileDebug', task ':android:feature-onboarding:compileDebugJavaWithJavac', task ':android:feature-onboarding:bundleLibCompileToJarDebug', task ':android:core-analytics:bundleLibRuntimeToJarDebug', task ':android:feature-reader:checkKotlinGradlePluginConfigurationErrors', task ':android:feature-reader:kspDebugKotlin', task ':android:feature-reader:compileDebugKotlin', task ':android:feature-reader:javaPreCompileDebug', task ':android:feature-reader:compileDebugJavaWithJavac', task ':android:feature-reader:transformDebugClassesWithAsm', task ':android:feature-reader:bundleLibCompileToJarDebug', task ':android:feature-settings:checkKotlinGradlePluginConfigurationErrors', task ':android:feature-settings:kspDebugKotlin', task ':android:feature-settings:compileDebugKotlin', task ':android:feature-settings:javaPreCompileDebug', task ':android:feature-settings:compileDebugJavaWithJavac', task ':android:feature-settings:transformDebugClassesWithAsm', task ':android:feature-settings:bundleLibCompileToJarDebug', task ':android:feature-themes:checkKotlinGradlePluginConfigurationErrors', task ':android:feature-themes:kspDebugKotlin', task ':android:feature-themes:compileDebugKotlin', task ':android:feature-themes:javaPreCompileDebug', task ':android:feature-themes:compileDebugJavaWithJavac', task ':android:feature-themes:transformDebugClassesWithAsm', task ':android:feature-themes:bundleLibCompileToJarDebug', task ':android:feature-translate:checkKotlinGradlePluginConfigurationErrors', task ':android:feature-translate:compileDebugKotlin', task ':android:feature-translate:javaPreCompileDebug', task ':android:feature-translate:compileDebugJavaWithJavac', task ':android:feature-translate:bundleLibCompileToJarDebug', task ':android:app:kspDebugKotlin', task ':android:app:compileDebugKotlin', task ':android:app:javaPreCompileDebug', task ':android:app:compileDebugJavaWithJavac', task ':android:app:mergeDebugShaders', task ':android:app:compileDebugShaders', task ':android:app:generateDebugAssets', task ':android:core-analytics:mergeDebugShaders', task ':android:core-analytics:compileDebugShaders', task ':android:core-analytics:generateDebugAssets', task ':android:core-analytics:packageDebugAssets', task ':android:core-data:mergeDebugShaders', task ':android:core-data:compileDebugShaders', task ':android:core-data:generateDebugAssets', task ':android:core-data:packageDebugAssets', task ':android:core-domain:mergeDebugShaders', task ':android:core-domain:compileDebugShaders', task ':android:core-domain:generateDebugAssets', task ':android:core-domain:packageDebugAssets', task ':android:core-model:mergeDebugShaders', task ':android:core-model:compileDebugShaders', task ':android:core-model:generateDebugAssets', task ':android:core-model:packageDebugAssets', task ':android:core-reader:mergeDebugShaders', task ':android:core-reader:compileDebugShaders', task ':android:core-reader:generateDebugAssets', task ':android:core-reader:packageDebugAssets', task ':android:core-ui:mergeDebugShaders', task ':android:core-ui:compileDebugShaders', task ':android:core-ui:generateDebugAssets', task ':android:core-ui:packageDebugAssets', task ':android:feature-library:mergeDebugShaders', task ':android:feature-library:compileDebugShaders', task ':android:feature-library:generateDebugAssets', task ':android:feature-library:packageDebugAssets', task ':android:feature-ocr:mergeDebugShaders', task ':android:feature-ocr:compileDebugShaders', task ':android:feature-ocr:generateDebugAssets', task ':android:feature-ocr:packageDebugAssets', task ':android:feature-onboarding:mergeDebugShaders', task ':android:feature-onboarding:compileDebugShaders', task ':android:feature-onboarding:generateDebugAssets', task ':android:feature-onboarding:packageDebugAssets', task ':android:feature-reader:mergeDebugShaders', task ':android:feature-reader:compileDebugShaders', task ':android:feature-reader:generateDebugAssets', task ':android:feature-reader:packageDebugAssets', task ':android:feature-settings:mergeDebugShaders', task ':android:feature-settings:compileDebugShaders', task ':android:feature-settings:generateDebugAssets', task ':android:feature-settings:packageDebugAssets', task ':android:feature-themes:mergeDebugShaders', task ':android:feature-themes:compileDebugShaders', task ':android:feature-themes:generateDebugAssets', task ':android:feature-themes:packageDebugAssets', task ':android:feature-translate:mergeDebugShaders', task ':android:feature-translate:compileDebugShaders', task ':android:feature-translate:generateDebugAssets', task ':android:feature-translate:packageDebugAssets', task ':android:shared:mergeDebugShaders', task ':android:shared:compileDebugShaders', task ':android:shared:generateDebugAssets', task ':android:shared:packageDebugAssets', task ':android:app:mergeDebugAssets', task ':android:app:compressDebugAssets', task ':android:feature-ocr:bundleLibRuntimeToJarDebug', task ':android:feature-reader:bundleLibRuntimeToJarDebug', task ':android:feature-library:bundleLibRuntimeToJarDebug', task ':android:feature-settings:bundleLibRuntimeToJarDebug', task ':android:feature-themes:bundleLibRuntimeToJarDebug', task ':android:feature-translate:bundleLibRuntimeToJarDebug', task ':android:feature-onboarding:bundleLibRuntimeToJarDebug', task ':android:app:desugarDebugFileDependencies', task ':android:app:hiltAggregateDepsDebug', task ':android:app:hiltJavaCompileDebug', task ':android:app:transformDebugClassesWithAsm', task ':android:app:dexBuilderDebug', task ':android:app:mergeDebugGlobalSynthetics', task ':android:app:processDebugJavaRes', task ':android:core-analytics:processDebugJavaRes', task ':android:core-data:processDebugJavaRes', task ':android:core-domain:processDebugJavaRes', task ':android:core-model:processDebugJavaRes', task ':android:core-reader:processDebugJavaRes', task ':android:core-ui:processDebugJavaRes', task ':android:feature-library:processDebugJavaRes', task ':android:feature-ocr:processDebugJavaRes', task ':android:feature-onboarding:processDebugJavaRes', task ':android:feature-reader:processDebugJavaRes', task ':android:feature-settings:processDebugJavaRes', task ':android:feature-themes:processDebugJavaRes', task ':android:feature-translate:processDebugJavaRes', task ':android:shared:processDebugJavaRes', task ':android:app:mergeDebugJavaResource', task ':android:app:checkDebugDuplicateClasses', task ':android:app:mergeExtDexDebug', task ':android:feature-ocr:bundleLibRuntimeToDirDebug', task ':android:shared:bundleLibRuntimeToDirDebug', task ':android:feature-reader:bundleLibRuntimeToDirDebug', task ':android:core-analytics:bundleLibRuntimeToDirDebug', task ':android:feature-library:bundleLibRuntimeToDirDebug', task ':android:feature-settings:bundleLibRuntimeToDirDebug', task ':android:feature-themes:bundleLibRuntimeToDirDebug', task ':android:core-ui:bundleLibRuntimeToDirDebug', task ':android:core-domain:bundleLibRuntimeToDirDebug', task ':android:core-data:bundleLibRuntimeToDirDebug', task ':android:core-reader:bundleLibRuntimeToDirDebug', task ':android:feature-translate:bundleLibRuntimeToDirDebug', task ':android:core-model:bundleLibRuntimeToDirDebug', task ':android:feature-onboarding:bundleLibRuntimeToDirDebug', task ':android:app:mergeLibDexDebug', task ':android:app:mergeProjectDexDebug', task ':android:app:mergeDebugJniLibFolders', task ':android:core-analytics:mergeDebugJniLibFolders', task ':android:core-analytics:mergeDebugNativeLibs', task ':android:core-analytics:copyDebugJniLibsProjectOnly', task ':android:core-data:mergeDebugJniLibFolders', task ':android:core-data:mergeDebugNativeLibs', task ':android:core-data:copyDebugJniLibsProjectOnly', task ':android:core-domain:mergeDebugJniLibFolders', task ':android:core-domain:mergeDebugNativeLibs', task ':android:core-domain:copyDebugJniLibsProjectOnly', task ':android:core-model:mergeDebugJniLibFolders', task ':android:core-model:mergeDebugNativeLibs', task ':android:core-model:copyDebugJniLibsProjectOnly', task ':android:core-reader:mergeDebugJniLibFolders', task ':android:core-reader:mergeDebugNativeLibs', task ':android:core-reader:copyDebugJniLibsProjectOnly', task ':android:core-ui:mergeDebugJniLibFolders', task ':android:core-ui:mergeDebugNativeLibs', task ':android:core-ui:copyDebugJniLibsProjectOnly', task ':android:feature-library:mergeDebugJniLibFolders', task ':android:feature-library:mergeDebugNativeLibs', task ':android:feature-library:copyDebugJniLibsProjectOnly', task ':android:feature-ocr:mergeDebugJniLibFolders', task ':android:feature-ocr:mergeDebugNativeLibs', task ':android:feature-ocr:copyDebugJniLibsProjectOnly', task ':android:feature-onboarding:mergeDebugJniLibFolders', task ':android:feature-onboarding:mergeDebugNativeLibs', task ':android:feature-onboarding:copyDebugJniLibsProjectOnly', task ':android:feature-reader:mergeDebugJniLibFolders', task ':android:feature-reader:mergeDebugNativeLibs', task ':android:feature-reader:copyDebugJniLibsProjectOnly', task ':android:feature-settings:mergeDebugJniLibFolders', task ':android:feature-settings:mergeDebugNativeLibs', task ':android:feature-settings:copyDebugJniLibsProjectOnly', task ':android:feature-themes:mergeDebugJniLibFolders', task ':android:feature-themes:mergeDebugNativeLibs', task ':android:feature-themes:copyDebugJniLibsProjectOnly', task ':android:feature-translate:mergeDebugJniLibFolders', task ':android:feature-translate:mergeDebugNativeLibs', task ':android:feature-translate:copyDebugJniLibsProjectOnly', task ':android:shared:mergeDebugJniLibFolders', task ':android:shared:mergeDebugNativeLibs', task ':android:shared:copyDebugJniLibsProjectOnly', task ':android:app:mergeDebugNativeLibs', task ':android:app:stripDebugDebugSymbols', task ':android:app:validateSigningDebug', task ':android:app:writeDebugAppMetadata', task ':android:app:writeDebugSigningConfigVersions', task ':android:app:packageDebug', task ':android:app:createDebugApkListingFileRedirect', task ':android:app:assembleDebug']
Tasks that were excluded: []
work action Parameters of IdentityTransform (Thread[Execution worker,5,main]) started.
Resolve mutations for :android:core-analytics:preBuild (Thread[Execution worker Thread 11,5,main]) started.
Resolve mutations for :android:core-data:preBuild (Thread[included builds,5,main]) started.
Resolve mutations for :android:core-domain:preBuild (Thread[Execution worker Thread 10,5,main]) started.
Resolve mutations for :android:core-model:preBuild (Thread[Execution worker Thread 6,5,main]) started.
Resolve mutations for :android:core-reader:preBuild (Thread[Execution worker Thread 7,5,main]) started.
Resolve mutations for :android:core-ui:preBuild (Thread[Execution worker Thread 4,5,main]) started.
Resolve mutations for :android:feature-library:preBuild (Thread[Execution worker Thread 9,5,main]) started.
Resolve mutations for :android:feature-ocr:preBuild (Thread[Execution worker Thread 5,5,main]) started.
Resolve mutations for :android:feature-onboarding:preBuild (Thread[Execution worker Thread 8,5,main]) started.
Resolve mutations for :android:feature-reader:preBuild (Thread[Execution worker Thread 3,5,main]) started.
Resolve mutations for :android:feature-settings:preBuild (Thread[Execution worker Thread 2,5,main]) started.
work action Parameters of DexingNoClasspathTransform (Thread[Execution worker,5,main]) started.
:android:feature-library:preBuild (Thread[Execution worker Thread 9,5,main]) started.
:android:core-data:preBuild (Thread[included builds,5,main]) started.
:android:feature-onboarding:preBuild (Thread[Execution worker Thread 8,5,main]) started.
:android:core-reader:preBuild (Thread[Execution worker Thread 7,5,main]) started.
:android:feature-settings:preBuild (Thread[Execution worker Thread 2,5,main]) started.
:android:feature-reader:preBuild (Thread[Execution worker Thread 3,5,main]) started.
:android:core-model:preBuild (Thread[Execution worker Thread 6,5,main]) started.
:android:core-ui:preBuild (Thread[Execution worker Thread 4,5,main]) started.
:android:core-domain:preBuild (Thread[Execution worker Thread 10,5,main]) started.
:android:feature-ocr:preBuild (Thread[Execution worker Thread 5,5,main]) started.
:android:core-analytics:preBuild (Thread[Execution worker Thread 11,5,main]) started.
work action Parameters of DexingOutputSplitTransform (Thread[Execution worker,5,main]) started.
work action Parameters of CopyTransform (Thread[Execution worker,5,main]) started.
work action Parameters of AggregatedPackagesTransform (Thread[Execution worker,5,main]) started.
work action Parameters of ClassesDirToClassesTransform (Thread[Execution worker,5,main]) started.
work action Parameters of DexingOutputSplitTransform (Thread[Execution worker,5,main]) started.
Resolve mutations for :android:app:preBuild (Thread[Execution worker,5,main]) started.
:android:app:preBuild (Thread[Execution worker,5,main]) started.

> Task :android:core-reader:preBuild UP-TO-DATE
Skipping task ':android:core-reader:preBuild' as it has no actions.

> Task :android:core-analytics:preBuild UP-TO-DATE
Skipping task ':android:core-analytics:preBuild' as it has no actions.

> Task :android:feature-ocr:preBuild UP-TO-DATE
Skipping task ':android:feature-ocr:preBuild' as it has no actions.

> Task :android:feature-library:preBuild UP-TO-DATE
Skipping task ':android:feature-library:preBuild' as it has no actions.

> Task :android:core-data:preBuild UP-TO-DATE
Skipping task ':android:core-data:preBuild' as it has no actions.

> Task :android:feature-onboarding:preBuild UP-TO-DATE
Skipping task ':android:feature-onboarding:preBuild' as it has no actions.

> Task :android:app:preBuild UP-TO-DATE
Skipping task ':android:app:preBuild' as it has no actions.

> Task :android:feature-settings:preBuild UP-TO-DATE
Skipping task ':android:feature-settings:preBuild' as it has no actions.

> Task :android:core-domain:preBuild UP-TO-DATE
Skipping task ':android:core-domain:preBuild' as it has no actions.

> Task :android:core-model:preBuild UP-TO-DATE
Skipping task ':android:core-model:preBuild' as it has no actions.

> Task :android:core-ui:preBuild UP-TO-DATE
Skipping task ':android:core-ui:preBuild' as it has no actions.

> Task :android:feature-reader:preBuild UP-TO-DATE
Skipping task ':android:feature-reader:preBuild' as it has no actions.
Resolve mutations for :android:feature-settings:preDebugBuild (Thread[Execution worker Thread 2,5,main]) started.
Resolve mutations for :android:feature-onboarding:preDebugBuild (Thread[Execution worker Thread 8,5,main]) started.
Resolve mutations for :android:feature-reader:preDebugBuild (Thread[Execution worker Thread 3,5,main]) started.
Resolve mutations for :android:core-domain:preDebugBuild (Thread[Execution worker Thread 10,5,main]) started.
:android:feature-reader:preDebugBuild (Thread[Execution worker Thread 3,5,main]) started.
Resolve mutations for :android:feature-library:preDebugBuild (Thread[Execution worker Thread 9,5,main]) started.
Resolve mutations for :android:core-ui:preDebugBuild (Thread[Execution worker Thread 4,5,main]) started.
Resolve mutations for :android:core-analytics:preDebugBuild (Thread[Execution worker Thread 11,5,main]) started.
Resolve mutations for :android:app:preDebugBuild (Thread[Execution worker,5,main]) started.
Resolve mutations for :android:feature-ocr:preDebugBuild (Thread[Execution worker Thread 5,5,main]) started.

> Task :android:feature-reader:preDebugBuild UP-TO-DATE
Skipping task ':android:feature-reader:preDebugBuild' as it has no actions.
:android:core-ui:preDebugBuild (Thread[Execution worker Thread 4,5,main]) started.
:android:feature-library:preDebugBuild (Thread[Execution worker Thread 9,5,main]) started.
:android:core-domain:preDebugBuild (Thread[Execution worker Thread 10,5,main]) started.
:android:feature-onboarding:preDebugBuild (Thread[Execution worker Thread 8,5,main]) started.
:android:feature-settings:preDebugBuild (Thread[Execution worker Thread 2,5,main]) started.
Resolve mutations for :android:core-reader:preDebugBuild (Thread[Execution worker Thread 7,5,main]) started.

> Task :android:core-domain:preDebugBuild UP-TO-DATE
Skipping task ':android:core-domain:preDebugBuild' as it has no actions.
Resolve mutations for :android:core-data:preDebugBuild (Thread[included builds,5,main]) started.
Resolve mutations for :android:core-model:preDebugBuild (Thread[Execution worker Thread 6,5,main]) started.
:android:feature-ocr:preDebugBuild (Thread[Execution worker Thread 3,5,main]) started.
:android:app:preDebugBuild (Thread[Execution worker,5,main]) started.

> Task :android:feature-library:preDebugBuild UP-TO-DATE
Skipping task ':android:feature-library:preDebugBuild' as it has no actions.
:android:core-model:preDebugBuild (Thread[Execution worker Thread 6,5,main]) started.
:android:core-analytics:preDebugBuild (Thread[Execution worker Thread 11,5,main]) started.
:android:core-reader:preDebugBuild (Thread[Execution worker Thread 7,5,main]) started.
:android:core-data:preDebugBuild (Thread[included builds,5,main]) started.
Resolve mutations for :android:feature-reader:writeDebugAarMetadata (Thread[Execution worker Thread 5,5,main]) started.
Resolve mutations for :android:core-domain:writeDebugAarMetadata (Thread[Execution worker Thread 10,5,main]) started.
Resolve mutations for :android:feature-library:writeDebugAarMetadata (Thread[Execution worker Thread 9,5,main]) started.

> Task :android:feature-settings:preDebugBuild UP-TO-DATE
Skipping task ':android:feature-settings:preDebugBuild' as it has no actions.

> Task :android:feature-ocr:preDebugBuild UP-TO-DATE
Skipping task ':android:feature-ocr:preDebugBuild' as it has no actions.

> Task :android:feature-onboarding:preDebugBuild UP-TO-DATE
Skipping task ':android:feature-onboarding:preDebugBuild' as it has no actions.

> Task :android:core-ui:preDebugBuild UP-TO-DATE
Skipping task ':android:core-ui:preDebugBuild' as it has no actions.
Resolve mutations for :android:feature-settings:writeDebugAarMetadata (Thread[Execution worker Thread 2,5,main]) started.

> Task :android:core-reader:preDebugBuild UP-TO-DATE
Skipping task ':android:core-reader:preDebugBuild' as it has no actions.

> Task :android:core-model:preDebugBuild UP-TO-DATE
Skipping task ':android:core-model:preDebugBuild' as it has no actions.

> Task :android:core-analytics:preDebugBuild UP-TO-DATE
Skipping task ':android:core-analytics:preDebugBuild' as it has no actions.
Resolve mutations for :android:core-ui:writeDebugAarMetadata (Thread[Execution worker Thread 4,5,main]) started.

> Task :android:app:preDebugBuild UP-TO-DATE
Skipping task ':android:app:preDebugBuild' as it has no actions.

> Task :android:core-data:preDebugBuild UP-TO-DATE
Skipping task ':android:core-data:preDebugBuild' as it has no actions.
Resolve mutations for :android:feature-onboarding:writeDebugAarMetadata (Thread[Execution worker Thread 8,5,main]) started.
Resolve mutations for :android:core-analytics:writeDebugAarMetadata (Thread[Execution worker Thread 11,5,main]) started.
Resolve mutations for :android:feature-ocr:writeDebugAarMetadata (Thread[Execution worker Thread 3,5,main]) started.
Resolve mutations for :android:core-data:writeDebugAarMetadata (Thread[included builds,5,main]) started.
Resolve mutations for :android:app:mergeDebugNativeDebugMetadata (Thread[Execution worker,5,main]) started.
Resolve mutations for :android:core-model:writeDebugAarMetadata (Thread[Execution worker Thread 6,5,main]) started.
Resolve mutations for :android:core-reader:writeDebugAarMetadata (Thread[Execution worker Thread 7,5,main]) started.
:android:core-analytics:writeDebugAarMetadata (Thread[Execution worker Thread 11,5,main]) started.
:android:core-data:writeDebugAarMetadata (Thread[included builds,5,main]) started.
:android:feature-library:writeDebugAarMetadata (Thread[Execution worker Thread 9,5,main]) started.
:android:core-domain:writeDebugAarMetadata (Thread[Execution worker Thread 10,5,main]) started.
:android:core-ui:writeDebugAarMetadata (Thread[Execution worker Thread 4,5,main]) started.
:android:core-model:writeDebugAarMetadata (Thread[Execution worker Thread 6,5,main]) started.
:android:feature-settings:writeDebugAarMetadata (Thread[Execution worker Thread 2,5,main]) started.
:android:feature-ocr:writeDebugAarMetadata (Thread[Execution worker Thread 3,5,main]) started.
:android:app:mergeDebugNativeDebugMetadata (Thread[Execution worker,5,main]) started.
:android:core-reader:writeDebugAarMetadata (Thread[Execution worker Thread 7,5,main]) started.
:android:feature-onboarding:writeDebugAarMetadata (Thread[Execution worker Thread 8,5,main]) started.
:android:feature-reader:writeDebugAarMetadata (Thread[Execution worker Thread 5,5,main]) started.

> Task :android:app:mergeDebugNativeDebugMetadata NO-SOURCE
Skipping task ':android:app:mergeDebugNativeDebugMetadata' as it has no source files and no previous output files.
Resolve mutations for :android:app:checkKotlinGradlePluginConfigurationErrors (Thread[Execution worker,5,main]) started.
:android:app:checkKotlinGradlePluginConfigurationErrors (Thread[Execution worker,5,main]) started.

> Task :android:app:checkKotlinGradlePluginConfigurationErrors
Caching disabled for task ':android:app:checkKotlinGradlePluginConfigurationErrors' because:
  This task renders reported diagnostics; caching this task will hide diagnostics and obscure issues in the build
Task ':android:app:checkKotlinGradlePluginConfigurationErrors' is not up-to-date because:
  Task has not declared any outputs despite executing actions.
Resolve mutations for :android:feature-themes:preBuild (Thread[Execution worker,5,main]) started.
:android:feature-themes:preBuild (Thread[Execution worker,5,main]) started.

> Task :android:feature-themes:preBuild UP-TO-DATE
Skipping task ':android:feature-themes:preBuild' as it has no actions.
Resolve mutations for :android:feature-themes:preDebugBuild (Thread[Execution worker,5,main]) started.
:android:feature-themes:preDebugBuild (Thread[Execution worker,5,main]) started.

> Task :android:feature-themes:preDebugBuild UP-TO-DATE
Skipping task ':android:feature-themes:preDebugBuild' as it has no actions.
Resolve mutations for :android:feature-themes:writeDebugAarMetadata (Thread[Execution worker,5,main]) started.
:android:feature-themes:writeDebugAarMetadata (Thread[Execution worker,5,main]) started.

> Task :android:core-ui:writeDebugAarMetadata UP-TO-DATE
Caching disabled for task ':android:core-ui:writeDebugAarMetadata' because:
  Caching has been disabled for the task
Skipping task ':android:core-ui:writeDebugAarMetadata' as it is up-to-date.

> Task :android:feature-ocr:writeDebugAarMetadata UP-TO-DATE
Caching disabled for task ':android:feature-ocr:writeDebugAarMetadata' because:
  Caching has been disabled for the task
Skipping task ':android:feature-ocr:writeDebugAarMetadata' as it is up-to-date.

> Task :android:core-analytics:writeDebugAarMetadata UP-TO-DATE
Caching disabled for task ':android:core-analytics:writeDebugAarMetadata' because:
  Caching has been disabled for the task
Skipping task ':android:core-analytics:writeDebugAarMetadata' as it is up-to-date.

> Task :android:feature-library:writeDebugAarMetadata UP-TO-DATE
Caching disabled for task ':android:feature-library:writeDebugAarMetadata' because:
  Caching has been disabled for the task
Skipping task ':android:feature-library:writeDebugAarMetadata' as it is up-to-date.

> Task :android:core-domain:writeDebugAarMetadata UP-TO-DATE
Caching disabled for task ':android:core-domain:writeDebugAarMetadata' because:
  Caching has been disabled for the task
Skipping task ':android:core-domain:writeDebugAarMetadata' as it is up-to-date.
work action resolve aar-metadata.properties (project :android:core-ui) (Thread[Execution worker Thread 4,5,main]) started.

> Task :android:core-data:writeDebugAarMetadata UP-TO-DATE
Caching disabled for task ':android:core-data:writeDebugAarMetadata' because:
  Caching has been disabled for the task
Skipping task ':android:core-data:writeDebugAarMetadata' as it is up-to-date.

> Task :android:feature-reader:writeDebugAarMetadata UP-TO-DATE
Caching disabled for task ':android:feature-reader:writeDebugAarMetadata' because:
  Caching has been disabled for the task
Skipping task ':android:feature-reader:writeDebugAarMetadata' as it is up-to-date.
work action resolve aar-metadata.properties (project :android:feature-library) (Thread[Execution worker Thread 9,5,main]) started.
work action resolve aar-metadata.properties (project :android:feature-ocr) (Thread[Execution worker Thread 3,5,main]) started.
work action resolve aar-metadata.properties (project :android:feature-reader) (Thread[Execution worker Thread 5,5,main]) started.

> Task :android:core-reader:writeDebugAarMetadata UP-TO-DATE
Caching disabled for task ':android:core-reader:writeDebugAarMetadata' because:
  Caching has been disabled for the task
Skipping task ':android:core-reader:writeDebugAarMetadata' as it is up-to-date.

> Task :android:core-model:writeDebugAarMetadata UP-TO-DATE
Caching disabled for task ':android:core-model:writeDebugAarMetadata' because:
  Caching has been disabled for the task
Skipping task ':android:core-model:writeDebugAarMetadata' as it is up-to-date.
work action resolve aar-metadata.properties (project :android:core-analytics) (Thread[Execution worker Thread 11,5,main]) started.

> Task :android:feature-onboarding:writeDebugAarMetadata UP-TO-DATE
Caching disabled for task ':android:feature-onboarding:writeDebugAarMetadata' because:
  Caching has been disabled for the task
Skipping task ':android:feature-onboarding:writeDebugAarMetadata' as it is up-to-date.
work action resolve aar-metadata.properties (project :android:core-reader) (Thread[Execution worker Thread 7,5,main]) started.
work action resolve aar-metadata.properties (project :android:core-domain) (Thread[Execution worker Thread 10,5,main]) started.

> Task :android:feature-themes:writeDebugAarMetadata UP-TO-DATE
Caching disabled for task ':android:feature-themes:writeDebugAarMetadata' because:
  Caching has been disabled for the task
Skipping task ':android:feature-themes:writeDebugAarMetadata' as it is up-to-date.

> Task :android:feature-settings:writeDebugAarMetadata UP-TO-DATE
Caching disabled for task ':android:feature-settings:writeDebugAarMetadata' because:
  Caching has been disabled for the task
Skipping task ':android:feature-settings:writeDebugAarMetadata' as it is up-to-date.
work action resolve aar-metadata.properties (project :android:feature-onboarding) (Thread[included builds,5,main]) started.
work action resolve aar-metadata.properties (project :android:core-data) (Thread[Execution worker Thread 8,5,main]) started.
work action resolve aar-metadata.properties (project :android:core-model) (Thread[Execution worker Thread 6,5,main]) started.
work action resolve aar-metadata.properties (project :android:feature-settings) (Thread[Execution worker Thread 2,5,main]) started.
work action resolve aar-metadata.properties (project :android:feature-themes) (Thread[Execution worker,5,main]) started.
Resolve mutations for :android:feature-translate:preBuild (Thread[Execution worker Thread 6,5,main]) started.
Resolve mutations for :android:shared:preBuild (Thread[Execution worker Thread 2,5,main]) started.
Resolve mutations for :android:app:generateDebugResValues (Thread[Execution worker Thread 9,5,main]) started.
Resolve mutations for :android:core-model:generateDebugResValues (Thread[Execution worker,5,main]) started.
Resolve mutations for :android:core-ui:generateDebugResValues (Thread[Execution worker Thread 4,5,main]) started.
:android:app:generateDebugResValues (Thread[Execution worker Thread 11,5,main]) started.
:android:feature-translate:preBuild (Thread[Execution worker Thread 6,5,main]) started.
:android:shared:preBuild (Thread[Execution worker Thread 2,5,main]) started.
Resolve mutations for :android:core-analytics:generateDebugResValues (Thread[included builds,5,main]) started.
Resolve mutations for :android:core-reader:generateDebugResValues (Thread[Execution worker Thread 7,5,main]) started.
Resolve mutations for :android:core-domain:generateDebugResValues (Thread[Execution worker Thread 10,5,main]) started.
:android:core-ui:generateDebugResValues (Thread[Execution worker Thread 4,5,main]) started.

> Task :android:feature-translate:preBuild UP-TO-DATE
Skipping task ':android:feature-translate:preBuild' as it has no actions.
:android:core-model:generateDebugResValues (Thread[Execution worker,5,main]) started.
:android:core-reader:generateDebugResValues (Thread[Execution worker Thread 7,5,main]) started.
Resolve mutations for :android:feature-library:generateDebugResValues (Thread[Execution worker Thread 5,5,main]) started.
Resolve mutations for :android:feature-ocr:generateDebugResValues (Thread[Execution worker Thread 9,5,main]) started.

> Task :android:shared:preBuild UP-TO-DATE
Skipping task ':android:shared:preBuild' as it has no actions.
:android:feature-library:generateDebugResValues (Thread[Execution worker Thread 5,5,main]) started.
Resolve mutations for :android:feature-onboarding:generateDebugResValues (Thread[Execution worker Thread 3,5,main]) started.
:android:feature-onboarding:generateDebugResValues (Thread[Execution worker Thread 3,5,main]) started.
:android:feature-ocr:generateDebugResValues (Thread[Execution worker Thread 9,5,main]) started.
Resolve mutations for :android:shared:preDebugBuild (Thread[Execution worker Thread 2,5,main]) started.
Resolve mutations for :android:feature-translate:preDebugBuild (Thread[Execution worker Thread 6,5,main]) started.
:android:core-domain:generateDebugResValues (Thread[Execution worker Thread 10,5,main]) started.
:android:core-analytics:generateDebugResValues (Thread[included builds,5,main]) started.
Resolve mutations for :android:core-data:generateDebugResValues (Thread[Execution worker Thread 8,5,main]) started.

> Task :android:core-ui:generateDebugResValues UP-TO-DATE
Build cache key for task ':android:core-ui:generateDebugResValues' is 2b9d185eedfd40cdbd84476b0280cb15
Skipping task ':android:core-ui:generateDebugResValues' as it is up-to-date.
Resolve mutations for :android:core-ui:generateDebugResources (Thread[Execution worker Thread 4,5,main]) started.
:android:feature-translate:preDebugBuild (Thread[Execution worker Thread 6,5,main]) started.

> Task :android:app:generateDebugResValues UP-TO-DATE
Build cache key for task ':android:app:generateDebugResValues' is 2b9d185eedfd40cdbd84476b0280cb15
Skipping task ':android:app:generateDebugResValues' as it is up-to-date.

> Task :android:feature-library:generateDebugResValues UP-TO-DATE
Build cache key for task ':android:feature-library:generateDebugResValues' is 2b9d185eedfd40cdbd84476b0280cb15
Skipping task ':android:feature-library:generateDebugResValues' as it is up-to-date.

> Task :android:feature-translate:preDebugBuild UP-TO-DATE
Skipping task ':android:feature-translate:preDebugBuild' as it has no actions.

> Task :android:core-reader:generateDebugResValues UP-TO-DATE
Build cache key for task ':android:core-reader:generateDebugResValues' is 2b9d185eedfd40cdbd84476b0280cb15
Skipping task ':android:core-reader:generateDebugResValues' as it is up-to-date.

> Task :android:core-model:generateDebugResValues UP-TO-DATE
Build cache key for task ':android:core-model:generateDebugResValues' is 2b9d185eedfd40cdbd84476b0280cb15
Skipping task ':android:core-model:generateDebugResValues' as it is up-to-date.
:android:core-ui:generateDebugResources (Thread[Execution worker Thread 4,5,main]) started.
Resolve mutations for :android:feature-reader:generateDebugResValues (Thread[Execution worker Thread 11,5,main]) started.
:android:shared:preDebugBuild (Thread[Execution worker Thread 2,5,main]) started.
:android:core-data:generateDebugResValues (Thread[Execution worker Thread 8,5,main]) started.
:android:feature-reader:generateDebugResValues (Thread[Execution worker Thread 11,5,main]) started.
Resolve mutations for :android:core-reader:generateDebugResources (Thread[Execution worker Thread 7,5,main]) started.

> Task :android:shared:preDebugBuild UP-TO-DATE
Skipping task ':android:shared:preDebugBuild' as it has no actions.
Resolve mutations for :android:core-model:generateDebugResources (Thread[Execution worker,5,main]) started.

> Task :android:feature-onboarding:generateDebugResValues UP-TO-DATE
Build cache key for task ':android:feature-onboarding:generateDebugResValues' is 2b9d185eedfd40cdbd84476b0280cb15
Skipping task ':android:feature-onboarding:generateDebugResValues' as it is up-to-date.
Resolve mutations for :android:feature-library:generateDebugResources (Thread[Execution worker Thread 5,5,main]) started.
Resolve mutations for :android:shared:writeDebugAarMetadata (Thread[Execution worker Thread 2,5,main]) started.

> Task :android:core-domain:generateDebugResValues UP-TO-DATE
Build cache key for task ':android:core-domain:generateDebugResValues' is 2b9d185eedfd40cdbd84476b0280cb15
Skipping task ':android:core-domain:generateDebugResValues' as it is up-to-date.
Resolve mutations for :android:feature-translate:writeDebugAarMetadata (Thread[Execution worker Thread 6,5,main]) started.
:android:core-model:generateDebugResources (Thread[Execution worker,5,main]) started.
:android:core-reader:generateDebugResources (Thread[Execution worker Thread 7,5,main]) started.
Resolve mutations for :android:core-domain:generateDebugResources (Thread[Execution worker Thread 10,5,main]) started.
:android:shared:writeDebugAarMetadata (Thread[Execution worker Thread 2,5,main]) started.
Resolve mutations for :android:feature-onboarding:generateDebugResources (Thread[Execution worker Thread 3,5,main]) started.

> Task :android:feature-ocr:generateDebugResValues UP-TO-DATE
Build cache key for task ':android:feature-ocr:generateDebugResValues' is 2b9d185eedfd40cdbd84476b0280cb15
Skipping task ':android:feature-ocr:generateDebugResValues' as it is up-to-date.

> Task :android:core-analytics:generateDebugResValues UP-TO-DATE
Build cache key for task ':android:core-analytics:generateDebugResValues' is 2b9d185eedfd40cdbd84476b0280cb15
Skipping task ':android:core-analytics:generateDebugResValues' as it is up-to-date.
:android:feature-library:generateDebugResources (Thread[Execution worker Thread 5,5,main]) started.
:android:feature-translate:writeDebugAarMetadata (Thread[Execution worker Thread 6,5,main]) started.
Resolve mutations for :android:feature-ocr:generateDebugResources (Thread[Execution worker Thread 3,5,main]) started.
Resolve mutations for :android:core-analytics:generateDebugResources (Thread[included builds,5,main]) started.
:android:core-domain:generateDebugResources (Thread[Execution worker Thread 10,5,main]) started.
:android:feature-onboarding:generateDebugResources (Thread[Execution worker Thread 9,5,main]) started.
:android:core-analytics:generateDebugResources (Thread[included builds,5,main]) started.
:android:feature-ocr:generateDebugResources (Thread[Execution worker Thread 3,5,main]) started.

> Task :android:core-data:generateDebugResValues UP-TO-DATE
Build cache key for task ':android:core-data:generateDebugResValues' is 2b9d185eedfd40cdbd84476b0280cb15
Skipping task ':android:core-data:generateDebugResValues' as it is up-to-date.

> Task :android:feature-translate:writeDebugAarMetadata UP-TO-DATE
Caching disabled for task ':android:feature-translate:writeDebugAarMetadata' because:
  Caching has been disabled for the task
Skipping task ':android:feature-translate:writeDebugAarMetadata' as it is up-to-date.

> Task :android:shared:writeDebugAarMetadata UP-TO-DATE
Caching disabled for task ':android:shared:writeDebugAarMetadata' because:
  Caching has been disabled for the task
Skipping task ':android:shared:writeDebugAarMetadata' as it is up-to-date.
Resolve mutations for :android:core-data:generateDebugResources (Thread[Execution worker Thread 8,5,main]) started.
work action resolve aar-metadata.properties (project :android:feature-translate) (Thread[Execution worker Thread 6,5,main]) started.
work action resolve aar-metadata.properties (project :android:shared) (Thread[Execution worker Thread 2,5,main]) started.
Resolve mutations for :android:feature-settings:generateDebugResValues (Thread[Execution worker Thread 6,5,main]) started.
Resolve mutations for :android:app:checkDebugAarMetadata (Thread[Execution worker Thread 2,5,main]) started.
:android:core-data:generateDebugResources (Thread[Execution worker Thread 8,5,main]) started.
:android:feature-settings:generateDebugResValues (Thread[Execution worker Thread 6,5,main]) started.
:android:app:checkDebugAarMetadata (Thread[Execution worker Thread 2,5,main]) started.

> Task :android:feature-reader:generateDebugResValues UP-TO-DATE
Build cache key for task ':android:feature-reader:generateDebugResValues' is 2b9d185eedfd40cdbd84476b0280cb15
Skipping task ':android:feature-reader:generateDebugResValues' as it is up-to-date.
Resolve mutations for :android:feature-reader:generateDebugResources (Thread[Execution worker Thread 11,5,main]) started.
:android:feature-reader:generateDebugResources (Thread[Execution worker Thread 11,5,main]) started.

> Task :android:feature-settings:generateDebugResValues UP-TO-DATE
Build cache key for task ':android:feature-settings:generateDebugResValues' is 2b9d185eedfd40cdbd84476b0280cb15
Skipping task ':android:feature-settings:generateDebugResValues' as it is up-to-date.
Resolve mutations for :android:feature-settings:generateDebugResources (Thread[Execution worker Thread 6,5,main]) started.
:android:feature-settings:generateDebugResources (Thread[Execution worker Thread 6,5,main]) started.

> Task :android:core-analytics:generateDebugResources UP-TO-DATE
Build cache key for task ':android:core-analytics:generateDebugResources' is be50fae97b9b657ed1289dfdbdfa9339
Skipping task ':android:core-analytics:generateDebugResources' as it is up-to-date.

> Task :android:feature-reader:generateDebugResources UP-TO-DATE
Build cache key for task ':android:feature-reader:generateDebugResources' is be50fae97b9b657ed1289dfdbdfa9339
Skipping task ':android:feature-reader:generateDebugResources' as it is up-to-date.

> Task :android:core-domain:generateDebugResources UP-TO-DATE
Build cache key for task ':android:core-domain:generateDebugResources' is be50fae97b9b657ed1289dfdbdfa9339
Skipping task ':android:core-domain:generateDebugResources' as it is up-to-date.
Resolve mutations for :android:feature-reader:packageDebugResources (Thread[Execution worker Thread 11,5,main]) started.

> Task :android:core-data:generateDebugResources UP-TO-DATE
Build cache key for task ':android:core-data:generateDebugResources' is be50fae97b9b657ed1289dfdbdfa9339
Skipping task ':android:core-data:generateDebugResources' as it is up-to-date.
Resolve mutations for :android:core-domain:packageDebugResources (Thread[Execution worker Thread 10,5,main]) started.

> Task :android:core-ui:generateDebugResources UP-TO-DATE
Build cache key for task ':android:core-ui:generateDebugResources' is 9b6b06cbf4fb8be03aa34f1cd36f8621
Skipping task ':android:core-ui:generateDebugResources' as it is up-to-date.

> Task :android:feature-ocr:generateDebugResources UP-TO-DATE
Build cache key for task ':android:feature-ocr:generateDebugResources' is be50fae97b9b657ed1289dfdbdfa9339
Skipping task ':android:feature-ocr:generateDebugResources' as it is up-to-date.
Resolve mutations for :android:feature-ocr:packageDebugResources (Thread[Execution worker Thread 3,5,main]) started.

> Task :android:feature-settings:generateDebugResources UP-TO-DATE
Build cache key for task ':android:feature-settings:generateDebugResources' is be50fae97b9b657ed1289dfdbdfa9339
Skipping task ':android:feature-settings:generateDebugResources' as it is up-to-date.
Resolve mutations for :android:core-analytics:packageDebugResources (Thread[included builds,5,main]) started.

> Task :android:core-model:generateDebugResources UP-TO-DATE
Build cache key for task ':android:core-model:generateDebugResources' is be50fae97b9b657ed1289dfdbdfa9339
Skipping task ':android:core-model:generateDebugResources' as it is up-to-date.

> Task :android:feature-onboarding:generateDebugResources UP-TO-DATE
Build cache key for task ':android:feature-onboarding:generateDebugResources' is be50fae97b9b657ed1289dfdbdfa9339
Skipping task ':android:feature-onboarding:generateDebugResources' as it is up-to-date.
Resolve mutations for :android:feature-settings:packageDebugResources (Thread[Execution worker Thread 6,5,main]) started.
Resolve mutations for :android:feature-onboarding:packageDebugResources (Thread[Execution worker Thread 9,5,main]) started.
:android:feature-reader:packageDebugResources (Thread[Execution worker Thread 11,5,main]) started.
:android:core-analytics:packageDebugResources (Thread[included builds,5,main]) started.
:android:feature-ocr:packageDebugResources (Thread[Execution worker Thread 3,5,main]) started.
Resolve mutations for :android:core-model:packageDebugResources (Thread[Execution worker,5,main]) started.
:android:core-domain:packageDebugResources (Thread[Execution worker Thread 10,5,main]) started.

> Task :android:feature-library:generateDebugResources UP-TO-DATE
Build cache key for task ':android:feature-library:generateDebugResources' is be50fae97b9b657ed1289dfdbdfa9339
Skipping task ':android:feature-library:generateDebugResources' as it is up-to-date.
:android:feature-settings:packageDebugResources (Thread[Execution worker Thread 6,5,main]) started.
Resolve mutations for :android:core-ui:packageDebugResources (Thread[Execution worker Thread 4,5,main]) started.
Resolve mutations for :android:feature-library:packageDebugResources (Thread[Execution worker Thread 5,5,main]) started.
Resolve mutations for :android:core-data:packageDebugResources (Thread[Execution worker Thread 8,5,main]) started.
:android:feature-onboarding:packageDebugResources (Thread[Execution worker Thread 9,5,main]) started.
:android:core-model:packageDebugResources (Thread[Execution worker,5,main]) started.
:android:core-ui:packageDebugResources (Thread[Execution worker Thread 4,5,main]) started.
Resolve mutations for :android:feature-themes:generateDebugResValues (Thread[Execution worker Thread 8,5,main]) started.
Resolve mutations for :android:feature-translate:generateDebugResValues (Thread[Execution worker Thread 5,5,main]) started.
:android:feature-themes:generateDebugResValues (Thread[Execution worker Thread 8,5,main]) started.

> Task :android:core-reader:generateDebugResources UP-TO-DATE
Build cache key for task ':android:core-reader:generateDebugResources' is be50fae97b9b657ed1289dfdbdfa9339
Skipping task ':android:core-reader:generateDebugResources' as it is up-to-date.
:android:feature-translate:generateDebugResValues (Thread[Execution worker Thread 5,5,main]) started.
Resolve mutations for :android:core-reader:packageDebugResources (Thread[Execution worker Thread 7,5,main]) started.
Resolve mutations for :android:shared:generateDebugResValues (Thread[Execution worker Thread 7,5,main]) started.
:android:shared:generateDebugResValues (Thread[Execution worker Thread 7,5,main]) started.

> Task :android:feature-themes:generateDebugResValues UP-TO-DATE
Build cache key for task ':android:feature-themes:generateDebugResValues' is 2b9d185eedfd40cdbd84476b0280cb15
Skipping task ':android:feature-themes:generateDebugResValues' as it is up-to-date.

> Task :android:feature-translate:generateDebugResValues UP-TO-DATE
Build cache key for task ':android:feature-translate:generateDebugResValues' is 2b9d185eedfd40cdbd84476b0280cb15
Skipping task ':android:feature-translate:generateDebugResValues' as it is up-to-date.
Resolve mutations for :android:feature-themes:generateDebugResources (Thread[Execution worker Thread 8,5,main]) started.
Resolve mutations for :android:feature-translate:generateDebugResources (Thread[Execution worker Thread 5,5,main]) started.
:android:feature-themes:generateDebugResources (Thread[Execution worker Thread 8,5,main]) started.
:android:feature-translate:generateDebugResources (Thread[Execution worker Thread 5,5,main]) started.

> Task :android:shared:generateDebugResValues UP-TO-DATE
Build cache key for task ':android:shared:generateDebugResValues' is 2b9d185eedfd40cdbd84476b0280cb15
Skipping task ':android:shared:generateDebugResValues' as it is up-to-date.
Resolve mutations for :android:shared:generateDebugResources (Thread[Execution worker Thread 7,5,main]) started.

> Task :android:feature-themes:generateDebugResources UP-TO-DATE
Build cache key for task ':android:feature-themes:generateDebugResources' is be50fae97b9b657ed1289dfdbdfa9339
Skipping task ':android:feature-themes:generateDebugResources' as it is up-to-date.
Resolve mutations for :android:feature-themes:packageDebugResources (Thread[Execution worker Thread 8,5,main]) started.
:android:shared:generateDebugResources (Thread[Execution worker Thread 7,5,main]) started.
Resolve mutations for :android:core-data:extractDeepLinksDebug (Thread[Execution worker Thread 8,5,main]) started.
:android:core-data:extractDeepLinksDebug (Thread[Execution worker Thread 8,5,main]) started.

> Task :android:shared:generateDebugResources UP-TO-DATE
Build cache key for task ':android:shared:generateDebugResources' is be50fae97b9b657ed1289dfdbdfa9339
Skipping task ':android:shared:generateDebugResources' as it is up-to-date.
Resolve mutations for :android:shared:packageDebugResources (Thread[Execution worker Thread 7,5,main]) started.
Resolve mutations for :android:core-reader:extractDeepLinksDebug (Thread[Execution worker Thread 7,5,main]) started.
:android:core-reader:extractDeepLinksDebug (Thread[Execution worker Thread 7,5,main]) started.

> Task :android:core-data:extractDeepLinksDebug UP-TO-DATE
Build cache key for task ':android:core-data:extractDeepLinksDebug' is 43273ca958f68589eefabc4b862c5e9d
Skipping task ':android:core-data:extractDeepLinksDebug' as it is up-to-date.
work action resolve navigation.json (project :android:core-data) (Thread[Execution worker Thread 8,5,main]) started.
Resolve mutations for :android:core-data:processDebugManifest (Thread[Execution worker Thread 8,5,main]) started.

> Task :android:core-reader:extractDeepLinksDebug UP-TO-DATE
Build cache key for task ':android:core-reader:extractDeepLinksDebug' is 43273ca958f68589eefabc4b862c5e9d
Skipping task ':android:core-reader:extractDeepLinksDebug' as it is up-to-date.

> Task :android:feature-translate:generateDebugResources UP-TO-DATE
Build cache key for task ':android:feature-translate:generateDebugResources' is be50fae97b9b657ed1289dfdbdfa9339
Skipping task ':android:feature-translate:generateDebugResources' as it is up-to-date.
:android:core-data:processDebugManifest (Thread[Execution worker Thread 8,5,main]) started.
work action resolve navigation.json (project :android:core-reader) (Thread[Execution worker Thread 7,5,main]) started.
Resolve mutations for :android:feature-translate:packageDebugResources (Thread[Execution worker Thread 7,5,main]) started.
Resolve mutations for :android:core-reader:processDebugManifest (Thread[Execution worker Thread 5,5,main]) started.
Resolve mutations for :android:feature-library:extractDeepLinksDebug (Thread[Execution worker Thread 7,5,main]) started.
:android:core-reader:processDebugManifest (Thread[Execution worker Thread 5,5,main]) started.
:android:feature-library:extractDeepLinksDebug (Thread[Execution worker Thread 7,5,main]) started.

> Task :android:feature-library:extractDeepLinksDebug UP-TO-DATE
Build cache key for task ':android:feature-library:extractDeepLinksDebug' is 43273ca958f68589eefabc4b862c5e9d
Skipping task ':android:feature-library:extractDeepLinksDebug' as it is up-to-date.
work action resolve navigation.json (project :android:feature-library) (Thread[Execution worker Thread 7,5,main]) started.
Resolve mutations for :android:feature-library:processDebugManifest (Thread[Execution worker Thread 7,5,main]) started.
:android:feature-library:processDebugManifest (Thread[Execution worker Thread 7,5,main]) started.

> Task :android:core-data:processDebugManifest UP-TO-DATE
Build cache key for task ':android:core-data:processDebugManifest' is 9852a97e2607afab4467349286636168
Skipping task ':android:core-data:processDebugManifest' as it is up-to-date.
work action resolve AndroidManifest.xml (project :android:core-data) (Thread[Execution worker Thread 8,5,main]) started.
Resolve mutations for :android:feature-themes:extractDeepLinksDebug (Thread[Execution worker Thread 8,5,main]) started.
:android:feature-themes:extractDeepLinksDebug (Thread[Execution worker Thread 8,5,main]) started.

> Task :android:feature-library:processDebugManifest UP-TO-DATE
Build cache key for task ':android:feature-library:processDebugManifest' is d840631750238262f7c0293ff5f83ce0
Skipping task ':android:feature-library:processDebugManifest' as it is up-to-date.

> Task :android:core-reader:processDebugManifest UP-TO-DATE
Build cache key for task ':android:core-reader:processDebugManifest' is ed670321b6b90c9cea43b3647f7c2101
Skipping task ':android:core-reader:processDebugManifest' as it is up-to-date.
work action resolve AndroidManifest.xml (project :android:feature-library) (Thread[Execution worker Thread 7,5,main]) started.
work action resolve AndroidManifest.xml (project :android:core-reader) (Thread[Execution worker Thread 5,5,main]) started.
Resolve mutations for :android:feature-translate:extractDeepLinksDebug (Thread[Execution worker Thread 7,5,main]) started.
Resolve mutations for :android:shared:extractDeepLinksDebug (Thread[Execution worker Thread 5,5,main]) started.
:android:feature-translate:extractDeepLinksDebug (Thread[Execution worker Thread 7,5,main]) started.
:android:shared:extractDeepLinksDebug (Thread[Execution worker Thread 5,5,main]) started.

> Task :android:feature-themes:extractDeepLinksDebug UP-TO-DATE
Build cache key for task ':android:feature-themes:extractDeepLinksDebug' is 43273ca958f68589eefabc4b862c5e9d
Skipping task ':android:feature-themes:extractDeepLinksDebug' as it is up-to-date.
work action resolve navigation.json (project :android:feature-themes) (Thread[Execution worker Thread 8,5,main]) started.
Resolve mutations for :android:feature-themes:processDebugManifest (Thread[Execution worker Thread 8,5,main]) started.
:android:feature-themes:processDebugManifest (Thread[Execution worker Thread 8,5,main]) started.

> Task :android:feature-translate:extractDeepLinksDebug UP-TO-DATE
Build cache key for task ':android:feature-translate:extractDeepLinksDebug' is 43273ca958f68589eefabc4b862c5e9d
Skipping task ':android:feature-translate:extractDeepLinksDebug' as it is up-to-date.
work action resolve navigation.json (project :android:feature-translate) (Thread[Execution worker Thread 7,5,main]) started.
Resolve mutations for :android:feature-translate:processDebugManifest (Thread[Execution worker Thread 7,5,main]) started.
:android:feature-translate:processDebugManifest (Thread[Execution worker Thread 7,5,main]) started.

> Task :android:shared:extractDeepLinksDebug UP-TO-DATE
Build cache key for task ':android:shared:extractDeepLinksDebug' is 43273ca958f68589eefabc4b862c5e9d
Skipping task ':android:shared:extractDeepLinksDebug' as it is up-to-date.
work action resolve navigation.json (project :android:shared) (Thread[Execution worker Thread 5,5,main]) started.
Resolve mutations for :android:shared:processDebugManifest (Thread[Execution worker Thread 5,5,main]) started.
:android:shared:processDebugManifest (Thread[Execution worker Thread 5,5,main]) started.

> Task :android:feature-themes:processDebugManifest UP-TO-DATE
Build cache key for task ':android:feature-themes:processDebugManifest' is 87b6dc45662ef383e68bd0dc855588d0
Skipping task ':android:feature-themes:processDebugManifest' as it is up-to-date.
work action resolve AndroidManifest.xml (project :android:feature-themes) (Thread[Execution worker Thread 8,5,main]) started.

> Task :android:shared:processDebugManifest UP-TO-DATE
Build cache key for task ':android:shared:processDebugManifest' is ba7a3be863ce608c9ba10b4159d9593e
Skipping task ':android:shared:processDebugManifest' as it is up-to-date.
Resolve mutations for :android:core-data:checkKotlinGradlePluginConfigurationErrors (Thread[Execution worker Thread 8,5,main]) started.
:android:core-data:checkKotlinGradlePluginConfigurationErrors (Thread[Execution worker Thread 8,5,main]) started.
work action resolve AndroidManifest.xml (project :android:shared) (Thread[Execution worker Thread 5,5,main]) started.
Resolve mutations for :android:core-reader:checkKotlinGradlePluginConfigurationErrors (Thread[Execution worker Thread 5,5,main]) started.
:android:core-reader:checkKotlinGradlePluginConfigurationErrors (Thread[Execution worker Thread 5,5,main]) started.

> Task :android:feature-translate:processDebugManifest UP-TO-DATE
Build cache key for task ':android:feature-translate:processDebugManifest' is 09db2d2ac709a321c09d76217c38aeb3
Skipping task ':android:feature-translate:processDebugManifest' as it is up-to-date.
work action resolve AndroidManifest.xml (project :android:feature-translate) (Thread[Execution worker Thread 7,5,main]) started.
Resolve mutations for :android:feature-library:checkKotlinGradlePluginConfigurationErrors (Thread[Execution worker Thread 7,5,main]) started.
:android:feature-library:checkKotlinGradlePluginConfigurationErrors (Thread[Execution worker Thread 7,5,main]) started.

> Task :android:core-data:checkKotlinGradlePluginConfigurationErrors
Caching disabled for task ':android:core-data:checkKotlinGradlePluginConfigurationErrors' because:
  This task renders reported diagnostics; caching this task will hide diagnostics and obscure issues in the build
Task ':android:core-data:checkKotlinGradlePluginConfigurationErrors' is not up-to-date because:
  Task has not declared any outputs despite executing actions.
Resolve mutations for :android:core-data:javaPreCompileDebug (Thread[Execution worker Thread 8,5,main]) started.

> Task :android:core-reader:checkKotlinGradlePluginConfigurationErrors
Caching disabled for task ':android:core-reader:checkKotlinGradlePluginConfigurationErrors' because:
  This task renders reported diagnostics; caching this task will hide diagnostics and obscure issues in the build
Task ':android:core-reader:checkKotlinGradlePluginConfigurationErrors' is not up-to-date because:
  Task has not declared any outputs despite executing actions.
Resolve mutations for :android:core-reader:javaPreCompileDebug (Thread[Execution worker Thread 5,5,main]) started.

> Task :android:feature-library:checkKotlinGradlePluginConfigurationErrors
Caching disabled for task ':android:feature-library:checkKotlinGradlePluginConfigurationErrors' because:
  This task renders reported diagnostics; caching this task will hide diagnostics and obscure issues in the build
Task ':android:feature-library:checkKotlinGradlePluginConfigurationErrors' is not up-to-date because:
  Task has not declared any outputs despite executing actions.
:android:core-data:javaPreCompileDebug (Thread[Execution worker Thread 8,5,main]) started.
:android:core-reader:javaPreCompileDebug (Thread[Execution worker Thread 5,5,main]) started.
Resolve mutations for :android:feature-library:javaPreCompileDebug (Thread[Execution worker Thread 7,5,main]) started.
:android:feature-library:javaPreCompileDebug (Thread[Execution worker Thread 7,5,main]) started.

> Task :android:feature-onboarding:packageDebugResources UP-TO-DATE
Build cache key for task ':android:feature-onboarding:packageDebugResources' is 6d155b1acc5ffcbce26f1d0dd96c25a4
Skipping task ':android:feature-onboarding:packageDebugResources' as it is up-to-date.

> Task :android:feature-ocr:packageDebugResources UP-TO-DATE
Build cache key for task ':android:feature-ocr:packageDebugResources' is 24dbe9104927b32bda345feb06346d31
Skipping task ':android:feature-ocr:packageDebugResources' as it is up-to-date.

> Task :android:core-ui:packageDebugResources UP-TO-DATE
Build cache key for task ':android:core-ui:packageDebugResources' is cc8656e3e1bee2c4a32eda4b59d383b5
Skipping task ':android:core-ui:packageDebugResources' as it is up-to-date.

> Task :android:feature-reader:packageDebugResources UP-TO-DATE
Build cache key for task ':android:feature-reader:packageDebugResources' is e65b8d93d478c316691fd22acade3876
Skipping task ':android:feature-reader:packageDebugResources' as it is up-to-date.

> Task :android:feature-settings:packageDebugResources UP-TO-DATE
Build cache key for task ':android:feature-settings:packageDebugResources' is 0bf8b3368cf654897da829200048ec6f
Skipping task ':android:feature-settings:packageDebugResources' as it is up-to-date.
work action resolve packageDebugResources (project :android:feature-ocr) (Thread[Execution worker Thread 3,5,main]) started.
work action resolve packageDebugResources (project :android:core-ui) (Thread[Execution worker Thread 4,5,main]) started.

> Task :android:core-domain:packageDebugResources UP-TO-DATE
Build cache key for task ':android:core-domain:packageDebugResources' is 43856f0cf109ea0c82514ee844eda8d6
Skipping task ':android:core-domain:packageDebugResources' as it is up-to-date.
:android:feature-themes:packageDebugResources (Thread[Execution worker Thread 3,5,main]) started.
work action resolve packageDebugResources (project :android:feature-onboarding) (Thread[Execution worker Thread 9,5,main]) started.
:android:feature-translate:packageDebugResources (Thread[Execution worker Thread 9,5,main]) started.

> Task :android:core-model:packageDebugResources UP-TO-DATE
Build cache key for task ':android:core-model:packageDebugResources' is 19789869316c1ae8503e0d3c70a76266
Skipping task ':android:core-model:packageDebugResources' as it is up-to-date.
work action resolve packageDebugResources (project :android:feature-settings) (Thread[Execution worker Thread 6,5,main]) started.
work action resolve packageDebugResources (project :android:feature-reader) (Thread[Execution worker Thread 11,5,main]) started.
:android:shared:packageDebugResources (Thread[Execution worker Thread 6,5,main]) started.
work action resolve packageDebugResources (project :android:core-model) (Thread[Execution worker,5,main]) started.
work action resolve packageDebugResources (project :android:core-domain) (Thread[Execution worker Thread 10,5,main]) started.
Resolve mutations for :android:core-model:extractDeepLinksDebug (Thread[Execution worker,5,main]) started.
Resolve mutations for :android:feature-ocr:extractDeepLinksDebug (Thread[Execution worker Thread 11,5,main]) started.
:android:core-model:extractDeepLinksDebug (Thread[Execution worker,5,main]) started.
:android:feature-ocr:extractDeepLinksDebug (Thread[Execution worker Thread 11,5,main]) started.
Resolve mutations for :android:core-domain:extractDeepLinksDebug (Thread[Execution worker Thread 10,5,main]) started.
Resolve mutations for :android:core-ui:extractDeepLinksDebug (Thread[Execution worker Thread 4,5,main]) started.

> Task :android:core-analytics:packageDebugResources UP-TO-DATE
Build cache key for task ':android:core-analytics:packageDebugResources' is 342dc6999c8f49001a50b21df8c24d78
Skipping task ':android:core-analytics:packageDebugResources' as it is up-to-date.
:android:core-domain:extractDeepLinksDebug (Thread[Execution worker Thread 10,5,main]) started.
work action resolve packageDebugResources (project :android:core-analytics) (Thread[included builds,5,main]) started.
Resolve mutations for :android:core-analytics:extractDeepLinksDebug (Thread[included builds,5,main]) started.
:android:core-analytics:extractDeepLinksDebug (Thread[included builds,5,main]) started.
:android:core-ui:extractDeepLinksDebug (Thread[Execution worker Thread 4,5,main]) started.

> Task :android:core-model:extractDeepLinksDebug UP-TO-DATE
Build cache key for task ':android:core-model:extractDeepLinksDebug' is 43273ca958f68589eefabc4b862c5e9d
Skipping task ':android:core-model:extractDeepLinksDebug' as it is up-to-date.
work action resolve navigation.json (project :android:core-model) (Thread[Execution worker,5,main]) started.
Resolve mutations for :android:core-model:processDebugManifest (Thread[Execution worker,5,main]) started.
:android:core-model:processDebugManifest (Thread[Execution worker,5,main]) started.

> Task :android:core-analytics:extractDeepLinksDebug UP-TO-DATE
Build cache key for task ':android:core-analytics:extractDeepLinksDebug' is 43273ca958f68589eefabc4b862c5e9d
Skipping task ':android:core-analytics:extractDeepLinksDebug' as it is up-to-date.
work action resolve navigation.json (project :android:core-analytics) (Thread[included builds,5,main]) started.
Resolve mutations for :android:core-analytics:processDebugManifest (Thread[included builds,5,main]) started.
:android:core-analytics:processDebugManifest (Thread[included builds,5,main]) started.

> Task :android:feature-ocr:extractDeepLinksDebug UP-TO-DATE
Build cache key for task ':android:feature-ocr:extractDeepLinksDebug' is 43273ca958f68589eefabc4b862c5e9d
Skipping task ':android:feature-ocr:extractDeepLinksDebug' as it is up-to-date.
work action resolve navigation.json (project :android:feature-ocr) (Thread[Execution worker Thread 11,5,main]) started.
Resolve mutations for :android:feature-ocr:processDebugManifest (Thread[Execution worker Thread 11,5,main]) started.

> Task :android:core-ui:extractDeepLinksDebug UP-TO-DATE
Build cache key for task ':android:core-ui:extractDeepLinksDebug' is 43273ca958f68589eefabc4b862c5e9d
Skipping task ':android:core-ui:extractDeepLinksDebug' as it is up-to-date.
work action resolve navigation.json (project :android:core-ui) (Thread[Execution worker Thread 4,5,main]) started.
Resolve mutations for :android:core-ui:processDebugManifest (Thread[Execution worker Thread 4,5,main]) started.
:android:feature-ocr:processDebugManifest (Thread[Execution worker Thread 11,5,main]) started.

> Task :android:core-domain:extractDeepLinksDebug UP-TO-DATE
Build cache key for task ':android:core-domain:extractDeepLinksDebug' is 43273ca958f68589eefabc4b862c5e9d
Skipping task ':android:core-domain:extractDeepLinksDebug' as it is up-to-date.
work action resolve navigation.json (project :android:core-domain) (Thread[Execution worker Thread 10,5,main]) started.

> Task :android:feature-themes:packageDebugResources UP-TO-DATE
Build cache key for task ':android:feature-themes:packageDebugResources' is f500857c0dba2f46eb9a52bddb4fe037
Skipping task ':android:feature-themes:packageDebugResources' as it is up-to-date.
Resolve mutations for :android:core-domain:processDebugManifest (Thread[Execution worker Thread 10,5,main]) started.
:android:core-ui:processDebugManifest (Thread[Execution worker Thread 4,5,main]) started.
:android:core-domain:processDebugManifest (Thread[Execution worker Thread 10,5,main]) started.
work action resolve packageDebugResources (project :android:feature-themes) (Thread[Execution worker Thread 3,5,main]) started.
Resolve mutations for :android:feature-onboarding:extractDeepLinksDebug (Thread[Execution worker Thread 3,5,main]) started.
:android:feature-onboarding:extractDeepLinksDebug (Thread[Execution worker Thread 3,5,main]) started.

> Task :android:core-model:processDebugManifest UP-TO-DATE
Build cache key for task ':android:core-model:processDebugManifest' is db8ec91def571dc0342a9f5a56badd74
Skipping task ':android:core-model:processDebugManifest' as it is up-to-date.
work action resolve AndroidManifest.xml (project :android:core-model) (Thread[Execution worker,5,main]) started.
Resolve mutations for :android:feature-reader:extractDeepLinksDebug (Thread[Execution worker,5,main]) started.
:android:feature-reader:extractDeepLinksDebug (Thread[Execution worker,5,main]) started.

> Task :android:feature-translate:packageDebugResources UP-TO-DATE
Build cache key for task ':android:feature-translate:packageDebugResources' is ab5f4d1368b57fe413ba51cc8aaa0cde
Skipping task ':android:feature-translate:packageDebugResources' as it is up-to-date.
work action resolve packageDebugResources (project :android:feature-translate) (Thread[Execution worker Thread 9,5,main]) started.
Resolve mutations for :android:feature-settings:extractDeepLinksDebug (Thread[Execution worker Thread 9,5,main]) started.

> Task :android:feature-onboarding:extractDeepLinksDebug UP-TO-DATE
Build cache key for task ':android:feature-onboarding:extractDeepLinksDebug' is 43273ca958f68589eefabc4b862c5e9d
Skipping task ':android:feature-onboarding:extractDeepLinksDebug' as it is up-to-date.
work action resolve navigation.json (project :android:feature-onboarding) (Thread[Execution worker Thread 3,5,main]) started.
Resolve mutations for :android:feature-onboarding:processDebugManifest (Thread[Execution worker Thread 3,5,main]) started.
:android:feature-settings:extractDeepLinksDebug (Thread[Execution worker Thread 9,5,main]) started.
:android:feature-onboarding:processDebugManifest (Thread[Execution worker Thread 3,5,main]) started.

> Task :android:feature-reader:extractDeepLinksDebug UP-TO-DATE
Build cache key for task ':android:feature-reader:extractDeepLinksDebug' is 43273ca958f68589eefabc4b862c5e9d
Skipping task ':android:feature-reader:extractDeepLinksDebug' as it is up-to-date.
work action resolve navigation.json (project :android:feature-reader) (Thread[Execution worker,5,main]) started.

> Task :android:core-analytics:processDebugManifest UP-TO-DATE
Build cache key for task ':android:core-analytics:processDebugManifest' is 2d1fcf5ebe21c670fc19b2bfb1a85b48
Skipping task ':android:core-analytics:processDebugManifest' as it is up-to-date.
Resolve mutations for :android:feature-reader:processDebugManifest (Thread[Execution worker,5,main]) started.
work action resolve AndroidManifest.xml (project :android:core-analytics) (Thread[included builds,5,main]) started.
Resolve mutations for :android:core-analytics:compileDebugLibraryResources (Thread[included builds,5,main]) started.
:android:feature-reader:processDebugManifest (Thread[Execution worker,5,main]) started.
:android:core-analytics:compileDebugLibraryResources (Thread[included builds,5,main]) started.

> Task :android:shared:packageDebugResources UP-TO-DATE
Build cache key for task ':android:shared:packageDebugResources' is 3293607ffbba796622dca0fb835fd8aa
Skipping task ':android:shared:packageDebugResources' as it is up-to-date.
work action resolve packageDebugResources (project :android:shared) (Thread[Execution worker Thread 6,5,main]) started.

> Task :android:feature-ocr:processDebugManifest UP-TO-DATE
Build cache key for task ':android:feature-ocr:processDebugManifest' is 2ddbb5ba7dbd91729b2a7bfc603c61a3
Skipping task ':android:feature-ocr:processDebugManifest' as it is up-to-date.
Resolve mutations for :android:core-model:compileDebugLibraryResources (Thread[Execution worker Thread 6,5,main]) started.

> Task :android:feature-settings:extractDeepLinksDebug UP-TO-DATE
Build cache key for task ':android:feature-settings:extractDeepLinksDebug' is 43273ca958f68589eefabc4b862c5e9d
Skipping task ':android:feature-settings:extractDeepLinksDebug' as it is up-to-date.
work action resolve navigation.json (project :android:feature-settings) (Thread[Execution worker Thread 9,5,main]) started.
work action resolve AndroidManifest.xml (project :android:feature-ocr) (Thread[Execution worker Thread 11,5,main]) started.
Resolve mutations for :android:feature-settings:processDebugManifest (Thread[Execution worker Thread 9,5,main]) started.
Resolve mutations for :android:feature-ocr:compileDebugLibraryResources (Thread[Execution worker Thread 11,5,main]) started.
:android:core-model:compileDebugLibraryResources (Thread[Execution worker Thread 6,5,main]) started.
:android:feature-ocr:compileDebugLibraryResources (Thread[Execution worker Thread 11,5,main]) started.
:android:feature-settings:processDebugManifest (Thread[Execution worker Thread 9,5,main]) started.

> Task :android:core-ui:processDebugManifest UP-TO-DATE
Build cache key for task ':android:core-ui:processDebugManifest' is f382f6520d7e50e020ac2c0cb5557f1f
Skipping task ':android:core-ui:processDebugManifest' as it is up-to-date.
work action resolve AndroidManifest.xml (project :android:core-ui) (Thread[Execution worker Thread 4,5,main]) started.
Resolve mutations for :android:core-ui:compileDebugLibraryResources (Thread[Execution worker Thread 4,5,main]) started.

> Task :android:core-domain:processDebugManifest UP-TO-DATE
Build cache key for task ':android:core-domain:processDebugManifest' is 3cdbf24ed175f7aa67ef172a0898ec57
Skipping task ':android:core-domain:processDebugManifest' as it is up-to-date.
work action resolve AndroidManifest.xml (project :android:core-domain) (Thread[Execution worker Thread 10,5,main]) started.
:android:core-ui:compileDebugLibraryResources (Thread[Execution worker Thread 4,5,main]) started.

> Task :android:core-analytics:compileDebugLibraryResources UP-TO-DATE
Build cache key for task ':android:core-analytics:compileDebugLibraryResources' is c18417ead2db922ec6c55331094e0617
Skipping task ':android:core-analytics:compileDebugLibraryResources' as it is up-to-date.
Resolve mutations for :android:core-domain:compileDebugLibraryResources (Thread[Execution worker Thread 10,5,main]) started.
work action resolve out (project :android:core-analytics) (Thread[included builds,5,main]) started.
Resolve mutations for :android:core-analytics:parseDebugLocalResources (Thread[included builds,5,main]) started.
:android:core-analytics:parseDebugLocalResources (Thread[included builds,5,main]) started.
:android:core-domain:compileDebugLibraryResources (Thread[Execution worker Thread 10,5,main]) started.

> Task :android:core-model:compileDebugLibraryResources UP-TO-DATE
Build cache key for task ':android:core-model:compileDebugLibraryResources' is c18417ead2db922ec6c55331094e0617
Skipping task ':android:core-model:compileDebugLibraryResources' as it is up-to-date.
work action resolve out (project :android:core-model) (Thread[Execution worker Thread 6,5,main]) started.
Resolve mutations for :android:core-model:parseDebugLocalResources (Thread[Execution worker Thread 6,5,main]) started.

> Task :android:core-domain:compileDebugLibraryResources UP-TO-DATE
Build cache key for task ':android:core-domain:compileDebugLibraryResources' is c18417ead2db922ec6c55331094e0617
Skipping task ':android:core-domain:compileDebugLibraryResources' as it is up-to-date.
work action resolve out (project :android:core-domain) (Thread[Execution worker Thread 10,5,main]) started.
:android:core-model:parseDebugLocalResources (Thread[Execution worker Thread 6,5,main]) started.
Resolve mutations for :android:core-domain:parseDebugLocalResources (Thread[Execution worker Thread 10,5,main]) started.

> Task :android:feature-onboarding:processDebugManifest UP-TO-DATE
Build cache key for task ':android:feature-onboarding:processDebugManifest' is 4939988718be1313c3f89206519f9d41
Skipping task ':android:feature-onboarding:processDebugManifest' as it is up-to-date.
:android:core-domain:parseDebugLocalResources (Thread[Execution worker Thread 10,5,main]) started.
work action resolve AndroidManifest.xml (project :android:feature-onboarding) (Thread[Execution worker Thread 3,5,main]) started.
Resolve mutations for :android:feature-onboarding:compileDebugLibraryResources (Thread[Execution worker Thread 3,5,main]) started.
:android:feature-onboarding:compileDebugLibraryResources (Thread[Execution worker Thread 3,5,main]) started.

> Task :android:core-ui:compileDebugLibraryResources UP-TO-DATE
Build cache key for task ':android:core-ui:compileDebugLibraryResources' is eb27277b615bbf0e98996898fc175301
Skipping task ':android:core-ui:compileDebugLibraryResources' as it is up-to-date.
work action resolve out (project :android:core-ui) (Thread[Execution worker Thread 4,5,main]) started.
Resolve mutations for :android:core-ui:parseDebugLocalResources (Thread[Execution worker Thread 4,5,main]) started.
:android:core-ui:parseDebugLocalResources (Thread[Execution worker Thread 4,5,main]) started.

> Task :android:feature-ocr:compileDebugLibraryResources UP-TO-DATE
Build cache key for task ':android:feature-ocr:compileDebugLibraryResources' is c18417ead2db922ec6c55331094e0617
Skipping task ':android:feature-ocr:compileDebugLibraryResources' as it is up-to-date.
work action resolve out (project :android:feature-ocr) (Thread[Execution worker Thread 11,5,main]) started.
Resolve mutations for :android:feature-ocr:parseDebugLocalResources (Thread[Execution worker Thread 11,5,main]) started.
:android:feature-ocr:parseDebugLocalResources (Thread[Execution worker Thread 11,5,main]) started.

> Task :android:feature-onboarding:compileDebugLibraryResources UP-TO-DATE
Build cache key for task ':android:feature-onboarding:compileDebugLibraryResources' is c18417ead2db922ec6c55331094e0617
Skipping task ':android:feature-onboarding:compileDebugLibraryResources' as it is up-to-date.
work action resolve out (project :android:feature-onboarding) (Thread[Execution worker Thread 3,5,main]) started.
Resolve mutations for :android:feature-onboarding:parseDebugLocalResources (Thread[Execution worker Thread 3,5,main]) started.

> Task :android:feature-settings:processDebugManifest UP-TO-DATE
Build cache key for task ':android:feature-settings:processDebugManifest' is f1425d430ffd4120be51f87fd98f6501
Skipping task ':android:feature-settings:processDebugManifest' as it is up-to-date.
:android:feature-onboarding:parseDebugLocalResources (Thread[Execution worker Thread 3,5,main]) started.
work action resolve AndroidManifest.xml (project :android:feature-settings) (Thread[Execution worker Thread 9,5,main]) started.
Resolve mutations for :android:feature-settings:compileDebugLibraryResources (Thread[Execution worker Thread 9,5,main]) started.
:android:feature-settings:compileDebugLibraryResources (Thread[Execution worker Thread 9,5,main]) started.

> Task :android:feature-reader:processDebugManifest UP-TO-DATE
Build cache key for task ':android:feature-reader:processDebugManifest' is e2cfbe71e0173d8ac40e516ee7090f46
Skipping task ':android:feature-reader:processDebugManifest' as it is up-to-date.
work action resolve AndroidManifest.xml (project :android:feature-reader) (Thread[Execution worker,5,main]) started.
Resolve mutations for :android:feature-reader:compileDebugLibraryResources (Thread[Execution worker,5,main]) started.

> Task :android:feature-settings:compileDebugLibraryResources UP-TO-DATE
Build cache key for task ':android:feature-settings:compileDebugLibraryResources' is c18417ead2db922ec6c55331094e0617
Skipping task ':android:feature-settings:compileDebugLibraryResources' as it is up-to-date.
work action resolve out (project :android:feature-settings) (Thread[Execution worker Thread 9,5,main]) started.
:android:feature-reader:compileDebugLibraryResources (Thread[Execution worker,5,main]) started.
Resolve mutations for :android:feature-settings:parseDebugLocalResources (Thread[Execution worker Thread 9,5,main]) started.
:android:feature-settings:parseDebugLocalResources (Thread[Execution worker Thread 9,5,main]) started.

> Task :android:feature-reader:compileDebugLibraryResources UP-TO-DATE
Build cache key for task ':android:feature-reader:compileDebugLibraryResources' is c18417ead2db922ec6c55331094e0617
Skipping task ':android:feature-reader:compileDebugLibraryResources' as it is up-to-date.
work action resolve out (project :android:feature-reader) (Thread[Execution worker,5,main]) started.
Resolve mutations for :android:feature-reader:parseDebugLocalResources (Thread[Execution worker,5,main]) started.
:android:feature-reader:parseDebugLocalResources (Thread[Execution worker,5,main]) started.

> Task :android:core-analytics:parseDebugLocalResources UP-TO-DATE
Transforming android.jar with PlatformAttrTransform
Transforming android.jar with PlatformAttrTransform
Build cache key for task ':android:core-analytics:parseDebugLocalResources' is e6a1229a193814fcdbe2615fd11f525a
Skipping task ':android:core-analytics:parseDebugLocalResources' as it is up-to-date.

> Task :android:core-model:parseDebugLocalResources UP-TO-DATE
Transforming android.jar with PlatformAttrTransform
Transforming android.jar with PlatformAttrTransform
Build cache key for task ':android:core-model:parseDebugLocalResources' is a524f9f763cf176d309b6168b800387a
Skipping task ':android:core-model:parseDebugLocalResources' as it is up-to-date.
Resolve mutations for :android:core-analytics:generateDebugRFile (Thread[included builds,5,main]) started.
Resolve mutations for :android:core-model:generateDebugRFile (Thread[Execution worker Thread 6,5,main]) started.
:android:core-analytics:generateDebugRFile (Thread[included builds,5,main]) started.
:android:core-model:generateDebugRFile (Thread[Execution worker Thread 6,5,main]) started.

> Task :android:core-analytics:generateDebugRFile UP-TO-DATE
Transforming android.jar with PlatformAttrTransform
Build cache key for task ':android:core-analytics:generateDebugRFile' is 99356d0d6cc08da9c579940b575a2721
Skipping task ':android:core-analytics:generateDebugRFile' as it is up-to-date.
work action resolve package-aware-r.txt (project :android:core-analytics) (Thread[included builds,5,main]) started.
Resolve mutations for :android:feature-themes:compileDebugLibraryResources (Thread[included builds,5,main]) started.
:android:feature-themes:compileDebugLibraryResources (Thread[included builds,5,main]) started.

> Task :android:feature-ocr:parseDebugLocalResources UP-TO-DATE
Transforming android.jar with PlatformAttrTransform
Transforming android.jar with PlatformAttrTransform
Build cache key for task ':android:feature-ocr:parseDebugLocalResources' is e6a1229a193814fcdbe2615fd11f525a
Skipping task ':android:feature-ocr:parseDebugLocalResources' as it is up-to-date.
Resolve mutations for :android:feature-ocr:generateDebugRFile (Thread[Execution worker Thread 11,5,main]) started.
:android:feature-ocr:generateDebugRFile (Thread[Execution worker Thread 11,5,main]) started.

> Task :android:core-domain:parseDebugLocalResources UP-TO-DATE
Transforming android.jar with PlatformAttrTransform
Transforming android.jar with PlatformAttrTransform
Build cache key for task ':android:core-domain:parseDebugLocalResources' is e6a1229a193814fcdbe2615fd11f525a
Skipping task ':android:core-domain:parseDebugLocalResources' as it is up-to-date.
Resolve mutations for :android:core-domain:generateDebugRFile (Thread[Execution worker Thread 10,5,main]) started.
:android:core-domain:generateDebugRFile (Thread[Execution worker Thread 10,5,main]) started.

> Task :android:feature-themes:compileDebugLibraryResources UP-TO-DATE
Build cache key for task ':android:feature-themes:compileDebugLibraryResources' is c18417ead2db922ec6c55331094e0617
Skipping task ':android:feature-themes:compileDebugLibraryResources' as it is up-to-date.
work action resolve out (project :android:feature-themes) (Thread[included builds,5,main]) started.
Resolve mutations for :android:feature-themes:parseDebugLocalResources (Thread[included builds,5,main]) started.
:android:feature-themes:parseDebugLocalResources (Thread[included builds,5,main]) started.

> Task :android:core-model:generateDebugRFile UP-TO-DATE
Transforming android.jar with PlatformAttrTransform
Build cache key for task ':android:core-model:generateDebugRFile' is 43832ac67fe4c921e42a37e8308c3dbd
Skipping task ':android:core-model:generateDebugRFile' as it is up-to-date.
work action resolve package-aware-r.txt (project :android:core-model) (Thread[Execution worker Thread 6,5,main]) started.
Resolve mutations for :android:feature-translate:compileDebugLibraryResources (Thread[Execution worker Thread 6,5,main]) started.
:android:feature-translate:compileDebugLibraryResources (Thread[Execution worker Thread 6,5,main]) started.

> Task :android:feature-reader:parseDebugLocalResources UP-TO-DATE
Transforming android.jar with PlatformAttrTransform
Transforming android.jar with PlatformAttrTransform
Build cache key for task ':android:feature-reader:parseDebugLocalResources' is e6a1229a193814fcdbe2615fd11f525a
Skipping task ':android:feature-reader:parseDebugLocalResources' as it is up-to-date.
Resolve mutations for :android:feature-reader:generateDebugRFile (Thread[Execution worker,5,main]) started.
:android:feature-reader:generateDebugRFile (Thread[Execution worker,5,main]) started.

> Task :android:feature-translate:compileDebugLibraryResources UP-TO-DATE
Build cache key for task ':android:feature-translate:compileDebugLibraryResources' is c18417ead2db922ec6c55331094e0617
Skipping task ':android:feature-translate:compileDebugLibraryResources' as it is up-to-date.
work action resolve out (project :android:feature-translate) (Thread[Execution worker Thread 6,5,main]) started.
Resolve mutations for :android:feature-translate:parseDebugLocalResources (Thread[Execution worker Thread 6,5,main]) started.
:android:feature-translate:parseDebugLocalResources (Thread[Execution worker Thread 6,5,main]) started.

> Task :android:core-domain:generateDebugRFile UP-TO-DATE
Transforming android.jar with PlatformAttrTransform
Build cache key for task ':android:core-domain:generateDebugRFile' is 7940469d45b506922920633b0403816f
Skipping task ':android:core-domain:generateDebugRFile' as it is up-to-date.

> Task :android:feature-settings:parseDebugLocalResources UP-TO-DATE
Transforming android.jar with PlatformAttrTransform
Transforming android.jar with PlatformAttrTransform
Build cache key for task ':android:feature-settings:parseDebugLocalResources' is e6a1229a193814fcdbe2615fd11f525a
Skipping task ':android:feature-settings:parseDebugLocalResources' as it is up-to-date.
work action resolve package-aware-r.txt (project :android:core-domain) (Thread[Execution worker Thread 10,5,main]) started.
Resolve mutations for :android:shared:compileDebugLibraryResources (Thread[Execution worker Thread 10,5,main]) started.
:android:shared:compileDebugLibraryResources (Thread[Execution worker Thread 10,5,main]) started.
Resolve mutations for :android:feature-settings:generateDebugRFile (Thread[Execution worker Thread 9,5,main]) started.
:android:feature-settings:generateDebugRFile (Thread[Execution worker Thread 9,5,main]) started.

> Task :android:feature-onboarding:parseDebugLocalResources UP-TO-DATE
Transforming android.jar with PlatformAttrTransform
Transforming android.jar with PlatformAttrTransform
Build cache key for task ':android:feature-onboarding:parseDebugLocalResources' is e6a1229a193814fcdbe2615fd11f525a
Skipping task ':android:feature-onboarding:parseDebugLocalResources' as it is up-to-date.

> Task :android:feature-themes:parseDebugLocalResources UP-TO-DATE
Transforming android.jar with PlatformAttrTransform
Transforming android.jar with PlatformAttrTransform
Build cache key for task ':android:feature-themes:parseDebugLocalResources' is e6a1229a193814fcdbe2615fd11f525a
Skipping task ':android:feature-themes:parseDebugLocalResources' as it is up-to-date.
Resolve mutations for :android:feature-onboarding:generateDebugRFile (Thread[Execution worker Thread 3,5,main]) started.
Resolve mutations for :android:feature-themes:generateDebugRFile (Thread[included builds,5,main]) started.

> Task :android:feature-ocr:generateDebugRFile UP-TO-DATE
Transforming android.jar with PlatformAttrTransform
Build cache key for task ':android:feature-ocr:generateDebugRFile' is 25fc21c7197a241e793dabe0429d8e6e
Skipping task ':android:feature-ocr:generateDebugRFile' as it is up-to-date.
work action resolve package-aware-r.txt (project :android:feature-ocr) (Thread[Execution worker Thread 11,5,main]) started.

> Task :android:feature-reader:generateDebugRFile UP-TO-DATE
Transforming android.jar with PlatformAttrTransform
Build cache key for task ':android:feature-reader:generateDebugRFile' is cdabc646ac3ff4c7af09a3f063ee7c02
Skipping task ':android:feature-reader:generateDebugRFile' as it is up-to-date.
:android:feature-themes:generateDebugRFile (Thread[included builds,5,main]) started.

> Task :android:core-ui:parseDebugLocalResources UP-TO-DATE
Transforming android.jar with PlatformAttrTransform
Transforming android.jar with PlatformAttrTransform
Build cache key for task ':android:core-ui:parseDebugLocalResources' is f9011cd1d6fe45b8733c680f3a842c7b
Skipping task ':android:core-ui:parseDebugLocalResources' as it is up-to-date.
work action resolve package-aware-r.txt (project :android:feature-reader) (Thread[Execution worker,5,main]) started.
:android:feature-onboarding:generateDebugRFile (Thread[Execution worker Thread 3,5,main]) started.
Resolve mutations for :android:core-ui:generateDebugRFile (Thread[Execution worker Thread 4,5,main]) started.
Resolve mutations for :android:core-analytics:checkKotlinGradlePluginConfigurationErrors (Thread[Execution worker Thread 11,5,main]) started.
Resolve mutations for :android:core-model:checkKotlinGradlePluginConfigurationErrors (Thread[Execution worker,5,main]) started.
:android:core-analytics:checkKotlinGradlePluginConfigurationErrors (Thread[Execution worker Thread 11,5,main]) started.
:android:core-model:checkKotlinGradlePluginConfigurationErrors (Thread[Execution worker,5,main]) started.

> Task :android:feature-translate:parseDebugLocalResources UP-TO-DATE
Transforming android.jar with PlatformAttrTransform
Transforming android.jar with PlatformAttrTransform
Build cache key for task ':android:feature-translate:parseDebugLocalResources' is a524f9f763cf176d309b6168b800387a
Skipping task ':android:feature-translate:parseDebugLocalResources' as it is up-to-date.
:android:core-ui:generateDebugRFile (Thread[Execution worker Thread 4,5,main]) started.
Resolve mutations for :android:feature-translate:generateDebugRFile (Thread[Execution worker Thread 6,5,main]) started.

> Task :android:core-model:checkKotlinGradlePluginConfigurationErrors
Caching disabled for task ':android:core-model:checkKotlinGradlePluginConfigurationErrors' because:
  This task renders reported diagnostics; caching this task will hide diagnostics and obscure issues in the build
Task ':android:core-model:checkKotlinGradlePluginConfigurationErrors' is not up-to-date because:
  Task has not declared any outputs despite executing actions.
:android:feature-translate:generateDebugRFile (Thread[Execution worker Thread 6,5,main]) started.

> Task :android:core-analytics:checkKotlinGradlePluginConfigurationErrors
Caching disabled for task ':android:core-analytics:checkKotlinGradlePluginConfigurationErrors' because:
  This task renders reported diagnostics; caching this task will hide diagnostics and obscure issues in the build
Task ':android:core-analytics:checkKotlinGradlePluginConfigurationErrors' is not up-to-date because:
  Task has not declared any outputs despite executing actions.
Resolve mutations for :android:core-model:kspDebugKotlin (Thread[Execution worker,5,main]) started.
Resolve mutations for :android:core-analytics:kspDebugKotlin (Thread[Execution worker Thread 11,5,main]) started.

> Task :android:shared:compileDebugLibraryResources UP-TO-DATE
Build cache key for task ':android:shared:compileDebugLibraryResources' is c18417ead2db922ec6c55331094e0617
Skipping task ':android:shared:compileDebugLibraryResources' as it is up-to-date.
work action resolve out (project :android:shared) (Thread[Execution worker Thread 10,5,main]) started.
:android:core-analytics:kspDebugKotlin (Thread[Execution worker Thread 11,5,main]) started.
:android:core-model:kspDebugKotlin (Thread[Execution worker,5,main]) started.
Resolve mutations for :android:shared:parseDebugLocalResources (Thread[Execution worker Thread 10,5,main]) started.
:android:shared:parseDebugLocalResources (Thread[Execution worker Thread 10,5,main]) started.

> Task :android:core-reader:javaPreCompileDebug UP-TO-DATE
Build cache key for task ':android:core-reader:javaPreCompileDebug' is 816894bb293316a0b7b310ab1a5ceea0
Skipping task ':android:core-reader:javaPreCompileDebug' as it is up-to-date.
:android:core-reader:packageDebugResources (Thread[Execution worker Thread 5,5,main]) started.

> Task :android:feature-settings:generateDebugRFile UP-TO-DATE
Transforming android.jar with PlatformAttrTransform
Build cache key for task ':android:feature-settings:generateDebugRFile' is 05977a61261b7df1b38685763f3d5e29
Skipping task ':android:feature-settings:generateDebugRFile' as it is up-to-date.

> Task :android:feature-onboarding:generateDebugRFile UP-TO-DATE
Transforming android.jar with PlatformAttrTransform
Build cache key for task ':android:feature-onboarding:generateDebugRFile' is c4e20607d2be0d36b85d9dc2e8818020
Skipping task ':android:feature-onboarding:generateDebugRFile' as it is up-to-date.
work action resolve package-aware-r.txt (project :android:feature-settings) (Thread[Execution worker Thread 9,5,main]) started.
Resolve mutations for :android:core-domain:checkKotlinGradlePluginConfigurationErrors (Thread[Execution worker Thread 9,5,main]) started.
:android:core-domain:checkKotlinGradlePluginConfigurationErrors (Thread[Execution worker Thread 9,5,main]) started.

> Task :android:feature-themes:generateDebugRFile UP-TO-DATE
Transforming android.jar with PlatformAttrTransform
Build cache key for task ':android:feature-themes:generateDebugRFile' is 04594022ed8480bbfc8a969b3d2fa131
Skipping task ':android:feature-themes:generateDebugRFile' as it is up-to-date.
work action resolve package-aware-r.txt (project :android:feature-onboarding) (Thread[Execution worker Thread 3,5,main]) started.

> Task :android:core-ui:generateDebugRFile UP-TO-DATE
Transforming android.jar with PlatformAttrTransform
Build cache key for task ':android:core-ui:generateDebugRFile' is 6617d2ea0f031804bedf5ed0ed323a45
Skipping task ':android:core-ui:generateDebugRFile' as it is up-to-date.
Resolve mutations for :android:feature-ocr:checkKotlinGradlePluginConfigurationErrors (Thread[Execution worker Thread 3,5,main]) started.
:android:feature-ocr:checkKotlinGradlePluginConfigurationErrors (Thread[Execution worker Thread 3,5,main]) started.

> Task :android:core-domain:checkKotlinGradlePluginConfigurationErrors
Caching disabled for task ':android:core-domain:checkKotlinGradlePluginConfigurationErrors' because:
  This task renders reported diagnostics; caching this task will hide diagnostics and obscure issues in the build
Task ':android:core-domain:checkKotlinGradlePluginConfigurationErrors' is not up-to-date because:
  Task has not declared any outputs despite executing actions.
work action resolve package-aware-r.txt (project :android:core-ui) (Thread[Execution worker Thread 4,5,main]) started.
Resolve mutations for :android:core-domain:javaPreCompileDebug (Thread[Execution worker Thread 9,5,main]) started.
Resolve mutations for :android:core-ui:checkKotlinGradlePluginConfigurationErrors (Thread[Execution worker Thread 4,5,main]) started.
work action resolve package-aware-r.txt (project :android:feature-themes) (Thread[included builds,5,main]) started.
:android:core-ui:checkKotlinGradlePluginConfigurationErrors (Thread[Execution worker Thread 4,5,main]) started.

> Task :android:core-ui:checkKotlinGradlePluginConfigurationErrors
Caching disabled for task ':android:core-ui:checkKotlinGradlePluginConfigurationErrors' because:
  This task renders reported diagnostics; caching this task will hide diagnostics and obscure issues in the build
Task ':android:core-ui:checkKotlinGradlePluginConfigurationErrors' is not up-to-date because:
  Task has not declared any outputs despite executing actions.
Resolve mutations for :android:core-ui:javaPreCompileDebug (Thread[Execution worker Thread 4,5,main]) started.
:android:core-ui:javaPreCompileDebug (Thread[Execution worker Thread 4,5,main]) started.

> Task :android:feature-translate:generateDebugRFile UP-TO-DATE
Transforming android.jar with PlatformAttrTransform
Build cache key for task ':android:feature-translate:generateDebugRFile' is cacfa07533e1e289bb8b985ae9db8ec1
Skipping task ':android:feature-translate:generateDebugRFile' as it is up-to-date.
work action resolve package-aware-r.txt (project :android:feature-translate) (Thread[Execution worker Thread 6,5,main]) started.
Resolve mutations for :android:feature-onboarding:checkKotlinGradlePluginConfigurationErrors (Thread[Execution worker Thread 6,5,main]) started.
:android:feature-onboarding:checkKotlinGradlePluginConfigurationErrors (Thread[Execution worker Thread 6,5,main]) started.

> Task :android:feature-onboarding:checkKotlinGradlePluginConfigurationErrors
Caching disabled for task ':android:feature-onboarding:checkKotlinGradlePluginConfigurationErrors' because:
  This task renders reported diagnostics; caching this task will hide diagnostics and obscure issues in the build
Task ':android:feature-onboarding:checkKotlinGradlePluginConfigurationErrors' is not up-to-date because:
  Task has not declared any outputs despite executing actions.
Resolve mutations for :android:feature-onboarding:compileDebugKotlin (Thread[Execution worker Thread 6,5,main]) started.
:android:feature-onboarding:compileDebugKotlin (Thread[Execution worker Thread 6,5,main]) started.

> Task :android:feature-ocr:checkKotlinGradlePluginConfigurationErrors
Caching disabled for task ':android:feature-ocr:checkKotlinGradlePluginConfigurationErrors' because:
  This task renders reported diagnostics; caching this task will hide diagnostics and obscure issues in the build
Task ':android:feature-ocr:checkKotlinGradlePluginConfigurationErrors' is not up-to-date because:
  Task has not declared any outputs despite executing actions.
Resolve mutations for :android:feature-ocr:javaPreCompileDebug (Thread[Execution worker Thread 3,5,main]) started.
:android:feature-ocr:javaPreCompileDebug (Thread[Execution worker Thread 3,5,main]) started.
:android:core-domain:javaPreCompileDebug (Thread[Execution worker Thread 9,5,main]) started.
Resolve mutations for :android:feature-reader:checkKotlinGradlePluginConfigurationErrors (Thread[included builds,5,main]) started.
:android:feature-reader:checkKotlinGradlePluginConfigurationErrors (Thread[included builds,5,main]) started.

> Task :android:feature-reader:checkKotlinGradlePluginConfigurationErrors
Caching disabled for task ':android:feature-reader:checkKotlinGradlePluginConfigurationErrors' because:
  This task renders reported diagnostics; caching this task will hide diagnostics and obscure issues in the build
Task ':android:feature-reader:checkKotlinGradlePluginConfigurationErrors' is not up-to-date because:
  Task has not declared any outputs despite executing actions.

> Task :android:shared:parseDebugLocalResources UP-TO-DATE
Transforming android.jar with PlatformAttrTransform
Transforming android.jar with PlatformAttrTransform
Build cache key for task ':android:shared:parseDebugLocalResources' is e6a1229a193814fcdbe2615fd11f525a
Skipping task ':android:shared:parseDebugLocalResources' as it is up-to-date.
Resolve mutations for :android:feature-reader:javaPreCompileDebug (Thread[included builds,5,main]) started.
:android:feature-reader:javaPreCompileDebug (Thread[included builds,5,main]) started.
Resolve mutations for :android:shared:generateDebugRFile (Thread[Execution worker Thread 10,5,main]) started.
:android:shared:generateDebugRFile (Thread[Execution worker Thread 10,5,main]) started.

> Task :android:core-data:javaPreCompileDebug UP-TO-DATE
Build cache key for task ':android:core-data:javaPreCompileDebug' is 08c88908381a637982d7e5ef2e6a34dd
Skipping task ':android:core-data:javaPreCompileDebug' as it is up-to-date.
:android:core-data:packageDebugResources (Thread[Execution worker Thread 8,5,main]) started.

> Task :android:shared:generateDebugRFile UP-TO-DATE
Transforming android.jar with PlatformAttrTransform
Build cache key for task ':android:shared:generateDebugRFile' is 921c10bba2de2affc99634849bdbe40f
Skipping task ':android:shared:generateDebugRFile' as it is up-to-date.
work action resolve package-aware-r.txt (project :android:shared) (Thread[Execution worker Thread 10,5,main]) started.
Resolve mutations for :android:shared:checkKotlinGradlePluginConfigurationErrors (Thread[Execution worker Thread 10,5,main]) started.
:android:shared:checkKotlinGradlePluginConfigurationErrors (Thread[Execution worker Thread 10,5,main]) started.

> Task :android:feature-library:javaPreCompileDebug UP-TO-DATE
Build cache key for task ':android:feature-library:javaPreCompileDebug' is 3a1c62356ca3a5a00d13c89d3c3078f2
Skipping task ':android:feature-library:javaPreCompileDebug' as it is up-to-date.

> Task :android:core-reader:packageDebugResources UP-TO-DATE
Build cache key for task ':android:core-reader:packageDebugResources' is ce41c36885ce4fac03d7f0ba169cbbc2
Skipping task ':android:core-reader:packageDebugResources' as it is up-to-date.
:android:feature-library:packageDebugResources (Thread[Execution worker Thread 7,5,main]) started.
work action resolve packageDebugResources (project :android:core-reader) (Thread[Execution worker Thread 5,5,main]) started.
Resolve mutations for :android:core-reader:compileDebugLibraryResources (Thread[Execution worker Thread 5,5,main]) started.
:android:core-reader:compileDebugLibraryResources (Thread[Execution worker Thread 5,5,main]) started.

> Task :android:core-reader:compileDebugLibraryResources UP-TO-DATE
Build cache key for task ':android:core-reader:compileDebugLibraryResources' is c18417ead2db922ec6c55331094e0617
Skipping task ':android:core-reader:compileDebugLibraryResources' as it is up-to-date.
work action resolve out (project :android:core-reader) (Thread[Execution worker Thread 5,5,main]) started.
Resolve mutations for :android:core-reader:parseDebugLocalResources (Thread[Execution worker Thread 5,5,main]) started.
:android:core-reader:parseDebugLocalResources (Thread[Execution worker Thread 5,5,main]) started.

> Task :android:core-data:packageDebugResources UP-TO-DATE
Build cache key for task ':android:core-data:packageDebugResources' is 5f06836d915217543f71f657408cbb4b
Skipping task ':android:core-data:packageDebugResources' as it is up-to-date.
work action resolve packageDebugResources (project :android:core-data) (Thread[Execution worker Thread 8,5,main]) started.
Resolve mutations for :android:core-data:compileDebugLibraryResources (Thread[Execution worker Thread 8,5,main]) started.

> Task :android:shared:checkKotlinGradlePluginConfigurationErrors
Caching disabled for task ':android:shared:checkKotlinGradlePluginConfigurationErrors' because:
  This task renders reported diagnostics; caching this task will hide diagnostics and obscure issues in the build
Task ':android:shared:checkKotlinGradlePluginConfigurationErrors' is not up-to-date because:
  Task has not declared any outputs despite executing actions.
Resolve mutations for :android:shared:javaPreCompileDebug (Thread[Execution worker Thread 10,5,main]) started.
:android:core-data:compileDebugLibraryResources (Thread[Execution worker Thread 8,5,main]) started.
:android:shared:javaPreCompileDebug (Thread[Execution worker Thread 10,5,main]) started.

> Task :android:shared:javaPreCompileDebug UP-TO-DATE
Build cache key for task ':android:shared:javaPreCompileDebug' is 0b9d9456b73ab9b9a4200cec6cc72820
Skipping task ':android:shared:javaPreCompileDebug' as it is up-to-date.
Resolve mutations for :android:feature-settings:checkKotlinGradlePluginConfigurationErrors (Thread[Execution worker Thread 10,5,main]) started.
:android:feature-settings:checkKotlinGradlePluginConfigurationErrors (Thread[Execution worker Thread 10,5,main]) started.

> Task :android:feature-settings:checkKotlinGradlePluginConfigurationErrors
Caching disabled for task ':android:feature-settings:checkKotlinGradlePluginConfigurationErrors' because:
  This task renders reported diagnostics; caching this task will hide diagnostics and obscure issues in the build
Task ':android:feature-settings:checkKotlinGradlePluginConfigurationErrors' is not up-to-date because:
  Task has not declared any outputs despite executing actions.
Resolve mutations for :android:feature-settings:javaPreCompileDebug (Thread[Execution worker Thread 10,5,main]) started.
:android:feature-settings:javaPreCompileDebug (Thread[Execution worker Thread 10,5,main]) started.

> Task :android:feature-library:packageDebugResources UP-TO-DATE
Build cache key for task ':android:feature-library:packageDebugResources' is 4097a26fbbb38683a473d1cde8089335
Skipping task ':android:feature-library:packageDebugResources' as it is up-to-date.
work action resolve packageDebugResources (project :android:feature-library) (Thread[Execution worker Thread 7,5,main]) started.
Resolve mutations for :android:feature-library:compileDebugLibraryResources (Thread[Execution worker Thread 7,5,main]) started.

> Task :android:core-data:compileDebugLibraryResources UP-TO-DATE
Build cache key for task ':android:core-data:compileDebugLibraryResources' is c18417ead2db922ec6c55331094e0617
Skipping task ':android:core-data:compileDebugLibraryResources' as it is up-to-date.
work action resolve out (project :android:core-data) (Thread[Execution worker Thread 8,5,main]) started.
:android:feature-library:compileDebugLibraryResources (Thread[Execution worker Thread 7,5,main]) started.
Resolve mutations for :android:core-data:parseDebugLocalResources (Thread[Execution worker Thread 8,5,main]) started.
:android:core-data:parseDebugLocalResources (Thread[Execution worker Thread 8,5,main]) started.

> Task :android:feature-library:compileDebugLibraryResources UP-TO-DATE
Build cache key for task ':android:feature-library:compileDebugLibraryResources' is c18417ead2db922ec6c55331094e0617
Skipping task ':android:feature-library:compileDebugLibraryResources' as it is up-to-date.
work action resolve out (project :android:feature-library) (Thread[Execution worker Thread 7,5,main]) started.
Resolve mutations for :android:feature-library:parseDebugLocalResources (Thread[Execution worker Thread 7,5,main]) started.
:android:feature-library:parseDebugLocalResources (Thread[Execution worker Thread 7,5,main]) started.

> Task :android:core-reader:parseDebugLocalResources UP-TO-DATE
Transforming android.jar with PlatformAttrTransform
Transforming android.jar with PlatformAttrTransform
Build cache key for task ':android:core-reader:parseDebugLocalResources' is e6a1229a193814fcdbe2615fd11f525a
Skipping task ':android:core-reader:parseDebugLocalResources' as it is up-to-date.
Resolve mutations for :android:core-reader:generateDebugRFile (Thread[Execution worker Thread 5,5,main]) started.
:android:core-reader:generateDebugRFile (Thread[Execution worker Thread 5,5,main]) started.

> Task :android:core-data:parseDebugLocalResources UP-TO-DATE
Transforming android.jar with PlatformAttrTransform
Transforming android.jar with PlatformAttrTransform
Build cache key for task ':android:core-data:parseDebugLocalResources' is e6a1229a193814fcdbe2615fd11f525a
Skipping task ':android:core-data:parseDebugLocalResources' as it is up-to-date.
Resolve mutations for :android:core-data:generateDebugRFile (Thread[Execution worker Thread 8,5,main]) started.
:android:core-data:generateDebugRFile (Thread[Execution worker Thread 8,5,main]) started.

> Task :android:feature-ocr:javaPreCompileDebug UP-TO-DATE
Build cache key for task ':android:feature-ocr:javaPreCompileDebug' is 816894bb293316a0b7b310ab1a5ceea0
Skipping task ':android:feature-ocr:javaPreCompileDebug' as it is up-to-date.

> Task :android:core-domain:javaPreCompileDebug UP-TO-DATE
Build cache key for task ':android:core-domain:javaPreCompileDebug' is 816894bb293316a0b7b310ab1a5ceea0
Skipping task ':android:core-domain:javaPreCompileDebug' as it is up-to-date.
Resolve mutations for :android:feature-themes:checkKotlinGradlePluginConfigurationErrors (Thread[Execution worker Thread 3,5,main]) started.
Resolve mutations for :android:feature-translate:checkKotlinGradlePluginConfigurationErrors (Thread[Execution worker Thread 9,5,main]) started.
:android:feature-themes:checkKotlinGradlePluginConfigurationErrors (Thread[Execution worker Thread 3,5,main]) started.
:android:feature-translate:checkKotlinGradlePluginConfigurationErrors (Thread[Execution worker Thread 9,5,main]) started.

> Task :android:feature-themes:checkKotlinGradlePluginConfigurationErrors
Caching disabled for task ':android:feature-themes:checkKotlinGradlePluginConfigurationErrors' because:
  This task renders reported diagnostics; caching this task will hide diagnostics and obscure issues in the build
Task ':android:feature-themes:checkKotlinGradlePluginConfigurationErrors' is not up-to-date because:
  Task has not declared any outputs despite executing actions.

> Task :android:feature-translate:checkKotlinGradlePluginConfigurationErrors
Caching disabled for task ':android:feature-translate:checkKotlinGradlePluginConfigurationErrors' because:
  This task renders reported diagnostics; caching this task will hide diagnostics and obscure issues in the build
Task ':android:feature-translate:checkKotlinGradlePluginConfigurationErrors' is not up-to-date because:
  Task has not declared any outputs despite executing actions.
Resolve mutations for :android:feature-themes:javaPreCompileDebug (Thread[Execution worker Thread 3,5,main]) started.
Resolve mutations for :android:feature-translate:javaPreCompileDebug (Thread[Execution worker Thread 9,5,main]) started.
:android:feature-themes:javaPreCompileDebug (Thread[Execution worker Thread 3,5,main]) started.
:android:feature-translate:javaPreCompileDebug (Thread[Execution worker Thread 9,5,main]) started.

> Task :android:core-ui:javaPreCompileDebug UP-TO-DATE
Build cache key for task ':android:core-ui:javaPreCompileDebug' is 816894bb293316a0b7b310ab1a5ceea0
Skipping task ':android:core-ui:javaPreCompileDebug' as it is up-to-date.
Resolve mutations for :android:core-domain:mergeDebugShaders (Thread[Execution worker Thread 4,5,main]) started.
:android:core-domain:mergeDebugShaders (Thread[Execution worker Thread 4,5,main]) started.

> Task :android:feature-library:parseDebugLocalResources UP-TO-DATE
Transforming android.jar with PlatformAttrTransform
Transforming android.jar with PlatformAttrTransform
Build cache key for task ':android:feature-library:parseDebugLocalResources' is e6a1229a193814fcdbe2615fd11f525a
Skipping task ':android:feature-library:parseDebugLocalResources' as it is up-to-date.
Resolve mutations for :android:feature-library:generateDebugRFile (Thread[Execution worker Thread 7,5,main]) started.
:android:feature-library:generateDebugRFile (Thread[Execution worker Thread 7,5,main]) started.

> Task :android:feature-translate:javaPreCompileDebug UP-TO-DATE
Build cache key for task ':android:feature-translate:javaPreCompileDebug' is 0b9d9456b73ab9b9a4200cec6cc72820
Skipping task ':android:feature-translate:javaPreCompileDebug' as it is up-to-date.
Resolve mutations for :android:core-ui:mergeDebugShaders (Thread[Execution worker Thread 9,5,main]) started.
:android:core-ui:mergeDebugShaders (Thread[Execution worker Thread 9,5,main]) started.

> Task :android:feature-reader:javaPreCompileDebug UP-TO-DATE
Build cache key for task ':android:feature-reader:javaPreCompileDebug' is eb98b3184574a33e05c118a42ac6aa59
Skipping task ':android:feature-reader:javaPreCompileDebug' as it is up-to-date.

> Task :android:feature-settings:javaPreCompileDebug UP-TO-DATE
Build cache key for task ':android:feature-settings:javaPreCompileDebug' is 816894bb293316a0b7b310ab1a5ceea0
Skipping task ':android:feature-settings:javaPreCompileDebug' as it is up-to-date.
Resolve mutations for :android:feature-ocr:mergeDebugShaders (Thread[included builds,5,main]) started.

> Task :android:core-data:generateDebugRFile UP-TO-DATE
Transforming android.jar with PlatformAttrTransform
Build cache key for task ':android:core-data:generateDebugRFile' is af43a0872dcb9b5e0823690b3f0e74a0
Skipping task ':android:core-data:generateDebugRFile' as it is up-to-date.
Resolve mutations for :android:feature-reader:mergeDebugShaders (Thread[Execution worker Thread 10,5,main]) started.
work action resolve package-aware-r.txt (project :android:core-data) (Thread[Execution worker Thread 8,5,main]) started.
:android:feature-ocr:mergeDebugShaders (Thread[included builds,5,main]) started.
Resolve mutations for :android:core-data:mergeDebugShaders (Thread[Execution worker Thread 8,5,main]) started.
:android:feature-reader:mergeDebugShaders (Thread[Execution worker Thread 10,5,main]) started.
:android:core-data:mergeDebugShaders (Thread[Execution worker Thread 8,5,main]) started.

> Task :android:core-reader:generateDebugRFile UP-TO-DATE
Transforming android.jar with PlatformAttrTransform
Build cache key for task ':android:core-reader:generateDebugRFile' is 0f14fce431861c912e8b22cfb0a71f52
Skipping task ':android:core-reader:generateDebugRFile' as it is up-to-date.
work action resolve package-aware-r.txt (project :android:core-reader) (Thread[Execution worker Thread 5,5,main]) started.
Resolve mutations for :android:core-reader:mergeDebugShaders (Thread[Execution worker Thread 5,5,main]) started.

> Task :android:core-domain:mergeDebugShaders UP-TO-DATE
Caching disabled for task ':android:core-domain:mergeDebugShaders' because:
  Simple merging task
Skipping task ':android:core-domain:mergeDebugShaders' as it is up-to-date.
:android:core-reader:mergeDebugShaders (Thread[Execution worker Thread 5,5,main]) started.
Resolve mutations for :android:core-domain:compileDebugShaders (Thread[Execution worker Thread 4,5,main]) started.
:android:core-domain:compileDebugShaders (Thread[Execution worker Thread 4,5,main]) started.

> Task :android:feature-ocr:mergeDebugShaders UP-TO-DATE
Caching disabled for task ':android:feature-ocr:mergeDebugShaders' because:
  Simple merging task
Skipping task ':android:feature-ocr:mergeDebugShaders' as it is up-to-date.

> Task :android:core-data:mergeDebugShaders UP-TO-DATE
Caching disabled for task ':android:core-data:mergeDebugShaders' because:
  Simple merging task
Skipping task ':android:core-data:mergeDebugShaders' as it is up-to-date.
Resolve mutations for :android:feature-ocr:compileDebugShaders (Thread[included builds,5,main]) started.
Resolve mutations for :android:core-data:compileDebugShaders (Thread[Execution worker Thread 8,5,main]) started.
:android:feature-ocr:compileDebugShaders (Thread[included builds,5,main]) started.
:android:core-data:compileDebugShaders (Thread[Execution worker Thread 8,5,main]) started.

> Task :android:feature-reader:mergeDebugShaders UP-TO-DATE
Caching disabled for task ':android:feature-reader:mergeDebugShaders' because:
  Simple merging task
Skipping task ':android:feature-reader:mergeDebugShaders' as it is up-to-date.

> Task :android:core-domain:compileDebugShaders NO-SOURCE
Skipping task ':android:core-domain:compileDebugShaders' as it has no source files and no previous output files.
Resolve mutations for :android:feature-reader:compileDebugShaders (Thread[Execution worker Thread 10,5,main]) started.
Resolve mutations for :android:core-domain:generateDebugAssets (Thread[Execution worker Thread 4,5,main]) started.
:android:core-domain:generateDebugAssets (Thread[Execution worker Thread 10,5,main]) started.

> Task :android:core-domain:generateDebugAssets UP-TO-DATE
Skipping task ':android:core-domain:generateDebugAssets' as it has no actions.
:android:feature-reader:compileDebugShaders (Thread[Execution worker Thread 4,5,main]) started.

> Task :android:core-reader:mergeDebugShaders UP-TO-DATE
Caching disabled for task ':android:core-reader:mergeDebugShaders' because:
  Simple merging task
Skipping task ':android:core-reader:mergeDebugShaders' as it is up-to-date.
Resolve mutations for :android:core-domain:packageDebugAssets (Thread[Execution worker Thread 10,5,main]) started.
Resolve mutations for :android:core-reader:compileDebugShaders (Thread[Execution worker Thread 5,5,main]) started.
:android:core-reader:compileDebugShaders (Thread[Execution worker Thread 5,5,main]) started.
:android:core-domain:packageDebugAssets (Thread[Execution worker Thread 10,5,main]) started.

> Task :android:feature-ocr:compileDebugShaders NO-SOURCE
Skipping task ':android:feature-ocr:compileDebugShaders' as it has no source files and no previous output files.

> Task :android:core-data:compileDebugShaders NO-SOURCE
Skipping task ':android:core-data:compileDebugShaders' as it has no source files and no previous output files.
Resolve mutations for :android:feature-ocr:generateDebugAssets (Thread[included builds,5,main]) started.

> Task :android:feature-library:generateDebugRFile UP-TO-DATE
Transforming android.jar with PlatformAttrTransform
Build cache key for task ':android:feature-library:generateDebugRFile' is be82aa0d529e54247b7f15e68beaa372
Skipping task ':android:feature-library:generateDebugRFile' as it is up-to-date.
:android:feature-ocr:generateDebugAssets (Thread[included builds,5,main]) started.
work action resolve package-aware-r.txt (project :android:feature-library) (Thread[Execution worker Thread 7,5,main]) started.

> Task :android:feature-ocr:generateDebugAssets UP-TO-DATE
Skipping task ':android:feature-ocr:generateDebugAssets' as it has no actions.
Resolve mutations for :android:core-data:generateDebugAssets (Thread[Execution worker Thread 7,5,main]) started.
Resolve mutations for :android:feature-library:mergeDebugShaders (Thread[Execution worker Thread 8,5,main]) started.
Resolve mutations for :android:feature-ocr:packageDebugAssets (Thread[included builds,5,main]) started.
:android:core-data:generateDebugAssets (Thread[Execution worker Thread 7,5,main]) started.

> Task :android:core-data:generateDebugAssets UP-TO-DATE
Skipping task ':android:core-data:generateDebugAssets' as it has no actions.
:android:feature-library:mergeDebugShaders (Thread[Execution worker Thread 8,5,main]) started.
:android:feature-ocr:packageDebugAssets (Thread[included builds,5,main]) started.
Resolve mutations for :android:core-data:packageDebugAssets (Thread[Execution worker Thread 7,5,main]) started.
:android:core-data:packageDebugAssets (Thread[Execution worker Thread 7,5,main]) started.

> Task :android:feature-reader:compileDebugShaders NO-SOURCE
Skipping task ':android:feature-reader:compileDebugShaders' as it has no source files and no previous output files.
Resolve mutations for :android:feature-reader:generateDebugAssets (Thread[Execution worker Thread 4,5,main]) started.
:android:feature-reader:generateDebugAssets (Thread[Execution worker Thread 4,5,main]) started.

> Task :android:feature-reader:generateDebugAssets UP-TO-DATE
Skipping task ':android:feature-reader:generateDebugAssets' as it has no actions.

> Task :android:core-reader:compileDebugShaders NO-SOURCE
Skipping task ':android:core-reader:compileDebugShaders' as it has no source files and no previous output files.
Resolve mutations for :android:feature-reader:packageDebugAssets (Thread[Execution worker Thread 4,5,main]) started.
:android:feature-reader:packageDebugAssets (Thread[Execution worker Thread 4,5,main]) started.
Resolve mutations for :android:core-reader:generateDebugAssets (Thread[Execution worker Thread 5,5,main]) started.
:android:core-reader:generateDebugAssets (Thread[Execution worker Thread 5,5,main]) started.

> Task :android:core-reader:generateDebugAssets UP-TO-DATE
Skipping task ':android:core-reader:generateDebugAssets' as it has no actions.
Resolve mutations for :android:core-reader:packageDebugAssets (Thread[Execution worker Thread 5,5,main]) started.
:android:core-reader:packageDebugAssets (Thread[Execution worker Thread 5,5,main]) started.

> Task :android:feature-themes:javaPreCompileDebug UP-TO-DATE
Build cache key for task ':android:feature-themes:javaPreCompileDebug' is 816894bb293316a0b7b310ab1a5ceea0
Skipping task ':android:feature-themes:javaPreCompileDebug' as it is up-to-date.
Resolve mutations for :android:feature-settings:mergeDebugShaders (Thread[Execution worker Thread 3,5,main]) started.
:android:feature-settings:mergeDebugShaders (Thread[Execution worker Thread 3,5,main]) started.

> Task :android:feature-library:mergeDebugShaders UP-TO-DATE
Caching disabled for task ':android:feature-library:mergeDebugShaders' because:
  Simple merging task
Skipping task ':android:feature-library:mergeDebugShaders' as it is up-to-date.
Resolve mutations for :android:feature-library:compileDebugShaders (Thread[Execution worker Thread 8,5,main]) started.

> Task :android:core-domain:packageDebugAssets UP-TO-DATE
Caching disabled for task ':android:core-domain:packageDebugAssets' because:
  Simple merging task
Skipping task ':android:core-domain:packageDebugAssets' as it is up-to-date.

> Task :android:core-data:packageDebugAssets UP-TO-DATE
Caching disabled for task ':android:core-data:packageDebugAssets' because:
  Simple merging task
Skipping task ':android:core-data:packageDebugAssets' as it is up-to-date.
:android:feature-library:compileDebugShaders (Thread[Execution worker Thread 8,5,main]) started.
work action resolve out (project :android:core-data) (Thread[Execution worker Thread 7,5,main]) started.
Resolve mutations for :android:feature-themes:mergeDebugShaders (Thread[Execution worker Thread 7,5,main]) started.
work action resolve out (project :android:core-domain) (Thread[Execution worker Thread 10,5,main]) started.
:android:feature-themes:mergeDebugShaders (Thread[Execution worker Thread 7,5,main]) started.
Resolve mutations for :android:feature-translate:mergeDebugShaders (Thread[Execution worker Thread 10,5,main]) started.

> Task :android:feature-library:compileDebugShaders NO-SOURCE
Skipping task ':android:feature-library:compileDebugShaders' as it has no source files and no previous output files.
Resolve mutations for :android:feature-library:generateDebugAssets (Thread[Execution worker Thread 8,5,main]) started.
:android:feature-library:generateDebugAssets (Thread[Execution worker Thread 8,5,main]) started.

> Task :android:feature-settings:mergeDebugShaders UP-TO-DATE
Caching disabled for task ':android:feature-settings:mergeDebugShaders' because:
  Simple merging task
Skipping task ':android:feature-settings:mergeDebugShaders' as it is up-to-date.

> Task :android:feature-library:generateDebugAssets UP-TO-DATE
Skipping task ':android:feature-library:generateDebugAssets' as it has no actions.
:android:feature-translate:mergeDebugShaders (Thread[Execution worker Thread 10,5,main]) started.
Resolve mutations for :android:feature-library:packageDebugAssets (Thread[Execution worker Thread 8,5,main]) started.
Resolve mutations for :android:feature-settings:compileDebugShaders (Thread[Execution worker Thread 3,5,main]) started.

> Task :android:feature-reader:packageDebugAssets UP-TO-DATE
Caching disabled for task ':android:feature-reader:packageDebugAssets' because:
  Simple merging task
Skipping task ':android:feature-reader:packageDebugAssets' as it is up-to-date.

> Task :android:feature-ocr:packageDebugAssets UP-TO-DATE
Caching disabled for task ':android:feature-ocr:packageDebugAssets' because:
  Simple merging task
Skipping task ':android:feature-ocr:packageDebugAssets' as it is up-to-date.
work action resolve out (project :android:feature-reader) (Thread[Execution worker Thread 4,5,main]) started.
:android:feature-settings:compileDebugShaders (Thread[Execution worker Thread 3,5,main]) started.
work action resolve out (project :android:feature-ocr) (Thread[included builds,5,main]) started.
Resolve mutations for :android:core-data:mergeDebugJniLibFolders (Thread[included builds,5,main]) started.
Resolve mutations for :android:shared:mergeDebugShaders (Thread[Execution worker Thread 4,5,main]) started.
:android:feature-library:packageDebugAssets (Thread[Execution worker Thread 8,5,main]) started.

> Task :android:feature-themes:mergeDebugShaders UP-TO-DATE
Caching disabled for task ':android:feature-themes:mergeDebugShaders' because:
  Simple merging task
Skipping task ':android:feature-themes:mergeDebugShaders' as it is up-to-date.
Resolve mutations for :android:feature-themes:compileDebugShaders (Thread[Execution worker Thread 7,5,main]) started.
:android:shared:mergeDebugShaders (Thread[Execution worker Thread 4,5,main]) started.
:android:feature-themes:compileDebugShaders (Thread[Execution worker Thread 7,5,main]) started.

> Task :android:core-reader:packageDebugAssets UP-TO-DATE
Caching disabled for task ':android:core-reader:packageDebugAssets' because:
  Simple merging task
Skipping task ':android:core-reader:packageDebugAssets' as it is up-to-date.
work action resolve out (project :android:core-reader) (Thread[Execution worker Thread 5,5,main]) started.
Resolve mutations for :android:core-domain:mergeDebugJniLibFolders (Thread[Execution worker Thread 5,5,main]) started.

> Task :android:feature-settings:compileDebugShaders NO-SOURCE
Skipping task ':android:feature-settings:compileDebugShaders' as it has no source files and no previous output files.

> Task :android:feature-translate:mergeDebugShaders UP-TO-DATE
Caching disabled for task ':android:feature-translate:mergeDebugShaders' because:
  Simple merging task
Skipping task ':android:feature-translate:mergeDebugShaders' as it is up-to-date.
Resolve mutations for :android:feature-settings:generateDebugAssets (Thread[Execution worker Thread 3,5,main]) started.
:android:core-domain:mergeDebugJniLibFolders (Thread[Execution worker Thread 5,5,main]) started.
:android:feature-settings:generateDebugAssets (Thread[Execution worker Thread 3,5,main]) started.
Resolve mutations for :android:feature-translate:compileDebugShaders (Thread[Execution worker Thread 10,5,main]) started.

> Task :android:feature-settings:generateDebugAssets UP-TO-DATE
Skipping task ':android:feature-settings:generateDebugAssets' as it has no actions.

> Task :android:feature-themes:compileDebugShaders NO-SOURCE
Skipping task ':android:feature-themes:compileDebugShaders' as it has no source files and no previous output files.
Resolve mutations for :android:feature-settings:packageDebugAssets (Thread[Execution worker Thread 3,5,main]) started.
Resolve mutations for :android:feature-themes:generateDebugAssets (Thread[Execution worker Thread 7,5,main]) started.
:android:feature-translate:compileDebugShaders (Thread[Execution worker Thread 10,5,main]) started.
:android:feature-settings:packageDebugAssets (Thread[Execution worker Thread 3,5,main]) started.
:android:feature-themes:generateDebugAssets (Thread[Execution worker Thread 7,5,main]) started.
:android:core-data:mergeDebugJniLibFolders (Thread[included builds,5,main]) started.

> Task :android:shared:mergeDebugShaders UP-TO-DATE
Caching disabled for task ':android:shared:mergeDebugShaders' because:
  Simple merging task
Skipping task ':android:shared:mergeDebugShaders' as it is up-to-date.

> Task :android:feature-themes:generateDebugAssets UP-TO-DATE
Skipping task ':android:feature-themes:generateDebugAssets' as it has no actions.
Resolve mutations for :android:feature-themes:packageDebugAssets (Thread[Execution worker Thread 7,5,main]) started.
Resolve mutations for :android:shared:compileDebugShaders (Thread[Execution worker Thread 4,5,main]) started.

> Task :android:feature-translate:compileDebugShaders NO-SOURCE
Skipping task ':android:feature-translate:compileDebugShaders' as it has no source files and no previous output files.
:android:feature-themes:packageDebugAssets (Thread[Execution worker Thread 7,5,main]) started.
Resolve mutations for :android:feature-translate:generateDebugAssets (Thread[Execution worker Thread 10,5,main]) started.
:android:shared:compileDebugShaders (Thread[Execution worker Thread 4,5,main]) started.
:android:feature-translate:generateDebugAssets (Thread[Execution worker Thread 10,5,main]) started.

> Task :android:core-domain:mergeDebugJniLibFolders UP-TO-DATE
Caching disabled for task ':android:core-domain:mergeDebugJniLibFolders' because:
  Simple merging task
Skipping task ':android:core-domain:mergeDebugJniLibFolders' as it is up-to-date.

> Task :android:feature-translate:generateDebugAssets UP-TO-DATE
Skipping task ':android:feature-translate:generateDebugAssets' as it has no actions.

> Task :android:core-ui:mergeDebugShaders UP-TO-DATE
Caching disabled for task ':android:core-ui:mergeDebugShaders' because:
  Simple merging task
Skipping task ':android:core-ui:mergeDebugShaders' as it is up-to-date.
Resolve mutations for :android:core-domain:mergeDebugNativeLibs (Thread[Execution worker Thread 5,5,main]) started.
Resolve mutations for :android:core-ui:compileDebugShaders (Thread[Execution worker Thread 9,5,main]) started.
Resolve mutations for :android:feature-translate:packageDebugAssets (Thread[Execution worker Thread 10,5,main]) started.

> Task :android:feature-library:packageDebugAssets UP-TO-DATE
Caching disabled for task ':android:feature-library:packageDebugAssets' because:
  Simple merging task
Skipping task ':android:feature-library:packageDebugAssets' as it is up-to-date.
:android:core-domain:mergeDebugNativeLibs (Thread[Execution worker Thread 5,5,main]) started.

> Task :android:feature-settings:packageDebugAssets UP-TO-DATE
Caching disabled for task ':android:feature-settings:packageDebugAssets' because:
  Simple merging task
Skipping task ':android:feature-settings:packageDebugAssets' as it is up-to-date.
work action resolve out (project :android:feature-library) (Thread[Execution worker Thread 8,5,main]) started.
:android:core-ui:compileDebugShaders (Thread[Execution worker Thread 9,5,main]) started.
work action resolve out (project :android:feature-settings) (Thread[Execution worker Thread 8,5,main]) started.
Resolve mutations for :android:core-reader:mergeDebugJniLibFolders (Thread[Execution worker Thread 8,5,main]) started.

> Task :android:core-data:mergeDebugJniLibFolders UP-TO-DATE
Caching disabled for task ':android:core-data:mergeDebugJniLibFolders' because:
  Simple merging task
Skipping task ':android:core-data:mergeDebugJniLibFolders' as it is up-to-date.
:android:feature-translate:packageDebugAssets (Thread[Execution worker Thread 10,5,main]) started.
Resolve mutations for :android:feature-library:mergeDebugJniLibFolders (Thread[Execution worker Thread 3,5,main]) started.

> Task :android:shared:compileDebugShaders NO-SOURCE
Skipping task ':android:shared:compileDebugShaders' as it has no source files and no previous output files.
:android:core-reader:mergeDebugJniLibFolders (Thread[Execution worker Thread 8,5,main]) started.
Resolve mutations for :android:shared:generateDebugAssets (Thread[Execution worker Thread 4,5,main]) started.
:android:feature-library:mergeDebugJniLibFolders (Thread[Execution worker Thread 3,5,main]) started.

> Task :android:core-ui:compileDebugShaders NO-SOURCE
Skipping task ':android:core-ui:compileDebugShaders' as it has no source files and no previous output files.
:android:shared:generateDebugAssets (Thread[Execution worker Thread 4,5,main]) started.
Resolve mutations for :android:core-ui:generateDebugAssets (Thread[Execution worker Thread 9,5,main]) started.

> Task :android:shared:generateDebugAssets UP-TO-DATE
Skipping task ':android:shared:generateDebugAssets' as it has no actions.

> Task :android:feature-themes:packageDebugAssets UP-TO-DATE
Caching disabled for task ':android:feature-themes:packageDebugAssets' because:
  Simple merging task
Skipping task ':android:feature-themes:packageDebugAssets' as it is up-to-date.
Resolve mutations for :android:shared:packageDebugAssets (Thread[Execution worker Thread 4,5,main]) started.
:android:core-ui:generateDebugAssets (Thread[Execution worker Thread 9,5,main]) started.
work action resolve out (project :android:feature-themes) (Thread[Execution worker Thread 7,5,main]) started.
Resolve mutations for :android:feature-ocr:mergeDebugJniLibFolders (Thread[Execution worker Thread 7,5,main]) started.
Resolve mutations for :android:core-data:mergeDebugNativeLibs (Thread[included builds,5,main]) started.
:android:shared:packageDebugAssets (Thread[Execution worker Thread 4,5,main]) started.

> Task :android:core-ui:generateDebugAssets UP-TO-DATE
Skipping task ':android:core-ui:generateDebugAssets' as it has no actions.
:android:feature-ocr:mergeDebugJniLibFolders (Thread[Execution worker Thread 7,5,main]) started.
:android:core-data:mergeDebugNativeLibs (Thread[included builds,5,main]) started.
Resolve mutations for :android:core-ui:packageDebugAssets (Thread[Execution worker Thread 9,5,main]) started.
:android:core-ui:packageDebugAssets (Thread[Execution worker Thread 9,5,main]) started.

> Task :android:feature-translate:packageDebugAssets UP-TO-DATE
Caching disabled for task ':android:feature-translate:packageDebugAssets' because:
  Simple merging task
Skipping task ':android:feature-translate:packageDebugAssets' as it is up-to-date.

> Task :android:core-reader:mergeDebugJniLibFolders UP-TO-DATE
Caching disabled for task ':android:core-reader:mergeDebugJniLibFolders' because:
  Simple merging task
Skipping task ':android:core-reader:mergeDebugJniLibFolders' as it is up-to-date.
work action resolve out (project :android:feature-translate) (Thread[Execution worker Thread 10,5,main]) started.
Resolve mutations for :android:core-reader:mergeDebugNativeLibs (Thread[Execution worker Thread 8,5,main]) started.
:android:core-reader:mergeDebugNativeLibs (Thread[Execution worker Thread 8,5,main]) started.
Resolve mutations for :android:feature-reader:mergeDebugJniLibFolders (Thread[Execution worker Thread 10,5,main]) started.

> Task :android:feature-ocr:mergeDebugJniLibFolders UP-TO-DATE
Caching disabled for task ':android:feature-ocr:mergeDebugJniLibFolders' because:
  Simple merging task
Skipping task ':android:feature-ocr:mergeDebugJniLibFolders' as it is up-to-date.
Resolve mutations for :android:feature-ocr:mergeDebugNativeLibs (Thread[Execution worker Thread 7,5,main]) started.

> Task :android:core-ui:packageDebugAssets UP-TO-DATE
Caching disabled for task ':android:core-ui:packageDebugAssets' because:
  Simple merging task
Skipping task ':android:core-ui:packageDebugAssets' as it is up-to-date.

> Task :android:feature-library:mergeDebugJniLibFolders UP-TO-DATE
Caching disabled for task ':android:feature-library:mergeDebugJniLibFolders' because:
  Simple merging task
Skipping task ':android:feature-library:mergeDebugJniLibFolders' as it is up-to-date.
work action resolve out (project :android:core-ui) (Thread[Execution worker Thread 9,5,main]) started.
Resolve mutations for :android:core-ui:mergeDebugJniLibFolders (Thread[Execution worker Thread 9,5,main]) started.
Resolve mutations for :android:feature-library:mergeDebugNativeLibs (Thread[Execution worker Thread 3,5,main]) started.
:android:feature-ocr:mergeDebugNativeLibs (Thread[Execution worker Thread 7,5,main]) started.
:android:core-ui:mergeDebugJniLibFolders (Thread[Execution worker Thread 9,5,main]) started.
:android:feature-library:mergeDebugNativeLibs (Thread[Execution worker Thread 3,5,main]) started.

> Task :android:core-reader:mergeDebugNativeLibs NO-SOURCE
Skipping task ':android:core-reader:mergeDebugNativeLibs' as it has no source files and no previous output files.
Resolve mutations for :android:core-reader:copyDebugJniLibsProjectOnly (Thread[Execution worker Thread 8,5,main]) started.
:android:core-reader:copyDebugJniLibsProjectOnly (Thread[Execution worker Thread 8,5,main]) started.

> Task :android:core-domain:mergeDebugNativeLibs NO-SOURCE
Skipping task ':android:core-domain:mergeDebugNativeLibs' as it has no source files and no previous output files.
Resolve mutations for :android:core-domain:copyDebugJniLibsProjectOnly (Thread[Execution worker Thread 5,5,main]) started.

> Task :android:core-reader:copyDebugJniLibsProjectOnly UP-TO-DATE
Caching disabled for task ':android:core-reader:copyDebugJniLibsProjectOnly' because:
  Caching has been disabled for the task
Skipping task ':android:core-reader:copyDebugJniLibsProjectOnly' as it is up-to-date.
work action resolve jni (project :android:core-reader) (Thread[Execution worker Thread 8,5,main]) started.
Resolve mutations for :android:feature-settings:mergeDebugJniLibFolders (Thread[Execution worker Thread 8,5,main]) started.

> Task :android:shared:packageDebugAssets UP-TO-DATE
Caching disabled for task ':android:shared:packageDebugAssets' because:
  Simple merging task
Skipping task ':android:shared:packageDebugAssets' as it is up-to-date.
work action resolve out (project :android:shared) (Thread[Execution worker Thread 4,5,main]) started.
Resolve mutations for :android:feature-themes:mergeDebugJniLibFolders (Thread[Execution worker Thread 4,5,main]) started.
:android:core-domain:copyDebugJniLibsProjectOnly (Thread[Execution worker Thread 5,5,main]) started.
:android:feature-reader:mergeDebugJniLibFolders (Thread[Execution worker Thread 10,5,main]) started.

> Task :android:feature-library:mergeDebugNativeLibs NO-SOURCE
Skipping task ':android:feature-library:mergeDebugNativeLibs' as it has no source files and no previous output files.
:android:feature-themes:mergeDebugJniLibFolders (Thread[Execution worker Thread 4,5,main]) started.
Resolve mutations for :android:feature-library:copyDebugJniLibsProjectOnly (Thread[Execution worker Thread 3,5,main]) started.

> Task :android:core-ui:mergeDebugJniLibFolders UP-TO-DATE
Caching disabled for task ':android:core-ui:mergeDebugJniLibFolders' because:
  Simple merging task
Skipping task ':android:core-ui:mergeDebugJniLibFolders' as it is up-to-date.
:android:feature-library:copyDebugJniLibsProjectOnly (Thread[Execution worker Thread 3,5,main]) started.
Resolve mutations for :android:core-ui:mergeDebugNativeLibs (Thread[Execution worker Thread 9,5,main]) started.
:android:feature-settings:mergeDebugJniLibFolders (Thread[Execution worker Thread 8,5,main]) started.
:android:core-ui:mergeDebugNativeLibs (Thread[Execution worker Thread 9,5,main]) started.

> Task :android:feature-ocr:mergeDebugNativeLibs NO-SOURCE
Skipping task ':android:feature-ocr:mergeDebugNativeLibs' as it has no source files and no previous output files.
Resolve mutations for :android:feature-ocr:copyDebugJniLibsProjectOnly (Thread[Execution worker Thread 7,5,main]) started.

> Task :android:core-data:mergeDebugNativeLibs NO-SOURCE
Skipping task ':android:core-data:mergeDebugNativeLibs' as it has no source files and no previous output files.
Resolve mutations for :android:core-data:copyDebugJniLibsProjectOnly (Thread[included builds,5,main]) started.
:android:feature-ocr:copyDebugJniLibsProjectOnly (Thread[Execution worker Thread 7,5,main]) started.
:android:core-data:copyDebugJniLibsProjectOnly (Thread[included builds,5,main]) started.

> Task :android:feature-reader:mergeDebugJniLibFolders UP-TO-DATE
Caching disabled for task ':android:feature-reader:mergeDebugJniLibFolders' because:
  Simple merging task
Skipping task ':android:feature-reader:mergeDebugJniLibFolders' as it is up-to-date.
Resolve mutations for :android:feature-reader:mergeDebugNativeLibs (Thread[Execution worker Thread 10,5,main]) started.

> Task :android:feature-themes:mergeDebugJniLibFolders UP-TO-DATE
Caching disabled for task ':android:feature-themes:mergeDebugJniLibFolders' because:
  Simple merging task
Skipping task ':android:feature-themes:mergeDebugJniLibFolders' as it is up-to-date.
:android:feature-reader:mergeDebugNativeLibs (Thread[Execution worker Thread 10,5,main]) started.

> Task :android:feature-ocr:copyDebugJniLibsProjectOnly UP-TO-DATE
Caching disabled for task ':android:feature-ocr:copyDebugJniLibsProjectOnly' because:
  Caching has been disabled for the task
Skipping task ':android:feature-ocr:copyDebugJniLibsProjectOnly' as it is up-to-date.

> Task :android:core-data:copyDebugJniLibsProjectOnly UP-TO-DATE
Caching disabled for task ':android:core-data:copyDebugJniLibsProjectOnly' because:
  Caching has been disabled for the task
Skipping task ':android:core-data:copyDebugJniLibsProjectOnly' as it is up-to-date.

> Task :android:feature-settings:mergeDebugJniLibFolders UP-TO-DATE
Caching disabled for task ':android:feature-settings:mergeDebugJniLibFolders' because:
  Simple merging task
Skipping task ':android:feature-settings:mergeDebugJniLibFolders' as it is up-to-date.
Resolve mutations for :android:feature-themes:mergeDebugNativeLibs (Thread[Execution worker Thread 4,5,main]) started.
work action resolve jni (project :android:core-data) (Thread[included builds,5,main]) started.
work action resolve jni (project :android:feature-ocr) (Thread[Execution worker Thread 7,5,main]) started.
Resolve mutations for :android:feature-settings:mergeDebugNativeLibs (Thread[Execution worker Thread 8,5,main]) started.
Resolve mutations for :android:feature-translate:mergeDebugJniLibFolders (Thread[included builds,5,main]) started.
Resolve mutations for :android:shared:mergeDebugJniLibFolders (Thread[Execution worker Thread 7,5,main]) started.
:android:feature-themes:mergeDebugNativeLibs (Thread[Execution worker Thread 4,5,main]) started.
:android:shared:mergeDebugJniLibFolders (Thread[Execution worker Thread 7,5,main]) started.
:android:feature-translate:mergeDebugJniLibFolders (Thread[included builds,5,main]) started.
:android:feature-settings:mergeDebugNativeLibs (Thread[Execution worker Thread 8,5,main]) started.

> Task :android:shared:mergeDebugJniLibFolders UP-TO-DATE
Caching disabled for task ':android:shared:mergeDebugJniLibFolders' because:
  Simple merging task
Skipping task ':android:shared:mergeDebugJniLibFolders' as it is up-to-date.
Resolve mutations for :android:shared:mergeDebugNativeLibs (Thread[Execution worker Thread 7,5,main]) started.
:android:shared:mergeDebugNativeLibs (Thread[Execution worker Thread 7,5,main]) started.

> Task :android:feature-reader:mergeDebugNativeLibs NO-SOURCE
Skipping task ':android:feature-reader:mergeDebugNativeLibs' as it has no source files and no previous output files.

> Task :android:core-ui:mergeDebugNativeLibs NO-SOURCE
Skipping task ':android:core-ui:mergeDebugNativeLibs' as it has no source files and no previous output files.
Resolve mutations for :android:feature-reader:copyDebugJniLibsProjectOnly (Thread[Execution worker Thread 10,5,main]) started.
:android:feature-reader:copyDebugJniLibsProjectOnly (Thread[Execution worker Thread 10,5,main]) started.
Resolve mutations for :android:core-ui:copyDebugJniLibsProjectOnly (Thread[Execution worker Thread 9,5,main]) started.
:android:core-ui:copyDebugJniLibsProjectOnly (Thread[Execution worker Thread 9,5,main]) started.

> Task :android:feature-translate:mergeDebugJniLibFolders UP-TO-DATE
Caching disabled for task ':android:feature-translate:mergeDebugJniLibFolders' because:
  Simple merging task
Skipping task ':android:feature-translate:mergeDebugJniLibFolders' as it is up-to-date.
Resolve mutations for :android:feature-translate:mergeDebugNativeLibs (Thread[included builds,5,main]) started.

> Task :android:feature-library:copyDebugJniLibsProjectOnly UP-TO-DATE
Caching disabled for task ':android:feature-library:copyDebugJniLibsProjectOnly' because:
  Caching has been disabled for the task
Skipping task ':android:feature-library:copyDebugJniLibsProjectOnly' as it is up-to-date.
work action resolve jni (project :android:feature-library) (Thread[Execution worker Thread 3,5,main]) started.
:android:feature-translate:mergeDebugNativeLibs (Thread[included builds,5,main]) started.

> Task :android:core-domain:copyDebugJniLibsProjectOnly UP-TO-DATE
Caching disabled for task ':android:core-domain:copyDebugJniLibsProjectOnly' because:
  Caching has been disabled for the task
Skipping task ':android:core-domain:copyDebugJniLibsProjectOnly' as it is up-to-date.

> Task :android:feature-settings:mergeDebugNativeLibs NO-SOURCE
Skipping task ':android:feature-settings:mergeDebugNativeLibs' as it has no source files and no previous output files.
Resolve mutations for :android:feature-settings:copyDebugJniLibsProjectOnly (Thread[Execution worker Thread 8,5,main]) started.

> Task :android:shared:mergeDebugNativeLibs NO-SOURCE
Skipping task ':android:shared:mergeDebugNativeLibs' as it has no source files and no previous output files.
:android:feature-settings:copyDebugJniLibsProjectOnly (Thread[Execution worker Thread 8,5,main]) started.
Resolve mutations for :android:shared:copyDebugJniLibsProjectOnly (Thread[Execution worker Thread 7,5,main]) started.
work action resolve jni (project :android:core-domain) (Thread[Execution worker Thread 5,5,main]) started.
:android:shared:copyDebugJniLibsProjectOnly (Thread[Execution worker Thread 7,5,main]) started.

> Task :android:feature-translate:mergeDebugNativeLibs NO-SOURCE
Skipping task ':android:feature-translate:mergeDebugNativeLibs' as it has no source files and no previous output files.

> Task :android:feature-themes:mergeDebugNativeLibs NO-SOURCE
Skipping task ':android:feature-themes:mergeDebugNativeLibs' as it has no source files and no previous output files.

> Task :android:core-ui:copyDebugJniLibsProjectOnly UP-TO-DATE
Caching disabled for task ':android:core-ui:copyDebugJniLibsProjectOnly' because:
  Caching has been disabled for the task
Skipping task ':android:core-ui:copyDebugJniLibsProjectOnly' as it is up-to-date.
work action resolve jni (project :android:core-ui) (Thread[Execution worker Thread 9,5,main]) started.

> Task :android:feature-reader:copyDebugJniLibsProjectOnly UP-TO-DATE
Caching disabled for task ':android:feature-reader:copyDebugJniLibsProjectOnly' because:
  Caching has been disabled for the task
Skipping task ':android:feature-reader:copyDebugJniLibsProjectOnly' as it is up-to-date.
work action resolve jni (project :android:feature-reader) (Thread[Execution worker Thread 10,5,main]) started.
Resolve mutations for :android:feature-themes:copyDebugJniLibsProjectOnly (Thread[Execution worker Thread 4,5,main]) started.
Resolve mutations for :android:feature-translate:copyDebugJniLibsProjectOnly (Thread[included builds,5,main]) started.
:android:feature-themes:copyDebugJniLibsProjectOnly (Thread[Execution worker Thread 4,5,main]) started.
:android:feature-translate:copyDebugJniLibsProjectOnly (Thread[included builds,5,main]) started.

> Task :android:feature-settings:copyDebugJniLibsProjectOnly UP-TO-DATE
Caching disabled for task ':android:feature-settings:copyDebugJniLibsProjectOnly' because:
  Caching has been disabled for the task
Skipping task ':android:feature-settings:copyDebugJniLibsProjectOnly' as it is up-to-date.
work action resolve jni (project :android:feature-settings) (Thread[Execution worker Thread 8,5,main]) started.

> Task :android:feature-themes:copyDebugJniLibsProjectOnly UP-TO-DATE
Caching disabled for task ':android:feature-themes:copyDebugJniLibsProjectOnly' because:
  Caching has been disabled for the task
Skipping task ':android:feature-themes:copyDebugJniLibsProjectOnly' as it is up-to-date.
work action resolve jni (project :android:feature-themes) (Thread[Execution worker Thread 4,5,main]) started.

> Task :android:shared:copyDebugJniLibsProjectOnly UP-TO-DATE
Caching disabled for task ':android:shared:copyDebugJniLibsProjectOnly' because:
  Caching has been disabled for the task
Skipping task ':android:shared:copyDebugJniLibsProjectOnly' as it is up-to-date.
work action resolve jni (project :android:shared) (Thread[Execution worker Thread 7,5,main]) started.

> Task :android:feature-translate:copyDebugJniLibsProjectOnly UP-TO-DATE
Caching disabled for task ':android:feature-translate:copyDebugJniLibsProjectOnly' because:
  Caching has been disabled for the task
Skipping task ':android:feature-translate:copyDebugJniLibsProjectOnly' as it is up-to-date.
work action resolve jni (project :android:feature-translate) (Thread[included builds,5,main]) started.

> Task :android:core-model:kspDebugKotlin UP-TO-DATE
file or directory 'C:\Users\xmeta\projects\Mr.Comic\android\core-model\src\debug\kotlin', not found
file or directory 'C:\Users\xmeta\projects\Mr.Comic\android\core-model\src\debug\java', not found
file or directory 'C:\Users\xmeta\projects\Mr.Comic\android\core-model\src\main\kotlin', not found
file or directory 'C:\Users\xmeta\projects\Mr.Comic\android\core-model\src\debug\java', not found
Transforming kotlin-parcelize-runtime-1.9.25.jar (org.jetbrains.kotlin:kotlin-parcelize-runtime:1.9.25) with JetifyTransform
Transforming kotlin-parcelize-runtime-1.9.25.jar (org.jetbrains.kotlin:kotlin-parcelize-runtime:1.9.25) with IdentityTransform
Transforming room-common-jvm-2.7.2.jar (androidx.room:room-common-jvm:2.7.2) with JetifyTransform
Transforming core-ktx-1.12.0.aar (androidx.core:core-ktx:1.12.0) with JetifyTransform
Transforming room-runtime-release.aar (androidx.room:room-runtime-android:2.7.2) with JetifyTransform
Transforming room-ktx-2.7.2.aar (androidx.room:room-ktx:2.7.2) with JetifyTransform
Transforming room-common-jvm-2.7.2.jar (androidx.room:room-common-jvm:2.7.2) with IdentityTransform
Transforming annotation-jvm-1.9.1.jar (androidx.annotation:annotation-jvm:1.9.1) with JetifyTransform
Transforming kotlin-stdlib-jdk8-1.9.25.jar (org.jetbrains.kotlin:kotlin-stdlib-jdk8:1.9.25) with JetifyTransform
Transforming core-ktx-1.12.0.aar (androidx.core:core-ktx:1.12.0) with AarToClassTransform
Transforming kotlin-stdlib-jdk7-1.9.25.jar (org.jetbrains.kotlin:kotlin-stdlib-jdk7:1.9.25) with JetifyTransform
Transforming kotlin-stdlib-1.9.25.jar (org.jetbrains.kotlin:kotlin-stdlib:1.9.25) with JetifyTransform
Transforming jspecify-1.0.0.jar (org.jspecify:jspecify:1.0.0) with JetifyTransform
Transforming room-runtime-release.aar (androidx.room:room-runtime-android:2.7.2) with AarToClassTransform
Transforming kotlin-android-extensions-runtime-1.9.25.jar (org.jetbrains.kotlin:kotlin-android-extensions-runtime:1.9.25) with JetifyTransform
Transforming core-1.12.0.aar (androidx.core:core:1.12.0) with JetifyTransform
Transforming lifecycle-runtime-2.3.1.aar (androidx.lifecycle:lifecycle-runtime:2.3.1) with JetifyTransform
Transforming collection-jvm-1.4.2.jar (androidx.collection:collection-jvm:1.4.2) with JetifyTransform
Transforming room-ktx-2.7.2.aar (androidx.room:room-ktx:2.7.2) with AarToClassTransform
Transforming collection-jvm-1.4.2.jar (androidx.collection:collection-jvm:1.4.2) with IdentityTransform
Transforming kotlin-android-extensions-runtime-1.9.25.jar (org.jetbrains.kotlin:kotlin-android-extensions-runtime:1.9.25) with IdentityTransform
Transforming annotation-experimental-1.4.1.aar (androidx.annotation:annotation-experimental:1.4.1) with JetifyTransform
Transforming core-1.12.0.aar (androidx.core:core:1.12.0) with AarToClassTransform
Transforming annotation-jvm-1.9.1.jar (androidx.annotation:annotation-jvm:1.9.1) with IdentityTransform
Transforming kotlinx-coroutines-core-jvm-1.7.3.jar (org.jetbrains.kotlinx:kotlinx-coroutines-core-jvm:1.7.3) with JetifyTransform
Transforming lifecycle-runtime-2.3.1.aar (androidx.lifecycle:lifecycle-runtime:2.3.1) with AarToClassTransform
Transforming kotlinx-coroutines-android-1.7.3.jar (org.jetbrains.kotlinx:kotlinx-coroutines-android:1.7.3) with JetifyTransform
Transforming annotation-experimental-1.4.1.aar (androidx.annotation:annotation-experimental:1.4.1) with AarToClassTransform
Transforming annotations-23.0.0.jar (org.jetbrains:annotations:23.0.0) with JetifyTransform
Transforming kotlinx-coroutines-core-jvm-1.7.3.jar (org.jetbrains.kotlinx:kotlinx-coroutines-core-jvm:1.7.3) with IdentityTransform
Transforming kotlin-stdlib-jdk7-1.9.25.jar (org.jetbrains.kotlin:kotlin-stdlib-jdk7:1.9.25) with IdentityTransform
Transforming kotlin-stdlib-1.9.25.jar (org.jetbrains.kotlin:kotlin-stdlib:1.9.25) with IdentityTransform
Transforming kotlinx-coroutines-android-1.7.3.jar (org.jetbrains.kotlinx:kotlinx-coroutines-android:1.7.3) with IdentityTransform
Transforming kotlin-stdlib-jdk8-1.9.25.jar (org.jetbrains.kotlin:kotlin-stdlib-jdk8:1.9.25) with IdentityTransform
Transforming annotations-23.0.0.jar (org.jetbrains:annotations:23.0.0) with IdentityTransform
Transforming jspecify-1.0.0.jar (org.jspecify:jspecify:1.0.0) with IdentityTransform
Transforming core-common-2.2.0.jar (androidx.arch.core:core-common:2.2.0) with JetifyTransform
Transforming core-common-2.2.0.jar (androidx.arch.core:core-common:2.2.0) with IdentityTransform
Transforming versionedparcelable-1.1.1.aar (androidx.versionedparcelable:versionedparcelable:1.1.1) with JetifyTransform
Transforming lifecycle-common-2.3.1.jar (androidx.lifecycle:lifecycle-common:2.3.1) with JetifyTransform
Transforming versionedparcelable-1.1.1.aar (androidx.versionedparcelable:versionedparcelable:1.1.1) with AarToClassTransform
Transforming lifecycle-common-2.3.1.jar (androidx.lifecycle:lifecycle-common:2.3.1) with IdentityTransform
Transforming sqlite-framework-release.aar (androidx.sqlite:sqlite-framework-android:2.5.1) with JetifyTransform
Transforming sqlite-release.aar (androidx.sqlite:sqlite-android:2.5.1) with JetifyTransform
Transforming sqlite-release.aar (androidx.sqlite:sqlite-android:2.5.1) with AarToClassTransform
Transforming sqlite-framework-release.aar (androidx.sqlite:sqlite-framework-android:2.5.1) with AarToClassTransform
Transforming R.jar with ClasspathEntrySnapshotTransform
Transforming jetified-kotlin-parcelize-runtime-1.9.25.jar with ClasspathEntrySnapshotTransform
Transforming jetified-core-ktx-1.12.0-api.jar with ClasspathEntrySnapshotTransform
Transforming jetified-room-common-jvm-2.7.2.jar with ClasspathEntrySnapshotTransform
Transforming jetified-room-runtime-release-api.jar with ClasspathEntrySnapshotTransform
Transforming jetified-room-ktx-2.7.2-api.jar with ClasspathEntrySnapshotTransform
Transforming jetified-kotlin-android-extensions-runtime-1.9.25.jar with ClasspathEntrySnapshotTransform
Transforming core-1.12.0-api.jar with ClasspathEntrySnapshotTransform
Transforming lifecycle-runtime-2.3.1-api.jar with ClasspathEntrySnapshotTransform
Transforming versionedparcelable-1.1.1-api.jar with ClasspathEntrySnapshotTransform
Transforming lifecycle-common-2.3.1.jar with ClasspathEntrySnapshotTransform
Transforming core-common-2.2.0.jar with ClasspathEntrySnapshotTransform
Transforming jetified-collection-jvm-1.4.2.jar with ClasspathEntrySnapshotTransform
Transforming jetified-sqlite-framework-release-api.jar with ClasspathEntrySnapshotTransform
Transforming jetified-sqlite-release-api.jar with ClasspathEntrySnapshotTransform
Transforming jetified-annotation-jvm-1.9.1.jar with ClasspathEntrySnapshotTransform
Transforming jetified-annotation-experimental-1.4.1-api.jar with ClasspathEntrySnapshotTransform
Transforming jetified-kotlinx-coroutines-core-jvm-1.7.3.jar with ClasspathEntrySnapshotTransform
Transforming jetified-kotlinx-coroutines-android-1.7.3.jar with ClasspathEntrySnapshotTransform
Transforming jetified-kotlin-stdlib-jdk8-1.9.25.jar with ClasspathEntrySnapshotTransform
Transforming jetified-kotlin-stdlib-jdk7-1.9.25.jar with ClasspathEntrySnapshotTransform
Transforming jetified-kotlin-stdlib-1.9.25.jar with ClasspathEntrySnapshotTransform
Transforming jetified-annotations-23.0.0.jar with ClasspathEntrySnapshotTransform
Transforming jetified-jspecify-1.0.0.jar with ClasspathEntrySnapshotTransform
Transforming android.jar with ClasspathEntrySnapshotTransform
Transforming core-lambda-stubs.jar with ClasspathEntrySnapshotTransform
file or directory 'C:\Users\xmeta\projects\Mr.Comic\android\core-model\src\debug\kotlin', not found
file or directory 'C:\Users\xmeta\projects\Mr.Comic\android\core-model\src\debug\java', not found
file or directory 'C:\Users\xmeta\projects\Mr.Comic\android\core-model\src\main\kotlin', not found
file or directory 'C:\Users\xmeta\projects\Mr.Comic\android\core-model\src\debug\java', not found
Build cache key for task ':android:core-model:kspDebugKotlin' is b25538ca74dc17bda241b1f6c4653106
Skipping task ':android:core-model:kspDebugKotlin' as it is up-to-date.
Resolve mutations for :android:core-model:compileDebugKotlin (Thread[Execution worker,5,main]) started.
:android:core-model:compileDebugKotlin (Thread[Execution worker Thread 3,5,main]) started.

> Task :android:feature-onboarding:compileDebugKotlin UP-TO-DATE
Transforming activity-1.8.2.aar (androidx.activity:activity:1.8.2) with JetifyTransform
Transforming activity-compose-1.8.2.aar (androidx.activity:activity-compose:1.8.2) with JetifyTransform
Transforming core-ktx-1.12.0.aar (androidx.core:core-ktx:1.12.0) with JetifyTransform
Transforming core-ktx-1.12.0.aar (androidx.core:core-ktx:1.12.0) with AarToClassTransform
Transforming core-1.12.0.aar (androidx.core:core:1.12.0) with JetifyTransform
Transforming core-1.12.0.aar (androidx.core:core:1.12.0) with AarToClassTransform
Transforming activity-ktx-1.8.2.aar (androidx.activity:activity-ktx:1.8.2) with JetifyTransform
Transforming core-common-2.2.0.jar (androidx.arch.core:core-common:2.2.0) with JetifyTransform
Transforming lifecycle-livedata-core-2.6.1.aar (androidx.lifecycle:lifecycle-livedata-core:2.6.1) with JetifyTransform
Transforming core-common-2.2.0.jar (androidx.arch.core:core-common:2.2.0) with IdentityTransform
Transforming versionedparcelable-1.1.1.aar (androidx.versionedparcelable:versionedparcelable:1.1.1) with JetifyTransform
Transforming versionedparcelable-1.1.1.aar (androidx.versionedparcelable:versionedparcelable:1.1.1) with AarToClassTransform
Transforming kotlin-stdlib-jdk8-1.9.25.jar (org.jetbrains.kotlin:kotlin-stdlib-jdk8:1.9.25) with JetifyTransform
Transforming kotlin-stdlib-jdk8-1.9.25.jar (org.jetbrains.kotlin:kotlin-stdlib-jdk8:1.9.25) with IdentityTransform
Transforming kotlin-stdlib-jdk7-1.9.25.jar (org.jetbrains.kotlin:kotlin-stdlib-jdk7:1.9.25) with JetifyTransform
Transforming lifecycle-viewmodel-ktx-2.6.1.aar (androidx.lifecycle:lifecycle-viewmodel-ktx:2.6.1) with JetifyTransform
Transforming kotlin-stdlib-jdk7-1.9.25.jar (org.jetbrains.kotlin:kotlin-stdlib-jdk7:1.9.25) with IdentityTransform
Transforming activity-compose-1.8.2.aar (androidx.activity:activity-compose:1.8.2) with AarToClassTransform
Transforming lifecycle-runtime-2.6.1.aar (androidx.lifecycle:lifecycle-runtime:2.6.1) with JetifyTransform
Transforming lifecycle-viewmodel-savedstate-2.6.1.aar (androidx.lifecycle:lifecycle-viewmodel-savedstate:2.6.1) with JetifyTransform
Transforming kotlin-stdlib-1.9.25.jar (org.jetbrains.kotlin:kotlin-stdlib:1.9.25) with JetifyTransform
Transforming lifecycle-common-2.6.1.jar (androidx.lifecycle:lifecycle-common:2.6.1) with JetifyTransform
Transforming kotlin-stdlib-1.9.25.jar (org.jetbrains.kotlin:kotlin-stdlib:1.9.25) with IdentityTransform
Transforming annotations-23.0.0.jar (org.jetbrains:annotations:23.0.0) with JetifyTransform
Transforming annotations-23.0.0.jar (org.jetbrains:annotations:23.0.0) with IdentityTransform
Transforming lifecycle-viewmodel-2.6.1.aar (androidx.lifecycle:lifecycle-viewmodel:2.6.1) with JetifyTransform
Transforming activity-1.8.2.aar (androidx.activity:activity:1.8.2) with AarToClassTransform
Transforming activity-ktx-1.8.2.aar (androidx.activity:activity-ktx:1.8.2) with AarToClassTransform
Transforming savedstate-1.2.1.aar (androidx.savedstate:savedstate:1.2.1) with JetifyTransform
Transforming lifecycle-livedata-core-2.6.1.aar (androidx.lifecycle:lifecycle-livedata-core:2.6.1) with AarToClassTransform
Transforming lifecycle-viewmodel-savedstate-2.6.1.aar (androidx.lifecycle:lifecycle-viewmodel-savedstate:2.6.1) with AarToClassTransform
Transforming lifecycle-common-2.6.1.jar (androidx.lifecycle:lifecycle-common:2.6.1) with IdentityTransform
Transforming lifecycle-viewmodel-ktx-2.6.1.aar (androidx.lifecycle:lifecycle-viewmodel-ktx:2.6.1) with AarToClassTransform
Transforming lifecycle-runtime-2.6.1.aar (androidx.lifecycle:lifecycle-runtime:2.6.1) with AarToClassTransform
Transforming savedstate-ktx-1.2.1.aar (androidx.savedstate:savedstate-ktx:1.2.1) with JetifyTransform
Transforming savedstate-1.2.1.aar (androidx.savedstate:savedstate:1.2.1) with AarToClassTransform
Transforming ui-util-release.aar (androidx.compose.ui:ui-util-android:1.6.8) with JetifyTransform
Transforming ui-unit-release.aar (androidx.compose.ui:ui-unit-android:1.6.8) with JetifyTransform
Transforming ui-text-release.aar (androidx.compose.ui:ui-text-android:1.6.8) with JetifyTransform
Transforming ui-graphics-release.aar (androidx.compose.ui:ui-graphics-android:1.6.8) with JetifyTransform
Transforming foundation-layout-release.aar (androidx.compose.foundation:foundation-layout-android:1.6.8) with JetifyTransform
Transforming material-icons-core-release.aar (androidx.compose.material:material-icons-core-android:1.6.8) with JetifyTransform
Transforming material-ripple-release.aar (androidx.compose.material:material-ripple-android:1.6.8) with JetifyTransform
Transforming savedstate-ktx-1.2.1.aar (androidx.savedstate:savedstate-ktx:1.2.1) with AarToClassTransform
Transforming lifecycle-viewmodel-2.6.1.aar (androidx.lifecycle:lifecycle-viewmodel:2.6.1) with AarToClassTransform
Transforming ui-text-release.aar (androidx.compose.ui:ui-text-android:1.6.8) with AarToClassTransform
Transforming ui-util-release.aar (androidx.compose.ui:ui-util-android:1.6.8) with AarToClassTransform
Transforming material-icons-core-release.aar (androidx.compose.material:material-icons-core-android:1.6.8) with AarToClassTransform
Transforming ui-unit-release.aar (androidx.compose.ui:ui-unit-android:1.6.8) with AarToClassTransform
Transforming foundation-layout-release.aar (androidx.compose.foundation:foundation-layout-android:1.6.8) with AarToClassTransform
Transforming material-ripple-release.aar (androidx.compose.material:material-ripple-android:1.6.8) with AarToClassTransform
Transforming foundation-release.aar (androidx.compose.foundation:foundation-android:1.6.8) with JetifyTransform
Transforming animation-core-release.aar (androidx.compose.animation:animation-core-android:1.6.8) with JetifyTransform
Transforming animation-release.aar (androidx.compose.animation:animation-android:1.6.8) with JetifyTransform
Transforming ui-geometry-release.aar (androidx.compose.ui:ui-geometry-android:1.6.8) with JetifyTransform
Transforming ui-tooling-preview-release.aar (androidx.compose.ui:ui-tooling-preview-android:1.6.8) with JetifyTransform
Transforming ui-graphics-release.aar (androidx.compose.ui:ui-graphics-android:1.6.8) with AarToClassTransform
Transforming ui-release.aar (androidx.compose.ui:ui-android:1.6.8) with JetifyTransform
Transforming runtime-release.aar (androidx.compose.runtime:runtime-android:1.6.8) with JetifyTransform
Transforming runtime-saveable-release.aar (androidx.compose.runtime:runtime-saveable-android:1.6.8) with JetifyTransform
Transforming animation-release.aar (androidx.compose.animation:animation-android:1.6.8) with AarToClassTransform
Transforming ui-tooling-preview-release.aar (androidx.compose.ui:ui-tooling-preview-android:1.6.8) with AarToClassTransform
Transforming collection-jvm-1.4.0.jar (androidx.collection:collection-jvm:1.4.0) with JetifyTransform
Transforming animation-core-release.aar (androidx.compose.animation:animation-core-android:1.6.8) with AarToClassTransform
Transforming ui-geometry-release.aar (androidx.compose.ui:ui-geometry-android:1.6.8) with AarToClassTransform
Transforming annotation-jvm-1.7.0.jar (androidx.annotation:annotation-jvm:1.7.0) with JetifyTransform
Transforming ui-release.aar (androidx.compose.ui:ui-android:1.6.8) with AarToClassTransform
Transforming kotlinx-coroutines-core-jvm-1.7.1.jar (org.jetbrains.kotlinx:kotlinx-coroutines-core-jvm:1.7.1) with JetifyTransform
Transforming runtime-saveable-release.aar (androidx.compose.runtime:runtime-saveable-android:1.6.8) with AarToClassTransform
Transforming runtime-release.aar (androidx.compose.runtime:runtime-android:1.6.8) with AarToClassTransform
Transforming annotation-jvm-1.7.0.jar (androidx.annotation:annotation-jvm:1.7.0) with IdentityTransform
Transforming kotlinx-coroutines-android-1.7.1.jar (org.jetbrains.kotlinx:kotlinx-coroutines-android:1.7.1) with JetifyTransform
Transforming foundation-release.aar (androidx.compose.foundation:foundation-android:1.6.8) with AarToClassTransform
Transforming annotation-experimental-1.4.0.aar (androidx.annotation:annotation-experimental:1.4.0) with JetifyTransform
Transforming kotlinx-coroutines-core-jvm-1.7.1.jar (org.jetbrains.kotlinx:kotlinx-coroutines-core-jvm:1.7.1) with IdentityTransform
Transforming collection-jvm-1.4.0.jar (androidx.collection:collection-jvm:1.4.0) with IdentityTransform
Transforming kotlinx-coroutines-android-1.7.1.jar (org.jetbrains.kotlinx:kotlinx-coroutines-android:1.7.1) with IdentityTransform
Transforming annotation-experimental-1.4.0.aar (androidx.annotation:annotation-experimental:1.4.0) with AarToClassTransform
Transforming material3-release.aar (androidx.compose.material3:material3-android:1.2.1) with JetifyTransform
Transforming material3-release.aar (androidx.compose.material3:material3-android:1.2.1) with AarToClassTransform
Transforming lifecycle-runtime-ktx-2.6.1.aar (androidx.lifecycle:lifecycle-runtime-ktx:2.6.1) with JetifyTransform
Transforming lifecycle-runtime-ktx-2.6.1.aar (androidx.lifecycle:lifecycle-runtime-ktx:2.6.1) with AarToClassTransform
Transforming R.jar with ClasspathEntrySnapshotTransform
Transforming jetified-activity-1.8.2-api.jar with ClasspathEntrySnapshotTransform
Transforming jetified-activity-compose-1.8.2-api.jar with ClasspathEntrySnapshotTransform
Transforming jetified-activity-ktx-1.8.2-api.jar with ClasspathEntrySnapshotTransform
Transforming lifecycle-livedata-core-2.6.1-api.jar with ClasspathEntrySnapshotTransform
Transforming lifecycle-common-2.6.1.jar with ClasspathEntrySnapshotTransform
Transforming jetified-lifecycle-viewmodel-savedstate-2.6.1-api.jar with ClasspathEntrySnapshotTransform
Transforming jetified-core-ktx-1.12.0-api.jar with ClasspathEntrySnapshotTransform
Transforming core-1.12.0-api.jar with ClasspathEntrySnapshotTransform
Transforming lifecycle-runtime-2.6.1-api.jar with ClasspathEntrySnapshotTransform
Transforming jetified-lifecycle-viewmodel-ktx-2.6.1-api.jar with ClasspathEntrySnapshotTransform
Transforming jetified-lifecycle-runtime-ktx-2.6.1-api.jar with ClasspathEntrySnapshotTransform
Transforming lifecycle-viewmodel-2.6.1-api.jar with ClasspathEntrySnapshotTransform
Transforming jetified-material3-release-api.jar with ClasspathEntrySnapshotTransform
Transforming jetified-annotation-experimental-1.4.0-api.jar with ClasspathEntrySnapshotTransform
Transforming jetified-savedstate-1.2.1-api.jar with ClasspathEntrySnapshotTransform
Transforming jetified-savedstate-ktx-1.2.1-api.jar with ClasspathEntrySnapshotTransform
Transforming jetified-ui-util-release-api.jar with ClasspathEntrySnapshotTransform
Transforming jetified-ui-unit-release-api.jar with ClasspathEntrySnapshotTransform
Transforming jetified-ui-text-release-api.jar with ClasspathEntrySnapshotTransform
Transforming jetified-ui-graphics-release-api.jar with ClasspathEntrySnapshotTransform
Transforming jetified-foundation-layout-release-api.jar with ClasspathEntrySnapshotTransform
Transforming jetified-material-icons-core-release-api.jar with ClasspathEntrySnapshotTransform
Transforming jetified-material-ripple-release-api.jar with ClasspathEntrySnapshotTransform
Transforming jetified-foundation-release-api.jar with ClasspathEntrySnapshotTransform
Transforming jetified-animation-core-release-api.jar with ClasspathEntrySnapshotTransform
Transforming jetified-animation-release-api.jar with ClasspathEntrySnapshotTransform
Transforming jetified-ui-geometry-release-api.jar with ClasspathEntrySnapshotTransform
Transforming jetified-ui-tooling-preview-release-api.jar with ClasspathEntrySnapshotTransform
Transforming jetified-ui-release-api.jar with ClasspathEntrySnapshotTransform
Transforming jetified-runtime-release-api.jar with ClasspathEntrySnapshotTransform
Transforming jetified-runtime-saveable-release-api.jar with ClasspathEntrySnapshotTransform
Transforming core-common-2.2.0.jar with ClasspathEntrySnapshotTransform
Transforming versionedparcelable-1.1.1-api.jar with ClasspathEntrySnapshotTransform
Transforming jetified-collection-jvm-1.4.0.jar with ClasspathEntrySnapshotTransform
Transforming jetified-annotation-jvm-1.7.0.jar with ClasspathEntrySnapshotTransform
Transforming jetified-kotlinx-coroutines-core-jvm-1.7.1.jar with ClasspathEntrySnapshotTransform
Transforming jetified-kotlinx-coroutines-android-1.7.1.jar with ClasspathEntrySnapshotTransform
Transforming jetified-kotlin-stdlib-jdk8-1.9.25.jar with ClasspathEntrySnapshotTransform
Transforming jetified-kotlin-stdlib-jdk7-1.9.25.jar with ClasspathEntrySnapshotTransform
Transforming jetified-kotlin-stdlib-1.9.25.jar with ClasspathEntrySnapshotTransform
Transforming jetified-annotations-23.0.0.jar with ClasspathEntrySnapshotTransform
Transforming android.jar with ClasspathEntrySnapshotTransform
Transforming core-lambda-stubs.jar with ClasspathEntrySnapshotTransform
Build cache key for task ':android:feature-onboarding:compileDebugKotlin' is 0e651e0fbb91862ec59d83620f530707
Skipping task ':android:feature-onboarding:compileDebugKotlin' as it is up-to-date.
Resolve mutations for :android:feature-onboarding:javaPreCompileDebug (Thread[Execution worker Thread 6,5,main]) started.
:android:feature-onboarding:javaPreCompileDebug (Thread[Execution worker Thread 6,5,main]) started.

> Task :android:core-analytics:kspDebugKotlin UP-TO-DATE
file or directory 'C:\Users\xmeta\projects\Mr.Comic\android\core-analytics\src\debug\kotlin', not found
file or directory 'C:\Users\xmeta\projects\Mr.Comic\android\core-analytics\src\debug\java', not found
file or directory 'C:\Users\xmeta\projects\Mr.Comic\android\core-analytics\src\main\kotlin', not found
file or directory 'C:\Users\xmeta\projects\Mr.Comic\android\core-analytics\src\debug\java', not found
Transforming appcompat-1.6.1.aar (androidx.appcompat:appcompat:1.6.1) with JetifyTransform
Transforming hilt-android-2.51.1.aar (com.google.dagger:hilt-android:2.51.1) with JetifyTransform
Transforming appcompat-1.6.1.aar (androidx.appcompat:appcompat:1.6.1) with AarToClassTransform
Transforming hilt-android-2.51.1.aar (com.google.dagger:hilt-android:2.51.1) with AarToClassTransform
Transforming kotlin-stdlib-1.9.25.jar (org.jetbrains.kotlin:kotlin-stdlib:1.9.25) with JetifyTransform
Transforming dagger-2.51.1.jar (com.google.dagger:dagger:2.51.1) with JetifyTransform
Transforming javax.inject-1.jar (javax.inject:javax.inject:1) with JetifyTransform
Transforming jsr305-3.0.2.jar (com.google.code.findbugs:jsr305:3.0.2) with JetifyTransform
Transforming appcompat-resources-1.6.1.aar (androidx.appcompat:appcompat-resources:1.6.1) with JetifyTransform
Transforming vectordrawable-animated-1.1.0.aar (androidx.vectordrawable:vectordrawable-animated:1.1.0) with JetifyTransform
Transforming drawerlayout-1.0.0.aar (androidx.drawerlayout:drawerlayout:1.0.0) with JetifyTransform
Transforming appcompat-resources-1.6.1.aar (androidx.appcompat:appcompat-resources:1.6.1) with AarToClassTransform
Transforming drawerlayout-1.0.0.aar (androidx.drawerlayout:drawerlayout:1.0.0) with AarToClassTransform
Transforming vectordrawable-animated-1.1.0.aar (androidx.vectordrawable:vectordrawable-animated:1.1.0) with AarToClassTransform
Transforming viewpager-1.0.0.aar (androidx.viewpager:viewpager:1.0.0) with JetifyTransform
Transforming vectordrawable-1.1.0.aar (androidx.vectordrawable:vectordrawable:1.1.0) with JetifyTransform
Transforming savedstate-1.2.0.aar (androidx.savedstate:savedstate:1.2.0) with JetifyTransform
Transforming customview-1.0.0.aar (androidx.customview:customview:1.0.0) with JetifyTransform
Transforming core-ktx-1.9.0.aar (androidx.core:core-ktx:1.9.0) with JetifyTransform
Transforming customview-1.0.0.aar (androidx.customview:customview:1.0.0) with JetifyTransform
Transforming viewpager-1.0.0.aar (androidx.viewpager:viewpager:1.0.0) with AarToClassTransform
Transforming vectordrawable-1.1.0.aar (androidx.vectordrawable:vectordrawable:1.1.0) with AarToClassTransform
Transforming savedstate-1.2.0.aar (androidx.savedstate:savedstate:1.2.0) with AarToClassTransform
Transforming customview-1.0.0.aar (androidx.customview:customview:1.0.0) with AarToClassTransform
Transforming core-ktx-1.9.0.aar (androidx.core:core-ktx:1.9.0) with AarToClassTransform
Transforming customview-1.0.0.aar (androidx.customview:customview:1.0.0) with AarToClassTransform
Transforming loader-1.0.0.aar (androidx.loader:loader:1.0.0) with JetifyTransform
Transforming core-1.9.0.aar (androidx.core:core:1.9.0) with JetifyTransform
Transforming lifecycle-viewmodel-savedstate-2.5.1.aar (androidx.lifecycle:lifecycle-viewmodel-savedstate:2.5.1) with JetifyTransform
Transforming core-1.9.0.aar (androidx.core:core:1.9.0) with JetifyTransform
Transforming core-1.9.0.aar (androidx.core:core:1.9.0) with JetifyTransform
Transforming core-1.9.0.aar (androidx.core:core:1.9.0) with JetifyTransform
Transforming core-1.9.0.aar (androidx.core:core:1.9.0) with AarToClassTransform
Transforming loader-1.0.0.aar (androidx.loader:loader:1.0.0) with AarToClassTransform
Transforming core-1.9.0.aar (androidx.core:core:1.9.0) with AarToClassTransform
Transforming core-1.9.0.aar (androidx.core:core:1.9.0) with AarToClassTransform
Transforming core-1.9.0.aar (androidx.core:core:1.9.0) with AarToClassTransform
Transforming core-1.9.0.aar (androidx.core:core:1.9.0) with JetifyTransform
Transforming core-1.9.0.aar (androidx.core:core:1.9.0) with AarToClassTransform
Transforming kotlinx-coroutines-core-jvm-1.8.0.jar (org.jetbrains.kotlinx:kotlinx-coroutines-core-jvm:1.8.0) with JetifyTransform
Transforming core-1.9.0.aar (androidx.core:core:1.9.0) with JetifyTransform
Transforming lifecycle-viewmodel-savedstate-2.5.1.aar (androidx.lifecycle:lifecycle-viewmodel-savedstate:2.5.1) with AarToClassTransform
Transforming core-1.9.0.aar (androidx.core:core:1.9.0) with AarToClassTransform
Transforming annotations-23.0.0.jar (org.jetbrains:annotations:23.0.0) with JetifyTransform
Transforming kotlin-stdlib-1.9.25.jar (org.jetbrains.kotlin:kotlin-stdlib:1.9.25) with IdentityTransform
Transforming annotations-23.0.0.jar (org.jetbrains:annotations:23.0.0) with IdentityTransform
Transforming kotlinx-coroutines-android-1.8.0.jar (org.jetbrains.kotlinx:kotlinx-coroutines-android:1.8.0) with JetifyTransform
Transforming annotation-experimental-1.3.1.aar (androidx.annotation:annotation-experimental:1.3.1) with JetifyTransform
Transforming lifecycle-livedata-2.0.0.aar (androidx.lifecycle:lifecycle-livedata:2.0.0) with JetifyTransform
Transforming kotlinx-coroutines-core-jvm-1.8.0.jar (org.jetbrains.kotlinx:kotlinx-coroutines-core-jvm:1.8.0) with IdentityTransform
Transforming cursoradapter-1.0.0.aar (androidx.cursoradapter:cursoradapter:1.0.0) with JetifyTransform
Transforming kotlinx-coroutines-android-1.8.0.jar (org.jetbrains.kotlinx:kotlinx-coroutines-android:1.8.0) with IdentityTransform
Transforming annotation-experimental-1.3.1.aar (androidx.annotation:annotation-experimental:1.3.1) with AarToClassTransform
Transforming lifecycle-viewmodel-2.5.1.aar (androidx.lifecycle:lifecycle-viewmodel:2.5.1) with JetifyTransform
Transforming lifecycle-viewmodel-2.5.1.aar (androidx.lifecycle:lifecycle-viewmodel:2.5.1) with JetifyTransform
Transforming lifecycle-runtime-2.5.1.aar (androidx.lifecycle:lifecycle-runtime:2.5.1) with JetifyTransform
Transforming lifecycle-livedata-2.0.0.aar (androidx.lifecycle:lifecycle-livedata:2.0.0) with AarToClassTransform
Transforming fragment-1.5.1.aar (androidx.fragment:fragment:1.5.1) with JetifyTransform
Transforming lifecycle-livedata-core-2.5.1.aar (androidx.lifecycle:lifecycle-livedata-core:2.5.1) with JetifyTransform
Transforming lifecycle-livedata-core-2.5.1.aar (androidx.lifecycle:lifecycle-livedata-core:2.5.1) with JetifyTransform
Transforming cursoradapter-1.0.0.aar (androidx.cursoradapter:cursoradapter:1.0.0) with AarToClassTransform
Transforming versionedparcelable-1.1.1.aar (androidx.versionedparcelable:versionedparcelable:1.1.1) with JetifyTransform
Transforming versionedparcelable-1.1.1.aar (androidx.versionedparcelable:versionedparcelable:1.1.1) with AarToClassTransform
Transforming lifecycle-common-2.5.1.jar (androidx.lifecycle:lifecycle-common:2.5.1) with JetifyTransform
Transforming collection-1.1.0.jar (androidx.collection:collection:1.1.0) with JetifyTransform
Transforming lifecycle-viewmodel-2.5.1.aar (androidx.lifecycle:lifecycle-viewmodel:2.5.1) with AarToClassTransform
Transforming lifecycle-viewmodel-2.5.1.aar (androidx.lifecycle:lifecycle-viewmodel:2.5.1) with AarToClassTransform
Transforming lifecycle-runtime-2.5.1.aar (androidx.lifecycle:lifecycle-runtime:2.5.1) with AarToClassTransform
Transforming fragment-1.5.1.aar (androidx.fragment:fragment:1.5.1) with AarToClassTransform
Transforming lifecycle-livedata-core-2.5.1.aar (androidx.lifecycle:lifecycle-livedata-core:2.5.1) with AarToClassTransform
Transforming lifecycle-livedata-core-2.5.1.aar (androidx.lifecycle:lifecycle-livedata-core:2.5.1) with AarToClassTransform
Transforming core-runtime-2.1.0.aar (androidx.arch.core:core-runtime:2.1.0) with JetifyTransform
Transforming core-common-2.1.0.jar (androidx.arch.core:core-common:2.1.0) with JetifyTransform
Transforming interpolator-1.0.0.aar (androidx.interpolator:interpolator:1.0.0) with JetifyTransform
Transforming collection-1.1.0.jar (androidx.collection:collection:1.1.0) with IdentityTransform
Transforming lifecycle-common-2.5.1.jar (androidx.lifecycle:lifecycle-common:2.5.1) with IdentityTransform
Transforming annotation-1.3.0.jar (androidx.annotation:annotation:1.3.0) with JetifyTransform
Transforming hilt-core-2.51.1.jar (com.google.dagger:hilt-core:2.51.1) with JetifyTransform
Transforming dagger-lint-aar-2.51.1.aar (com.google.dagger:dagger-lint-aar:2.51.1) with JetifyTransform
Transforming vectordrawable-1.1.0.aar (androidx.vectordrawable:vectordrawable:1.1.0) with JetifyTransform
Transforming core-runtime-2.1.0.aar (androidx.arch.core:core-runtime:2.1.0) with AarToClassTransform
Transforming vectordrawable-1.1.0.aar (androidx.vectordrawable:vectordrawable:1.1.0) with AarToClassTransform
Transforming core-common-2.1.0.jar (androidx.arch.core:core-common:2.1.0) with IdentityTransform
Transforming activity-1.6.0.aar (androidx.activity:activity:1.6.0) with JetifyTransform
Transforming dagger-2.51.1.jar (com.google.dagger:dagger:2.51.1) with IdentityTransform
Transforming jsr305-3.0.2.jar (com.google.code.findbugs:jsr305:3.0.2) with IdentityTransform
Transforming annotation-1.3.0.jar (androidx.annotation:annotation:1.3.0) with IdentityTransform
Transforming javax.inject-1.jar (javax.inject:javax.inject:1) with IdentityTransform
Transforming dagger-lint-aar-2.51.1.aar (com.google.dagger:dagger-lint-aar:2.51.1) with AarToClassTransform
Transforming activity-1.6.0.aar (androidx.activity:activity:1.6.0) with AarToClassTransform
Transforming interpolator-1.0.0.aar (androidx.interpolator:interpolator:1.0.0) with AarToClassTransform
Transforming hilt-core-2.51.1.jar (com.google.dagger:hilt-core:2.51.1) with IdentityTransform
Transforming R.jar with ClasspathEntrySnapshotTransform
Transforming appcompat-1.6.1-api.jar with ClasspathEntrySnapshotTransform
Transforming jetified-hilt-android-2.51.1-api.jar with ClasspathEntrySnapshotTransform
Transforming fragment-1.5.1-api.jar with ClasspathEntrySnapshotTransform
Transforming jetified-activity-1.6.0-api.jar with ClasspathEntrySnapshotTransform
Transforming jetified-lifecycle-viewmodel-savedstate-2.5.1-api.jar with ClasspathEntrySnapshotTransform
Transforming jetified-core-ktx-1.9.0-api.jar with ClasspathEntrySnapshotTransform
Transforming jetified-kotlinx-coroutines-core-jvm-1.8.0.jar with ClasspathEntrySnapshotTransform
Transforming jetified-kotlinx-coroutines-android-1.8.0.jar with ClasspathEntrySnapshotTransform
Transforming jetified-savedstate-1.2.0-api.jar with ClasspathEntrySnapshotTransform
Transforming jetified-appcompat-resources-1.6.1-api.jar with ClasspathEntrySnapshotTransform
Transforming drawerlayout-1.0.0-api.jar with ClasspathEntrySnapshotTransform
Transforming vectordrawable-animated-1.1.0-api.jar with ClasspathEntrySnapshotTransform
Transforming vectordrawable-1.1.0-api.jar with ClasspathEntrySnapshotTransform
Transforming viewpager-1.0.0-api.jar with ClasspathEntrySnapshotTransform
Transforming customview-1.0.0-api.jar with ClasspathEntrySnapshotTransform
Transforming loader-1.0.0-api.jar with ClasspathEntrySnapshotTransform
Transforming core-1.9.0-api.jar with ClasspathEntrySnapshotTransform
Transforming jetified-annotation-experimental-1.3.1-api.jar with ClasspathEntrySnapshotTransform
Transforming lifecycle-viewmodel-2.5.1-api.jar with ClasspathEntrySnapshotTransform
Transforming jetified-kotlin-stdlib-1.9.25.jar with ClasspathEntrySnapshotTransform
Transforming jetified-annotations-23.0.0.jar with ClasspathEntrySnapshotTransform
Transforming cursoradapter-1.0.0-api.jar with ClasspathEntrySnapshotTransform
Transforming lifecycle-runtime-2.5.1-api.jar with ClasspathEntrySnapshotTransform
Transforming lifecycle-livedata-2.0.0-api.jar with ClasspathEntrySnapshotTransform
Transforming lifecycle-livedata-core-2.5.1-api.jar with ClasspathEntrySnapshotTransform
Transforming lifecycle-common-2.5.1.jar with ClasspathEntrySnapshotTransform
Transforming versionedparcelable-1.1.1-api.jar with ClasspathEntrySnapshotTransform
Transforming collection-1.1.0.jar with ClasspathEntrySnapshotTransform
Transforming core-runtime-2.1.0-api.jar with ClasspathEntrySnapshotTransform
Transforming core-common-2.1.0.jar with ClasspathEntrySnapshotTransform
Transforming interpolator-1.0.0-api.jar with ClasspathEntrySnapshotTransform
Transforming annotation-1.3.0.jar with ClasspathEntrySnapshotTransform
Transforming jetified-hilt-core-2.51.1.jar with ClasspathEntrySnapshotTransform
Transforming jetified-dagger-2.51.1.jar with ClasspathEntrySnapshotTransform
Transforming jetified-javax.inject-1.jar with ClasspathEntrySnapshotTransform
Transforming jetified-dagger-lint-aar-2.51.1-api.jar with ClasspathEntrySnapshotTransform
Transforming jetified-jsr305-3.0.2.jar with ClasspathEntrySnapshotTransform
Transforming android.jar with ClasspathEntrySnapshotTransform
Transforming core-lambda-stubs.jar with ClasspathEntrySnapshotTransform
file or directory 'C:\Users\xmeta\projects\Mr.Comic\android\core-analytics\src\debug\kotlin', not found
file or directory 'C:\Users\xmeta\projects\Mr.Comic\android\core-analytics\src\debug\java', not found
file or directory 'C:\Users\xmeta\projects\Mr.Comic\android\core-analytics\src\main\kotlin', not found
file or directory 'C:\Users\xmeta\projects\Mr.Comic\android\core-analytics\src\debug\java', not found
Build cache key for task ':android:core-analytics:kspDebugKotlin' is 0c6a2bb702ea5cd6548f7988ad82b065
Skipping task ':android:core-analytics:kspDebugKotlin' as it is up-to-date.
Resolve mutations for :android:core-analytics:compileDebugKotlin (Thread[Execution worker Thread 11,5,main]) started.

> Task :android:feature-onboarding:javaPreCompileDebug UP-TO-DATE
Build cache key for task ':android:feature-onboarding:javaPreCompileDebug' is 0b9d9456b73ab9b9a4200cec6cc72820
Skipping task ':android:feature-onboarding:javaPreCompileDebug' as it is up-to-date.
:android:core-analytics:compileDebugKotlin (Thread[Execution worker Thread 11,5,main]) started.
Resolve mutations for :android:feature-onboarding:compileDebugJavaWithJavac (Thread[Execution worker Thread 9,5,main]) started.
:android:feature-onboarding:compileDebugJavaWithJavac (Thread[Execution worker Thread 9,5,main]) started.

> Task :android:feature-onboarding:compileDebugJavaWithJavac NO-SOURCE
Skipping task ':android:feature-onboarding:compileDebugJavaWithJavac' as it has no source files and no previous output files.
Resolve mutations for :android:feature-onboarding:bundleLibCompileToJarDebug (Thread[Execution worker Thread 9,5,main]) started.
:android:feature-onboarding:bundleLibCompileToJarDebug (Thread[Execution worker Thread 9,5,main]) started.

> Task :android:feature-onboarding:bundleLibCompileToJarDebug UP-TO-DATE
Caching disabled for task ':android:feature-onboarding:bundleLibCompileToJarDebug' because:
  Simple merging task
Skipping task ':android:feature-onboarding:bundleLibCompileToJarDebug' as it is up-to-date.
work action resolve classes.jar (project :android:feature-onboarding) (Thread[Execution worker Thread 9,5,main]) started.
Resolve mutations for :android:feature-onboarding:mergeDebugShaders (Thread[Execution worker Thread 9,5,main]) started.
:android:feature-onboarding:mergeDebugShaders (Thread[Execution worker Thread 9,5,main]) started.

> Task :android:feature-onboarding:mergeDebugShaders UP-TO-DATE
Caching disabled for task ':android:feature-onboarding:mergeDebugShaders' because:
  Simple merging task
Skipping task ':android:feature-onboarding:mergeDebugShaders' as it is up-to-date.
Resolve mutations for :android:feature-onboarding:compileDebugShaders (Thread[Execution worker Thread 9,5,main]) started.
:android:feature-onboarding:compileDebugShaders (Thread[Execution worker Thread 9,5,main]) started.

> Task :android:feature-onboarding:compileDebugShaders NO-SOURCE
Skipping task ':android:feature-onboarding:compileDebugShaders' as it has no source files and no previous output files.
Resolve mutations for :android:feature-onboarding:generateDebugAssets (Thread[Execution worker Thread 9,5,main]) started.
:android:feature-onboarding:generateDebugAssets (Thread[Execution worker Thread 9,5,main]) started.

> Task :android:feature-onboarding:generateDebugAssets UP-TO-DATE
Skipping task ':android:feature-onboarding:generateDebugAssets' as it has no actions.
Resolve mutations for :android:feature-onboarding:packageDebugAssets (Thread[Execution worker Thread 9,5,main]) started.
:android:feature-onboarding:packageDebugAssets (Thread[Execution worker Thread 9,5,main]) started.

> Task :android:feature-onboarding:packageDebugAssets UP-TO-DATE
Caching disabled for task ':android:feature-onboarding:packageDebugAssets' because:
  Simple merging task
Skipping task ':android:feature-onboarding:packageDebugAssets' as it is up-to-date.
work action resolve out (project :android:feature-onboarding) (Thread[Execution worker Thread 9,5,main]) started.
Resolve mutations for :android:feature-onboarding:bundleLibRuntimeToJarDebug (Thread[Execution worker Thread 9,5,main]) started.
:android:feature-onboarding:bundleLibRuntimeToJarDebug (Thread[Execution worker Thread 9,5,main]) started.

> Task :android:feature-onboarding:bundleLibRuntimeToJarDebug UP-TO-DATE
Caching disabled for task ':android:feature-onboarding:bundleLibRuntimeToJarDebug' because:
  Simple merging task
Skipping task ':android:feature-onboarding:bundleLibRuntimeToJarDebug' as it is up-to-date.
work action resolve classes.jar (project :android:feature-onboarding) (Thread[Execution worker Thread 9,5,main]) started.
IdentityTransform (Thread[Execution worker Thread 9,5,main]) started.
Resolve mutations for :android:feature-onboarding:processDebugJavaRes (Thread[Execution worker Thread 5,5,main]) started.
:android:feature-onboarding:processDebugJavaRes (Thread[Execution worker Thread 5,5,main]) started.

> Transform classes.jar (project :android:feature-onboarding) with IdentityTransform
Transforming classes.jar (project :android:feature-onboarding) with IdentityTransform
DexingNoClasspathTransform (Thread[Execution worker Thread 9,5,main]) started.
CopyTransform (Thread[included builds,5,main]) started.

> Task :android:feature-onboarding:processDebugJavaRes UP-TO-DATE
file or directory 'C:\Users\xmeta\projects\Mr.Comic\android\feature-onboarding\src\main\resources', not found
file or directory 'C:\Users\xmeta\projects\Mr.Comic\android\feature-onboarding\src\debug\resources', not found
file or directory 'C:\Users\xmeta\projects\Mr.Comic\android\feature-onboarding\src\main\resources', not found
file or directory 'C:\Users\xmeta\projects\Mr.Comic\android\feature-onboarding\src\debug\resources', not found
Caching disabled for task ':android:feature-onboarding:processDebugJavaRes' because:
  Caching has been disabled for the task
Skipping task ':android:feature-onboarding:processDebugJavaRes' as it is up-to-date.
work action resolve out (project :android:feature-onboarding) (Thread[Execution worker Thread 5,5,main]) started.
Resolve mutations for :android:feature-onboarding:bundleLibRuntimeToDirDebug (Thread[Execution worker Thread 5,5,main]) started.
:android:feature-onboarding:bundleLibRuntimeToDirDebug (Thread[Execution worker Thread 5,5,main]) started.

> Transform classes.jar (project :android:feature-onboarding) with CopyTransform
Transforming classes.jar (project :android:feature-onboarding) with CopyTransform
AggregatedPackagesTransform (Thread[included builds,5,main]) started.

> Transform classes.jar (project :android:feature-onboarding) with AggregatedPackagesTransform
Transforming classes.jar (project :android:feature-onboarding) with AggregatedPackagesTransform

> Task :android:feature-onboarding:bundleLibRuntimeToDirDebug UP-TO-DATE
Caching disabled for task ':android:feature-onboarding:bundleLibRuntimeToDirDebug' because:
  Simple merging task
Skipping task ':android:feature-onboarding:bundleLibRuntimeToDirDebug' as it is up-to-date.
work action resolve bundleLibRuntimeToDirDebug (project :android:feature-onboarding) (Thread[Execution worker Thread 5,5,main]) started.
ClassesDirToClassesTransform (Thread[Execution worker Thread 5,5,main]) started.
Resolve mutations for :android:feature-onboarding:mergeDebugJniLibFolders (Thread[Execution worker Thread 4,5,main]) started.
:android:feature-onboarding:mergeDebugJniLibFolders (Thread[Execution worker Thread 4,5,main]) started.

> Task :android:feature-onboarding:mergeDebugJniLibFolders UP-TO-DATE
Caching disabled for task ':android:feature-onboarding:mergeDebugJniLibFolders' because:
  Simple merging task
Skipping task ':android:feature-onboarding:mergeDebugJniLibFolders' as it is up-to-date.
Resolve mutations for :android:feature-onboarding:mergeDebugNativeLibs (Thread[Execution worker Thread 4,5,main]) started.
:android:feature-onboarding:mergeDebugNativeLibs (Thread[Execution worker Thread 4,5,main]) started.

> Transform bundleLibRuntimeToDirDebug (project :android:feature-onboarding) with ClassesDirToClassesTransform
Transforming bundleLibRuntimeToDirDebug (project :android:feature-onboarding) with ClassesDirToClassesTransform

> Transform classes.jar (project :android:feature-onboarding) with DexingNoClasspathTransform
Transforming classes.jar (project :android:feature-onboarding) with DexingNoClasspathTransform
Build cache key for DexingNoClasspathTransform: C:\Users\xmeta\projects\Mr.Comic\android\feature-onboarding\build\intermediates\runtime_library_classes_jar\debug\bundleLibRuntimeToJarDebug\classes.jar is a71eb3b929299a88d51792182587346a
Skipping DexingNoClasspathTransform: C:\Users\xmeta\projects\Mr.Comic\android\feature-onboarding\build\intermediates\runtime_library_classes_jar\debug\bundleLibRuntimeToJarDebug\classes.jar as it is up-to-date.
DexingNoClasspathTransform (Thread[Execution worker Thread 10,5,main]) started.
DexingOutputSplitTransform (Thread[Execution worker Thread 9,5,main]) started.

> Task :android:feature-onboarding:mergeDebugNativeLibs NO-SOURCE
Skipping task ':android:feature-onboarding:mergeDebugNativeLibs' as it has no source files and no previous output files.
Resolve mutations for :android:feature-onboarding:copyDebugJniLibsProjectOnly (Thread[Execution worker Thread 4,5,main]) started.
:android:feature-onboarding:copyDebugJniLibsProjectOnly (Thread[Execution worker Thread 4,5,main]) started.

> Task :android:core-model:compileDebugKotlin UP-TO-DATE
Transforming R.jar with ClasspathEntrySnapshotTransform
Transforming jetified-kotlin-parcelize-runtime-1.9.25.jar with ClasspathEntrySnapshotTransform
Transforming jetified-core-ktx-1.12.0-api.jar with ClasspathEntrySnapshotTransform
Transforming jetified-room-common-jvm-2.7.2.jar with ClasspathEntrySnapshotTransform
Transforming jetified-room-runtime-release-api.jar with ClasspathEntrySnapshotTransform
Transforming jetified-room-ktx-2.7.2-api.jar with ClasspathEntrySnapshotTransform
Transforming jetified-kotlin-android-extensions-runtime-1.9.25.jar with ClasspathEntrySnapshotTransform
Transforming core-1.12.0-api.jar with ClasspathEntrySnapshotTransform
Transforming lifecycle-runtime-2.3.1-api.jar with ClasspathEntrySnapshotTransform
Transforming versionedparcelable-1.1.1-api.jar with ClasspathEntrySnapshotTransform
Transforming lifecycle-common-2.3.1.jar with ClasspathEntrySnapshotTransform
Transforming core-common-2.2.0.jar with ClasspathEntrySnapshotTransform
Transforming jetified-collection-jvm-1.4.2.jar with ClasspathEntrySnapshotTransform
Transforming jetified-sqlite-framework-release-api.jar with ClasspathEntrySnapshotTransform
Transforming jetified-sqlite-release-api.jar with ClasspathEntrySnapshotTransform
Transforming jetified-annotation-jvm-1.9.1.jar with ClasspathEntrySnapshotTransform
Transforming jetified-annotation-experimental-1.4.1-api.jar with ClasspathEntrySnapshotTransform
Transforming jetified-kotlinx-coroutines-core-jvm-1.7.3.jar with ClasspathEntrySnapshotTransform
Transforming jetified-kotlinx-coroutines-android-1.7.3.jar with ClasspathEntrySnapshotTransform
Transforming jetified-kotlin-stdlib-jdk8-1.9.25.jar with ClasspathEntrySnapshotTransform
Transforming jetified-kotlin-stdlib-jdk7-1.9.25.jar with ClasspathEntrySnapshotTransform
Transforming jetified-kotlin-stdlib-1.9.25.jar with ClasspathEntrySnapshotTransform
Transforming jetified-annotations-23.0.0.jar with ClasspathEntrySnapshotTransform
Transforming jetified-jspecify-1.0.0.jar with ClasspathEntrySnapshotTransform
Transforming android.jar with ClasspathEntrySnapshotTransform
Transforming core-lambda-stubs.jar with ClasspathEntrySnapshotTransform
Build cache key for task ':android:core-model:compileDebugKotlin' is 72fddf1df116a7502aa5bc1db95029d1
Skipping task ':android:core-model:compileDebugKotlin' as it is up-to-date.
Resolve mutations for :android:core-model:javaPreCompileDebug (Thread[Execution worker Thread 3,5,main]) started.

> Transform classes.jar (project :android:feature-onboarding) with DexingOutputSplitTransform
Transforming classes.jar (project :android:feature-onboarding) with DexingOutputSplitTransform

> Task :android:feature-onboarding:copyDebugJniLibsProjectOnly UP-TO-DATE
Caching disabled for task ':android:feature-onboarding:copyDebugJniLibsProjectOnly' because:
  Caching has been disabled for the task
Skipping task ':android:feature-onboarding:copyDebugJniLibsProjectOnly' as it is up-to-date.
:android:core-model:javaPreCompileDebug (Thread[Execution worker Thread 8,5,main]) started.
work action resolve jni (project :android:feature-onboarding) (Thread[Execution worker Thread 4,5,main]) started.

> Transform bundleLibRuntimeToDirDebug (project :android:feature-onboarding) with DexingNoClasspathTransform
Transforming bundleLibRuntimeToDirDebug (project :android:feature-onboarding) with DexingNoClasspathTransform
Build cache key for DexingNoClasspathTransform: C:\Users\xmeta\projects\Mr.Comic\android\feature-onboarding\build\intermediates\runtime_library_classes_dir\debug\bundleLibRuntimeToDirDebug is 202635271adbaabbdee739d0fef65fa7
Skipping DexingNoClasspathTransform: C:\Users\xmeta\projects\Mr.Comic\android\feature-onboarding\build\intermediates\runtime_library_classes_dir\debug\bundleLibRuntimeToDirDebug as it is up-to-date.
DexingOutputSplitTransform (Thread[Execution worker Thread 10,5,main]) started.

> Transform bundleLibRuntimeToDirDebug (project :android:feature-onboarding) with DexingOutputSplitTransform
Transforming bundleLibRuntimeToDirDebug (project :android:feature-onboarding) with DexingOutputSplitTransform

> Task :android:core-model:javaPreCompileDebug UP-TO-DATE
Build cache key for task ':android:core-model:javaPreCompileDebug' is e57738e0af719a231beac3e99259328c
Skipping task ':android:core-model:javaPreCompileDebug' as it is up-to-date.
Resolve mutations for :android:core-model:compileDebugJavaWithJavac (Thread[Execution worker Thread 8,5,main]) started.
:android:core-model:compileDebugJavaWithJavac (Thread[Execution worker Thread 10,5,main]) started.

> Task :android:core-model:compileDebugJavaWithJavac NO-SOURCE
Skipping task ':android:core-model:compileDebugJavaWithJavac' as it has no source files and no previous output files.
Resolve mutations for :android:core-model:bundleLibCompileToJarDebug (Thread[Execution worker Thread 10,5,main]) started.

> Task :android:core-analytics:compileDebugKotlin UP-TO-DATE
Transforming R.jar with ClasspathEntrySnapshotTransform
Transforming appcompat-1.6.1-api.jar with ClasspathEntrySnapshotTransform
Transforming jetified-hilt-android-2.51.1-api.jar with ClasspathEntrySnapshotTransform
Transforming fragment-1.5.1-api.jar with ClasspathEntrySnapshotTransform
Transforming jetified-activity-1.6.0-api.jar with ClasspathEntrySnapshotTransform
Transforming jetified-lifecycle-viewmodel-savedstate-2.5.1-api.jar with ClasspathEntrySnapshotTransform
Transforming jetified-core-ktx-1.9.0-api.jar with ClasspathEntrySnapshotTransform
Transforming jetified-kotlinx-coroutines-core-jvm-1.8.0.jar with ClasspathEntrySnapshotTransform
Transforming jetified-kotlinx-coroutines-android-1.8.0.jar with ClasspathEntrySnapshotTransform
Transforming jetified-savedstate-1.2.0-api.jar with ClasspathEntrySnapshotTransform
Transforming jetified-appcompat-resources-1.6.1-api.jar with ClasspathEntrySnapshotTransform
Transforming drawerlayout-1.0.0-api.jar with ClasspathEntrySnapshotTransform
Transforming vectordrawable-animated-1.1.0-api.jar with ClasspathEntrySnapshotTransform
Transforming vectordrawable-1.1.0-api.jar with ClasspathEntrySnapshotTransform
Transforming viewpager-1.0.0-api.jar with ClasspathEntrySnapshotTransform
Transforming customview-1.0.0-api.jar with ClasspathEntrySnapshotTransform
Transforming loader-1.0.0-api.jar with ClasspathEntrySnapshotTransform
Transforming core-1.9.0-api.jar with ClasspathEntrySnapshotTransform
Transforming jetified-annotation-experimental-1.3.1-api.jar with ClasspathEntrySnapshotTransform
Transforming lifecycle-viewmodel-2.5.1-api.jar with ClasspathEntrySnapshotTransform
Transforming jetified-kotlin-stdlib-1.9.25.jar with ClasspathEntrySnapshotTransform
Transforming jetified-annotations-23.0.0.jar with ClasspathEntrySnapshotTransform
Transforming cursoradapter-1.0.0-api.jar with ClasspathEntrySnapshotTransform
Transforming lifecycle-runtime-2.5.1-api.jar with ClasspathEntrySnapshotTransform
Transforming lifecycle-livedata-2.0.0-api.jar with ClasspathEntrySnapshotTransform
Transforming lifecycle-livedata-core-2.5.1-api.jar with ClasspathEntrySnapshotTransform
Transforming lifecycle-common-2.5.1.jar with ClasspathEntrySnapshotTransform
Transforming versionedparcelable-1.1.1-api.jar with ClasspathEntrySnapshotTransform
Transforming collection-1.1.0.jar with ClasspathEntrySnapshotTransform
Transforming core-runtime-2.1.0-api.jar with ClasspathEntrySnapshotTransform
Transforming core-common-2.1.0.jar with ClasspathEntrySnapshotTransform
Transforming interpolator-1.0.0-api.jar with ClasspathEntrySnapshotTransform
Transforming annotation-1.3.0.jar with ClasspathEntrySnapshotTransform
Transforming jetified-hilt-core-2.51.1.jar with ClasspathEntrySnapshotTransform
Transforming jetified-dagger-2.51.1.jar with ClasspathEntrySnapshotTransform
Transforming jetified-javax.inject-1.jar with ClasspathEntrySnapshotTransform
Transforming jetified-dagger-lint-aar-2.51.1-api.jar with ClasspathEntrySnapshotTransform
Transforming jetified-jsr305-3.0.2.jar with ClasspathEntrySnapshotTransform
Transforming android.jar with ClasspathEntrySnapshotTransform
Transforming core-lambda-stubs.jar with ClasspathEntrySnapshotTransform
Build cache key for task ':android:core-analytics:compileDebugKotlin' is c62ff185b9c2e019269017bb11f20fdb
Skipping task ':android:core-analytics:compileDebugKotlin' as it is up-to-date.
:android:core-model:bundleLibCompileToJarDebug (Thread[Execution worker Thread 10,5,main]) started.
Resolve mutations for :android:core-analytics:javaPreCompileDebug (Thread[Execution worker Thread 11,5,main]) started.
:android:core-analytics:javaPreCompileDebug (Thread[Execution worker Thread 11,5,main]) started.

> Task :android:core-model:bundleLibCompileToJarDebug UP-TO-DATE
Caching disabled for task ':android:core-model:bundleLibCompileToJarDebug' because:
  Simple merging task
Skipping task ':android:core-model:bundleLibCompileToJarDebug' as it is up-to-date.
work action resolve classes.jar (project :android:core-model) (Thread[Execution worker Thread 10,5,main]) started.
Resolve mutations for :android:core-model:bundleLibRuntimeToJarDebug (Thread[Execution worker Thread 10,5,main]) started.
Resolve mutations for :android:core-reader:kspDebugKotlin (Thread[Execution worker Thread 8,5,main]) started.
:android:core-model:bundleLibRuntimeToJarDebug (Thread[Execution worker Thread 10,5,main]) started.
Resolve mutations for :android:core-ui:kspDebugKotlin (Thread[Execution worker Thread 7,5,main]) started.
Resolve mutations for :android:feature-translate:compileDebugKotlin (Thread[Execution worker Thread 3,5,main]) started.
:android:feature-translate:compileDebugKotlin (Thread[Execution worker Thread 3,5,main]) started.
:android:core-ui:kspDebugKotlin (Thread[Execution worker Thread 7,5,main]) started.
:android:core-reader:kspDebugKotlin (Thread[Execution worker Thread 8,5,main]) started.

> Task :android:core-model:bundleLibRuntimeToJarDebug UP-TO-DATE
Caching disabled for task ':android:core-model:bundleLibRuntimeToJarDebug' because:
  Simple merging task
Skipping task ':android:core-model:bundleLibRuntimeToJarDebug' as it is up-to-date.
work action resolve classes.jar (project :android:core-model) (Thread[Execution worker Thread 10,5,main]) started.
Resolve mutations for :android:core-model:mergeDebugShaders (Thread[Execution worker Thread 10,5,main]) started.
IdentityTransform (Thread[Execution worker Thread 9,5,main]) started.
:android:core-model:mergeDebugShaders (Thread[Execution worker Thread 10,5,main]) started.

> Transform classes.jar (project :android:core-model) with IdentityTransform
Transforming classes.jar (project :android:core-model) with IdentityTransform
DexingNoClasspathTransform (Thread[Execution worker,5,main]) started.

> Task :android:core-model:mergeDebugShaders UP-TO-DATE
Caching disabled for task ':android:core-model:mergeDebugShaders' because:
  Simple merging task
Skipping task ':android:core-model:mergeDebugShaders' as it is up-to-date.
Resolve mutations for :android:core-model:compileDebugShaders (Thread[Execution worker Thread 10,5,main]) started.
:android:core-model:compileDebugShaders (Thread[Execution worker Thread 10,5,main]) started.
CopyTransform (Thread[Execution worker Thread 9,5,main]) started.

> Task :android:core-analytics:javaPreCompileDebug UP-TO-DATE
Build cache key for task ':android:core-analytics:javaPreCompileDebug' is 816894bb293316a0b7b310ab1a5ceea0
Skipping task ':android:core-analytics:javaPreCompileDebug' as it is up-to-date.
Resolve mutations for :android:core-analytics:compileDebugJavaWithJavac (Thread[Execution worker Thread 11,5,main]) started.

> Transform classes.jar (project :android:core-model) with DexingNoClasspathTransform
Transforming classes.jar (project :android:core-model) with DexingNoClasspathTransform
Build cache key for DexingNoClasspathTransform: C:\Users\xmeta\projects\Mr.Comic\android\core-model\build\intermediates\runtime_library_classes_jar\debug\bundleLibRuntimeToJarDebug\classes.jar is 20771be337a51790e827257bbdf43534
Skipping DexingNoClasspathTransform: C:\Users\xmeta\projects\Mr.Comic\android\core-model\build\intermediates\runtime_library_classes_jar\debug\bundleLibRuntimeToJarDebug\classes.jar as it is up-to-date.
DexingOutputSplitTransform (Thread[Execution worker,5,main]) started.

> Transform classes.jar (project :android:core-model) with CopyTransform
Transforming classes.jar (project :android:core-model) with CopyTransform
AggregatedPackagesTransform (Thread[Execution worker Thread 9,5,main]) started.
:android:core-analytics:compileDebugJavaWithJavac (Thread[Execution worker Thread 11,5,main]) started.

> Task :android:core-model:compileDebugShaders NO-SOURCE
Skipping task ':android:core-model:compileDebugShaders' as it has no source files and no previous output files.
Resolve mutations for :android:core-model:generateDebugAssets (Thread[Execution worker Thread 10,5,main]) started.
:android:core-model:generateDebugAssets (Thread[Execution worker Thread 10,5,main]) started.

> Task :android:core-model:generateDebugAssets UP-TO-DATE
Skipping task ':android:core-model:generateDebugAssets' as it has no actions.
Resolve mutations for :android:core-model:packageDebugAssets (Thread[Execution worker Thread 10,5,main]) started.

> Transform classes.jar (project :android:core-model) with DexingOutputSplitTransform
Transforming classes.jar (project :android:core-model) with DexingOutputSplitTransform
:android:core-model:packageDebugAssets (Thread[Execution worker Thread 10,5,main]) started.

> Transform classes.jar (project :android:core-model) with AggregatedPackagesTransform
Transforming classes.jar (project :android:core-model) with AggregatedPackagesTransform

> Task :android:core-model:packageDebugAssets UP-TO-DATE
Caching disabled for task ':android:core-model:packageDebugAssets' because:
  Simple merging task
Skipping task ':android:core-model:packageDebugAssets' as it is up-to-date.
work action resolve out (project :android:core-model) (Thread[Execution worker Thread 10,5,main]) started.
Resolve mutations for :android:core-model:processDebugJavaRes (Thread[Execution worker Thread 10,5,main]) started.
:android:core-model:processDebugJavaRes (Thread[Execution worker Thread 10,5,main]) started.

> Task :android:core-model:processDebugJavaRes UP-TO-DATE
file or directory 'C:\Users\xmeta\projects\Mr.Comic\android\core-model\src\main\resources', not found
file or directory 'C:\Users\xmeta\projects\Mr.Comic\android\core-model\src\debug\resources', not found
file or directory 'C:\Users\xmeta\projects\Mr.Comic\android\core-model\build\generated\ksp\debug\classes', not found
file or directory 'C:\Users\xmeta\projects\Mr.Comic\android\core-model\build\generated\ksp\debug\classes', not found
file or directory 'C:\Users\xmeta\projects\Mr.Comic\android\core-model\src\main\resources', not found
file or directory 'C:\Users\xmeta\projects\Mr.Comic\android\core-model\src\debug\resources', not found
file or directory 'C:\Users\xmeta\projects\Mr.Comic\android\core-model\build\generated\ksp\debug\classes', not found
file or directory 'C:\Users\xmeta\projects\Mr.Comic\android\core-model\build\generated\ksp\debug\classes', not found
Caching disabled for task ':android:core-model:processDebugJavaRes' because:
  Caching has been disabled for the task
Skipping task ':android:core-model:processDebugJavaRes' as it is up-to-date.
work action resolve out (project :android:core-model) (Thread[Execution worker Thread 10,5,main]) started.
Resolve mutations for :android:core-model:bundleLibRuntimeToDirDebug (Thread[Execution worker Thread 10,5,main]) started.
:android:core-model:bundleLibRuntimeToDirDebug (Thread[Execution worker Thread 10,5,main]) started.

> Task :android:core-analytics:compileDebugJavaWithJavac UP-TO-DATE
file or directory 'C:\Users\xmeta\projects\Mr.Comic\android\core-analytics\build\generated\ksp\debug\classes', not found
Transforming core-for-system-modules.jar with JdkImageTransform
Transforming core-for-system-modules.jar with JdkImageTransform
Transforming core-for-system-modules.jar with JdkImageTransform
Transforming core-for-system-modules.jar with JdkImageTransform
file or directory 'C:\Users\xmeta\projects\Mr.Comic\android\core-analytics\build\generated\ksp\debug\classes', not found
Transforming core-for-system-modules.jar with JdkImageTransform
Transforming core-for-system-modules.jar with JdkImageTransform
Custom actions are attached to task ':android:core-analytics:compileDebugJavaWithJavac'.
Build cache key for task ':android:core-analytics:compileDebugJavaWithJavac' is c88b9d4d464804d8dd3c32a2dc19206a
Skipping task ':android:core-analytics:compileDebugJavaWithJavac' as it is up-to-date.
No compile result for :android:core-analytics:compileDebugJavaWithJavac
No compile result for :android:core-analytics:compileDebugJavaWithJavac
Resolve mutations for :android:core-analytics:transformDebugClassesWithAsm (Thread[Execution worker Thread 11,5,main]) started.
:android:core-analytics:transformDebugClassesWithAsm (Thread[Execution worker Thread 11,5,main]) started.

> Task :android:core-model:bundleLibRuntimeToDirDebug UP-TO-DATE
Caching disabled for task ':android:core-model:bundleLibRuntimeToDirDebug' because:
  Simple merging task
Skipping task ':android:core-model:bundleLibRuntimeToDirDebug' as it is up-to-date.
work action resolve bundleLibRuntimeToDirDebug (project :android:core-model) (Thread[Execution worker Thread 10,5,main]) started.
ClassesDirToClassesTransform (Thread[Execution worker Thread 10,5,main]) started.
Resolve mutations for :android:core-model:mergeDebugJniLibFolders (Thread[Execution worker Thread 4,5,main]) started.
:android:core-model:mergeDebugJniLibFolders (Thread[Execution worker Thread 4,5,main]) started.

> Transform bundleLibRuntimeToDirDebug (project :android:core-model) with ClassesDirToClassesTransform
Transforming bundleLibRuntimeToDirDebug (project :android:core-model) with ClassesDirToClassesTransform
DexingNoClasspathTransform (Thread[Execution worker Thread 10,5,main]) started.

> Task :android:core-model:mergeDebugJniLibFolders UP-TO-DATE
Caching disabled for task ':android:core-model:mergeDebugJniLibFolders' because:
  Simple merging task
Skipping task ':android:core-model:mergeDebugJniLibFolders' as it is up-to-date.
Resolve mutations for :android:core-model:mergeDebugNativeLibs (Thread[Execution worker Thread 4,5,main]) started.
:android:core-model:mergeDebugNativeLibs (Thread[Execution worker Thread 4,5,main]) started.

> Task :android:core-model:mergeDebugNativeLibs NO-SOURCE
Skipping task ':android:core-model:mergeDebugNativeLibs' as it has no source files and no previous output files.
Resolve mutations for :android:core-model:copyDebugJniLibsProjectOnly (Thread[Execution worker Thread 4,5,main]) started.
:android:core-model:copyDebugJniLibsProjectOnly (Thread[Execution worker Thread 4,5,main]) started.

> Task :android:core-model:copyDebugJniLibsProjectOnly UP-TO-DATE
Caching disabled for task ':android:core-model:copyDebugJniLibsProjectOnly' because:
  Caching has been disabled for the task
Skipping task ':android:core-model:copyDebugJniLibsProjectOnly' as it is up-to-date.
work action resolve jni (project :android:core-model) (Thread[Execution worker Thread 4,5,main]) started.

> Transform bundleLibRuntimeToDirDebug (project :android:core-model) with DexingNoClasspathTransform
Transforming bundleLibRuntimeToDirDebug (project :android:core-model) with DexingNoClasspathTransform
Build cache key for DexingNoClasspathTransform: C:\Users\xmeta\projects\Mr.Comic\android\core-model\build\intermediates\runtime_library_classes_dir\debug\bundleLibRuntimeToDirDebug is fffb9094dfa54a2c8117d8da719bed8b
Skipping DexingNoClasspathTransform: C:\Users\xmeta\projects\Mr.Comic\android\core-model\build\intermediates\runtime_library_classes_dir\debug\bundleLibRuntimeToDirDebug as it is up-to-date.
DexingOutputSplitTransform (Thread[Execution worker Thread 10,5,main]) started.

> Transform bundleLibRuntimeToDirDebug (project :android:core-model) with DexingOutputSplitTransform
Transforming bundleLibRuntimeToDirDebug (project :android:core-model) with DexingOutputSplitTransform

> Task :android:feature-translate:compileDebugKotlin UP-TO-DATE
Transforming core-ktx-1.12.0.aar (androidx.core:core-ktx:1.12.0) with JetifyTransform
Transforming core-ktx-1.12.0.aar (androidx.core:core-ktx:1.12.0) with AarToClassTransform
Transforming core-1.12.0.aar (androidx.core:core:1.12.0) with JetifyTransform
Transforming core-1.12.0.aar (androidx.core:core:1.12.0) with AarToClassTransform
Transforming lifecycle-runtime-2.3.1.aar (androidx.lifecycle:lifecycle-runtime:2.3.1) with JetifyTransform
Transforming lifecycle-runtime-2.3.1.aar (androidx.lifecycle:lifecycle-runtime:2.3.1) with AarToClassTransform
Transforming versionedparcelable-1.1.1.aar (androidx.versionedparcelable:versionedparcelable:1.1.1) with JetifyTransform
Transforming versionedparcelable-1.1.1.aar (androidx.versionedparcelable:versionedparcelable:1.1.1) with AarToClassTransform
Transforming lifecycle-common-2.3.1.jar (androidx.lifecycle:lifecycle-common:2.3.1) with JetifyTransform
Transforming lifecycle-common-2.3.1.jar (androidx.lifecycle:lifecycle-common:2.3.1) with IdentityTransform
Transforming core-common-2.2.0.jar (androidx.arch.core:core-common:2.2.0) with JetifyTransform
Transforming core-common-2.2.0.jar (androidx.arch.core:core-common:2.2.0) with IdentityTransform
Transforming collection-jvm-1.4.2.jar (androidx.collection:collection-jvm:1.4.2) with JetifyTransform
Transforming collection-jvm-1.4.2.jar (androidx.collection:collection-jvm:1.4.2) with IdentityTransform
Transforming annotation-jvm-1.9.1.jar (androidx.annotation:annotation-jvm:1.9.1) with JetifyTransform
Transforming annotation-jvm-1.9.1.jar (androidx.annotation:annotation-jvm:1.9.1) with IdentityTransform
Transforming annotation-experimental-1.4.1.aar (androidx.annotation:annotation-experimental:1.4.1) with JetifyTransform
Transforming annotation-experimental-1.4.1.aar (androidx.annotation:annotation-experimental:1.4.1) with AarToClassTransform
Transforming kotlin-stdlib-1.9.25.jar (org.jetbrains.kotlin:kotlin-stdlib:1.9.25) with JetifyTransform
Transforming kotlin-stdlib-1.9.25.jar (org.jetbrains.kotlin:kotlin-stdlib:1.9.25) with IdentityTransform
Transforming annotations-23.0.0.jar (org.jetbrains:annotations:23.0.0) with JetifyTransform
Transforming annotations-23.0.0.jar (org.jetbrains:annotations:23.0.0) with IdentityTransform
Transforming R.jar with ClasspathEntrySnapshotTransform
Transforming classes.jar with ClasspathEntrySnapshotTransform
Transforming jetified-core-ktx-1.12.0-api.jar with ClasspathEntrySnapshotTransform
Transforming core-1.12.0-api.jar with ClasspathEntrySnapshotTransform
Transforming lifecycle-runtime-2.3.1-api.jar with ClasspathEntrySnapshotTransform
Transforming versionedparcelable-1.1.1-api.jar with ClasspathEntrySnapshotTransform
Transforming lifecycle-common-2.3.1.jar with ClasspathEntrySnapshotTransform
Transforming core-common-2.2.0.jar with ClasspathEntrySnapshotTransform
Transforming jetified-collection-jvm-1.4.2.jar with ClasspathEntrySnapshotTransform
Transforming jetified-annotation-jvm-1.9.1.jar with ClasspathEntrySnapshotTransform
Transforming jetified-annotation-experimental-1.4.1-api.jar with ClasspathEntrySnapshotTransform
Transforming jetified-kotlin-stdlib-1.9.25.jar with ClasspathEntrySnapshotTransform
Transforming jetified-annotations-23.0.0.jar with ClasspathEntrySnapshotTransform
Transforming android.jar with ClasspathEntrySnapshotTransform
Transforming core-lambda-stubs.jar with ClasspathEntrySnapshotTransform
Build cache key for task ':android:feature-translate:compileDebugKotlin' is 0320396cb7c035455ce5d48c6a993b2c
Skipping task ':android:feature-translate:compileDebugKotlin' as it is up-to-date.
Resolve mutations for :android:feature-translate:compileDebugJavaWithJavac (Thread[Execution worker Thread 3,5,main]) started.
:android:feature-translate:compileDebugJavaWithJavac (Thread[Execution worker Thread 3,5,main]) started.

> Task :android:feature-translate:compileDebugJavaWithJavac NO-SOURCE
Skipping task ':android:feature-translate:compileDebugJavaWithJavac' as it has no source files and no previous output files.
Resolve mutations for :android:feature-translate:bundleLibCompileToJarDebug (Thread[Execution worker Thread 3,5,main]) started.
:android:feature-translate:bundleLibCompileToJarDebug (Thread[Execution worker Thread 3,5,main]) started.

> Task :android:feature-translate:bundleLibCompileToJarDebug UP-TO-DATE
Caching disabled for task ':android:feature-translate:bundleLibCompileToJarDebug' because:
  Simple merging task
Skipping task ':android:feature-translate:bundleLibCompileToJarDebug' as it is up-to-date.
work action resolve classes.jar (project :android:feature-translate) (Thread[Execution worker Thread 3,5,main]) started.
Resolve mutations for :android:feature-translate:bundleLibRuntimeToJarDebug (Thread[Execution worker Thread 3,5,main]) started.
:android:feature-translate:bundleLibRuntimeToJarDebug (Thread[Execution worker Thread 3,5,main]) started.

> Task :android:feature-translate:bundleLibRuntimeToJarDebug UP-TO-DATE
Caching disabled for task ':android:feature-translate:bundleLibRuntimeToJarDebug' because:
  Simple merging task
Skipping task ':android:feature-translate:bundleLibRuntimeToJarDebug' as it is up-to-date.
work action resolve classes.jar (project :android:feature-translate) (Thread[Execution worker Thread 3,5,main]) started.
IdentityTransform (Thread[Execution worker Thread 3,5,main]) started.
Resolve mutations for :android:feature-translate:processDebugJavaRes (Thread[Execution worker Thread 10,5,main]) started.
:android:feature-translate:processDebugJavaRes (Thread[Execution worker Thread 10,5,main]) started.

> Transform classes.jar (project :android:feature-translate) with IdentityTransform
Transforming classes.jar (project :android:feature-translate) with IdentityTransform
CopyTransform (Thread[Execution worker Thread 6,5,main]) started.
DexingNoClasspathTransform (Thread[Execution worker Thread 3,5,main]) started.

> Transform classes.jar (project :android:feature-translate) with CopyTransform
Transforming classes.jar (project :android:feature-translate) with CopyTransform
AggregatedPackagesTransform (Thread[Execution worker Thread 6,5,main]) started.

> Transform classes.jar (project :android:feature-translate) with DexingNoClasspathTransform
Transforming classes.jar (project :android:feature-translate) with DexingNoClasspathTransform
Build cache key for DexingNoClasspathTransform: C:\Users\xmeta\projects\Mr.Comic\android\feature-translate\build\intermediates\runtime_library_classes_jar\debug\bundleLibRuntimeToJarDebug\classes.jar is aed023150748397d8ada2c47ad737fe2
Skipping DexingNoClasspathTransform: C:\Users\xmeta\projects\Mr.Comic\android\feature-translate\build\intermediates\runtime_library_classes_jar\debug\bundleLibRuntimeToJarDebug\classes.jar as it is up-to-date.

> Transform classes.jar (project :android:feature-translate) with AggregatedPackagesTransform
Transforming classes.jar (project :android:feature-translate) with AggregatedPackagesTransform
DexingOutputSplitTransform (Thread[Execution worker,5,main]) started.

> Task :android:feature-translate:processDebugJavaRes UP-TO-DATE
file or directory 'C:\Users\xmeta\projects\Mr.Comic\android\feature-translate\src\main\resources', not found
file or directory 'C:\Users\xmeta\projects\Mr.Comic\android\feature-translate\src\debug\resources', not found
file or directory 'C:\Users\xmeta\projects\Mr.Comic\android\feature-translate\src\main\resources', not found
file or directory 'C:\Users\xmeta\projects\Mr.Comic\android\feature-translate\src\debug\resources', not found
Caching disabled for task ':android:feature-translate:processDebugJavaRes' because:
  Caching has been disabled for the task
Skipping task ':android:feature-translate:processDebugJavaRes' as it is up-to-date.
work action resolve out (project :android:feature-translate) (Thread[Execution worker Thread 10,5,main]) started.

> Transform classes.jar (project :android:feature-translate) with DexingOutputSplitTransform
Transforming classes.jar (project :android:feature-translate) with DexingOutputSplitTransform
Resolve mutations for :android:feature-translate:bundleLibRuntimeToDirDebug (Thread[Execution worker Thread 10,5,main]) started.
:android:feature-translate:bundleLibRuntimeToDirDebug (Thread[Execution worker Thread 10,5,main]) started.

> Task :android:feature-translate:bundleLibRuntimeToDirDebug UP-TO-DATE
Caching disabled for task ':android:feature-translate:bundleLibRuntimeToDirDebug' because:
  Simple merging task
Skipping task ':android:feature-translate:bundleLibRuntimeToDirDebug' as it is up-to-date.
work action resolve bundleLibRuntimeToDirDebug (project :android:feature-translate) (Thread[Execution worker Thread 10,5,main]) started.
ClassesDirToClassesTransform (Thread[Execution worker Thread 10,5,main]) started.

> Transform bundleLibRuntimeToDirDebug (project :android:feature-translate) with ClassesDirToClassesTransform
Transforming bundleLibRuntimeToDirDebug (project :android:feature-translate) with ClassesDirToClassesTransform
DexingNoClasspathTransform (Thread[Execution worker Thread 10,5,main]) started.

> Task :android:core-analytics:transformDebugClassesWithAsm UP-TO-DATE
file or directory 'C:\Users\xmeta\projects\Mr.Comic\android\core-analytics\build\generated\ksp\debug\classes', not found
file or directory 'C:\Users\xmeta\projects\Mr.Comic\android\core-analytics\build\generated\ksp\debug\classes', not found
Transforming appcompat-resources-1.6.1.aar (androidx.appcompat:appcompat-resources:1.6.1) with JetifyTransform
Transforming appcompat-resources-1.6.1.aar (androidx.appcompat:appcompat-resources:1.6.1) with AarToClassTransform
Transforming appcompat-1.6.1.aar (androidx.appcompat:appcompat:1.6.1) with JetifyTransform
Transforming appcompat-1.6.1.aar (androidx.appcompat:appcompat:1.6.1) with AarToClassTransform
Transforming hilt-android-2.51.1.aar (com.google.dagger:hilt-android:2.51.1) with JetifyTransform
Transforming hilt-android-2.51.1.aar (com.google.dagger:hilt-android:2.51.1) with AarToClassTransform
Transforming fragment-1.5.1.aar (androidx.fragment:fragment:1.5.1) with JetifyTransform
Transforming fragment-1.5.1.aar (androidx.fragment:fragment:1.5.1) with AarToClassTransform
Transforming activity-1.6.0.aar (androidx.activity:activity:1.6.0) with JetifyTransform
Transforming activity-1.6.0.aar (androidx.activity:activity:1.6.0) with AarToClassTransform
Transforming drawerlayout-1.0.0.aar (androidx.drawerlayout:drawerlayout:1.0.0) with JetifyTransform
Transforming drawerlayout-1.0.0.aar (androidx.drawerlayout:drawerlayout:1.0.0) with AarToClassTransform
Transforming vectordrawable-animated-1.1.0.aar (androidx.vectordrawable:vectordrawable-animated:1.1.0) with JetifyTransform
Transforming vectordrawable-animated-1.1.0.aar (androidx.vectordrawable:vectordrawable-animated:1.1.0) with AarToClassTransform
Transforming vectordrawable-1.1.0.aar (androidx.vectordrawable:vectordrawable:1.1.0) with JetifyTransform
Transforming emoji2-1.2.0.aar (androidx.emoji2:emoji2:1.2.0) with JetifyTransform
Transforming vectordrawable-1.1.0.aar (androidx.vectordrawable:vectordrawable:1.1.0) with AarToClassTransform
Transforming vectordrawable-1.1.0.aar (androidx.vectordrawable:vectordrawable:1.1.0) with JetifyTransform
Transforming vectordrawable-1.1.0.aar (androidx.vectordrawable:vectordrawable:1.1.0) with AarToClassTransform
Transforming viewpager-1.0.0.aar (androidx.viewpager:viewpager:1.0.0) with JetifyTransform
Transforming viewpager-1.0.0.aar (androidx.viewpager:viewpager:1.0.0) with AarToClassTransform
Transforming customview-1.0.0.aar (androidx.customview:customview:1.0.0) with JetifyTransform
Transforming customview-1.0.0.aar (androidx.customview:customview:1.0.0) with AarToClassTransform
Transforming customview-1.0.0.aar (androidx.customview:customview:1.0.0) with JetifyTransform
Transforming emoji2-views-helper-1.2.0.aar (androidx.emoji2:emoji2-views-helper:1.2.0) with JetifyTransform
Transforming customview-1.0.0.aar (androidx.customview:customview:1.0.0) with AarToClassTransform
Transforming loader-1.0.0.aar (androidx.loader:loader:1.0.0) with JetifyTransform
Transforming loader-1.0.0.aar (androidx.loader:loader:1.0.0) with AarToClassTransform
Transforming core-1.9.0.aar (androidx.core:core:1.9.0) with JetifyTransform
Transforming core-1.9.0.aar (androidx.core:core:1.9.0) with AarToClassTransform
Transforming core-1.9.0.aar (androidx.core:core:1.9.0) with JetifyTransform
Transforming core-1.9.0.aar (androidx.core:core:1.9.0) with AarToClassTransform
Transforming core-1.9.0.aar (androidx.core:core:1.9.0) with JetifyTransform
Transforming core-1.9.0.aar (androidx.core:core:1.9.0) with AarToClassTransform
Transforming core-1.9.0.aar (androidx.core:core:1.9.0) with JetifyTransform
Transforming core-1.9.0.aar (androidx.core:core:1.9.0) with AarToClassTransform
Transforming core-1.9.0.aar (androidx.core:core:1.9.0) with JetifyTransform
Transforming core-1.9.0.aar (androidx.core:core:1.9.0) with AarToClassTransform
Transforming core-1.9.0.aar (androidx.core:core:1.9.0) with JetifyTransform
Transforming core-1.9.0.aar (androidx.core:core:1.9.0) with AarToClassTransform
Transforming lifecycle-viewmodel-2.5.1.aar (androidx.lifecycle:lifecycle-viewmodel:2.5.1) with JetifyTransform
Transforming lifecycle-viewmodel-2.5.1.aar (androidx.lifecycle:lifecycle-viewmodel:2.5.1) with AarToClassTransform
Transforming lifecycle-viewmodel-2.5.1.aar (androidx.lifecycle:lifecycle-viewmodel:2.5.1) with JetifyTransform
Transforming lifecycle-viewmodel-2.5.1.aar (androidx.lifecycle:lifecycle-viewmodel:2.5.1) with AarToClassTransform
Transforming lifecycle-viewmodel-savedstate-2.5.1.aar (androidx.lifecycle:lifecycle-viewmodel-savedstate:2.5.1) with JetifyTransform
Transforming lifecycle-viewmodel-savedstate-2.5.1.aar (androidx.lifecycle:lifecycle-viewmodel-savedstate:2.5.1) with AarToClassTransform
Transforming core-ktx-1.9.0.aar (androidx.core:core-ktx:1.9.0) with JetifyTransform
Transforming core-ktx-1.9.0.aar (androidx.core:core-ktx:1.9.0) with AarToClassTransform
Transforming kotlinx-coroutines-core-jvm-1.8.0.jar (org.jetbrains.kotlinx:kotlinx-coroutines-core-jvm:1.8.0) with JetifyTransform
Transforming kotlinx-coroutines-core-jvm-1.8.0.jar (org.jetbrains.kotlinx:kotlinx-coroutines-core-jvm:1.8.0) with IdentityTransform
Transforming kotlinx-coroutines-android-1.8.0.jar (org.jetbrains.kotlinx:kotlinx-coroutines-android:1.8.0) with JetifyTransform
Transforming kotlinx-coroutines-android-1.8.0.jar (org.jetbrains.kotlinx:kotlinx-coroutines-android:1.8.0) with IdentityTransform
Transforming savedstate-1.2.0.aar (androidx.savedstate:savedstate:1.2.0) with JetifyTransform
Transforming savedstate-1.2.0.aar (androidx.savedstate:savedstate:1.2.0) with AarToClassTransform
Transforming emoji2-1.2.0.aar (androidx.emoji2:emoji2:1.2.0) with AarToClassTransform
Transforming annotation-experimental-1.3.1.aar (androidx.annotation:annotation-experimental:1.3.1) with JetifyTransform
Transforming annotation-experimental-1.3.1.aar (androidx.annotation:annotation-experimental:1.3.1) with AarToClassTransform
Transforming kotlin-stdlib-1.9.25.jar (org.jetbrains.kotlin:kotlin-stdlib:1.9.25) with JetifyTransform
Transforming kotlin-stdlib-1.9.25.jar (org.jetbrains.kotlin:kotlin-stdlib:1.9.25) with IdentityTransform
Transforming annotations-23.0.0.jar (org.jetbrains:annotations:23.0.0) with JetifyTransform
Transforming annotations-23.0.0.jar (org.jetbrains:annotations:23.0.0) with IdentityTransform
Transforming cursoradapter-1.0.0.aar (androidx.cursoradapter:cursoradapter:1.0.0) with JetifyTransform
Transforming cursoradapter-1.0.0.aar (androidx.cursoradapter:cursoradapter:1.0.0) with AarToClassTransform
Transforming lifecycle-runtime-2.5.1.aar (androidx.lifecycle:lifecycle-runtime:2.5.1) with JetifyTransform
Transforming lifecycle-runtime-2.5.1.aar (androidx.lifecycle:lifecycle-runtime:2.5.1) with AarToClassTransform
Transforming lifecycle-livedata-2.0.0.aar (androidx.lifecycle:lifecycle-livedata:2.0.0) with JetifyTransform
Transforming lifecycle-livedata-2.0.0.aar (androidx.lifecycle:lifecycle-livedata:2.0.0) with AarToClassTransform
Transforming lifecycle-livedata-core-2.5.1.aar (androidx.lifecycle:lifecycle-livedata-core:2.5.1) with JetifyTransform
Transforming lifecycle-livedata-core-2.5.1.aar (androidx.lifecycle:lifecycle-livedata-core:2.5.1) with AarToClassTransform
Transforming lifecycle-livedata-core-2.5.1.aar (androidx.lifecycle:lifecycle-livedata-core:2.5.1) with JetifyTransform
Transforming lifecycle-livedata-core-2.5.1.aar (androidx.lifecycle:lifecycle-livedata-core:2.5.1) with AarToClassTransform
Transforming lifecycle-common-2.5.1.jar (androidx.lifecycle:lifecycle-common:2.5.1) with JetifyTransform
Transforming lifecycle-common-2.5.1.jar (androidx.lifecycle:lifecycle-common:2.5.1) with IdentityTransform
Transforming versionedparcelable-1.1.1.aar (androidx.versionedparcelable:versionedparcelable:1.1.1) with JetifyTransform
Transforming versionedparcelable-1.1.1.aar (androidx.versionedparcelable:versionedparcelable:1.1.1) with AarToClassTransform
Transforming collection-1.1.0.jar (androidx.collection:collection:1.1.0) with JetifyTransform
Transforming collection-1.1.0.jar (androidx.collection:collection:1.1.0) with IdentityTransform
Transforming core-runtime-2.1.0.aar (androidx.arch.core:core-runtime:2.1.0) with JetifyTransform
Transforming core-runtime-2.1.0.aar (androidx.arch.core:core-runtime:2.1.0) with AarToClassTransform
Transforming core-runtime-2.1.0.aar (androidx.arch.core:core-runtime:2.1.0) with JetifyTransform
Transforming emoji2-views-helper-1.2.0.aar (androidx.emoji2:emoji2-views-helper:1.2.0) with AarToClassTransform
Transforming core-runtime-2.1.0.aar (androidx.arch.core:core-runtime:2.1.0) with AarToClassTransform
Transforming core-common-2.1.0.jar (androidx.arch.core:core-common:2.1.0) with JetifyTransform
Transforming core-common-2.1.0.jar (androidx.arch.core:core-common:2.1.0) with IdentityTransform
Transforming interpolator-1.0.0.aar (androidx.interpolator:interpolator:1.0.0) with JetifyTransform
Transforming interpolator-1.0.0.aar (androidx.interpolator:interpolator:1.0.0) with AarToClassTransform
Transforming annotation-1.3.0.jar (androidx.annotation:annotation:1.3.0) with JetifyTransform
Transforming annotation-1.3.0.jar (androidx.annotation:annotation:1.3.0) with IdentityTransform
Transforming hilt-core-2.51.1.jar (com.google.dagger:hilt-core:2.51.1) with JetifyTransform
Transforming hilt-core-2.51.1.jar (com.google.dagger:hilt-core:2.51.1) with IdentityTransform
Transforming dagger-2.51.1.jar (com.google.dagger:dagger:2.51.1) with JetifyTransform
Transforming dagger-2.51.1.jar (com.google.dagger:dagger:2.51.1) with IdentityTransform
Transforming dagger-lint-aar-2.51.1.aar (com.google.dagger:dagger-lint-aar:2.51.1) with JetifyTransform
Transforming dagger-lint-aar-2.51.1.aar (com.google.dagger:dagger-lint-aar:2.51.1) with AarToClassTransform
Transforming jsr305-3.0.2.jar (com.google.code.findbugs:jsr305:3.0.2) with JetifyTransform
Transforming jsr305-3.0.2.jar (com.google.code.findbugs:jsr305:3.0.2) with IdentityTransform
Transforming javax.inject-1.jar (javax.inject:javax.inject:1) with JetifyTransform
Transforming javax.inject-1.jar (javax.inject:javax.inject:1) with IdentityTransform
Transforming lifecycle-process-2.4.1.aar (androidx.lifecycle:lifecycle-process:2.4.1) with JetifyTransform
Transforming resourceinspection-annotation-1.0.1.jar (androidx.resourceinspection:resourceinspection-annotation:1.0.1) with JetifyTransform
Transforming resourceinspection-annotation-1.0.1.jar (androidx.resourceinspection:resourceinspection-annotation:1.0.1) with IdentityTransform
Transforming concurrent-futures-1.0.0.jar (androidx.concurrent:concurrent-futures:1.0.0) with JetifyTransform
Transforming startup-runtime-1.1.1.aar (androidx.startup:startup-runtime:1.1.1) with JetifyTransform
Transforming tracing-1.0.0.aar (androidx.tracing:tracing:1.0.0) with JetifyTransform
Transforming lifecycle-process-2.4.1.aar (androidx.lifecycle:lifecycle-process:2.4.1) with AarToClassTransform
Transforming concurrent-futures-1.0.0.jar (androidx.concurrent:concurrent-futures:1.0.0) with IdentityTransform
Transforming listenablefuture-1.0.jar (com.google.guava:listenablefuture:1.0) with JetifyTransform
Transforming startup-runtime-1.1.1.aar (androidx.startup:startup-runtime:1.1.1) with AarToClassTransform
Transforming listenablefuture-1.0.jar (com.google.guava:listenablefuture:1.0) with IdentityTransform
Transforming tracing-1.0.0.aar (androidx.tracing:tracing:1.0.0) with AarToClassTransform
Build cache key for task ':android:core-analytics:transformDebugClassesWithAsm' is 8a55133dd2fb75a52d6ad9fdbf19e9a7
Skipping task ':android:core-analytics:transformDebugClassesWithAsm' as it is up-to-date.
Resolve mutations for :android:core-analytics:bundleLibCompileToJarDebug (Thread[Execution worker Thread 11,5,main]) started.
:android:core-analytics:bundleLibCompileToJarDebug (Thread[Execution worker Thread 11,5,main]) started.

> Transform bundleLibRuntimeToDirDebug (project :android:feature-translate) with DexingNoClasspathTransform
Transforming bundleLibRuntimeToDirDebug (project :android:feature-translate) with DexingNoClasspathTransform
Build cache key for DexingNoClasspathTransform: C:\Users\xmeta\projects\Mr.Comic\android\feature-translate\build\intermediates\runtime_library_classes_dir\debug\bundleLibRuntimeToDirDebug is e3e6178af1b8d459841d787849efe4d0
Skipping DexingNoClasspathTransform: C:\Users\xmeta\projects\Mr.Comic\android\feature-translate\build\intermediates\runtime_library_classes_dir\debug\bundleLibRuntimeToDirDebug as it is up-to-date.
DexingOutputSplitTransform (Thread[Execution worker Thread 10,5,main]) started.

> Transform bundleLibRuntimeToDirDebug (project :android:feature-translate) with DexingOutputSplitTransform
Transforming bundleLibRuntimeToDirDebug (project :android:feature-translate) with DexingOutputSplitTransform

> Task :android:core-analytics:bundleLibCompileToJarDebug UP-TO-DATE
Caching disabled for task ':android:core-analytics:bundleLibCompileToJarDebug' because:
  Simple merging task
Skipping task ':android:core-analytics:bundleLibCompileToJarDebug' as it is up-to-date.
work action resolve classes.jar (project :android:core-analytics) (Thread[Execution worker Thread 11,5,main]) started.
Resolve mutations for :android:core-analytics:bundleLibRuntimeToJarDebug (Thread[Execution worker Thread 11,5,main]) started.
:android:core-analytics:bundleLibRuntimeToJarDebug (Thread[Execution worker Thread 11,5,main]) started.

> Task :android:core-analytics:bundleLibRuntimeToJarDebug UP-TO-DATE
Caching disabled for task ':android:core-analytics:bundleLibRuntimeToJarDebug' because:
  Simple merging task
Skipping task ':android:core-analytics:bundleLibRuntimeToJarDebug' as it is up-to-date.
work action resolve classes.jar (project :android:core-analytics) (Thread[Execution worker Thread 11,5,main]) started.
Resolve mutations for :android:core-analytics:mergeDebugShaders (Thread[Execution worker Thread 11,5,main]) started.
:android:core-analytics:mergeDebugShaders (Thread[Execution worker Thread 11,5,main]) started.
IdentityTransform (Thread[Execution worker Thread 10,5,main]) started.

> Transform classes.jar (project :android:core-analytics) with IdentityTransform
Transforming classes.jar (project :android:core-analytics) with IdentityTransform
DexingNoClasspathTransform (Thread[Execution worker Thread 10,5,main]) started.
CopyTransform (Thread[Execution worker Thread 9,5,main]) started.

> Task :android:core-analytics:mergeDebugShaders UP-TO-DATE
Caching disabled for task ':android:core-analytics:mergeDebugShaders' because:
  Simple merging task
Skipping task ':android:core-analytics:mergeDebugShaders' as it is up-to-date.
Resolve mutations for :android:core-analytics:compileDebugShaders (Thread[Execution worker Thread 11,5,main]) started.
:android:core-analytics:compileDebugShaders (Thread[Execution worker Thread 11,5,main]) started.

> Transform classes.jar (project :android:core-analytics) with CopyTransform
Transforming classes.jar (project :android:core-analytics) with CopyTransform
AggregatedPackagesTransform (Thread[Execution worker Thread 9,5,main]) started.

> Transform classes.jar (project :android:core-analytics) with DexingNoClasspathTransform
Transforming classes.jar (project :android:core-analytics) with DexingNoClasspathTransform
Build cache key for DexingNoClasspathTransform: C:\Users\xmeta\projects\Mr.Comic\android\core-analytics\build\intermediates\runtime_library_classes_jar\debug\bundleLibRuntimeToJarDebug\classes.jar is 72198a9e06ccf2d5f9ec5a8ad4210a19
Skipping DexingNoClasspathTransform: C:\Users\xmeta\projects\Mr.Comic\android\core-analytics\build\intermediates\runtime_library_classes_jar\debug\bundleLibRuntimeToJarDebug\classes.jar as it is up-to-date.
DexingOutputSplitTransform (Thread[Execution worker Thread 10,5,main]) started.

> Task :android:core-analytics:compileDebugShaders NO-SOURCE
Skipping task ':android:core-analytics:compileDebugShaders' as it has no source files and no previous output files.
Resolve mutations for :android:core-analytics:generateDebugAssets (Thread[Execution worker Thread 11,5,main]) started.
:android:core-analytics:generateDebugAssets (Thread[Execution worker Thread 11,5,main]) started.

> Task :android:core-analytics:generateDebugAssets UP-TO-DATE
Skipping task ':android:core-analytics:generateDebugAssets' as it has no actions.
Resolve mutations for :android:core-analytics:packageDebugAssets (Thread[Execution worker Thread 11,5,main]) started.
:android:core-analytics:packageDebugAssets (Thread[Execution worker Thread 11,5,main]) started.

> Transform classes.jar (project :android:core-analytics) with AggregatedPackagesTransform
Transforming classes.jar (project :android:core-analytics) with AggregatedPackagesTransform

> Transform classes.jar (project :android:core-analytics) with DexingOutputSplitTransform
Transforming classes.jar (project :android:core-analytics) with DexingOutputSplitTransform

> Task :android:core-analytics:packageDebugAssets UP-TO-DATE
Caching disabled for task ':android:core-analytics:packageDebugAssets' because:
  Simple merging task
Skipping task ':android:core-analytics:packageDebugAssets' as it is up-to-date.
work action resolve out (project :android:core-analytics) (Thread[Execution worker Thread 11,5,main]) started.
Resolve mutations for :android:core-analytics:processDebugJavaRes (Thread[Execution worker Thread 11,5,main]) started.
:android:core-analytics:processDebugJavaRes (Thread[Execution worker Thread 11,5,main]) started.

> Task :android:core-analytics:processDebugJavaRes UP-TO-DATE
file or directory 'C:\Users\xmeta\projects\Mr.Comic\android\core-analytics\src\main\resources', not found
file or directory 'C:\Users\xmeta\projects\Mr.Comic\android\core-analytics\src\debug\resources', not found
file or directory 'C:\Users\xmeta\projects\Mr.Comic\android\core-analytics\build\generated\ksp\debug\classes', not found
file or directory 'C:\Users\xmeta\projects\Mr.Comic\android\core-analytics\build\generated\ksp\debug\classes', not found
file or directory 'C:\Users\xmeta\projects\Mr.Comic\android\core-analytics\src\main\resources', not found
file or directory 'C:\Users\xmeta\projects\Mr.Comic\android\core-analytics\src\debug\resources', not found
file or directory 'C:\Users\xmeta\projects\Mr.Comic\android\core-analytics\build\generated\ksp\debug\classes', not found
file or directory 'C:\Users\xmeta\projects\Mr.Comic\android\core-analytics\build\generated\ksp\debug\classes', not found
Caching disabled for task ':android:core-analytics:processDebugJavaRes' because:
  Caching has been disabled for the task
Skipping task ':android:core-analytics:processDebugJavaRes' as it is up-to-date.
work action resolve out (project :android:core-analytics) (Thread[Execution worker Thread 11,5,main]) started.
Resolve mutations for :android:core-analytics:bundleLibRuntimeToDirDebug (Thread[Execution worker Thread 11,5,main]) started.
:android:core-analytics:bundleLibRuntimeToDirDebug (Thread[Execution worker Thread 11,5,main]) started.

> Task :android:core-analytics:bundleLibRuntimeToDirDebug UP-TO-DATE
Caching disabled for task ':android:core-analytics:bundleLibRuntimeToDirDebug' because:
  Simple merging task
Skipping task ':android:core-analytics:bundleLibRuntimeToDirDebug' as it is up-to-date.
work action resolve bundleLibRuntimeToDirDebug (project :android:core-analytics) (Thread[Execution worker Thread 11,5,main]) started.
ClassesDirToClassesTransform (Thread[Execution worker Thread 11,5,main]) started.
Resolve mutations for :android:core-analytics:mergeDebugJniLibFolders (Thread[Execution worker,5,main]) started.
:android:core-analytics:mergeDebugJniLibFolders (Thread[Execution worker,5,main]) started.

> Transform bundleLibRuntimeToDirDebug (project :android:core-analytics) with ClassesDirToClassesTransform
Transforming bundleLibRuntimeToDirDebug (project :android:core-analytics) with ClassesDirToClassesTransform
DexingNoClasspathTransform (Thread[Execution worker Thread 11,5,main]) started.

> Task :android:core-analytics:mergeDebugJniLibFolders UP-TO-DATE
Caching disabled for task ':android:core-analytics:mergeDebugJniLibFolders' because:
  Simple merging task
Skipping task ':android:core-analytics:mergeDebugJniLibFolders' as it is up-to-date.
Resolve mutations for :android:core-analytics:mergeDebugNativeLibs (Thread[Execution worker,5,main]) started.
:android:core-analytics:mergeDebugNativeLibs (Thread[Execution worker,5,main]) started.

> Task :android:core-analytics:mergeDebugNativeLibs NO-SOURCE
Skipping task ':android:core-analytics:mergeDebugNativeLibs' as it has no source files and no previous output files.
Resolve mutations for :android:core-analytics:copyDebugJniLibsProjectOnly (Thread[Execution worker,5,main]) started.
:android:core-analytics:copyDebugJniLibsProjectOnly (Thread[Execution worker,5,main]) started.

> Task :android:core-analytics:copyDebugJniLibsProjectOnly UP-TO-DATE
Caching disabled for task ':android:core-analytics:copyDebugJniLibsProjectOnly' because:
  Caching has been disabled for the task
Skipping task ':android:core-analytics:copyDebugJniLibsProjectOnly' as it is up-to-date.
work action resolve jni (project :android:core-analytics) (Thread[Execution worker Thread 6,5,main]) started.

> Transform bundleLibRuntimeToDirDebug (project :android:core-analytics) with DexingNoClasspathTransform
Transforming bundleLibRuntimeToDirDebug (project :android:core-analytics) with DexingNoClasspathTransform
Build cache key for DexingNoClasspathTransform: C:\Users\xmeta\projects\Mr.Comic\android\core-analytics\build\intermediates\runtime_library_classes_dir\debug\bundleLibRuntimeToDirDebug is 81d1607a4e72a6c87c1fc726f2c5a941
Skipping DexingNoClasspathTransform: C:\Users\xmeta\projects\Mr.Comic\android\core-analytics\build\intermediates\runtime_library_classes_dir\debug\bundleLibRuntimeToDirDebug as it is up-to-date.
DexingOutputSplitTransform (Thread[Execution worker Thread 11,5,main]) started.

> Transform bundleLibRuntimeToDirDebug (project :android:core-analytics) with DexingOutputSplitTransform
Transforming bundleLibRuntimeToDirDebug (project :android:core-analytics) with DexingOutputSplitTransform

> Task :android:core-ui:kspDebugKotlin UP-TO-DATE
file or directory 'C:\Users\xmeta\projects\Mr.Comic\android\core-ui\src\debug\kotlin', not found
file or directory 'C:\Users\xmeta\projects\Mr.Comic\android\core-ui\src\debug\java', not found
file or directory 'C:\Users\xmeta\projects\Mr.Comic\android\core-ui\src\main\kotlin', not found
file or directory 'C:\Users\xmeta\projects\Mr.Comic\android\core-ui\src\debug\java', not found
Transforming hilt-android-2.51.1.aar (com.google.dagger:hilt-android:2.51.1) with JetifyTransform
Transforming hilt-android-2.51.1.aar (com.google.dagger:hilt-android:2.51.1) with AarToClassTransform
Transforming lottie-compose-6.4.1.aar (com.airbnb.android:lottie-compose:6.4.1) with JetifyTransform
Transforming kotlin-stdlib-jdk8-1.9.25.jar (org.jetbrains.kotlin:kotlin-stdlib-jdk8:1.9.25) with JetifyTransform
Transforming kotlin-stdlib-jdk8-1.9.25.jar (org.jetbrains.kotlin:kotlin-stdlib-jdk8:1.9.25) with IdentityTransform
Transforming accompanist-systemuicontroller-0.34.0.aar (com.google.accompanist:accompanist-systemuicontroller:0.34.0) with JetifyTransform
Transforming fragment-1.5.1.aar (androidx.fragment:fragment:1.5.1) with JetifyTransform
Transforming fragment-1.5.1.aar (androidx.fragment:fragment:1.5.1) with AarToClassTransform
Transforming accompanist-adaptive-0.34.0.aar (com.google.accompanist:accompanist-adaptive:0.34.0) with JetifyTransform
Transforming loader-1.0.0.aar (androidx.loader:loader:1.0.0) with JetifyTransform
Transforming loader-1.0.0.aar (androidx.loader:loader:1.0.0) with AarToClassTransform
Transforming loader-1.0.0.aar (androidx.loader:loader:1.0.0) with JetifyTransform
Transforming loader-1.0.0.aar (androidx.loader:loader:1.0.0) with AarToClassTransform
Transforming material3-release.aar (androidx.compose.material3:material3-android:1.2.1) with JetifyTransform
Transforming coil-2.7.0.aar (io.coil-kt:coil:2.7.0) with JetifyTransform
Transforming accompanist-permissions-0.37.3.aar (com.google.accompanist:accompanist-permissions:0.37.3) with JetifyTransform
Transforming material3-release.aar (androidx.compose.material3:material3-android:1.2.1) with AarToClassTransform
Transforming material-icons-core-release.aar (androidx.compose.material:material-icons-core-android:1.6.8) with JetifyTransform
Transforming coil-compose-base-2.7.0.aar (io.coil-kt:coil-compose-base:2.7.0) with JetifyTransform
Transforming material-icons-core-release.aar (androidx.compose.material:material-icons-core-android:1.6.8) with AarToClassTransform
Transforming material-ripple-release.aar (androidx.compose.material:material-ripple-android:1.6.8) with JetifyTransform
Transforming material-ripple-release.aar (androidx.compose.material:material-ripple-android:1.6.8) with AarToClassTransform
Transforming viewpager-1.0.0.aar (androidx.viewpager:viewpager:1.0.0) with JetifyTransform
Transforming constraintlayout-compose-1.0.1.aar (androidx.constraintlayout:constraintlayout-compose:1.0.1) with JetifyTransform
Transforming viewpager-1.0.0.aar (androidx.viewpager:viewpager:1.0.0) with AarToClassTransform
Transforming vectordrawable-animated-1.1.0.aar (androidx.vectordrawable:vectordrawable-animated:1.1.0) with JetifyTransform
Transforming vectordrawable-animated-1.1.0.aar (androidx.vectordrawable:vectordrawable-animated:1.1.0) with AarToClassTransform
Transforming coil-base-2.7.0.aar (io.coil-kt:coil-base:2.7.0) with JetifyTransform
Transforming vectordrawable-1.1.0.aar (androidx.vectordrawable:vectordrawable:1.1.0) with JetifyTransform
Transforming vectordrawable-1.1.0.aar (androidx.vectordrawable:vectordrawable:1.1.0) with AarToClassTransform
Transforming coil-compose-2.7.0.aar (io.coil-kt:coil-compose:2.7.0) with JetifyTransform
Transforming customview-1.0.0.aar (androidx.customview:customview:1.0.0) with JetifyTransform
Transforming customview-1.0.0.aar (androidx.customview:customview:1.0.0) with AarToClassTransform
Transforming annotation-experimental-1.4.1.aar (androidx.annotation:annotation-experimental:1.4.1) with JetifyTransform
Transforming annotation-experimental-1.4.1.aar (androidx.annotation:annotation-experimental:1.4.1) with AarToClassTransform
Transforming kotlin-stdlib-jdk7-1.9.25.jar (org.jetbrains.kotlin:kotlin-stdlib-jdk7:1.9.25) with JetifyTransform
Transforming kotlin-stdlib-jdk7-1.9.25.jar (org.jetbrains.kotlin:kotlin-stdlib-jdk7:1.9.25) with IdentityTransform
Transforming versionedparcelable-1.1.1.aar (androidx.versionedparcelable:versionedparcelable:1.1.1) with JetifyTransform
Transforming versionedparcelable-1.1.1.aar (androidx.versionedparcelable:versionedparcelable:1.1.1) with AarToClassTransform
Transforming interpolator-1.0.0.aar (androidx.interpolator:interpolator:1.0.0) with JetifyTransform
Transforming interpolator-1.0.0.aar (androidx.interpolator:interpolator:1.0.0) with AarToClassTransform
Transforming core-common-2.2.0.jar (androidx.arch.core:core-common:2.2.0) with JetifyTransform
Transforming core-common-2.2.0.jar (androidx.arch.core:core-common:2.2.0) with IdentityTransform
Transforming annotation-jvm-1.9.1.jar (androidx.annotation:annotation-jvm:1.9.1) with JetifyTransform
Transforming annotation-jvm-1.9.1.jar (androidx.annotation:annotation-jvm:1.9.1) with IdentityTransform
Transforming kotlin-stdlib-1.9.25.jar (org.jetbrains.kotlin:kotlin-stdlib:1.9.25) with JetifyTransform
Transforming kotlin-stdlib-1.9.25.jar (org.jetbrains.kotlin:kotlin-stdlib:1.9.25) with IdentityTransform
Transforming accompanist-adaptive-0.34.0.aar (com.google.accompanist:accompanist-adaptive:0.34.0) with AarToClassTransform
Transforming lottie-compose-6.4.1.aar (com.airbnb.android:lottie-compose:6.4.1) with AarToClassTransform
Transforming annotations-23.0.0.jar (org.jetbrains:annotations:23.0.0) with JetifyTransform
Transforming annotations-23.0.0.jar (org.jetbrains:annotations:23.0.0) with IdentityTransform
Transforming listenablefuture-9999.0-empty-to-avoid-conflict-with-guava.jar (com.google.guava:listenablefuture:9999.0-empty-to-avoid-conflict-with-guava) with JetifyTransform
Transforming accompanist-systemuicontroller-0.34.0.aar (com.google.accompanist:accompanist-systemuicontroller:0.34.0) with AarToClassTransform
Transforming jspecify-1.0.0.jar (org.jspecify:jspecify:1.0.0) with JetifyTransform
Transforming coil-2.7.0.aar (io.coil-kt:coil:2.7.0) with AarToClassTransform
Transforming jspecify-1.0.0.jar (org.jspecify:jspecify:1.0.0) with IdentityTransform
Transforming coil-base-2.7.0.aar (io.coil-kt:coil-base:2.7.0) with AarToClassTransform
Transforming tracing-1.0.0.aar (androidx.tracing:tracing:1.0.0) with JetifyTransform
Transforming tracing-1.0.0.aar (androidx.tracing:tracing:1.0.0) with AarToClassTransform
Transforming failureaccess-1.0.2.jar (com.google.guava:failureaccess:1.0.2) with JetifyTransform
Transforming hilt-core-2.51.1.jar (com.google.dagger:hilt-core:2.51.1) with JetifyTransform
Transforming coil-compose-base-2.7.0.aar (io.coil-kt:coil-compose-base:2.7.0) with AarToClassTransform
Transforming hilt-core-2.51.1.jar (com.google.dagger:hilt-core:2.51.1) with IdentityTransform
Transforming accompanist-permissions-0.37.3.aar (com.google.accompanist:accompanist-permissions:0.37.3) with AarToClassTransform
Transforming dagger-2.51.1.jar (com.google.dagger:dagger:2.51.1) with JetifyTransform
Transforming dagger-2.51.1.jar (com.google.dagger:dagger:2.51.1) with IdentityTransform
Transforming javax.inject-1.jar (javax.inject:javax.inject:1) with JetifyTransform
Transforming javax.inject-1.jar (javax.inject:javax.inject:1) with IdentityTransform
Transforming dagger-lint-aar-2.51.1.aar (com.google.dagger:dagger-lint-aar:2.51.1) with JetifyTransform
Transforming dagger-lint-aar-2.51.1.aar (com.google.dagger:dagger-lint-aar:2.51.1) with AarToClassTransform
Transforming jsr305-3.0.2.jar (com.google.code.findbugs:jsr305:3.0.2) with JetifyTransform
Transforming jsr305-3.0.2.jar (com.google.code.findbugs:jsr305:3.0.2) with IdentityTransform
Transforming palette-1.0.0.aar (androidx.palette:palette:1.0.0) with JetifyTransform
Transforming constraintlayout-compose-1.0.1.aar (androidx.constraintlayout:constraintlayout-compose:1.0.1) with AarToClassTransform
Transforming legacy-support-core-utils-1.0.0.aar (androidx.legacy:legacy-support-core-utils:1.0.0) with JetifyTransform
Transforming glide-4.15.1.aar (com.github.bumptech.glide:glide:4.15.1) with JetifyTransform
Transforming activity-1.9.0.aar (androidx.activity:activity:1.9.0) with JetifyTransform
Transforming coil-compose-2.7.0.aar (io.coil-kt:coil-compose:2.7.0) with AarToClassTransform
Transforming ui-util-release.aar (androidx.compose.ui:ui-util-android:1.7.8) with JetifyTransform
Transforming material3-window-size-class-release.aar (androidx.compose.material3:material3-window-size-class-android:1.2.1) with JetifyTransform
Transforming ui-unit-release.aar (androidx.compose.ui:ui-unit-android:1.7.8) with JetifyTransform
Transforming ui-text-release.aar (androidx.compose.ui:ui-text-android:1.7.8) with JetifyTransform
Transforming ui-graphics-release.aar (androidx.compose.ui:ui-graphics-android:1.7.8) with JetifyTransform
Transforming palette-1.0.0.aar (androidx.palette:palette:1.0.0) with AarToClassTransform
Transforming material3-window-size-class-release.aar (androidx.compose.material3:material3-window-size-class-android:1.2.1) with AarToClassTransform
Transforming glide-4.15.1.aar (com.github.bumptech.glide:glide:4.15.1) with AarToClassTransform
Transforming foundation-layout-release.aar (androidx.compose.foundation:foundation-layout-android:1.7.8) with JetifyTransform
Transforming activity-1.9.0.aar (androidx.activity:activity:1.9.0) with AarToClassTransform
Transforming ui-graphics-release.aar (androidx.compose.ui:ui-graphics-android:1.7.8) with AarToClassTransform
Transforming ui-text-release.aar (androidx.compose.ui:ui-text-android:1.7.8) with AarToClassTransform
Transforming ui-unit-release.aar (androidx.compose.ui:ui-unit-android:1.7.8) with AarToClassTransform
Transforming legacy-support-core-utils-1.0.0.aar (androidx.legacy:legacy-support-core-utils:1.0.0) with AarToClassTransform
Transforming material-icons-extended-release.aar (androidx.compose.material:material-icons-extended-android:1.6.8) with JetifyTransform
Transforming foundation-release.aar (androidx.compose.foundation:foundation-android:1.7.8) with JetifyTransform
Transforming ui-util-release.aar (androidx.compose.ui:ui-util-android:1.7.8) with AarToClassTransform
Transforming foundation-layout-release.aar (androidx.compose.foundation:foundation-layout-android:1.7.8) with AarToClassTransform
Transforming animation-core-release.aar (androidx.compose.animation:animation-core-android:1.7.8) with JetifyTransform
Transforming animation-release.aar (androidx.compose.animation:animation-android:1.7.8) with JetifyTransform
Transforming ui-geometry-release.aar (androidx.compose.ui:ui-geometry-android:1.7.8) with JetifyTransform
Transforming ui-tooling-preview-release.aar (androidx.compose.ui:ui-tooling-preview-android:1.7.8) with JetifyTransform
Transforming material-icons-extended-release.aar (androidx.compose.material:material-icons-extended-android:1.6.8) with AarToClassTransform
Transforming foundation-release.aar (androidx.compose.foundation:foundation-android:1.7.8) with AarToClassTransform
Transforming lifecycle-livedata-core-ktx-2.9.1.aar (androidx.lifecycle:lifecycle-livedata-core-ktx:2.9.1) with JetifyTransform
Transforming animation-core-release.aar (androidx.compose.animation:animation-core-android:1.7.8) with AarToClassTransform
Transforming animation-release.aar (androidx.compose.animation:animation-android:1.7.8) with AarToClassTransform
Transforming lifecycle-runtime-ktx.aar (androidx.lifecycle:lifecycle-runtime-ktx-android:2.9.1) with JetifyTransform
Transforming lifecycle-runtime-release.aar (androidx.lifecycle:lifecycle-runtime-android:2.9.1) with JetifyTransform
Transforming lifecycle-viewmodel-2.9.1.aar (androidx.lifecycle:lifecycle-viewmodel:2.9.1) with JetifyTransform
Transforming lifecycle-viewmodel-release.aar (androidx.lifecycle:lifecycle-viewmodel-android:2.9.1) with JetifyTransform
Transforming ui-tooling-preview-release.aar (androidx.compose.ui:ui-tooling-preview-android:1.7.8) with AarToClassTransform
Transforming ui-geometry-release.aar (androidx.compose.ui:ui-geometry-android:1.7.8) with AarToClassTransform
Transforming lifecycle-livedata-2.9.1.aar (androidx.lifecycle:lifecycle-livedata:2.9.1) with JetifyTransform
Transforming lifecycle-livedata-core-ktx-2.9.1.aar (androidx.lifecycle:lifecycle-livedata-core-ktx:2.9.1) with AarToClassTransform
Transforming savedstate-release.aar (androidx.savedstate:savedstate-android:1.3.0) with JetifyTransform
Transforming lifecycle-runtime-ktx.aar (androidx.lifecycle:lifecycle-runtime-ktx-android:2.9.1) with AarToClassTransform
Transforming lifecycle-viewmodel-compose-release.aar (androidx.lifecycle:lifecycle-viewmodel-compose-android:2.9.1) with JetifyTransform
Transforming lifecycle-viewmodel-2.9.1.aar (androidx.lifecycle:lifecycle-viewmodel:2.9.1) with AarToClassTransform
Transforming lifecycle-livedata-core-2.9.1.aar (androidx.lifecycle:lifecycle-livedata-core:2.9.1) with JetifyTransform
Transforming lifecycle-viewmodel-release.aar (androidx.lifecycle:lifecycle-viewmodel-android:2.9.1) with AarToClassTransform
Transforming lifecycle-livedata-2.9.1.aar (androidx.lifecycle:lifecycle-livedata:2.9.1) with AarToClassTransform
Transforming lifecycle-common-jvm-2.9.1.jar (androidx.lifecycle:lifecycle-common-jvm:2.9.1) with JetifyTransform
Transforming lifecycle-runtime-release.aar (androidx.lifecycle:lifecycle-runtime-android:2.9.1) with AarToClassTransform
Transforming savedstate-release.aar (androidx.savedstate:savedstate-android:1.3.0) with AarToClassTransform
Transforming lifecycle-runtime-compose-release.aar (androidx.lifecycle:lifecycle-runtime-compose-android:2.9.1) with JetifyTransform
Transforming ui-release.aar (androidx.compose.ui:ui-android:1.7.8) with JetifyTransform
Transforming lifecycle-viewmodel-savedstate-release.aar (androidx.lifecycle:lifecycle-viewmodel-savedstate-android:2.9.1) with JetifyTransform
Transforming lifecycle-viewmodel-compose-release.aar (androidx.lifecycle:lifecycle-viewmodel-compose-android:2.9.1) with AarToClassTransform
Transforming core-ktx-1.13.1.aar (androidx.core:core-ktx:1.13.1) with JetifyTransform
Transforming lifecycle-livedata-core-2.9.1.aar (androidx.lifecycle:lifecycle-livedata-core:2.9.1) with AarToClassTransform
Transforming core-1.13.1.aar (androidx.core:core:1.13.1) with JetifyTransform
Transforming ui-release.aar (androidx.compose.ui:ui-android:1.7.8) with AarToClassTransform
Transforming core-1.13.1.aar (androidx.core:core:1.13.1) with JetifyTransform
Transforming core-1.13.1.aar (androidx.core:core:1.13.1) with JetifyTransform
Transforming core-1.13.1.aar (androidx.core:core:1.13.1) with JetifyTransform
Transforming core-1.13.1.aar (androidx.core:core:1.13.1) with JetifyTransform
Transforming core-ktx-1.13.1.aar (androidx.core:core-ktx:1.13.1) with AarToClassTransform
Transforming lifecycle-viewmodel-savedstate-release.aar (androidx.lifecycle:lifecycle-viewmodel-savedstate-android:2.9.1) with AarToClassTransform
Transforming core-1.13.1.aar (androidx.core:core:1.13.1) with JetifyTransform
Transforming lifecycle-common-jvm-2.9.1.jar (androidx.lifecycle:lifecycle-common-jvm:2.9.1) with IdentityTransform
Transforming lifecycle-runtime-compose-release.aar (androidx.lifecycle:lifecycle-runtime-compose-android:2.9.1) with AarToClassTransform
Transforming core-1.13.1.aar (androidx.core:core:1.13.1) with AarToClassTransform
Transforming core-1.13.1.aar (androidx.core:core:1.13.1) with AarToClassTransform
Transforming core-1.13.1.aar (androidx.core:core:1.13.1) with AarToClassTransform
Transforming core-1.13.1.aar (androidx.core:core:1.13.1) with AarToClassTransform
Transforming core-1.13.1.aar (androidx.core:core:1.13.1) with AarToClassTransform
Transforming core-1.13.1.aar (androidx.core:core:1.13.1) with AarToClassTransform
Transforming core-1.13.1.aar (androidx.core:core:1.13.1) with JetifyTransform
Transforming core-1.13.1.aar (androidx.core:core:1.13.1) with AarToClassTransform
Transforming datastore-core-okio-jvm-1.1.7.jar (androidx.datastore:datastore-core-okio-jvm:1.1.7) with JetifyTransform
Transforming datastore-core-release.aar (androidx.datastore:datastore-core-android:1.1.7) with JetifyTransform
Transforming datastore-preferences-core-release.aar (androidx.datastore:datastore-preferences-core-android:1.1.7) with JetifyTransform
Transforming datastore-core-release.aar (androidx.datastore:datastore-core-android:1.1.7) with AarToClassTransform
Transforming datastore-core-okio-jvm-1.1.7.jar (androidx.datastore:datastore-core-okio-jvm:1.1.7) with IdentityTransform
Transforming datastore-release.aar (androidx.datastore:datastore-android:1.1.7) with JetifyTransform
Transforming datastore-preferences-release.aar (androidx.datastore:datastore-preferences-android:1.1.7) with JetifyTransform
Transforming media3-exoplayer-1.4.1.aar (androidx.media3:media3-exoplayer:1.4.1) with JetifyTransform
Transforming media3-common-1.4.1.aar (androidx.media3:media3-common:1.4.1) with JetifyTransform
Transforming runtime-saveable-release.aar (androidx.compose.runtime:runtime-saveable-android:1.7.8) with JetifyTransform
Transforming media3-session-1.4.1.aar (androidx.media3:media3-session:1.4.1) with JetifyTransform
Transforming media3-container-1.4.1.aar (androidx.media3:media3-container:1.4.1) with JetifyTransform
Transforming runtime-release.aar (androidx.compose.runtime:runtime-android:1.7.8) with JetifyTransform
Transforming kotlinx-coroutines-core-jvm-1.8.1.jar (org.jetbrains.kotlinx:kotlinx-coroutines-core-jvm:1.8.1) with JetifyTransform
Transforming datastore-preferences-core-release.aar (androidx.datastore:datastore-preferences-core-android:1.1.7) with AarToClassTransform
Transforming datastore-preferences-release.aar (androidx.datastore:datastore-preferences-android:1.1.7) with AarToClassTransform
Transforming media3-exoplayer-1.4.1.aar (androidx.media3:media3-exoplayer:1.4.1) with AarToClassTransform
Transforming media3-common-1.4.1.aar (androidx.media3:media3-common:1.4.1) with AarToClassTransform
Transforming datastore-release.aar (androidx.datastore:datastore-android:1.1.7) with AarToClassTransform
Transforming runtime-release.aar (androidx.compose.runtime:runtime-android:1.7.8) with AarToClassTransform
Transforming runtime-saveable-release.aar (androidx.compose.runtime:runtime-saveable-android:1.7.8) with AarToClassTransform
Transforming media3-container-1.4.1.aar (androidx.media3:media3-container:1.4.1) with AarToClassTransform
Transforming kotlinx-coroutines-core-jvm-1.8.1.jar (org.jetbrains.kotlinx:kotlinx-coroutines-core-jvm:1.8.1) with IdentityTransform
Transforming media3-session-1.4.1.aar (androidx.media3:media3-session:1.4.1) with AarToClassTransform
Transforming documentfile-1.0.0.aar (androidx.documentfile:documentfile:1.0.0) with JetifyTransform
Transforming localbroadcastmanager-1.0.0.aar (androidx.localbroadcastmanager:localbroadcastmanager:1.0.0) with JetifyTransform
Transforming gifdecoder-4.15.1.aar (com.github.bumptech.glide:gifdecoder:4.15.1) with JetifyTransform
Transforming kotlinx-coroutines-android-1.8.1.jar (org.jetbrains.kotlinx:kotlinx-coroutines-android:1.8.1) with JetifyTransform
Transforming print-1.0.0.aar (androidx.print:print:1.0.0) with JetifyTransform
Transforming collection-jvm-1.4.4.jar (androidx.collection:collection-jvm:1.4.4) with JetifyTransform
Transforming core-runtime-2.2.0.aar (androidx.arch.core:core-runtime:2.2.0) with JetifyTransform
Transforming localbroadcastmanager-1.0.0.aar (androidx.localbroadcastmanager:localbroadcastmanager:1.0.0) with AarToClassTransform
Transforming gifdecoder-4.15.1.aar (com.github.bumptech.glide:gifdecoder:4.15.1) with AarToClassTransform
Transforming documentfile-1.0.0.aar (androidx.documentfile:documentfile:1.0.0) with AarToClassTransform
Transforming print-1.0.0.aar (androidx.print:print:1.0.0) with AarToClassTransform
Transforming kotlinx-coroutines-android-1.8.1.jar (org.jetbrains.kotlinx:kotlinx-coroutines-android:1.8.1) with IdentityTransform
Transforming kotlinx-serialization-core-jvm-1.7.3.jar (org.jetbrains.kotlinx:kotlinx-serialization-core-jvm:1.7.3) with JetifyTransform
Transforming core-runtime-2.2.0.aar (androidx.arch.core:core-runtime:2.2.0) with AarToClassTransform
Transforming okio-jvm-3.9.0.jar (com.squareup.okio:okio-jvm:3.9.0) with JetifyTransform
Transforming media3-ui-1.4.1.aar (androidx.media3:media3-ui:1.4.1) with JetifyTransform
Transforming guava-33.0.0-android.jar (com.google.guava:guava:33.0.0-android) with JetifyTransform
Transforming collection-jvm-1.4.4.jar (androidx.collection:collection-jvm:1.4.4) with IdentityTransform
Transforming lottie-6.4.1.aar (com.airbnb.android:lottie:6.4.1) with JetifyTransform
Transforming kotlinx-serialization-core-jvm-1.7.3.jar (org.jetbrains.kotlinx:kotlinx-serialization-core-jvm:1.7.3) with IdentityTransform
Transforming media3-ui-1.4.1.aar (androidx.media3:media3-ui:1.4.1) with AarToClassTransform
Transforming exifinterface-1.3.7.aar (androidx.exifinterface:exifinterface:1.3.7) with JetifyTransform
Transforming disklrucache-4.15.1.jar (com.github.bumptech.glide:disklrucache:4.15.1) with JetifyTransform
Transforming okio-jvm-3.9.0.jar (com.squareup.okio:okio-jvm:3.9.0) with IdentityTransform
Transforming guava-33.0.0-android.jar (com.google.guava:guava:33.0.0-android) with IdentityTransform
Transforming listenablefuture-9999.0-empty-to-avoid-conflict-with-guava.jar (com.google.guava:listenablefuture:9999.0-empty-to-avoid-conflict-with-guava) with IdentityTransform
Transforming annotations-4.15.1.jar (com.github.bumptech.glide:annotations:4.15.1) with JetifyTransform
Transforming lottie-6.4.1.aar (com.airbnb.android:lottie:6.4.1) with AarToClassTransform
Transforming media3-datasource-1.4.1.aar (androidx.media3:media3-datasource:1.4.1) with JetifyTransform
Transforming media3-database-1.4.1.aar (androidx.media3:media3-database:1.4.1) with JetifyTransform
Transforming failureaccess-1.0.2.jar (com.google.guava:failureaccess:1.0.2) with IdentityTransform
Transforming exifinterface-1.3.7.aar (androidx.exifinterface:exifinterface:1.3.7) with AarToClassTransform
Transforming media3-decoder-1.4.1.aar (androidx.media3:media3-decoder:1.4.1) with JetifyTransform
Transforming disklrucache-4.15.1.jar (com.github.bumptech.glide:disklrucache:4.15.1) with IdentityTransform
Transforming annotations-4.15.1.jar (com.github.bumptech.glide:annotations:4.15.1) with IdentityTransform
Transforming media3-extractor-1.4.1.aar (androidx.media3:media3-extractor:1.4.1) with JetifyTransform
Transforming window-1.0.0.aar (androidx.window:window:1.0.0) with JetifyTransform
Transforming media3-datasource-1.4.1.aar (androidx.media3:media3-datasource:1.4.1) with AarToClassTransform
Transforming okhttp-4.12.0.jar (com.squareup.okhttp3:okhttp:4.12.0) with JetifyTransform
Transforming media3-decoder-1.4.1.aar (androidx.media3:media3-decoder:1.4.1) with AarToClassTransform
Transforming media3-database-1.4.1.aar (androidx.media3:media3-database:1.4.1) with AarToClassTransform
Transforming okhttp-4.12.0.jar (com.squareup.okhttp3:okhttp:4.12.0) with IdentityTransform
Transforming media3-extractor-1.4.1.aar (androidx.media3:media3-extractor:1.4.1) with AarToClassTransform
Transforming window-1.0.0.aar (androidx.window:window:1.0.0) with AarToClassTransform
Transforming R.jar with ClasspathEntrySnapshotTransform
Transforming jetified-lottie-compose-6.4.1-api.jar with ClasspathEntrySnapshotTransform
Transforming jetified-accompanist-systemuicontroller-0.34.0-api.jar with ClasspathEntrySnapshotTransform
Transforming jetified-accompanist-adaptive-0.34.0-api.jar with ClasspathEntrySnapshotTransform
Transforming jetified-accompanist-permissions-0.37.3-api.jar with ClasspathEntrySnapshotTransform
Transforming jetified-coil-compose-2.7.0-api.jar with ClasspathEntrySnapshotTransform
Transforming jetified-hilt-android-2.51.1-api.jar with ClasspathEntrySnapshotTransform
Transforming classes.jar with ClasspathEntrySnapshotTransform
Transforming jetified-constraintlayout-compose-1.0.1-api.jar with ClasspathEntrySnapshotTransform
Transforming jetified-coil-compose-base-2.7.0-api.jar with ClasspathEntrySnapshotTransform
Transforming jetified-coil-2.7.0-api.jar with ClasspathEntrySnapshotTransform
Transforming jetified-coil-base-2.7.0-api.jar with ClasspathEntrySnapshotTransform
Transforming jetified-okhttp-4.12.0.jar with ClasspathEntrySnapshotTransform
Transforming jetified-kotlin-stdlib-jdk8-1.9.25.jar with ClasspathEntrySnapshotTransform
Transforming jetified-window-1.0.0-api.jar with ClasspathEntrySnapshotTransform
Transforming palette-1.0.0-api.jar with ClasspathEntrySnapshotTransform
Transforming legacy-support-core-utils-1.0.0-api.jar with ClasspathEntrySnapshotTransform
Transforming jetified-glide-4.15.1-api.jar with ClasspathEntrySnapshotTransform
Transforming fragment-1.5.1-api.jar with ClasspathEntrySnapshotTransform
Transforming jetified-activity-1.9.0-api.jar with ClasspathEntrySnapshotTransform
Transforming loader-1.0.0-api.jar with ClasspathEntrySnapshotTransform
Transforming jetified-material3-window-size-class-release-api.jar with ClasspathEntrySnapshotTransform
Transforming jetified-material3-release-api.jar with ClasspathEntrySnapshotTransform
Transforming jetified-ui-util-release-api.jar with ClasspathEntrySnapshotTransform
Transforming jetified-ui-unit-release-api.jar with ClasspathEntrySnapshotTransform
Transforming jetified-ui-text-release-api.jar with ClasspathEntrySnapshotTransform
Transforming jetified-ui-graphics-release-api.jar with ClasspathEntrySnapshotTransform
Transforming jetified-foundation-layout-release-api.jar with ClasspathEntrySnapshotTransform
Transforming jetified-material-icons-core-release-api.jar with ClasspathEntrySnapshotTransform
Transforming jetified-material-icons-extended-release-api.jar with ClasspathEntrySnapshotTransform
Transforming jetified-material-ripple-release-api.jar with ClasspathEntrySnapshotTransform
Transforming jetified-foundation-release-api.jar with ClasspathEntrySnapshotTransform
Transforming jetified-animation-core-release-api.jar with ClasspathEntrySnapshotTransform
Transforming jetified-animation-release-api.jar with ClasspathEntrySnapshotTransform
Transforming jetified-ui-geometry-release-api.jar with ClasspathEntrySnapshotTransform
Transforming jetified-ui-tooling-preview-release-api.jar with ClasspathEntrySnapshotTransform
Transforming jetified-lifecycle-livedata-core-ktx-2.9.1-api.jar with ClasspathEntrySnapshotTransform
Transforming jetified-lifecycle-runtime-ktx-api.jar with ClasspathEntrySnapshotTransform
Transforming lifecycle-livedata-2.9.1-api.jar with ClasspathEntrySnapshotTransform
Transforming jetified-lifecycle-runtime-release-api.jar with ClasspathEntrySnapshotTransform
Transforming lifecycle-viewmodel-2.9.1-api.jar with ClasspathEntrySnapshotTransform
Transforming jetified-lifecycle-viewmodel-release-api.jar with ClasspathEntrySnapshotTransform
Transforming jetified-savedstate-release-api.jar with ClasspathEntrySnapshotTransform
Transforming jetified-lifecycle-common-jvm-2.9.1.jar with ClasspathEntrySnapshotTransform
Transforming lifecycle-livedata-core-2.9.1-api.jar with ClasspathEntrySnapshotTransform
Transforming jetified-lifecycle-viewmodel-compose-release-api.jar with ClasspathEntrySnapshotTransform
Transforming jetified-ui-release-api.jar with ClasspathEntrySnapshotTransform
Transforming jetified-lifecycle-runtime-compose-release-api.jar with ClasspathEntrySnapshotTransform
Transforming jetified-lifecycle-viewmodel-savedstate-release-api.jar with ClasspathEntrySnapshotTransform
Transforming jetified-core-ktx-1.13.1-api.jar with ClasspathEntrySnapshotTransform
Transforming viewpager-1.0.0-api.jar with ClasspathEntrySnapshotTransform
Transforming vectordrawable-animated-1.1.0-api.jar with ClasspathEntrySnapshotTransform
Transforming vectordrawable-1.1.0-api.jar with ClasspathEntrySnapshotTransform
Transforming customview-1.0.0-api.jar with ClasspathEntrySnapshotTransform
Transforming core-1.13.1-api.jar with ClasspathEntrySnapshotTransform
Transforming jetified-datastore-core-okio-jvm-1.1.7.jar with ClasspathEntrySnapshotTransform
Transforming jetified-datastore-core-release-api.jar with ClasspathEntrySnapshotTransform
Transforming jetified-datastore-preferences-core-release-api.jar with ClasspathEntrySnapshotTransform
Transforming jetified-datastore-release-api.jar with ClasspathEntrySnapshotTransform
Transforming jetified-datastore-preferences-release-api.jar with ClasspathEntrySnapshotTransform
Transforming jetified-media3-exoplayer-1.4.1-api.jar with ClasspathEntrySnapshotTransform
Transforming jetified-media3-session-1.4.1-api.jar with ClasspathEntrySnapshotTransform
Transforming jetified-media3-container-1.4.1-api.jar with ClasspathEntrySnapshotTransform
Transforming jetified-media3-common-1.4.1-api.jar with ClasspathEntrySnapshotTransform
Transforming jetified-runtime-saveable-release-api.jar with ClasspathEntrySnapshotTransform
Transforming jetified-runtime-release-api.jar with ClasspathEntrySnapshotTransform
Transforming jetified-annotation-experimental-1.4.1-api.jar with ClasspathEntrySnapshotTransform
Transforming jetified-kotlin-stdlib-jdk7-1.9.25.jar with ClasspathEntrySnapshotTransform
Transforming jetified-kotlinx-coroutines-core-jvm-1.8.1.jar with ClasspathEntrySnapshotTransform
Transforming jetified-kotlinx-coroutines-android-1.8.1.jar with ClasspathEntrySnapshotTransform
Transforming jetified-gifdecoder-4.15.1-api.jar with ClasspathEntrySnapshotTransform
Transforming versionedparcelable-1.1.1-api.jar with ClasspathEntrySnapshotTransform
Transforming documentfile-1.0.0-api.jar with ClasspathEntrySnapshotTransform
Transforming localbroadcastmanager-1.0.0-api.jar with ClasspathEntrySnapshotTransform
Transforming print-1.0.0-api.jar with ClasspathEntrySnapshotTransform
Transforming interpolator-1.0.0-api.jar with ClasspathEntrySnapshotTransform
Transforming jetified-collection-jvm-1.4.4.jar with ClasspathEntrySnapshotTransform
Transforming core-runtime-2.2.0-api.jar with ClasspathEntrySnapshotTransform
Transforming core-common-2.2.0.jar with ClasspathEntrySnapshotTransform
Transforming jetified-annotation-jvm-1.9.1.jar with ClasspathEntrySnapshotTransform
Transforming jetified-kotlinx-serialization-core-jvm-1.7.3.jar with ClasspathEntrySnapshotTransform
Transforming jetified-okio-jvm-3.9.0.jar with ClasspathEntrySnapshotTransform
Transforming jetified-kotlin-stdlib-1.9.25.jar with ClasspathEntrySnapshotTransform
Transforming jetified-media3-ui-1.4.1-api.jar with ClasspathEntrySnapshotTransform
Transforming jetified-annotations-23.0.0.jar with ClasspathEntrySnapshotTransform
Transforming jetified-guava-33.0.0-android.jar with ClasspathEntrySnapshotTransform
Transforming jetified-listenablefuture-9999.0-empty-to-avoid-conflict-with-guava.jar with ClasspathEntrySnapshotTransform
Transforming jetified-jspecify-1.0.0.jar with ClasspathEntrySnapshotTransform
Transforming jetified-tracing-1.0.0-api.jar with ClasspathEntrySnapshotTransform
Transforming jetified-lottie-6.4.1-api.jar with ClasspathEntrySnapshotTransform
Transforming exifinterface-1.3.7-api.jar with ClasspathEntrySnapshotTransform
Transforming jetified-disklrucache-4.15.1.jar with ClasspathEntrySnapshotTransform
Transforming jetified-annotations-4.15.1.jar with ClasspathEntrySnapshotTransform
Transforming jetified-failureaccess-1.0.2.jar with ClasspathEntrySnapshotTransform
Transforming jetified-media3-database-1.4.1-api.jar with ClasspathEntrySnapshotTransform
Transforming jetified-media3-datasource-1.4.1-api.jar with ClasspathEntrySnapshotTransform
Transforming jetified-media3-decoder-1.4.1-api.jar with ClasspathEntrySnapshotTransform
Transforming jetified-media3-extractor-1.4.1-api.jar with ClasspathEntrySnapshotTransform
Transforming jetified-hilt-core-2.51.1.jar with ClasspathEntrySnapshotTransform
Transforming jetified-dagger-2.51.1.jar with ClasspathEntrySnapshotTransform
Transforming jetified-javax.inject-1.jar with ClasspathEntrySnapshotTransform
Transforming jetified-dagger-lint-aar-2.51.1-api.jar with ClasspathEntrySnapshotTransform
Transforming jetified-jsr305-3.0.2.jar with ClasspathEntrySnapshotTransform
Transforming android.jar with ClasspathEntrySnapshotTransform
Transforming core-lambda-stubs.jar with ClasspathEntrySnapshotTransform
file or directory 'C:\Users\xmeta\projects\Mr.Comic\android\core-ui\src\debug\kotlin', not found
file or directory 'C:\Users\xmeta\projects\Mr.Comic\android\core-ui\src\debug\java', not found
file or directory 'C:\Users\xmeta\projects\Mr.Comic\android\core-ui\src\main\kotlin', not found
file or directory 'C:\Users\xmeta\projects\Mr.Comic\android\core-ui\src\debug\java', not found
Build cache key for task ':android:core-ui:kspDebugKotlin' is 4b1740e4f5646c3d0ec86986cffd1030
Skipping task ':android:core-ui:kspDebugKotlin' as it is up-to-date.
Resolve mutations for :android:core-ui:compileDebugKotlin (Thread[Execution worker Thread 7,5,main]) started.
:android:core-ui:compileDebugKotlin (Thread[Execution worker Thread 7,5,main]) started.

> Task :android:core-ui:compileDebugKotlin UP-TO-DATE
Transforming R.jar with ClasspathEntrySnapshotTransform
Transforming jetified-lottie-compose-6.4.1-api.jar with ClasspathEntrySnapshotTransform
Transforming jetified-accompanist-systemuicontroller-0.34.0-api.jar with ClasspathEntrySnapshotTransform
Transforming jetified-accompanist-adaptive-0.34.0-api.jar with ClasspathEntrySnapshotTransform
Transforming jetified-accompanist-permissions-0.37.3-api.jar with ClasspathEntrySnapshotTransform
Transforming jetified-coil-compose-2.7.0-api.jar with ClasspathEntrySnapshotTransform
Transforming jetified-hilt-android-2.51.1-api.jar with ClasspathEntrySnapshotTransform
Transforming classes.jar with ClasspathEntrySnapshotTransform
Transforming jetified-constraintlayout-compose-1.0.1-api.jar with ClasspathEntrySnapshotTransform
Transforming jetified-coil-compose-base-2.7.0-api.jar with ClasspathEntrySnapshotTransform
Transforming jetified-coil-2.7.0-api.jar with ClasspathEntrySnapshotTransform
Transforming jetified-coil-base-2.7.0-api.jar with ClasspathEntrySnapshotTransform
Transforming jetified-okhttp-4.12.0.jar with ClasspathEntrySnapshotTransform
Transforming jetified-kotlin-stdlib-jdk8-1.9.25.jar with ClasspathEntrySnapshotTransform
Transforming jetified-window-1.0.0-api.jar with ClasspathEntrySnapshotTransform
Transforming palette-1.0.0-api.jar with ClasspathEntrySnapshotTransform
Transforming legacy-support-core-utils-1.0.0-api.jar with ClasspathEntrySnapshotTransform
Transforming jetified-glide-4.15.1-api.jar with ClasspathEntrySnapshotTransform
Transforming fragment-1.5.1-api.jar with ClasspathEntrySnapshotTransform
Transforming jetified-activity-1.9.0-api.jar with ClasspathEntrySnapshotTransform
Transforming loader-1.0.0-api.jar with ClasspathEntrySnapshotTransform
Transforming jetified-material3-window-size-class-release-api.jar with ClasspathEntrySnapshotTransform
Transforming jetified-material3-release-api.jar with ClasspathEntrySnapshotTransform
Transforming jetified-ui-util-release-api.jar with ClasspathEntrySnapshotTransform
Transforming jetified-ui-unit-release-api.jar with ClasspathEntrySnapshotTransform
Transforming jetified-ui-text-release-api.jar with ClasspathEntrySnapshotTransform
Transforming jetified-ui-graphics-release-api.jar with ClasspathEntrySnapshotTransform
Transforming jetified-foundation-layout-release-api.jar with ClasspathEntrySnapshotTransform
Transforming jetified-material-icons-core-release-api.jar with ClasspathEntrySnapshotTransform
Transforming jetified-material-icons-extended-release-api.jar with ClasspathEntrySnapshotTransform
Transforming jetified-material-ripple-release-api.jar with ClasspathEntrySnapshotTransform
Transforming jetified-foundation-release-api.jar with ClasspathEntrySnapshotTransform
Transforming jetified-animation-core-release-api.jar with ClasspathEntrySnapshotTransform
Transforming jetified-animation-release-api.jar with ClasspathEntrySnapshotTransform
Transforming jetified-ui-geometry-release-api.jar with ClasspathEntrySnapshotTransform
Transforming jetified-ui-tooling-preview-release-api.jar with ClasspathEntrySnapshotTransform
Transforming jetified-lifecycle-livedata-core-ktx-2.9.1-api.jar with ClasspathEntrySnapshotTransform
Transforming jetified-lifecycle-runtime-ktx-api.jar with ClasspathEntrySnapshotTransform
Transforming lifecycle-livedata-2.9.1-api.jar with ClasspathEntrySnapshotTransform
Transforming jetified-lifecycle-runtime-release-api.jar with ClasspathEntrySnapshotTransform
Transforming lifecycle-viewmodel-2.9.1-api.jar with ClasspathEntrySnapshotTransform
Transforming jetified-lifecycle-viewmodel-release-api.jar with ClasspathEntrySnapshotTransform
Transforming jetified-savedstate-release-api.jar with ClasspathEntrySnapshotTransform
Transforming jetified-lifecycle-common-jvm-2.9.1.jar with ClasspathEntrySnapshotTransform
Transforming lifecycle-livedata-core-2.9.1-api.jar with ClasspathEntrySnapshotTransform
Transforming jetified-lifecycle-viewmodel-compose-release-api.jar with ClasspathEntrySnapshotTransform
Transforming jetified-ui-release-api.jar with ClasspathEntrySnapshotTransform
Transforming jetified-lifecycle-runtime-compose-release-api.jar with ClasspathEntrySnapshotTransform
Transforming jetified-lifecycle-viewmodel-savedstate-release-api.jar with ClasspathEntrySnapshotTransform
Transforming jetified-core-ktx-1.13.1-api.jar with ClasspathEntrySnapshotTransform
Transforming viewpager-1.0.0-api.jar with ClasspathEntrySnapshotTransform
Transforming vectordrawable-animated-1.1.0-api.jar with ClasspathEntrySnapshotTransform
Transforming vectordrawable-1.1.0-api.jar with ClasspathEntrySnapshotTransform
Transforming customview-1.0.0-api.jar with ClasspathEntrySnapshotTransform
Transforming core-1.13.1-api.jar with ClasspathEntrySnapshotTransform
Transforming jetified-datastore-core-okio-jvm-1.1.7.jar with ClasspathEntrySnapshotTransform
Transforming jetified-datastore-core-release-api.jar with ClasspathEntrySnapshotTransform
Transforming jetified-datastore-preferences-core-release-api.jar with ClasspathEntrySnapshotTransform
Transforming jetified-datastore-release-api.jar with ClasspathEntrySnapshotTransform
Transforming jetified-datastore-preferences-release-api.jar with ClasspathEntrySnapshotTransform
Transforming jetified-media3-exoplayer-1.4.1-api.jar with ClasspathEntrySnapshotTransform
Transforming jetified-media3-session-1.4.1-api.jar with ClasspathEntrySnapshotTransform
Transforming jetified-media3-container-1.4.1-api.jar with ClasspathEntrySnapshotTransform
Transforming jetified-media3-common-1.4.1-api.jar with ClasspathEntrySnapshotTransform
Transforming jetified-runtime-saveable-release-api.jar with ClasspathEntrySnapshotTransform
Transforming jetified-runtime-release-api.jar with ClasspathEntrySnapshotTransform
Transforming jetified-annotation-experimental-1.4.1-api.jar with ClasspathEntrySnapshotTransform
Transforming jetified-kotlin-stdlib-jdk7-1.9.25.jar with ClasspathEntrySnapshotTransform
Transforming jetified-kotlinx-coroutines-core-jvm-1.8.1.jar with ClasspathEntrySnapshotTransform
Transforming jetified-kotlinx-coroutines-android-1.8.1.jar with ClasspathEntrySnapshotTransform
Transforming jetified-gifdecoder-4.15.1-api.jar with ClasspathEntrySnapshotTransform
Transforming versionedparcelable-1.1.1-api.jar with ClasspathEntrySnapshotTransform
Transforming documentfile-1.0.0-api.jar with ClasspathEntrySnapshotTransform
Transforming localbroadcastmanager-1.0.0-api.jar with ClasspathEntrySnapshotTransform
Transforming print-1.0.0-api.jar with ClasspathEntrySnapshotTransform
Transforming interpolator-1.0.0-api.jar with ClasspathEntrySnapshotTransform
Transforming jetified-collection-jvm-1.4.4.jar with ClasspathEntrySnapshotTransform
Transforming core-runtime-2.2.0-api.jar with ClasspathEntrySnapshotTransform
Transforming core-common-2.2.0.jar with ClasspathEntrySnapshotTransform
Transforming jetified-annotation-jvm-1.9.1.jar with ClasspathEntrySnapshotTransform
Transforming jetified-kotlinx-serialization-core-jvm-1.7.3.jar with ClasspathEntrySnapshotTransform
Transforming jetified-okio-jvm-3.9.0.jar with ClasspathEntrySnapshotTransform
Transforming jetified-kotlin-stdlib-1.9.25.jar with ClasspathEntrySnapshotTransform
Transforming jetified-media3-ui-1.4.1-api.jar with ClasspathEntrySnapshotTransform
Transforming jetified-annotations-23.0.0.jar with ClasspathEntrySnapshotTransform
Transforming jetified-guava-33.0.0-android.jar with ClasspathEntrySnapshotTransform
Transforming jetified-listenablefuture-9999.0-empty-to-avoid-conflict-with-guava.jar with ClasspathEntrySnapshotTransform
Transforming jetified-jspecify-1.0.0.jar with ClasspathEntrySnapshotTransform
Transforming jetified-tracing-1.0.0-api.jar with ClasspathEntrySnapshotTransform
Transforming jetified-lottie-6.4.1-api.jar with ClasspathEntrySnapshotTransform
Transforming exifinterface-1.3.7-api.jar with ClasspathEntrySnapshotTransform
Transforming jetified-disklrucache-4.15.1.jar with ClasspathEntrySnapshotTransform
Transforming jetified-annotations-4.15.1.jar with ClasspathEntrySnapshotTransform
Transforming jetified-failureaccess-1.0.2.jar with ClasspathEntrySnapshotTransform
Transforming jetified-media3-database-1.4.1-api.jar with ClasspathEntrySnapshotTransform
Transforming jetified-media3-datasource-1.4.1-api.jar with ClasspathEntrySnapshotTransform
Transforming jetified-media3-decoder-1.4.1-api.jar with ClasspathEntrySnapshotTransform
Transforming jetified-media3-extractor-1.4.1-api.jar with ClasspathEntrySnapshotTransform
Transforming jetified-hilt-core-2.51.1.jar with ClasspathEntrySnapshotTransform
Transforming jetified-dagger-2.51.1.jar with ClasspathEntrySnapshotTransform
Transforming jetified-javax.inject-1.jar with ClasspathEntrySnapshotTransform
Transforming jetified-dagger-lint-aar-2.51.1-api.jar with ClasspathEntrySnapshotTransform
Transforming jetified-jsr305-3.0.2.jar with ClasspathEntrySnapshotTransform
Transforming android.jar with ClasspathEntrySnapshotTransform
Transforming core-lambda-stubs.jar with ClasspathEntrySnapshotTransform
Build cache key for task ':android:core-ui:compileDebugKotlin' is f75de27f48121a413165aaa4513ba2f9
Skipping task ':android:core-ui:compileDebugKotlin' as it is up-to-date.
Resolve mutations for :android:core-ui:compileDebugJavaWithJavac (Thread[Execution worker Thread 7,5,main]) started.
:android:core-ui:compileDebugJavaWithJavac (Thread[Execution worker Thread 7,5,main]) started.

> Task :android:core-ui:compileDebugJavaWithJavac UP-TO-DATE
file or directory 'C:\Users\xmeta\projects\Mr.Comic\android\core-ui\build\generated\ksp\debug\classes', not found
Transforming core-for-system-modules.jar with JdkImageTransform
Transforming core-for-system-modules.jar with JdkImageTransform
Transforming core-for-system-modules.jar with JdkImageTransform
Transforming core-for-system-modules.jar with JdkImageTransform
file or directory 'C:\Users\xmeta\projects\Mr.Comic\android\core-ui\build\generated\ksp\debug\classes', not found
Transforming core-for-system-modules.jar with JdkImageTransform
Transforming core-for-system-modules.jar with JdkImageTransform
Custom actions are attached to task ':android:core-ui:compileDebugJavaWithJavac'.
Build cache key for task ':android:core-ui:compileDebugJavaWithJavac' is 7deba3f676ac1624bbf4455ac012d3bb
Skipping task ':android:core-ui:compileDebugJavaWithJavac' as it is up-to-date.
No compile result for :android:core-ui:compileDebugJavaWithJavac
No compile result for :android:core-ui:compileDebugJavaWithJavac
Resolve mutations for :android:core-ui:transformDebugClassesWithAsm (Thread[Execution worker Thread 7,5,main]) started.
:android:core-ui:transformDebugClassesWithAsm (Thread[Execution worker Thread 7,5,main]) started.

> Task :android:core-ui:transformDebugClassesWithAsm UP-TO-DATE
file or directory 'C:\Users\xmeta\projects\Mr.Comic\android\core-ui\build\generated\ksp\debug\classes', not found
file or directory 'C:\Users\xmeta\projects\Mr.Comic\android\core-ui\build\generated\ksp\debug\classes', not found
Transforming lottie-compose-6.4.1.aar (com.airbnb.android:lottie-compose:6.4.1) with JetifyTransform
Transforming lottie-compose-6.4.1.aar (com.airbnb.android:lottie-compose:6.4.1) with AarToClassTransform
Transforming accompanist-systemuicontroller-0.34.0.aar (com.google.accompanist:accompanist-systemuicontroller:0.34.0) with JetifyTransform
Transforming accompanist-systemuicontroller-0.34.0.aar (com.google.accompanist:accompanist-systemuicontroller:0.34.0) with AarToClassTransform
Transforming accompanist-adaptive-0.34.0.aar (com.google.accompanist:accompanist-adaptive:0.34.0) with JetifyTransform
Transforming accompanist-adaptive-0.34.0.aar (com.google.accompanist:accompanist-adaptive:0.34.0) with AarToClassTransform
Transforming accompanist-permissions-0.37.3.aar (com.google.accompanist:accompanist-permissions:0.37.3) with JetifyTransform
Transforming accompanist-permissions-0.37.3.aar (com.google.accompanist:accompanist-permissions:0.37.3) with AarToClassTransform
Transforming coil-compose-2.7.0.aar (io.coil-kt:coil-compose:2.7.0) with JetifyTransform
Transforming coil-compose-2.7.0.aar (io.coil-kt:coil-compose:2.7.0) with AarToClassTransform
Transforming hilt-android-2.51.1.aar (com.google.dagger:hilt-android:2.51.1) with JetifyTransform
Transforming hilt-android-2.51.1.aar (com.google.dagger:hilt-android:2.51.1) with AarToClassTransform
Transforming material3-release.aar (androidx.compose.material3:material3-android:1.2.1) with JetifyTransform
Transforming material3-release.aar (androidx.compose.material3:material3-android:1.2.1) with AarToClassTransform
Transforming material3-window-size-class-release.aar (androidx.compose.material3:material3-window-size-class-android:1.2.1) with JetifyTransform
Transforming material3-window-size-class-release.aar (androidx.compose.material3:material3-window-size-class-android:1.2.1) with AarToClassTransform
Transforming window-1.0.0.aar (androidx.window:window:1.0.0) with JetifyTransform
Transforming window-1.0.0.aar (androidx.window:window:1.0.0) with AarToClassTransform
Transforming glide-4.15.1.aar (com.github.bumptech.glide:glide:4.15.1) with JetifyTransform
Transforming glide-4.15.1.aar (com.github.bumptech.glide:glide:4.15.1) with AarToClassTransform
Transforming lottie-6.4.1.aar (com.airbnb.android:lottie:6.4.1) with JetifyTransform
Transforming lottie-6.4.1.aar (com.airbnb.android:lottie:6.4.1) with AarToClassTransform
Transforming coil-compose-base-2.7.0.aar (io.coil-kt:coil-compose-base:2.7.0) with JetifyTransform
Transforming coil-compose-base-2.7.0.aar (io.coil-kt:coil-compose-base:2.7.0) with AarToClassTransform
Transforming coil-2.7.0.aar (io.coil-kt:coil:2.7.0) with JetifyTransform
Transforming coil-2.7.0.aar (io.coil-kt:coil:2.7.0) with AarToClassTransform
Transforming coil-base-2.7.0.aar (io.coil-kt:coil-base:2.7.0) with JetifyTransform
Transforming coil-base-2.7.0.aar (io.coil-kt:coil-base:2.7.0) with AarToClassTransform
Transforming appcompat-resources-1.6.1.aar (androidx.appcompat:appcompat-resources:1.6.1) with JetifyTransform
Transforming appcompat-resources-1.6.1.aar (androidx.appcompat:appcompat-resources:1.6.1) with AarToClassTransform
Transforming appcompat-1.6.1.aar (androidx.appcompat:appcompat:1.6.1) with JetifyTransform
Transforming appcompat-1.6.1.aar (androidx.appcompat:appcompat:1.6.1) with AarToClassTransform
Transforming fragment-1.5.1.aar (androidx.fragment:fragment:1.5.1) with JetifyTransform
Transforming fragment-1.5.1.aar (androidx.fragment:fragment:1.5.1) with AarToClassTransform
Transforming constraintlayout-compose-1.0.1.aar (androidx.constraintlayout:constraintlayout-compose:1.0.1) with JetifyTransform
Transforming constraintlayout-compose-1.0.1.aar (androidx.constraintlayout:constraintlayout-compose:1.0.1) with AarToClassTransform
Transforming palette-1.0.0.aar (androidx.palette:palette:1.0.0) with JetifyTransform
Transforming palette-1.0.0.aar (androidx.palette:palette:1.0.0) with AarToClassTransform
Transforming legacy-support-core-utils-1.0.0.aar (androidx.legacy:legacy-support-core-utils:1.0.0) with JetifyTransform
Transforming legacy-support-core-utils-1.0.0.aar (androidx.legacy:legacy-support-core-utils:1.0.0) with AarToClassTransform
Transforming loader-1.0.0.aar (androidx.loader:loader:1.0.0) with JetifyTransform
Transforming loader-1.0.0.aar (androidx.loader:loader:1.0.0) with AarToClassTransform
Transforming loader-1.0.0.aar (androidx.loader:loader:1.0.0) with JetifyTransform
Transforming loader-1.0.0.aar (androidx.loader:loader:1.0.0) with AarToClassTransform
Transforming material-ripple-release.aar (androidx.compose.material:material-ripple-android:1.6.8) with JetifyTransform
Transforming material-ripple-release.aar (androidx.compose.material:material-ripple-android:1.6.8) with AarToClassTransform
Transforming material-icons-core-release.aar (androidx.compose.material:material-icons-core-android:1.6.8) with JetifyTransform
Transforming material-icons-core-release.aar (androidx.compose.material:material-icons-core-android:1.6.8) with AarToClassTransform
Transforming material-icons-extended-release.aar (androidx.compose.material:material-icons-extended-android:1.6.8) with JetifyTransform
Transforming material-icons-extended-release.aar (androidx.compose.material:material-icons-extended-android:1.6.8) with AarToClassTransform
Transforming ui-tooling-preview-release.aar (androidx.compose.ui:ui-tooling-preview-android:1.7.8) with JetifyTransform
Transforming ui-tooling-preview-release.aar (androidx.compose.ui:ui-tooling-preview-android:1.7.8) with AarToClassTransform
Transforming animation-core-release.aar (androidx.compose.animation:animation-core-android:1.7.8) with JetifyTransform
Transforming animation-core-release.aar (androidx.compose.animation:animation-core-android:1.7.8) with AarToClassTransform
Transforming animation-release.aar (androidx.compose.animation:animation-android:1.7.8) with JetifyTransform
Transforming animation-release.aar (androidx.compose.animation:animation-android:1.7.8) with AarToClassTransform
Transforming foundation-layout-release.aar (androidx.compose.foundation:foundation-layout-android:1.7.8) with JetifyTransform
Transforming foundation-layout-release.aar (androidx.compose.foundation:foundation-layout-android:1.7.8) with AarToClassTransform
Transforming foundation-release.aar (androidx.compose.foundation:foundation-android:1.7.8) with JetifyTransform
Transforming foundation-release.aar (androidx.compose.foundation:foundation-android:1.7.8) with AarToClassTransform
Transforming ui-util-release.aar (androidx.compose.ui:ui-util-android:1.7.8) with JetifyTransform
Transforming ui-util-release.aar (androidx.compose.ui:ui-util-android:1.7.8) with AarToClassTransform
Transforming ui-unit-release.aar (androidx.compose.ui:ui-unit-android:1.7.8) with JetifyTransform
Transforming ui-unit-release.aar (androidx.compose.ui:ui-unit-android:1.7.8) with AarToClassTransform
Transforming ui-graphics-release.aar (androidx.compose.ui:ui-graphics-android:1.7.8) with JetifyTransform
Transforming ui-graphics-release.aar (androidx.compose.ui:ui-graphics-android:1.7.8) with AarToClassTransform
Transforming ui-geometry-release.aar (androidx.compose.ui:ui-geometry-android:1.7.8) with JetifyTransform
Transforming ui-geometry-release.aar (androidx.compose.ui:ui-geometry-android:1.7.8) with AarToClassTransform
Transforming ui-text-release.aar (androidx.compose.ui:ui-text-android:1.7.8) with JetifyTransform
Transforming ui-text-release.aar (androidx.compose.ui:ui-text-android:1.7.8) with AarToClassTransform
Transforming material-release.aar (androidx.compose.material:material-android:1.6.8) with JetifyTransform
Transforming lifecycle-livedata-core-ktx-2.9.1.aar (androidx.lifecycle:lifecycle-livedata-core-ktx:2.9.1) with JetifyTransform
Transforming lifecycle-livedata-core-ktx-2.9.1.aar (androidx.lifecycle:lifecycle-livedata-core-ktx:2.9.1) with AarToClassTransform
Transforming lifecycle-runtime-ktx.aar (androidx.lifecycle:lifecycle-runtime-ktx-android:2.9.1) with JetifyTransform
Transforming lifecycle-runtime-ktx.aar (androidx.lifecycle:lifecycle-runtime-ktx-android:2.9.1) with AarToClassTransform
Transforming media3-ui-1.4.1.aar (androidx.media3:media3-ui:1.4.1) with JetifyTransform
Transforming media3-ui-1.4.1.aar (androidx.media3:media3-ui:1.4.1) with AarToClassTransform
Transforming media3-session-1.4.1.aar (androidx.media3:media3-session:1.4.1) with JetifyTransform
Transforming media3-session-1.4.1.aar (androidx.media3:media3-session:1.4.1) with AarToClassTransform
Transforming material-release.aar (androidx.compose.material:material-android:1.6.8) with AarToClassTransform
Transforming media3-extractor-1.4.1.aar (androidx.media3:media3-extractor:1.4.1) with JetifyTransform
Transforming media3-extractor-1.4.1.aar (androidx.media3:media3-extractor:1.4.1) with AarToClassTransform
Transforming media3-container-1.4.1.aar (androidx.media3:media3-container:1.4.1) with JetifyTransform
Transforming media3-container-1.4.1.aar (androidx.media3:media3-container:1.4.1) with AarToClassTransform
Transforming media3-datasource-1.4.1.aar (androidx.media3:media3-datasource:1.4.1) with JetifyTransform
Transforming media3-datasource-1.4.1.aar (androidx.media3:media3-datasource:1.4.1) with AarToClassTransform
Transforming emoji2-views-helper-1.3.0.aar (androidx.emoji2:emoji2-views-helper:1.3.0) with JetifyTransform
Transforming emoji2-1.3.0.aar (androidx.emoji2:emoji2:1.3.0) with JetifyTransform
Transforming lifecycle-process-2.9.1.aar (androidx.lifecycle:lifecycle-process:2.9.1) with JetifyTransform
Transforming media3-decoder-1.4.1.aar (androidx.media3:media3-decoder:1.4.1) with JetifyTransform
Transforming media3-decoder-1.4.1.aar (androidx.media3:media3-decoder:1.4.1) with AarToClassTransform
Transforming media3-database-1.4.1.aar (androidx.media3:media3-database:1.4.1) with JetifyTransform
Transforming media3-database-1.4.1.aar (androidx.media3:media3-database:1.4.1) with AarToClassTransform
Transforming media3-common-1.4.1.aar (androidx.media3:media3-common:1.4.1) with JetifyTransform
Transforming media3-common-1.4.1.aar (androidx.media3:media3-common:1.4.1) with AarToClassTransform
Transforming media3-exoplayer-1.4.1.aar (androidx.media3:media3-exoplayer:1.4.1) with JetifyTransform
Transforming media3-exoplayer-1.4.1.aar (androidx.media3:media3-exoplayer:1.4.1) with AarToClassTransform
Transforming vectordrawable-animated-1.1.0.aar (androidx.vectordrawable:vectordrawable-animated:1.1.0) with JetifyTransform
Transforming vectordrawable-animated-1.1.0.aar (androidx.vectordrawable:vectordrawable-animated:1.1.0) with AarToClassTransform
Transforming vectordrawable-1.1.0.aar (androidx.vectordrawable:vectordrawable:1.1.0) with JetifyTransform
Transforming vectordrawable-1.1.0.aar (androidx.vectordrawable:vectordrawable:1.1.0) with AarToClassTransform
Transforming vectordrawable-1.1.0.aar (androidx.vectordrawable:vectordrawable:1.1.0) with JetifyTransform
Transforming vectordrawable-1.1.0.aar (androidx.vectordrawable:vectordrawable:1.1.0) with AarToClassTransform
Transforming viewpager-1.0.0.aar (androidx.viewpager:viewpager:1.0.0) with JetifyTransform
Transforming viewpager-1.0.0.aar (androidx.viewpager:viewpager:1.0.0) with AarToClassTransform
Transforming emoji2-views-helper-1.3.0.aar (androidx.emoji2:emoji2-views-helper:1.3.0) with AarToClassTransform
Transforming drawerlayout-1.0.0.aar (androidx.drawerlayout:drawerlayout:1.0.0) with JetifyTransform
Transforming lifecycle-process-2.9.1.aar (androidx.lifecycle:lifecycle-process:2.9.1) with AarToClassTransform
Transforming emoji2-1.3.0.aar (androidx.emoji2:emoji2:1.3.0) with AarToClassTransform
Transforming media-1.7.0.aar (androidx.media:media:1.7.0) with JetifyTransform
Transforming drawerlayout-1.0.0.aar (androidx.drawerlayout:drawerlayout:1.0.0) with AarToClassTransform
Transforming customview-1.0.0.aar (androidx.customview:customview:1.0.0) with JetifyTransform
Transforming customview-1.0.0.aar (androidx.customview:customview:1.0.0) with AarToClassTransform
Transforming customview-1.0.0.aar (androidx.customview:customview:1.0.0) with JetifyTransform
Transforming customview-1.0.0.aar (androidx.customview:customview:1.0.0) with AarToClassTransform
Transforming savedstate-release.aar (androidx.savedstate:savedstate-android:1.3.0) with JetifyTransform
Transforming savedstate-release.aar (androidx.savedstate:savedstate-android:1.3.0) with AarToClassTransform
Transforming core-ktx-1.13.1.aar (androidx.core:core-ktx:1.13.1) with JetifyTransform
Transforming core-ktx-1.13.1.aar (androidx.core:core-ktx:1.13.1) with AarToClassTransform
Transforming core-1.13.1.aar (androidx.core:core:1.13.1) with JetifyTransform
Transforming core-1.13.1.aar (androidx.core:core:1.13.1) with AarToClassTransform
Transforming core-1.13.1.aar (androidx.core:core:1.13.1) with JetifyTransform
Transforming core-1.13.1.aar (androidx.core:core:1.13.1) with AarToClassTransform
Transforming recyclerview-1.3.0.aar (androidx.recyclerview:recyclerview:1.3.0) with JetifyTransform
Transforming core-1.13.1.aar (androidx.core:core:1.13.1) with JetifyTransform
Transforming core-1.13.1.aar (androidx.core:core:1.13.1) with AarToClassTransform
Transforming core-1.13.1.aar (androidx.core:core:1.13.1) with JetifyTransform
Transforming core-1.13.1.aar (androidx.core:core:1.13.1) with AarToClassTransform
Transforming autofill-1.0.0.aar (androidx.autofill:autofill:1.0.0) with JetifyTransform
Transforming core-1.13.1.aar (androidx.core:core:1.13.1) with JetifyTransform
Transforming core-1.13.1.aar (androidx.core:core:1.13.1) with AarToClassTransform
Transforming core-1.13.1.aar (androidx.core:core:1.13.1) with JetifyTransform
Transforming core-1.13.1.aar (androidx.core:core:1.13.1) with AarToClassTransform
Transforming core-1.13.1.aar (androidx.core:core:1.13.1) with JetifyTransform
Transforming core-1.13.1.aar (androidx.core:core:1.13.1) with AarToClassTransform
Transforming core-1.13.1.aar (androidx.core:core:1.13.1) with JetifyTransform
Transforming core-1.13.1.aar (androidx.core:core:1.13.1) with AarToClassTransform
Transforming core-1.13.1.aar (androidx.core:core:1.13.1) with JetifyTransform
Transforming core-1.13.1.aar (androidx.core:core:1.13.1) with AarToClassTransform
Transforming lifecycle-runtime-release.aar (androidx.lifecycle:lifecycle-runtime-android:2.9.1) with JetifyTransform
Transforming lifecycle-runtime-release.aar (androidx.lifecycle:lifecycle-runtime-android:2.9.1) with AarToClassTransform
Transforming lifecycle-viewmodel-savedstate-release.aar (androidx.lifecycle:lifecycle-viewmodel-savedstate-android:2.9.1) with JetifyTransform
Transforming customview-poolingcontainer-1.0.0.aar (androidx.customview:customview-poolingcontainer:1.0.0) with JetifyTransform
Transforming lifecycle-viewmodel-savedstate-release.aar (androidx.lifecycle:lifecycle-viewmodel-savedstate-android:2.9.1) with AarToClassTransform
Transforming lifecycle-viewmodel-2.9.1.aar (androidx.lifecycle:lifecycle-viewmodel:2.9.1) with JetifyTransform
Transforming lifecycle-viewmodel-2.9.1.aar (androidx.lifecycle:lifecycle-viewmodel:2.9.1) with AarToClassTransform
Transforming lifecycle-viewmodel-release.aar (androidx.lifecycle:lifecycle-viewmodel-android:2.9.1) with JetifyTransform
Transforming lifecycle-viewmodel-release.aar (androidx.lifecycle:lifecycle-viewmodel-android:2.9.1) with AarToClassTransform
Transforming lifecycle-common-jvm-2.9.1.jar (androidx.lifecycle:lifecycle-common-jvm:2.9.1) with JetifyTransform
Transforming savedstate-ktx-1.3.0.aar (androidx.savedstate:savedstate-ktx:1.3.0) with JetifyTransform
Transforming lifecycle-common-jvm-2.9.1.jar (androidx.lifecycle:lifecycle-common-jvm:2.9.1) with IdentityTransform
Transforming lifecycle-livedata-2.9.1.aar (androidx.lifecycle:lifecycle-livedata:2.9.1) with JetifyTransform
Transforming lifecycle-livedata-2.9.1.aar (androidx.lifecycle:lifecycle-livedata:2.9.1) with AarToClassTransform
Transforming lifecycle-livedata-core-2.9.1.aar (androidx.lifecycle:lifecycle-livedata-core:2.9.1) with JetifyTransform
Transforming lifecycle-livedata-core-2.9.1.aar (androidx.lifecycle:lifecycle-livedata-core:2.9.1) with AarToClassTransform
Transforming lifecycle-runtime-compose-release.aar (androidx.lifecycle:lifecycle-runtime-compose-android:2.9.1) with JetifyTransform
Transforming lifecycle-runtime-compose-release.aar (androidx.lifecycle:lifecycle-runtime-compose-android:2.9.1) with AarToClassTransform
Transforming lifecycle-viewmodel-compose-release.aar (androidx.lifecycle:lifecycle-viewmodel-compose-android:2.9.1) with JetifyTransform
Transforming lifecycle-viewmodel-compose-release.aar (androidx.lifecycle:lifecycle-viewmodel-compose-android:2.9.1) with AarToClassTransform
Transforming ui-release.aar (androidx.compose.ui:ui-android:1.7.8) with JetifyTransform
Transforming ui-release.aar (androidx.compose.ui:ui-android:1.7.8) with AarToClassTransform
Transforming activity-1.9.0.aar (androidx.activity:activity:1.9.0) with JetifyTransform
Transforming activity-1.9.0.aar (androidx.activity:activity:1.9.0) with AarToClassTransform
Transforming datastore-core-okio-jvm-1.1.7.jar (androidx.datastore:datastore-core-okio-jvm:1.1.7) with JetifyTransform
Transforming datastore-core-okio-jvm-1.1.7.jar (androidx.datastore:datastore-core-okio-jvm:1.1.7) with IdentityTransform
Transforming datastore-core-release.aar (androidx.datastore:datastore-core-android:1.1.7) with JetifyTransform
Transforming datastore-core-release.aar (androidx.datastore:datastore-core-android:1.1.7) with AarToClassTransform
Transforming datastore-preferences-core-release.aar (androidx.datastore:datastore-preferences-core-android:1.1.7) with JetifyTransform
Transforming datastore-preferences-core-release.aar (androidx.datastore:datastore-preferences-core-android:1.1.7) with AarToClassTransform
Transforming datastore-release.aar (androidx.datastore:datastore-android:1.1.7) with JetifyTransform
Transforming datastore-release.aar (androidx.datastore:datastore-android:1.1.7) with AarToClassTransform
Transforming datastore-preferences-release.aar (androidx.datastore:datastore-preferences-android:1.1.7) with JetifyTransform
Transforming datastore-preferences-release.aar (androidx.datastore:datastore-preferences-android:1.1.7) with AarToClassTransform
Transforming kotlin-parcelize-runtime-1.9.25.jar (org.jetbrains.kotlin:kotlin-parcelize-runtime:1.9.25) with JetifyTransform
Transforming kotlin-parcelize-runtime-1.9.25.jar (org.jetbrains.kotlin:kotlin-parcelize-runtime:1.9.25) with IdentityTransform
Transforming room-common-jvm-2.7.2.jar (androidx.room:room-common-jvm:2.7.2) with JetifyTransform
Transforming room-common-jvm-2.7.2.jar (androidx.room:room-common-jvm:2.7.2) with IdentityTransform
Transforming room-runtime-release.aar (androidx.room:room-runtime-android:2.7.2) with JetifyTransform
Transforming room-runtime-release.aar (androidx.room:room-runtime-android:2.7.2) with AarToClassTransform
Transforming room-ktx-2.7.2.aar (androidx.room:room-ktx:2.7.2) with JetifyTransform
Transforming room-ktx-2.7.2.aar (androidx.room:room-ktx:2.7.2) with AarToClassTransform
Transforming okhttp-4.12.0.jar (com.squareup.okhttp3:okhttp:4.12.0) with JetifyTransform
Transforming okhttp-4.12.0.jar (com.squareup.okhttp3:okhttp:4.12.0) with IdentityTransform
Transforming kotlin-stdlib-jdk8-1.9.25.jar (org.jetbrains.kotlin:kotlin-stdlib-jdk8:1.9.25) with JetifyTransform
Transforming kotlin-stdlib-jdk8-1.9.25.jar (org.jetbrains.kotlin:kotlin-stdlib-jdk8:1.9.25) with IdentityTransform
Transforming runtime-saveable-release.aar (androidx.compose.runtime:runtime-saveable-android:1.7.8) with JetifyTransform
Transforming runtime-saveable-release.aar (androidx.compose.runtime:runtime-saveable-android:1.7.8) with AarToClassTransform
Transforming runtime-release.aar (androidx.compose.runtime:runtime-android:1.7.8) with JetifyTransform
Transforming runtime-release.aar (androidx.compose.runtime:runtime-android:1.7.8) with AarToClassTransform
Transforming kotlin-android-extensions-runtime-1.9.25.jar (org.jetbrains.kotlin:kotlin-android-extensions-runtime:1.9.25) with JetifyTransform
Transforming kotlin-android-extensions-runtime-1.9.25.jar (org.jetbrains.kotlin:kotlin-android-extensions-runtime:1.9.25) with IdentityTransform
Transforming media-1.7.0.aar (androidx.media:media:1.7.0) with AarToClassTransform
Transforming graphics-path-1.0.1.aar (androidx.graphics:graphics-path:1.0.1) with JetifyTransform
Transforming kotlin-stdlib-jdk7-1.9.25.jar (org.jetbrains.kotlin:kotlin-stdlib-jdk7:1.9.25) with JetifyTransform
Transforming kotlin-stdlib-jdk7-1.9.25.jar (org.jetbrains.kotlin:kotlin-stdlib-jdk7:1.9.25) with IdentityTransform
Transforming recyclerview-1.3.0.aar (androidx.recyclerview:recyclerview:1.3.0) with AarToClassTransform
Transforming kotlinx-coroutines-core-jvm-1.8.1.jar (org.jetbrains.kotlinx:kotlinx-coroutines-core-jvm:1.8.1) with JetifyTransform
Transforming kotlinx-coroutines-core-jvm-1.8.1.jar (org.jetbrains.kotlinx:kotlinx-coroutines-core-jvm:1.8.1) with IdentityTransform
Transforming kotlinx-coroutines-android-1.8.1.jar (org.jetbrains.kotlinx:kotlinx-coroutines-android:1.8.1) with JetifyTransform
Transforming kotlinx-coroutines-android-1.8.1.jar (org.jetbrains.kotlinx:kotlinx-coroutines-android:1.8.1) with IdentityTransform
Transforming kotlinx-serialization-core-jvm-1.7.3.jar (org.jetbrains.kotlinx:kotlinx-serialization-core-jvm:1.7.3) with JetifyTransform
Transforming kotlinx-serialization-core-jvm-1.7.3.jar (org.jetbrains.kotlinx:kotlinx-serialization-core-jvm:1.7.3) with IdentityTransform
Transforming annotation-experimental-1.4.1.aar (androidx.annotation:annotation-experimental:1.4.1) with JetifyTransform
Transforming annotation-experimental-1.4.1.aar (androidx.annotation:annotation-experimental:1.4.1) with AarToClassTransform
Transforming okio-jvm-3.9.0.jar (com.squareup.okio:okio-jvm:3.9.0) with JetifyTransform
Transforming okio-jvm-3.9.0.jar (com.squareup.okio:okio-jvm:3.9.0) with IdentityTransform
Transforming sqlite-framework-release.aar (androidx.sqlite:sqlite-framework-android:2.5.1) with JetifyTransform
Transforming sqlite-framework-release.aar (androidx.sqlite:sqlite-framework-android:2.5.1) with AarToClassTransform
Transforming sqlite-release.aar (androidx.sqlite:sqlite-android:2.5.1) with JetifyTransform
Transforming customview-poolingcontainer-1.0.0.aar (androidx.customview:customview-poolingcontainer:1.0.0) with AarToClassTransform
Transforming sqlite-release.aar (androidx.sqlite:sqlite-android:2.5.1) with AarToClassTransform
Transforming versionedparcelable-1.1.1.aar (androidx.versionedparcelable:versionedparcelable:1.1.1) with JetifyTransform
Transforming versionedparcelable-1.1.1.aar (androidx.versionedparcelable:versionedparcelable:1.1.1) with AarToClassTransform
Transforming collection-jvm-1.4.4.jar (androidx.collection:collection-jvm:1.4.4) with JetifyTransform
Transforming collection-jvm-1.4.4.jar (androidx.collection:collection-jvm:1.4.4) with IdentityTransform
Transforming gifdecoder-4.15.1.aar (com.github.bumptech.glide:gifdecoder:4.15.1) with JetifyTransform
Transforming gifdecoder-4.15.1.aar (com.github.bumptech.glide:gifdecoder:4.15.1) with AarToClassTransform
Transforming startup-runtime-1.1.1.aar (androidx.startup:startup-runtime:1.1.1) with JetifyTransform
Transforming startup-runtime-1.1.1.aar (androidx.startup:startup-runtime:1.1.1) with AarToClassTransform
Transforming tracing-1.0.0.aar (androidx.tracing:tracing:1.0.0) with JetifyTransform
Transforming tracing-1.0.0.aar (androidx.tracing:tracing:1.0.0) with AarToClassTransform
Transforming documentfile-1.0.0.aar (androidx.documentfile:documentfile:1.0.0) with JetifyTransform
Transforming documentfile-1.0.0.aar (androidx.documentfile:documentfile:1.0.0) with AarToClassTransform
Transforming localbroadcastmanager-1.0.0.aar (androidx.localbroadcastmanager:localbroadcastmanager:1.0.0) with JetifyTransform
Transforming localbroadcastmanager-1.0.0.aar (androidx.localbroadcastmanager:localbroadcastmanager:1.0.0) with AarToClassTransform
Transforming print-1.0.0.aar (androidx.print:print:1.0.0) with JetifyTransform
Transforming print-1.0.0.aar (androidx.print:print:1.0.0) with AarToClassTransform
Transforming interpolator-1.0.0.aar (androidx.interpolator:interpolator:1.0.0) with JetifyTransform
Transforming interpolator-1.0.0.aar (androidx.interpolator:interpolator:1.0.0) with AarToClassTransform
Transforming savedstate-ktx-1.3.0.aar (androidx.savedstate:savedstate-ktx:1.3.0) with AarToClassTransform
Transforming autofill-1.0.0.aar (androidx.autofill:autofill:1.0.0) with AarToClassTransform
Transforming interpolator-1.0.0.aar (androidx.interpolator:interpolator:1.0.0) with JetifyTransform
Transforming interpolator-1.0.0.aar (androidx.interpolator:interpolator:1.0.0) with AarToClassTransform
Transforming cursoradapter-1.0.0.aar (androidx.cursoradapter:cursoradapter:1.0.0) with JetifyTransform
Transforming cursoradapter-1.0.0.aar (androidx.cursoradapter:cursoradapter:1.0.0) with AarToClassTransform
Transforming resourceinspection-annotation-1.0.1.jar (androidx.resourceinspection:resourceinspection-annotation:1.0.1) with JetifyTransform
Transforming resourceinspection-annotation-1.0.1.jar (androidx.resourceinspection:resourceinspection-annotation:1.0.1) with IdentityTransform
Transforming exifinterface-1.3.7.aar (androidx.exifinterface:exifinterface:1.3.7) with JetifyTransform
Transforming exifinterface-1.3.7.aar (androidx.exifinterface:exifinterface:1.3.7) with AarToClassTransform
Transforming core-runtime-2.2.0.aar (androidx.arch.core:core-runtime:2.2.0) with JetifyTransform
Transforming core-runtime-2.2.0.aar (androidx.arch.core:core-runtime:2.2.0) with AarToClassTransform
Transforming graphics-path-1.0.1.aar (androidx.graphics:graphics-path:1.0.1) with AarToClassTransform
Transforming core-common-2.2.0.jar (androidx.arch.core:core-common:2.2.0) with JetifyTransform
Transforming core-common-2.2.0.jar (androidx.arch.core:core-common:2.2.0) with IdentityTransform
Transforming annotation-jvm-1.9.1.jar (androidx.annotation:annotation-jvm:1.9.1) with JetifyTransform
Transforming annotation-jvm-1.9.1.jar (androidx.annotation:annotation-jvm:1.9.1) with IdentityTransform
Transforming kotlin-stdlib-1.9.25.jar (org.jetbrains.kotlin:kotlin-stdlib:1.9.25) with JetifyTransform
Transforming kotlin-stdlib-1.9.25.jar (org.jetbrains.kotlin:kotlin-stdlib:1.9.25) with IdentityTransform
Transforming lifecycle-viewmodel-ktx-2.9.1.aar (androidx.lifecycle:lifecycle-viewmodel-ktx:2.9.1) with JetifyTransform
Transforming lifecycle-common-java8-2.9.1.jar (androidx.lifecycle:lifecycle-common-java8:2.9.1) with JetifyTransform
Transforming annotations-23.0.0.jar (org.jetbrains:annotations:23.0.0) with JetifyTransform
Transforming annotations-23.0.0.jar (org.jetbrains:annotations:23.0.0) with IdentityTransform
Transforming disklrucache-4.15.1.jar (com.github.bumptech.glide:disklrucache:4.15.1) with JetifyTransform
Transforming disklrucache-4.15.1.jar (com.github.bumptech.glide:disklrucache:4.15.1) with IdentityTransform
Transforming annotations-4.15.1.jar (com.github.bumptech.glide:annotations:4.15.1) with JetifyTransform
Transforming annotations-4.15.1.jar (com.github.bumptech.glide:annotations:4.15.1) with IdentityTransform
Transforming accompanist-drawablepainter-0.32.0.aar (com.google.accompanist:accompanist-drawablepainter:0.32.0) with JetifyTransform
Transforming hilt-core-2.51.1.jar (com.google.dagger:hilt-core:2.51.1) with JetifyTransform
Transforming hilt-core-2.51.1.jar (com.google.dagger:hilt-core:2.51.1) with IdentityTransform
Transforming dagger-2.51.1.jar (com.google.dagger:dagger:2.51.1) with JetifyTransform
Transforming dagger-2.51.1.jar (com.google.dagger:dagger:2.51.1) with IdentityTransform
Transforming dagger-lint-aar-2.51.1.aar (com.google.dagger:dagger-lint-aar:2.51.1) with JetifyTransform
Transforming lifecycle-common-java8-2.9.1.jar (androidx.lifecycle:lifecycle-common-java8:2.9.1) with IdentityTransform
Transforming dagger-lint-aar-2.51.1.aar (com.google.dagger:dagger-lint-aar:2.51.1) with AarToClassTransform
Transforming activity-ktx-1.9.0.aar (androidx.activity:activity-ktx:1.9.0) with JetifyTransform
Transforming jsr305-3.0.2.jar (com.google.code.findbugs:jsr305:3.0.2) with JetifyTransform
Transforming jsr305-3.0.2.jar (com.google.code.findbugs:jsr305:3.0.2) with IdentityTransform
Transforming javax.inject-1.jar (javax.inject:javax.inject:1) with JetifyTransform
Transforming javax.inject-1.jar (javax.inject:javax.inject:1) with IdentityTransform
Transforming guava-33.0.0-android.jar (com.google.guava:guava:33.0.0-android) with JetifyTransform
Transforming guava-33.0.0-android.jar (com.google.guava:guava:33.0.0-android) with IdentityTransform
Transforming failureaccess-1.0.2.jar (com.google.guava:failureaccess:1.0.2) with JetifyTransform
Transforming failureaccess-1.0.2.jar (com.google.guava:failureaccess:1.0.2) with IdentityTransform
Transforming listenablefuture-9999.0-empty-to-avoid-conflict-with-guava.jar (com.google.guava:listenablefuture:9999.0-empty-to-avoid-conflict-with-guava) with JetifyTransform
Transforming listenablefuture-9999.0-empty-to-avoid-conflict-with-guava.jar (com.google.guava:listenablefuture:9999.0-empty-to-avoid-conflict-with-guava) with IdentityTransform
Transforming jspecify-1.0.0.jar (org.jspecify:jspecify:1.0.0) with JetifyTransform
Transforming jspecify-1.0.0.jar (org.jspecify:jspecify:1.0.0) with IdentityTransform
Transforming activity-compose-1.9.0.aar (androidx.activity:activity-compose:1.9.0) with JetifyTransform
Transforming datastore-preferences-external-protobuf-1.1.7.jar (androidx.datastore:datastore-preferences-external-protobuf:1.1.7) with JetifyTransform
Transforming lifecycle-viewmodel-ktx-2.9.1.aar (androidx.lifecycle:lifecycle-viewmodel-ktx:2.9.1) with AarToClassTransform
Transforming datastore-preferences-proto-1.1.7.jar (androidx.datastore:datastore-preferences-proto:1.1.7) with JetifyTransform
Transforming accompanist-drawablepainter-0.32.0.aar (com.google.accompanist:accompanist-drawablepainter:0.32.0) with AarToClassTransform
Transforming datastore-preferences-external-protobuf-1.1.7.jar (androidx.datastore:datastore-preferences-external-protobuf:1.1.7) with IdentityTransform
Transforming activity-compose-1.9.0.aar (androidx.activity:activity-compose:1.9.0) with AarToClassTransform
Transforming datastore-preferences-proto-1.1.7.jar (androidx.datastore:datastore-preferences-proto:1.1.7) with IdentityTransform
Transforming core-viewtree-1.0.0.aar (androidx.core:core-viewtree:1.0.0) with JetifyTransform
Transforming activity-ktx-1.9.0.aar (androidx.activity:activity-ktx:1.9.0) with AarToClassTransform
Transforming collection-ktx-1.4.4.jar (androidx.collection:collection-ktx:1.4.4) with JetifyTransform
Transforming profileinstaller-1.4.0.aar (androidx.profileinstaller:profileinstaller:1.4.0) with JetifyTransform
Transforming collection-ktx-1.4.4.jar (androidx.collection:collection-ktx:1.4.4) with IdentityTransform
Transforming core-viewtree-1.0.0.aar (androidx.core:core-viewtree:1.0.0) with AarToClassTransform
Transforming concurrent-futures-1.1.0.jar (androidx.concurrent:concurrent-futures:1.1.0) with JetifyTransform
Transforming profileinstaller-1.4.0.aar (androidx.profileinstaller:profileinstaller:1.4.0) with AarToClassTransform
Transforming constraintlayout-core-1.0.4.jar (androidx.constraintlayout:constraintlayout-core:1.0.4) with JetifyTransform
Transforming concurrent-futures-1.1.0.jar (androidx.concurrent:concurrent-futures:1.1.0) with IdentityTransform
Transforming constraintlayout-core-1.0.4.jar (androidx.constraintlayout:constraintlayout-core:1.0.4) with IdentityTransform
Build cache key for task ':android:core-ui:transformDebugClassesWithAsm' is 6d5ff7f2ef95d761858105e286678990
Skipping task ':android:core-ui:transformDebugClassesWithAsm' as it is up-to-date.
Resolve mutations for :android:core-ui:bundleLibCompileToJarDebug (Thread[Execution worker Thread 7,5,main]) started.
:android:core-ui:bundleLibCompileToJarDebug (Thread[Execution worker Thread 7,5,main]) started.

> Task :android:core-ui:bundleLibCompileToJarDebug UP-TO-DATE
Caching disabled for task ':android:core-ui:bundleLibCompileToJarDebug' because:
  Simple merging task
Skipping task ':android:core-ui:bundleLibCompileToJarDebug' as it is up-to-date.
work action resolve classes.jar (project :android:core-ui) (Thread[Execution worker Thread 7,5,main]) started.
Resolve mutations for :android:core-ui:bundleLibRuntimeToJarDebug (Thread[Execution worker Thread 7,5,main]) started.
:android:core-ui:bundleLibRuntimeToJarDebug (Thread[Execution worker Thread 7,5,main]) started.

> Task :android:core-ui:bundleLibRuntimeToJarDebug UP-TO-DATE
Caching disabled for task ':android:core-ui:bundleLibRuntimeToJarDebug' because:
  Simple merging task
Skipping task ':android:core-ui:bundleLibRuntimeToJarDebug' as it is up-to-date.
work action resolve classes.jar (project :android:core-ui) (Thread[Execution worker Thread 7,5,main]) started.
IdentityTransform (Thread[Execution worker Thread 7,5,main]) started.
Resolve mutations for :android:core-ui:processDebugJavaRes (Thread[Execution worker Thread 5,5,main]) started.
:android:core-ui:processDebugJavaRes (Thread[Execution worker Thread 5,5,main]) started.

> Transform classes.jar (project :android:core-ui) with IdentityTransform
Transforming classes.jar (project :android:core-ui) with IdentityTransform
DexingNoClasspathTransform (Thread[Execution worker Thread 7,5,main]) started.
CopyTransform (Thread[included builds,5,main]) started.

> Transform classes.jar (project :android:core-ui) with CopyTransform
Transforming classes.jar (project :android:core-ui) with CopyTransform
AggregatedPackagesTransform (Thread[included builds,5,main]) started.

> Transform classes.jar (project :android:core-ui) with DexingNoClasspathTransform
Transforming classes.jar (project :android:core-ui) with DexingNoClasspathTransform
Build cache key for DexingNoClasspathTransform: C:\Users\xmeta\projects\Mr.Comic\android\core-ui\build\intermediates\runtime_library_classes_jar\debug\bundleLibRuntimeToJarDebug\classes.jar is 8364035bce020deba69616a8faac8731
Skipping DexingNoClasspathTransform: C:\Users\xmeta\projects\Mr.Comic\android\core-ui\build\intermediates\runtime_library_classes_jar\debug\bundleLibRuntimeToJarDebug\classes.jar as it is up-to-date.
DexingOutputSplitTransform (Thread[Execution worker Thread 7,5,main]) started.

> Transform classes.jar (project :android:core-ui) with AggregatedPackagesTransform
Transforming classes.jar (project :android:core-ui) with AggregatedPackagesTransform

> Transform classes.jar (project :android:core-ui) with DexingOutputSplitTransform
Transforming classes.jar (project :android:core-ui) with DexingOutputSplitTransform

> Task :android:core-ui:processDebugJavaRes UP-TO-DATE
file or directory 'C:\Users\xmeta\projects\Mr.Comic\android\core-ui\src\main\resources', not found
file or directory 'C:\Users\xmeta\projects\Mr.Comic\android\core-ui\src\debug\resources', not found
file or directory 'C:\Users\xmeta\projects\Mr.Comic\android\core-ui\build\generated\ksp\debug\classes', not found
file or directory 'C:\Users\xmeta\projects\Mr.Comic\android\core-ui\build\generated\ksp\debug\classes', not found
file or directory 'C:\Users\xmeta\projects\Mr.Comic\android\core-ui\src\main\resources', not found
file or directory 'C:\Users\xmeta\projects\Mr.Comic\android\core-ui\src\debug\resources', not found
file or directory 'C:\Users\xmeta\projects\Mr.Comic\android\core-ui\build\generated\ksp\debug\classes', not found
file or directory 'C:\Users\xmeta\projects\Mr.Comic\android\core-ui\build\generated\ksp\debug\classes', not found
Caching disabled for task ':android:core-ui:processDebugJavaRes' because:
  Caching has been disabled for the task
Skipping task ':android:core-ui:processDebugJavaRes' as it is up-to-date.
work action resolve out (project :android:core-ui) (Thread[Execution worker Thread 5,5,main]) started.
Resolve mutations for :android:core-ui:bundleLibRuntimeToDirDebug (Thread[Execution worker Thread 5,5,main]) started.
:android:core-ui:bundleLibRuntimeToDirDebug (Thread[Execution worker Thread 5,5,main]) started.

> Task :android:core-ui:bundleLibRuntimeToDirDebug UP-TO-DATE
Caching disabled for task ':android:core-ui:bundleLibRuntimeToDirDebug' because:
  Simple merging task
Skipping task ':android:core-ui:bundleLibRuntimeToDirDebug' as it is up-to-date.
work action resolve bundleLibRuntimeToDirDebug (project :android:core-ui) (Thread[Execution worker Thread 5,5,main]) started.
ClassesDirToClassesTransform (Thread[Execution worker Thread 5,5,main]) started.

> Transform bundleLibRuntimeToDirDebug (project :android:core-ui) with ClassesDirToClassesTransform
Transforming bundleLibRuntimeToDirDebug (project :android:core-ui) with ClassesDirToClassesTransform
DexingNoClasspathTransform (Thread[Execution worker Thread 5,5,main]) started.

> Transform bundleLibRuntimeToDirDebug (project :android:core-ui) with DexingNoClasspathTransform
Transforming bundleLibRuntimeToDirDebug (project :android:core-ui) with DexingNoClasspathTransform
Build cache key for DexingNoClasspathTransform: C:\Users\xmeta\projects\Mr.Comic\android\core-ui\build\intermediates\runtime_library_classes_dir\debug\bundleLibRuntimeToDirDebug is fe1dd1e7c97e8921980c0572e5703a5f
Skipping DexingNoClasspathTransform: C:\Users\xmeta\projects\Mr.Comic\android\core-ui\build\intermediates\runtime_library_classes_dir\debug\bundleLibRuntimeToDirDebug as it is up-to-date.
DexingOutputSplitTransform (Thread[Execution worker Thread 5,5,main]) started.

> Transform bundleLibRuntimeToDirDebug (project :android:core-ui) with DexingOutputSplitTransform
Transforming bundleLibRuntimeToDirDebug (project :android:core-ui) with DexingOutputSplitTransform

> Task :android:core-reader:kspDebugKotlin
file or directory 'C:\Users\xmeta\projects\Mr.Comic\android\core-reader\src\debug\kotlin', not found
file or directory 'C:\Users\xmeta\projects\Mr.Comic\android\core-reader\src\debug\java', not found
file or directory 'C:\Users\xmeta\projects\Mr.Comic\android\core-reader\src\main\kotlin', not found
file or directory 'C:\Users\xmeta\projects\Mr.Comic\android\core-reader\src\debug\java', not found
Failed to get resource: HEAD. [HTTP HTTP/1.1 401 Unauthorized: https://jitpack.io/nl/siegmann/epublib/epublib-core/3.1/epublib-core-3.1.pom)]

> Task :android:app:checkDebugAarMetadata UP-TO-DATE
Failed to get resource: HEAD. [HTTP HTTP/1.1 401 Unauthorized: https://jitpack.io/nl/siegmann/epublib/epublib-core/3.1/epublib-core-3.1.pom)]
Transforming hilt-android-2.51.1.aar (com.google.dagger:hilt-android:2.51.1) with JetifyTransform
Transforming hilt-android-2.51.1.aar (com.google.dagger:hilt-android:2.51.1) with ExtractAarTransform
Transforming room-runtime-release.aar (androidx.room:room-runtime-android:2.7.2) with JetifyTransform
Transforming core-splashscreen-1.0.1.aar (androidx.core:core-splashscreen:1.0.1) with JetifyTransform
Transforming room-runtime-release.aar (androidx.room:room-runtime-android:2.7.2) with ExtractAarTransform
Transforming room-ktx-2.7.2.aar (androidx.room:room-ktx:2.7.2) with JetifyTransform
Transforming room-ktx-2.7.2.aar (androidx.room:room-ktx:2.7.2) with ExtractAarTransform
Transforming coil-compose-2.7.0.aar (io.coil-kt:coil-compose:2.7.0) with JetifyTransform
Transforming coil-compose-2.7.0.aar (io.coil-kt:coil-compose:2.7.0) with ExtractAarTransform
Transforming coil-compose-base-2.7.0.aar (io.coil-kt:coil-compose-base:2.7.0) with JetifyTransform
Transforming coil-compose-base-2.7.0.aar (io.coil-kt:coil-compose-base:2.7.0) with ExtractAarTransform
Transforming coil-2.7.0.aar (io.coil-kt:coil:2.7.0) with JetifyTransform
Transforming coil-2.7.0.aar (io.coil-kt:coil:2.7.0) with ExtractAarTransform
Transforming coil-base-2.7.0.aar (io.coil-kt:coil-base:2.7.0) with JetifyTransform
Transforming coil-base-2.7.0.aar (io.coil-kt:coil-base:2.7.0) with ExtractAarTransform
Transforming appcompat-resources-1.6.1.aar (androidx.appcompat:appcompat-resources:1.6.1) with JetifyTransform
Transforming appcompat-resources-1.6.1.aar (androidx.appcompat:appcompat-resources:1.6.1) with ExtractAarTransform
Transforming hilt-work-1.2.0.aar (androidx.hilt:hilt-work:1.2.0) with JetifyTransform
Transforming lottie-compose-6.4.1.aar (com.airbnb.android:lottie-compose:6.4.1) with JetifyTransform
Transforming lottie-compose-6.4.1.aar (com.airbnb.android:lottie-compose:6.4.1) with ExtractAarTransform
Transforming lottie-6.4.1.aar (com.airbnb.android:lottie:6.4.1) with JetifyTransform
Transforming lottie-6.4.1.aar (com.airbnb.android:lottie:6.4.1) with ExtractAarTransform
Transforming appcompat-1.6.1.aar (androidx.appcompat:appcompat:1.6.1) with JetifyTransform
Transforming appcompat-1.6.1.aar (androidx.appcompat:appcompat:1.6.1) with ExtractAarTransform
Transforming glide-4.15.1.aar (com.github.bumptech.glide:glide:4.15.1) with JetifyTransform
Transforming glide-4.15.1.aar (com.github.bumptech.glide:glide:4.15.1) with ExtractAarTransform
Transforming fragment-1.5.1.aar (androidx.fragment:fragment:1.5.1) with JetifyTransform
Transforming navigation-runtime-2.7.7.aar (androidx.navigation:navigation-runtime:2.7.7) with JetifyTransform
Transforming fragment-1.5.1.aar (androidx.fragment:fragment:1.5.1) with ExtractAarTransform
Transforming material3-window-size-class-release.aar (androidx.compose.material3:material3-window-size-class-android:1.2.1) with JetifyTransform
Transforming material3-window-size-class-release.aar (androidx.compose.material3:material3-window-size-class-android:1.2.1) with ExtractAarTransform
Transforming material3-release.aar (androidx.compose.material3:material3-android:1.2.1) with JetifyTransform
Transforming material3-release.aar (androidx.compose.material3:material3-android:1.2.1) with ExtractAarTransform
Transforming navigation-runtime-ktx-2.7.7.aar (androidx.navigation:navigation-runtime-ktx:2.7.7) with JetifyTransform
Transforming hilt-navigation-compose-1.2.0.aar (androidx.hilt:hilt-navigation-compose:1.2.0) with JetifyTransform
Transforming palette-1.0.0.aar (androidx.palette:palette:1.0.0) with JetifyTransform
Transforming navigation-common-ktx-2.7.7.aar (androidx.navigation:navigation-common-ktx:2.7.7) with JetifyTransform
Transforming navigation-compose-2.7.7.aar (androidx.navigation:navigation-compose:2.7.7) with JetifyTransform
Transforming palette-1.0.0.aar (androidx.palette:palette:1.0.0) with ExtractAarTransform
Transforming navigation-common-2.7.7.aar (androidx.navigation:navigation-common:2.7.7) with JetifyTransform
Transforming legacy-support-core-utils-1.0.0.aar (androidx.legacy:legacy-support-core-utils:1.0.0) with JetifyTransform
Transforming legacy-support-core-utils-1.0.0.aar (androidx.legacy:legacy-support-core-utils:1.0.0) with ExtractAarTransform
Transforming hilt-navigation-1.2.0.aar (androidx.hilt:hilt-navigation:1.2.0) with JetifyTransform
Transforming legacy-support-core-utils-1.0.0.aar (androidx.legacy:legacy-support-core-utils:1.0.0) with JetifyTransform
Transforming legacy-support-core-utils-1.0.0.aar (androidx.legacy:legacy-support-core-utils:1.0.0) with ExtractAarTransform
Transforming legacy-support-core-utils-1.0.0.aar (androidx.legacy:legacy-support-core-utils:1.0.0) with JetifyTransform
Transforming legacy-support-core-utils-1.0.0.aar (androidx.legacy:legacy-support-core-utils:1.0.0) with ExtractAarTransform
Transforming legacy-support-core-utils-1.0.0.aar (androidx.legacy:legacy-support-core-utils:1.0.0) with JetifyTransform
Transforming legacy-support-core-utils-1.0.0.aar (androidx.legacy:legacy-support-core-utils:1.0.0) with ExtractAarTransform
Transforming loader-1.0.0.aar (androidx.loader:loader:1.0.0) with JetifyTransform
Transforming loader-1.0.0.aar (androidx.loader:loader:1.0.0) with ExtractAarTransform
Transforming loader-1.0.0.aar (androidx.loader:loader:1.0.0) with JetifyTransform
Transforming loader-1.0.0.aar (androidx.loader:loader:1.0.0) with ExtractAarTransform
Transforming accompanist-permissions-0.37.3.aar (com.google.accompanist:accompanist-permissions:0.37.3) with JetifyTransform
Transforming accompanist-permissions-0.37.3.aar (com.google.accompanist:accompanist-permissions:0.37.3) with ExtractAarTransform
Transforming constraintlayout-compose-1.0.1.aar (androidx.constraintlayout:constraintlayout-compose:1.0.1) with JetifyTransform
Transforming constraintlayout-compose-1.0.1.aar (androidx.constraintlayout:constraintlayout-compose:1.0.1) with ExtractAarTransform
Transforming accompanist-systemuicontroller-0.34.0.aar (com.google.accompanist:accompanist-systemuicontroller:0.34.0) with JetifyTransform
Transforming accompanist-systemuicontroller-0.34.0.aar (com.google.accompanist:accompanist-systemuicontroller:0.34.0) with ExtractAarTransform
Transforming accompanist-adaptive-0.34.0.aar (com.google.accompanist:accompanist-adaptive:0.34.0) with JetifyTransform
Transforming accompanist-adaptive-0.34.0.aar (com.google.accompanist:accompanist-adaptive:0.34.0) with ExtractAarTransform
Transforming accompanist-drawablepainter-0.32.0.aar (com.google.accompanist:accompanist-drawablepainter:0.32.0) with JetifyTransform
Transforming core-splashscreen-1.0.1.aar (androidx.core:core-splashscreen:1.0.1) with ExtractAarTransform
Transforming navigation-runtime-2.7.7.aar (androidx.navigation:navigation-runtime:2.7.7) with ExtractAarTransform
Transforming accompanist-drawablepainter-0.32.0.aar (com.google.accompanist:accompanist-drawablepainter:0.32.0) with ExtractAarTransform
Transforming material-ripple-release.aar (androidx.compose.material:material-ripple-android:1.6.8) with JetifyTransform
Transforming hilt-android-2.51.1.aar (com.google.dagger:hilt-android:2.51.1) with AarTransform
Transforming material-ripple-release.aar (androidx.compose.material:material-ripple-android:1.6.8) with ExtractAarTransform
Transforming ui-tooling-preview-release.aar (androidx.compose.ui:ui-tooling-preview-android:1.7.8) with JetifyTransform
Transforming navigation-common-ktx-2.7.7.aar (androidx.navigation:navigation-common-ktx:2.7.7) with ExtractAarTransform
Transforming hilt-work-1.2.0.aar (androidx.hilt:hilt-work:1.2.0) with ExtractAarTransform
Transforming ui-tooling-preview-release.aar (androidx.compose.ui:ui-tooling-preview-android:1.7.8) with ExtractAarTransform
Transforming animation-core-release.aar (androidx.compose.animation:animation-core-android:1.7.8) with JetifyTransform
Transforming animation-core-release.aar (androidx.compose.animation:animation-core-android:1.7.8) with ExtractAarTransform
Transforming animation-release.aar (androidx.compose.animation:animation-android:1.7.8) with JetifyTransform
Transforming animation-release.aar (androidx.compose.animation:animation-android:1.7.8) with ExtractAarTransform
Transforming foundation-layout-release.aar (androidx.compose.foundation:foundation-layout-android:1.7.8) with JetifyTransform
Transforming navigation-runtime-ktx-2.7.7.aar (androidx.navigation:navigation-runtime-ktx:2.7.7) with ExtractAarTransform
Transforming foundation-layout-release.aar (androidx.compose.foundation:foundation-layout-android:1.7.8) with ExtractAarTransform
Transforming foundation-release.aar (androidx.compose.foundation:foundation-android:1.7.8) with JetifyTransform
Transforming foundation-release.aar (androidx.compose.foundation:foundation-android:1.7.8) with ExtractAarTransform
Transforming ui-util-release.aar (androidx.compose.ui:ui-util-android:1.7.8) with JetifyTransform
Transforming ui-util-release.aar (androidx.compose.ui:ui-util-android:1.7.8) with ExtractAarTransform
Transforming ui-unit-release.aar (androidx.compose.ui:ui-unit-android:1.7.8) with JetifyTransform
Transforming hilt-navigation-1.2.0.aar (androidx.hilt:hilt-navigation:1.2.0) with ExtractAarTransform
Transforming hilt-navigation-compose-1.2.0.aar (androidx.hilt:hilt-navigation-compose:1.2.0) with ExtractAarTransform
Transforming ui-unit-release.aar (androidx.compose.ui:ui-unit-android:1.7.8) with ExtractAarTransform
Transforming ui-text-release.aar (androidx.compose.ui:ui-text-android:1.7.8) with JetifyTransform
Transforming ui-text-release.aar (androidx.compose.ui:ui-text-android:1.7.8) with ExtractAarTransform
Transforming ui-graphics-release.aar (androidx.compose.ui:ui-graphics-android:1.7.8) with JetifyTransform
Transforming ui-graphics-release.aar (androidx.compose.ui:ui-graphics-android:1.7.8) with ExtractAarTransform
Transforming ui-geometry-release.aar (androidx.compose.ui:ui-geometry-android:1.7.8) with JetifyTransform
Transforming ui-geometry-release.aar (androidx.compose.ui:ui-geometry-android:1.7.8) with ExtractAarTransform
Transforming material-release.aar (androidx.compose.material:material-android:1.6.8) with JetifyTransform
Transforming material-release.aar (androidx.compose.material:material-android:1.6.8) with ExtractAarTransform
Transforming material-icons-extended-release.aar (androidx.compose.material:material-icons-extended-android:1.6.8) with JetifyTransform
Transforming material-icons-extended-release.aar (androidx.compose.material:material-icons-extended-android:1.6.8) with ExtractAarTransform
Transforming navigation-compose-2.7.7.aar (androidx.navigation:navigation-compose:2.7.7) with ExtractAarTransform
Transforming material-icons-core-release.aar (androidx.compose.material:material-icons-core-android:1.6.8) with JetifyTransform
Transforming material-icons-core-release.aar (androidx.compose.material:material-icons-core-android:1.6.8) with ExtractAarTransform
Transforming ui-release.aar (androidx.compose.ui:ui-android:1.7.8) with JetifyTransform
Transforming ui-release.aar (androidx.compose.ui:ui-android:1.7.8) with ExtractAarTransform
Transforming activity-1.9.0.aar (androidx.activity:activity:1.9.0) with JetifyTransform
Transforming activity-1.9.0.aar (androidx.activity:activity:1.9.0) with ExtractAarTransform
Transforming activity-ktx-1.9.0.aar (androidx.activity:activity-ktx:1.9.0) with JetifyTransform
Transforming navigation-common-2.7.7.aar (androidx.navigation:navigation-common:2.7.7) with ExtractAarTransform
Transforming activity-ktx-1.9.0.aar (androidx.activity:activity-ktx:1.9.0) with ExtractAarTransform
Transforming work-runtime-ktx-2.9.0.aar (androidx.work:work-runtime-ktx:2.9.0) with JetifyTransform
Transforming activity-compose-1.9.0.aar (androidx.activity:activity-compose:1.9.0) with JetifyTransform
Transforming activity-compose-1.9.0.aar (androidx.activity:activity-compose:1.9.0) with ExtractAarTransform
Transforming emoji2-views-helper-1.3.0.aar (androidx.emoji2:emoji2-views-helper:1.3.0) with JetifyTransform
Transforming emoji2-views-helper-1.3.0.aar (androidx.emoji2:emoji2-views-helper:1.3.0) with ExtractAarTransform
Transforming emoji2-1.3.0.aar (androidx.emoji2:emoji2:1.3.0) with JetifyTransform
Transforming emoji2-1.3.0.aar (androidx.emoji2:emoji2:1.3.0) with ExtractAarTransform
Transforming lifecycle-process-2.9.1.aar (androidx.lifecycle:lifecycle-process:2.9.1) with JetifyTransform
Transforming lifecycle-process-2.9.1.aar (androidx.lifecycle:lifecycle-process:2.9.1) with ExtractAarTransform
Transforming lifecycle-livedata-core-ktx-2.9.1.aar (androidx.lifecycle:lifecycle-livedata-core-ktx:2.9.1) with JetifyTransform
Transforming lifecycle-livedata-core-ktx-2.9.1.aar (androidx.lifecycle:lifecycle-livedata-core-ktx:2.9.1) with ExtractAarTransform
Transforming lifecycle-livedata-2.9.1.aar (androidx.lifecycle:lifecycle-livedata:2.9.1) with JetifyTransform
Transforming lifecycle-livedata-2.9.1.aar (androidx.lifecycle:lifecycle-livedata:2.9.1) with ExtractAarTransform
Transforming lifecycle-viewmodel-ktx-2.9.1.aar (androidx.lifecycle:lifecycle-viewmodel-ktx:2.9.1) with JetifyTransform
Transforming lifecycle-viewmodel-ktx-2.9.1.aar (androidx.lifecycle:lifecycle-viewmodel-ktx:2.9.1) with ExtractAarTransform
Transforming lifecycle-viewmodel-savedstate-release.aar (androidx.lifecycle:lifecycle-viewmodel-savedstate-android:2.9.1) with JetifyTransform
Transforming lifecycle-viewmodel-savedstate-release.aar (androidx.lifecycle:lifecycle-viewmodel-savedstate-android:2.9.1) with ExtractAarTransform
Transforming lifecycle-viewmodel-2.9.1.aar (androidx.lifecycle:lifecycle-viewmodel:2.9.1) with JetifyTransform
Transforming lifecycle-viewmodel-2.9.1.aar (androidx.lifecycle:lifecycle-viewmodel:2.9.1) with ExtractAarTransform
Transforming lifecycle-viewmodel-release.aar (androidx.lifecycle:lifecycle-viewmodel-android:2.9.1) with JetifyTransform
Transforming lifecycle-viewmodel-release.aar (androidx.lifecycle:lifecycle-viewmodel-android:2.9.1) with ExtractAarTransform
Transforming savedstate-ktx-1.3.0.aar (androidx.savedstate:savedstate-ktx:1.3.0) with JetifyTransform
Transforming savedstate-ktx-1.3.0.aar (androidx.savedstate:savedstate-ktx:1.3.0) with ExtractAarTransform
Transforming savedstate-release.aar (androidx.savedstate:savedstate-android:1.3.0) with JetifyTransform
Transforming savedstate-release.aar (androidx.savedstate:savedstate-android:1.3.0) with ExtractAarTransform
Transforming media3-ui-1.4.1.aar (androidx.media3:media3-ui:1.4.1) with JetifyTransform
Transforming media3-ui-1.4.1.aar (androidx.media3:media3-ui:1.4.1) with ExtractAarTransform
Transforming media3-session-1.4.1.aar (androidx.media3:media3-session:1.4.1) with JetifyTransform
Transforming media3-session-1.4.1.aar (androidx.media3:media3-session:1.4.1) with ExtractAarTransform
Transforming media3-extractor-1.4.1.aar (androidx.media3:media3-extractor:1.4.1) with JetifyTransform
Transforming media3-extractor-1.4.1.aar (androidx.media3:media3-extractor:1.4.1) with ExtractAarTransform
Transforming work-runtime-ktx-2.9.0.aar (androidx.work:work-runtime-ktx:2.9.0) with ExtractAarTransform
Transforming media3-container-1.4.1.aar (androidx.media3:media3-container:1.4.1) with JetifyTransform
Transforming media3-container-1.4.1.aar (androidx.media3:media3-container:1.4.1) with ExtractAarTransform
Transforming media3-datasource-1.4.1.aar (androidx.media3:media3-datasource:1.4.1) with JetifyTransform
Transforming media3-datasource-1.4.1.aar (androidx.media3:media3-datasource:1.4.1) with ExtractAarTransform
Transforming media3-decoder-1.4.1.aar (androidx.media3:media3-decoder:1.4.1) with JetifyTransform
Transforming media3-decoder-1.4.1.aar (androidx.media3:media3-decoder:1.4.1) with ExtractAarTransform
Transforming media3-database-1.4.1.aar (androidx.media3:media3-database:1.4.1) with JetifyTransform
Transforming media3-database-1.4.1.aar (androidx.media3:media3-database:1.4.1) with ExtractAarTransform
Transforming media3-common-1.4.1.aar (androidx.media3:media3-common:1.4.1) with JetifyTransform
Transforming media3-common-1.4.1.aar (androidx.media3:media3-common:1.4.1) with ExtractAarTransform
Transforming media3-exoplayer-1.4.1.aar (androidx.media3:media3-exoplayer:1.4.1) with JetifyTransform
Transforming media3-exoplayer-1.4.1.aar (androidx.media3:media3-exoplayer:1.4.1) with ExtractAarTransform
Transforming navigation-runtime-ktx-2.7.7.aar (androidx.navigation:navigation-runtime-ktx:2.7.7) with AarTransform
Transforming hilt-navigation-1.2.0.aar (androidx.hilt:hilt-navigation:1.2.0) with AarTransform
Transforming vectordrawable-animated-1.1.0.aar (androidx.vectordrawable:vectordrawable-animated:1.1.0) with JetifyTransform
Transforming vectordrawable-animated-1.1.0.aar (androidx.vectordrawable:vectordrawable-animated:1.1.0) with ExtractAarTransform
Transforming vectordrawable-1.1.0.aar (androidx.vectordrawable:vectordrawable:1.1.0) with JetifyTransform
Transforming vectordrawable-1.1.0.aar (androidx.vectordrawable:vectordrawable:1.1.0) with ExtractAarTransform
Transforming vectordrawable-1.1.0.aar (androidx.vectordrawable:vectordrawable:1.1.0) with JetifyTransform
Transforming vectordrawable-1.1.0.aar (androidx.vectordrawable:vectordrawable:1.1.0) with ExtractAarTransform
Transforming recyclerview-1.3.0.aar (androidx.recyclerview:recyclerview:1.3.0) with JetifyTransform
Transforming recyclerview-1.3.0.aar (androidx.recyclerview:recyclerview:1.3.0) with ExtractAarTransform
Transforming media-1.7.0.aar (androidx.media:media:1.7.0) with JetifyTransform
Transforming media-1.7.0.aar (androidx.media:media:1.7.0) with ExtractAarTransform
Transforming viewpager-1.0.0.aar (androidx.viewpager:viewpager:1.0.0) with JetifyTransform
Transforming viewpager-1.0.0.aar (androidx.viewpager:viewpager:1.0.0) with ExtractAarTransform
Transforming viewpager-1.0.0.aar (androidx.viewpager:viewpager:1.0.0) with JetifyTransform
Transforming viewpager-1.0.0.aar (androidx.viewpager:viewpager:1.0.0) with ExtractAarTransform
Transforming window-1.0.0.aar (androidx.window:window:1.0.0) with JetifyTransform
Transforming window-1.0.0.aar (androidx.window:window:1.0.0) with ExtractAarTransform
Transforming autofill-1.0.0.aar (androidx.autofill:autofill:1.0.0) with JetifyTransform
Transforming autofill-1.0.0.aar (androidx.autofill:autofill:1.0.0) with ExtractAarTransform
Transforming customview-poolingcontainer-1.0.0.aar (androidx.customview:customview-poolingcontainer:1.0.0) with JetifyTransform
Transforming customview-poolingcontainer-1.0.0.aar (androidx.customview:customview-poolingcontainer:1.0.0) with ExtractAarTransform
Transforming navigation-common-ktx-2.7.7.aar (androidx.navigation:navigation-common-ktx:2.7.7) with AarTransform
Transforming core-ktx-1.13.1.aar (androidx.core:core-ktx:1.13.1) with JetifyTransform
Transforming core-ktx-1.13.1.aar (androidx.core:core-ktx:1.13.1) with ExtractAarTransform
Transforming graphics-path-1.0.1.aar (androidx.graphics:graphics-path:1.0.1) with JetifyTransform
Transforming graphics-path-1.0.1.aar (androidx.graphics:graphics-path:1.0.1) with ExtractAarTransform
Transforming hilt-work-1.2.0.aar (androidx.hilt:hilt-work:1.2.0) with AarTransform
Transforming core-1.13.1.aar (androidx.core:core:1.13.1) with JetifyTransform
Transforming core-1.13.1.aar (androidx.core:core:1.13.1) with ExtractAarTransform
Transforming navigation-runtime-2.7.7.aar (androidx.navigation:navigation-runtime:2.7.7) with AarTransform
Transforming work-runtime-2.9.0.aar (androidx.work:work-runtime:2.9.0) with JetifyTransform
Transforming core-1.13.1.aar (androidx.core:core:1.13.1) with JetifyTransform
Transforming core-1.13.1.aar (androidx.core:core:1.13.1) with ExtractAarTransform
Transforming core-1.13.1.aar (androidx.core:core:1.13.1) with JetifyTransform
Transforming core-1.13.1.aar (androidx.core:core:1.13.1) with ExtractAarTransform
Transforming core-1.13.1.aar (androidx.core:core:1.13.1) with JetifyTransform
Transforming core-1.13.1.aar (androidx.core:core:1.13.1) with ExtractAarTransform
Transforming core-1.13.1.aar (androidx.core:core:1.13.1) with JetifyTransform
Transforming core-1.13.1.aar (androidx.core:core:1.13.1) with ExtractAarTransform
Transforming core-1.13.1.aar (androidx.core:core:1.13.1) with JetifyTransform
Transforming core-1.13.1.aar (androidx.core:core:1.13.1) with ExtractAarTransform
Transforming core-1.13.1.aar (androidx.core:core:1.13.1) with JetifyTransform
Transforming core-1.13.1.aar (androidx.core:core:1.13.1) with ExtractAarTransform
Transforming navigation-common-2.7.7.aar (androidx.navigation:navigation-common:2.7.7) with AarTransform
Transforming core-1.13.1.aar (androidx.core:core:1.13.1) with JetifyTransform
Transforming core-1.13.1.aar (androidx.core:core:1.13.1) with ExtractAarTransform
Transforming navigation-compose-2.7.7.aar (androidx.navigation:navigation-compose:2.7.7) with AarTransform
Transforming core-1.13.1.aar (androidx.core:core:1.13.1) with JetifyTransform
Transforming core-1.13.1.aar (androidx.core:core:1.13.1) with ExtractAarTransform
Transforming core-1.13.1.aar (androidx.core:core:1.13.1) with JetifyTransform
Transforming core-1.13.1.aar (androidx.core:core:1.13.1) with ExtractAarTransform
Transforming core-1.13.1.aar (androidx.core:core:1.13.1) with JetifyTransform
Transforming core-1.13.1.aar (androidx.core:core:1.13.1) with ExtractAarTransform
Transforming work-runtime-ktx-2.9.0.aar (androidx.work:work-runtime-ktx:2.9.0) with AarTransform
Transforming core-1.13.1.aar (androidx.core:core:1.13.1) with JetifyTransform
Transforming core-1.13.1.aar (androidx.core:core:1.13.1) with ExtractAarTransform
Transforming core-1.13.1.aar (androidx.core:core:1.13.1) with JetifyTransform
Transforming material-1.11.0.aar (com.google.android.material:material:1.11.0) with JetifyTransform
Transforming core-1.13.1.aar (androidx.core:core:1.13.1) with ExtractAarTransform
Transforming core-1.13.1.aar (androidx.core:core:1.13.1) with JetifyTransform
Transforming core-1.13.1.aar (androidx.core:core:1.13.1) with ExtractAarTransform
Transforming core-1.13.1.aar (androidx.core:core:1.13.1) with JetifyTransform
Transforming constraintlayout-2.0.1.aar (androidx.constraintlayout:constraintlayout:2.0.1) with JetifyTransform
Transforming core-1.13.1.aar (androidx.core:core:1.13.1) with ExtractAarTransform
Transforming core-1.13.1.aar (androidx.core:core:1.13.1) with JetifyTransform
Transforming core-1.13.1.aar (androidx.core:core:1.13.1) with ExtractAarTransform
Transforming core-1.13.1.aar (androidx.core:core:1.13.1) with JetifyTransform
Transforming core-1.13.1.aar (androidx.core:core:1.13.1) with ExtractAarTransform
Transforming core-1.13.1.aar (androidx.core:core:1.13.1) with JetifyTransform
Transforming core-1.13.1.aar (androidx.core:core:1.13.1) with ExtractAarTransform
Transforming core-1.13.1.aar (androidx.core:core:1.13.1) with JetifyTransform
Transforming core-1.13.1.aar (androidx.core:core:1.13.1) with ExtractAarTransform
Transforming core-1.13.1.aar (androidx.core:core:1.13.1) with JetifyTransform
Transforming core-1.13.1.aar (androidx.core:core:1.13.1) with ExtractAarTransform
Transforming core-1.13.1.aar (androidx.core:core:1.13.1) with JetifyTransform
Transforming core-1.13.1.aar (androidx.core:core:1.13.1) with ExtractAarTransform
Transforming lifecycle-runtime-release.aar (androidx.lifecycle:lifecycle-runtime-android:2.9.1) with JetifyTransform
Transforming lifecycle-runtime-release.aar (androidx.lifecycle:lifecycle-runtime-android:2.9.1) with ExtractAarTransform
Transforming lifecycle-livedata-core-2.9.1.aar (androidx.lifecycle:lifecycle-livedata-core:2.9.1) with JetifyTransform
Transforming lifecycle-livedata-core-2.9.1.aar (androidx.lifecycle:lifecycle-livedata-core:2.9.1) with ExtractAarTransform
Transforming lifecycle-runtime-compose-release.aar (androidx.lifecycle:lifecycle-runtime-compose-android:2.9.1) with JetifyTransform
Transforming lifecycle-runtime-compose-release.aar (androidx.lifecycle:lifecycle-runtime-compose-android:2.9.1) with ExtractAarTransform
Transforming lifecycle-viewmodel-compose-release.aar (androidx.lifecycle:lifecycle-viewmodel-compose-android:2.9.1) with JetifyTransform
Transforming lifecycle-viewmodel-compose-release.aar (androidx.lifecycle:lifecycle-viewmodel-compose-android:2.9.1) with ExtractAarTransform
Transforming lifecycle-runtime-ktx.aar (androidx.lifecycle:lifecycle-runtime-ktx-android:2.9.1) with JetifyTransform
Transforming lifecycle-runtime-ktx.aar (androidx.lifecycle:lifecycle-runtime-ktx-android:2.9.1) with ExtractAarTransform
Transforming datastore-core-release.aar (androidx.datastore:datastore-core-android:1.1.7) with JetifyTransform
Transforming datastore-core-release.aar (androidx.datastore:datastore-core-android:1.1.7) with ExtractAarTransform
Transforming datastore-preferences-core-release.aar (androidx.datastore:datastore-preferences-core-android:1.1.7) with JetifyTransform
Transforming work-runtime-2.9.0.aar (androidx.work:work-runtime:2.9.0) with ExtractAarTransform
Transforming datastore-preferences-core-release.aar (androidx.datastore:datastore-preferences-core-android:1.1.7) with ExtractAarTransform
Transforming datastore-release.aar (androidx.datastore:datastore-android:1.1.7) with JetifyTransform
Transforming datastore-release.aar (androidx.datastore:datastore-android:1.1.7) with ExtractAarTransform
Transforming datastore-preferences-release.aar (androidx.datastore:datastore-preferences-android:1.1.7) with JetifyTransform
Transforming datastore-preferences-release.aar (androidx.datastore:datastore-preferences-android:1.1.7) with ExtractAarTransform
Transforming runtime-saveable-release.aar (androidx.compose.runtime:runtime-saveable-android:1.7.8) with JetifyTransform
Transforming runtime-saveable-release.aar (androidx.compose.runtime:runtime-saveable-android:1.7.8) with ExtractAarTransform
Transforming runtime-release.aar (androidx.compose.runtime:runtime-android:1.7.8) with JetifyTransform
Transforming runtime-release.aar (androidx.compose.runtime:runtime-android:1.7.8) with ExtractAarTransform
Transforming annotation-experimental-1.4.1.aar (androidx.annotation:annotation-experimental:1.4.1) with JetifyTransform
Transforming annotation-experimental-1.4.1.aar (androidx.annotation:annotation-experimental:1.4.1) with ExtractAarTransform
Transforming core-splashscreen-1.0.1.aar (androidx.core:core-splashscreen:1.0.1) with AarTransform
Transforming sqlite-framework-release.aar (androidx.sqlite:sqlite-framework-android:2.5.1) with JetifyTransform
Transforming sqlite-framework-release.aar (androidx.sqlite:sqlite-framework-android:2.5.1) with ExtractAarTransform
Transforming sqlite-release.aar (androidx.sqlite:sqlite-android:2.5.1) with JetifyTransform
Transforming sqlite-release.aar (androidx.sqlite:sqlite-android:2.5.1) with ExtractAarTransform
Transforming core-viewtree-1.0.0.aar (androidx.core:core-viewtree:1.0.0) with JetifyTransform
Transforming core-viewtree-1.0.0.aar (androidx.core:core-viewtree:1.0.0) with ExtractAarTransform
Transforming core-runtime-2.2.0.aar (androidx.arch.core:core-runtime:2.2.0) with JetifyTransform
Transforming core-runtime-2.2.0.aar (androidx.arch.core:core-runtime:2.2.0) with ExtractAarTransform
Transforming cursoradapter-1.0.0.aar (androidx.cursoradapter:cursoradapter:1.0.0) with JetifyTransform
Transforming cursoradapter-1.0.0.aar (androidx.cursoradapter:cursoradapter:1.0.0) with ExtractAarTransform
Transforming cursoradapter-1.0.0.aar (androidx.cursoradapter:cursoradapter:1.0.0) with JetifyTransform
Transforming cursoradapter-1.0.0.aar (androidx.cursoradapter:cursoradapter:1.0.0) with ExtractAarTransform
Transforming gifdecoder-4.15.1.aar (com.github.bumptech.glide:gifdecoder:4.15.1) with JetifyTransform
Transforming constraintlayout-2.0.1.aar (androidx.constraintlayout:constraintlayout:2.0.1) with ExtractAarTransform
Transforming gifdecoder-4.15.1.aar (com.github.bumptech.glide:gifdecoder:4.15.1) with ExtractAarTransform
Transforming profileinstaller-1.4.0.aar (androidx.profileinstaller:profileinstaller:1.4.0) with JetifyTransform
Transforming profileinstaller-1.4.0.aar (androidx.profileinstaller:profileinstaller:1.4.0) with ExtractAarTransform
Transforming startup-runtime-1.1.1.aar (androidx.startup:startup-runtime:1.1.1) with JetifyTransform
Transforming startup-runtime-1.1.1.aar (androidx.startup:startup-runtime:1.1.1) with ExtractAarTransform
Transforming material-1.11.0.aar (com.google.android.material:material:1.11.0) with ExtractAarTransform
Transforming tracing-1.0.0.aar (androidx.tracing:tracing:1.0.0) with JetifyTransform
Transforming tracing-1.0.0.aar (androidx.tracing:tracing:1.0.0) with ExtractAarTransform
Transforming localbroadcastmanager-1.0.0.aar (androidx.localbroadcastmanager:localbroadcastmanager:1.0.0) with JetifyTransform
Transforming localbroadcastmanager-1.0.0.aar (androidx.localbroadcastmanager:localbroadcastmanager:1.0.0) with ExtractAarTransform
Transforming print-1.0.0.aar (androidx.print:print:1.0.0) with JetifyTransform
Transforming print-1.0.0.aar (androidx.print:print:1.0.0) with ExtractAarTransform
Transforming interpolator-1.0.0.aar (androidx.interpolator:interpolator:1.0.0) with JetifyTransform
Transforming interpolator-1.0.0.aar (androidx.interpolator:interpolator:1.0.0) with ExtractAarTransform
Transforming interpolator-1.0.0.aar (androidx.interpolator:interpolator:1.0.0) with JetifyTransform
Transforming interpolator-1.0.0.aar (androidx.interpolator:interpolator:1.0.0) with ExtractAarTransform
Transforming interpolator-1.0.0.aar (androidx.interpolator:interpolator:1.0.0) with JetifyTransform
Transforming interpolator-1.0.0.aar (androidx.interpolator:interpolator:1.0.0) with ExtractAarTransform
Transforming interpolator-1.0.0.aar (androidx.interpolator:interpolator:1.0.0) with JetifyTransform
Transforming interpolator-1.0.0.aar (androidx.interpolator:interpolator:1.0.0) with ExtractAarTransform
Transforming exifinterface-1.3.7.aar (androidx.exifinterface:exifinterface:1.3.7) with JetifyTransform
Transforming exifinterface-1.3.7.aar (androidx.exifinterface:exifinterface:1.3.7) with ExtractAarTransform
Transforming versionedparcelable-1.1.1.aar (androidx.versionedparcelable:versionedparcelable:1.1.1) with JetifyTransform
Transforming versionedparcelable-1.1.1.aar (androidx.versionedparcelable:versionedparcelable:1.1.1) with ExtractAarTransform
Transforming dagger-lint-aar-2.51.1.aar (com.google.dagger:dagger-lint-aar:2.51.1) with JetifyTransform
Transforming dagger-lint-aar-2.51.1.aar (com.google.dagger:dagger-lint-aar:2.51.1) with ExtractAarTransform
Transforming coil-compose-2.7.0.aar (io.coil-kt:coil-compose:2.7.0) with AarTransform
Transforming room-ktx-2.7.2.aar (androidx.room:room-ktx:2.7.2) with AarTransform
Transforming coil-2.7.0.aar (io.coil-kt:coil:2.7.0) with AarTransform
Transforming hilt-navigation-compose-1.2.0.aar (androidx.hilt:hilt-navigation-compose:1.2.0) with AarTransform
Transforming coil-compose-base-2.7.0.aar (io.coil-kt:coil-compose-base:2.7.0) with AarTransform
Transforming text-recognition-16.0.1.aar (com.google.mlkit:text-recognition:16.0.1) with JetifyTransform
Transforming play-services-mlkit-text-recognition-19.0.1.aar (com.google.android.gms:play-services-mlkit-text-recognition:19.0.1) with JetifyTransform
Transforming text-recognition-bundled-common-17.0.0.aar (com.google.mlkit:text-recognition-bundled-common:17.0.0) with JetifyTransform
Transforming constraintlayout-2.0.1.aar (androidx.constraintlayout:constraintlayout:2.0.1) with AarTransform
Transforming play-services-mlkit-text-recognition-common-19.1.0.aar (com.google.android.gms:play-services-mlkit-text-recognition-common:19.1.0) with JetifyTransform
Transforming text-recognition-16.0.1.aar (com.google.mlkit:text-recognition:16.0.1) with ExtractAarTransform
Transforming coil-base-2.7.0.aar (io.coil-kt:coil-base:2.7.0) with AarTransform
Transforming appcompat-resources-1.6.1.aar (androidx.appcompat:appcompat-resources:1.6.1) with AarTransform
Transforming lottie-compose-6.4.1.aar (com.airbnb.android:lottie-compose:6.4.1) with AarTransform
Transforming play-services-mlkit-text-recognition-19.0.1.aar (com.google.android.gms:play-services-mlkit-text-recognition:19.0.1) with ExtractAarTransform
Transforming work-runtime-2.9.0.aar (androidx.work:work-runtime:2.9.0) with AarTransform
Transforming vision-common-17.3.0.aar (com.google.mlkit:vision-common:17.3.0) with JetifyTransform
Transforming text-recognition-bundled-common-17.0.0.aar (com.google.mlkit:text-recognition-bundled-common:17.0.0) with ExtractAarTransform
Transforming vision-common-17.3.0.aar (com.google.mlkit:vision-common:17.3.0) with JetifyTransform
Transforming play-services-mlkit-text-recognition-common-19.1.0.aar (com.google.android.gms:play-services-mlkit-text-recognition-common:19.1.0) with ExtractAarTransform
Transforming common-18.11.0.aar (com.google.mlkit:common:18.11.0) with JetifyTransform
Transforming lottie-6.4.1.aar (com.airbnb.android:lottie:6.4.1) with AarTransform
Transforming common-18.11.0.aar (com.google.mlkit:common:18.11.0) with JetifyTransform
Transforming common-18.11.0.aar (com.google.mlkit:common:18.11.0) with JetifyTransform
Transforming common-18.11.0.aar (com.google.mlkit:common:18.11.0) with JetifyTransform
Transforming vision-common-17.3.0.aar (com.google.mlkit:vision-common:17.3.0) with ExtractAarTransform
Transforming vision-common-17.3.0.aar (com.google.mlkit:vision-common:17.3.0) with ExtractAarTransform
Transforming play-services-mlkit-text-recognition-common-19.1.0.aar (com.google.android.gms:play-services-mlkit-text-recognition-common:19.1.0) with AarTransform
Transforming vision-common-17.3.0.aar (com.google.mlkit:vision-common:17.3.0) with AarTransform
Transforming vision-common-17.3.0.aar (com.google.mlkit:vision-common:17.3.0) with AarTransform
Transforming play-services-mlkit-text-recognition-19.0.1.aar (com.google.android.gms:play-services-mlkit-text-recognition:19.0.1) with AarTransform
Transforming common-18.11.0.aar (com.google.mlkit:common:18.11.0) with JetifyTransform
Transforming common-18.11.0.aar (com.google.mlkit:common:18.11.0) with ExtractAarTransform
Transforming common-18.11.0.aar (com.google.mlkit:common:18.11.0) with ExtractAarTransform
Transforming common-18.11.0.aar (com.google.mlkit:common:18.11.0) with ExtractAarTransform
Transforming text-recognition-bundled-common-17.0.0.aar (com.google.mlkit:text-recognition-bundled-common:17.0.0) with AarTransform
Transforming common-18.11.0.aar (com.google.mlkit:common:18.11.0) with ExtractAarTransform
Transforming common-18.11.0.aar (com.google.mlkit:common:18.11.0) with ExtractAarTransform
Transforming appcompat-1.6.1.aar (androidx.appcompat:appcompat:1.6.1) with JetifyTransform
Transforming appcompat-1.6.1.aar (androidx.appcompat:appcompat:1.6.1) with ExtractAarTransform
Transforming text-recognition-16.0.1.aar (com.google.mlkit:text-recognition:16.0.1) with AarTransform
Transforming viewpager2-1.0.0.aar (androidx.viewpager2:viewpager2:1.0.0) with JetifyTransform
Transforming common-18.11.0.aar (com.google.mlkit:common:18.11.0) with AarTransform
Transforming common-18.11.0.aar (com.google.mlkit:common:18.11.0) with AarTransform
Transforming glide-4.15.1.aar (com.github.bumptech.glide:glide:4.15.1) with AarTransform
Transforming common-18.11.0.aar (com.google.mlkit:common:18.11.0) with AarTransform
Transforming common-18.11.0.aar (com.google.mlkit:common:18.11.0) with AarTransform
Transforming common-18.11.0.aar (com.google.mlkit:common:18.11.0) with AarTransform
Transforming pdfium-android-1.9.0.aar (com.github.barteksc:pdfium-android:1.9.0) with JetifyTransform
Transforming legacy-support-v4-1.0.0.aar (androidx.legacy:legacy-support-v4:1.0.0) with JetifyTransform
Transforming play-services-base-18.5.0.aar (com.google.android.gms:play-services-base:18.5.0) with JetifyTransform
Transforming play-services-base-18.5.0.aar (com.google.android.gms:play-services-base:18.5.0) with JetifyTransform
Transforming play-services-base-18.5.0.aar (com.google.android.gms:play-services-base:18.5.0) with JetifyTransform
Transforming play-services-base-18.5.0.aar (com.google.android.gms:play-services-base:18.5.0) with JetifyTransform
Transforming pdfium-android-1.9.0.aar (com.github.barteksc:pdfium-android:1.9.0) with ExtractAarTransform
Transforming legacy-support-v4-1.0.0.aar (androidx.legacy:legacy-support-v4:1.0.0) with ExtractAarTransform
Transforming viewpager2-1.0.0.aar (androidx.viewpager2:viewpager2:1.0.0) with ExtractAarTransform
Transforming play-services-base-18.5.0.aar (com.google.android.gms:play-services-base:18.5.0) with ExtractAarTransform
Transforming play-services-base-18.5.0.aar (com.google.android.gms:play-services-base:18.5.0) with ExtractAarTransform
Transforming play-services-base-18.5.0.aar (com.google.android.gms:play-services-base:18.5.0) with ExtractAarTransform
Transforming play-services-base-18.5.0.aar (com.google.android.gms:play-services-base:18.5.0) with ExtractAarTransform
Transforming legacy-support-v4-1.0.0.aar (androidx.legacy:legacy-support-v4:1.0.0) with AarTransform
Transforming room-runtime-release.aar (androidx.room:room-runtime-android:2.7.2) with AarTransform
Transforming viewpager2-1.0.0.aar (androidx.viewpager2:viewpager2:1.0.0) with AarTransform
Transforming play-services-base-18.5.0.aar (com.google.android.gms:play-services-base:18.5.0) with JetifyTransform
Transforming play-services-base-18.5.0.aar (com.google.android.gms:play-services-base:18.5.0) with ExtractAarTransform
Transforming vision-interfaces-16.3.0.aar (com.google.mlkit:vision-interfaces:16.3.0) with JetifyTransform
Transforming play-services-tasks-18.2.0.aar (com.google.android.gms:play-services-tasks:18.2.0) with JetifyTransform
Transforming vision-interfaces-16.3.0.aar (com.google.mlkit:vision-interfaces:16.3.0) with ExtractAarTransform
Transforming pdfium-android-1.9.0.aar (com.github.barteksc:pdfium-android:1.9.0) with AarTransform
Transforming vision-interfaces-16.3.0.aar (com.google.mlkit:vision-interfaces:16.3.0) with AarTransform
Transforming play-services-tasks-18.2.0.aar (com.google.android.gms:play-services-tasks:18.2.0) with JetifyTransform
Transforming play-services-tasks-18.2.0.aar (com.google.android.gms:play-services-tasks:18.2.0) with JetifyTransform
Transforming play-services-base-18.5.0.aar (com.google.android.gms:play-services-base:18.5.0) with AarTransform
Transforming play-services-base-18.5.0.aar (com.google.android.gms:play-services-base:18.5.0) with AarTransform
Transforming play-services-base-18.5.0.aar (com.google.android.gms:play-services-base:18.5.0) with AarTransform
Transforming play-services-base-18.5.0.aar (com.google.android.gms:play-services-base:18.5.0) with AarTransform
Transforming play-services-base-18.5.0.aar (com.google.android.gms:play-services-base:18.5.0) with AarTransform
Transforming play-services-tasks-18.2.0.aar (com.google.android.gms:play-services-tasks:18.2.0) with JetifyTransform
Transforming play-services-tasks-18.2.0.aar (com.google.android.gms:play-services-tasks:18.2.0) with JetifyTransform
Transforming play-services-tasks-18.2.0.aar (com.google.android.gms:play-services-tasks:18.2.0) with JetifyTransform
Transforming play-services-basement-18.4.0.aar (com.google.android.gms:play-services-basement:18.4.0) with JetifyTransform
Transforming play-services-base-18.5.0.aar (com.google.android.gms:play-services-base:18.5.0) with JetifyTransform
Transforming play-services-base-18.5.0.aar (com.google.android.gms:play-services-base:18.5.0) with ExtractAarTransform
Transforming play-services-base-18.5.0.aar (com.google.android.gms:play-services-base:18.5.0) with AarTransform
Transforming play-services-basement-18.4.0.aar (com.google.android.gms:play-services-basement:18.4.0) with JetifyTransform
Transforming play-services-basement-18.4.0.aar (com.google.android.gms:play-services-basement:18.4.0) with ExtractAarTransform
Transforming play-services-basement-18.4.0.aar (com.google.android.gms:play-services-basement:18.4.0) with ExtractAarTransform
Transforming play-services-basement-18.4.0.aar (com.google.android.gms:play-services-basement:18.4.0) with AarTransform
Transforming play-services-basement-18.4.0.aar (com.google.android.gms:play-services-basement:18.4.0) with AarTransform
Transforming fragment-1.5.1.aar (androidx.fragment:fragment:1.5.1) with JetifyTransform
Transforming fragment-1.5.1.aar (androidx.fragment:fragment:1.5.1) with ExtractAarTransform
Transforming appcompat-1.6.1.aar (androidx.appcompat:appcompat:1.6.1) with AarTransform
Transforming appcompat-1.6.1.aar (androidx.appcompat:appcompat:1.6.1) with AarTransform
Transforming play-services-tasks-18.2.0.aar (com.google.android.gms:play-services-tasks:18.2.0) with ExtractAarTransform
Transforming play-services-tasks-18.2.0.aar (com.google.android.gms:play-services-tasks:18.2.0) with ExtractAarTransform
Transforming play-services-tasks-18.2.0.aar (com.google.android.gms:play-services-tasks:18.2.0) with ExtractAarTransform
Transforming play-services-tasks-18.2.0.aar (com.google.android.gms:play-services-tasks:18.2.0) with ExtractAarTransform
Transforming fragment-1.5.1.aar (androidx.fragment:fragment:1.5.1) with AarTransform
Transforming play-services-tasks-18.2.0.aar (com.google.android.gms:play-services-tasks:18.2.0) with ExtractAarTransform
Transforming play-services-tasks-18.2.0.aar (com.google.android.gms:play-services-tasks:18.2.0) with ExtractAarTransform
Transforming fragment-1.5.1.aar (androidx.fragment:fragment:1.5.1) with AarTransform
Transforming fragment-1.5.1.aar (androidx.fragment:fragment:1.5.1) with JetifyTransform
Transforming fragment-1.5.1.aar (androidx.fragment:fragment:1.5.1) with JetifyTransform
Transforming fragment-1.5.1.aar (androidx.fragment:fragment:1.5.1) with ExtractAarTransform
Transforming fragment-1.5.1.aar (androidx.fragment:fragment:1.5.1) with ExtractAarTransform
Transforming fragment-1.5.1.aar (androidx.fragment:fragment:1.5.1) with AarTransform
Transforming fragment-1.5.1.aar (androidx.fragment:fragment:1.5.1) with AarTransform
Transforming fragment-1.5.1.aar (androidx.fragment:fragment:1.5.1) with JetifyTransform
Transforming fragment-1.5.1.aar (androidx.fragment:fragment:1.5.1) with ExtractAarTransform
Transforming fragment-1.5.1.aar (androidx.fragment:fragment:1.5.1) with AarTransform
Transforming material-1.11.0.aar (com.google.android.material:material:1.11.0) with AarTransform
Transforming dynamicanimation-1.0.0.aar (androidx.dynamicanimation:dynamicanimation:1.0.0) with JetifyTransform
Transforming play-services-tasks-18.2.0.aar (com.google.android.gms:play-services-tasks:18.2.0) with AarTransform
Transforming play-services-tasks-18.2.0.aar (com.google.android.gms:play-services-tasks:18.2.0) with AarTransform
Transforming play-services-tasks-18.2.0.aar (com.google.android.gms:play-services-tasks:18.2.0) with AarTransform
Transforming play-services-tasks-18.2.0.aar (com.google.android.gms:play-services-tasks:18.2.0) with AarTransform
Transforming play-services-tasks-18.2.0.aar (com.google.android.gms:play-services-tasks:18.2.0) with AarTransform
Transforming play-services-tasks-18.2.0.aar (com.google.android.gms:play-services-tasks:18.2.0) with AarTransform
Transforming legacy-support-core-ui-1.0.0.aar (androidx.legacy:legacy-support-core-ui:1.0.0) with JetifyTransform
Transforming dynamicanimation-1.0.0.aar (androidx.dynamicanimation:dynamicanimation:1.0.0) with ExtractAarTransform
Transforming palette-1.0.0.aar (androidx.palette:palette:1.0.0) with AarTransform
Transforming material3-window-size-class-release.aar (androidx.compose.material3:material3-window-size-class-android:1.2.1) with AarTransform
Transforming legacy-support-core-utils-1.0.0.aar (androidx.legacy:legacy-support-core-utils:1.0.0) with AarTransform
Transforming legacy-support-core-ui-1.0.0.aar (androidx.legacy:legacy-support-core-ui:1.0.0) with ExtractAarTransform
Transforming loader-1.0.0.aar (androidx.loader:loader:1.0.0) with AarTransform
Transforming loader-1.0.0.aar (androidx.loader:loader:1.0.0) with AarTransform
Transforming dynamicanimation-1.0.0.aar (androidx.dynamicanimation:dynamicanimation:1.0.0) with AarTransform
Transforming ui-tooling-data-release.aar (androidx.compose.ui:ui-tooling-data-android:1.7.8) with JetifyTransform
Transforming legacy-support-core-ui-1.0.0.aar (androidx.legacy:legacy-support-core-ui:1.0.0) with AarTransform
Transforming accompanist-permissions-0.37.3.aar (com.google.accompanist:accompanist-permissions:0.37.3) with AarTransform
Transforming accompanist-drawablepainter-0.32.0.aar (com.google.accompanist:accompanist-drawablepainter:0.32.0) with AarTransform
Transforming constraintlayout-compose-1.0.1.aar (androidx.constraintlayout:constraintlayout-compose:1.0.1) with AarTransform
Transforming ui-tooling-data-release.aar (androidx.compose.ui:ui-tooling-data-android:1.7.8) with ExtractAarTransform
Transforming accompanist-adaptive-0.34.0.aar (com.google.accompanist:accompanist-adaptive:0.34.0) with AarTransform
Transforming accompanist-systemuicontroller-0.34.0.aar (com.google.accompanist:accompanist-systemuicontroller:0.34.0) with AarTransform
Transforming animation-core-release.aar (androidx.compose.animation:animation-core-android:1.7.8) with AarTransform
Transforming material-ripple-release.aar (androidx.compose.material:material-ripple-android:1.6.8) with AarTransform
Transforming ui-tooling-preview-release.aar (androidx.compose.ui:ui-tooling-preview-android:1.7.8) with AarTransform
Transforming ui-test-manifest-1.7.8.aar (androidx.compose.ui:ui-test-manifest:1.7.8) with JetifyTransform
Transforming ui-tooling-data-release.aar (androidx.compose.ui:ui-tooling-data-android:1.7.8) with AarTransform
Transforming ui-test-manifest-1.7.8.aar (androidx.compose.ui:ui-test-manifest:1.7.8) with ExtractAarTransform
Transforming foundation-layout-release.aar (androidx.compose.foundation:foundation-layout-android:1.7.8) with AarTransform
Transforming ui-unit-release.aar (androidx.compose.ui:ui-unit-android:1.7.8) with AarTransform
Transforming ui-util-release.aar (androidx.compose.ui:ui-util-android:1.7.8) with AarTransform
Transforming ui-tooling-release.aar (androidx.compose.ui:ui-tooling-android:1.7.8) with JetifyTransform
Transforming animation-release.aar (androidx.compose.animation:animation-android:1.7.8) with AarTransform
Transforming ui-geometry-release.aar (androidx.compose.ui:ui-geometry-android:1.7.8) with AarTransform
Transforming ui-text-release.aar (androidx.compose.ui:ui-text-android:1.7.8) with AarTransform
Transforming ui-tooling-release.aar (androidx.compose.ui:ui-tooling-android:1.7.8) with ExtractAarTransform
Transforming ui-graphics-release.aar (androidx.compose.ui:ui-graphics-android:1.7.8) with AarTransform
Transforming ui-test-manifest-1.7.8.aar (androidx.compose.ui:ui-test-manifest:1.7.8) with AarTransform
Transforming material-icons-core-release.aar (androidx.compose.material:material-icons-core-android:1.6.8) with AarTransform
Transforming material-icons-extended-release.aar (androidx.compose.material:material-icons-extended-android:1.6.8) with AarTransform
Transforming material-release.aar (androidx.compose.material:material-android:1.6.8) with AarTransform
Transforming activity-ktx-1.9.0.aar (androidx.activity:activity-ktx:1.9.0) with AarTransform
Transforming activity-1.9.0.aar (androidx.activity:activity:1.9.0) with AarTransform
Transforming ui-tooling-release.aar (androidx.compose.ui:ui-tooling-android:1.7.8) with AarTransform
Transforming lifecycle-service-2.9.1.aar (androidx.lifecycle:lifecycle-service:2.9.1) with JetifyTransform
Transforming activity-compose-1.9.0.aar (androidx.activity:activity-compose:1.9.0) with AarTransform
Transforming emoji2-views-helper-1.3.0.aar (androidx.emoji2:emoji2-views-helper:1.3.0) with AarTransform
Transforming lifecycle-service-2.9.1.aar (androidx.lifecycle:lifecycle-service:2.9.1) with ExtractAarTransform
Transforming lifecycle-livedata-2.9.1.aar (androidx.lifecycle:lifecycle-livedata:2.9.1) with JetifyTransform
Transforming lifecycle-livedata-2.9.1.aar (androidx.lifecycle:lifecycle-livedata:2.9.1) with ExtractAarTransform
Transforming lifecycle-process-2.9.1.aar (androidx.lifecycle:lifecycle-process:2.9.1) with AarTransform
Transforming emoji2-1.3.0.aar (androidx.emoji2:emoji2:1.3.0) with AarTransform
Transforming lifecycle-livedata-core-ktx-2.9.1.aar (androidx.lifecycle:lifecycle-livedata-core-ktx:2.9.1) with AarTransform
Transforming lifecycle-livedata-2.9.1.aar (androidx.lifecycle:lifecycle-livedata:2.9.1) with AarTransform
Transforming lifecycle-livedata-2.9.1.aar (androidx.lifecycle:lifecycle-livedata:2.9.1) with AarTransform
Transforming lifecycle-service-2.9.1.aar (androidx.lifecycle:lifecycle-service:2.9.1) with AarTransform
Transforming lifecycle-viewmodel-ktx-2.9.1.aar (androidx.lifecycle:lifecycle-viewmodel-ktx:2.9.1) with AarTransform
Transforming lifecycle-viewmodel-2.9.1.aar (androidx.lifecycle:lifecycle-viewmodel:2.9.1) with AarTransform
Transforming lifecycle-viewmodel-savedstate-release.aar (androidx.lifecycle:lifecycle-viewmodel-savedstate-android:2.9.1) with AarTransform
Transforming lifecycle-viewmodel-release.aar (androidx.lifecycle:lifecycle-viewmodel-android:2.9.1) with AarTransform
Transforming savedstate-ktx-1.3.0.aar (androidx.savedstate:savedstate-ktx:1.3.0) with AarTransform
Transforming media3-container-1.4.1.aar (androidx.media3:media3-container:1.4.1) with AarTransform
Transforming media3-datasource-1.4.1.aar (androidx.media3:media3-datasource:1.4.1) with AarTransform
Transforming media3-database-1.4.1.aar (androidx.media3:media3-database:1.4.1) with AarTransform
Transforming media3-decoder-1.4.1.aar (androidx.media3:media3-decoder:1.4.1) with AarTransform
Transforming savedstate-release.aar (androidx.savedstate:savedstate-android:1.3.0) with AarTransform
Transforming coordinatorlayout-1.1.0.aar (androidx.coordinatorlayout:coordinatorlayout:1.1.0) with JetifyTransform
Transforming coordinatorlayout-1.1.0.aar (androidx.coordinatorlayout:coordinatorlayout:1.1.0) with JetifyTransform
Transforming drawerlayout-1.1.1.aar (androidx.drawerlayout:drawerlayout:1.1.1) with JetifyTransform
Transforming media3-common-1.4.1.aar (androidx.media3:media3-common:1.4.1) with AarTransform
Transforming coordinatorlayout-1.1.0.aar (androidx.coordinatorlayout:coordinatorlayout:1.1.0) with ExtractAarTransform
Transforming coordinatorlayout-1.1.0.aar (androidx.coordinatorlayout:coordinatorlayout:1.1.0) with ExtractAarTransform
Transforming media3-extractor-1.4.1.aar (androidx.media3:media3-extractor:1.4.1) with AarTransform
Transforming drawerlayout-1.1.1.aar (androidx.drawerlayout:drawerlayout:1.1.1) with ExtractAarTransform
Transforming drawerlayout-1.1.1.aar (androidx.drawerlayout:drawerlayout:1.1.1) with JetifyTransform
Transforming drawerlayout-1.1.1.aar (androidx.drawerlayout:drawerlayout:1.1.1) with ExtractAarTransform
Transforming material3-release.aar (androidx.compose.material3:material3-android:1.2.1) with AarTransform
Transforming transition-1.2.0.aar (androidx.transition:transition:1.2.0) with JetifyTransform
Transforming coordinatorlayout-1.1.0.aar (androidx.coordinatorlayout:coordinatorlayout:1.1.0) with AarTransform
Transforming coordinatorlayout-1.1.0.aar (androidx.coordinatorlayout:coordinatorlayout:1.1.0) with AarTransform
Transforming drawerlayout-1.1.1.aar (androidx.drawerlayout:drawerlayout:1.1.1) with AarTransform
Transforming drawerlayout-1.1.1.aar (androidx.drawerlayout:drawerlayout:1.1.1) with AarTransform
Transforming vectordrawable-animated-1.1.0.aar (androidx.vectordrawable:vectordrawable-animated:1.1.0) with AarTransform
Transforming recyclerview-1.3.0.aar (androidx.recyclerview:recyclerview:1.3.0) with JetifyTransform
Transforming vectordrawable-1.1.0.aar (androidx.vectordrawable:vectordrawable:1.1.0) with AarTransform
Transforming recyclerview-1.3.0.aar (androidx.recyclerview:recyclerview:1.3.0) with ExtractAarTransform
Transforming vectordrawable-1.1.0.aar (androidx.vectordrawable:vectordrawable:1.1.0) with AarTransform
Transforming media-1.7.0.aar (androidx.media:media:1.7.0) with JetifyTransform
Transforming media-1.7.0.aar (androidx.media:media:1.7.0) with ExtractAarTransform
Transforming viewpager-1.0.0.aar (androidx.viewpager:viewpager:1.0.0) with AarTransform
Transforming recyclerview-1.3.0.aar (androidx.recyclerview:recyclerview:1.3.0) with AarTransform
Transforming recyclerview-1.3.0.aar (androidx.recyclerview:recyclerview:1.3.0) with AarTransform
Transforming foundation-release.aar (androidx.compose.foundation:foundation-android:1.7.8) with AarTransform
Transforming viewpager-1.0.0.aar (androidx.viewpager:viewpager:1.0.0) with AarTransform
Transforming customview-1.1.0.aar (androidx.customview:customview:1.1.0) with JetifyTransform
Transforming customview-1.1.0.aar (androidx.customview:customview:1.1.0) with JetifyTransform
Transforming slidingpanelayout-1.0.0.aar (androidx.slidingpanelayout:slidingpanelayout:1.0.0) with JetifyTransform
Transforming window-1.0.0.aar (androidx.window:window:1.0.0) with AarTransform
Transforming customview-1.1.0.aar (androidx.customview:customview:1.1.0) with JetifyTransform
Transforming customview-1.1.0.aar (androidx.customview:customview:1.1.0) with ExtractAarTransform
Transforming customview-1.1.0.aar (androidx.customview:customview:1.1.0) with ExtractAarTransform
Transforming customview-1.1.0.aar (androidx.customview:customview:1.1.0) with ExtractAarTransform
Transforming media-1.7.0.aar (androidx.media:media:1.7.0) with AarTransform
Transforming media-1.7.0.aar (androidx.media:media:1.7.0) with AarTransform
Transforming customview-1.1.0.aar (androidx.customview:customview:1.1.0) with JetifyTransform
Transforming customview-1.1.0.aar (androidx.customview:customview:1.1.0) with JetifyTransform
Transforming customview-1.1.0.aar (androidx.customview:customview:1.1.0) with ExtractAarTransform
Transforming customview-1.1.0.aar (androidx.customview:customview:1.1.0) with ExtractAarTransform
Transforming customview-1.1.0.aar (androidx.customview:customview:1.1.0) with AarTransform
Transforming customview-1.1.0.aar (androidx.customview:customview:1.1.0) with AarTransform
Transforming customview-1.1.0.aar (androidx.customview:customview:1.1.0) with AarTransform
Transforming customview-1.1.0.aar (androidx.customview:customview:1.1.0) with AarTransform
Transforming customview-1.1.0.aar (androidx.customview:customview:1.1.0) with AarTransform
Transforming ui-release.aar (androidx.compose.ui:ui-android:1.7.8) with AarTransform
Transforming swiperefreshlayout-1.0.0.aar (androidx.swiperefreshlayout:swiperefreshlayout:1.0.0) with JetifyTransform
Transforming asynclayoutinflater-1.0.0.aar (androidx.asynclayoutinflater:asynclayoutinflater:1.0.0) with JetifyTransform
Transforming asynclayoutinflater-1.0.0.aar (androidx.asynclayoutinflater:asynclayoutinflater:1.0.0) with ExtractAarTransform
Transforming autofill-1.0.0.aar (androidx.autofill:autofill:1.0.0) with AarTransform
Transforming swiperefreshlayout-1.0.0.aar (androidx.swiperefreshlayout:swiperefreshlayout:1.0.0) with ExtractAarTransform
Transforming core-ktx-1.13.1.aar (androidx.core:core-ktx:1.13.1) with AarTransform
Transforming asynclayoutinflater-1.0.0.aar (androidx.asynclayoutinflater:asynclayoutinflater:1.0.0) with AarTransform
Transforming customview-poolingcontainer-1.0.0.aar (androidx.customview:customview-poolingcontainer:1.0.0) with AarTransform
Transforming swiperefreshlayout-1.0.0.aar (androidx.swiperefreshlayout:swiperefreshlayout:1.0.0) with AarTransform
Transforming graphics-path-1.0.1.aar (androidx.graphics:graphics-path:1.0.1) with AarTransform
Transforming media3-exoplayer-1.4.1.aar (androidx.media3:media3-exoplayer:1.4.1) with AarTransform
Transforming core-1.13.1.aar (androidx.core:core:1.13.1) with AarTransform
Transforming core-1.13.1.aar (androidx.core:core:1.13.1) with AarTransform
Transforming media3-ui-1.4.1.aar (androidx.media3:media3-ui:1.4.1) with AarTransform
Transforming transition-1.2.0.aar (androidx.transition:transition:1.2.0) with ExtractAarTransform
Transforming lifecycle-runtime-ktx.aar (androidx.lifecycle:lifecycle-runtime-ktx-android:2.9.1) with AarTransform
Transforming slidingpanelayout-1.0.0.aar (androidx.slidingpanelayout:slidingpanelayout:1.0.0) with ExtractAarTransform
Transforming lifecycle-runtime-release.aar (androidx.lifecycle:lifecycle-runtime-android:2.9.1) with AarTransform
Transforming lifecycle-viewmodel-compose-release.aar (androidx.lifecycle:lifecycle-viewmodel-compose-android:2.9.1) with AarTransform
Transforming datastore-core-release.aar (androidx.datastore:datastore-core-android:1.1.7) with AarTransform
Transforming lifecycle-runtime-compose-release.aar (androidx.lifecycle:lifecycle-runtime-compose-android:2.9.1) with AarTransform
Transforming transition-1.2.0.aar (androidx.transition:transition:1.2.0) with AarTransform
Transforming lifecycle-livedata-core-2.9.1.aar (androidx.lifecycle:lifecycle-livedata-core:2.9.1) with AarTransform
Transforming slidingpanelayout-1.0.0.aar (androidx.slidingpanelayout:slidingpanelayout:1.0.0) with AarTransform
Transforming datastore-release.aar (androidx.datastore:datastore-android:1.1.7) with AarTransform
Transforming documentfile-1.0.1.aar (androidx.documentfile:documentfile:1.0.1) with JetifyTransform
Transforming documentfile-1.0.1.aar (androidx.documentfile:documentfile:1.0.1) with JetifyTransform
Transforming documentfile-1.0.1.aar (androidx.documentfile:documentfile:1.0.1) with ExtractAarTransform
Transforming documentfile-1.0.1.aar (androidx.documentfile:documentfile:1.0.1) with ExtractAarTransform
Transforming datastore-preferences-release.aar (androidx.datastore:datastore-preferences-android:1.1.7) with AarTransform
Transforming annotation-experimental-1.4.1.aar (androidx.annotation:annotation-experimental:1.4.1) with AarTransform
Transforming runtime-saveable-release.aar (androidx.compose.runtime:runtime-saveable-android:1.7.8) with AarTransform
Transforming sqlite-framework-release.aar (androidx.sqlite:sqlite-framework-android:2.5.1) with AarTransform
Transforming documentfile-1.0.1.aar (androidx.documentfile:documentfile:1.0.1) with AarTransform
Transforming cardview-1.0.0.aar (androidx.cardview:cardview:1.0.0) with JetifyTransform
Transforming documentfile-1.0.1.aar (androidx.documentfile:documentfile:1.0.1) with AarTransform
Transforming core-viewtree-1.0.0.aar (androidx.core:core-viewtree:1.0.0) with AarTransform
Transforming sqlite-release.aar (androidx.sqlite:sqlite-android:2.5.1) with AarTransform
Transforming runtime-release.aar (androidx.compose.runtime:runtime-android:1.7.8) with AarTransform
Transforming cardview-1.0.0.aar (androidx.cardview:cardview:1.0.0) with ExtractAarTransform
Transforming cursoradapter-1.0.0.aar (androidx.cursoradapter:cursoradapter:1.0.0) with AarTransform
Transforming cursoradapter-1.0.0.aar (androidx.cursoradapter:cursoradapter:1.0.0) with AarTransform
Transforming gifdecoder-4.15.1.aar (com.github.bumptech.glide:gifdecoder:4.15.1) with AarTransform
Transforming localbroadcastmanager-1.0.0.aar (androidx.localbroadcastmanager:localbroadcastmanager:1.0.0) with AarTransform
Transforming tracing-1.0.0.aar (androidx.tracing:tracing:1.0.0) with AarTransform
Transforming core-runtime-2.2.0.aar (androidx.arch.core:core-runtime:2.2.0) with AarTransform
Transforming cardview-1.0.0.aar (androidx.cardview:cardview:1.0.0) with AarTransform
Transforming startup-runtime-1.1.1.aar (androidx.startup:startup-runtime:1.1.1) with AarTransform
Transforming profileinstaller-1.4.0.aar (androidx.profileinstaller:profileinstaller:1.4.0) with AarTransform
Transforming interpolator-1.0.0.aar (androidx.interpolator:interpolator:1.0.0) with AarTransform
Transforming interpolator-1.0.0.aar (androidx.interpolator:interpolator:1.0.0) with AarTransform
Transforming transport-backend-cct-2.3.3.aar (com.google.android.datatransport:transport-backend-cct:2.3.3) with JetifyTransform
Transforming transport-backend-cct-2.3.3.aar (com.google.android.datatransport:transport-backend-cct:2.3.3) with JetifyTransform
Transforming transport-backend-cct-2.3.3.aar (com.google.android.datatransport:transport-backend-cct:2.3.3) with JetifyTransform
Transforming print-1.0.0.aar (androidx.print:print:1.0.0) with AarTransform
Transforming transport-runtime-2.2.6.aar (com.google.android.datatransport:transport-runtime:2.2.6) with JetifyTransform
Transforming transport-runtime-2.2.6.aar (com.google.android.datatransport:transport-runtime:2.2.6) with JetifyTransform
Transforming play-services-basement-18.4.0.aar (com.google.android.gms:play-services-basement:18.4.0) with JetifyTransform
Transforming play-services-basement-18.4.0.aar (com.google.android.gms:play-services-basement:18.4.0) with ExtractAarTransform
Transforming play-services-basement-18.4.0.aar (com.google.android.gms:play-services-basement:18.4.0) with AarTransform
Transforming transport-backend-cct-2.3.3.aar (com.google.android.datatransport:transport-backend-cct:2.3.3) with ExtractAarTransform
Transforming transport-runtime-2.2.6.aar (com.google.android.datatransport:transport-runtime:2.2.6) with JetifyTransform
Transforming transport-backend-cct-2.3.3.aar (com.google.android.datatransport:transport-backend-cct:2.3.3) with ExtractAarTransform
Transforming transport-backend-cct-2.3.3.aar (com.google.android.datatransport:transport-backend-cct:2.3.3) with ExtractAarTransform
Transforming transport-api-2.2.1.aar (com.google.android.datatransport:transport-api:2.2.1) with JetifyTransform
Transforming transport-api-2.2.1.aar (com.google.android.datatransport:transport-api:2.2.1) with JetifyTransform
Transforming transport-api-2.2.1.aar (com.google.android.datatransport:transport-api:2.2.1) with JetifyTransform
Transforming transport-runtime-2.2.6.aar (com.google.android.datatransport:transport-runtime:2.2.6) with ExtractAarTransform
Transforming transport-runtime-2.2.6.aar (com.google.android.datatransport:transport-runtime:2.2.6) with ExtractAarTransform
Transforming transport-runtime-2.2.6.aar (com.google.android.datatransport:transport-runtime:2.2.6) with ExtractAarTransform
Transforming transport-backend-cct-2.3.3.aar (com.google.android.datatransport:transport-backend-cct:2.3.3) with AarTransform
Transforming transport-backend-cct-2.3.3.aar (com.google.android.datatransport:transport-backend-cct:2.3.3) with AarTransform
Transforming transport-backend-cct-2.3.3.aar (com.google.android.datatransport:transport-backend-cct:2.3.3) with AarTransform
Transforming transport-api-2.2.1.aar (com.google.android.datatransport:transport-api:2.2.1) with ExtractAarTransform
Transforming transport-api-2.2.1.aar (com.google.android.datatransport:transport-api:2.2.1) with ExtractAarTransform
Transforming transport-api-2.2.1.aar (com.google.android.datatransport:transport-api:2.2.1) with ExtractAarTransform
Transforming transport-api-2.2.1.aar (com.google.android.datatransport:transport-api:2.2.1) with JetifyTransform
Transforming transport-api-2.2.1.aar (com.google.android.datatransport:transport-api:2.2.1) with JetifyTransform
Transforming transport-api-2.2.1.aar (com.google.android.datatransport:transport-api:2.2.1) with ExtractAarTransform
Transforming transport-api-2.2.1.aar (com.google.android.datatransport:transport-api:2.2.1) with ExtractAarTransform
Transforming firebase-components-16.1.0.aar (com.google.firebase:firebase-components:16.1.0) with JetifyTransform
Transforming transport-runtime-2.2.6.aar (com.google.android.datatransport:transport-runtime:2.2.6) with AarTransform
Transforming transport-runtime-2.2.6.aar (com.google.android.datatransport:transport-runtime:2.2.6) with AarTransform
Transforming transport-runtime-2.2.6.aar (com.google.android.datatransport:transport-runtime:2.2.6) with AarTransform
Transforming transport-api-2.2.1.aar (com.google.android.datatransport:transport-api:2.2.1) with AarTransform
Transforming transport-api-2.2.1.aar (com.google.android.datatransport:transport-api:2.2.1) with AarTransform
Transforming transport-api-2.2.1.aar (com.google.android.datatransport:transport-api:2.2.1) with AarTransform
Transforming transport-api-2.2.1.aar (com.google.android.datatransport:transport-api:2.2.1) with AarTransform
Transforming transport-api-2.2.1.aar (com.google.android.datatransport:transport-api:2.2.1) with AarTransform
Transforming firebase-components-16.1.0.aar (com.google.firebase:firebase-components:16.1.0) with ExtractAarTransform
Transforming firebase-components-16.1.0.aar (com.google.firebase:firebase-components:16.1.0) with JetifyTransform
Transforming firebase-components-16.1.0.aar (com.google.firebase:firebase-components:16.1.0) with JetifyTransform
Transforming firebase-components-16.1.0.aar (com.google.firebase:firebase-components:16.1.0) with ExtractAarTransform
Transforming firebase-components-16.1.0.aar (com.google.firebase:firebase-components:16.1.0) with ExtractAarTransform
Transforming firebase-encoders-json-17.1.0.aar (com.google.firebase:firebase-encoders-json:17.1.0) with JetifyTransform
Transforming firebase-encoders-json-17.1.0.aar (com.google.firebase:firebase-encoders-json:17.1.0) with JetifyTransform
Transforming firebase-encoders-json-17.1.0.aar (com.google.firebase:firebase-encoders-json:17.1.0) with JetifyTransform
Transforming firebase-encoders-json-17.1.0.aar (com.google.firebase:firebase-encoders-json:17.1.0) with JetifyTransform
Transforming exifinterface-1.3.7.aar (androidx.exifinterface:exifinterface:1.3.7) with JetifyTransform
Transforming exifinterface-1.3.7.aar (androidx.exifinterface:exifinterface:1.3.7) with ExtractAarTransform
Transforming firebase-components-16.1.0.aar (com.google.firebase:firebase-components:16.1.0) with AarTransform
Transforming firebase-components-16.1.0.aar (com.google.firebase:firebase-components:16.1.0) with AarTransform
Transforming firebase-encoders-json-17.1.0.aar (com.google.firebase:firebase-encoders-json:17.1.0) with ExtractAarTransform
Transforming firebase-encoders-json-17.1.0.aar (com.google.firebase:firebase-encoders-json:17.1.0) with ExtractAarTransform
Transforming firebase-components-16.1.0.aar (com.google.firebase:firebase-components:16.1.0) with AarTransform
Transforming firebase-encoders-json-17.1.0.aar (com.google.firebase:firebase-encoders-json:17.1.0) with ExtractAarTransform
Transforming firebase-encoders-json-17.1.0.aar (com.google.firebase:firebase-encoders-json:17.1.0) with ExtractAarTransform
Transforming pdfbox-android-2.0.27.0.aar (com.tom-roush:pdfbox-android:2.0.27.0) with JetifyTransform
Transforming exifinterface-1.3.7.aar (androidx.exifinterface:exifinterface:1.3.7) with AarTransform
Transforming exifinterface-1.3.7.aar (androidx.exifinterface:exifinterface:1.3.7) with AarTransform
Transforming firebase-encoders-json-17.1.0.aar (com.google.firebase:firebase-encoders-json:17.1.0) with AarTransform
Transforming firebase-encoders-json-17.1.0.aar (com.google.firebase:firebase-encoders-json:17.1.0) with AarTransform
Transforming firebase-encoders-json-17.1.0.aar (com.google.firebase:firebase-encoders-json:17.1.0) with AarTransform
Transforming firebase-encoders-json-17.1.0.aar (com.google.firebase:firebase-encoders-json:17.1.0) with AarTransform
Transforming transport-runtime-2.2.6.aar (com.google.android.datatransport:transport-runtime:2.2.6) with JetifyTransform
Transforming transport-runtime-2.2.6.aar (com.google.android.datatransport:transport-runtime:2.2.6) with ExtractAarTransform
Transforming image-1.0.0-beta1.aar (com.google.android.odml:image:1.0.0-beta1) with JetifyTransform
Transforming transport-runtime-2.2.6.aar (com.google.android.datatransport:transport-runtime:2.2.6) with AarTransform
Transforming image-1.0.0-beta1.aar (com.google.android.odml:image:1.0.0-beta1) with JetifyTransform
Transforming pdfbox-android-2.0.27.0.aar (com.tom-roush:pdfbox-android:2.0.27.0) with ExtractAarTransform
Transforming dagger-lint-aar-2.51.1.aar (com.google.dagger:dagger-lint-aar:2.51.1) with AarTransform
Transforming versionedparcelable-1.1.1.aar (androidx.versionedparcelable:versionedparcelable:1.1.1) with AarTransform
Transforming image-1.0.0-beta1.aar (com.google.android.odml:image:1.0.0-beta1) with ExtractAarTransform
Transforming image-1.0.0-beta1.aar (com.google.android.odml:image:1.0.0-beta1) with ExtractAarTransform
Transforming image-1.0.0-beta1.aar (com.google.android.odml:image:1.0.0-beta1) with AarTransform
Transforming image-1.0.0-beta1.aar (com.google.android.odml:image:1.0.0-beta1) with AarTransform
Transforming media3-session-1.4.1.aar (androidx.media3:media3-session:1.4.1) with AarTransform
Transforming datastore-preferences-core-release.aar (androidx.datastore:datastore-preferences-core-android:1.1.7) with AarTransform
Transforming pdfbox-android-2.0.27.0.aar (com.tom-roush:pdfbox-android:2.0.27.0) with AarTransform
Caching disabled for task ':android:app:checkDebugAarMetadata' because:
  Caching has been disabled for the task
Skipping task ':android:app:checkDebugAarMetadata' as it is up-to-date.
Resolve mutations for :android:app:mapDebugSourceSetPaths (Thread[Execution worker Thread 2,5,main]) started.
:android:app:mapDebugSourceSetPaths (Thread[Execution worker Thread 2,5,main]) started.

> Task :android:app:mapDebugSourceSetPaths UP-TO-DATE
Transforming core-splashscreen-1.0.1.aar (androidx.core:core-splashscreen:1.0.1) with JetifyTransform
Transforming core-splashscreen-1.0.1.aar (androidx.core:core-splashscreen:1.0.1) with ExtractAarTransform
Transforming core-splashscreen-1.0.1.aar (androidx.core:core-splashscreen:1.0.1) with AarTransform
Transforming hilt-navigation-compose-1.2.0.aar (androidx.hilt:hilt-navigation-compose:1.2.0) with JetifyTransform
Transforming hilt-navigation-compose-1.2.0.aar (androidx.hilt:hilt-navigation-compose:1.2.0) with ExtractAarTransform
Transforming hilt-navigation-compose-1.2.0.aar (androidx.hilt:hilt-navigation-compose:1.2.0) with AarTransform
Transforming hilt-navigation-1.2.0.aar (androidx.hilt:hilt-navigation:1.2.0) with JetifyTransform
Transforming hilt-navigation-1.2.0.aar (androidx.hilt:hilt-navigation:1.2.0) with ExtractAarTransform
Transforming hilt-navigation-1.2.0.aar (androidx.hilt:hilt-navigation:1.2.0) with AarTransform
Transforming navigation-common-2.7.7.aar (androidx.navigation:navigation-common:2.7.7) with JetifyTransform
Transforming navigation-common-2.7.7.aar (androidx.navigation:navigation-common:2.7.7) with ExtractAarTransform
Transforming navigation-common-2.7.7.aar (androidx.navigation:navigation-common:2.7.7) with AarTransform
Transforming navigation-runtime-2.7.7.aar (androidx.navigation:navigation-runtime:2.7.7) with JetifyTransform
Transforming navigation-runtime-2.7.7.aar (androidx.navigation:navigation-runtime:2.7.7) with ExtractAarTransform
Transforming navigation-runtime-2.7.7.aar (androidx.navigation:navigation-runtime:2.7.7) with AarTransform
Transforming navigation-common-ktx-2.7.7.aar (androidx.navigation:navigation-common-ktx:2.7.7) with JetifyTransform
Transforming navigation-common-ktx-2.7.7.aar (androidx.navigation:navigation-common-ktx:2.7.7) with ExtractAarTransform
Transforming navigation-common-ktx-2.7.7.aar (androidx.navigation:navigation-common-ktx:2.7.7) with AarTransform
Transforming navigation-runtime-ktx-2.7.7.aar (androidx.navigation:navigation-runtime-ktx:2.7.7) with JetifyTransform
Transforming navigation-runtime-ktx-2.7.7.aar (androidx.navigation:navigation-runtime-ktx:2.7.7) with ExtractAarTransform
Transforming navigation-runtime-ktx-2.7.7.aar (androidx.navigation:navigation-runtime-ktx:2.7.7) with AarTransform
Transforming navigation-compose-2.7.7.aar (androidx.navigation:navigation-compose:2.7.7) with JetifyTransform
Transforming navigation-compose-2.7.7.aar (androidx.navigation:navigation-compose:2.7.7) with ExtractAarTransform
Transforming navigation-compose-2.7.7.aar (androidx.navigation:navigation-compose:2.7.7) with AarTransform
Transforming hilt-work-1.2.0.aar (androidx.hilt:hilt-work:1.2.0) with JetifyTransform
Transforming hilt-work-1.2.0.aar (androidx.hilt:hilt-work:1.2.0) with ExtractAarTransform
Transforming hilt-work-1.2.0.aar (androidx.hilt:hilt-work:1.2.0) with AarTransform
Transforming hilt-android-2.51.1.aar (com.google.dagger:hilt-android:2.51.1) with JetifyTransform
Transforming hilt-android-2.51.1.aar (com.google.dagger:hilt-android:2.51.1) with ExtractAarTransform
Transforming hilt-android-2.51.1.aar (com.google.dagger:hilt-android:2.51.1) with AarTransform
Transforming room-runtime-release.aar (androidx.room:room-runtime-android:2.7.2) with JetifyTransform
Transforming room-runtime-release.aar (androidx.room:room-runtime-android:2.7.2) with ExtractAarTransform
Transforming room-runtime-release.aar (androidx.room:room-runtime-android:2.7.2) with AarTransform
Transforming work-runtime-ktx-2.9.0.aar (androidx.work:work-runtime-ktx:2.9.0) with JetifyTransform
Transforming work-runtime-ktx-2.9.0.aar (androidx.work:work-runtime-ktx:2.9.0) with ExtractAarTransform
Transforming work-runtime-ktx-2.9.0.aar (androidx.work:work-runtime-ktx:2.9.0) with AarTransform
Transforming work-runtime-2.9.0.aar (androidx.work:work-runtime:2.9.0) with JetifyTransform
Transforming work-runtime-2.9.0.aar (androidx.work:work-runtime:2.9.0) with ExtractAarTransform
Transforming work-runtime-2.9.0.aar (androidx.work:work-runtime:2.9.0) with AarTransform
Transforming room-ktx-2.7.2.aar (androidx.room:room-ktx:2.7.2) with JetifyTransform
Transforming room-ktx-2.7.2.aar (androidx.room:room-ktx:2.7.2) with ExtractAarTransform
Transforming room-ktx-2.7.2.aar (androidx.room:room-ktx:2.7.2) with AarTransform
Transforming coil-compose-2.7.0.aar (io.coil-kt:coil-compose:2.7.0) with JetifyTransform
Transforming coil-compose-2.7.0.aar (io.coil-kt:coil-compose:2.7.0) with ExtractAarTransform
Transforming coil-compose-2.7.0.aar (io.coil-kt:coil-compose:2.7.0) with AarTransform
Transforming material-1.11.0.aar (com.google.android.material:material:1.11.0) with JetifyTransform
Transforming material-1.11.0.aar (com.google.android.material:material:1.11.0) with ExtractAarTransform
Transforming material-1.11.0.aar (com.google.android.material:material:1.11.0) with AarTransform
Transforming constraintlayout-2.0.1.aar (androidx.constraintlayout:constraintlayout:2.0.1) with JetifyTransform
Transforming constraintlayout-2.0.1.aar (androidx.constraintlayout:constraintlayout:2.0.1) with ExtractAarTransform
Transforming constraintlayout-2.0.1.aar (androidx.constraintlayout:constraintlayout:2.0.1) with AarTransform
Transforming coil-compose-base-2.7.0.aar (io.coil-kt:coil-compose-base:2.7.0) with JetifyTransform
Transforming coil-compose-base-2.7.0.aar (io.coil-kt:coil-compose-base:2.7.0) with ExtractAarTransform
Transforming coil-compose-base-2.7.0.aar (io.coil-kt:coil-compose-base:2.7.0) with AarTransform
Transforming coil-2.7.0.aar (io.coil-kt:coil:2.7.0) with JetifyTransform
Transforming coil-2.7.0.aar (io.coil-kt:coil:2.7.0) with ExtractAarTransform
Transforming coil-2.7.0.aar (io.coil-kt:coil:2.7.0) with AarTransform
Transforming coil-base-2.7.0.aar (io.coil-kt:coil-base:2.7.0) with JetifyTransform
Transforming coil-base-2.7.0.aar (io.coil-kt:coil-base:2.7.0) with ExtractAarTransform
Transforming coil-base-2.7.0.aar (io.coil-kt:coil-base:2.7.0) with AarTransform
Transforming appcompat-resources-1.6.1.aar (androidx.appcompat:appcompat-resources:1.6.1) with JetifyTransform
Transforming appcompat-resources-1.6.1.aar (androidx.appcompat:appcompat-resources:1.6.1) with ExtractAarTransform
Transforming appcompat-resources-1.6.1.aar (androidx.appcompat:appcompat-resources:1.6.1) with AarTransform
Transforming lottie-compose-6.4.1.aar (com.airbnb.android:lottie-compose:6.4.1) with JetifyTransform
Transforming lottie-compose-6.4.1.aar (com.airbnb.android:lottie-compose:6.4.1) with ExtractAarTransform
Transforming lottie-compose-6.4.1.aar (com.airbnb.android:lottie-compose:6.4.1) with AarTransform
Transforming lottie-6.4.1.aar (com.airbnb.android:lottie:6.4.1) with JetifyTransform
Transforming lottie-6.4.1.aar (com.airbnb.android:lottie:6.4.1) with ExtractAarTransform
Transforming lottie-6.4.1.aar (com.airbnb.android:lottie:6.4.1) with AarTransform
Transforming text-recognition-16.0.1.aar (com.google.mlkit:text-recognition:16.0.1) with JetifyTransform
Transforming text-recognition-16.0.1.aar (com.google.mlkit:text-recognition:16.0.1) with ExtractAarTransform
Transforming text-recognition-16.0.1.aar (com.google.mlkit:text-recognition:16.0.1) with AarTransform
Transforming play-services-mlkit-text-recognition-19.0.1.aar (com.google.android.gms:play-services-mlkit-text-recognition:19.0.1) with JetifyTransform
Transforming play-services-mlkit-text-recognition-19.0.1.aar (com.google.android.gms:play-services-mlkit-text-recognition:19.0.1) with ExtractAarTransform
Transforming play-services-mlkit-text-recognition-19.0.1.aar (com.google.android.gms:play-services-mlkit-text-recognition:19.0.1) with AarTransform
Transforming text-recognition-bundled-common-17.0.0.aar (com.google.mlkit:text-recognition-bundled-common:17.0.0) with JetifyTransform
Transforming text-recognition-bundled-common-17.0.0.aar (com.google.mlkit:text-recognition-bundled-common:17.0.0) with ExtractAarTransform
Transforming text-recognition-bundled-common-17.0.0.aar (com.google.mlkit:text-recognition-bundled-common:17.0.0) with AarTransform
Transforming play-services-mlkit-text-recognition-common-19.1.0.aar (com.google.android.gms:play-services-mlkit-text-recognition-common:19.1.0) with JetifyTransform
Transforming play-services-mlkit-text-recognition-common-19.1.0.aar (com.google.android.gms:play-services-mlkit-text-recognition-common:19.1.0) with ExtractAarTransform
Transforming play-services-mlkit-text-recognition-common-19.1.0.aar (com.google.android.gms:play-services-mlkit-text-recognition-common:19.1.0) with AarTransform
Transforming vision-common-17.3.0.aar (com.google.mlkit:vision-common:17.3.0) with JetifyTransform
Transforming vision-common-17.3.0.aar (com.google.mlkit:vision-common:17.3.0) with ExtractAarTransform
Transforming vision-common-17.3.0.aar (com.google.mlkit:vision-common:17.3.0) with AarTransform
Transforming vision-common-17.3.0.aar (com.google.mlkit:vision-common:17.3.0) with JetifyTransform
Transforming vision-common-17.3.0.aar (com.google.mlkit:vision-common:17.3.0) with ExtractAarTransform
Transforming vision-common-17.3.0.aar (com.google.mlkit:vision-common:17.3.0) with AarTransform
Transforming common-18.11.0.aar (com.google.mlkit:common:18.11.0) with JetifyTransform
Transforming common-18.11.0.aar (com.google.mlkit:common:18.11.0) with ExtractAarTransform
Transforming common-18.11.0.aar (com.google.mlkit:common:18.11.0) with AarTransform
Transforming common-18.11.0.aar (com.google.mlkit:common:18.11.0) with JetifyTransform
Transforming common-18.11.0.aar (com.google.mlkit:common:18.11.0) with ExtractAarTransform
Transforming common-18.11.0.aar (com.google.mlkit:common:18.11.0) with AarTransform
Transforming common-18.11.0.aar (com.google.mlkit:common:18.11.0) with JetifyTransform
Transforming common-18.11.0.aar (com.google.mlkit:common:18.11.0) with ExtractAarTransform
Transforming common-18.11.0.aar (com.google.mlkit:common:18.11.0) with AarTransform
Transforming common-18.11.0.aar (com.google.mlkit:common:18.11.0) with JetifyTransform
Transforming common-18.11.0.aar (com.google.mlkit:common:18.11.0) with ExtractAarTransform
Transforming common-18.11.0.aar (com.google.mlkit:common:18.11.0) with AarTransform
Transforming appcompat-1.6.1.aar (androidx.appcompat:appcompat:1.6.1) with JetifyTransform
Transforming appcompat-1.6.1.aar (androidx.appcompat:appcompat:1.6.1) with ExtractAarTransform
Transforming appcompat-1.6.1.aar (androidx.appcompat:appcompat:1.6.1) with AarTransform
Transforming appcompat-1.6.1.aar (androidx.appcompat:appcompat:1.6.1) with JetifyTransform
Transforming appcompat-1.6.1.aar (androidx.appcompat:appcompat:1.6.1) with ExtractAarTransform
Transforming appcompat-1.6.1.aar (androidx.appcompat:appcompat:1.6.1) with AarTransform
Transforming glide-4.15.1.aar (com.github.bumptech.glide:glide:4.15.1) with JetifyTransform
Transforming glide-4.15.1.aar (com.github.bumptech.glide:glide:4.15.1) with ExtractAarTransform
Transforming glide-4.15.1.aar (com.github.bumptech.glide:glide:4.15.1) with AarTransform
Transforming viewpager2-1.0.0.aar (androidx.viewpager2:viewpager2:1.0.0) with JetifyTransform
Transforming viewpager2-1.0.0.aar (androidx.viewpager2:viewpager2:1.0.0) with ExtractAarTransform
Transforming viewpager2-1.0.0.aar (androidx.viewpager2:viewpager2:1.0.0) with AarTransform
Transforming pdfium-android-1.9.0.aar (com.github.barteksc:pdfium-android:1.9.0) with JetifyTransform
Transforming pdfium-android-1.9.0.aar (com.github.barteksc:pdfium-android:1.9.0) with ExtractAarTransform
Transforming pdfium-android-1.9.0.aar (com.github.barteksc:pdfium-android:1.9.0) with AarTransform
Transforming legacy-support-v4-1.0.0.aar (androidx.legacy:legacy-support-v4:1.0.0) with JetifyTransform
Transforming legacy-support-v4-1.0.0.aar (androidx.legacy:legacy-support-v4:1.0.0) with ExtractAarTransform
Transforming legacy-support-v4-1.0.0.aar (androidx.legacy:legacy-support-v4:1.0.0) with AarTransform
Transforming play-services-base-18.5.0.aar (com.google.android.gms:play-services-base:18.5.0) with JetifyTransform
Transforming play-services-base-18.5.0.aar (com.google.android.gms:play-services-base:18.5.0) with ExtractAarTransform
Transforming play-services-base-18.5.0.aar (com.google.android.gms:play-services-base:18.5.0) with AarTransform
Transforming play-services-base-18.5.0.aar (com.google.android.gms:play-services-base:18.5.0) with JetifyTransform
Transforming play-services-base-18.5.0.aar (com.google.android.gms:play-services-base:18.5.0) with ExtractAarTransform
Transforming play-services-base-18.5.0.aar (com.google.android.gms:play-services-base:18.5.0) with AarTransform
Transforming play-services-base-18.5.0.aar (com.google.android.gms:play-services-base:18.5.0) with JetifyTransform
Transforming play-services-base-18.5.0.aar (com.google.android.gms:play-services-base:18.5.0) with ExtractAarTransform
Transforming play-services-base-18.5.0.aar (com.google.android.gms:play-services-base:18.5.0) with AarTransform
Transforming play-services-base-18.5.0.aar (com.google.android.gms:play-services-base:18.5.0) with JetifyTransform
Transforming play-services-base-18.5.0.aar (com.google.android.gms:play-services-base:18.5.0) with ExtractAarTransform
Transforming play-services-base-18.5.0.aar (com.google.android.gms:play-services-base:18.5.0) with AarTransform
Transforming play-services-base-18.5.0.aar (com.google.android.gms:play-services-base:18.5.0) with JetifyTransform
Transforming play-services-base-18.5.0.aar (com.google.android.gms:play-services-base:18.5.0) with ExtractAarTransform
Transforming play-services-base-18.5.0.aar (com.google.android.gms:play-services-base:18.5.0) with AarTransform
Transforming vision-interfaces-16.3.0.aar (com.google.mlkit:vision-interfaces:16.3.0) with JetifyTransform
Transforming vision-interfaces-16.3.0.aar (com.google.mlkit:vision-interfaces:16.3.0) with ExtractAarTransform
Transforming vision-interfaces-16.3.0.aar (com.google.mlkit:vision-interfaces:16.3.0) with AarTransform
Transforming play-services-tasks-18.2.0.aar (com.google.android.gms:play-services-tasks:18.2.0) with JetifyTransform
Transforming play-services-tasks-18.2.0.aar (com.google.android.gms:play-services-tasks:18.2.0) with ExtractAarTransform
Transforming play-services-tasks-18.2.0.aar (com.google.android.gms:play-services-tasks:18.2.0) with AarTransform
Transforming play-services-tasks-18.2.0.aar (com.google.android.gms:play-services-tasks:18.2.0) with JetifyTransform
Transforming play-services-tasks-18.2.0.aar (com.google.android.gms:play-services-tasks:18.2.0) with ExtractAarTransform
Transforming play-services-tasks-18.2.0.aar (com.google.android.gms:play-services-tasks:18.2.0) with AarTransform
Transforming play-services-tasks-18.2.0.aar (com.google.android.gms:play-services-tasks:18.2.0) with JetifyTransform
Transforming play-services-tasks-18.2.0.aar (com.google.android.gms:play-services-tasks:18.2.0) with ExtractAarTransform
Transforming play-services-tasks-18.2.0.aar (com.google.android.gms:play-services-tasks:18.2.0) with AarTransform
Transforming play-services-tasks-18.2.0.aar (com.google.android.gms:play-services-tasks:18.2.0) with JetifyTransform
Transforming play-services-tasks-18.2.0.aar (com.google.android.gms:play-services-tasks:18.2.0) with ExtractAarTransform
Transforming play-services-tasks-18.2.0.aar (com.google.android.gms:play-services-tasks:18.2.0) with AarTransform
Transforming play-services-tasks-18.2.0.aar (com.google.android.gms:play-services-tasks:18.2.0) with JetifyTransform
Transforming play-services-tasks-18.2.0.aar (com.google.android.gms:play-services-tasks:18.2.0) with ExtractAarTransform
Transforming play-services-tasks-18.2.0.aar (com.google.android.gms:play-services-tasks:18.2.0) with AarTransform
Transforming play-services-tasks-18.2.0.aar (com.google.android.gms:play-services-tasks:18.2.0) with JetifyTransform
Transforming play-services-tasks-18.2.0.aar (com.google.android.gms:play-services-tasks:18.2.0) with ExtractAarTransform
Transforming play-services-tasks-18.2.0.aar (com.google.android.gms:play-services-tasks:18.2.0) with AarTransform
Transforming play-services-basement-18.4.0.aar (com.google.android.gms:play-services-basement:18.4.0) with JetifyTransform
Transforming play-services-basement-18.4.0.aar (com.google.android.gms:play-services-basement:18.4.0) with ExtractAarTransform
Transforming play-services-basement-18.4.0.aar (com.google.android.gms:play-services-basement:18.4.0) with AarTransform
Transforming play-services-basement-18.4.0.aar (com.google.android.gms:play-services-basement:18.4.0) with JetifyTransform
Transforming play-services-basement-18.4.0.aar (com.google.android.gms:play-services-basement:18.4.0) with ExtractAarTransform
Transforming play-services-basement-18.4.0.aar (com.google.android.gms:play-services-basement:18.4.0) with AarTransform
Transforming play-services-basement-18.4.0.aar (com.google.android.gms:play-services-basement:18.4.0) with JetifyTransform
Transforming play-services-basement-18.4.0.aar (com.google.android.gms:play-services-basement:18.4.0) with ExtractAarTransform
Transforming play-services-basement-18.4.0.aar (com.google.android.gms:play-services-basement:18.4.0) with AarTransform
Transforming play-services-basement-18.4.0.aar (com.google.android.gms:play-services-basement:18.4.0) with JetifyTransform
Transforming play-services-basement-18.4.0.aar (com.google.android.gms:play-services-basement:18.4.0) with ExtractAarTransform
Transforming play-services-basement-18.4.0.aar (com.google.android.gms:play-services-basement:18.4.0) with AarTransform
Transforming play-services-basement-18.4.0.aar (com.google.android.gms:play-services-basement:18.4.0) with JetifyTransform
Transforming play-services-basement-18.4.0.aar (com.google.android.gms:play-services-basement:18.4.0) with ExtractAarTransform
Transforming play-services-basement-18.4.0.aar (com.google.android.gms:play-services-basement:18.4.0) with AarTransform
Transforming fragment-1.5.1.aar (androidx.fragment:fragment:1.5.1) with JetifyTransform
Transforming fragment-1.5.1.aar (androidx.fragment:fragment:1.5.1) with ExtractAarTransform
Transforming fragment-1.5.1.aar (androidx.fragment:fragment:1.5.1) with AarTransform
Transforming fragment-1.5.1.aar (androidx.fragment:fragment:1.5.1) with JetifyTransform
Transforming fragment-1.5.1.aar (androidx.fragment:fragment:1.5.1) with ExtractAarTransform
Transforming fragment-1.5.1.aar (androidx.fragment:fragment:1.5.1) with AarTransform
Transforming fragment-1.5.1.aar (androidx.fragment:fragment:1.5.1) with JetifyTransform
Transforming fragment-1.5.1.aar (androidx.fragment:fragment:1.5.1) with ExtractAarTransform
Transforming fragment-1.5.1.aar (androidx.fragment:fragment:1.5.1) with AarTransform
Transforming fragment-1.5.1.aar (androidx.fragment:fragment:1.5.1) with JetifyTransform
Transforming fragment-1.5.1.aar (androidx.fragment:fragment:1.5.1) with ExtractAarTransform
Transforming fragment-1.5.1.aar (androidx.fragment:fragment:1.5.1) with AarTransform
Transforming fragment-1.5.1.aar (androidx.fragment:fragment:1.5.1) with JetifyTransform
Transforming fragment-1.5.1.aar (androidx.fragment:fragment:1.5.1) with ExtractAarTransform
Transforming fragment-1.5.1.aar (androidx.fragment:fragment:1.5.1) with AarTransform
Transforming material3-window-size-class-release.aar (androidx.compose.material3:material3-window-size-class-android:1.2.1) with JetifyTransform
Transforming material3-window-size-class-release.aar (androidx.compose.material3:material3-window-size-class-android:1.2.1) with ExtractAarTransform
Transforming material3-window-size-class-release.aar (androidx.compose.material3:material3-window-size-class-android:1.2.1) with AarTransform
Transforming material3-release.aar (androidx.compose.material3:material3-android:1.2.1) with JetifyTransform
Transforming material3-release.aar (androidx.compose.material3:material3-android:1.2.1) with ExtractAarTransform
Transforming material3-release.aar (androidx.compose.material3:material3-android:1.2.1) with AarTransform
Transforming palette-1.0.0.aar (androidx.palette:palette:1.0.0) with JetifyTransform
Transforming palette-1.0.0.aar (androidx.palette:palette:1.0.0) with ExtractAarTransform
Transforming palette-1.0.0.aar (androidx.palette:palette:1.0.0) with AarTransform
Transforming dynamicanimation-1.0.0.aar (androidx.dynamicanimation:dynamicanimation:1.0.0) with JetifyTransform
Transforming dynamicanimation-1.0.0.aar (androidx.dynamicanimation:dynamicanimation:1.0.0) with ExtractAarTransform
Transforming dynamicanimation-1.0.0.aar (androidx.dynamicanimation:dynamicanimation:1.0.0) with AarTransform
Transforming legacy-support-core-ui-1.0.0.aar (androidx.legacy:legacy-support-core-ui:1.0.0) with JetifyTransform
Transforming legacy-support-core-ui-1.0.0.aar (androidx.legacy:legacy-support-core-ui:1.0.0) with ExtractAarTransform
Transforming legacy-support-core-ui-1.0.0.aar (androidx.legacy:legacy-support-core-ui:1.0.0) with AarTransform
Transforming legacy-support-core-utils-1.0.0.aar (androidx.legacy:legacy-support-core-utils:1.0.0) with JetifyTransform
Transforming legacy-support-core-utils-1.0.0.aar (androidx.legacy:legacy-support-core-utils:1.0.0) with ExtractAarTransform
Transforming legacy-support-core-utils-1.0.0.aar (androidx.legacy:legacy-support-core-utils:1.0.0) with AarTransform
Transforming legacy-support-core-utils-1.0.0.aar (androidx.legacy:legacy-support-core-utils:1.0.0) with JetifyTransform
Transforming legacy-support-core-utils-1.0.0.aar (androidx.legacy:legacy-support-core-utils:1.0.0) with ExtractAarTransform
Transforming legacy-support-core-utils-1.0.0.aar (androidx.legacy:legacy-support-core-utils:1.0.0) with AarTransform
Transforming legacy-support-core-utils-1.0.0.aar (androidx.legacy:legacy-support-core-utils:1.0.0) with JetifyTransform
Transforming legacy-support-core-utils-1.0.0.aar (androidx.legacy:legacy-support-core-utils:1.0.0) with ExtractAarTransform
Transforming legacy-support-core-utils-1.0.0.aar (androidx.legacy:legacy-support-core-utils:1.0.0) with AarTransform
Transforming legacy-support-core-utils-1.0.0.aar (androidx.legacy:legacy-support-core-utils:1.0.0) with JetifyTransform
Transforming legacy-support-core-utils-1.0.0.aar (androidx.legacy:legacy-support-core-utils:1.0.0) with ExtractAarTransform
Transforming legacy-support-core-utils-1.0.0.aar (androidx.legacy:legacy-support-core-utils:1.0.0) with AarTransform
Transforming loader-1.0.0.aar (androidx.loader:loader:1.0.0) with JetifyTransform
Transforming loader-1.0.0.aar (androidx.loader:loader:1.0.0) with ExtractAarTransform
Transforming loader-1.0.0.aar (androidx.loader:loader:1.0.0) with AarTransform
Transforming loader-1.0.0.aar (androidx.loader:loader:1.0.0) with JetifyTransform
Transforming loader-1.0.0.aar (androidx.loader:loader:1.0.0) with ExtractAarTransform
Transforming loader-1.0.0.aar (androidx.loader:loader:1.0.0) with AarTransform
Transforming accompanist-permissions-0.37.3.aar (com.google.accompanist:accompanist-permissions:0.37.3) with JetifyTransform
Transforming accompanist-permissions-0.37.3.aar (com.google.accompanist:accompanist-permissions:0.37.3) with ExtractAarTransform
Transforming accompanist-permissions-0.37.3.aar (com.google.accompanist:accompanist-permissions:0.37.3) with AarTransform
Transforming constraintlayout-compose-1.0.1.aar (androidx.constraintlayout:constraintlayout-compose:1.0.1) with JetifyTransform
Transforming constraintlayout-compose-1.0.1.aar (androidx.constraintlayout:constraintlayout-compose:1.0.1) with ExtractAarTransform
Transforming constraintlayout-compose-1.0.1.aar (androidx.constraintlayout:constraintlayout-compose:1.0.1) with AarTransform
Transforming accompanist-systemuicontroller-0.34.0.aar (com.google.accompanist:accompanist-systemuicontroller:0.34.0) with JetifyTransform
Transforming accompanist-systemuicontroller-0.34.0.aar (com.google.accompanist:accompanist-systemuicontroller:0.34.0) with ExtractAarTransform
Transforming accompanist-systemuicontroller-0.34.0.aar (com.google.accompanist:accompanist-systemuicontroller:0.34.0) with AarTransform
Transforming accompanist-adaptive-0.34.0.aar (com.google.accompanist:accompanist-adaptive:0.34.0) with JetifyTransform
Transforming accompanist-adaptive-0.34.0.aar (com.google.accompanist:accompanist-adaptive:0.34.0) with ExtractAarTransform
Transforming accompanist-adaptive-0.34.0.aar (com.google.accompanist:accompanist-adaptive:0.34.0) with AarTransform
Transforming accompanist-drawablepainter-0.32.0.aar (com.google.accompanist:accompanist-drawablepainter:0.32.0) with JetifyTransform
Transforming accompanist-drawablepainter-0.32.0.aar (com.google.accompanist:accompanist-drawablepainter:0.32.0) with ExtractAarTransform
Transforming accompanist-drawablepainter-0.32.0.aar (com.google.accompanist:accompanist-drawablepainter:0.32.0) with AarTransform
Transforming material-ripple-release.aar (androidx.compose.material:material-ripple-android:1.6.8) with JetifyTransform
Transforming material-ripple-release.aar (androidx.compose.material:material-ripple-android:1.6.8) with ExtractAarTransform
Transforming material-ripple-release.aar (androidx.compose.material:material-ripple-android:1.6.8) with AarTransform
Transforming ui-tooling-data-release.aar (androidx.compose.ui:ui-tooling-data-android:1.7.8) with JetifyTransform
Transforming ui-tooling-data-release.aar (androidx.compose.ui:ui-tooling-data-android:1.7.8) with ExtractAarTransform
Transforming ui-tooling-data-release.aar (androidx.compose.ui:ui-tooling-data-android:1.7.8) with AarTransform
Transforming ui-tooling-preview-release.aar (androidx.compose.ui:ui-tooling-preview-android:1.7.8) with JetifyTransform
Transforming ui-tooling-preview-release.aar (androidx.compose.ui:ui-tooling-preview-android:1.7.8) with ExtractAarTransform
Transforming ui-tooling-preview-release.aar (androidx.compose.ui:ui-tooling-preview-android:1.7.8) with AarTransform
Transforming animation-core-release.aar (androidx.compose.animation:animation-core-android:1.7.8) with JetifyTransform
Transforming animation-core-release.aar (androidx.compose.animation:animation-core-android:1.7.8) with ExtractAarTransform
Transforming animation-core-release.aar (androidx.compose.animation:animation-core-android:1.7.8) with AarTransform
Transforming animation-release.aar (androidx.compose.animation:animation-android:1.7.8) with JetifyTransform
Transforming animation-release.aar (androidx.compose.animation:animation-android:1.7.8) with ExtractAarTransform
Transforming animation-release.aar (androidx.compose.animation:animation-android:1.7.8) with AarTransform
Transforming foundation-layout-release.aar (androidx.compose.foundation:foundation-layout-android:1.7.8) with JetifyTransform
Transforming foundation-layout-release.aar (androidx.compose.foundation:foundation-layout-android:1.7.8) with ExtractAarTransform
Transforming foundation-layout-release.aar (androidx.compose.foundation:foundation-layout-android:1.7.8) with AarTransform
Transforming foundation-release.aar (androidx.compose.foundation:foundation-android:1.7.8) with JetifyTransform
Transforming foundation-release.aar (androidx.compose.foundation:foundation-android:1.7.8) with ExtractAarTransform
Transforming foundation-release.aar (androidx.compose.foundation:foundation-android:1.7.8) with AarTransform
Transforming ui-util-release.aar (androidx.compose.ui:ui-util-android:1.7.8) with JetifyTransform
Transforming ui-util-release.aar (androidx.compose.ui:ui-util-android:1.7.8) with ExtractAarTransform
Transforming ui-util-release.aar (androidx.compose.ui:ui-util-android:1.7.8) with AarTransform
Transforming ui-unit-release.aar (androidx.compose.ui:ui-unit-android:1.7.8) with JetifyTransform
Transforming ui-unit-release.aar (androidx.compose.ui:ui-unit-android:1.7.8) with ExtractAarTransform
Transforming ui-unit-release.aar (androidx.compose.ui:ui-unit-android:1.7.8) with AarTransform
Transforming ui-text-release.aar (androidx.compose.ui:ui-text-android:1.7.8) with JetifyTransform
Transforming ui-text-release.aar (androidx.compose.ui:ui-text-android:1.7.8) with ExtractAarTransform
Transforming ui-text-release.aar (androidx.compose.ui:ui-text-android:1.7.8) with AarTransform
Transforming ui-graphics-release.aar (androidx.compose.ui:ui-graphics-android:1.7.8) with JetifyTransform
Transforming ui-graphics-release.aar (androidx.compose.ui:ui-graphics-android:1.7.8) with ExtractAarTransform
Transforming ui-graphics-release.aar (androidx.compose.ui:ui-graphics-android:1.7.8) with AarTransform
Transforming ui-geometry-release.aar (androidx.compose.ui:ui-geometry-android:1.7.8) with JetifyTransform
Transforming ui-geometry-release.aar (androidx.compose.ui:ui-geometry-android:1.7.8) with ExtractAarTransform
Transforming ui-geometry-release.aar (androidx.compose.ui:ui-geometry-android:1.7.8) with AarTransform
Transforming ui-test-manifest-1.7.8.aar (androidx.compose.ui:ui-test-manifest:1.7.8) with JetifyTransform
Transforming ui-test-manifest-1.7.8.aar (androidx.compose.ui:ui-test-manifest:1.7.8) with ExtractAarTransform
Transforming ui-test-manifest-1.7.8.aar (androidx.compose.ui:ui-test-manifest:1.7.8) with AarTransform
Transforming ui-tooling-release.aar (androidx.compose.ui:ui-tooling-android:1.7.8) with JetifyTransform
Transforming ui-tooling-release.aar (androidx.compose.ui:ui-tooling-android:1.7.8) with ExtractAarTransform
Transforming ui-tooling-release.aar (androidx.compose.ui:ui-tooling-android:1.7.8) with AarTransform
Transforming material-release.aar (androidx.compose.material:material-android:1.6.8) with JetifyTransform
Transforming material-release.aar (androidx.compose.material:material-android:1.6.8) with ExtractAarTransform
Transforming material-release.aar (androidx.compose.material:material-android:1.6.8) with AarTransform
Transforming material-icons-extended-release.aar (androidx.compose.material:material-icons-extended-android:1.6.8) with JetifyTransform
Transforming material-icons-extended-release.aar (androidx.compose.material:material-icons-extended-android:1.6.8) with ExtractAarTransform
Transforming material-icons-extended-release.aar (androidx.compose.material:material-icons-extended-android:1.6.8) with AarTransform
Transforming material-icons-core-release.aar (androidx.compose.material:material-icons-core-android:1.6.8) with JetifyTransform
Transforming material-icons-core-release.aar (androidx.compose.material:material-icons-core-android:1.6.8) with ExtractAarTransform
Transforming material-icons-core-release.aar (androidx.compose.material:material-icons-core-android:1.6.8) with AarTransform
Transforming ui-release.aar (androidx.compose.ui:ui-android:1.7.8) with JetifyTransform
Transforming ui-release.aar (androidx.compose.ui:ui-android:1.7.8) with ExtractAarTransform
Transforming ui-release.aar (androidx.compose.ui:ui-android:1.7.8) with AarTransform
Transforming activity-1.9.0.aar (androidx.activity:activity:1.9.0) with JetifyTransform
Transforming activity-1.9.0.aar (androidx.activity:activity:1.9.0) with ExtractAarTransform
Transforming activity-1.9.0.aar (androidx.activity:activity:1.9.0) with AarTransform
Transforming activity-ktx-1.9.0.aar (androidx.activity:activity-ktx:1.9.0) with JetifyTransform
Transforming activity-ktx-1.9.0.aar (androidx.activity:activity-ktx:1.9.0) with ExtractAarTransform
Transforming activity-ktx-1.9.0.aar (androidx.activity:activity-ktx:1.9.0) with AarTransform
Transforming activity-compose-1.9.0.aar (androidx.activity:activity-compose:1.9.0) with JetifyTransform
Transforming activity-compose-1.9.0.aar (androidx.activity:activity-compose:1.9.0) with ExtractAarTransform
Transforming activity-compose-1.9.0.aar (androidx.activity:activity-compose:1.9.0) with AarTransform
Transforming emoji2-views-helper-1.3.0.aar (androidx.emoji2:emoji2-views-helper:1.3.0) with JetifyTransform
Transforming emoji2-views-helper-1.3.0.aar (androidx.emoji2:emoji2-views-helper:1.3.0) with ExtractAarTransform
Transforming emoji2-views-helper-1.3.0.aar (androidx.emoji2:emoji2-views-helper:1.3.0) with AarTransform
Transforming emoji2-1.3.0.aar (androidx.emoji2:emoji2:1.3.0) with JetifyTransform
Transforming emoji2-1.3.0.aar (androidx.emoji2:emoji2:1.3.0) with ExtractAarTransform
Transforming emoji2-1.3.0.aar (androidx.emoji2:emoji2:1.3.0) with AarTransform
Transforming lifecycle-process-2.9.1.aar (androidx.lifecycle:lifecycle-process:2.9.1) with JetifyTransform
Transforming lifecycle-process-2.9.1.aar (androidx.lifecycle:lifecycle-process:2.9.1) with ExtractAarTransform
Transforming lifecycle-process-2.9.1.aar (androidx.lifecycle:lifecycle-process:2.9.1) with AarTransform
Transforming lifecycle-livedata-core-ktx-2.9.1.aar (androidx.lifecycle:lifecycle-livedata-core-ktx:2.9.1) with JetifyTransform
Transforming lifecycle-livedata-core-ktx-2.9.1.aar (androidx.lifecycle:lifecycle-livedata-core-ktx:2.9.1) with ExtractAarTransform
Transforming lifecycle-livedata-core-ktx-2.9.1.aar (androidx.lifecycle:lifecycle-livedata-core-ktx:2.9.1) with AarTransform
Transforming lifecycle-service-2.9.1.aar (androidx.lifecycle:lifecycle-service:2.9.1) with JetifyTransform
Transforming lifecycle-service-2.9.1.aar (androidx.lifecycle:lifecycle-service:2.9.1) with ExtractAarTransform
Transforming lifecycle-service-2.9.1.aar (androidx.lifecycle:lifecycle-service:2.9.1) with AarTransform
Transforming lifecycle-livedata-2.9.1.aar (androidx.lifecycle:lifecycle-livedata:2.9.1) with JetifyTransform
Transforming lifecycle-livedata-2.9.1.aar (androidx.lifecycle:lifecycle-livedata:2.9.1) with ExtractAarTransform
Transforming lifecycle-livedata-2.9.1.aar (androidx.lifecycle:lifecycle-livedata:2.9.1) with AarTransform
Transforming lifecycle-livedata-2.9.1.aar (androidx.lifecycle:lifecycle-livedata:2.9.1) with JetifyTransform
Transforming lifecycle-livedata-2.9.1.aar (androidx.lifecycle:lifecycle-livedata:2.9.1) with ExtractAarTransform
Transforming lifecycle-livedata-2.9.1.aar (androidx.lifecycle:lifecycle-livedata:2.9.1) with AarTransform
Transforming lifecycle-viewmodel-ktx-2.9.1.aar (androidx.lifecycle:lifecycle-viewmodel-ktx:2.9.1) with JetifyTransform
Transforming lifecycle-viewmodel-ktx-2.9.1.aar (androidx.lifecycle:lifecycle-viewmodel-ktx:2.9.1) with ExtractAarTransform
Transforming lifecycle-viewmodel-ktx-2.9.1.aar (androidx.lifecycle:lifecycle-viewmodel-ktx:2.9.1) with AarTransform
Transforming lifecycle-viewmodel-savedstate-release.aar (androidx.lifecycle:lifecycle-viewmodel-savedstate-android:2.9.1) with JetifyTransform
Transforming lifecycle-viewmodel-savedstate-release.aar (androidx.lifecycle:lifecycle-viewmodel-savedstate-android:2.9.1) with ExtractAarTransform
Transforming lifecycle-viewmodel-savedstate-release.aar (androidx.lifecycle:lifecycle-viewmodel-savedstate-android:2.9.1) with AarTransform
Transforming lifecycle-viewmodel-2.9.1.aar (androidx.lifecycle:lifecycle-viewmodel:2.9.1) with JetifyTransform
Transforming lifecycle-viewmodel-2.9.1.aar (androidx.lifecycle:lifecycle-viewmodel:2.9.1) with ExtractAarTransform
Transforming lifecycle-viewmodel-2.9.1.aar (androidx.lifecycle:lifecycle-viewmodel:2.9.1) with AarTransform
Transforming lifecycle-viewmodel-release.aar (androidx.lifecycle:lifecycle-viewmodel-android:2.9.1) with JetifyTransform
Transforming lifecycle-viewmodel-release.aar (androidx.lifecycle:lifecycle-viewmodel-android:2.9.1) with ExtractAarTransform
Transforming lifecycle-viewmodel-release.aar (androidx.lifecycle:lifecycle-viewmodel-android:2.9.1) with AarTransform
Transforming savedstate-ktx-1.3.0.aar (androidx.savedstate:savedstate-ktx:1.3.0) with JetifyTransform
Transforming savedstate-ktx-1.3.0.aar (androidx.savedstate:savedstate-ktx:1.3.0) with ExtractAarTransform
Transforming savedstate-ktx-1.3.0.aar (androidx.savedstate:savedstate-ktx:1.3.0) with AarTransform
Transforming savedstate-release.aar (androidx.savedstate:savedstate-android:1.3.0) with JetifyTransform
Transforming savedstate-release.aar (androidx.savedstate:savedstate-android:1.3.0) with ExtractAarTransform
Transforming savedstate-release.aar (androidx.savedstate:savedstate-android:1.3.0) with AarTransform
Transforming media3-ui-1.4.1.aar (androidx.media3:media3-ui:1.4.1) with JetifyTransform
Transforming media3-ui-1.4.1.aar (androidx.media3:media3-ui:1.4.1) with ExtractAarTransform
Transforming media3-ui-1.4.1.aar (androidx.media3:media3-ui:1.4.1) with AarTransform
Transforming media3-session-1.4.1.aar (androidx.media3:media3-session:1.4.1) with JetifyTransform
Transforming media3-session-1.4.1.aar (androidx.media3:media3-session:1.4.1) with ExtractAarTransform
Transforming media3-session-1.4.1.aar (androidx.media3:media3-session:1.4.1) with AarTransform
Transforming media3-extractor-1.4.1.aar (androidx.media3:media3-extractor:1.4.1) with JetifyTransform
Transforming media3-extractor-1.4.1.aar (androidx.media3:media3-extractor:1.4.1) with ExtractAarTransform
Transforming media3-extractor-1.4.1.aar (androidx.media3:media3-extractor:1.4.1) with AarTransform
Transforming media3-container-1.4.1.aar (androidx.media3:media3-container:1.4.1) with JetifyTransform
Transforming media3-container-1.4.1.aar (androidx.media3:media3-container:1.4.1) with ExtractAarTransform
Transforming media3-container-1.4.1.aar (androidx.media3:media3-container:1.4.1) with AarTransform
Transforming media3-datasource-1.4.1.aar (androidx.media3:media3-datasource:1.4.1) with JetifyTransform
Transforming media3-datasource-1.4.1.aar (androidx.media3:media3-datasource:1.4.1) with ExtractAarTransform
Transforming media3-datasource-1.4.1.aar (androidx.media3:media3-datasource:1.4.1) with AarTransform
Transforming media3-decoder-1.4.1.aar (androidx.media3:media3-decoder:1.4.1) with JetifyTransform
Transforming media3-decoder-1.4.1.aar (androidx.media3:media3-decoder:1.4.1) with ExtractAarTransform
Transforming media3-decoder-1.4.1.aar (androidx.media3:media3-decoder:1.4.1) with AarTransform
Transforming media3-database-1.4.1.aar (androidx.media3:media3-database:1.4.1) with JetifyTransform
Transforming media3-database-1.4.1.aar (androidx.media3:media3-database:1.4.1) with ExtractAarTransform
Transforming media3-database-1.4.1.aar (androidx.media3:media3-database:1.4.1) with AarTransform
Transforming media3-common-1.4.1.aar (androidx.media3:media3-common:1.4.1) with JetifyTransform
Transforming media3-common-1.4.1.aar (androidx.media3:media3-common:1.4.1) with ExtractAarTransform
Transforming media3-common-1.4.1.aar (androidx.media3:media3-common:1.4.1) with AarTransform
Transforming media3-exoplayer-1.4.1.aar (androidx.media3:media3-exoplayer:1.4.1) with JetifyTransform
Transforming media3-exoplayer-1.4.1.aar (androidx.media3:media3-exoplayer:1.4.1) with ExtractAarTransform
Transforming media3-exoplayer-1.4.1.aar (androidx.media3:media3-exoplayer:1.4.1) with AarTransform
Transforming coordinatorlayout-1.1.0.aar (androidx.coordinatorlayout:coordinatorlayout:1.1.0) with JetifyTransform
Transforming coordinatorlayout-1.1.0.aar (androidx.coordinatorlayout:coordinatorlayout:1.1.0) with ExtractAarTransform
Transforming coordinatorlayout-1.1.0.aar (androidx.coordinatorlayout:coordinatorlayout:1.1.0) with AarTransform
Transforming coordinatorlayout-1.1.0.aar (androidx.coordinatorlayout:coordinatorlayout:1.1.0) with JetifyTransform
Transforming coordinatorlayout-1.1.0.aar (androidx.coordinatorlayout:coordinatorlayout:1.1.0) with ExtractAarTransform
Transforming coordinatorlayout-1.1.0.aar (androidx.coordinatorlayout:coordinatorlayout:1.1.0) with AarTransform
Transforming drawerlayout-1.1.1.aar (androidx.drawerlayout:drawerlayout:1.1.1) with JetifyTransform
Transforming drawerlayout-1.1.1.aar (androidx.drawerlayout:drawerlayout:1.1.1) with ExtractAarTransform
Transforming drawerlayout-1.1.1.aar (androidx.drawerlayout:drawerlayout:1.1.1) with AarTransform
Transforming drawerlayout-1.1.1.aar (androidx.drawerlayout:drawerlayout:1.1.1) with JetifyTransform
Transforming drawerlayout-1.1.1.aar (androidx.drawerlayout:drawerlayout:1.1.1) with ExtractAarTransform
Transforming drawerlayout-1.1.1.aar (androidx.drawerlayout:drawerlayout:1.1.1) with AarTransform
Transforming transition-1.2.0.aar (androidx.transition:transition:1.2.0) with JetifyTransform
Transforming transition-1.2.0.aar (androidx.transition:transition:1.2.0) with ExtractAarTransform
Transforming transition-1.2.0.aar (androidx.transition:transition:1.2.0) with AarTransform
Transforming vectordrawable-animated-1.1.0.aar (androidx.vectordrawable:vectordrawable-animated:1.1.0) with JetifyTransform
Transforming vectordrawable-animated-1.1.0.aar (androidx.vectordrawable:vectordrawable-animated:1.1.0) with ExtractAarTransform
Transforming vectordrawable-animated-1.1.0.aar (androidx.vectordrawable:vectordrawable-animated:1.1.0) with AarTransform
Transforming vectordrawable-1.1.0.aar (androidx.vectordrawable:vectordrawable:1.1.0) with JetifyTransform
Transforming vectordrawable-1.1.0.aar (androidx.vectordrawable:vectordrawable:1.1.0) with ExtractAarTransform
Transforming vectordrawable-1.1.0.aar (androidx.vectordrawable:vectordrawable:1.1.0) with AarTransform
Transforming vectordrawable-1.1.0.aar (androidx.vectordrawable:vectordrawable:1.1.0) with JetifyTransform
Transforming vectordrawable-1.1.0.aar (androidx.vectordrawable:vectordrawable:1.1.0) with ExtractAarTransform
Transforming vectordrawable-1.1.0.aar (androidx.vectordrawable:vectordrawable:1.1.0) with AarTransform
Transforming recyclerview-1.3.0.aar (androidx.recyclerview:recyclerview:1.3.0) with JetifyTransform
Transforming recyclerview-1.3.0.aar (androidx.recyclerview:recyclerview:1.3.0) with ExtractAarTransform
Transforming recyclerview-1.3.0.aar (androidx.recyclerview:recyclerview:1.3.0) with AarTransform
Transforming recyclerview-1.3.0.aar (androidx.recyclerview:recyclerview:1.3.0) with JetifyTransform
Transforming recyclerview-1.3.0.aar (androidx.recyclerview:recyclerview:1.3.0) with ExtractAarTransform
Transforming recyclerview-1.3.0.aar (androidx.recyclerview:recyclerview:1.3.0) with AarTransform
Transforming media-1.7.0.aar (androidx.media:media:1.7.0) with JetifyTransform
Transforming media-1.7.0.aar (androidx.media:media:1.7.0) with ExtractAarTransform
Transforming media-1.7.0.aar (androidx.media:media:1.7.0) with AarTransform
Transforming media-1.7.0.aar (androidx.media:media:1.7.0) with JetifyTransform
Transforming media-1.7.0.aar (androidx.media:media:1.7.0) with ExtractAarTransform
Transforming media-1.7.0.aar (androidx.media:media:1.7.0) with AarTransform
Transforming viewpager-1.0.0.aar (androidx.viewpager:viewpager:1.0.0) with JetifyTransform
Transforming viewpager-1.0.0.aar (androidx.viewpager:viewpager:1.0.0) with ExtractAarTransform
Transforming viewpager-1.0.0.aar (androidx.viewpager:viewpager:1.0.0) with AarTransform
Transforming viewpager-1.0.0.aar (androidx.viewpager:viewpager:1.0.0) with JetifyTransform
Transforming viewpager-1.0.0.aar (androidx.viewpager:viewpager:1.0.0) with ExtractAarTransform
Transforming viewpager-1.0.0.aar (androidx.viewpager:viewpager:1.0.0) with AarTransform
Transforming window-1.0.0.aar (androidx.window:window:1.0.0) with JetifyTransform
Transforming window-1.0.0.aar (androidx.window:window:1.0.0) with ExtractAarTransform
Transforming window-1.0.0.aar (androidx.window:window:1.0.0) with AarTransform
Transforming slidingpanelayout-1.0.0.aar (androidx.slidingpanelayout:slidingpanelayout:1.0.0) with JetifyTransform
Transforming slidingpanelayout-1.0.0.aar (androidx.slidingpanelayout:slidingpanelayout:1.0.0) with ExtractAarTransform
Transforming slidingpanelayout-1.0.0.aar (androidx.slidingpanelayout:slidingpanelayout:1.0.0) with AarTransform
Transforming customview-1.1.0.aar (androidx.customview:customview:1.1.0) with JetifyTransform
Transforming customview-1.1.0.aar (androidx.customview:customview:1.1.0) with ExtractAarTransform
Transforming customview-1.1.0.aar (androidx.customview:customview:1.1.0) with AarTransform
Transforming customview-1.1.0.aar (androidx.customview:customview:1.1.0) with JetifyTransform
Transforming customview-1.1.0.aar (androidx.customview:customview:1.1.0) with ExtractAarTransform
Transforming customview-1.1.0.aar (androidx.customview:customview:1.1.0) with AarTransform
Transforming customview-1.1.0.aar (androidx.customview:customview:1.1.0) with JetifyTransform
Transforming customview-1.1.0.aar (androidx.customview:customview:1.1.0) with ExtractAarTransform
Transforming customview-1.1.0.aar (androidx.customview:customview:1.1.0) with AarTransform
Transforming customview-1.1.0.aar (androidx.customview:customview:1.1.0) with JetifyTransform
Transforming customview-1.1.0.aar (androidx.customview:customview:1.1.0) with ExtractAarTransform
Transforming customview-1.1.0.aar (androidx.customview:customview:1.1.0) with AarTransform
Transforming swiperefreshlayout-1.0.0.aar (androidx.swiperefreshlayout:swiperefreshlayout:1.0.0) with JetifyTransform
Transforming swiperefreshlayout-1.0.0.aar (androidx.swiperefreshlayout:swiperefreshlayout:1.0.0) with ExtractAarTransform
Transforming swiperefreshlayout-1.0.0.aar (androidx.swiperefreshlayout:swiperefreshlayout:1.0.0) with AarTransform
Transforming asynclayoutinflater-1.0.0.aar (androidx.asynclayoutinflater:asynclayoutinflater:1.0.0) with JetifyTransform
Transforming asynclayoutinflater-1.0.0.aar (androidx.asynclayoutinflater:asynclayoutinflater:1.0.0) with ExtractAarTransform
Transforming asynclayoutinflater-1.0.0.aar (androidx.asynclayoutinflater:asynclayoutinflater:1.0.0) with AarTransform
Transforming autofill-1.0.0.aar (androidx.autofill:autofill:1.0.0) with JetifyTransform
Transforming autofill-1.0.0.aar (androidx.autofill:autofill:1.0.0) with ExtractAarTransform
Transforming autofill-1.0.0.aar (androidx.autofill:autofill:1.0.0) with AarTransform
Transforming customview-poolingcontainer-1.0.0.aar (androidx.customview:customview-poolingcontainer:1.0.0) with JetifyTransform
Transforming customview-poolingcontainer-1.0.0.aar (androidx.customview:customview-poolingcontainer:1.0.0) with ExtractAarTransform
Transforming customview-poolingcontainer-1.0.0.aar (androidx.customview:customview-poolingcontainer:1.0.0) with AarTransform
Transforming core-ktx-1.13.1.aar (androidx.core:core-ktx:1.13.1) with JetifyTransform
Transforming core-ktx-1.13.1.aar (androidx.core:core-ktx:1.13.1) with ExtractAarTransform
Transforming core-ktx-1.13.1.aar (androidx.core:core-ktx:1.13.1) with AarTransform
Transforming graphics-path-1.0.1.aar (androidx.graphics:graphics-path:1.0.1) with JetifyTransform
Transforming graphics-path-1.0.1.aar (androidx.graphics:graphics-path:1.0.1) with ExtractAarTransform
Transforming graphics-path-1.0.1.aar (androidx.graphics:graphics-path:1.0.1) with AarTransform
Transforming core-1.13.1.aar (androidx.core:core:1.13.1) with JetifyTransform
Transforming core-1.13.1.aar (androidx.core:core:1.13.1) with ExtractAarTransform
Transforming core-1.13.1.aar (androidx.core:core:1.13.1) with AarTransform
Transforming core-1.13.1.aar (androidx.core:core:1.13.1) with JetifyTransform
Transforming core-1.13.1.aar (androidx.core:core:1.13.1) with ExtractAarTransform
Transforming core-1.13.1.aar (androidx.core:core:1.13.1) with AarTransform
Transforming core-1.13.1.aar (androidx.core:core:1.13.1) with JetifyTransform
Transforming core-1.13.1.aar (androidx.core:core:1.13.1) with ExtractAarTransform
Transforming core-1.13.1.aar (androidx.core:core:1.13.1) with AarTransform
Transforming core-1.13.1.aar (androidx.core:core:1.13.1) with JetifyTransform
Transforming core-1.13.1.aar (androidx.core:core:1.13.1) with ExtractAarTransform
Transforming core-1.13.1.aar (androidx.core:core:1.13.1) with AarTransform
Transforming core-1.13.1.aar (androidx.core:core:1.13.1) with JetifyTransform
Transforming core-1.13.1.aar (androidx.core:core:1.13.1) with ExtractAarTransform
Transforming core-1.13.1.aar (androidx.core:core:1.13.1) with AarTransform
Transforming lifecycle-runtime-release.aar (androidx.lifecycle:lifecycle-runtime-android:2.9.1) with JetifyTransform
Transforming lifecycle-runtime-release.aar (androidx.lifecycle:lifecycle-runtime-android:2.9.1) with ExtractAarTransform
Transforming lifecycle-runtime-release.aar (androidx.lifecycle:lifecycle-runtime-android:2.9.1) with AarTransform
Transforming lifecycle-livedata-core-2.9.1.aar (androidx.lifecycle:lifecycle-livedata-core:2.9.1) with JetifyTransform
Transforming lifecycle-livedata-core-2.9.1.aar (androidx.lifecycle:lifecycle-livedata-core:2.9.1) with ExtractAarTransform
Transforming lifecycle-livedata-core-2.9.1.aar (androidx.lifecycle:lifecycle-livedata-core:2.9.1) with AarTransform
Transforming lifecycle-runtime-compose-release.aar (androidx.lifecycle:lifecycle-runtime-compose-android:2.9.1) with JetifyTransform
Transforming lifecycle-runtime-compose-release.aar (androidx.lifecycle:lifecycle-runtime-compose-android:2.9.1) with ExtractAarTransform
Transforming lifecycle-runtime-compose-release.aar (androidx.lifecycle:lifecycle-runtime-compose-android:2.9.1) with AarTransform
Transforming lifecycle-viewmodel-compose-release.aar (androidx.lifecycle:lifecycle-viewmodel-compose-android:2.9.1) with JetifyTransform
Transforming lifecycle-viewmodel-compose-release.aar (androidx.lifecycle:lifecycle-viewmodel-compose-android:2.9.1) with ExtractAarTransform
Transforming lifecycle-viewmodel-compose-release.aar (androidx.lifecycle:lifecycle-viewmodel-compose-android:2.9.1) with AarTransform
Transforming lifecycle-runtime-ktx.aar (androidx.lifecycle:lifecycle-runtime-ktx-android:2.9.1) with JetifyTransform
Transforming lifecycle-runtime-ktx.aar (androidx.lifecycle:lifecycle-runtime-ktx-android:2.9.1) with ExtractAarTransform
Transforming lifecycle-runtime-ktx.aar (androidx.lifecycle:lifecycle-runtime-ktx-android:2.9.1) with AarTransform
Transforming datastore-core-release.aar (androidx.datastore:datastore-core-android:1.1.7) with JetifyTransform
Transforming datastore-core-release.aar (androidx.datastore:datastore-core-android:1.1.7) with ExtractAarTransform
Transforming datastore-core-release.aar (androidx.datastore:datastore-core-android:1.1.7) with AarTransform
Transforming datastore-preferences-core-release.aar (androidx.datastore:datastore-preferences-core-android:1.1.7) with JetifyTransform
Transforming datastore-preferences-core-release.aar (androidx.datastore:datastore-preferences-core-android:1.1.7) with ExtractAarTransform
Transforming datastore-preferences-core-release.aar (androidx.datastore:datastore-preferences-core-android:1.1.7) with AarTransform
Transforming datastore-release.aar (androidx.datastore:datastore-android:1.1.7) with JetifyTransform
Transforming datastore-release.aar (androidx.datastore:datastore-android:1.1.7) with ExtractAarTransform
Transforming datastore-release.aar (androidx.datastore:datastore-android:1.1.7) with AarTransform
Transforming datastore-preferences-release.aar (androidx.datastore:datastore-preferences-android:1.1.7) with JetifyTransform
Transforming datastore-preferences-release.aar (androidx.datastore:datastore-preferences-android:1.1.7) with ExtractAarTransform
Transforming datastore-preferences-release.aar (androidx.datastore:datastore-preferences-android:1.1.7) with AarTransform
Transforming runtime-saveable-release.aar (androidx.compose.runtime:runtime-saveable-android:1.7.8) with JetifyTransform
Transforming runtime-saveable-release.aar (androidx.compose.runtime:runtime-saveable-android:1.7.8) with ExtractAarTransform
Transforming runtime-saveable-release.aar (androidx.compose.runtime:runtime-saveable-android:1.7.8) with AarTransform
Transforming runtime-release.aar (androidx.compose.runtime:runtime-android:1.7.8) with JetifyTransform
Transforming runtime-release.aar (androidx.compose.runtime:runtime-android:1.7.8) with ExtractAarTransform
Transforming runtime-release.aar (androidx.compose.runtime:runtime-android:1.7.8) with AarTransform
Transforming annotation-experimental-1.4.1.aar (androidx.annotation:annotation-experimental:1.4.1) with JetifyTransform
Transforming annotation-experimental-1.4.1.aar (androidx.annotation:annotation-experimental:1.4.1) with ExtractAarTransform
Transforming annotation-experimental-1.4.1.aar (androidx.annotation:annotation-experimental:1.4.1) with AarTransform
Transforming sqlite-framework-release.aar (androidx.sqlite:sqlite-framework-android:2.5.1) with JetifyTransform
Transforming sqlite-framework-release.aar (androidx.sqlite:sqlite-framework-android:2.5.1) with ExtractAarTransform
Transforming sqlite-framework-release.aar (androidx.sqlite:sqlite-framework-android:2.5.1) with AarTransform
Transforming sqlite-release.aar (androidx.sqlite:sqlite-android:2.5.1) with JetifyTransform
Transforming sqlite-release.aar (androidx.sqlite:sqlite-android:2.5.1) with ExtractAarTransform
Transforming sqlite-release.aar (androidx.sqlite:sqlite-android:2.5.1) with AarTransform
Transforming core-viewtree-1.0.0.aar (androidx.core:core-viewtree:1.0.0) with JetifyTransform
Transforming core-viewtree-1.0.0.aar (androidx.core:core-viewtree:1.0.0) with ExtractAarTransform
Transforming core-viewtree-1.0.0.aar (androidx.core:core-viewtree:1.0.0) with AarTransform
Transforming documentfile-1.0.1.aar (androidx.documentfile:documentfile:1.0.1) with JetifyTransform
Transforming documentfile-1.0.1.aar (androidx.documentfile:documentfile:1.0.1) with ExtractAarTransform
Transforming documentfile-1.0.1.aar (androidx.documentfile:documentfile:1.0.1) with AarTransform
Transforming documentfile-1.0.1.aar (androidx.documentfile:documentfile:1.0.1) with JetifyTransform
Transforming documentfile-1.0.1.aar (androidx.documentfile:documentfile:1.0.1) with ExtractAarTransform
Transforming documentfile-1.0.1.aar (androidx.documentfile:documentfile:1.0.1) with AarTransform
Transforming cardview-1.0.0.aar (androidx.cardview:cardview:1.0.0) with JetifyTransform
Transforming cardview-1.0.0.aar (androidx.cardview:cardview:1.0.0) with ExtractAarTransform
Transforming cardview-1.0.0.aar (androidx.cardview:cardview:1.0.0) with AarTransform
Transforming core-runtime-2.2.0.aar (androidx.arch.core:core-runtime:2.2.0) with JetifyTransform
Transforming core-runtime-2.2.0.aar (androidx.arch.core:core-runtime:2.2.0) with ExtractAarTransform
Transforming core-runtime-2.2.0.aar (androidx.arch.core:core-runtime:2.2.0) with AarTransform
Transforming cursoradapter-1.0.0.aar (androidx.cursoradapter:cursoradapter:1.0.0) with JetifyTransform
Transforming cursoradapter-1.0.0.aar (androidx.cursoradapter:cursoradapter:1.0.0) with ExtractAarTransform
Transforming cursoradapter-1.0.0.aar (androidx.cursoradapter:cursoradapter:1.0.0) with AarTransform
Transforming cursoradapter-1.0.0.aar (androidx.cursoradapter:cursoradapter:1.0.0) with JetifyTransform
Transforming cursoradapter-1.0.0.aar (androidx.cursoradapter:cursoradapter:1.0.0) with ExtractAarTransform
Transforming cursoradapter-1.0.0.aar (androidx.cursoradapter:cursoradapter:1.0.0) with AarTransform
Transforming gifdecoder-4.15.1.aar (com.github.bumptech.glide:gifdecoder:4.15.1) with JetifyTransform
Transforming gifdecoder-4.15.1.aar (com.github.bumptech.glide:gifdecoder:4.15.1) with ExtractAarTransform
Transforming gifdecoder-4.15.1.aar (com.github.bumptech.glide:gifdecoder:4.15.1) with AarTransform
Transforming profileinstaller-1.4.0.aar (androidx.profileinstaller:profileinstaller:1.4.0) with JetifyTransform
Transforming profileinstaller-1.4.0.aar (androidx.profileinstaller:profileinstaller:1.4.0) with ExtractAarTransform
Transforming profileinstaller-1.4.0.aar (androidx.profileinstaller:profileinstaller:1.4.0) with AarTransform
Transforming startup-runtime-1.1.1.aar (androidx.startup:startup-runtime:1.1.1) with JetifyTransform
Transforming startup-runtime-1.1.1.aar (androidx.startup:startup-runtime:1.1.1) with ExtractAarTransform
Transforming startup-runtime-1.1.1.aar (androidx.startup:startup-runtime:1.1.1) with AarTransform
Transforming tracing-1.0.0.aar (androidx.tracing:tracing:1.0.0) with JetifyTransform
Transforming tracing-1.0.0.aar (androidx.tracing:tracing:1.0.0) with ExtractAarTransform
Transforming tracing-1.0.0.aar (androidx.tracing:tracing:1.0.0) with AarTransform
Transforming localbroadcastmanager-1.0.0.aar (androidx.localbroadcastmanager:localbroadcastmanager:1.0.0) with JetifyTransform
Transforming localbroadcastmanager-1.0.0.aar (androidx.localbroadcastmanager:localbroadcastmanager:1.0.0) with ExtractAarTransform
Transforming localbroadcastmanager-1.0.0.aar (androidx.localbroadcastmanager:localbroadcastmanager:1.0.0) with AarTransform
Transforming print-1.0.0.aar (androidx.print:print:1.0.0) with JetifyTransform
Transforming print-1.0.0.aar (androidx.print:print:1.0.0) with ExtractAarTransform
Transforming print-1.0.0.aar (androidx.print:print:1.0.0) with AarTransform
Transforming interpolator-1.0.0.aar (androidx.interpolator:interpolator:1.0.0) with JetifyTransform
Transforming interpolator-1.0.0.aar (androidx.interpolator:interpolator:1.0.0) with ExtractAarTransform
Transforming interpolator-1.0.0.aar (androidx.interpolator:interpolator:1.0.0) with AarTransform
Transforming interpolator-1.0.0.aar (androidx.interpolator:interpolator:1.0.0) with JetifyTransform
Transforming interpolator-1.0.0.aar (androidx.interpolator:interpolator:1.0.0) with ExtractAarTransform
Transforming interpolator-1.0.0.aar (androidx.interpolator:interpolator:1.0.0) with AarTransform
Transforming interpolator-1.0.0.aar (androidx.interpolator:interpolator:1.0.0) with JetifyTransform
Transforming interpolator-1.0.0.aar (androidx.interpolator:interpolator:1.0.0) with ExtractAarTransform
Transforming interpolator-1.0.0.aar (androidx.interpolator:interpolator:1.0.0) with AarTransform
Transforming interpolator-1.0.0.aar (androidx.interpolator:interpolator:1.0.0) with JetifyTransform
Transforming interpolator-1.0.0.aar (androidx.interpolator:interpolator:1.0.0) with ExtractAarTransform
Transforming interpolator-1.0.0.aar (androidx.interpolator:interpolator:1.0.0) with AarTransform
Transforming transport-backend-cct-2.3.3.aar (com.google.android.datatransport:transport-backend-cct:2.3.3) with JetifyTransform
Transforming transport-backend-cct-2.3.3.aar (com.google.android.datatransport:transport-backend-cct:2.3.3) with ExtractAarTransform
Transforming transport-backend-cct-2.3.3.aar (com.google.android.datatransport:transport-backend-cct:2.3.3) with AarTransform
Transforming transport-backend-cct-2.3.3.aar (com.google.android.datatransport:transport-backend-cct:2.3.3) with JetifyTransform
Transforming transport-backend-cct-2.3.3.aar (com.google.android.datatransport:transport-backend-cct:2.3.3) with ExtractAarTransform
Transforming transport-backend-cct-2.3.3.aar (com.google.android.datatransport:transport-backend-cct:2.3.3) with AarTransform
Transforming transport-backend-cct-2.3.3.aar (com.google.android.datatransport:transport-backend-cct:2.3.3) with JetifyTransform
Transforming transport-backend-cct-2.3.3.aar (com.google.android.datatransport:transport-backend-cct:2.3.3) with ExtractAarTransform
Transforming transport-backend-cct-2.3.3.aar (com.google.android.datatransport:transport-backend-cct:2.3.3) with AarTransform
Transforming transport-runtime-2.2.6.aar (com.google.android.datatransport:transport-runtime:2.2.6) with JetifyTransform
Transforming transport-runtime-2.2.6.aar (com.google.android.datatransport:transport-runtime:2.2.6) with ExtractAarTransform
Transforming transport-runtime-2.2.6.aar (com.google.android.datatransport:transport-runtime:2.2.6) with AarTransform
Transforming transport-runtime-2.2.6.aar (com.google.android.datatransport:transport-runtime:2.2.6) with JetifyTransform
Transforming transport-runtime-2.2.6.aar (com.google.android.datatransport:transport-runtime:2.2.6) with ExtractAarTransform
Transforming transport-runtime-2.2.6.aar (com.google.android.datatransport:transport-runtime:2.2.6) with AarTransform
Transforming transport-runtime-2.2.6.aar (com.google.android.datatransport:transport-runtime:2.2.6) with JetifyTransform
Transforming transport-runtime-2.2.6.aar (com.google.android.datatransport:transport-runtime:2.2.6) with ExtractAarTransform
Transforming transport-runtime-2.2.6.aar (com.google.android.datatransport:transport-runtime:2.2.6) with AarTransform
Transforming transport-runtime-2.2.6.aar (com.google.android.datatransport:transport-runtime:2.2.6) with JetifyTransform
Transforming transport-runtime-2.2.6.aar (com.google.android.datatransport:transport-runtime:2.2.6) with ExtractAarTransform
Transforming transport-runtime-2.2.6.aar (com.google.android.datatransport:transport-runtime:2.2.6) with AarTransform
Transforming transport-api-2.2.1.aar (com.google.android.datatransport:transport-api:2.2.1) with JetifyTransform
Transforming transport-api-2.2.1.aar (com.google.android.datatransport:transport-api:2.2.1) with ExtractAarTransform
Transforming transport-api-2.2.1.aar (com.google.android.datatransport:transport-api:2.2.1) with AarTransform
Transforming transport-api-2.2.1.aar (com.google.android.datatransport:transport-api:2.2.1) with JetifyTransform
Transforming transport-api-2.2.1.aar (com.google.android.datatransport:transport-api:2.2.1) with ExtractAarTransform
Transforming transport-api-2.2.1.aar (com.google.android.datatransport:transport-api:2.2.1) with AarTransform
Transforming transport-api-2.2.1.aar (com.google.android.datatransport:transport-api:2.2.1) with JetifyTransform
Transforming transport-api-2.2.1.aar (com.google.android.datatransport:transport-api:2.2.1) with ExtractAarTransform
Transforming transport-api-2.2.1.aar (com.google.android.datatransport:transport-api:2.2.1) with AarTransform
Transforming transport-api-2.2.1.aar (com.google.android.datatransport:transport-api:2.2.1) with JetifyTransform
Transforming transport-api-2.2.1.aar (com.google.android.datatransport:transport-api:2.2.1) with ExtractAarTransform
Transforming transport-api-2.2.1.aar (com.google.android.datatransport:transport-api:2.2.1) with AarTransform
Transforming transport-api-2.2.1.aar (com.google.android.datatransport:transport-api:2.2.1) with JetifyTransform
Transforming transport-api-2.2.1.aar (com.google.android.datatransport:transport-api:2.2.1) with ExtractAarTransform
Transforming transport-api-2.2.1.aar (com.google.android.datatransport:transport-api:2.2.1) with AarTransform
Transforming firebase-components-16.1.0.aar (com.google.firebase:firebase-components:16.1.0) with JetifyTransform
Transforming firebase-components-16.1.0.aar (com.google.firebase:firebase-components:16.1.0) with ExtractAarTransform
Transforming firebase-components-16.1.0.aar (com.google.firebase:firebase-components:16.1.0) with AarTransform
Transforming firebase-components-16.1.0.aar (com.google.firebase:firebase-components:16.1.0) with JetifyTransform
Transforming firebase-components-16.1.0.aar (com.google.firebase:firebase-components:16.1.0) with ExtractAarTransform
Transforming firebase-components-16.1.0.aar (com.google.firebase:firebase-components:16.1.0) with AarTransform
Transforming firebase-components-16.1.0.aar (com.google.firebase:firebase-components:16.1.0) with JetifyTransform
Transforming firebase-components-16.1.0.aar (com.google.firebase:firebase-components:16.1.0) with ExtractAarTransform
Transforming firebase-components-16.1.0.aar (com.google.firebase:firebase-components:16.1.0) with AarTransform
Transforming firebase-encoders-json-17.1.0.aar (com.google.firebase:firebase-encoders-json:17.1.0) with JetifyTransform
Transforming firebase-encoders-json-17.1.0.aar (com.google.firebase:firebase-encoders-json:17.1.0) with ExtractAarTransform
Transforming firebase-encoders-json-17.1.0.aar (com.google.firebase:firebase-encoders-json:17.1.0) with AarTransform
Transforming firebase-encoders-json-17.1.0.aar (com.google.firebase:firebase-encoders-json:17.1.0) with JetifyTransform
Transforming firebase-encoders-json-17.1.0.aar (com.google.firebase:firebase-encoders-json:17.1.0) with ExtractAarTransform
Transforming firebase-encoders-json-17.1.0.aar (com.google.firebase:firebase-encoders-json:17.1.0) with AarTransform
Transforming firebase-encoders-json-17.1.0.aar (com.google.firebase:firebase-encoders-json:17.1.0) with JetifyTransform
Transforming firebase-encoders-json-17.1.0.aar (com.google.firebase:firebase-encoders-json:17.1.0) with ExtractAarTransform
Transforming firebase-encoders-json-17.1.0.aar (com.google.firebase:firebase-encoders-json:17.1.0) with AarTransform
Transforming firebase-encoders-json-17.1.0.aar (com.google.firebase:firebase-encoders-json:17.1.0) with JetifyTransform
Transforming firebase-encoders-json-17.1.0.aar (com.google.firebase:firebase-encoders-json:17.1.0) with ExtractAarTransform
Transforming firebase-encoders-json-17.1.0.aar (com.google.firebase:firebase-encoders-json:17.1.0) with AarTransform
Transforming exifinterface-1.3.7.aar (androidx.exifinterface:exifinterface:1.3.7) with JetifyTransform
Transforming exifinterface-1.3.7.aar (androidx.exifinterface:exifinterface:1.3.7) with ExtractAarTransform
Transforming exifinterface-1.3.7.aar (androidx.exifinterface:exifinterface:1.3.7) with AarTransform
Transforming exifinterface-1.3.7.aar (androidx.exifinterface:exifinterface:1.3.7) with JetifyTransform
Transforming exifinterface-1.3.7.aar (androidx.exifinterface:exifinterface:1.3.7) with ExtractAarTransform
Transforming exifinterface-1.3.7.aar (androidx.exifinterface:exifinterface:1.3.7) with AarTransform
Transforming versionedparcelable-1.1.1.aar (androidx.versionedparcelable:versionedparcelable:1.1.1) with JetifyTransform
Transforming versionedparcelable-1.1.1.aar (androidx.versionedparcelable:versionedparcelable:1.1.1) with ExtractAarTransform
Transforming versionedparcelable-1.1.1.aar (androidx.versionedparcelable:versionedparcelable:1.1.1) with AarTransform
Transforming dagger-lint-aar-2.51.1.aar (com.google.dagger:dagger-lint-aar:2.51.1) with JetifyTransform
Transforming dagger-lint-aar-2.51.1.aar (com.google.dagger:dagger-lint-aar:2.51.1) with ExtractAarTransform
Transforming dagger-lint-aar-2.51.1.aar (com.google.dagger:dagger-lint-aar:2.51.1) with AarTransform
Transforming pdfbox-android-2.0.27.0.aar (com.tom-roush:pdfbox-android:2.0.27.0) with JetifyTransform
Transforming pdfbox-android-2.0.27.0.aar (com.tom-roush:pdfbox-android:2.0.27.0) with ExtractAarTransform
Transforming pdfbox-android-2.0.27.0.aar (com.tom-roush:pdfbox-android:2.0.27.0) with AarTransform
Transforming image-1.0.0-beta1.aar (com.google.android.odml:image:1.0.0-beta1) with JetifyTransform
Transforming image-1.0.0-beta1.aar (com.google.android.odml:image:1.0.0-beta1) with ExtractAarTransform
Transforming image-1.0.0-beta1.aar (com.google.android.odml:image:1.0.0-beta1) with AarTransform
Transforming image-1.0.0-beta1.aar (com.google.android.odml:image:1.0.0-beta1) with JetifyTransform
Transforming image-1.0.0-beta1.aar (com.google.android.odml:image:1.0.0-beta1) with ExtractAarTransform
Transforming image-1.0.0-beta1.aar (com.google.android.odml:image:1.0.0-beta1) with AarTransform
Caching disabled for task ':android:app:mapDebugSourceSetPaths' because:
  Caching has been disabled for the task
Skipping task ':android:app:mapDebugSourceSetPaths' as it is up-to-date.
Resolve mutations for :android:app:generateDebugResources (Thread[Execution worker Thread 2,5,main]) started.
:android:app:generateDebugResources (Thread[Execution worker Thread 2,5,main]) started.

> Task :android:app:generateDebugResources UP-TO-DATE
Build cache key for task ':android:app:generateDebugResources' is 1e4f9025542cd838a858767e73619bb3
Skipping task ':android:app:generateDebugResources' as it is up-to-date.
Resolve mutations for :android:app:mergeDebugResources (Thread[Execution worker Thread 2,5,main]) started.
:android:app:mergeDebugResources (Thread[Execution worker Thread 2,5,main]) started.

> Task :android:app:mergeDebugResources UP-TO-DATE
Build cache key for task ':android:app:mergeDebugResources' is 4b358c9e73542c088bba344f400998ee
Skipping task ':android:app:mergeDebugResources' as it is up-to-date.
Resolve mutations for :android:app:packageDebugResources (Thread[Execution worker Thread 2,5,main]) started.
:android:app:packageDebugResources (Thread[Execution worker Thread 2,5,main]) started.

> Task :android:app:packageDebugResources UP-TO-DATE
Build cache key for task ':android:app:packageDebugResources' is a59ddc7046594ebe3d12f51835db057d
Skipping task ':android:app:packageDebugResources' as it is up-to-date.
Resolve mutations for :android:app:parseDebugLocalResources (Thread[Execution worker Thread 2,5,main]) started.
:android:app:parseDebugLocalResources (Thread[Execution worker Thread 2,5,main]) started.

> Task :android:app:parseDebugLocalResources UP-TO-DATE
Transforming android.jar with PlatformAttrTransform
Transforming android.jar with PlatformAttrTransform
Build cache key for task ':android:app:parseDebugLocalResources' is 56610c11a74bbe508c6cb346a0527d16
Skipping task ':android:app:parseDebugLocalResources' as it is up-to-date.
Resolve mutations for :android:app:createDebugCompatibleScreenManifests (Thread[Execution worker Thread 2,5,main]) started.
:android:app:createDebugCompatibleScreenManifests (Thread[Execution worker Thread 2,5,main]) started.

> Task :android:app:createDebugCompatibleScreenManifests UP-TO-DATE
Caching disabled for task ':android:app:createDebugCompatibleScreenManifests' because:
  Caching has been disabled for the task
Skipping task ':android:app:createDebugCompatibleScreenManifests' as it is up-to-date.
Resolve mutations for :android:app:extractDeepLinksDebug (Thread[Execution worker Thread 2,5,main]) started.
:android:app:extractDeepLinksDebug (Thread[Execution worker Thread 2,5,main]) started.

> Task :android:app:extractDeepLinksDebug UP-TO-DATE
Build cache key for task ':android:app:extractDeepLinksDebug' is 43273ca958f68589eefabc4b862c5e9d
Skipping task ':android:app:extractDeepLinksDebug' as it is up-to-date.
Resolve mutations for :android:app:processDebugMainManifest (Thread[Execution worker Thread 9,5,main]) started.
:android:app:processDebugMainManifest (Thread[Execution worker Thread 9,5,main]) started.

> Task :android:core-reader:kspDebugKotlin UP-TO-DATE
Failed to get resource: HEAD. [HTTP HTTP/1.1 401 Unauthorized: https://jitpack.io/nl/siegmann/epublib/epublib-core/3.1/epublib-core-3.1.pom)]
Transforming hilt-android-2.51.1.aar (com.google.dagger:hilt-android:2.51.1) with JetifyTransform
Transforming hilt-android-2.51.1.aar (com.google.dagger:hilt-android:2.51.1) with AarToClassTransform
Transforming fragment-1.5.1.aar (androidx.fragment:fragment:1.5.1) with JetifyTransform
Transforming fragment-1.5.1.aar (androidx.fragment:fragment:1.5.1) with AarToClassTransform
Transforming lifecycle-viewmodel-savedstate-2.5.1.aar (androidx.lifecycle:lifecycle-viewmodel-savedstate:2.5.1) with JetifyTransform
Transforming lifecycle-viewmodel-savedstate-2.5.1.aar (androidx.lifecycle:lifecycle-viewmodel-savedstate:2.5.1) with AarToClassTransform
Transforming core-ktx-1.12.0.aar (androidx.core:core-ktx:1.12.0) with JetifyTransform
Transforming core-ktx-1.12.0.aar (androidx.core:core-ktx:1.12.0) with AarToClassTransform
Transforming loader-1.0.0.aar (androidx.loader:loader:1.0.0) with JetifyTransform
Transforming loader-1.0.0.aar (androidx.loader:loader:1.0.0) with AarToClassTransform
Transforming viewpager-1.0.0.aar (androidx.viewpager:viewpager:1.0.0) with JetifyTransform
Transforming viewpager-1.0.0.aar (androidx.viewpager:viewpager:1.0.0) with AarToClassTransform
Transforming customview-1.0.0.aar (androidx.customview:customview:1.0.0) with JetifyTransform
Transforming customview-1.0.0.aar (androidx.customview:customview:1.0.0) with AarToClassTransform
Transforming core-1.12.0.aar (androidx.core:core:1.12.0) with JetifyTransform
Transforming core-1.12.0.aar (androidx.core:core:1.12.0) with AarToClassTransform
Transforming annotation-experimental-1.4.1.aar (androidx.annotation:annotation-experimental:1.4.1) with JetifyTransform
Transforming annotation-experimental-1.4.1.aar (androidx.annotation:annotation-experimental:1.4.1) with AarToClassTransform
Transforming lifecycle-viewmodel-2.5.1.aar (androidx.lifecycle:lifecycle-viewmodel:2.5.1) with JetifyTransform
Transforming lifecycle-viewmodel-2.5.1.aar (androidx.lifecycle:lifecycle-viewmodel:2.5.1) with AarToClassTransform
Transforming lifecycle-viewmodel-2.5.1.aar (androidx.lifecycle:lifecycle-viewmodel:2.5.1) with JetifyTransform
Transforming lifecycle-viewmodel-2.5.1.aar (androidx.lifecycle:lifecycle-viewmodel:2.5.1) with AarToClassTransform
Transforming savedstate-1.2.0.aar (androidx.savedstate:savedstate:1.2.0) with JetifyTransform
Transforming savedstate-1.2.0.aar (androidx.savedstate:savedstate:1.2.0) with AarToClassTransform
Transforming lifecycle-runtime-2.5.1.aar (androidx.lifecycle:lifecycle-runtime:2.5.1) with JetifyTransform
Transforming lifecycle-runtime-2.5.1.aar (androidx.lifecycle:lifecycle-runtime:2.5.1) with AarToClassTransform
Transforming lifecycle-livedata-2.0.0.aar (androidx.lifecycle:lifecycle-livedata:2.0.0) with JetifyTransform
Transforming lifecycle-livedata-2.0.0.aar (androidx.lifecycle:lifecycle-livedata:2.0.0) with AarToClassTransform
Transforming lifecycle-livedata-core-2.5.1.aar (androidx.lifecycle:lifecycle-livedata-core:2.5.1) with JetifyTransform
Transforming lifecycle-livedata-core-2.5.1.aar (androidx.lifecycle:lifecycle-livedata-core:2.5.1) with AarToClassTransform
Transforming lifecycle-livedata-core-2.5.1.aar (androidx.lifecycle:lifecycle-livedata-core:2.5.1) with JetifyTransform
Transforming lifecycle-livedata-core-2.5.1.aar (androidx.lifecycle:lifecycle-livedata-core:2.5.1) with AarToClassTransform
Transforming lifecycle-common-2.5.1.jar (androidx.lifecycle:lifecycle-common:2.5.1) with JetifyTransform
Transforming lifecycle-common-2.5.1.jar (androidx.lifecycle:lifecycle-common:2.5.1) with IdentityTransform
Transforming activity-1.5.1.aar (androidx.activity:activity:1.5.1) with JetifyTransform
Transforming versionedparcelable-1.1.1.aar (androidx.versionedparcelable:versionedparcelable:1.1.1) with JetifyTransform
Transforming versionedparcelable-1.1.1.aar (androidx.versionedparcelable:versionedparcelable:1.1.1) with AarToClassTransform
Transforming collection-jvm-1.4.2.jar (androidx.collection:collection-jvm:1.4.2) with JetifyTransform
Transforming collection-jvm-1.4.2.jar (androidx.collection:collection-jvm:1.4.2) with IdentityTransform
Transforming core-common-2.2.0.jar (androidx.arch.core:core-common:2.2.0) with JetifyTransform
Transforming core-common-2.2.0.jar (androidx.arch.core:core-common:2.2.0) with IdentityTransform
Transforming annotation-jvm-1.9.1.jar (androidx.annotation:annotation-jvm:1.9.1) with JetifyTransform
Transforming annotation-jvm-1.9.1.jar (androidx.annotation:annotation-jvm:1.9.1) with IdentityTransform
Transforming kotlinx-coroutines-core-jvm-1.7.3.jar (org.jetbrains.kotlinx:kotlinx-coroutines-core-jvm:1.7.3) with JetifyTransform
Transforming kotlinx-coroutines-core-jvm-1.7.3.jar (org.jetbrains.kotlinx:kotlinx-coroutines-core-jvm:1.7.3) with IdentityTransform
Transforming kotlinx-coroutines-android-1.7.3.jar (org.jetbrains.kotlinx:kotlinx-coroutines-android:1.7.3) with JetifyTransform
Transforming kotlinx-coroutines-android-1.7.3.jar (org.jetbrains.kotlinx:kotlinx-coroutines-android:1.7.3) with IdentityTransform
Transforming kotlin-stdlib-jdk8-1.9.25.jar (org.jetbrains.kotlin:kotlin-stdlib-jdk8:1.9.25) with JetifyTransform
Transforming kotlin-stdlib-jdk8-1.9.25.jar (org.jetbrains.kotlin:kotlin-stdlib-jdk8:1.9.25) with IdentityTransform
Transforming kotlin-stdlib-jdk7-1.9.25.jar (org.jetbrains.kotlin:kotlin-stdlib-jdk7:1.9.25) with JetifyTransform
Transforming kotlin-stdlib-jdk7-1.9.25.jar (org.jetbrains.kotlin:kotlin-stdlib-jdk7:1.9.25) with IdentityTransform
Transforming kotlin-stdlib-1.9.25.jar (org.jetbrains.kotlin:kotlin-stdlib:1.9.25) with JetifyTransform
Transforming kotlin-stdlib-1.9.25.jar (org.jetbrains.kotlin:kotlin-stdlib:1.9.25) with IdentityTransform
Transforming pdfium-android-1.9.0.aar (com.github.barteksc:pdfium-android:1.9.0) with JetifyTransform
Transforming pdfium-android-1.9.0.aar (com.github.barteksc:pdfium-android:1.9.0) with AarToClassTransform
Transforming pdfbox-android-2.0.27.0.aar (com.tom-roush:pdfbox-android:2.0.27.0) with JetifyTransform
Transforming pdfbox-android-2.0.27.0.aar (com.tom-roush:pdfbox-android:2.0.27.0) with AarToClassTransform
Transforming annotations-23.0.0.jar (org.jetbrains:annotations:23.0.0) with JetifyTransform
Transforming annotations-23.0.0.jar (org.jetbrains:annotations:23.0.0) with IdentityTransform
Transforming hilt-core-2.51.1.jar (com.google.dagger:hilt-core:2.51.1) with JetifyTransform
Transforming hilt-core-2.51.1.jar (com.google.dagger:hilt-core:2.51.1) with IdentityTransform
Transforming dagger-2.51.1.jar (com.google.dagger:dagger:2.51.1) with JetifyTransform
Transforming dagger-2.51.1.jar (com.google.dagger:dagger:2.51.1) with IdentityTransform
Transforming javax.inject-1.jar (javax.inject:javax.inject:1) with JetifyTransform
Transforming javax.inject-1.jar (javax.inject:javax.inject:1) with IdentityTransform
Transforming dagger-lint-aar-2.51.1.aar (com.google.dagger:dagger-lint-aar:2.51.1) with JetifyTransform
Transforming dagger-lint-aar-2.51.1.aar (com.google.dagger:dagger-lint-aar:2.51.1) with AarToClassTransform
Transforming jsr305-3.0.2.jar (com.google.code.findbugs:jsr305:3.0.2) with JetifyTransform
Transforming jsr305-3.0.2.jar (com.google.code.findbugs:jsr305:3.0.2) with IdentityTransform
Transforming core-1.12.0.aar (androidx.core:core:1.12.0) with JetifyTransform
Transforming core-1.12.0.aar (androidx.core:core:1.12.0) with AarToClassTransform
Transforming collection-ktx-1.4.2.jar (androidx.collection:collection-ktx:1.4.2) with JetifyTransform
Transforming core-1.12.0.aar (androidx.core:core:1.12.0) with JetifyTransform
Transforming core-1.12.0.aar (androidx.core:core:1.12.0) with AarToClassTransform
Transforming core-runtime-2.2.0.aar (androidx.arch.core:core-runtime:2.2.0) with JetifyTransform
Transforming core-runtime-2.2.0.aar (androidx.arch.core:core-runtime:2.2.0) with AarToClassTransform
Transforming zip4j-2.11.5.jar (net.lingala.zip4j:zip4j:2.11.5) with JetifyTransform
Transforming junrar-7.5.5.jar (com.github.junrar:junrar:7.5.5) with JetifyTransform
Transforming slf4j-android-1.7.36.jar (org.slf4j:slf4j-android:1.7.36) with JetifyTransform
Transforming commons-compress-1.26.0.jar (org.apache.commons:commons-compress:1.26.0) with JetifyTransform
Transforming bcpkix-jdk15to18-1.72.jar (org.bouncycastle:bcpkix-jdk15to18:1.72) with JetifyTransform
Transforming epublib-core-3.1.jar (nl.siegmann.epublib:epublib-core:3.1) with JetifyTransform
Transforming slf4j-api-1.7.36.jar (org.slf4j:slf4j-api:1.7.36) with JetifyTransform
Transforming activity-1.5.1.aar (androidx.activity:activity:1.5.1) with AarToClassTransform
Transforming slf4j-api-1.7.36.jar (org.slf4j:slf4j-api:1.7.36) with IdentityTransform
Transforming bcprov-jdk15to18-1.72.jar (org.bouncycastle:bcprov-jdk15to18:1.72) with JetifyTransform
Transforming collection-ktx-1.4.2.jar (androidx.collection:collection-ktx:1.4.2) with IdentityTransform
Transforming commons-compress-1.26.0.jar (org.apache.commons:commons-compress:1.26.0) with IdentityTransform
Transforming zip4j-2.11.5.jar (net.lingala.zip4j:zip4j:2.11.5) with IdentityTransform
Transforming commons-io-2.15.1.jar (commons-io:commons-io:2.15.1) with JetifyTransform
Transforming commons-lang3-3.14.0.jar (org.apache.commons:commons-lang3:3.14.0) with JetifyTransform
Transforming slf4j-android-1.7.36.jar (org.slf4j:slf4j-android:1.7.36) with IdentityTransform
Transforming epublib-core-3.1.jar (nl.siegmann.epublib:epublib-core:3.1) with IdentityTransform
Transforming junrar-7.5.5.jar (com.github.junrar:junrar:7.5.5) with IdentityTransform
Transforming bcpkix-jdk15to18-1.72.jar (org.bouncycastle:bcpkix-jdk15to18:1.72) with IdentityTransform
Transforming kxml2-2.3.0.jar (net.sf.kxml:kxml2:2.3.0) with JetifyTransform
Transforming bcutil-jdk15to18-1.72.jar (org.bouncycastle:bcutil-jdk15to18:1.72) with JetifyTransform
Transforming commons-io-2.15.1.jar (commons-io:commons-io:2.15.1) with IdentityTransform
Transforming kxml2-2.3.0.jar (net.sf.kxml:kxml2:2.3.0) with IdentityTransform
Transforming bcprov-jdk15to18-1.72.jar (org.bouncycastle:bcprov-jdk15to18:1.72) with IdentityTransform
Transforming commons-lang3-3.14.0.jar (org.apache.commons:commons-lang3:3.14.0) with IdentityTransform
Transforming bcutil-jdk15to18-1.72.jar (org.bouncycastle:bcutil-jdk15to18:1.72) with IdentityTransform
Transforming R.jar with ClasspathEntrySnapshotTransform
Transforming classes.jar with ClasspathEntrySnapshotTransform
Transforming jetified-hilt-android-2.51.1-api.jar with ClasspathEntrySnapshotTransform
Transforming fragment-1.5.1-api.jar with ClasspathEntrySnapshotTransform
Transforming jetified-activity-1.5.1-api.jar with ClasspathEntrySnapshotTransform
Transforming jetified-lifecycle-viewmodel-savedstate-2.5.1-api.jar with ClasspathEntrySnapshotTransform
Transforming jetified-core-ktx-1.12.0-api.jar with ClasspathEntrySnapshotTransform
Transforming loader-1.0.0-api.jar with ClasspathEntrySnapshotTransform
Transforming viewpager-1.0.0-api.jar with ClasspathEntrySnapshotTransform
Transforming customview-1.0.0-api.jar with ClasspathEntrySnapshotTransform
Transforming core-1.12.0-api.jar with ClasspathEntrySnapshotTransform
Transforming jetified-annotation-experimental-1.4.1-api.jar with ClasspathEntrySnapshotTransform
Transforming lifecycle-viewmodel-2.5.1-api.jar with ClasspathEntrySnapshotTransform
Transforming jetified-savedstate-1.2.0-api.jar with ClasspathEntrySnapshotTransform
Transforming lifecycle-runtime-2.5.1-api.jar with ClasspathEntrySnapshotTransform
Transforming lifecycle-livedata-2.0.0-api.jar with ClasspathEntrySnapshotTransform
Transforming lifecycle-livedata-core-2.5.1-api.jar with ClasspathEntrySnapshotTransform
Transforming lifecycle-common-2.5.1.jar with ClasspathEntrySnapshotTransform
Transforming jetified-collection-ktx-1.4.2.jar with ClasspathEntrySnapshotTransform
Transforming versionedparcelable-1.1.1-api.jar with ClasspathEntrySnapshotTransform
Transforming jetified-collection-jvm-1.4.2.jar with ClasspathEntrySnapshotTransform
Transforming core-runtime-2.2.0-api.jar with ClasspathEntrySnapshotTransform
Transforming core-common-2.2.0.jar with ClasspathEntrySnapshotTransform
Transforming jetified-annotation-jvm-1.9.1.jar with ClasspathEntrySnapshotTransform
Transforming jetified-kotlinx-coroutines-core-jvm-1.7.3.jar with ClasspathEntrySnapshotTransform
Transforming jetified-kotlinx-coroutines-android-1.7.3.jar with ClasspathEntrySnapshotTransform
Transforming jetified-kotlin-stdlib-jdk8-1.9.25.jar with ClasspathEntrySnapshotTransform
Transforming jetified-kotlin-stdlib-jdk7-1.9.25.jar with ClasspathEntrySnapshotTransform
Transforming jetified-kotlin-stdlib-1.9.25.jar with ClasspathEntrySnapshotTransform
Transforming jetified-zip4j-2.11.5.jar with ClasspathEntrySnapshotTransform
Transforming jetified-junrar-7.5.5.jar with ClasspathEntrySnapshotTransform
Transforming jetified-pdfium-android-1.9.0-api.jar with ClasspathEntrySnapshotTransform
Transforming jetified-pdfbox-android-2.0.27.0-api.jar with ClasspathEntrySnapshotTransform
Transforming jetified-slf4j-android-1.7.36.jar with ClasspathEntrySnapshotTransform
Transforming jetified-commons-compress-1.26.0.jar with ClasspathEntrySnapshotTransform
Transforming jetified-epublib-core-3.1.jar with ClasspathEntrySnapshotTransform
Transforming jetified-annotations-23.0.0.jar with ClasspathEntrySnapshotTransform
Transforming jetified-hilt-core-2.51.1.jar with ClasspathEntrySnapshotTransform
Transforming jetified-dagger-2.51.1.jar with ClasspathEntrySnapshotTransform
Transforming jetified-javax.inject-1.jar with ClasspathEntrySnapshotTransform
Transforming jetified-dagger-lint-aar-2.51.1-api.jar with ClasspathEntrySnapshotTransform
Transforming jetified-jsr305-3.0.2.jar with ClasspathEntrySnapshotTransform
Transforming jetified-slf4j-api-1.7.36.jar with ClasspathEntrySnapshotTransform
Transforming jetified-bcpkix-jdk15to18-1.72.jar with ClasspathEntrySnapshotTransform
Transforming jetified-bcutil-jdk15to18-1.72.jar with ClasspathEntrySnapshotTransform
Transforming jetified-bcprov-jdk15to18-1.72.jar with ClasspathEntrySnapshotTransform
Transforming jetified-commons-io-2.15.1.jar with ClasspathEntrySnapshotTransform
Transforming jetified-commons-lang3-3.14.0.jar with ClasspathEntrySnapshotTransform
Transforming jetified-kxml2-2.3.0.jar with ClasspathEntrySnapshotTransform
Transforming android.jar with ClasspathEntrySnapshotTransform
Transforming core-lambda-stubs.jar with ClasspathEntrySnapshotTransform
file or directory 'C:\Users\xmeta\projects\Mr.Comic\android\core-reader\src\debug\kotlin', not found
file or directory 'C:\Users\xmeta\projects\Mr.Comic\android\core-reader\src\debug\java', not found
file or directory 'C:\Users\xmeta\projects\Mr.Comic\android\core-reader\src\main\kotlin', not found
file or directory 'C:\Users\xmeta\projects\Mr.Comic\android\core-reader\src\debug\java', not found
Build cache key for task ':android:core-reader:kspDebugKotlin' is 0c716432bee116124ded8890d2e281e2
Skipping task ':android:core-reader:kspDebugKotlin' as it is up-to-date.
Resolve mutations for :android:core-reader:compileDebugKotlin (Thread[Execution worker Thread 8,5,main]) started.
:android:core-reader:compileDebugKotlin (Thread[Execution worker Thread 8,5,main]) started.

> Task :android:app:processDebugMainManifest UP-TO-DATE
Transforming core-splashscreen-1.0.1.aar (androidx.core:core-splashscreen:1.0.1) with JetifyTransform
Transforming core-splashscreen-1.0.1.aar (androidx.core:core-splashscreen:1.0.1) with ExtractAarTransform
Transforming core-splashscreen-1.0.1.aar (androidx.core:core-splashscreen:1.0.1) with AarTransform
Transforming hilt-navigation-compose-1.2.0.aar (androidx.hilt:hilt-navigation-compose:1.2.0) with JetifyTransform
Transforming hilt-navigation-compose-1.2.0.aar (androidx.hilt:hilt-navigation-compose:1.2.0) with ExtractAarTransform
Transforming hilt-navigation-compose-1.2.0.aar (androidx.hilt:hilt-navigation-compose:1.2.0) with AarTransform
Transforming hilt-navigation-1.2.0.aar (androidx.hilt:hilt-navigation:1.2.0) with JetifyTransform
Transforming hilt-navigation-1.2.0.aar (androidx.hilt:hilt-navigation:1.2.0) with ExtractAarTransform
Transforming hilt-navigation-1.2.0.aar (androidx.hilt:hilt-navigation:1.2.0) with AarTransform
Transforming navigation-common-2.7.7.aar (androidx.navigation:navigation-common:2.7.7) with JetifyTransform
Transforming navigation-common-2.7.7.aar (androidx.navigation:navigation-common:2.7.7) with ExtractAarTransform
Transforming navigation-common-2.7.7.aar (androidx.navigation:navigation-common:2.7.7) with AarTransform
Transforming navigation-runtime-2.7.7.aar (androidx.navigation:navigation-runtime:2.7.7) with JetifyTransform
Transforming navigation-runtime-2.7.7.aar (androidx.navigation:navigation-runtime:2.7.7) with ExtractAarTransform
Transforming navigation-runtime-2.7.7.aar (androidx.navigation:navigation-runtime:2.7.7) with AarTransform
Transforming navigation-common-ktx-2.7.7.aar (androidx.navigation:navigation-common-ktx:2.7.7) with JetifyTransform
Transforming navigation-common-ktx-2.7.7.aar (androidx.navigation:navigation-common-ktx:2.7.7) with ExtractAarTransform
Transforming navigation-common-ktx-2.7.7.aar (androidx.navigation:navigation-common-ktx:2.7.7) with AarTransform
Transforming navigation-runtime-ktx-2.7.7.aar (androidx.navigation:navigation-runtime-ktx:2.7.7) with JetifyTransform
Transforming navigation-runtime-ktx-2.7.7.aar (androidx.navigation:navigation-runtime-ktx:2.7.7) with ExtractAarTransform
Transforming navigation-runtime-ktx-2.7.7.aar (androidx.navigation:navigation-runtime-ktx:2.7.7) with AarTransform
Transforming navigation-compose-2.7.7.aar (androidx.navigation:navigation-compose:2.7.7) with JetifyTransform
Transforming navigation-compose-2.7.7.aar (androidx.navigation:navigation-compose:2.7.7) with ExtractAarTransform
Transforming navigation-compose-2.7.7.aar (androidx.navigation:navigation-compose:2.7.7) with AarTransform
Transforming hilt-work-1.2.0.aar (androidx.hilt:hilt-work:1.2.0) with JetifyTransform
Transforming hilt-work-1.2.0.aar (androidx.hilt:hilt-work:1.2.0) with ExtractAarTransform
Transforming hilt-work-1.2.0.aar (androidx.hilt:hilt-work:1.2.0) with AarTransform
Transforming hilt-android-2.51.1.aar (com.google.dagger:hilt-android:2.51.1) with JetifyTransform
Transforming hilt-android-2.51.1.aar (com.google.dagger:hilt-android:2.51.1) with ExtractAarTransform
Transforming hilt-android-2.51.1.aar (com.google.dagger:hilt-android:2.51.1) with AarTransform
Transforming room-runtime-release.aar (androidx.room:room-runtime-android:2.7.2) with JetifyTransform
Transforming room-runtime-release.aar (androidx.room:room-runtime-android:2.7.2) with ExtractAarTransform
Transforming room-runtime-release.aar (androidx.room:room-runtime-android:2.7.2) with AarTransform
Transforming work-runtime-ktx-2.9.0.aar (androidx.work:work-runtime-ktx:2.9.0) with JetifyTransform
Transforming work-runtime-ktx-2.9.0.aar (androidx.work:work-runtime-ktx:2.9.0) with ExtractAarTransform
Transforming work-runtime-ktx-2.9.0.aar (androidx.work:work-runtime-ktx:2.9.0) with AarTransform
Transforming work-runtime-2.9.0.aar (androidx.work:work-runtime:2.9.0) with JetifyTransform
Transforming work-runtime-2.9.0.aar (androidx.work:work-runtime:2.9.0) with ExtractAarTransform
Transforming work-runtime-2.9.0.aar (androidx.work:work-runtime:2.9.0) with AarTransform
Transforming room-ktx-2.7.2.aar (androidx.room:room-ktx:2.7.2) with JetifyTransform
Transforming room-ktx-2.7.2.aar (androidx.room:room-ktx:2.7.2) with ExtractAarTransform
Transforming room-ktx-2.7.2.aar (androidx.room:room-ktx:2.7.2) with AarTransform
Transforming coil-compose-2.7.0.aar (io.coil-kt:coil-compose:2.7.0) with JetifyTransform
Transforming coil-compose-2.7.0.aar (io.coil-kt:coil-compose:2.7.0) with ExtractAarTransform
Transforming coil-compose-2.7.0.aar (io.coil-kt:coil-compose:2.7.0) with AarTransform
Transforming material-1.11.0.aar (com.google.android.material:material:1.11.0) with JetifyTransform
Transforming material-1.11.0.aar (com.google.android.material:material:1.11.0) with ExtractAarTransform
Transforming material-1.11.0.aar (com.google.android.material:material:1.11.0) with AarTransform
Transforming constraintlayout-2.0.1.aar (androidx.constraintlayout:constraintlayout:2.0.1) with JetifyTransform
Transforming constraintlayout-2.0.1.aar (androidx.constraintlayout:constraintlayout:2.0.1) with ExtractAarTransform
Transforming constraintlayout-2.0.1.aar (androidx.constraintlayout:constraintlayout:2.0.1) with AarTransform
Transforming coil-compose-base-2.7.0.aar (io.coil-kt:coil-compose-base:2.7.0) with JetifyTransform
Transforming coil-compose-base-2.7.0.aar (io.coil-kt:coil-compose-base:2.7.0) with ExtractAarTransform
Transforming coil-compose-base-2.7.0.aar (io.coil-kt:coil-compose-base:2.7.0) with AarTransform
Transforming coil-2.7.0.aar (io.coil-kt:coil:2.7.0) with JetifyTransform
Transforming coil-2.7.0.aar (io.coil-kt:coil:2.7.0) with ExtractAarTransform
Transforming coil-2.7.0.aar (io.coil-kt:coil:2.7.0) with AarTransform
Transforming coil-base-2.7.0.aar (io.coil-kt:coil-base:2.7.0) with JetifyTransform
Transforming coil-base-2.7.0.aar (io.coil-kt:coil-base:2.7.0) with ExtractAarTransform
Transforming coil-base-2.7.0.aar (io.coil-kt:coil-base:2.7.0) with AarTransform
Transforming appcompat-resources-1.6.1.aar (androidx.appcompat:appcompat-resources:1.6.1) with JetifyTransform
Transforming appcompat-resources-1.6.1.aar (androidx.appcompat:appcompat-resources:1.6.1) with ExtractAarTransform
Transforming appcompat-resources-1.6.1.aar (androidx.appcompat:appcompat-resources:1.6.1) with AarTransform
Transforming lottie-compose-6.4.1.aar (com.airbnb.android:lottie-compose:6.4.1) with JetifyTransform
Transforming lottie-compose-6.4.1.aar (com.airbnb.android:lottie-compose:6.4.1) with ExtractAarTransform
Transforming lottie-compose-6.4.1.aar (com.airbnb.android:lottie-compose:6.4.1) with AarTransform
Transforming lottie-6.4.1.aar (com.airbnb.android:lottie:6.4.1) with JetifyTransform
Transforming lottie-6.4.1.aar (com.airbnb.android:lottie:6.4.1) with ExtractAarTransform
Transforming lottie-6.4.1.aar (com.airbnb.android:lottie:6.4.1) with AarTransform
Transforming text-recognition-16.0.1.aar (com.google.mlkit:text-recognition:16.0.1) with JetifyTransform
Transforming text-recognition-16.0.1.aar (com.google.mlkit:text-recognition:16.0.1) with ExtractAarTransform
Transforming text-recognition-16.0.1.aar (com.google.mlkit:text-recognition:16.0.1) with AarTransform
Transforming play-services-mlkit-text-recognition-19.0.1.aar (com.google.android.gms:play-services-mlkit-text-recognition:19.0.1) with JetifyTransform
Transforming play-services-mlkit-text-recognition-19.0.1.aar (com.google.android.gms:play-services-mlkit-text-recognition:19.0.1) with ExtractAarTransform
Transforming play-services-mlkit-text-recognition-19.0.1.aar (com.google.android.gms:play-services-mlkit-text-recognition:19.0.1) with AarTransform
Transforming text-recognition-bundled-common-17.0.0.aar (com.google.mlkit:text-recognition-bundled-common:17.0.0) with JetifyTransform
Transforming text-recognition-bundled-common-17.0.0.aar (com.google.mlkit:text-recognition-bundled-common:17.0.0) with ExtractAarTransform
Transforming text-recognition-bundled-common-17.0.0.aar (com.google.mlkit:text-recognition-bundled-common:17.0.0) with AarTransform
Transforming play-services-mlkit-text-recognition-common-19.1.0.aar (com.google.android.gms:play-services-mlkit-text-recognition-common:19.1.0) with JetifyTransform
Transforming play-services-mlkit-text-recognition-common-19.1.0.aar (com.google.android.gms:play-services-mlkit-text-recognition-common:19.1.0) with ExtractAarTransform
Transforming play-services-mlkit-text-recognition-common-19.1.0.aar (com.google.android.gms:play-services-mlkit-text-recognition-common:19.1.0) with AarTransform
Transforming vision-common-17.3.0.aar (com.google.mlkit:vision-common:17.3.0) with JetifyTransform
Transforming vision-common-17.3.0.aar (com.google.mlkit:vision-common:17.3.0) with ExtractAarTransform
Transforming vision-common-17.3.0.aar (com.google.mlkit:vision-common:17.3.0) with AarTransform
Transforming vision-common-17.3.0.aar (com.google.mlkit:vision-common:17.3.0) with JetifyTransform
Transforming vision-common-17.3.0.aar (com.google.mlkit:vision-common:17.3.0) with ExtractAarTransform
Transforming vision-common-17.3.0.aar (com.google.mlkit:vision-common:17.3.0) with AarTransform
Transforming common-18.11.0.aar (com.google.mlkit:common:18.11.0) with JetifyTransform
Transforming common-18.11.0.aar (com.google.mlkit:common:18.11.0) with ExtractAarTransform
Transforming common-18.11.0.aar (com.google.mlkit:common:18.11.0) with AarTransform
Transforming common-18.11.0.aar (com.google.mlkit:common:18.11.0) with JetifyTransform
Transforming common-18.11.0.aar (com.google.mlkit:common:18.11.0) with ExtractAarTransform
Transforming common-18.11.0.aar (com.google.mlkit:common:18.11.0) with AarTransform
Transforming common-18.11.0.aar (com.google.mlkit:common:18.11.0) with JetifyTransform
Transforming common-18.11.0.aar (com.google.mlkit:common:18.11.0) with ExtractAarTransform
Transforming common-18.11.0.aar (com.google.mlkit:common:18.11.0) with AarTransform
Transforming common-18.11.0.aar (com.google.mlkit:common:18.11.0) with JetifyTransform
Transforming common-18.11.0.aar (com.google.mlkit:common:18.11.0) with ExtractAarTransform
Transforming common-18.11.0.aar (com.google.mlkit:common:18.11.0) with AarTransform
Transforming common-18.11.0.aar (com.google.mlkit:common:18.11.0) with JetifyTransform
Transforming common-18.11.0.aar (com.google.mlkit:common:18.11.0) with ExtractAarTransform
Transforming common-18.11.0.aar (com.google.mlkit:common:18.11.0) with AarTransform
Transforming appcompat-1.6.1.aar (androidx.appcompat:appcompat:1.6.1) with JetifyTransform
Transforming appcompat-1.6.1.aar (androidx.appcompat:appcompat:1.6.1) with ExtractAarTransform
Transforming appcompat-1.6.1.aar (androidx.appcompat:appcompat:1.6.1) with AarTransform
Transforming appcompat-1.6.1.aar (androidx.appcompat:appcompat:1.6.1) with JetifyTransform
Transforming appcompat-1.6.1.aar (androidx.appcompat:appcompat:1.6.1) with ExtractAarTransform
Transforming appcompat-1.6.1.aar (androidx.appcompat:appcompat:1.6.1) with AarTransform
Transforming glide-4.15.1.aar (com.github.bumptech.glide:glide:4.15.1) with JetifyTransform
Transforming glide-4.15.1.aar (com.github.bumptech.glide:glide:4.15.1) with ExtractAarTransform
Transforming glide-4.15.1.aar (com.github.bumptech.glide:glide:4.15.1) with AarTransform
Transforming viewpager2-1.0.0.aar (androidx.viewpager2:viewpager2:1.0.0) with JetifyTransform
Transforming viewpager2-1.0.0.aar (androidx.viewpager2:viewpager2:1.0.0) with ExtractAarTransform
Transforming viewpager2-1.0.0.aar (androidx.viewpager2:viewpager2:1.0.0) with AarTransform
Transforming pdfium-android-1.9.0.aar (com.github.barteksc:pdfium-android:1.9.0) with JetifyTransform
Transforming pdfium-android-1.9.0.aar (com.github.barteksc:pdfium-android:1.9.0) with ExtractAarTransform
Transforming pdfium-android-1.9.0.aar (com.github.barteksc:pdfium-android:1.9.0) with AarTransform
Transforming legacy-support-v4-1.0.0.aar (androidx.legacy:legacy-support-v4:1.0.0) with JetifyTransform
Transforming legacy-support-v4-1.0.0.aar (androidx.legacy:legacy-support-v4:1.0.0) with ExtractAarTransform
Transforming legacy-support-v4-1.0.0.aar (androidx.legacy:legacy-support-v4:1.0.0) with AarTransform
Transforming play-services-base-18.5.0.aar (com.google.android.gms:play-services-base:18.5.0) with JetifyTransform
Transforming play-services-base-18.5.0.aar (com.google.android.gms:play-services-base:18.5.0) with ExtractAarTransform
Transforming play-services-base-18.5.0.aar (com.google.android.gms:play-services-base:18.5.0) with AarTransform
Transforming play-services-base-18.5.0.aar (com.google.android.gms:play-services-base:18.5.0) with JetifyTransform
Transforming play-services-base-18.5.0.aar (com.google.android.gms:play-services-base:18.5.0) with ExtractAarTransform
Transforming play-services-base-18.5.0.aar (com.google.android.gms:play-services-base:18.5.0) with AarTransform
Transforming play-services-base-18.5.0.aar (com.google.android.gms:play-services-base:18.5.0) with JetifyTransform
Transforming play-services-base-18.5.0.aar (com.google.android.gms:play-services-base:18.5.0) with ExtractAarTransform
Transforming play-services-base-18.5.0.aar (com.google.android.gms:play-services-base:18.5.0) with AarTransform
Transforming play-services-base-18.5.0.aar (com.google.android.gms:play-services-base:18.5.0) with JetifyTransform
Transforming play-services-base-18.5.0.aar (com.google.android.gms:play-services-base:18.5.0) with ExtractAarTransform
Transforming play-services-base-18.5.0.aar (com.google.android.gms:play-services-base:18.5.0) with AarTransform
Transforming play-services-base-18.5.0.aar (com.google.android.gms:play-services-base:18.5.0) with JetifyTransform
Transforming play-services-base-18.5.0.aar (com.google.android.gms:play-services-base:18.5.0) with ExtractAarTransform
Transforming play-services-base-18.5.0.aar (com.google.android.gms:play-services-base:18.5.0) with AarTransform
Transforming play-services-base-18.5.0.aar (com.google.android.gms:play-services-base:18.5.0) with JetifyTransform
Transforming play-services-base-18.5.0.aar (com.google.android.gms:play-services-base:18.5.0) with ExtractAarTransform
Transforming play-services-base-18.5.0.aar (com.google.android.gms:play-services-base:18.5.0) with AarTransform
Transforming vision-interfaces-16.3.0.aar (com.google.mlkit:vision-interfaces:16.3.0) with JetifyTransform
Transforming vision-interfaces-16.3.0.aar (com.google.mlkit:vision-interfaces:16.3.0) with ExtractAarTransform
Transforming vision-interfaces-16.3.0.aar (com.google.mlkit:vision-interfaces:16.3.0) with AarTransform
Transforming play-services-tasks-18.2.0.aar (com.google.android.gms:play-services-tasks:18.2.0) with JetifyTransform
Transforming play-services-tasks-18.2.0.aar (com.google.android.gms:play-services-tasks:18.2.0) with ExtractAarTransform
Transforming play-services-tasks-18.2.0.aar (com.google.android.gms:play-services-tasks:18.2.0) with AarTransform
Transforming play-services-tasks-18.2.0.aar (com.google.android.gms:play-services-tasks:18.2.0) with JetifyTransform
Transforming play-services-tasks-18.2.0.aar (com.google.android.gms:play-services-tasks:18.2.0) with ExtractAarTransform
Transforming play-services-tasks-18.2.0.aar (com.google.android.gms:play-services-tasks:18.2.0) with AarTransform
Transforming play-services-tasks-18.2.0.aar (com.google.android.gms:play-services-tasks:18.2.0) with JetifyTransform
Transforming play-services-tasks-18.2.0.aar (com.google.android.gms:play-services-tasks:18.2.0) with ExtractAarTransform
Transforming play-services-tasks-18.2.0.aar (com.google.android.gms:play-services-tasks:18.2.0) with AarTransform
Transforming play-services-tasks-18.2.0.aar (com.google.android.gms:play-services-tasks:18.2.0) with JetifyTransform
Transforming play-services-tasks-18.2.0.aar (com.google.android.gms:play-services-tasks:18.2.0) with ExtractAarTransform
Transforming play-services-tasks-18.2.0.aar (com.google.android.gms:play-services-tasks:18.2.0) with AarTransform
Transforming play-services-tasks-18.2.0.aar (com.google.android.gms:play-services-tasks:18.2.0) with JetifyTransform
Transforming play-services-tasks-18.2.0.aar (com.google.android.gms:play-services-tasks:18.2.0) with ExtractAarTransform
Transforming play-services-tasks-18.2.0.aar (com.google.android.gms:play-services-tasks:18.2.0) with AarTransform
Transforming play-services-tasks-18.2.0.aar (com.google.android.gms:play-services-tasks:18.2.0) with JetifyTransform
Transforming play-services-tasks-18.2.0.aar (com.google.android.gms:play-services-tasks:18.2.0) with ExtractAarTransform
Transforming play-services-tasks-18.2.0.aar (com.google.android.gms:play-services-tasks:18.2.0) with AarTransform
Transforming play-services-basement-18.4.0.aar (com.google.android.gms:play-services-basement:18.4.0) with JetifyTransform
Transforming play-services-basement-18.4.0.aar (com.google.android.gms:play-services-basement:18.4.0) with ExtractAarTransform
Transforming play-services-basement-18.4.0.aar (com.google.android.gms:play-services-basement:18.4.0) with AarTransform
Transforming play-services-basement-18.4.0.aar (com.google.android.gms:play-services-basement:18.4.0) with JetifyTransform
Transforming play-services-basement-18.4.0.aar (com.google.android.gms:play-services-basement:18.4.0) with ExtractAarTransform
Transforming play-services-basement-18.4.0.aar (com.google.android.gms:play-services-basement:18.4.0) with AarTransform
Transforming play-services-basement-18.4.0.aar (com.google.android.gms:play-services-basement:18.4.0) with JetifyTransform
Transforming play-services-basement-18.4.0.aar (com.google.android.gms:play-services-basement:18.4.0) with ExtractAarTransform
Transforming play-services-basement-18.4.0.aar (com.google.android.gms:play-services-basement:18.4.0) with AarTransform
Transforming play-services-basement-18.4.0.aar (com.google.android.gms:play-services-basement:18.4.0) with JetifyTransform
Transforming play-services-basement-18.4.0.aar (com.google.android.gms:play-services-basement:18.4.0) with ExtractAarTransform
Transforming play-services-basement-18.4.0.aar (com.google.android.gms:play-services-basement:18.4.0) with AarTransform
Transforming play-services-basement-18.4.0.aar (com.google.android.gms:play-services-basement:18.4.0) with JetifyTransform
Transforming play-services-basement-18.4.0.aar (com.google.android.gms:play-services-basement:18.4.0) with ExtractAarTransform
Transforming play-services-basement-18.4.0.aar (com.google.android.gms:play-services-basement:18.4.0) with AarTransform
Transforming play-services-basement-18.4.0.aar (com.google.android.gms:play-services-basement:18.4.0) with JetifyTransform
Transforming play-services-basement-18.4.0.aar (com.google.android.gms:play-services-basement:18.4.0) with ExtractAarTransform
Transforming play-services-basement-18.4.0.aar (com.google.android.gms:play-services-basement:18.4.0) with AarTransform
Transforming play-services-basement-18.4.0.aar (com.google.android.gms:play-services-basement:18.4.0) with JetifyTransform
Transforming play-services-basement-18.4.0.aar (com.google.android.gms:play-services-basement:18.4.0) with ExtractAarTransform
Transforming play-services-basement-18.4.0.aar (com.google.android.gms:play-services-basement:18.4.0) with AarTransform
Transforming play-services-basement-18.4.0.aar (com.google.android.gms:play-services-basement:18.4.0) with JetifyTransform
Transforming play-services-basement-18.4.0.aar (com.google.android.gms:play-services-basement:18.4.0) with ExtractAarTransform
Transforming play-services-basement-18.4.0.aar (com.google.android.gms:play-services-basement:18.4.0) with AarTransform
Transforming play-services-basement-18.4.0.aar (com.google.android.gms:play-services-basement:18.4.0) with JetifyTransform
Transforming play-services-basement-18.4.0.aar (com.google.android.gms:play-services-basement:18.4.0) with ExtractAarTransform
Transforming play-services-basement-18.4.0.aar (com.google.android.gms:play-services-basement:18.4.0) with AarTransform
Transforming fragment-1.5.1.aar (androidx.fragment:fragment:1.5.1) with JetifyTransform
Transforming fragment-1.5.1.aar (androidx.fragment:fragment:1.5.1) with ExtractAarTransform
Transforming fragment-1.5.1.aar (androidx.fragment:fragment:1.5.1) with AarTransform
Transforming fragment-1.5.1.aar (androidx.fragment:fragment:1.5.1) with JetifyTransform
Transforming fragment-1.5.1.aar (androidx.fragment:fragment:1.5.1) with ExtractAarTransform
Transforming fragment-1.5.1.aar (androidx.fragment:fragment:1.5.1) with AarTransform
Transforming fragment-1.5.1.aar (androidx.fragment:fragment:1.5.1) with JetifyTransform
Transforming fragment-1.5.1.aar (androidx.fragment:fragment:1.5.1) with ExtractAarTransform
Transforming fragment-1.5.1.aar (androidx.fragment:fragment:1.5.1) with AarTransform
Transforming fragment-1.5.1.aar (androidx.fragment:fragment:1.5.1) with JetifyTransform
Transforming fragment-1.5.1.aar (androidx.fragment:fragment:1.5.1) with ExtractAarTransform
Transforming fragment-1.5.1.aar (androidx.fragment:fragment:1.5.1) with AarTransform
Transforming fragment-1.5.1.aar (androidx.fragment:fragment:1.5.1) with JetifyTransform
Transforming fragment-1.5.1.aar (androidx.fragment:fragment:1.5.1) with ExtractAarTransform
Transforming fragment-1.5.1.aar (androidx.fragment:fragment:1.5.1) with AarTransform
Transforming material3-window-size-class-release.aar (androidx.compose.material3:material3-window-size-class-android:1.2.1) with JetifyTransform
Transforming material3-window-size-class-release.aar (androidx.compose.material3:material3-window-size-class-android:1.2.1) with ExtractAarTransform
Transforming material3-window-size-class-release.aar (androidx.compose.material3:material3-window-size-class-android:1.2.1) with AarTransform
Transforming material3-release.aar (androidx.compose.material3:material3-android:1.2.1) with JetifyTransform
Transforming material3-release.aar (androidx.compose.material3:material3-android:1.2.1) with ExtractAarTransform
Transforming material3-release.aar (androidx.compose.material3:material3-android:1.2.1) with AarTransform
Transforming palette-1.0.0.aar (androidx.palette:palette:1.0.0) with JetifyTransform
Transforming palette-1.0.0.aar (androidx.palette:palette:1.0.0) with ExtractAarTransform
Transforming palette-1.0.0.aar (androidx.palette:palette:1.0.0) with AarTransform
Transforming dynamicanimation-1.0.0.aar (androidx.dynamicanimation:dynamicanimation:1.0.0) with JetifyTransform
Transforming dynamicanimation-1.0.0.aar (androidx.dynamicanimation:dynamicanimation:1.0.0) with ExtractAarTransform
Transforming dynamicanimation-1.0.0.aar (androidx.dynamicanimation:dynamicanimation:1.0.0) with AarTransform
Transforming legacy-support-core-ui-1.0.0.aar (androidx.legacy:legacy-support-core-ui:1.0.0) with JetifyTransform
Transforming legacy-support-core-ui-1.0.0.aar (androidx.legacy:legacy-support-core-ui:1.0.0) with ExtractAarTransform
Transforming legacy-support-core-ui-1.0.0.aar (androidx.legacy:legacy-support-core-ui:1.0.0) with AarTransform
Transforming legacy-support-core-utils-1.0.0.aar (androidx.legacy:legacy-support-core-utils:1.0.0) with JetifyTransform
Transforming legacy-support-core-utils-1.0.0.aar (androidx.legacy:legacy-support-core-utils:1.0.0) with ExtractAarTransform
Transforming legacy-support-core-utils-1.0.0.aar (androidx.legacy:legacy-support-core-utils:1.0.0) with AarTransform
Transforming legacy-support-core-utils-1.0.0.aar (androidx.legacy:legacy-support-core-utils:1.0.0) with JetifyTransform
Transforming legacy-support-core-utils-1.0.0.aar (androidx.legacy:legacy-support-core-utils:1.0.0) with ExtractAarTransform
Transforming legacy-support-core-utils-1.0.0.aar (androidx.legacy:legacy-support-core-utils:1.0.0) with AarTransform
Transforming legacy-support-core-utils-1.0.0.aar (androidx.legacy:legacy-support-core-utils:1.0.0) with JetifyTransform
Transforming legacy-support-core-utils-1.0.0.aar (androidx.legacy:legacy-support-core-utils:1.0.0) with ExtractAarTransform
Transforming legacy-support-core-utils-1.0.0.aar (androidx.legacy:legacy-support-core-utils:1.0.0) with AarTransform
Transforming legacy-support-core-utils-1.0.0.aar (androidx.legacy:legacy-support-core-utils:1.0.0) with JetifyTransform
Transforming legacy-support-core-utils-1.0.0.aar (androidx.legacy:legacy-support-core-utils:1.0.0) with ExtractAarTransform
Transforming legacy-support-core-utils-1.0.0.aar (androidx.legacy:legacy-support-core-utils:1.0.0) with AarTransform
Transforming loader-1.0.0.aar (androidx.loader:loader:1.0.0) with JetifyTransform
Transforming loader-1.0.0.aar (androidx.loader:loader:1.0.0) with ExtractAarTransform
Transforming loader-1.0.0.aar (androidx.loader:loader:1.0.0) with AarTransform
Transforming loader-1.0.0.aar (androidx.loader:loader:1.0.0) with JetifyTransform
Transforming loader-1.0.0.aar (androidx.loader:loader:1.0.0) with ExtractAarTransform
Transforming loader-1.0.0.aar (androidx.loader:loader:1.0.0) with AarTransform
Transforming accompanist-permissions-0.37.3.aar (com.google.accompanist:accompanist-permissions:0.37.3) with JetifyTransform
Transforming accompanist-permissions-0.37.3.aar (com.google.accompanist:accompanist-permissions:0.37.3) with ExtractAarTransform
Transforming accompanist-permissions-0.37.3.aar (com.google.accompanist:accompanist-permissions:0.37.3) with AarTransform
Transforming constraintlayout-compose-1.0.1.aar (androidx.constraintlayout:constraintlayout-compose:1.0.1) with JetifyTransform
Transforming constraintlayout-compose-1.0.1.aar (androidx.constraintlayout:constraintlayout-compose:1.0.1) with ExtractAarTransform
Transforming constraintlayout-compose-1.0.1.aar (androidx.constraintlayout:constraintlayout-compose:1.0.1) with AarTransform
Transforming accompanist-systemuicontroller-0.34.0.aar (com.google.accompanist:accompanist-systemuicontroller:0.34.0) with JetifyTransform
Transforming accompanist-systemuicontroller-0.34.0.aar (com.google.accompanist:accompanist-systemuicontroller:0.34.0) with ExtractAarTransform
Transforming accompanist-systemuicontroller-0.34.0.aar (com.google.accompanist:accompanist-systemuicontroller:0.34.0) with AarTransform
Transforming accompanist-adaptive-0.34.0.aar (com.google.accompanist:accompanist-adaptive:0.34.0) with JetifyTransform
Transforming accompanist-adaptive-0.34.0.aar (com.google.accompanist:accompanist-adaptive:0.34.0) with ExtractAarTransform
Transforming accompanist-adaptive-0.34.0.aar (com.google.accompanist:accompanist-adaptive:0.34.0) with AarTransform
Transforming accompanist-drawablepainter-0.32.0.aar (com.google.accompanist:accompanist-drawablepainter:0.32.0) with JetifyTransform
Transforming accompanist-drawablepainter-0.32.0.aar (com.google.accompanist:accompanist-drawablepainter:0.32.0) with ExtractAarTransform
Transforming accompanist-drawablepainter-0.32.0.aar (com.google.accompanist:accompanist-drawablepainter:0.32.0) with AarTransform
Transforming material-ripple-release.aar (androidx.compose.material:material-ripple-android:1.6.8) with JetifyTransform
Transforming material-ripple-release.aar (androidx.compose.material:material-ripple-android:1.6.8) with ExtractAarTransform
Transforming material-ripple-release.aar (androidx.compose.material:material-ripple-android:1.6.8) with AarTransform
Transforming ui-tooling-data-release.aar (androidx.compose.ui:ui-tooling-data-android:1.7.8) with JetifyTransform
Transforming ui-tooling-data-release.aar (androidx.compose.ui:ui-tooling-data-android:1.7.8) with ExtractAarTransform
Transforming ui-tooling-data-release.aar (androidx.compose.ui:ui-tooling-data-android:1.7.8) with AarTransform
Transforming ui-tooling-preview-release.aar (androidx.compose.ui:ui-tooling-preview-android:1.7.8) with JetifyTransform
Transforming ui-tooling-preview-release.aar (androidx.compose.ui:ui-tooling-preview-android:1.7.8) with ExtractAarTransform
Transforming ui-tooling-preview-release.aar (androidx.compose.ui:ui-tooling-preview-android:1.7.8) with AarTransform
Transforming animation-core-release.aar (androidx.compose.animation:animation-core-android:1.7.8) with JetifyTransform
Transforming animation-core-release.aar (androidx.compose.animation:animation-core-android:1.7.8) with ExtractAarTransform
Transforming animation-core-release.aar (androidx.compose.animation:animation-core-android:1.7.8) with AarTransform
Transforming animation-release.aar (androidx.compose.animation:animation-android:1.7.8) with JetifyTransform
Transforming animation-release.aar (androidx.compose.animation:animation-android:1.7.8) with ExtractAarTransform
Transforming animation-release.aar (androidx.compose.animation:animation-android:1.7.8) with AarTransform
Transforming foundation-layout-release.aar (androidx.compose.foundation:foundation-layout-android:1.7.8) with JetifyTransform
Transforming foundation-layout-release.aar (androidx.compose.foundation:foundation-layout-android:1.7.8) with ExtractAarTransform
Transforming foundation-layout-release.aar (androidx.compose.foundation:foundation-layout-android:1.7.8) with AarTransform
Transforming foundation-release.aar (androidx.compose.foundation:foundation-android:1.7.8) with JetifyTransform
Transforming foundation-release.aar (androidx.compose.foundation:foundation-android:1.7.8) with ExtractAarTransform
Transforming foundation-release.aar (androidx.compose.foundation:foundation-android:1.7.8) with AarTransform
Transforming ui-util-release.aar (androidx.compose.ui:ui-util-android:1.7.8) with JetifyTransform
Transforming ui-util-release.aar (androidx.compose.ui:ui-util-android:1.7.8) with ExtractAarTransform
Transforming ui-util-release.aar (androidx.compose.ui:ui-util-android:1.7.8) with AarTransform
Transforming ui-unit-release.aar (androidx.compose.ui:ui-unit-android:1.7.8) with JetifyTransform
Transforming ui-unit-release.aar (androidx.compose.ui:ui-unit-android:1.7.8) with ExtractAarTransform
Transforming ui-unit-release.aar (androidx.compose.ui:ui-unit-android:1.7.8) with AarTransform
Transforming ui-text-release.aar (androidx.compose.ui:ui-text-android:1.7.8) with JetifyTransform
Transforming ui-text-release.aar (androidx.compose.ui:ui-text-android:1.7.8) with ExtractAarTransform
Transforming ui-text-release.aar (androidx.compose.ui:ui-text-android:1.7.8) with AarTransform
Transforming ui-graphics-release.aar (androidx.compose.ui:ui-graphics-android:1.7.8) with JetifyTransform
Transforming ui-graphics-release.aar (androidx.compose.ui:ui-graphics-android:1.7.8) with ExtractAarTransform
Transforming ui-graphics-release.aar (androidx.compose.ui:ui-graphics-android:1.7.8) with AarTransform
Transforming ui-geometry-release.aar (androidx.compose.ui:ui-geometry-android:1.7.8) with JetifyTransform
Transforming ui-geometry-release.aar (androidx.compose.ui:ui-geometry-android:1.7.8) with ExtractAarTransform
Transforming ui-geometry-release.aar (androidx.compose.ui:ui-geometry-android:1.7.8) with AarTransform
Transforming ui-test-manifest-1.7.8.aar (androidx.compose.ui:ui-test-manifest:1.7.8) with JetifyTransform
Transforming ui-test-manifest-1.7.8.aar (androidx.compose.ui:ui-test-manifest:1.7.8) with ExtractAarTransform
Transforming ui-test-manifest-1.7.8.aar (androidx.compose.ui:ui-test-manifest:1.7.8) with AarTransform
Transforming ui-tooling-release.aar (androidx.compose.ui:ui-tooling-android:1.7.8) with JetifyTransform
Transforming ui-tooling-release.aar (androidx.compose.ui:ui-tooling-android:1.7.8) with ExtractAarTransform
Transforming ui-tooling-release.aar (androidx.compose.ui:ui-tooling-android:1.7.8) with AarTransform
Transforming material-release.aar (androidx.compose.material:material-android:1.6.8) with JetifyTransform
Transforming material-release.aar (androidx.compose.material:material-android:1.6.8) with ExtractAarTransform
Transforming material-release.aar (androidx.compose.material:material-android:1.6.8) with AarTransform
Transforming material-icons-extended-release.aar (androidx.compose.material:material-icons-extended-android:1.6.8) with JetifyTransform
Transforming material-icons-extended-release.aar (androidx.compose.material:material-icons-extended-android:1.6.8) with ExtractAarTransform
Transforming material-icons-extended-release.aar (androidx.compose.material:material-icons-extended-android:1.6.8) with AarTransform
Transforming material-icons-core-release.aar (androidx.compose.material:material-icons-core-android:1.6.8) with JetifyTransform
Transforming material-icons-core-release.aar (androidx.compose.material:material-icons-core-android:1.6.8) with ExtractAarTransform
Transforming material-icons-core-release.aar (androidx.compose.material:material-icons-core-android:1.6.8) with AarTransform
Transforming ui-release.aar (androidx.compose.ui:ui-android:1.7.8) with JetifyTransform
Transforming ui-release.aar (androidx.compose.ui:ui-android:1.7.8) with ExtractAarTransform
Transforming ui-release.aar (androidx.compose.ui:ui-android:1.7.8) with AarTransform
Transforming activity-1.9.0.aar (androidx.activity:activity:1.9.0) with JetifyTransform
Transforming activity-1.9.0.aar (androidx.activity:activity:1.9.0) with ExtractAarTransform
Transforming activity-1.9.0.aar (androidx.activity:activity:1.9.0) with AarTransform
Transforming activity-ktx-1.9.0.aar (androidx.activity:activity-ktx:1.9.0) with JetifyTransform
Transforming activity-ktx-1.9.0.aar (androidx.activity:activity-ktx:1.9.0) with ExtractAarTransform
Transforming activity-ktx-1.9.0.aar (androidx.activity:activity-ktx:1.9.0) with AarTransform
Transforming activity-compose-1.9.0.aar (androidx.activity:activity-compose:1.9.0) with JetifyTransform
Transforming activity-compose-1.9.0.aar (androidx.activity:activity-compose:1.9.0) with ExtractAarTransform
Transforming activity-compose-1.9.0.aar (androidx.activity:activity-compose:1.9.0) with AarTransform
Transforming emoji2-views-helper-1.3.0.aar (androidx.emoji2:emoji2-views-helper:1.3.0) with JetifyTransform
Transforming emoji2-views-helper-1.3.0.aar (androidx.emoji2:emoji2-views-helper:1.3.0) with ExtractAarTransform
Transforming emoji2-views-helper-1.3.0.aar (androidx.emoji2:emoji2-views-helper:1.3.0) with AarTransform
Transforming emoji2-1.3.0.aar (androidx.emoji2:emoji2:1.3.0) with JetifyTransform
Transforming emoji2-1.3.0.aar (androidx.emoji2:emoji2:1.3.0) with ExtractAarTransform
Transforming emoji2-1.3.0.aar (androidx.emoji2:emoji2:1.3.0) with AarTransform
Transforming lifecycle-process-2.9.1.aar (androidx.lifecycle:lifecycle-process:2.9.1) with JetifyTransform
Transforming lifecycle-process-2.9.1.aar (androidx.lifecycle:lifecycle-process:2.9.1) with ExtractAarTransform
Transforming lifecycle-process-2.9.1.aar (androidx.lifecycle:lifecycle-process:2.9.1) with AarTransform
Transforming lifecycle-livedata-core-ktx-2.9.1.aar (androidx.lifecycle:lifecycle-livedata-core-ktx:2.9.1) with JetifyTransform
Transforming lifecycle-livedata-core-ktx-2.9.1.aar (androidx.lifecycle:lifecycle-livedata-core-ktx:2.9.1) with ExtractAarTransform
Transforming lifecycle-livedata-core-ktx-2.9.1.aar (androidx.lifecycle:lifecycle-livedata-core-ktx:2.9.1) with AarTransform
Transforming lifecycle-service-2.9.1.aar (androidx.lifecycle:lifecycle-service:2.9.1) with JetifyTransform
Transforming lifecycle-service-2.9.1.aar (androidx.lifecycle:lifecycle-service:2.9.1) with ExtractAarTransform
Transforming lifecycle-service-2.9.1.aar (androidx.lifecycle:lifecycle-service:2.9.1) with AarTransform
Transforming lifecycle-livedata-2.9.1.aar (androidx.lifecycle:lifecycle-livedata:2.9.1) with JetifyTransform
Transforming lifecycle-livedata-2.9.1.aar (androidx.lifecycle:lifecycle-livedata:2.9.1) with ExtractAarTransform
Transforming lifecycle-livedata-2.9.1.aar (androidx.lifecycle:lifecycle-livedata:2.9.1) with AarTransform
Transforming lifecycle-livedata-2.9.1.aar (androidx.lifecycle:lifecycle-livedata:2.9.1) with JetifyTransform
Transforming lifecycle-livedata-2.9.1.aar (androidx.lifecycle:lifecycle-livedata:2.9.1) with ExtractAarTransform
Transforming lifecycle-livedata-2.9.1.aar (androidx.lifecycle:lifecycle-livedata:2.9.1) with AarTransform
Transforming lifecycle-viewmodel-ktx-2.9.1.aar (androidx.lifecycle:lifecycle-viewmodel-ktx:2.9.1) with JetifyTransform
Transforming lifecycle-viewmodel-ktx-2.9.1.aar (androidx.lifecycle:lifecycle-viewmodel-ktx:2.9.1) with ExtractAarTransform
Transforming lifecycle-viewmodel-ktx-2.9.1.aar (androidx.lifecycle:lifecycle-viewmodel-ktx:2.9.1) with AarTransform
Transforming lifecycle-viewmodel-savedstate-release.aar (androidx.lifecycle:lifecycle-viewmodel-savedstate-android:2.9.1) with JetifyTransform
Transforming lifecycle-viewmodel-savedstate-release.aar (androidx.lifecycle:lifecycle-viewmodel-savedstate-android:2.9.1) with ExtractAarTransform
Transforming lifecycle-viewmodel-savedstate-release.aar (androidx.lifecycle:lifecycle-viewmodel-savedstate-android:2.9.1) with AarTransform
Transforming lifecycle-viewmodel-2.9.1.aar (androidx.lifecycle:lifecycle-viewmodel:2.9.1) with JetifyTransform
Transforming lifecycle-viewmodel-2.9.1.aar (androidx.lifecycle:lifecycle-viewmodel:2.9.1) with ExtractAarTransform
Transforming lifecycle-viewmodel-2.9.1.aar (androidx.lifecycle:lifecycle-viewmodel:2.9.1) with AarTransform
Transforming lifecycle-viewmodel-release.aar (androidx.lifecycle:lifecycle-viewmodel-android:2.9.1) with JetifyTransform
Transforming lifecycle-viewmodel-release.aar (androidx.lifecycle:lifecycle-viewmodel-android:2.9.1) with ExtractAarTransform
Transforming lifecycle-viewmodel-release.aar (androidx.lifecycle:lifecycle-viewmodel-android:2.9.1) with AarTransform
Transforming savedstate-ktx-1.3.0.aar (androidx.savedstate:savedstate-ktx:1.3.0) with JetifyTransform
Transforming savedstate-ktx-1.3.0.aar (androidx.savedstate:savedstate-ktx:1.3.0) with ExtractAarTransform
Transforming savedstate-ktx-1.3.0.aar (androidx.savedstate:savedstate-ktx:1.3.0) with AarTransform
Transforming savedstate-release.aar (androidx.savedstate:savedstate-android:1.3.0) with JetifyTransform
Transforming savedstate-release.aar (androidx.savedstate:savedstate-android:1.3.0) with ExtractAarTransform
Transforming savedstate-release.aar (androidx.savedstate:savedstate-android:1.3.0) with AarTransform
Transforming media3-ui-1.4.1.aar (androidx.media3:media3-ui:1.4.1) with JetifyTransform
Transforming media3-ui-1.4.1.aar (androidx.media3:media3-ui:1.4.1) with ExtractAarTransform
Transforming media3-ui-1.4.1.aar (androidx.media3:media3-ui:1.4.1) with AarTransform
Transforming media3-session-1.4.1.aar (androidx.media3:media3-session:1.4.1) with JetifyTransform
Transforming media3-session-1.4.1.aar (androidx.media3:media3-session:1.4.1) with ExtractAarTransform
Transforming media3-session-1.4.1.aar (androidx.media3:media3-session:1.4.1) with AarTransform
Transforming media3-extractor-1.4.1.aar (androidx.media3:media3-extractor:1.4.1) with JetifyTransform
Transforming media3-extractor-1.4.1.aar (androidx.media3:media3-extractor:1.4.1) with ExtractAarTransform
Transforming media3-extractor-1.4.1.aar (androidx.media3:media3-extractor:1.4.1) with AarTransform
Transforming media3-container-1.4.1.aar (androidx.media3:media3-container:1.4.1) with JetifyTransform
Transforming media3-container-1.4.1.aar (androidx.media3:media3-container:1.4.1) with ExtractAarTransform
Transforming media3-container-1.4.1.aar (androidx.media3:media3-container:1.4.1) with AarTransform
Transforming media3-datasource-1.4.1.aar (androidx.media3:media3-datasource:1.4.1) with JetifyTransform
Transforming media3-datasource-1.4.1.aar (androidx.media3:media3-datasource:1.4.1) with ExtractAarTransform
Transforming media3-datasource-1.4.1.aar (androidx.media3:media3-datasource:1.4.1) with AarTransform
Transforming media3-decoder-1.4.1.aar (androidx.media3:media3-decoder:1.4.1) with JetifyTransform
Transforming media3-decoder-1.4.1.aar (androidx.media3:media3-decoder:1.4.1) with ExtractAarTransform
Transforming media3-decoder-1.4.1.aar (androidx.media3:media3-decoder:1.4.1) with AarTransform
Transforming media3-database-1.4.1.aar (androidx.media3:media3-database:1.4.1) with JetifyTransform
Transforming media3-database-1.4.1.aar (androidx.media3:media3-database:1.4.1) with ExtractAarTransform
Transforming media3-database-1.4.1.aar (androidx.media3:media3-database:1.4.1) with AarTransform
Transforming media3-common-1.4.1.aar (androidx.media3:media3-common:1.4.1) with JetifyTransform
Transforming media3-common-1.4.1.aar (androidx.media3:media3-common:1.4.1) with ExtractAarTransform
Transforming media3-common-1.4.1.aar (androidx.media3:media3-common:1.4.1) with AarTransform
Transforming media3-exoplayer-1.4.1.aar (androidx.media3:media3-exoplayer:1.4.1) with JetifyTransform
Transforming media3-exoplayer-1.4.1.aar (androidx.media3:media3-exoplayer:1.4.1) with ExtractAarTransform
Transforming media3-exoplayer-1.4.1.aar (androidx.media3:media3-exoplayer:1.4.1) with AarTransform
Transforming coordinatorlayout-1.1.0.aar (androidx.coordinatorlayout:coordinatorlayout:1.1.0) with JetifyTransform
Transforming coordinatorlayout-1.1.0.aar (androidx.coordinatorlayout:coordinatorlayout:1.1.0) with ExtractAarTransform
Transforming coordinatorlayout-1.1.0.aar (androidx.coordinatorlayout:coordinatorlayout:1.1.0) with AarTransform
Transforming coordinatorlayout-1.1.0.aar (androidx.coordinatorlayout:coordinatorlayout:1.1.0) with JetifyTransform
Transforming coordinatorlayout-1.1.0.aar (androidx.coordinatorlayout:coordinatorlayout:1.1.0) with ExtractAarTransform
Transforming coordinatorlayout-1.1.0.aar (androidx.coordinatorlayout:coordinatorlayout:1.1.0) with AarTransform
Transforming drawerlayout-1.1.1.aar (androidx.drawerlayout:drawerlayout:1.1.1) with JetifyTransform
Transforming drawerlayout-1.1.1.aar (androidx.drawerlayout:drawerlayout:1.1.1) with ExtractAarTransform
Transforming drawerlayout-1.1.1.aar (androidx.drawerlayout:drawerlayout:1.1.1) with AarTransform
Transforming drawerlayout-1.1.1.aar (androidx.drawerlayout:drawerlayout:1.1.1) with JetifyTransform
Transforming drawerlayout-1.1.1.aar (androidx.drawerlayout:drawerlayout:1.1.1) with ExtractAarTransform
Transforming drawerlayout-1.1.1.aar (androidx.drawerlayout:drawerlayout:1.1.1) with AarTransform
Transforming transition-1.2.0.aar (androidx.transition:transition:1.2.0) with JetifyTransform
Transforming transition-1.2.0.aar (androidx.transition:transition:1.2.0) with ExtractAarTransform
Transforming transition-1.2.0.aar (androidx.transition:transition:1.2.0) with AarTransform
Transforming vectordrawable-animated-1.1.0.aar (androidx.vectordrawable:vectordrawable-animated:1.1.0) with JetifyTransform
Transforming vectordrawable-animated-1.1.0.aar (androidx.vectordrawable:vectordrawable-animated:1.1.0) with ExtractAarTransform
Transforming vectordrawable-animated-1.1.0.aar (androidx.vectordrawable:vectordrawable-animated:1.1.0) with AarTransform
Transforming vectordrawable-1.1.0.aar (androidx.vectordrawable:vectordrawable:1.1.0) with JetifyTransform
Transforming vectordrawable-1.1.0.aar (androidx.vectordrawable:vectordrawable:1.1.0) with ExtractAarTransform
Transforming vectordrawable-1.1.0.aar (androidx.vectordrawable:vectordrawable:1.1.0) with AarTransform
Transforming vectordrawable-1.1.0.aar (androidx.vectordrawable:vectordrawable:1.1.0) with JetifyTransform
Transforming vectordrawable-1.1.0.aar (androidx.vectordrawable:vectordrawable:1.1.0) with ExtractAarTransform
Transforming vectordrawable-1.1.0.aar (androidx.vectordrawable:vectordrawable:1.1.0) with AarTransform
Transforming recyclerview-1.3.0.aar (androidx.recyclerview:recyclerview:1.3.0) with JetifyTransform
Transforming recyclerview-1.3.0.aar (androidx.recyclerview:recyclerview:1.3.0) with ExtractAarTransform
Transforming recyclerview-1.3.0.aar (androidx.recyclerview:recyclerview:1.3.0) with AarTransform
Transforming recyclerview-1.3.0.aar (androidx.recyclerview:recyclerview:1.3.0) with JetifyTransform
Transforming recyclerview-1.3.0.aar (androidx.recyclerview:recyclerview:1.3.0) with ExtractAarTransform
Transforming recyclerview-1.3.0.aar (androidx.recyclerview:recyclerview:1.3.0) with AarTransform
Transforming media-1.7.0.aar (androidx.media:media:1.7.0) with JetifyTransform
Transforming media-1.7.0.aar (androidx.media:media:1.7.0) with ExtractAarTransform
Transforming media-1.7.0.aar (androidx.media:media:1.7.0) with AarTransform
Transforming media-1.7.0.aar (androidx.media:media:1.7.0) with JetifyTransform
Transforming media-1.7.0.aar (androidx.media:media:1.7.0) with ExtractAarTransform
Transforming media-1.7.0.aar (androidx.media:media:1.7.0) with AarTransform
Transforming viewpager-1.0.0.aar (androidx.viewpager:viewpager:1.0.0) with JetifyTransform
Transforming viewpager-1.0.0.aar (androidx.viewpager:viewpager:1.0.0) with ExtractAarTransform
Transforming viewpager-1.0.0.aar (androidx.viewpager:viewpager:1.0.0) with AarTransform
Transforming viewpager-1.0.0.aar (androidx.viewpager:viewpager:1.0.0) with JetifyTransform
Transforming viewpager-1.0.0.aar (androidx.viewpager:viewpager:1.0.0) with ExtractAarTransform
Transforming viewpager-1.0.0.aar (androidx.viewpager:viewpager:1.0.0) with AarTransform
Transforming window-1.0.0.aar (androidx.window:window:1.0.0) with JetifyTransform
Transforming window-1.0.0.aar (androidx.window:window:1.0.0) with ExtractAarTransform
Transforming window-1.0.0.aar (androidx.window:window:1.0.0) with AarTransform
Transforming slidingpanelayout-1.0.0.aar (androidx.slidingpanelayout:slidingpanelayout:1.0.0) with JetifyTransform
Transforming slidingpanelayout-1.0.0.aar (androidx.slidingpanelayout:slidingpanelayout:1.0.0) with ExtractAarTransform
Transforming slidingpanelayout-1.0.0.aar (androidx.slidingpanelayout:slidingpanelayout:1.0.0) with AarTransform
Transforming customview-1.1.0.aar (androidx.customview:customview:1.1.0) with JetifyTransform
Transforming customview-1.1.0.aar (androidx.customview:customview:1.1.0) with ExtractAarTransform
Transforming customview-1.1.0.aar (androidx.customview:customview:1.1.0) with AarTransform
Transforming customview-1.1.0.aar (androidx.customview:customview:1.1.0) with JetifyTransform
Transforming customview-1.1.0.aar (androidx.customview:customview:1.1.0) with ExtractAarTransform
Transforming customview-1.1.0.aar (androidx.customview:customview:1.1.0) with AarTransform
Transforming customview-1.1.0.aar (androidx.customview:customview:1.1.0) with JetifyTransform
Transforming customview-1.1.0.aar (androidx.customview:customview:1.1.0) with ExtractAarTransform
Transforming customview-1.1.0.aar (androidx.customview:customview:1.1.0) with AarTransform
Transforming customview-1.1.0.aar (androidx.customview:customview:1.1.0) with JetifyTransform
Transforming customview-1.1.0.aar (androidx.customview:customview:1.1.0) with ExtractAarTransform
Transforming customview-1.1.0.aar (androidx.customview:customview:1.1.0) with AarTransform
Transforming customview-1.1.0.aar (androidx.customview:customview:1.1.0) with JetifyTransform
Transforming customview-1.1.0.aar (androidx.customview:customview:1.1.0) with ExtractAarTransform
Transforming customview-1.1.0.aar (androidx.customview:customview:1.1.0) with AarTransform
Transforming customview-1.1.0.aar (androidx.customview:customview:1.1.0) with JetifyTransform
Transforming customview-1.1.0.aar (androidx.customview:customview:1.1.0) with ExtractAarTransform
Transforming customview-1.1.0.aar (androidx.customview:customview:1.1.0) with AarTransform
Transforming swiperefreshlayout-1.0.0.aar (androidx.swiperefreshlayout:swiperefreshlayout:1.0.0) with JetifyTransform
Transforming swiperefreshlayout-1.0.0.aar (androidx.swiperefreshlayout:swiperefreshlayout:1.0.0) with ExtractAarTransform
Transforming swiperefreshlayout-1.0.0.aar (androidx.swiperefreshlayout:swiperefreshlayout:1.0.0) with AarTransform
Transforming asynclayoutinflater-1.0.0.aar (androidx.asynclayoutinflater:asynclayoutinflater:1.0.0) with JetifyTransform
Transforming asynclayoutinflater-1.0.0.aar (androidx.asynclayoutinflater:asynclayoutinflater:1.0.0) with ExtractAarTransform
Transforming asynclayoutinflater-1.0.0.aar (androidx.asynclayoutinflater:asynclayoutinflater:1.0.0) with AarTransform
Transforming autofill-1.0.0.aar (androidx.autofill:autofill:1.0.0) with JetifyTransform
Transforming autofill-1.0.0.aar (androidx.autofill:autofill:1.0.0) with ExtractAarTransform
Transforming autofill-1.0.0.aar (androidx.autofill:autofill:1.0.0) with AarTransform
Transforming customview-poolingcontainer-1.0.0.aar (androidx.customview:customview-poolingcontainer:1.0.0) with JetifyTransform
Transforming customview-poolingcontainer-1.0.0.aar (androidx.customview:customview-poolingcontainer:1.0.0) with ExtractAarTransform
Transforming customview-poolingcontainer-1.0.0.aar (androidx.customview:customview-poolingcontainer:1.0.0) with AarTransform
Transforming core-ktx-1.13.1.aar (androidx.core:core-ktx:1.13.1) with JetifyTransform
Transforming core-ktx-1.13.1.aar (androidx.core:core-ktx:1.13.1) with ExtractAarTransform
Transforming core-ktx-1.13.1.aar (androidx.core:core-ktx:1.13.1) with AarTransform
Transforming graphics-path-1.0.1.aar (androidx.graphics:graphics-path:1.0.1) with JetifyTransform
Transforming graphics-path-1.0.1.aar (androidx.graphics:graphics-path:1.0.1) with ExtractAarTransform
Transforming graphics-path-1.0.1.aar (androidx.graphics:graphics-path:1.0.1) with AarTransform
Transforming core-1.13.1.aar (androidx.core:core:1.13.1) with JetifyTransform
Transforming core-1.13.1.aar (androidx.core:core:1.13.1) with ExtractAarTransform
Transforming core-1.13.1.aar (androidx.core:core:1.13.1) with AarTransform
Transforming core-1.13.1.aar (androidx.core:core:1.13.1) with JetifyTransform
Transforming core-1.13.1.aar (androidx.core:core:1.13.1) with ExtractAarTransform
Transforming core-1.13.1.aar (androidx.core:core:1.13.1) with AarTransform
Transforming core-1.13.1.aar (androidx.core:core:1.13.1) with JetifyTransform
Transforming core-1.13.1.aar (androidx.core:core:1.13.1) with ExtractAarTransform
Transforming core-1.13.1.aar (androidx.core:core:1.13.1) with AarTransform
Transforming core-1.13.1.aar (androidx.core:core:1.13.1) with JetifyTransform
Transforming core-1.13.1.aar (androidx.core:core:1.13.1) with ExtractAarTransform
Transforming core-1.13.1.aar (androidx.core:core:1.13.1) with AarTransform
Transforming core-1.13.1.aar (androidx.core:core:1.13.1) with JetifyTransform
Transforming core-1.13.1.aar (androidx.core:core:1.13.1) with ExtractAarTransform
Transforming core-1.13.1.aar (androidx.core:core:1.13.1) with AarTransform
Transforming core-1.13.1.aar (androidx.core:core:1.13.1) with JetifyTransform
Transforming core-1.13.1.aar (androidx.core:core:1.13.1) with ExtractAarTransform
Transforming core-1.13.1.aar (androidx.core:core:1.13.1) with AarTransform
Transforming core-1.13.1.aar (androidx.core:core:1.13.1) with JetifyTransform
Transforming core-1.13.1.aar (androidx.core:core:1.13.1) with ExtractAarTransform
Transforming core-1.13.1.aar (androidx.core:core:1.13.1) with AarTransform
Transforming core-1.13.1.aar (androidx.core:core:1.13.1) with JetifyTransform
Transforming core-1.13.1.aar (androidx.core:core:1.13.1) with ExtractAarTransform
Transforming core-1.13.1.aar (androidx.core:core:1.13.1) with AarTransform
Transforming core-1.13.1.aar (androidx.core:core:1.13.1) with JetifyTransform
Transforming core-1.13.1.aar (androidx.core:core:1.13.1) with ExtractAarTransform
Transforming core-1.13.1.aar (androidx.core:core:1.13.1) with AarTransform
Transforming core-1.13.1.aar (androidx.core:core:1.13.1) with JetifyTransform
Transforming core-1.13.1.aar (androidx.core:core:1.13.1) with ExtractAarTransform
Transforming core-1.13.1.aar (androidx.core:core:1.13.1) with AarTransform
Transforming core-1.13.1.aar (androidx.core:core:1.13.1) with JetifyTransform
Transforming core-1.13.1.aar (androidx.core:core:1.13.1) with ExtractAarTransform
Transforming core-1.13.1.aar (androidx.core:core:1.13.1) with AarTransform
Transforming core-1.13.1.aar (androidx.core:core:1.13.1) with JetifyTransform
Transforming core-1.13.1.aar (androidx.core:core:1.13.1) with ExtractAarTransform
Transforming core-1.13.1.aar (androidx.core:core:1.13.1) with AarTransform
Transforming core-1.13.1.aar (androidx.core:core:1.13.1) with JetifyTransform
Transforming core-1.13.1.aar (androidx.core:core:1.13.1) with ExtractAarTransform
Transforming core-1.13.1.aar (androidx.core:core:1.13.1) with AarTransform
Transforming core-1.13.1.aar (androidx.core:core:1.13.1) with JetifyTransform
Transforming core-1.13.1.aar (androidx.core:core:1.13.1) with ExtractAarTransform
Transforming core-1.13.1.aar (androidx.core:core:1.13.1) with AarTransform
Transforming core-1.13.1.aar (androidx.core:core:1.13.1) with JetifyTransform
Transforming core-1.13.1.aar (androidx.core:core:1.13.1) with ExtractAarTransform
Transforming core-1.13.1.aar (androidx.core:core:1.13.1) with AarTransform
Transforming core-1.13.1.aar (androidx.core:core:1.13.1) with JetifyTransform
Transforming core-1.13.1.aar (androidx.core:core:1.13.1) with ExtractAarTransform
Transforming core-1.13.1.aar (androidx.core:core:1.13.1) with AarTransform
Transforming core-1.13.1.aar (androidx.core:core:1.13.1) with JetifyTransform
Transforming core-1.13.1.aar (androidx.core:core:1.13.1) with ExtractAarTransform
Transforming core-1.13.1.aar (androidx.core:core:1.13.1) with AarTransform
Transforming core-1.13.1.aar (androidx.core:core:1.13.1) with JetifyTransform
Transforming core-1.13.1.aar (androidx.core:core:1.13.1) with ExtractAarTransform
Transforming core-1.13.1.aar (androidx.core:core:1.13.1) with AarTransform
Transforming core-1.13.1.aar (androidx.core:core:1.13.1) with JetifyTransform
Transforming core-1.13.1.aar (androidx.core:core:1.13.1) with ExtractAarTransform
Transforming core-1.13.1.aar (androidx.core:core:1.13.1) with AarTransform
Transforming lifecycle-runtime-release.aar (androidx.lifecycle:lifecycle-runtime-android:2.9.1) with JetifyTransform
Transforming lifecycle-runtime-release.aar (androidx.lifecycle:lifecycle-runtime-android:2.9.1) with ExtractAarTransform
Transforming lifecycle-runtime-release.aar (androidx.lifecycle:lifecycle-runtime-android:2.9.1) with AarTransform
Transforming lifecycle-livedata-core-2.9.1.aar (androidx.lifecycle:lifecycle-livedata-core:2.9.1) with JetifyTransform
Transforming lifecycle-livedata-core-2.9.1.aar (androidx.lifecycle:lifecycle-livedata-core:2.9.1) with ExtractAarTransform
Transforming lifecycle-livedata-core-2.9.1.aar (androidx.lifecycle:lifecycle-livedata-core:2.9.1) with AarTransform
Transforming lifecycle-runtime-compose-release.aar (androidx.lifecycle:lifecycle-runtime-compose-android:2.9.1) with JetifyTransform
Transforming lifecycle-runtime-compose-release.aar (androidx.lifecycle:lifecycle-runtime-compose-android:2.9.1) with ExtractAarTransform
Transforming lifecycle-runtime-compose-release.aar (androidx.lifecycle:lifecycle-runtime-compose-android:2.9.1) with AarTransform
Transforming lifecycle-viewmodel-compose-release.aar (androidx.lifecycle:lifecycle-viewmodel-compose-android:2.9.1) with JetifyTransform
Transforming lifecycle-viewmodel-compose-release.aar (androidx.lifecycle:lifecycle-viewmodel-compose-android:2.9.1) with ExtractAarTransform
Transforming lifecycle-viewmodel-compose-release.aar (androidx.lifecycle:lifecycle-viewmodel-compose-android:2.9.1) with AarTransform
Transforming lifecycle-runtime-ktx.aar (androidx.lifecycle:lifecycle-runtime-ktx-android:2.9.1) with JetifyTransform
Transforming lifecycle-runtime-ktx.aar (androidx.lifecycle:lifecycle-runtime-ktx-android:2.9.1) with ExtractAarTransform
Transforming lifecycle-runtime-ktx.aar (androidx.lifecycle:lifecycle-runtime-ktx-android:2.9.1) with AarTransform
Transforming datastore-core-release.aar (androidx.datastore:datastore-core-android:1.1.7) with JetifyTransform
Transforming datastore-core-release.aar (androidx.datastore:datastore-core-android:1.1.7) with ExtractAarTransform
Transforming datastore-core-release.aar (androidx.datastore:datastore-core-android:1.1.7) with AarTransform
Transforming datastore-preferences-core-release.aar (androidx.datastore:datastore-preferences-core-android:1.1.7) with JetifyTransform
Transforming datastore-preferences-core-release.aar (androidx.datastore:datastore-preferences-core-android:1.1.7) with ExtractAarTransform
Transforming datastore-preferences-core-release.aar (androidx.datastore:datastore-preferences-core-android:1.1.7) with AarTransform
Transforming datastore-release.aar (androidx.datastore:datastore-android:1.1.7) with JetifyTransform
Transforming datastore-release.aar (androidx.datastore:datastore-android:1.1.7) with ExtractAarTransform
Transforming datastore-release.aar (androidx.datastore:datastore-android:1.1.7) with AarTransform
Transforming datastore-preferences-release.aar (androidx.datastore:datastore-preferences-android:1.1.7) with JetifyTransform
Transforming datastore-preferences-release.aar (androidx.datastore:datastore-preferences-android:1.1.7) with ExtractAarTransform
Transforming datastore-preferences-release.aar (androidx.datastore:datastore-preferences-android:1.1.7) with AarTransform
Transforming runtime-saveable-release.aar (androidx.compose.runtime:runtime-saveable-android:1.7.8) with JetifyTransform
Transforming runtime-saveable-release.aar (androidx.compose.runtime:runtime-saveable-android:1.7.8) with ExtractAarTransform
Transforming runtime-saveable-release.aar (androidx.compose.runtime:runtime-saveable-android:1.7.8) with AarTransform
Transforming runtime-release.aar (androidx.compose.runtime:runtime-android:1.7.8) with JetifyTransform
Transforming runtime-release.aar (androidx.compose.runtime:runtime-android:1.7.8) with ExtractAarTransform
Transforming runtime-release.aar (androidx.compose.runtime:runtime-android:1.7.8) with AarTransform
Transforming annotation-experimental-1.4.1.aar (androidx.annotation:annotation-experimental:1.4.1) with JetifyTransform
Transforming annotation-experimental-1.4.1.aar (androidx.annotation:annotation-experimental:1.4.1) with ExtractAarTransform
Transforming annotation-experimental-1.4.1.aar (androidx.annotation:annotation-experimental:1.4.1) with AarTransform
Transforming sqlite-framework-release.aar (androidx.sqlite:sqlite-framework-android:2.5.1) with JetifyTransform
Transforming sqlite-framework-release.aar (androidx.sqlite:sqlite-framework-android:2.5.1) with ExtractAarTransform
Transforming sqlite-framework-release.aar (androidx.sqlite:sqlite-framework-android:2.5.1) with AarTransform
Transforming sqlite-release.aar (androidx.sqlite:sqlite-android:2.5.1) with JetifyTransform
Transforming sqlite-release.aar (androidx.sqlite:sqlite-android:2.5.1) with ExtractAarTransform
Transforming sqlite-release.aar (androidx.sqlite:sqlite-android:2.5.1) with AarTransform
Transforming core-viewtree-1.0.0.aar (androidx.core:core-viewtree:1.0.0) with JetifyTransform
Transforming core-viewtree-1.0.0.aar (androidx.core:core-viewtree:1.0.0) with ExtractAarTransform
Transforming core-viewtree-1.0.0.aar (androidx.core:core-viewtree:1.0.0) with AarTransform
Transforming documentfile-1.0.1.aar (androidx.documentfile:documentfile:1.0.1) with JetifyTransform
Transforming documentfile-1.0.1.aar (androidx.documentfile:documentfile:1.0.1) with ExtractAarTransform
Transforming documentfile-1.0.1.aar (androidx.documentfile:documentfile:1.0.1) with AarTransform
Transforming documentfile-1.0.1.aar (androidx.documentfile:documentfile:1.0.1) with JetifyTransform
Transforming documentfile-1.0.1.aar (androidx.documentfile:documentfile:1.0.1) with ExtractAarTransform
Transforming documentfile-1.0.1.aar (androidx.documentfile:documentfile:1.0.1) with AarTransform
Transforming cardview-1.0.0.aar (androidx.cardview:cardview:1.0.0) with JetifyTransform
Transforming cardview-1.0.0.aar (androidx.cardview:cardview:1.0.0) with ExtractAarTransform
Transforming cardview-1.0.0.aar (androidx.cardview:cardview:1.0.0) with AarTransform
Transforming core-runtime-2.2.0.aar (androidx.arch.core:core-runtime:2.2.0) with JetifyTransform
Transforming core-runtime-2.2.0.aar (androidx.arch.core:core-runtime:2.2.0) with ExtractAarTransform
Transforming core-runtime-2.2.0.aar (androidx.arch.core:core-runtime:2.2.0) with AarTransform
Transforming cursoradapter-1.0.0.aar (androidx.cursoradapter:cursoradapter:1.0.0) with JetifyTransform
Transforming cursoradapter-1.0.0.aar (androidx.cursoradapter:cursoradapter:1.0.0) with ExtractAarTransform
Transforming cursoradapter-1.0.0.aar (androidx.cursoradapter:cursoradapter:1.0.0) with AarTransform
Transforming cursoradapter-1.0.0.aar (androidx.cursoradapter:cursoradapter:1.0.0) with JetifyTransform
Transforming cursoradapter-1.0.0.aar (androidx.cursoradapter:cursoradapter:1.0.0) with ExtractAarTransform
Transforming cursoradapter-1.0.0.aar (androidx.cursoradapter:cursoradapter:1.0.0) with AarTransform
Transforming gifdecoder-4.15.1.aar (com.github.bumptech.glide:gifdecoder:4.15.1) with JetifyTransform
Transforming gifdecoder-4.15.1.aar (com.github.bumptech.glide:gifdecoder:4.15.1) with ExtractAarTransform
Transforming gifdecoder-4.15.1.aar (com.github.bumptech.glide:gifdecoder:4.15.1) with AarTransform
Transforming profileinstaller-1.4.0.aar (androidx.profileinstaller:profileinstaller:1.4.0) with JetifyTransform
Transforming profileinstaller-1.4.0.aar (androidx.profileinstaller:profileinstaller:1.4.0) with ExtractAarTransform
Transforming profileinstaller-1.4.0.aar (androidx.profileinstaller:profileinstaller:1.4.0) with AarTransform
Transforming startup-runtime-1.1.1.aar (androidx.startup:startup-runtime:1.1.1) with JetifyTransform
Transforming startup-runtime-1.1.1.aar (androidx.startup:startup-runtime:1.1.1) with ExtractAarTransform
Transforming startup-runtime-1.1.1.aar (androidx.startup:startup-runtime:1.1.1) with AarTransform
Transforming tracing-1.0.0.aar (androidx.tracing:tracing:1.0.0) with JetifyTransform
Transforming tracing-1.0.0.aar (androidx.tracing:tracing:1.0.0) with ExtractAarTransform
Transforming tracing-1.0.0.aar (androidx.tracing:tracing:1.0.0) with AarTransform
Transforming localbroadcastmanager-1.0.0.aar (androidx.localbroadcastmanager:localbroadcastmanager:1.0.0) with JetifyTransform
Transforming localbroadcastmanager-1.0.0.aar (androidx.localbroadcastmanager:localbroadcastmanager:1.0.0) with ExtractAarTransform
Transforming localbroadcastmanager-1.0.0.aar (androidx.localbroadcastmanager:localbroadcastmanager:1.0.0) with AarTransform
Transforming print-1.0.0.aar (androidx.print:print:1.0.0) with JetifyTransform
Transforming print-1.0.0.aar (androidx.print:print:1.0.0) with ExtractAarTransform
Transforming print-1.0.0.aar (androidx.print:print:1.0.0) with AarTransform
Transforming interpolator-1.0.0.aar (androidx.interpolator:interpolator:1.0.0) with JetifyTransform
Transforming interpolator-1.0.0.aar (androidx.interpolator:interpolator:1.0.0) with ExtractAarTransform
Transforming interpolator-1.0.0.aar (androidx.interpolator:interpolator:1.0.0) with AarTransform
Transforming interpolator-1.0.0.aar (androidx.interpolator:interpolator:1.0.0) with JetifyTransform
Transforming interpolator-1.0.0.aar (androidx.interpolator:interpolator:1.0.0) with ExtractAarTransform
Transforming interpolator-1.0.0.aar (androidx.interpolator:interpolator:1.0.0) with AarTransform
Transforming interpolator-1.0.0.aar (androidx.interpolator:interpolator:1.0.0) with JetifyTransform
Transforming interpolator-1.0.0.aar (androidx.interpolator:interpolator:1.0.0) with ExtractAarTransform
Transforming interpolator-1.0.0.aar (androidx.interpolator:interpolator:1.0.0) with AarTransform
Transforming interpolator-1.0.0.aar (androidx.interpolator:interpolator:1.0.0) with JetifyTransform
Transforming interpolator-1.0.0.aar (androidx.interpolator:interpolator:1.0.0) with ExtractAarTransform
Transforming interpolator-1.0.0.aar (androidx.interpolator:interpolator:1.0.0) with AarTransform
Transforming transport-backend-cct-2.3.3.aar (com.google.android.datatransport:transport-backend-cct:2.3.3) with JetifyTransform
Transforming transport-backend-cct-2.3.3.aar (com.google.android.datatransport:transport-backend-cct:2.3.3) with ExtractAarTransform
Transforming transport-backend-cct-2.3.3.aar (com.google.android.datatransport:transport-backend-cct:2.3.3) with AarTransform
Transforming transport-backend-cct-2.3.3.aar (com.google.android.datatransport:transport-backend-cct:2.3.3) with JetifyTransform
Transforming transport-backend-cct-2.3.3.aar (com.google.android.datatransport:transport-backend-cct:2.3.3) with ExtractAarTransform
Transforming transport-backend-cct-2.3.3.aar (com.google.android.datatransport:transport-backend-cct:2.3.3) with AarTransform
Transforming transport-backend-cct-2.3.3.aar (com.google.android.datatransport:transport-backend-cct:2.3.3) with JetifyTransform
Transforming transport-backend-cct-2.3.3.aar (com.google.android.datatransport:transport-backend-cct:2.3.3) with ExtractAarTransform
Transforming transport-backend-cct-2.3.3.aar (com.google.android.datatransport:transport-backend-cct:2.3.3) with AarTransform
Transforming transport-runtime-2.2.6.aar (com.google.android.datatransport:transport-runtime:2.2.6) with JetifyTransform
Transforming transport-runtime-2.2.6.aar (com.google.android.datatransport:transport-runtime:2.2.6) with ExtractAarTransform
Transforming transport-runtime-2.2.6.aar (com.google.android.datatransport:transport-runtime:2.2.6) with AarTransform
Transforming transport-runtime-2.2.6.aar (com.google.android.datatransport:transport-runtime:2.2.6) with JetifyTransform
Transforming transport-runtime-2.2.6.aar (com.google.android.datatransport:transport-runtime:2.2.6) with ExtractAarTransform
Transforming transport-runtime-2.2.6.aar (com.google.android.datatransport:transport-runtime:2.2.6) with AarTransform
Transforming transport-runtime-2.2.6.aar (com.google.android.datatransport:transport-runtime:2.2.6) with JetifyTransform
Transforming transport-runtime-2.2.6.aar (com.google.android.datatransport:transport-runtime:2.2.6) with ExtractAarTransform
Transforming transport-runtime-2.2.6.aar (com.google.android.datatransport:transport-runtime:2.2.6) with AarTransform
Transforming transport-runtime-2.2.6.aar (com.google.android.datatransport:transport-runtime:2.2.6) with JetifyTransform
Transforming transport-runtime-2.2.6.aar (com.google.android.datatransport:transport-runtime:2.2.6) with ExtractAarTransform
Transforming transport-runtime-2.2.6.aar (com.google.android.datatransport:transport-runtime:2.2.6) with AarTransform
Transforming transport-api-2.2.1.aar (com.google.android.datatransport:transport-api:2.2.1) with JetifyTransform
Transforming transport-api-2.2.1.aar (com.google.android.datatransport:transport-api:2.2.1) with ExtractAarTransform
Transforming transport-api-2.2.1.aar (com.google.android.datatransport:transport-api:2.2.1) with AarTransform
Transforming transport-api-2.2.1.aar (com.google.android.datatransport:transport-api:2.2.1) with JetifyTransform
Transforming transport-api-2.2.1.aar (com.google.android.datatransport:transport-api:2.2.1) with ExtractAarTransform
Transforming transport-api-2.2.1.aar (com.google.android.datatransport:transport-api:2.2.1) with AarTransform
Transforming transport-api-2.2.1.aar (com.google.android.datatransport:transport-api:2.2.1) with JetifyTransform
Transforming transport-api-2.2.1.aar (com.google.android.datatransport:transport-api:2.2.1) with ExtractAarTransform
Transforming transport-api-2.2.1.aar (com.google.android.datatransport:transport-api:2.2.1) with AarTransform
Transforming transport-api-2.2.1.aar (com.google.android.datatransport:transport-api:2.2.1) with JetifyTransform
Transforming transport-api-2.2.1.aar (com.google.android.datatransport:transport-api:2.2.1) with ExtractAarTransform
Transforming transport-api-2.2.1.aar (com.google.android.datatransport:transport-api:2.2.1) with AarTransform
Transforming transport-api-2.2.1.aar (com.google.android.datatransport:transport-api:2.2.1) with JetifyTransform
Transforming transport-api-2.2.1.aar (com.google.android.datatransport:transport-api:2.2.1) with ExtractAarTransform
Transforming transport-api-2.2.1.aar (com.google.android.datatransport:transport-api:2.2.1) with AarTransform
Transforming firebase-components-16.1.0.aar (com.google.firebase:firebase-components:16.1.0) with JetifyTransform
Transforming firebase-components-16.1.0.aar (com.google.firebase:firebase-components:16.1.0) with ExtractAarTransform
Transforming firebase-components-16.1.0.aar (com.google.firebase:firebase-components:16.1.0) with AarTransform
Transforming firebase-components-16.1.0.aar (com.google.firebase:firebase-components:16.1.0) with JetifyTransform
Transforming firebase-components-16.1.0.aar (com.google.firebase:firebase-components:16.1.0) with ExtractAarTransform
Transforming firebase-components-16.1.0.aar (com.google.firebase:firebase-components:16.1.0) with AarTransform
Transforming firebase-components-16.1.0.aar (com.google.firebase:firebase-components:16.1.0) with JetifyTransform
Transforming firebase-components-16.1.0.aar (com.google.firebase:firebase-components:16.1.0) with ExtractAarTransform
Transforming firebase-components-16.1.0.aar (com.google.firebase:firebase-components:16.1.0) with AarTransform
Transforming firebase-encoders-json-17.1.0.aar (com.google.firebase:firebase-encoders-json:17.1.0) with JetifyTransform
Transforming firebase-encoders-json-17.1.0.aar (com.google.firebase:firebase-encoders-json:17.1.0) with ExtractAarTransform
Transforming firebase-encoders-json-17.1.0.aar (com.google.firebase:firebase-encoders-json:17.1.0) with AarTransform
Transforming firebase-encoders-json-17.1.0.aar (com.google.firebase:firebase-encoders-json:17.1.0) with JetifyTransform
Transforming firebase-encoders-json-17.1.0.aar (com.google.firebase:firebase-encoders-json:17.1.0) with ExtractAarTransform
Transforming firebase-encoders-json-17.1.0.aar (com.google.firebase:firebase-encoders-json:17.1.0) with AarTransform
Transforming firebase-encoders-json-17.1.0.aar (com.google.firebase:firebase-encoders-json:17.1.0) with JetifyTransform
Transforming firebase-encoders-json-17.1.0.aar (com.google.firebase:firebase-encoders-json:17.1.0) with ExtractAarTransform
Transforming firebase-encoders-json-17.1.0.aar (com.google.firebase:firebase-encoders-json:17.1.0) with AarTransform
Transforming firebase-encoders-json-17.1.0.aar (com.google.firebase:firebase-encoders-json:17.1.0) with JetifyTransform
Transforming firebase-encoders-json-17.1.0.aar (com.google.firebase:firebase-encoders-json:17.1.0) with ExtractAarTransform
Transforming firebase-encoders-json-17.1.0.aar (com.google.firebase:firebase-encoders-json:17.1.0) with AarTransform
Transforming exifinterface-1.3.7.aar (androidx.exifinterface:exifinterface:1.3.7) with JetifyTransform
Transforming exifinterface-1.3.7.aar (androidx.exifinterface:exifinterface:1.3.7) with ExtractAarTransform
Transforming exifinterface-1.3.7.aar (androidx.exifinterface:exifinterface:1.3.7) with AarTransform
Transforming exifinterface-1.3.7.aar (androidx.exifinterface:exifinterface:1.3.7) with JetifyTransform
Transforming exifinterface-1.3.7.aar (androidx.exifinterface:exifinterface:1.3.7) with ExtractAarTransform
Transforming exifinterface-1.3.7.aar (androidx.exifinterface:exifinterface:1.3.7) with AarTransform
Transforming versionedparcelable-1.1.1.aar (androidx.versionedparcelable:versionedparcelable:1.1.1) with JetifyTransform
Transforming versionedparcelable-1.1.1.aar (androidx.versionedparcelable:versionedparcelable:1.1.1) with ExtractAarTransform
Transforming versionedparcelable-1.1.1.aar (androidx.versionedparcelable:versionedparcelable:1.1.1) with AarTransform
Transforming dagger-lint-aar-2.51.1.aar (com.google.dagger:dagger-lint-aar:2.51.1) with JetifyTransform
Transforming dagger-lint-aar-2.51.1.aar (com.google.dagger:dagger-lint-aar:2.51.1) with ExtractAarTransform
Transforming dagger-lint-aar-2.51.1.aar (com.google.dagger:dagger-lint-aar:2.51.1) with AarTransform
Transforming pdfbox-android-2.0.27.0.aar (com.tom-roush:pdfbox-android:2.0.27.0) with JetifyTransform
Transforming pdfbox-android-2.0.27.0.aar (com.tom-roush:pdfbox-android:2.0.27.0) with ExtractAarTransform
Transforming pdfbox-android-2.0.27.0.aar (com.tom-roush:pdfbox-android:2.0.27.0) with AarTransform
Transforming image-1.0.0-beta1.aar (com.google.android.odml:image:1.0.0-beta1) with JetifyTransform
Transforming image-1.0.0-beta1.aar (com.google.android.odml:image:1.0.0-beta1) with ExtractAarTransform
Transforming image-1.0.0-beta1.aar (com.google.android.odml:image:1.0.0-beta1) with AarTransform
Transforming image-1.0.0-beta1.aar (com.google.android.odml:image:1.0.0-beta1) with JetifyTransform
Transforming image-1.0.0-beta1.aar (com.google.android.odml:image:1.0.0-beta1) with ExtractAarTransform
Transforming image-1.0.0-beta1.aar (com.google.android.odml:image:1.0.0-beta1) with AarTransform
Transforming core-splashscreen-1.0.1.aar (androidx.core:core-splashscreen:1.0.1) with JetifyTransform
Transforming core-splashscreen-1.0.1.aar (androidx.core:core-splashscreen:1.0.1) with ExtractAarTransform
Transforming core-splashscreen-1.0.1.aar (androidx.core:core-splashscreen:1.0.1) with AarTransform
Transforming hilt-navigation-compose-1.2.0.aar (androidx.hilt:hilt-navigation-compose:1.2.0) with JetifyTransform
Transforming hilt-navigation-compose-1.2.0.aar (androidx.hilt:hilt-navigation-compose:1.2.0) with ExtractAarTransform
Transforming hilt-navigation-compose-1.2.0.aar (androidx.hilt:hilt-navigation-compose:1.2.0) with AarTransform
Transforming hilt-navigation-1.2.0.aar (androidx.hilt:hilt-navigation:1.2.0) with JetifyTransform
Transforming hilt-navigation-1.2.0.aar (androidx.hilt:hilt-navigation:1.2.0) with ExtractAarTransform
Transforming hilt-navigation-1.2.0.aar (androidx.hilt:hilt-navigation:1.2.0) with AarTransform
Transforming navigation-common-2.7.7.aar (androidx.navigation:navigation-common:2.7.7) with JetifyTransform
Transforming navigation-common-2.7.7.aar (androidx.navigation:navigation-common:2.7.7) with ExtractAarTransform
Transforming navigation-common-2.7.7.aar (androidx.navigation:navigation-common:2.7.7) with AarTransform
Transforming navigation-runtime-2.7.7.aar (androidx.navigation:navigation-runtime:2.7.7) with JetifyTransform
Transforming navigation-runtime-2.7.7.aar (androidx.navigation:navigation-runtime:2.7.7) with ExtractAarTransform
Transforming navigation-runtime-2.7.7.aar (androidx.navigation:navigation-runtime:2.7.7) with AarTransform
Transforming navigation-common-ktx-2.7.7.aar (androidx.navigation:navigation-common-ktx:2.7.7) with JetifyTransform
Transforming navigation-common-ktx-2.7.7.aar (androidx.navigation:navigation-common-ktx:2.7.7) with ExtractAarTransform
Transforming navigation-common-ktx-2.7.7.aar (androidx.navigation:navigation-common-ktx:2.7.7) with AarTransform
Transforming navigation-runtime-ktx-2.7.7.aar (androidx.navigation:navigation-runtime-ktx:2.7.7) with JetifyTransform
Transforming navigation-runtime-ktx-2.7.7.aar (androidx.navigation:navigation-runtime-ktx:2.7.7) with ExtractAarTransform
Transforming navigation-runtime-ktx-2.7.7.aar (androidx.navigation:navigation-runtime-ktx:2.7.7) with AarTransform
Transforming navigation-compose-2.7.7.aar (androidx.navigation:navigation-compose:2.7.7) with JetifyTransform
Transforming navigation-compose-2.7.7.aar (androidx.navigation:navigation-compose:2.7.7) with ExtractAarTransform
Transforming navigation-compose-2.7.7.aar (androidx.navigation:navigation-compose:2.7.7) with AarTransform
Transforming hilt-work-1.2.0.aar (androidx.hilt:hilt-work:1.2.0) with JetifyTransform
Transforming hilt-work-1.2.0.aar (androidx.hilt:hilt-work:1.2.0) with ExtractAarTransform
Transforming hilt-work-1.2.0.aar (androidx.hilt:hilt-work:1.2.0) with AarTransform
Transforming hilt-android-2.51.1.aar (com.google.dagger:hilt-android:2.51.1) with JetifyTransform
Transforming hilt-android-2.51.1.aar (com.google.dagger:hilt-android:2.51.1) with ExtractAarTransform
Transforming hilt-android-2.51.1.aar (com.google.dagger:hilt-android:2.51.1) with AarTransform
Transforming room-runtime-release.aar (androidx.room:room-runtime-android:2.7.2) with JetifyTransform
Transforming room-runtime-release.aar (androidx.room:room-runtime-android:2.7.2) with ExtractAarTransform
Transforming room-runtime-release.aar (androidx.room:room-runtime-android:2.7.2) with AarTransform
Transforming work-runtime-ktx-2.9.0.aar (androidx.work:work-runtime-ktx:2.9.0) with JetifyTransform
Transforming work-runtime-ktx-2.9.0.aar (androidx.work:work-runtime-ktx:2.9.0) with ExtractAarTransform
Transforming work-runtime-ktx-2.9.0.aar (androidx.work:work-runtime-ktx:2.9.0) with AarTransform
Transforming work-runtime-2.9.0.aar (androidx.work:work-runtime:2.9.0) with JetifyTransform
Transforming work-runtime-2.9.0.aar (androidx.work:work-runtime:2.9.0) with ExtractAarTransform
Transforming work-runtime-2.9.0.aar (androidx.work:work-runtime:2.9.0) with AarTransform
Transforming room-ktx-2.7.2.aar (androidx.room:room-ktx:2.7.2) with JetifyTransform
Transforming room-ktx-2.7.2.aar (androidx.room:room-ktx:2.7.2) with ExtractAarTransform
Transforming room-ktx-2.7.2.aar (androidx.room:room-ktx:2.7.2) with AarTransform
Transforming coil-compose-2.7.0.aar (io.coil-kt:coil-compose:2.7.0) with JetifyTransform
Transforming coil-compose-2.7.0.aar (io.coil-kt:coil-compose:2.7.0) with ExtractAarTransform
Transforming coil-compose-2.7.0.aar (io.coil-kt:coil-compose:2.7.0) with AarTransform
Transforming material-1.11.0.aar (com.google.android.material:material:1.11.0) with JetifyTransform
Transforming material-1.11.0.aar (com.google.android.material:material:1.11.0) with ExtractAarTransform
Transforming material-1.11.0.aar (com.google.android.material:material:1.11.0) with AarTransform
Transforming constraintlayout-2.0.1.aar (androidx.constraintlayout:constraintlayout:2.0.1) with JetifyTransform
Transforming constraintlayout-2.0.1.aar (androidx.constraintlayout:constraintlayout:2.0.1) with ExtractAarTransform
Transforming constraintlayout-2.0.1.aar (androidx.constraintlayout:constraintlayout:2.0.1) with AarTransform
Transforming coil-compose-base-2.7.0.aar (io.coil-kt:coil-compose-base:2.7.0) with JetifyTransform
Transforming coil-compose-base-2.7.0.aar (io.coil-kt:coil-compose-base:2.7.0) with ExtractAarTransform
Transforming coil-compose-base-2.7.0.aar (io.coil-kt:coil-compose-base:2.7.0) with AarTransform
Transforming coil-2.7.0.aar (io.coil-kt:coil:2.7.0) with JetifyTransform
Transforming coil-2.7.0.aar (io.coil-kt:coil:2.7.0) with ExtractAarTransform
Transforming coil-2.7.0.aar (io.coil-kt:coil:2.7.0) with AarTransform
Transforming coil-base-2.7.0.aar (io.coil-kt:coil-base:2.7.0) with JetifyTransform
Transforming coil-base-2.7.0.aar (io.coil-kt:coil-base:2.7.0) with ExtractAarTransform
Transforming coil-base-2.7.0.aar (io.coil-kt:coil-base:2.7.0) with AarTransform
Transforming appcompat-resources-1.6.1.aar (androidx.appcompat:appcompat-resources:1.6.1) with JetifyTransform
Transforming appcompat-resources-1.6.1.aar (androidx.appcompat:appcompat-resources:1.6.1) with ExtractAarTransform
Transforming appcompat-resources-1.6.1.aar (androidx.appcompat:appcompat-resources:1.6.1) with AarTransform
Transforming lottie-compose-6.4.1.aar (com.airbnb.android:lottie-compose:6.4.1) with JetifyTransform
Transforming lottie-compose-6.4.1.aar (com.airbnb.android:lottie-compose:6.4.1) with ExtractAarTransform
Transforming lottie-compose-6.4.1.aar (com.airbnb.android:lottie-compose:6.4.1) with AarTransform
Transforming lottie-6.4.1.aar (com.airbnb.android:lottie:6.4.1) with JetifyTransform
Transforming lottie-6.4.1.aar (com.airbnb.android:lottie:6.4.1) with ExtractAarTransform
Transforming lottie-6.4.1.aar (com.airbnb.android:lottie:6.4.1) with AarTransform
Transforming text-recognition-16.0.1.aar (com.google.mlkit:text-recognition:16.0.1) with JetifyTransform
Transforming text-recognition-16.0.1.aar (com.google.mlkit:text-recognition:16.0.1) with ExtractAarTransform
Transforming text-recognition-16.0.1.aar (com.google.mlkit:text-recognition:16.0.1) with AarTransform
Transforming play-services-mlkit-text-recognition-19.0.1.aar (com.google.android.gms:play-services-mlkit-text-recognition:19.0.1) with JetifyTransform
Transforming play-services-mlkit-text-recognition-19.0.1.aar (com.google.android.gms:play-services-mlkit-text-recognition:19.0.1) with ExtractAarTransform
Transforming play-services-mlkit-text-recognition-19.0.1.aar (com.google.android.gms:play-services-mlkit-text-recognition:19.0.1) with AarTransform
Transforming text-recognition-bundled-common-17.0.0.aar (com.google.mlkit:text-recognition-bundled-common:17.0.0) with JetifyTransform
Transforming text-recognition-bundled-common-17.0.0.aar (com.google.mlkit:text-recognition-bundled-common:17.0.0) with ExtractAarTransform
Transforming text-recognition-bundled-common-17.0.0.aar (com.google.mlkit:text-recognition-bundled-common:17.0.0) with AarTransform
Transforming play-services-mlkit-text-recognition-common-19.1.0.aar (com.google.android.gms:play-services-mlkit-text-recognition-common:19.1.0) with JetifyTransform
Transforming play-services-mlkit-text-recognition-common-19.1.0.aar (com.google.android.gms:play-services-mlkit-text-recognition-common:19.1.0) with ExtractAarTransform
Transforming play-services-mlkit-text-recognition-common-19.1.0.aar (com.google.android.gms:play-services-mlkit-text-recognition-common:19.1.0) with AarTransform
Transforming vision-common-17.3.0.aar (com.google.mlkit:vision-common:17.3.0) with JetifyTransform
Transforming vision-common-17.3.0.aar (com.google.mlkit:vision-common:17.3.0) with ExtractAarTransform
Transforming vision-common-17.3.0.aar (com.google.mlkit:vision-common:17.3.0) with AarTransform
Transforming vision-common-17.3.0.aar (com.google.mlkit:vision-common:17.3.0) with JetifyTransform
Transforming vision-common-17.3.0.aar (com.google.mlkit:vision-common:17.3.0) with ExtractAarTransform
Transforming vision-common-17.3.0.aar (com.google.mlkit:vision-common:17.3.0) with AarTransform
Transforming common-18.11.0.aar (com.google.mlkit:common:18.11.0) with JetifyTransform
Transforming common-18.11.0.aar (com.google.mlkit:common:18.11.0) with ExtractAarTransform
Transforming common-18.11.0.aar (com.google.mlkit:common:18.11.0) with AarTransform
Transforming common-18.11.0.aar (com.google.mlkit:common:18.11.0) with JetifyTransform
Transforming common-18.11.0.aar (com.google.mlkit:common:18.11.0) with ExtractAarTransform
Transforming common-18.11.0.aar (com.google.mlkit:common:18.11.0) with AarTransform
Transforming common-18.11.0.aar (com.google.mlkit:common:18.11.0) with JetifyTransform
Transforming common-18.11.0.aar (com.google.mlkit:common:18.11.0) with ExtractAarTransform
Transforming common-18.11.0.aar (com.google.mlkit:common:18.11.0) with AarTransform
Transforming common-18.11.0.aar (com.google.mlkit:common:18.11.0) with JetifyTransform
Transforming common-18.11.0.aar (com.google.mlkit:common:18.11.0) with ExtractAarTransform
Transforming common-18.11.0.aar (com.google.mlkit:common:18.11.0) with AarTransform
Transforming common-18.11.0.aar (com.google.mlkit:common:18.11.0) with JetifyTransform
Transforming common-18.11.0.aar (com.google.mlkit:common:18.11.0) with ExtractAarTransform
Transforming common-18.11.0.aar (com.google.mlkit:common:18.11.0) with AarTransform
Transforming appcompat-1.6.1.aar (androidx.appcompat:appcompat:1.6.1) with JetifyTransform
Transforming appcompat-1.6.1.aar (androidx.appcompat:appcompat:1.6.1) with ExtractAarTransform
Transforming appcompat-1.6.1.aar (androidx.appcompat:appcompat:1.6.1) with AarTransform
Transforming appcompat-1.6.1.aar (androidx.appcompat:appcompat:1.6.1) with JetifyTransform
Transforming appcompat-1.6.1.aar (androidx.appcompat:appcompat:1.6.1) with ExtractAarTransform
Transforming appcompat-1.6.1.aar (androidx.appcompat:appcompat:1.6.1) with AarTransform
Transforming glide-4.15.1.aar (com.github.bumptech.glide:glide:4.15.1) with JetifyTransform
Transforming glide-4.15.1.aar (com.github.bumptech.glide:glide:4.15.1) with ExtractAarTransform
Transforming glide-4.15.1.aar (com.github.bumptech.glide:glide:4.15.1) with AarTransform
Transforming viewpager2-1.0.0.aar (androidx.viewpager2:viewpager2:1.0.0) with JetifyTransform
Transforming viewpager2-1.0.0.aar (androidx.viewpager2:viewpager2:1.0.0) with ExtractAarTransform
Transforming viewpager2-1.0.0.aar (androidx.viewpager2:viewpager2:1.0.0) with AarTransform
Transforming pdfium-android-1.9.0.aar (com.github.barteksc:pdfium-android:1.9.0) with JetifyTransform
Transforming pdfium-android-1.9.0.aar (com.github.barteksc:pdfium-android:1.9.0) with ExtractAarTransform
Transforming pdfium-android-1.9.0.aar (com.github.barteksc:pdfium-android:1.9.0) with AarTransform
Transforming legacy-support-v4-1.0.0.aar (androidx.legacy:legacy-support-v4:1.0.0) with JetifyTransform
Transforming legacy-support-v4-1.0.0.aar (androidx.legacy:legacy-support-v4:1.0.0) with ExtractAarTransform
Transforming legacy-support-v4-1.0.0.aar (androidx.legacy:legacy-support-v4:1.0.0) with AarTransform
Transforming play-services-base-18.5.0.aar (com.google.android.gms:play-services-base:18.5.0) with JetifyTransform
Transforming play-services-base-18.5.0.aar (com.google.android.gms:play-services-base:18.5.0) with ExtractAarTransform
Transforming play-services-base-18.5.0.aar (com.google.android.gms:play-services-base:18.5.0) with AarTransform
Transforming play-services-base-18.5.0.aar (com.google.android.gms:play-services-base:18.5.0) with JetifyTransform
Transforming play-services-base-18.5.0.aar (com.google.android.gms:play-services-base:18.5.0) with ExtractAarTransform
Transforming play-services-base-18.5.0.aar (com.google.android.gms:play-services-base:18.5.0) with AarTransform
Transforming play-services-base-18.5.0.aar (com.google.android.gms:play-services-base:18.5.0) with JetifyTransform
Transforming play-services-base-18.5.0.aar (com.google.android.gms:play-services-base:18.5.0) with ExtractAarTransform
Transforming play-services-base-18.5.0.aar (com.google.android.gms:play-services-base:18.5.0) with AarTransform
Transforming play-services-base-18.5.0.aar (com.google.android.gms:play-services-base:18.5.0) with JetifyTransform
Transforming play-services-base-18.5.0.aar (com.google.android.gms:play-services-base:18.5.0) with ExtractAarTransform
Transforming play-services-base-18.5.0.aar (com.google.android.gms:play-services-base:18.5.0) with AarTransform
Transforming play-services-base-18.5.0.aar (com.google.android.gms:play-services-base:18.5.0) with JetifyTransform
Transforming play-services-base-18.5.0.aar (com.google.android.gms:play-services-base:18.5.0) with ExtractAarTransform
Transforming play-services-base-18.5.0.aar (com.google.android.gms:play-services-base:18.5.0) with AarTransform
Transforming play-services-base-18.5.0.aar (com.google.android.gms:play-services-base:18.5.0) with JetifyTransform
Transforming play-services-base-18.5.0.aar (com.google.android.gms:play-services-base:18.5.0) with ExtractAarTransform
Transforming play-services-base-18.5.0.aar (com.google.android.gms:play-services-base:18.5.0) with AarTransform
Transforming vision-interfaces-16.3.0.aar (com.google.mlkit:vision-interfaces:16.3.0) with JetifyTransform
Transforming vision-interfaces-16.3.0.aar (com.google.mlkit:vision-interfaces:16.3.0) with ExtractAarTransform
Transforming vision-interfaces-16.3.0.aar (com.google.mlkit:vision-interfaces:16.3.0) with AarTransform
Transforming play-services-tasks-18.2.0.aar (com.google.android.gms:play-services-tasks:18.2.0) with JetifyTransform
Transforming play-services-tasks-18.2.0.aar (com.google.android.gms:play-services-tasks:18.2.0) with ExtractAarTransform
Transforming play-services-tasks-18.2.0.aar (com.google.android.gms:play-services-tasks:18.2.0) with AarTransform
Transforming play-services-tasks-18.2.0.aar (com.google.android.gms:play-services-tasks:18.2.0) with JetifyTransform
Transforming play-services-tasks-18.2.0.aar (com.google.android.gms:play-services-tasks:18.2.0) with ExtractAarTransform
Transforming play-services-tasks-18.2.0.aar (com.google.android.gms:play-services-tasks:18.2.0) with AarTransform
Transforming play-services-tasks-18.2.0.aar (com.google.android.gms:play-services-tasks:18.2.0) with JetifyTransform
Transforming play-services-tasks-18.2.0.aar (com.google.android.gms:play-services-tasks:18.2.0) with ExtractAarTransform
Transforming play-services-tasks-18.2.0.aar (com.google.android.gms:play-services-tasks:18.2.0) with AarTransform
Transforming play-services-tasks-18.2.0.aar (com.google.android.gms:play-services-tasks:18.2.0) with JetifyTransform
Transforming play-services-tasks-18.2.0.aar (com.google.android.gms:play-services-tasks:18.2.0) with ExtractAarTransform
Transforming play-services-tasks-18.2.0.aar (com.google.android.gms:play-services-tasks:18.2.0) with AarTransform
Transforming play-services-tasks-18.2.0.aar (com.google.android.gms:play-services-tasks:18.2.0) with JetifyTransform
Transforming play-services-tasks-18.2.0.aar (com.google.android.gms:play-services-tasks:18.2.0) with ExtractAarTransform
Transforming play-services-tasks-18.2.0.aar (com.google.android.gms:play-services-tasks:18.2.0) with AarTransform
Transforming play-services-tasks-18.2.0.aar (com.google.android.gms:play-services-tasks:18.2.0) with JetifyTransform
Transforming play-services-tasks-18.2.0.aar (com.google.android.gms:play-services-tasks:18.2.0) with ExtractAarTransform
Transforming play-services-tasks-18.2.0.aar (com.google.android.gms:play-services-tasks:18.2.0) with AarTransform
Transforming play-services-basement-18.4.0.aar (com.google.android.gms:play-services-basement:18.4.0) with JetifyTransform
Transforming play-services-basement-18.4.0.aar (com.google.android.gms:play-services-basement:18.4.0) with ExtractAarTransform
Transforming play-services-basement-18.4.0.aar (com.google.android.gms:play-services-basement:18.4.0) with AarTransform
Transforming play-services-basement-18.4.0.aar (com.google.android.gms:play-services-basement:18.4.0) with JetifyTransform
Transforming play-services-basement-18.4.0.aar (com.google.android.gms:play-services-basement:18.4.0) with ExtractAarTransform
Transforming play-services-basement-18.4.0.aar (com.google.android.gms:play-services-basement:18.4.0) with AarTransform
Transforming play-services-basement-18.4.0.aar (com.google.android.gms:play-services-basement:18.4.0) with JetifyTransform
Transforming play-services-basement-18.4.0.aar (com.google.android.gms:play-services-basement:18.4.0) with ExtractAarTransform
Transforming play-services-basement-18.4.0.aar (com.google.android.gms:play-services-basement:18.4.0) with AarTransform
Transforming play-services-basement-18.4.0.aar (com.google.android.gms:play-services-basement:18.4.0) with JetifyTransform
Transforming play-services-basement-18.4.0.aar (com.google.android.gms:play-services-basement:18.4.0) with ExtractAarTransform
Transforming play-services-basement-18.4.0.aar (com.google.android.gms:play-services-basement:18.4.0) with AarTransform
Transforming play-services-basement-18.4.0.aar (com.google.android.gms:play-services-basement:18.4.0) with JetifyTransform
Transforming play-services-basement-18.4.0.aar (com.google.android.gms:play-services-basement:18.4.0) with ExtractAarTransform
Transforming play-services-basement-18.4.0.aar (com.google.android.gms:play-services-basement:18.4.0) with AarTransform
Transforming play-services-basement-18.4.0.aar (com.google.android.gms:play-services-basement:18.4.0) with JetifyTransform
Transforming play-services-basement-18.4.0.aar (com.google.android.gms:play-services-basement:18.4.0) with ExtractAarTransform
Transforming play-services-basement-18.4.0.aar (com.google.android.gms:play-services-basement:18.4.0) with AarTransform
Transforming play-services-basement-18.4.0.aar (com.google.android.gms:play-services-basement:18.4.0) with JetifyTransform
Transforming play-services-basement-18.4.0.aar (com.google.android.gms:play-services-basement:18.4.0) with ExtractAarTransform
Transforming play-services-basement-18.4.0.aar (com.google.android.gms:play-services-basement:18.4.0) with AarTransform
Transforming play-services-basement-18.4.0.aar (com.google.android.gms:play-services-basement:18.4.0) with JetifyTransform
Transforming play-services-basement-18.4.0.aar (com.google.android.gms:play-services-basement:18.4.0) with ExtractAarTransform
Transforming play-services-basement-18.4.0.aar (com.google.android.gms:play-services-basement:18.4.0) with AarTransform
Transforming play-services-basement-18.4.0.aar (com.google.android.gms:play-services-basement:18.4.0) with JetifyTransform
Transforming play-services-basement-18.4.0.aar (com.google.android.gms:play-services-basement:18.4.0) with ExtractAarTransform
Transforming play-services-basement-18.4.0.aar (com.google.android.gms:play-services-basement:18.4.0) with AarTransform
Transforming fragment-1.5.1.aar (androidx.fragment:fragment:1.5.1) with JetifyTransform
Transforming fragment-1.5.1.aar (androidx.fragment:fragment:1.5.1) with ExtractAarTransform
Transforming fragment-1.5.1.aar (androidx.fragment:fragment:1.5.1) with AarTransform
Transforming fragment-1.5.1.aar (androidx.fragment:fragment:1.5.1) with JetifyTransform
Transforming fragment-1.5.1.aar (androidx.fragment:fragment:1.5.1) with ExtractAarTransform
Transforming fragment-1.5.1.aar (androidx.fragment:fragment:1.5.1) with AarTransform
Transforming fragment-1.5.1.aar (androidx.fragment:fragment:1.5.1) with JetifyTransform
Transforming fragment-1.5.1.aar (androidx.fragment:fragment:1.5.1) with ExtractAarTransform
Transforming fragment-1.5.1.aar (androidx.fragment:fragment:1.5.1) with AarTransform
Transforming fragment-1.5.1.aar (androidx.fragment:fragment:1.5.1) with JetifyTransform
Transforming fragment-1.5.1.aar (androidx.fragment:fragment:1.5.1) with ExtractAarTransform
Transforming fragment-1.5.1.aar (androidx.fragment:fragment:1.5.1) with AarTransform
Transforming fragment-1.5.1.aar (androidx.fragment:fragment:1.5.1) with JetifyTransform
Transforming fragment-1.5.1.aar (androidx.fragment:fragment:1.5.1) with ExtractAarTransform
Transforming fragment-1.5.1.aar (androidx.fragment:fragment:1.5.1) with AarTransform
Transforming material3-window-size-class-release.aar (androidx.compose.material3:material3-window-size-class-android:1.2.1) with JetifyTransform
Transforming material3-window-size-class-release.aar (androidx.compose.material3:material3-window-size-class-android:1.2.1) with ExtractAarTransform
Transforming material3-window-size-class-release.aar (androidx.compose.material3:material3-window-size-class-android:1.2.1) with AarTransform
Transforming material3-release.aar (androidx.compose.material3:material3-android:1.2.1) with JetifyTransform
Transforming material3-release.aar (androidx.compose.material3:material3-android:1.2.1) with ExtractAarTransform
Transforming material3-release.aar (androidx.compose.material3:material3-android:1.2.1) with AarTransform
Transforming palette-1.0.0.aar (androidx.palette:palette:1.0.0) with JetifyTransform
Transforming palette-1.0.0.aar (androidx.palette:palette:1.0.0) with ExtractAarTransform
Transforming palette-1.0.0.aar (androidx.palette:palette:1.0.0) with AarTransform
Transforming dynamicanimation-1.0.0.aar (androidx.dynamicanimation:dynamicanimation:1.0.0) with JetifyTransform
Transforming dynamicanimation-1.0.0.aar (androidx.dynamicanimation:dynamicanimation:1.0.0) with ExtractAarTransform
Transforming dynamicanimation-1.0.0.aar (androidx.dynamicanimation:dynamicanimation:1.0.0) with AarTransform
Transforming legacy-support-core-ui-1.0.0.aar (androidx.legacy:legacy-support-core-ui:1.0.0) with JetifyTransform
Transforming legacy-support-core-ui-1.0.0.aar (androidx.legacy:legacy-support-core-ui:1.0.0) with ExtractAarTransform
Transforming legacy-support-core-ui-1.0.0.aar (androidx.legacy:legacy-support-core-ui:1.0.0) with AarTransform
Transforming legacy-support-core-utils-1.0.0.aar (androidx.legacy:legacy-support-core-utils:1.0.0) with JetifyTransform
Transforming legacy-support-core-utils-1.0.0.aar (androidx.legacy:legacy-support-core-utils:1.0.0) with ExtractAarTransform
Transforming legacy-support-core-utils-1.0.0.aar (androidx.legacy:legacy-support-core-utils:1.0.0) with AarTransform
Transforming legacy-support-core-utils-1.0.0.aar (androidx.legacy:legacy-support-core-utils:1.0.0) with JetifyTransform
Transforming legacy-support-core-utils-1.0.0.aar (androidx.legacy:legacy-support-core-utils:1.0.0) with ExtractAarTransform
Transforming legacy-support-core-utils-1.0.0.aar (androidx.legacy:legacy-support-core-utils:1.0.0) with AarTransform
Transforming legacy-support-core-utils-1.0.0.aar (androidx.legacy:legacy-support-core-utils:1.0.0) with JetifyTransform
Transforming legacy-support-core-utils-1.0.0.aar (androidx.legacy:legacy-support-core-utils:1.0.0) with ExtractAarTransform
Transforming legacy-support-core-utils-1.0.0.aar (androidx.legacy:legacy-support-core-utils:1.0.0) with AarTransform
Transforming legacy-support-core-utils-1.0.0.aar (androidx.legacy:legacy-support-core-utils:1.0.0) with JetifyTransform
Transforming legacy-support-core-utils-1.0.0.aar (androidx.legacy:legacy-support-core-utils:1.0.0) with ExtractAarTransform
Transforming legacy-support-core-utils-1.0.0.aar (androidx.legacy:legacy-support-core-utils:1.0.0) with AarTransform
Transforming loader-1.0.0.aar (androidx.loader:loader:1.0.0) with JetifyTransform
Transforming loader-1.0.0.aar (androidx.loader:loader:1.0.0) with ExtractAarTransform
Transforming loader-1.0.0.aar (androidx.loader:loader:1.0.0) with AarTransform
Transforming loader-1.0.0.aar (androidx.loader:loader:1.0.0) with JetifyTransform
Transforming loader-1.0.0.aar (androidx.loader:loader:1.0.0) with ExtractAarTransform
Transforming loader-1.0.0.aar (androidx.loader:loader:1.0.0) with AarTransform
Transforming accompanist-permissions-0.37.3.aar (com.google.accompanist:accompanist-permissions:0.37.3) with JetifyTransform
Transforming accompanist-permissions-0.37.3.aar (com.google.accompanist:accompanist-permissions:0.37.3) with ExtractAarTransform
Transforming accompanist-permissions-0.37.3.aar (com.google.accompanist:accompanist-permissions:0.37.3) with AarTransform
Transforming constraintlayout-compose-1.0.1.aar (androidx.constraintlayout:constraintlayout-compose:1.0.1) with JetifyTransform
Transforming constraintlayout-compose-1.0.1.aar (androidx.constraintlayout:constraintlayout-compose:1.0.1) with ExtractAarTransform
Transforming constraintlayout-compose-1.0.1.aar (androidx.constraintlayout:constraintlayout-compose:1.0.1) with AarTransform
Transforming accompanist-systemuicontroller-0.34.0.aar (com.google.accompanist:accompanist-systemuicontroller:0.34.0) with JetifyTransform
Transforming accompanist-systemuicontroller-0.34.0.aar (com.google.accompanist:accompanist-systemuicontroller:0.34.0) with ExtractAarTransform
Transforming accompanist-systemuicontroller-0.34.0.aar (com.google.accompanist:accompanist-systemuicontroller:0.34.0) with AarTransform
Transforming accompanist-adaptive-0.34.0.aar (com.google.accompanist:accompanist-adaptive:0.34.0) with JetifyTransform
Transforming accompanist-adaptive-0.34.0.aar (com.google.accompanist:accompanist-adaptive:0.34.0) with ExtractAarTransform
Transforming accompanist-adaptive-0.34.0.aar (com.google.accompanist:accompanist-adaptive:0.34.0) with AarTransform
Transforming accompanist-drawablepainter-0.32.0.aar (com.google.accompanist:accompanist-drawablepainter:0.32.0) with JetifyTransform
Transforming accompanist-drawablepainter-0.32.0.aar (com.google.accompanist:accompanist-drawablepainter:0.32.0) with ExtractAarTransform
Transforming accompanist-drawablepainter-0.32.0.aar (com.google.accompanist:accompanist-drawablepainter:0.32.0) with AarTransform
Transforming material-ripple-release.aar (androidx.compose.material:material-ripple-android:1.6.8) with JetifyTransform
Transforming material-ripple-release.aar (androidx.compose.material:material-ripple-android:1.6.8) with ExtractAarTransform
Transforming material-ripple-release.aar (androidx.compose.material:material-ripple-android:1.6.8) with AarTransform
Transforming ui-tooling-data-release.aar (androidx.compose.ui:ui-tooling-data-android:1.7.8) with JetifyTransform
Transforming ui-tooling-data-release.aar (androidx.compose.ui:ui-tooling-data-android:1.7.8) with ExtractAarTransform
Transforming ui-tooling-data-release.aar (androidx.compose.ui:ui-tooling-data-android:1.7.8) with AarTransform
Transforming ui-tooling-preview-release.aar (androidx.compose.ui:ui-tooling-preview-android:1.7.8) with JetifyTransform
Transforming ui-tooling-preview-release.aar (androidx.compose.ui:ui-tooling-preview-android:1.7.8) with ExtractAarTransform
Transforming ui-tooling-preview-release.aar (androidx.compose.ui:ui-tooling-preview-android:1.7.8) with AarTransform
Transforming animation-core-release.aar (androidx.compose.animation:animation-core-android:1.7.8) with JetifyTransform
Transforming animation-core-release.aar (androidx.compose.animation:animation-core-android:1.7.8) with ExtractAarTransform
Transforming animation-core-release.aar (androidx.compose.animation:animation-core-android:1.7.8) with AarTransform
Transforming animation-release.aar (androidx.compose.animation:animation-android:1.7.8) with JetifyTransform
Transforming animation-release.aar (androidx.compose.animation:animation-android:1.7.8) with ExtractAarTransform
Transforming animation-release.aar (androidx.compose.animation:animation-android:1.7.8) with AarTransform
Transforming foundation-layout-release.aar (androidx.compose.foundation:foundation-layout-android:1.7.8) with JetifyTransform
Transforming foundation-layout-release.aar (androidx.compose.foundation:foundation-layout-android:1.7.8) with ExtractAarTransform
Transforming foundation-layout-release.aar (androidx.compose.foundation:foundation-layout-android:1.7.8) with AarTransform
Transforming foundation-release.aar (androidx.compose.foundation:foundation-android:1.7.8) with JetifyTransform
Transforming foundation-release.aar (androidx.compose.foundation:foundation-android:1.7.8) with ExtractAarTransform
Transforming foundation-release.aar (androidx.compose.foundation:foundation-android:1.7.8) with AarTransform
Transforming ui-util-release.aar (androidx.compose.ui:ui-util-android:1.7.8) with JetifyTransform
Transforming ui-util-release.aar (androidx.compose.ui:ui-util-android:1.7.8) with ExtractAarTransform
Transforming ui-util-release.aar (androidx.compose.ui:ui-util-android:1.7.8) with AarTransform
Transforming ui-unit-release.aar (androidx.compose.ui:ui-unit-android:1.7.8) with JetifyTransform
Transforming ui-unit-release.aar (androidx.compose.ui:ui-unit-android:1.7.8) with ExtractAarTransform
Transforming ui-unit-release.aar (androidx.compose.ui:ui-unit-android:1.7.8) with AarTransform
Transforming ui-text-release.aar (androidx.compose.ui:ui-text-android:1.7.8) with JetifyTransform
Transforming ui-text-release.aar (androidx.compose.ui:ui-text-android:1.7.8) with ExtractAarTransform
Transforming ui-text-release.aar (androidx.compose.ui:ui-text-android:1.7.8) with AarTransform
Transforming ui-graphics-release.aar (androidx.compose.ui:ui-graphics-android:1.7.8) with JetifyTransform
Transforming ui-graphics-release.aar (androidx.compose.ui:ui-graphics-android:1.7.8) with ExtractAarTransform
Transforming ui-graphics-release.aar (androidx.compose.ui:ui-graphics-android:1.7.8) with AarTransform
Transforming ui-geometry-release.aar (androidx.compose.ui:ui-geometry-android:1.7.8) with JetifyTransform
Transforming ui-geometry-release.aar (androidx.compose.ui:ui-geometry-android:1.7.8) with ExtractAarTransform
Transforming ui-geometry-release.aar (androidx.compose.ui:ui-geometry-android:1.7.8) with AarTransform
Transforming ui-test-manifest-1.7.8.aar (androidx.compose.ui:ui-test-manifest:1.7.8) with JetifyTransform
Transforming ui-test-manifest-1.7.8.aar (androidx.compose.ui:ui-test-manifest:1.7.8) with ExtractAarTransform
Transforming ui-test-manifest-1.7.8.aar (androidx.compose.ui:ui-test-manifest:1.7.8) with AarTransform
Transforming ui-tooling-release.aar (androidx.compose.ui:ui-tooling-android:1.7.8) with JetifyTransform
Transforming ui-tooling-release.aar (androidx.compose.ui:ui-tooling-android:1.7.8) with ExtractAarTransform
Transforming ui-tooling-release.aar (androidx.compose.ui:ui-tooling-android:1.7.8) with AarTransform
Transforming material-release.aar (androidx.compose.material:material-android:1.6.8) with JetifyTransform
Transforming material-release.aar (androidx.compose.material:material-android:1.6.8) with ExtractAarTransform
Transforming material-release.aar (androidx.compose.material:material-android:1.6.8) with AarTransform
Transforming material-icons-extended-release.aar (androidx.compose.material:material-icons-extended-android:1.6.8) with JetifyTransform
Transforming material-icons-extended-release.aar (androidx.compose.material:material-icons-extended-android:1.6.8) with ExtractAarTransform
Transforming material-icons-extended-release.aar (androidx.compose.material:material-icons-extended-android:1.6.8) with AarTransform
Transforming material-icons-core-release.aar (androidx.compose.material:material-icons-core-android:1.6.8) with JetifyTransform
Transforming material-icons-core-release.aar (androidx.compose.material:material-icons-core-android:1.6.8) with ExtractAarTransform
Transforming material-icons-core-release.aar (androidx.compose.material:material-icons-core-android:1.6.8) with AarTransform
Transforming ui-release.aar (androidx.compose.ui:ui-android:1.7.8) with JetifyTransform
Transforming ui-release.aar (androidx.compose.ui:ui-android:1.7.8) with ExtractAarTransform
Transforming ui-release.aar (androidx.compose.ui:ui-android:1.7.8) with AarTransform
Transforming activity-1.9.0.aar (androidx.activity:activity:1.9.0) with JetifyTransform
Transforming activity-1.9.0.aar (androidx.activity:activity:1.9.0) with ExtractAarTransform
Transforming activity-1.9.0.aar (androidx.activity:activity:1.9.0) with AarTransform
Transforming activity-ktx-1.9.0.aar (androidx.activity:activity-ktx:1.9.0) with JetifyTransform
Transforming activity-ktx-1.9.0.aar (androidx.activity:activity-ktx:1.9.0) with ExtractAarTransform
Transforming activity-ktx-1.9.0.aar (androidx.activity:activity-ktx:1.9.0) with AarTransform
Transforming activity-compose-1.9.0.aar (androidx.activity:activity-compose:1.9.0) with JetifyTransform
Transforming activity-compose-1.9.0.aar (androidx.activity:activity-compose:1.9.0) with ExtractAarTransform
Transforming activity-compose-1.9.0.aar (androidx.activity:activity-compose:1.9.0) with AarTransform
Transforming emoji2-views-helper-1.3.0.aar (androidx.emoji2:emoji2-views-helper:1.3.0) with JetifyTransform
Transforming emoji2-views-helper-1.3.0.aar (androidx.emoji2:emoji2-views-helper:1.3.0) with ExtractAarTransform
Transforming emoji2-views-helper-1.3.0.aar (androidx.emoji2:emoji2-views-helper:1.3.0) with AarTransform
Transforming emoji2-1.3.0.aar (androidx.emoji2:emoji2:1.3.0) with JetifyTransform
Transforming emoji2-1.3.0.aar (androidx.emoji2:emoji2:1.3.0) with ExtractAarTransform
Transforming emoji2-1.3.0.aar (androidx.emoji2:emoji2:1.3.0) with AarTransform
Transforming lifecycle-process-2.9.1.aar (androidx.lifecycle:lifecycle-process:2.9.1) with JetifyTransform
Transforming lifecycle-process-2.9.1.aar (androidx.lifecycle:lifecycle-process:2.9.1) with ExtractAarTransform
Transforming lifecycle-process-2.9.1.aar (androidx.lifecycle:lifecycle-process:2.9.1) with AarTransform
Transforming lifecycle-livedata-core-ktx-2.9.1.aar (androidx.lifecycle:lifecycle-livedata-core-ktx:2.9.1) with JetifyTransform
Transforming lifecycle-livedata-core-ktx-2.9.1.aar (androidx.lifecycle:lifecycle-livedata-core-ktx:2.9.1) with ExtractAarTransform
Transforming lifecycle-livedata-core-ktx-2.9.1.aar (androidx.lifecycle:lifecycle-livedata-core-ktx:2.9.1) with AarTransform
Transforming lifecycle-service-2.9.1.aar (androidx.lifecycle:lifecycle-service:2.9.1) with JetifyTransform
Transforming lifecycle-service-2.9.1.aar (androidx.lifecycle:lifecycle-service:2.9.1) with ExtractAarTransform
Transforming lifecycle-service-2.9.1.aar (androidx.lifecycle:lifecycle-service:2.9.1) with AarTransform
Transforming lifecycle-livedata-2.9.1.aar (androidx.lifecycle:lifecycle-livedata:2.9.1) with JetifyTransform
Transforming lifecycle-livedata-2.9.1.aar (androidx.lifecycle:lifecycle-livedata:2.9.1) with ExtractAarTransform
Transforming lifecycle-livedata-2.9.1.aar (androidx.lifecycle:lifecycle-livedata:2.9.1) with AarTransform
Transforming lifecycle-livedata-2.9.1.aar (androidx.lifecycle:lifecycle-livedata:2.9.1) with JetifyTransform
Transforming lifecycle-livedata-2.9.1.aar (androidx.lifecycle:lifecycle-livedata:2.9.1) with ExtractAarTransform
Transforming lifecycle-livedata-2.9.1.aar (androidx.lifecycle:lifecycle-livedata:2.9.1) with AarTransform
Transforming lifecycle-viewmodel-ktx-2.9.1.aar (androidx.lifecycle:lifecycle-viewmodel-ktx:2.9.1) with JetifyTransform
Transforming lifecycle-viewmodel-ktx-2.9.1.aar (androidx.lifecycle:lifecycle-viewmodel-ktx:2.9.1) with ExtractAarTransform
Transforming lifecycle-viewmodel-ktx-2.9.1.aar (androidx.lifecycle:lifecycle-viewmodel-ktx:2.9.1) with AarTransform
Transforming lifecycle-viewmodel-savedstate-release.aar (androidx.lifecycle:lifecycle-viewmodel-savedstate-android:2.9.1) with JetifyTransform
Transforming lifecycle-viewmodel-savedstate-release.aar (androidx.lifecycle:lifecycle-viewmodel-savedstate-android:2.9.1) with ExtractAarTransform
Transforming lifecycle-viewmodel-savedstate-release.aar (androidx.lifecycle:lifecycle-viewmodel-savedstate-android:2.9.1) with AarTransform
Transforming lifecycle-viewmodel-2.9.1.aar (androidx.lifecycle:lifecycle-viewmodel:2.9.1) with JetifyTransform
Transforming lifecycle-viewmodel-2.9.1.aar (androidx.lifecycle:lifecycle-viewmodel:2.9.1) with ExtractAarTransform
Transforming lifecycle-viewmodel-2.9.1.aar (androidx.lifecycle:lifecycle-viewmodel:2.9.1) with AarTransform
Transforming lifecycle-viewmodel-release.aar (androidx.lifecycle:lifecycle-viewmodel-android:2.9.1) with JetifyTransform
Transforming lifecycle-viewmodel-release.aar (androidx.lifecycle:lifecycle-viewmodel-android:2.9.1) with ExtractAarTransform
Transforming lifecycle-viewmodel-release.aar (androidx.lifecycle:lifecycle-viewmodel-android:2.9.1) with AarTransform
Transforming savedstate-ktx-1.3.0.aar (androidx.savedstate:savedstate-ktx:1.3.0) with JetifyTransform
Transforming savedstate-ktx-1.3.0.aar (androidx.savedstate:savedstate-ktx:1.3.0) with ExtractAarTransform
Transforming savedstate-ktx-1.3.0.aar (androidx.savedstate:savedstate-ktx:1.3.0) with AarTransform
Transforming savedstate-release.aar (androidx.savedstate:savedstate-android:1.3.0) with JetifyTransform
Transforming savedstate-release.aar (androidx.savedstate:savedstate-android:1.3.0) with ExtractAarTransform
Transforming savedstate-release.aar (androidx.savedstate:savedstate-android:1.3.0) with AarTransform
Transforming media3-ui-1.4.1.aar (androidx.media3:media3-ui:1.4.1) with JetifyTransform
Transforming media3-ui-1.4.1.aar (androidx.media3:media3-ui:1.4.1) with ExtractAarTransform
Transforming media3-ui-1.4.1.aar (androidx.media3:media3-ui:1.4.1) with AarTransform
Transforming media3-session-1.4.1.aar (androidx.media3:media3-session:1.4.1) with JetifyTransform
Transforming media3-session-1.4.1.aar (androidx.media3:media3-session:1.4.1) with ExtractAarTransform
Transforming media3-session-1.4.1.aar (androidx.media3:media3-session:1.4.1) with AarTransform
Transforming media3-extractor-1.4.1.aar (androidx.media3:media3-extractor:1.4.1) with JetifyTransform
Transforming media3-extractor-1.4.1.aar (androidx.media3:media3-extractor:1.4.1) with ExtractAarTransform
Transforming media3-extractor-1.4.1.aar (androidx.media3:media3-extractor:1.4.1) with AarTransform
Transforming media3-container-1.4.1.aar (androidx.media3:media3-container:1.4.1) with JetifyTransform
Transforming media3-container-1.4.1.aar (androidx.media3:media3-container:1.4.1) with ExtractAarTransform
Transforming media3-container-1.4.1.aar (androidx.media3:media3-container:1.4.1) with AarTransform
Transforming media3-datasource-1.4.1.aar (androidx.media3:media3-datasource:1.4.1) with JetifyTransform
Transforming media3-datasource-1.4.1.aar (androidx.media3:media3-datasource:1.4.1) with ExtractAarTransform
Transforming media3-datasource-1.4.1.aar (androidx.media3:media3-datasource:1.4.1) with AarTransform
Transforming media3-decoder-1.4.1.aar (androidx.media3:media3-decoder:1.4.1) with JetifyTransform
Transforming media3-decoder-1.4.1.aar (androidx.media3:media3-decoder:1.4.1) with ExtractAarTransform
Transforming media3-decoder-1.4.1.aar (androidx.media3:media3-decoder:1.4.1) with AarTransform
Transforming media3-database-1.4.1.aar (androidx.media3:media3-database:1.4.1) with JetifyTransform
Transforming media3-database-1.4.1.aar (androidx.media3:media3-database:1.4.1) with ExtractAarTransform
Transforming media3-database-1.4.1.aar (androidx.media3:media3-database:1.4.1) with AarTransform
Transforming media3-common-1.4.1.aar (androidx.media3:media3-common:1.4.1) with JetifyTransform
Transforming media3-common-1.4.1.aar (androidx.media3:media3-common:1.4.1) with ExtractAarTransform
Transforming media3-common-1.4.1.aar (androidx.media3:media3-common:1.4.1) with AarTransform
Transforming media3-exoplayer-1.4.1.aar (androidx.media3:media3-exoplayer:1.4.1) with JetifyTransform
Transforming media3-exoplayer-1.4.1.aar (androidx.media3:media3-exoplayer:1.4.1) with ExtractAarTransform
Transforming media3-exoplayer-1.4.1.aar (androidx.media3:media3-exoplayer:1.4.1) with AarTransform
Transforming coordinatorlayout-1.1.0.aar (androidx.coordinatorlayout:coordinatorlayout:1.1.0) with JetifyTransform
Transforming coordinatorlayout-1.1.0.aar (androidx.coordinatorlayout:coordinatorlayout:1.1.0) with ExtractAarTransform
Transforming coordinatorlayout-1.1.0.aar (androidx.coordinatorlayout:coordinatorlayout:1.1.0) with AarTransform
Transforming coordinatorlayout-1.1.0.aar (androidx.coordinatorlayout:coordinatorlayout:1.1.0) with JetifyTransform
Transforming coordinatorlayout-1.1.0.aar (androidx.coordinatorlayout:coordinatorlayout:1.1.0) with ExtractAarTransform
Transforming coordinatorlayout-1.1.0.aar (androidx.coordinatorlayout:coordinatorlayout:1.1.0) with AarTransform
Transforming drawerlayout-1.1.1.aar (androidx.drawerlayout:drawerlayout:1.1.1) with JetifyTransform
Transforming drawerlayout-1.1.1.aar (androidx.drawerlayout:drawerlayout:1.1.1) with ExtractAarTransform
Transforming drawerlayout-1.1.1.aar (androidx.drawerlayout:drawerlayout:1.1.1) with AarTransform
Transforming drawerlayout-1.1.1.aar (androidx.drawerlayout:drawerlayout:1.1.1) with JetifyTransform
Transforming drawerlayout-1.1.1.aar (androidx.drawerlayout:drawerlayout:1.1.1) with ExtractAarTransform
Transforming drawerlayout-1.1.1.aar (androidx.drawerlayout:drawerlayout:1.1.1) with AarTransform
Transforming transition-1.2.0.aar (androidx.transition:transition:1.2.0) with JetifyTransform
Transforming transition-1.2.0.aar (androidx.transition:transition:1.2.0) with ExtractAarTransform
Transforming transition-1.2.0.aar (androidx.transition:transition:1.2.0) with AarTransform
Transforming vectordrawable-animated-1.1.0.aar (androidx.vectordrawable:vectordrawable-animated:1.1.0) with JetifyTransform
Transforming vectordrawable-animated-1.1.0.aar (androidx.vectordrawable:vectordrawable-animated:1.1.0) with ExtractAarTransform
Transforming vectordrawable-animated-1.1.0.aar (androidx.vectordrawable:vectordrawable-animated:1.1.0) with AarTransform
Transforming vectordrawable-1.1.0.aar (androidx.vectordrawable:vectordrawable:1.1.0) with JetifyTransform
Transforming vectordrawable-1.1.0.aar (androidx.vectordrawable:vectordrawable:1.1.0) with ExtractAarTransform
Transforming vectordrawable-1.1.0.aar (androidx.vectordrawable:vectordrawable:1.1.0) with AarTransform
Transforming vectordrawable-1.1.0.aar (androidx.vectordrawable:vectordrawable:1.1.0) with JetifyTransform
Transforming vectordrawable-1.1.0.aar (androidx.vectordrawable:vectordrawable:1.1.0) with ExtractAarTransform
Transforming vectordrawable-1.1.0.aar (androidx.vectordrawable:vectordrawable:1.1.0) with AarTransform
Transforming recyclerview-1.3.0.aar (androidx.recyclerview:recyclerview:1.3.0) with JetifyTransform
Transforming recyclerview-1.3.0.aar (androidx.recyclerview:recyclerview:1.3.0) with ExtractAarTransform
Transforming recyclerview-1.3.0.aar (androidx.recyclerview:recyclerview:1.3.0) with AarTransform
Transforming recyclerview-1.3.0.aar (androidx.recyclerview:recyclerview:1.3.0) with JetifyTransform
Transforming recyclerview-1.3.0.aar (androidx.recyclerview:recyclerview:1.3.0) with ExtractAarTransform
Transforming recyclerview-1.3.0.aar (androidx.recyclerview:recyclerview:1.3.0) with AarTransform
Transforming media-1.7.0.aar (androidx.media:media:1.7.0) with JetifyTransform
Transforming media-1.7.0.aar (androidx.media:media:1.7.0) with ExtractAarTransform
Transforming media-1.7.0.aar (androidx.media:media:1.7.0) with AarTransform
Transforming media-1.7.0.aar (androidx.media:media:1.7.0) with JetifyTransform
Transforming media-1.7.0.aar (androidx.media:media:1.7.0) with ExtractAarTransform
Transforming media-1.7.0.aar (androidx.media:media:1.7.0) with AarTransform
Transforming viewpager-1.0.0.aar (androidx.viewpager:viewpager:1.0.0) with JetifyTransform
Transforming viewpager-1.0.0.aar (androidx.viewpager:viewpager:1.0.0) with ExtractAarTransform
Transforming viewpager-1.0.0.aar (androidx.viewpager:viewpager:1.0.0) with AarTransform
Transforming viewpager-1.0.0.aar (androidx.viewpager:viewpager:1.0.0) with JetifyTransform
Transforming viewpager-1.0.0.aar (androidx.viewpager:viewpager:1.0.0) with ExtractAarTransform
Transforming viewpager-1.0.0.aar (androidx.viewpager:viewpager:1.0.0) with AarTransform
Transforming window-1.0.0.aar (androidx.window:window:1.0.0) with JetifyTransform
Transforming window-1.0.0.aar (androidx.window:window:1.0.0) with ExtractAarTransform
Transforming window-1.0.0.aar (androidx.window:window:1.0.0) with AarTransform
Transforming slidingpanelayout-1.0.0.aar (androidx.slidingpanelayout:slidingpanelayout:1.0.0) with JetifyTransform
Transforming slidingpanelayout-1.0.0.aar (androidx.slidingpanelayout:slidingpanelayout:1.0.0) with ExtractAarTransform
Transforming slidingpanelayout-1.0.0.aar (androidx.slidingpanelayout:slidingpanelayout:1.0.0) with AarTransform
Transforming customview-1.1.0.aar (androidx.customview:customview:1.1.0) with JetifyTransform
Transforming customview-1.1.0.aar (androidx.customview:customview:1.1.0) with ExtractAarTransform
Transforming customview-1.1.0.aar (androidx.customview:customview:1.1.0) with AarTransform
Transforming customview-1.1.0.aar (androidx.customview:customview:1.1.0) with JetifyTransform
Transforming customview-1.1.0.aar (androidx.customview:customview:1.1.0) with ExtractAarTransform
Transforming customview-1.1.0.aar (androidx.customview:customview:1.1.0) with AarTransform
Transforming customview-1.1.0.aar (androidx.customview:customview:1.1.0) with JetifyTransform
Transforming customview-1.1.0.aar (androidx.customview:customview:1.1.0) with ExtractAarTransform
Transforming customview-1.1.0.aar (androidx.customview:customview:1.1.0) with AarTransform
Transforming customview-1.1.0.aar (androidx.customview:customview:1.1.0) with JetifyTransform
Transforming customview-1.1.0.aar (androidx.customview:customview:1.1.0) with ExtractAarTransform
Transforming customview-1.1.0.aar (androidx.customview:customview:1.1.0) with AarTransform
Transforming customview-1.1.0.aar (androidx.customview:customview:1.1.0) with JetifyTransform
Transforming customview-1.1.0.aar (androidx.customview:customview:1.1.0) with ExtractAarTransform
Transforming customview-1.1.0.aar (androidx.customview:customview:1.1.0) with AarTransform
Transforming customview-1.1.0.aar (androidx.customview:customview:1.1.0) with JetifyTransform
Transforming customview-1.1.0.aar (androidx.customview:customview:1.1.0) with ExtractAarTransform
Transforming customview-1.1.0.aar (androidx.customview:customview:1.1.0) with AarTransform
Transforming swiperefreshlayout-1.0.0.aar (androidx.swiperefreshlayout:swiperefreshlayout:1.0.0) with JetifyTransform
Transforming swiperefreshlayout-1.0.0.aar (androidx.swiperefreshlayout:swiperefreshlayout:1.0.0) with ExtractAarTransform
Transforming swiperefreshlayout-1.0.0.aar (androidx.swiperefreshlayout:swiperefreshlayout:1.0.0) with AarTransform
Transforming asynclayoutinflater-1.0.0.aar (androidx.asynclayoutinflater:asynclayoutinflater:1.0.0) with JetifyTransform
Transforming asynclayoutinflater-1.0.0.aar (androidx.asynclayoutinflater:asynclayoutinflater:1.0.0) with ExtractAarTransform
Transforming asynclayoutinflater-1.0.0.aar (androidx.asynclayoutinflater:asynclayoutinflater:1.0.0) with AarTransform
Transforming autofill-1.0.0.aar (androidx.autofill:autofill:1.0.0) with JetifyTransform
Transforming autofill-1.0.0.aar (androidx.autofill:autofill:1.0.0) with ExtractAarTransform
Transforming autofill-1.0.0.aar (androidx.autofill:autofill:1.0.0) with AarTransform
Transforming customview-poolingcontainer-1.0.0.aar (androidx.customview:customview-poolingcontainer:1.0.0) with JetifyTransform
Transforming customview-poolingcontainer-1.0.0.aar (androidx.customview:customview-poolingcontainer:1.0.0) with ExtractAarTransform
Transforming customview-poolingcontainer-1.0.0.aar (androidx.customview:customview-poolingcontainer:1.0.0) with AarTransform
Transforming core-ktx-1.13.1.aar (androidx.core:core-ktx:1.13.1) with JetifyTransform
Transforming core-ktx-1.13.1.aar (androidx.core:core-ktx:1.13.1) with ExtractAarTransform
Transforming core-ktx-1.13.1.aar (androidx.core:core-ktx:1.13.1) with AarTransform
Transforming graphics-path-1.0.1.aar (androidx.graphics:graphics-path:1.0.1) with JetifyTransform
Transforming graphics-path-1.0.1.aar (androidx.graphics:graphics-path:1.0.1) with ExtractAarTransform
Transforming graphics-path-1.0.1.aar (androidx.graphics:graphics-path:1.0.1) with AarTransform
Transforming core-1.13.1.aar (androidx.core:core:1.13.1) with JetifyTransform
Transforming core-1.13.1.aar (androidx.core:core:1.13.1) with ExtractAarTransform
Transforming core-1.13.1.aar (androidx.core:core:1.13.1) with AarTransform
Transforming core-1.13.1.aar (androidx.core:core:1.13.1) with JetifyTransform
Transforming core-1.13.1.aar (androidx.core:core:1.13.1) with ExtractAarTransform
Transforming core-1.13.1.aar (androidx.core:core:1.13.1) with AarTransform
Transforming core-1.13.1.aar (androidx.core:core:1.13.1) with JetifyTransform
Transforming core-1.13.1.aar (androidx.core:core:1.13.1) with ExtractAarTransform
Transforming core-1.13.1.aar (androidx.core:core:1.13.1) with AarTransform
Transforming core-1.13.1.aar (androidx.core:core:1.13.1) with JetifyTransform
Transforming core-1.13.1.aar (androidx.core:core:1.13.1) with ExtractAarTransform
Transforming core-1.13.1.aar (androidx.core:core:1.13.1) with AarTransform
Transforming core-1.13.1.aar (androidx.core:core:1.13.1) with JetifyTransform
Transforming core-1.13.1.aar (androidx.core:core:1.13.1) with ExtractAarTransform
Transforming core-1.13.1.aar (androidx.core:core:1.13.1) with AarTransform
Transforming core-1.13.1.aar (androidx.core:core:1.13.1) with JetifyTransform
Transforming core-1.13.1.aar (androidx.core:core:1.13.1) with ExtractAarTransform
Transforming core-1.13.1.aar (androidx.core:core:1.13.1) with AarTransform
Transforming lifecycle-runtime-release.aar (androidx.lifecycle:lifecycle-runtime-android:2.9.1) with JetifyTransform
Transforming lifecycle-runtime-release.aar (androidx.lifecycle:lifecycle-runtime-android:2.9.1) with ExtractAarTransform
Transforming lifecycle-runtime-release.aar (androidx.lifecycle:lifecycle-runtime-android:2.9.1) with AarTransform
Transforming lifecycle-livedata-core-2.9.1.aar (androidx.lifecycle:lifecycle-livedata-core:2.9.1) with JetifyTransform
Transforming lifecycle-livedata-core-2.9.1.aar (androidx.lifecycle:lifecycle-livedata-core:2.9.1) with ExtractAarTransform
Transforming lifecycle-livedata-core-2.9.1.aar (androidx.lifecycle:lifecycle-livedata-core:2.9.1) with AarTransform
Transforming lifecycle-runtime-compose-release.aar (androidx.lifecycle:lifecycle-runtime-compose-android:2.9.1) with JetifyTransform
Transforming lifecycle-runtime-compose-release.aar (androidx.lifecycle:lifecycle-runtime-compose-android:2.9.1) with ExtractAarTransform
Transforming lifecycle-runtime-compose-release.aar (androidx.lifecycle:lifecycle-runtime-compose-android:2.9.1) with AarTransform
Transforming lifecycle-viewmodel-compose-release.aar (androidx.lifecycle:lifecycle-viewmodel-compose-android:2.9.1) with JetifyTransform
Transforming lifecycle-viewmodel-compose-release.aar (androidx.lifecycle:lifecycle-viewmodel-compose-android:2.9.1) with ExtractAarTransform
Transforming lifecycle-viewmodel-compose-release.aar (androidx.lifecycle:lifecycle-viewmodel-compose-android:2.9.1) with AarTransform
Transforming lifecycle-runtime-ktx.aar (androidx.lifecycle:lifecycle-runtime-ktx-android:2.9.1) with JetifyTransform
Transforming lifecycle-runtime-ktx.aar (androidx.lifecycle:lifecycle-runtime-ktx-android:2.9.1) with ExtractAarTransform
Transforming lifecycle-runtime-ktx.aar (androidx.lifecycle:lifecycle-runtime-ktx-android:2.9.1) with AarTransform
Transforming datastore-core-release.aar (androidx.datastore:datastore-core-android:1.1.7) with JetifyTransform
Transforming datastore-core-release.aar (androidx.datastore:datastore-core-android:1.1.7) with ExtractAarTransform
Transforming datastore-core-release.aar (androidx.datastore:datastore-core-android:1.1.7) with AarTransform
Transforming datastore-preferences-core-release.aar (androidx.datastore:datastore-preferences-core-android:1.1.7) with JetifyTransform
Transforming datastore-preferences-core-release.aar (androidx.datastore:datastore-preferences-core-android:1.1.7) with ExtractAarTransform
Transforming datastore-preferences-core-release.aar (androidx.datastore:datastore-preferences-core-android:1.1.7) with AarTransform
Transforming datastore-release.aar (androidx.datastore:datastore-android:1.1.7) with JetifyTransform
Transforming datastore-release.aar (androidx.datastore:datastore-android:1.1.7) with ExtractAarTransform
Transforming datastore-release.aar (androidx.datastore:datastore-android:1.1.7) with AarTransform
Transforming datastore-preferences-release.aar (androidx.datastore:datastore-preferences-android:1.1.7) with JetifyTransform
Transforming datastore-preferences-release.aar (androidx.datastore:datastore-preferences-android:1.1.7) with ExtractAarTransform
Transforming datastore-preferences-release.aar (androidx.datastore:datastore-preferences-android:1.1.7) with AarTransform
Transforming runtime-saveable-release.aar (androidx.compose.runtime:runtime-saveable-android:1.7.8) with JetifyTransform
Transforming runtime-saveable-release.aar (androidx.compose.runtime:runtime-saveable-android:1.7.8) with ExtractAarTransform
Transforming runtime-saveable-release.aar (androidx.compose.runtime:runtime-saveable-android:1.7.8) with AarTransform
Transforming runtime-release.aar (androidx.compose.runtime:runtime-android:1.7.8) with JetifyTransform
Transforming runtime-release.aar (androidx.compose.runtime:runtime-android:1.7.8) with ExtractAarTransform
Transforming runtime-release.aar (androidx.compose.runtime:runtime-android:1.7.8) with AarTransform
Transforming annotation-experimental-1.4.1.aar (androidx.annotation:annotation-experimental:1.4.1) with JetifyTransform
Transforming annotation-experimental-1.4.1.aar (androidx.annotation:annotation-experimental:1.4.1) with ExtractAarTransform
Transforming annotation-experimental-1.4.1.aar (androidx.annotation:annotation-experimental:1.4.1) with AarTransform
Transforming sqlite-framework-release.aar (androidx.sqlite:sqlite-framework-android:2.5.1) with JetifyTransform
Transforming sqlite-framework-release.aar (androidx.sqlite:sqlite-framework-android:2.5.1) with ExtractAarTransform
Transforming sqlite-framework-release.aar (androidx.sqlite:sqlite-framework-android:2.5.1) with AarTransform
Transforming sqlite-release.aar (androidx.sqlite:sqlite-android:2.5.1) with JetifyTransform
Transforming sqlite-release.aar (androidx.sqlite:sqlite-android:2.5.1) with ExtractAarTransform
Transforming sqlite-release.aar (androidx.sqlite:sqlite-android:2.5.1) with AarTransform
Transforming core-viewtree-1.0.0.aar (androidx.core:core-viewtree:1.0.0) with JetifyTransform
Transforming core-viewtree-1.0.0.aar (androidx.core:core-viewtree:1.0.0) with ExtractAarTransform
Transforming core-viewtree-1.0.0.aar (androidx.core:core-viewtree:1.0.0) with AarTransform
Transforming documentfile-1.0.1.aar (androidx.documentfile:documentfile:1.0.1) with JetifyTransform
Transforming documentfile-1.0.1.aar (androidx.documentfile:documentfile:1.0.1) with ExtractAarTransform
Transforming documentfile-1.0.1.aar (androidx.documentfile:documentfile:1.0.1) with AarTransform
Transforming documentfile-1.0.1.aar (androidx.documentfile:documentfile:1.0.1) with JetifyTransform
Transforming documentfile-1.0.1.aar (androidx.documentfile:documentfile:1.0.1) with ExtractAarTransform
Transforming documentfile-1.0.1.aar (androidx.documentfile:documentfile:1.0.1) with AarTransform
Transforming cardview-1.0.0.aar (androidx.cardview:cardview:1.0.0) with JetifyTransform
Transforming cardview-1.0.0.aar (androidx.cardview:cardview:1.0.0) with ExtractAarTransform
Transforming cardview-1.0.0.aar (androidx.cardview:cardview:1.0.0) with AarTransform
Transforming core-runtime-2.2.0.aar (androidx.arch.core:core-runtime:2.2.0) with JetifyTransform
Transforming core-runtime-2.2.0.aar (androidx.arch.core:core-runtime:2.2.0) with ExtractAarTransform
Transforming core-runtime-2.2.0.aar (androidx.arch.core:core-runtime:2.2.0) with AarTransform
Transforming cursoradapter-1.0.0.aar (androidx.cursoradapter:cursoradapter:1.0.0) with JetifyTransform
Transforming cursoradapter-1.0.0.aar (androidx.cursoradapter:cursoradapter:1.0.0) with ExtractAarTransform
Transforming cursoradapter-1.0.0.aar (androidx.cursoradapter:cursoradapter:1.0.0) with AarTransform
Transforming cursoradapter-1.0.0.aar (androidx.cursoradapter:cursoradapter:1.0.0) with JetifyTransform
Transforming cursoradapter-1.0.0.aar (androidx.cursoradapter:cursoradapter:1.0.0) with ExtractAarTransform
Transforming cursoradapter-1.0.0.aar (androidx.cursoradapter:cursoradapter:1.0.0) with AarTransform
Transforming gifdecoder-4.15.1.aar (com.github.bumptech.glide:gifdecoder:4.15.1) with JetifyTransform
Transforming gifdecoder-4.15.1.aar (com.github.bumptech.glide:gifdecoder:4.15.1) with ExtractAarTransform
Transforming gifdecoder-4.15.1.aar (com.github.bumptech.glide:gifdecoder:4.15.1) with AarTransform
Transforming profileinstaller-1.4.0.aar (androidx.profileinstaller:profileinstaller:1.4.0) with JetifyTransform
Transforming profileinstaller-1.4.0.aar (androidx.profileinstaller:profileinstaller:1.4.0) with ExtractAarTransform
Transforming profileinstaller-1.4.0.aar (androidx.profileinstaller:profileinstaller:1.4.0) with AarTransform
Transforming startup-runtime-1.1.1.aar (androidx.startup:startup-runtime:1.1.1) with JetifyTransform
Transforming startup-runtime-1.1.1.aar (androidx.startup:startup-runtime:1.1.1) with ExtractAarTransform
Transforming startup-runtime-1.1.1.aar (androidx.startup:startup-runtime:1.1.1) with AarTransform
Transforming tracing-1.0.0.aar (androidx.tracing:tracing:1.0.0) with JetifyTransform
Transforming tracing-1.0.0.aar (androidx.tracing:tracing:1.0.0) with ExtractAarTransform
Transforming tracing-1.0.0.aar (androidx.tracing:tracing:1.0.0) with AarTransform
Transforming localbroadcastmanager-1.0.0.aar (androidx.localbroadcastmanager:localbroadcastmanager:1.0.0) with JetifyTransform
Transforming localbroadcastmanager-1.0.0.aar (androidx.localbroadcastmanager:localbroadcastmanager:1.0.0) with ExtractAarTransform
Transforming localbroadcastmanager-1.0.0.aar (androidx.localbroadcastmanager:localbroadcastmanager:1.0.0) with AarTransform
Transforming print-1.0.0.aar (androidx.print:print:1.0.0) with JetifyTransform
Transforming print-1.0.0.aar (androidx.print:print:1.0.0) with ExtractAarTransform
Transforming print-1.0.0.aar (androidx.print:print:1.0.0) with AarTransform
Transforming interpolator-1.0.0.aar (androidx.interpolator:interpolator:1.0.0) with JetifyTransform
Transforming interpolator-1.0.0.aar (androidx.interpolator:interpolator:1.0.0) with ExtractAarTransform
Transforming interpolator-1.0.0.aar (androidx.interpolator:interpolator:1.0.0) with AarTransform
Transforming interpolator-1.0.0.aar (androidx.interpolator:interpolator:1.0.0) with JetifyTransform
Transforming interpolator-1.0.0.aar (androidx.interpolator:interpolator:1.0.0) with ExtractAarTransform
Transforming interpolator-1.0.0.aar (androidx.interpolator:interpolator:1.0.0) with AarTransform
Transforming interpolator-1.0.0.aar (androidx.interpolator:interpolator:1.0.0) with JetifyTransform
Transforming interpolator-1.0.0.aar (androidx.interpolator:interpolator:1.0.0) with ExtractAarTransform
Transforming interpolator-1.0.0.aar (androidx.interpolator:interpolator:1.0.0) with AarTransform
Transforming interpolator-1.0.0.aar (androidx.interpolator:interpolator:1.0.0) with JetifyTransform
Transforming interpolator-1.0.0.aar (androidx.interpolator:interpolator:1.0.0) with ExtractAarTransform
Transforming interpolator-1.0.0.aar (androidx.interpolator:interpolator:1.0.0) with AarTransform
Transforming transport-backend-cct-2.3.3.aar (com.google.android.datatransport:transport-backend-cct:2.3.3) with JetifyTransform
Transforming transport-backend-cct-2.3.3.aar (com.google.android.datatransport:transport-backend-cct:2.3.3) with ExtractAarTransform
Transforming transport-backend-cct-2.3.3.aar (com.google.android.datatransport:transport-backend-cct:2.3.3) with AarTransform
Transforming transport-backend-cct-2.3.3.aar (com.google.android.datatransport:transport-backend-cct:2.3.3) with JetifyTransform
Transforming transport-backend-cct-2.3.3.aar (com.google.android.datatransport:transport-backend-cct:2.3.3) with ExtractAarTransform
Transforming transport-backend-cct-2.3.3.aar (com.google.android.datatransport:transport-backend-cct:2.3.3) with AarTransform
Transforming transport-backend-cct-2.3.3.aar (com.google.android.datatransport:transport-backend-cct:2.3.3) with JetifyTransform
Transforming transport-backend-cct-2.3.3.aar (com.google.android.datatransport:transport-backend-cct:2.3.3) with ExtractAarTransform
Transforming transport-backend-cct-2.3.3.aar (com.google.android.datatransport:transport-backend-cct:2.3.3) with AarTransform
Transforming transport-runtime-2.2.6.aar (com.google.android.datatransport:transport-runtime:2.2.6) with JetifyTransform
Transforming transport-runtime-2.2.6.aar (com.google.android.datatransport:transport-runtime:2.2.6) with ExtractAarTransform
Transforming transport-runtime-2.2.6.aar (com.google.android.datatransport:transport-runtime:2.2.6) with AarTransform
Transforming transport-runtime-2.2.6.aar (com.google.android.datatransport:transport-runtime:2.2.6) with JetifyTransform
Transforming transport-runtime-2.2.6.aar (com.google.android.datatransport:transport-runtime:2.2.6) with ExtractAarTransform
Transforming transport-runtime-2.2.6.aar (com.google.android.datatransport:transport-runtime:2.2.6) with AarTransform
Transforming transport-runtime-2.2.6.aar (com.google.android.datatransport:transport-runtime:2.2.6) with JetifyTransform
Transforming transport-runtime-2.2.6.aar (com.google.android.datatransport:transport-runtime:2.2.6) with ExtractAarTransform
Transforming transport-runtime-2.2.6.aar (com.google.android.datatransport:transport-runtime:2.2.6) with AarTransform
Transforming transport-runtime-2.2.6.aar (com.google.android.datatransport:transport-runtime:2.2.6) with JetifyTransform
Transforming transport-runtime-2.2.6.aar (com.google.android.datatransport:transport-runtime:2.2.6) with ExtractAarTransform
Transforming transport-runtime-2.2.6.aar (com.google.android.datatransport:transport-runtime:2.2.6) with AarTransform
Transforming transport-api-2.2.1.aar (com.google.android.datatransport:transport-api:2.2.1) with JetifyTransform
Transforming transport-api-2.2.1.aar (com.google.android.datatransport:transport-api:2.2.1) with ExtractAarTransform
Transforming transport-api-2.2.1.aar (com.google.android.datatransport:transport-api:2.2.1) with AarTransform
Transforming transport-api-2.2.1.aar (com.google.android.datatransport:transport-api:2.2.1) with JetifyTransform
Transforming transport-api-2.2.1.aar (com.google.android.datatransport:transport-api:2.2.1) with ExtractAarTransform
Transforming transport-api-2.2.1.aar (com.google.android.datatransport:transport-api:2.2.1) with AarTransform
Transforming transport-api-2.2.1.aar (com.google.android.datatransport:transport-api:2.2.1) with JetifyTransform
Transforming transport-api-2.2.1.aar (com.google.android.datatransport:transport-api:2.2.1) with ExtractAarTransform
Transforming transport-api-2.2.1.aar (com.google.android.datatransport:transport-api:2.2.1) with AarTransform
Transforming transport-api-2.2.1.aar (com.google.android.datatransport:transport-api:2.2.1) with JetifyTransform
Transforming transport-api-2.2.1.aar (com.google.android.datatransport:transport-api:2.2.1) with ExtractAarTransform
Transforming transport-api-2.2.1.aar (com.google.android.datatransport:transport-api:2.2.1) with AarTransform
Transforming transport-api-2.2.1.aar (com.google.android.datatransport:transport-api:2.2.1) with JetifyTransform
Transforming transport-api-2.2.1.aar (com.google.android.datatransport:transport-api:2.2.1) with ExtractAarTransform
Transforming transport-api-2.2.1.aar (com.google.android.datatransport:transport-api:2.2.1) with AarTransform
Transforming firebase-components-16.1.0.aar (com.google.firebase:firebase-components:16.1.0) with JetifyTransform
Transforming firebase-components-16.1.0.aar (com.google.firebase:firebase-components:16.1.0) with ExtractAarTransform
Transforming firebase-components-16.1.0.aar (com.google.firebase:firebase-components:16.1.0) with AarTransform
Transforming firebase-components-16.1.0.aar (com.google.firebase:firebase-components:16.1.0) with JetifyTransform
Transforming firebase-components-16.1.0.aar (com.google.firebase:firebase-components:16.1.0) with ExtractAarTransform
Transforming firebase-components-16.1.0.aar (com.google.firebase:firebase-components:16.1.0) with AarTransform
Transforming firebase-components-16.1.0.aar (com.google.firebase:firebase-components:16.1.0) with JetifyTransform
Transforming firebase-components-16.1.0.aar (com.google.firebase:firebase-components:16.1.0) with ExtractAarTransform
Transforming firebase-components-16.1.0.aar (com.google.firebase:firebase-components:16.1.0) with AarTransform
Transforming firebase-encoders-json-17.1.0.aar (com.google.firebase:firebase-encoders-json:17.1.0) with JetifyTransform
Transforming firebase-encoders-json-17.1.0.aar (com.google.firebase:firebase-encoders-json:17.1.0) with ExtractAarTransform
Transforming firebase-encoders-json-17.1.0.aar (com.google.firebase:firebase-encoders-json:17.1.0) with AarTransform
Transforming firebase-encoders-json-17.1.0.aar (com.google.firebase:firebase-encoders-json:17.1.0) with JetifyTransform
Transforming firebase-encoders-json-17.1.0.aar (com.google.firebase:firebase-encoders-json:17.1.0) with ExtractAarTransform
Transforming firebase-encoders-json-17.1.0.aar (com.google.firebase:firebase-encoders-json:17.1.0) with AarTransform
Transforming firebase-encoders-json-17.1.0.aar (com.google.firebase:firebase-encoders-json:17.1.0) with JetifyTransform
Transforming firebase-encoders-json-17.1.0.aar (com.google.firebase:firebase-encoders-json:17.1.0) with ExtractAarTransform
Transforming firebase-encoders-json-17.1.0.aar (com.google.firebase:firebase-encoders-json:17.1.0) with AarTransform
Transforming firebase-encoders-json-17.1.0.aar (com.google.firebase:firebase-encoders-json:17.1.0) with JetifyTransform
Transforming firebase-encoders-json-17.1.0.aar (com.google.firebase:firebase-encoders-json:17.1.0) with ExtractAarTransform
Transforming firebase-encoders-json-17.1.0.aar (com.google.firebase:firebase-encoders-json:17.1.0) with AarTransform
Transforming exifinterface-1.3.7.aar (androidx.exifinterface:exifinterface:1.3.7) with JetifyTransform
Transforming exifinterface-1.3.7.aar (androidx.exifinterface:exifinterface:1.3.7) with ExtractAarTransform
Transforming exifinterface-1.3.7.aar (androidx.exifinterface:exifinterface:1.3.7) with AarTransform
Transforming exifinterface-1.3.7.aar (androidx.exifinterface:exifinterface:1.3.7) with JetifyTransform
Transforming exifinterface-1.3.7.aar (androidx.exifinterface:exifinterface:1.3.7) with ExtractAarTransform
Transforming exifinterface-1.3.7.aar (androidx.exifinterface:exifinterface:1.3.7) with AarTransform
Transforming versionedparcelable-1.1.1.aar (androidx.versionedparcelable:versionedparcelable:1.1.1) with JetifyTransform
Transforming versionedparcelable-1.1.1.aar (androidx.versionedparcelable:versionedparcelable:1.1.1) with ExtractAarTransform
Transforming versionedparcelable-1.1.1.aar (androidx.versionedparcelable:versionedparcelable:1.1.1) with AarTransform
Transforming dagger-lint-aar-2.51.1.aar (com.google.dagger:dagger-lint-aar:2.51.1) with JetifyTransform
Transforming dagger-lint-aar-2.51.1.aar (com.google.dagger:dagger-lint-aar:2.51.1) with ExtractAarTransform
Transforming dagger-lint-aar-2.51.1.aar (com.google.dagger:dagger-lint-aar:2.51.1) with AarTransform
Transforming pdfbox-android-2.0.27.0.aar (com.tom-roush:pdfbox-android:2.0.27.0) with JetifyTransform
Transforming pdfbox-android-2.0.27.0.aar (com.tom-roush:pdfbox-android:2.0.27.0) with ExtractAarTransform
Transforming pdfbox-android-2.0.27.0.aar (com.tom-roush:pdfbox-android:2.0.27.0) with AarTransform
Transforming image-1.0.0-beta1.aar (com.google.android.odml:image:1.0.0-beta1) with JetifyTransform
Transforming image-1.0.0-beta1.aar (com.google.android.odml:image:1.0.0-beta1) with ExtractAarTransform
Transforming image-1.0.0-beta1.aar (com.google.android.odml:image:1.0.0-beta1) with AarTransform
Transforming image-1.0.0-beta1.aar (com.google.android.odml:image:1.0.0-beta1) with JetifyTransform
Transforming image-1.0.0-beta1.aar (com.google.android.odml:image:1.0.0-beta1) with ExtractAarTransform
Transforming image-1.0.0-beta1.aar (com.google.android.odml:image:1.0.0-beta1) with AarTransform
Build cache key for task ':android:app:processDebugMainManifest' is 62b44120cb956709afd70e5bb615ab8f
Skipping task ':android:app:processDebugMainManifest' as it is up-to-date.
Resolve mutations for :android:app:processDebugManifest (Thread[Execution worker Thread 9,5,main]) started.
:android:app:processDebugManifest (Thread[Execution worker Thread 9,5,main]) started.

> Task :android:app:processDebugManifest UP-TO-DATE
Build cache key for task ':android:app:processDebugManifest' is 76ba0dc24dd967f3fa02cb7b47a65947
Skipping task ':android:app:processDebugManifest' as it is up-to-date.
Resolve mutations for :android:app:processDebugManifestForPackage (Thread[Execution worker Thread 9,5,main]) started.
:android:app:processDebugManifestForPackage (Thread[Execution worker Thread 9,5,main]) started.

> Task :android:app:processDebugManifestForPackage UP-TO-DATE
Custom actions are attached to task ':android:app:processDebugManifestForPackage'.
Build cache key for task ':android:app:processDebugManifestForPackage' is 6a9e3189462a5e386c68517a5c3af2b8
Skipping task ':android:app:processDebugManifestForPackage' as it is up-to-date.
Resolve mutations for :android:app:processDebugResources (Thread[Execution worker Thread 9,5,main]) started.

> Task :android:core-reader:compileDebugKotlin UP-TO-DATE
Transforming R.jar with ClasspathEntrySnapshotTransform
Transforming classes.jar with ClasspathEntrySnapshotTransform
Transforming jetified-hilt-android-2.51.1-api.jar with ClasspathEntrySnapshotTransform
Transforming fragment-1.5.1-api.jar with ClasspathEntrySnapshotTransform
Transforming jetified-activity-1.5.1-api.jar with ClasspathEntrySnapshotTransform
Transforming jetified-lifecycle-viewmodel-savedstate-2.5.1-api.jar with ClasspathEntrySnapshotTransform
Transforming jetified-core-ktx-1.12.0-api.jar with ClasspathEntrySnapshotTransform
Transforming loader-1.0.0-api.jar with ClasspathEntrySnapshotTransform
Transforming viewpager-1.0.0-api.jar with ClasspathEntrySnapshotTransform
Transforming customview-1.0.0-api.jar with ClasspathEntrySnapshotTransform
Transforming core-1.12.0-api.jar with ClasspathEntrySnapshotTransform
Transforming jetified-annotation-experimental-1.4.1-api.jar with ClasspathEntrySnapshotTransform
Transforming lifecycle-viewmodel-2.5.1-api.jar with ClasspathEntrySnapshotTransform
Transforming jetified-savedstate-1.2.0-api.jar with ClasspathEntrySnapshotTransform
Transforming lifecycle-runtime-2.5.1-api.jar with ClasspathEntrySnapshotTransform
Transforming lifecycle-livedata-2.0.0-api.jar with ClasspathEntrySnapshotTransform
Transforming lifecycle-livedata-core-2.5.1-api.jar with ClasspathEntrySnapshotTransform
Transforming lifecycle-common-2.5.1.jar with ClasspathEntrySnapshotTransform
Transforming jetified-collection-ktx-1.4.2.jar with ClasspathEntrySnapshotTransform
Transforming versionedparcelable-1.1.1-api.jar with ClasspathEntrySnapshotTransform
Transforming jetified-collection-jvm-1.4.2.jar with ClasspathEntrySnapshotTransform
Transforming core-runtime-2.2.0-api.jar with ClasspathEntrySnapshotTransform
Transforming core-common-2.2.0.jar with ClasspathEntrySnapshotTransform
Transforming jetified-annotation-jvm-1.9.1.jar with ClasspathEntrySnapshotTransform
Transforming jetified-kotlinx-coroutines-core-jvm-1.7.3.jar with ClasspathEntrySnapshotTransform
Transforming jetified-kotlinx-coroutines-android-1.7.3.jar with ClasspathEntrySnapshotTransform
Transforming jetified-kotlin-stdlib-jdk8-1.9.25.jar with ClasspathEntrySnapshotTransform
Transforming jetified-kotlin-stdlib-jdk7-1.9.25.jar with ClasspathEntrySnapshotTransform
Transforming jetified-kotlin-stdlib-1.9.25.jar with ClasspathEntrySnapshotTransform
Transforming jetified-zip4j-2.11.5.jar with ClasspathEntrySnapshotTransform
Transforming jetified-junrar-7.5.5.jar with ClasspathEntrySnapshotTransform
Transforming jetified-pdfium-android-1.9.0-api.jar with ClasspathEntrySnapshotTransform
Transforming jetified-pdfbox-android-2.0.27.0-api.jar with ClasspathEntrySnapshotTransform
Transforming jetified-slf4j-android-1.7.36.jar with ClasspathEntrySnapshotTransform
Transforming jetified-commons-compress-1.26.0.jar with ClasspathEntrySnapshotTransform
Transforming jetified-epublib-core-3.1.jar with ClasspathEntrySnapshotTransform
Transforming jetified-annotations-23.0.0.jar with ClasspathEntrySnapshotTransform
Transforming jetified-hilt-core-2.51.1.jar with ClasspathEntrySnapshotTransform
Transforming jetified-dagger-2.51.1.jar with ClasspathEntrySnapshotTransform
Transforming jetified-javax.inject-1.jar with ClasspathEntrySnapshotTransform
Transforming jetified-dagger-lint-aar-2.51.1-api.jar with ClasspathEntrySnapshotTransform
Transforming jetified-jsr305-3.0.2.jar with ClasspathEntrySnapshotTransform
Transforming jetified-slf4j-api-1.7.36.jar with ClasspathEntrySnapshotTransform
Transforming jetified-bcpkix-jdk15to18-1.72.jar with ClasspathEntrySnapshotTransform
Transforming jetified-bcutil-jdk15to18-1.72.jar with ClasspathEntrySnapshotTransform
Transforming jetified-bcprov-jdk15to18-1.72.jar with ClasspathEntrySnapshotTransform
Transforming jetified-commons-io-2.15.1.jar with ClasspathEntrySnapshotTransform
Transforming jetified-commons-lang3-3.14.0.jar with ClasspathEntrySnapshotTransform
Transforming jetified-kxml2-2.3.0.jar with ClasspathEntrySnapshotTransform
Transforming android.jar with ClasspathEntrySnapshotTransform
Transforming core-lambda-stubs.jar with ClasspathEntrySnapshotTransform
Build cache key for task ':android:core-reader:compileDebugKotlin' is 7f8349fbc640b8716b652e1c779ce42c
Skipping task ':android:core-reader:compileDebugKotlin' as it is up-to-date.
Resolve mutations for :android:core-reader:compileDebugJavaWithJavac (Thread[Execution worker Thread 8,5,main]) started.
:android:app:processDebugResources (Thread[Execution worker Thread 9,5,main]) started.
:android:core-reader:compileDebugJavaWithJavac (Thread[Execution worker Thread 8,5,main]) started.

> Task :android:core-reader:compileDebugJavaWithJavac UP-TO-DATE
file or directory 'C:\Users\xmeta\projects\Mr.Comic\android\core-reader\build\generated\ksp\debug\classes', not found
Transforming core-for-system-modules.jar with JdkImageTransform
Transforming core-for-system-modules.jar with JdkImageTransform
Transforming core-for-system-modules.jar with JdkImageTransform
Transforming core-for-system-modules.jar with JdkImageTransform
file or directory 'C:\Users\xmeta\projects\Mr.Comic\android\core-reader\build\generated\ksp\debug\classes', not found
Transforming core-for-system-modules.jar with JdkImageTransform
Transforming core-for-system-modules.jar with JdkImageTransform
Custom actions are attached to task ':android:core-reader:compileDebugJavaWithJavac'.
Build cache key for task ':android:core-reader:compileDebugJavaWithJavac' is 6c9f2215b24e847044bf9cc7dd113e8e
Skipping task ':android:core-reader:compileDebugJavaWithJavac' as it is up-to-date.
No compile result for :android:core-reader:compileDebugJavaWithJavac
No compile result for :android:core-reader:compileDebugJavaWithJavac
Resolve mutations for :android:core-reader:transformDebugClassesWithAsm (Thread[Execution worker Thread 8,5,main]) started.
:android:core-reader:transformDebugClassesWithAsm (Thread[Execution worker Thread 8,5,main]) started.

> Task :android:core-reader:transformDebugClassesWithAsm UP-TO-DATE
file or directory 'C:\Users\xmeta\projects\Mr.Comic\android\core-reader\build\generated\ksp\debug\classes', not found
file or directory 'C:\Users\xmeta\projects\Mr.Comic\android\core-reader\build\generated\ksp\debug\classes', not found
Transforming hilt-android-2.51.1.aar (com.google.dagger:hilt-android:2.51.1) with JetifyTransform
Transforming hilt-android-2.51.1.aar (com.google.dagger:hilt-android:2.51.1) with AarToClassTransform
Transforming kotlin-parcelize-runtime-1.9.25.jar (org.jetbrains.kotlin:kotlin-parcelize-runtime:1.9.25) with JetifyTransform
Transforming kotlin-parcelize-runtime-1.9.25.jar (org.jetbrains.kotlin:kotlin-parcelize-runtime:1.9.25) with IdentityTransform
Transforming pdfium-android-1.9.0.aar (com.github.barteksc:pdfium-android:1.9.0) with JetifyTransform
Transforming pdfium-android-1.9.0.aar (com.github.barteksc:pdfium-android:1.9.0) with AarToClassTransform
Transforming legacy-support-v4-1.0.0.aar (androidx.legacy:legacy-support-v4:1.0.0) with JetifyTransform
Transforming legacy-support-v4-1.0.0.aar (androidx.legacy:legacy-support-v4:1.0.0) with AarToClassTransform
Transforming fragment-1.5.1.aar (androidx.fragment:fragment:1.5.1) with JetifyTransform
Transforming fragment-1.5.1.aar (androidx.fragment:fragment:1.5.1) with AarToClassTransform
Transforming fragment-1.5.1.aar (androidx.fragment:fragment:1.5.1) with JetifyTransform
Transforming fragment-1.5.1.aar (androidx.fragment:fragment:1.5.1) with AarToClassTransform
Transforming activity-1.5.1.aar (androidx.activity:activity:1.5.1) with JetifyTransform
Transforming activity-1.5.1.aar (androidx.activity:activity:1.5.1) with AarToClassTransform
Transforming legacy-support-core-ui-1.0.0.aar (androidx.legacy:legacy-support-core-ui:1.0.0) with JetifyTransform
Transforming legacy-support-core-ui-1.0.0.aar (androidx.legacy:legacy-support-core-ui:1.0.0) with AarToClassTransform
Transforming legacy-support-core-utils-1.0.0.aar (androidx.legacy:legacy-support-core-utils:1.0.0) with JetifyTransform
Transforming legacy-support-core-utils-1.0.0.aar (androidx.legacy:legacy-support-core-utils:1.0.0) with AarToClassTransform
Transforming loader-1.0.0.aar (androidx.loader:loader:1.0.0) with JetifyTransform
Transforming loader-1.0.0.aar (androidx.loader:loader:1.0.0) with AarToClassTransform
Transforming loader-1.0.0.aar (androidx.loader:loader:1.0.0) with JetifyTransform
Transforming loader-1.0.0.aar (androidx.loader:loader:1.0.0) with AarToClassTransform
Transforming lifecycle-viewmodel-2.5.1.aar (androidx.lifecycle:lifecycle-viewmodel:2.5.1) with JetifyTransform
Transforming lifecycle-viewmodel-2.5.1.aar (androidx.lifecycle:lifecycle-viewmodel:2.5.1) with AarToClassTransform
Transforming lifecycle-viewmodel-2.5.1.aar (androidx.lifecycle:lifecycle-viewmodel:2.5.1) with JetifyTransform
Transforming lifecycle-viewmodel-2.5.1.aar (androidx.lifecycle:lifecycle-viewmodel:2.5.1) with AarToClassTransform
Transforming lifecycle-viewmodel-savedstate-2.5.1.aar (androidx.lifecycle:lifecycle-viewmodel-savedstate:2.5.1) with JetifyTransform
Transforming lifecycle-viewmodel-savedstate-2.5.1.aar (androidx.lifecycle:lifecycle-viewmodel-savedstate:2.5.1) with AarToClassTransform
Transforming viewpager-1.0.0.aar (androidx.viewpager:viewpager:1.0.0) with JetifyTransform
Transforming viewpager-1.0.0.aar (androidx.viewpager:viewpager:1.0.0) with AarToClassTransform
Transforming viewpager-1.0.0.aar (androidx.viewpager:viewpager:1.0.0) with JetifyTransform
Transforming viewpager-1.0.0.aar (androidx.viewpager:viewpager:1.0.0) with AarToClassTransform
Transforming drawerlayout-1.0.0.aar (androidx.drawerlayout:drawerlayout:1.0.0) with JetifyTransform
Transforming drawerlayout-1.0.0.aar (androidx.drawerlayout:drawerlayout:1.0.0) with AarToClassTransform
Transforming slidingpanelayout-1.0.0.aar (androidx.slidingpanelayout:slidingpanelayout:1.0.0) with JetifyTransform
Transforming slidingpanelayout-1.0.0.aar (androidx.slidingpanelayout:slidingpanelayout:1.0.0) with AarToClassTransform
Transforming customview-1.0.0.aar (androidx.customview:customview:1.0.0) with JetifyTransform
Transforming customview-1.0.0.aar (androidx.customview:customview:1.0.0) with AarToClassTransform
Transforming swiperefreshlayout-1.0.0.aar (androidx.swiperefreshlayout:swiperefreshlayout:1.0.0) with JetifyTransform
Transforming swiperefreshlayout-1.0.0.aar (androidx.swiperefreshlayout:swiperefreshlayout:1.0.0) with AarToClassTransform
Transforming asynclayoutinflater-1.0.0.aar (androidx.asynclayoutinflater:asynclayoutinflater:1.0.0) with JetifyTransform
Transforming asynclayoutinflater-1.0.0.aar (androidx.asynclayoutinflater:asynclayoutinflater:1.0.0) with AarToClassTransform
Transforming core-1.12.0.aar (androidx.core:core:1.12.0) with JetifyTransform
Transforming core-1.12.0.aar (androidx.core:core:1.12.0) with AarToClassTransform
Transforming core-1.12.0.aar (androidx.core:core:1.12.0) with JetifyTransform
Transforming core-1.12.0.aar (androidx.core:core:1.12.0) with AarToClassTransform
Transforming core-1.12.0.aar (androidx.core:core:1.12.0) with JetifyTransform
Transforming core-1.12.0.aar (androidx.core:core:1.12.0) with AarToClassTransform
Transforming core-1.12.0.aar (androidx.core:core:1.12.0) with JetifyTransform
Transforming core-1.12.0.aar (androidx.core:core:1.12.0) with AarToClassTransform
Transforming core-1.12.0.aar (androidx.core:core:1.12.0) with JetifyTransform
Transforming core-1.12.0.aar (androidx.core:core:1.12.0) with AarToClassTransform
Transforming core-1.12.0.aar (androidx.core:core:1.12.0) with JetifyTransform
Transforming core-1.12.0.aar (androidx.core:core:1.12.0) with AarToClassTransform
Transforming core-1.12.0.aar (androidx.core:core:1.12.0) with JetifyTransform
Transforming core-1.12.0.aar (androidx.core:core:1.12.0) with AarToClassTransform
Transforming core-1.12.0.aar (androidx.core:core:1.12.0) with JetifyTransform
Transforming core-1.12.0.aar (androidx.core:core:1.12.0) with AarToClassTransform
Transforming core-1.12.0.aar (androidx.core:core:1.12.0) with JetifyTransform
Transforming core-1.12.0.aar (androidx.core:core:1.12.0) with AarToClassTransform
Transforming core-1.12.0.aar (androidx.core:core:1.12.0) with JetifyTransform
Transforming core-1.12.0.aar (androidx.core:core:1.12.0) with AarToClassTransform
Transforming core-1.12.0.aar (androidx.core:core:1.12.0) with JetifyTransform
Transforming core-1.12.0.aar (androidx.core:core:1.12.0) with AarToClassTransform
Transforming core-1.12.0.aar (androidx.core:core:1.12.0) with JetifyTransform
Transforming core-1.12.0.aar (androidx.core:core:1.12.0) with AarToClassTransform
Transforming core-1.12.0.aar (androidx.core:core:1.12.0) with JetifyTransform
Transforming core-1.12.0.aar (androidx.core:core:1.12.0) with AarToClassTransform
Transforming core-ktx-1.12.0.aar (androidx.core:core-ktx:1.12.0) with JetifyTransform
Transforming core-ktx-1.12.0.aar (androidx.core:core-ktx:1.12.0) with AarToClassTransform
Transforming room-common-jvm-2.7.2.jar (androidx.room:room-common-jvm:2.7.2) with JetifyTransform
Transforming room-common-jvm-2.7.2.jar (androidx.room:room-common-jvm:2.7.2) with IdentityTransform
Transforming room-runtime-release.aar (androidx.room:room-runtime-android:2.7.2) with JetifyTransform
Transforming room-runtime-release.aar (androidx.room:room-runtime-android:2.7.2) with AarToClassTransform
Transforming room-ktx-2.7.2.aar (androidx.room:room-ktx:2.7.2) with JetifyTransform
Transforming room-ktx-2.7.2.aar (androidx.room:room-ktx:2.7.2) with AarToClassTransform
Transforming savedstate-1.2.0.aar (androidx.savedstate:savedstate:1.2.0) with JetifyTransform
Transforming savedstate-1.2.0.aar (androidx.savedstate:savedstate:1.2.0) with AarToClassTransform
Transforming kotlin-android-extensions-runtime-1.9.25.jar (org.jetbrains.kotlin:kotlin-android-extensions-runtime:1.9.25) with JetifyTransform
Transforming kotlin-android-extensions-runtime-1.9.25.jar (org.jetbrains.kotlin:kotlin-android-extensions-runtime:1.9.25) with IdentityTransform
Transforming annotation-experimental-1.4.1.aar (androidx.annotation:annotation-experimental:1.4.1) with JetifyTransform
Transforming annotation-experimental-1.4.1.aar (androidx.annotation:annotation-experimental:1.4.1) with AarToClassTransform
Transforming kotlinx-coroutines-core-jvm-1.7.3.jar (org.jetbrains.kotlinx:kotlinx-coroutines-core-jvm:1.7.3) with JetifyTransform
Transforming kotlinx-coroutines-core-jvm-1.7.3.jar (org.jetbrains.kotlinx:kotlinx-coroutines-core-jvm:1.7.3) with IdentityTransform
Transforming kotlinx-coroutines-android-1.7.3.jar (org.jetbrains.kotlinx:kotlinx-coroutines-android:1.7.3) with JetifyTransform
Transforming kotlinx-coroutines-android-1.7.3.jar (org.jetbrains.kotlinx:kotlinx-coroutines-android:1.7.3) with IdentityTransform
Transforming kotlin-stdlib-jdk8-1.9.25.jar (org.jetbrains.kotlin:kotlin-stdlib-jdk8:1.9.25) with JetifyTransform
Transforming kotlin-stdlib-jdk8-1.9.25.jar (org.jetbrains.kotlin:kotlin-stdlib-jdk8:1.9.25) with IdentityTransform
Transforming versionedparcelable-1.1.1.aar (androidx.versionedparcelable:versionedparcelable:1.1.1) with JetifyTransform
Transforming versionedparcelable-1.1.1.aar (androidx.versionedparcelable:versionedparcelable:1.1.1) with AarToClassTransform
Transforming versionedparcelable-1.1.1.aar (androidx.versionedparcelable:versionedparcelable:1.1.1) with JetifyTransform
Transforming versionedparcelable-1.1.1.aar (androidx.versionedparcelable:versionedparcelable:1.1.1) with AarToClassTransform
Transforming collection-ktx-1.4.2.jar (androidx.collection:collection-ktx:1.4.2) with JetifyTransform
Transforming collection-ktx-1.4.2.jar (androidx.collection:collection-ktx:1.4.2) with IdentityTransform
Transforming collection-jvm-1.4.2.jar (androidx.collection:collection-jvm:1.4.2) with JetifyTransform
Transforming collection-jvm-1.4.2.jar (androidx.collection:collection-jvm:1.4.2) with IdentityTransform
Transforming sqlite-framework-release.aar (androidx.sqlite:sqlite-framework-android:2.5.1) with JetifyTransform
Transforming sqlite-framework-release.aar (androidx.sqlite:sqlite-framework-android:2.5.1) with AarToClassTransform
Transforming sqlite-release.aar (androidx.sqlite:sqlite-android:2.5.1) with JetifyTransform
Transforming sqlite-release.aar (androidx.sqlite:sqlite-android:2.5.1) with AarToClassTransform
Transforming kotlin-stdlib-jdk7-1.9.25.jar (org.jetbrains.kotlin:kotlin-stdlib-jdk7:1.9.25) with JetifyTransform
Transforming kotlin-stdlib-jdk7-1.9.25.jar (org.jetbrains.kotlin:kotlin-stdlib-jdk7:1.9.25) with IdentityTransform
Transforming lifecycle-runtime-2.5.1.aar (androidx.lifecycle:lifecycle-runtime:2.5.1) with JetifyTransform
Transforming lifecycle-runtime-2.5.1.aar (androidx.lifecycle:lifecycle-runtime:2.5.1) with AarToClassTransform
Transforming lifecycle-livedata-2.0.0.aar (androidx.lifecycle:lifecycle-livedata:2.0.0) with JetifyTransform
Transforming lifecycle-livedata-2.0.0.aar (androidx.lifecycle:lifecycle-livedata:2.0.0) with AarToClassTransform
Transforming lifecycle-livedata-core-2.5.1.aar (androidx.lifecycle:lifecycle-livedata-core:2.5.1) with JetifyTransform
Transforming lifecycle-livedata-core-2.5.1.aar (androidx.lifecycle:lifecycle-livedata-core:2.5.1) with AarToClassTransform
Transforming lifecycle-livedata-core-2.5.1.aar (androidx.lifecycle:lifecycle-livedata-core:2.5.1) with JetifyTransform
Transforming lifecycle-livedata-core-2.5.1.aar (androidx.lifecycle:lifecycle-livedata-core:2.5.1) with AarToClassTransform
Transforming lifecycle-common-2.5.1.jar (androidx.lifecycle:lifecycle-common:2.5.1) with JetifyTransform
Transforming lifecycle-common-2.5.1.jar (androidx.lifecycle:lifecycle-common:2.5.1) with IdentityTransform
Transforming tracing-1.0.0.aar (androidx.tracing:tracing:1.0.0) with JetifyTransform
Transforming tracing-1.0.0.aar (androidx.tracing:tracing:1.0.0) with AarToClassTransform
Transforming concurrent-futures-1.0.0.jar (androidx.concurrent:concurrent-futures:1.0.0) with JetifyTransform
Transforming concurrent-futures-1.0.0.jar (androidx.concurrent:concurrent-futures:1.0.0) with IdentityTransform
Transforming interpolator-1.0.0.aar (androidx.interpolator:interpolator:1.0.0) with JetifyTransform
Transforming interpolator-1.0.0.aar (androidx.interpolator:interpolator:1.0.0) with AarToClassTransform
Transforming interpolator-1.0.0.aar (androidx.interpolator:interpolator:1.0.0) with JetifyTransform
Transforming interpolator-1.0.0.aar (androidx.interpolator:interpolator:1.0.0) with AarToClassTransform
Transforming core-runtime-2.2.0.aar (androidx.arch.core:core-runtime:2.2.0) with JetifyTransform
Transforming core-runtime-2.2.0.aar (androidx.arch.core:core-runtime:2.2.0) with AarToClassTransform
Transforming core-runtime-2.2.0.aar (androidx.arch.core:core-runtime:2.2.0) with JetifyTransform
Transforming core-runtime-2.2.0.aar (androidx.arch.core:core-runtime:2.2.0) with AarToClassTransform
Transforming documentfile-1.0.0.aar (androidx.documentfile:documentfile:1.0.0) with JetifyTransform
Transforming documentfile-1.0.0.aar (androidx.documentfile:documentfile:1.0.0) with AarToClassTransform
Transforming localbroadcastmanager-1.0.0.aar (androidx.localbroadcastmanager:localbroadcastmanager:1.0.0) with JetifyTransform
Transforming localbroadcastmanager-1.0.0.aar (androidx.localbroadcastmanager:localbroadcastmanager:1.0.0) with AarToClassTransform
Transforming print-1.0.0.aar (androidx.print:print:1.0.0) with JetifyTransform
Transforming print-1.0.0.aar (androidx.print:print:1.0.0) with AarToClassTransform
Transforming cursoradapter-1.0.0.aar (androidx.cursoradapter:cursoradapter:1.0.0) with JetifyTransform
Transforming cursoradapter-1.0.0.aar (androidx.cursoradapter:cursoradapter:1.0.0) with AarToClassTransform
Transforming core-common-2.2.0.jar (androidx.arch.core:core-common:2.2.0) with JetifyTransform
Transforming core-common-2.2.0.jar (androidx.arch.core:core-common:2.2.0) with IdentityTransform
Transforming annotation-jvm-1.9.1.jar (androidx.annotation:annotation-jvm:1.9.1) with JetifyTransform
Transforming annotation-jvm-1.9.1.jar (androidx.annotation:annotation-jvm:1.9.1) with IdentityTransform
Transforming kotlin-stdlib-1.9.25.jar (org.jetbrains.kotlin:kotlin-stdlib:1.9.25) with JetifyTransform
Transforming kotlin-stdlib-1.9.25.jar (org.jetbrains.kotlin:kotlin-stdlib:1.9.25) with IdentityTransform
Transforming zip4j-2.11.5.jar (net.lingala.zip4j:zip4j:2.11.5) with JetifyTransform
Transforming zip4j-2.11.5.jar (net.lingala.zip4j:zip4j:2.11.5) with IdentityTransform
Transforming junrar-7.5.5.jar (com.github.junrar:junrar:7.5.5) with JetifyTransform
Transforming junrar-7.5.5.jar (com.github.junrar:junrar:7.5.5) with IdentityTransform
Transforming pdfbox-android-2.0.27.0.aar (com.tom-roush:pdfbox-android:2.0.27.0) with JetifyTransform
Transforming pdfbox-android-2.0.27.0.aar (com.tom-roush:pdfbox-android:2.0.27.0) with AarToClassTransform
Transforming slf4j-android-1.7.36.jar (org.slf4j:slf4j-android:1.7.36) with JetifyTransform
Transforming slf4j-android-1.7.36.jar (org.slf4j:slf4j-android:1.7.36) with IdentityTransform
Transforming commons-compress-1.26.0.jar (org.apache.commons:commons-compress:1.26.0) with JetifyTransform
Transforming commons-compress-1.26.0.jar (org.apache.commons:commons-compress:1.26.0) with IdentityTransform
Transforming epublib-core-3.1.jar (nl.siegmann.epublib:epublib-core:3.1) with JetifyTransform
Transforming epublib-core-3.1.jar (nl.siegmann.epublib:epublib-core:3.1) with IdentityTransform
Transforming annotations-23.0.0.jar (org.jetbrains:annotations:23.0.0) with JetifyTransform
Transforming annotations-23.0.0.jar (org.jetbrains:annotations:23.0.0) with IdentityTransform
Transforming hilt-core-2.51.1.jar (com.google.dagger:hilt-core:2.51.1) with JetifyTransform
Transforming hilt-core-2.51.1.jar (com.google.dagger:hilt-core:2.51.1) with IdentityTransform
Transforming dagger-2.51.1.jar (com.google.dagger:dagger:2.51.1) with JetifyTransform
Transforming dagger-2.51.1.jar (com.google.dagger:dagger:2.51.1) with IdentityTransform
Transforming dagger-lint-aar-2.51.1.aar (com.google.dagger:dagger-lint-aar:2.51.1) with JetifyTransform
Transforming dagger-lint-aar-2.51.1.aar (com.google.dagger:dagger-lint-aar:2.51.1) with AarToClassTransform
Transforming jsr305-3.0.2.jar (com.google.code.findbugs:jsr305:3.0.2) with JetifyTransform
Transforming jsr305-3.0.2.jar (com.google.code.findbugs:jsr305:3.0.2) with IdentityTransform
Transforming javax.inject-1.jar (javax.inject:javax.inject:1) with JetifyTransform
Transforming javax.inject-1.jar (javax.inject:javax.inject:1) with IdentityTransform
Transforming slf4j-api-1.7.36.jar (org.slf4j:slf4j-api:1.7.36) with JetifyTransform
Transforming slf4j-api-1.7.36.jar (org.slf4j:slf4j-api:1.7.36) with IdentityTransform
Transforming bcpkix-jdk15to18-1.72.jar (org.bouncycastle:bcpkix-jdk15to18:1.72) with JetifyTransform
Transforming bcpkix-jdk15to18-1.72.jar (org.bouncycastle:bcpkix-jdk15to18:1.72) with IdentityTransform
Transforming bcutil-jdk15to18-1.72.jar (org.bouncycastle:bcutil-jdk15to18:1.72) with JetifyTransform
Transforming bcutil-jdk15to18-1.72.jar (org.bouncycastle:bcutil-jdk15to18:1.72) with IdentityTransform
Transforming bcprov-jdk15to18-1.72.jar (org.bouncycastle:bcprov-jdk15to18:1.72) with JetifyTransform
Transforming bcprov-jdk15to18-1.72.jar (org.bouncycastle:bcprov-jdk15to18:1.72) with IdentityTransform
Transforming commons-io-2.15.1.jar (commons-io:commons-io:2.15.1) with JetifyTransform
Transforming commons-io-2.15.1.jar (commons-io:commons-io:2.15.1) with IdentityTransform
Transforming commons-lang3-3.14.0.jar (org.apache.commons:commons-lang3:3.14.0) with JetifyTransform
Transforming commons-lang3-3.14.0.jar (org.apache.commons:commons-lang3:3.14.0) with IdentityTransform
Transforming kxml2-2.3.0.jar (net.sf.kxml:kxml2:2.3.0) with JetifyTransform
Transforming kxml2-2.3.0.jar (net.sf.kxml:kxml2:2.3.0) with IdentityTransform
Transforming jspecify-1.0.0.jar (org.jspecify:jspecify:1.0.0) with JetifyTransform
Transforming jspecify-1.0.0.jar (org.jspecify:jspecify:1.0.0) with IdentityTransform
Transforming listenablefuture-1.0.jar (com.google.guava:listenablefuture:1.0) with JetifyTransform
Transforming listenablefuture-1.0.jar (com.google.guava:listenablefuture:1.0) with IdentityTransform
Transforming coordinatorlayout-1.0.0.aar (androidx.coordinatorlayout:coordinatorlayout:1.0.0) with JetifyTransform
Transforming media-1.0.0.aar (androidx.media:media:1.0.0) with JetifyTransform
Transforming coordinatorlayout-1.0.0.aar (androidx.coordinatorlayout:coordinatorlayout:1.0.0) with AarToClassTransform
Transforming media-1.0.0.aar (androidx.media:media:1.0.0) with AarToClassTransform
Build cache key for task ':android:core-reader:transformDebugClassesWithAsm' is 7e4b215bbfd5847b5e975abb8715550a
Skipping task ':android:core-reader:transformDebugClassesWithAsm' as it is up-to-date.
Resolve mutations for :android:core-reader:bundleLibCompileToJarDebug (Thread[Execution worker Thread 8,5,main]) started.
:android:core-reader:bundleLibCompileToJarDebug (Thread[Execution worker Thread 8,5,main]) started.

> Task :android:core-reader:bundleLibCompileToJarDebug UP-TO-DATE
Caching disabled for task ':android:core-reader:bundleLibCompileToJarDebug' because:
  Simple merging task
Skipping task ':android:core-reader:bundleLibCompileToJarDebug' as it is up-to-date.
work action resolve classes.jar (project :android:core-reader) (Thread[Execution worker Thread 8,5,main]) started.
Resolve mutations for :android:core-data:kspDebugKotlin (Thread[Execution worker Thread 8,5,main]) started.
Resolve mutations for :android:shared:compileDebugKotlin (Thread[Execution worker Thread 6,5,main]) started.
Resolve mutations for :android:core-reader:bundleLibRuntimeToJarDebug (Thread[Execution worker Thread 4,5,main]) started.
:android:core-reader:bundleLibRuntimeToJarDebug (Thread[Execution worker Thread 4,5,main]) started.
:android:shared:compileDebugKotlin (Thread[Execution worker Thread 6,5,main]) started.
:android:core-data:kspDebugKotlin (Thread[Execution worker Thread 8,5,main]) started.

> Task :android:core-reader:bundleLibRuntimeToJarDebug UP-TO-DATE
Caching disabled for task ':android:core-reader:bundleLibRuntimeToJarDebug' because:
  Simple merging task
Skipping task ':android:core-reader:bundleLibRuntimeToJarDebug' as it is up-to-date.
work action resolve classes.jar (project :android:core-reader) (Thread[Execution worker Thread 4,5,main]) started.
IdentityTransform (Thread[Execution worker Thread 4,5,main]) started.
Resolve mutations for :android:core-reader:processDebugJavaRes (Thread[Execution worker Thread 10,5,main]) started.
:android:core-reader:processDebugJavaRes (Thread[Execution worker Thread 10,5,main]) started.

> Transform classes.jar (project :android:core-reader) with IdentityTransform
Transforming classes.jar (project :android:core-reader) with IdentityTransform
DexingNoClasspathTransform (Thread[Execution worker Thread 4,5,main]) started.
CopyTransform (Thread[Execution worker,5,main]) started.

> Task :android:shared:compileDebugKotlin NO-SOURCE
Skipping task ':android:shared:compileDebugKotlin' as it has no source files and no previous output files.
Resolve mutations for :android:shared:compileDebugJavaWithJavac (Thread[Execution worker Thread 6,5,main]) started.
:android:shared:compileDebugJavaWithJavac (Thread[Execution worker Thread 6,5,main]) started.

> Transform classes.jar (project :android:core-reader) with CopyTransform
Transforming classes.jar (project :android:core-reader) with CopyTransform
AggregatedPackagesTransform (Thread[Execution worker,5,main]) started.

> Task :android:shared:compileDebugJavaWithJavac NO-SOURCE
Skipping task ':android:shared:compileDebugJavaWithJavac' as it has no source files and no previous output files.
Resolve mutations for :android:shared:bundleLibCompileToJarDebug (Thread[Execution worker Thread 6,5,main]) started.
:android:shared:bundleLibCompileToJarDebug (Thread[Execution worker Thread 6,5,main]) started.

> Transform classes.jar (project :android:core-reader) with DexingNoClasspathTransform
Transforming classes.jar (project :android:core-reader) with DexingNoClasspathTransform
Build cache key for DexingNoClasspathTransform: C:\Users\xmeta\projects\Mr.Comic\android\core-reader\build\intermediates\runtime_library_classes_jar\debug\bundleLibRuntimeToJarDebug\classes.jar is 80610c8d2bd8db63945f60300207575a
Skipping DexingNoClasspathTransform: C:\Users\xmeta\projects\Mr.Comic\android\core-reader\build\intermediates\runtime_library_classes_jar\debug\bundleLibRuntimeToJarDebug\classes.jar as it is up-to-date.
DexingOutputSplitTransform (Thread[Execution worker Thread 5,5,main]) started.

> Transform classes.jar (project :android:core-reader) with AggregatedPackagesTransform
Transforming classes.jar (project :android:core-reader) with AggregatedPackagesTransform

> Transform classes.jar (project :android:core-reader) with DexingOutputSplitTransform
Transforming classes.jar (project :android:core-reader) with DexingOutputSplitTransform

> Task :android:shared:bundleLibCompileToJarDebug UP-TO-DATE
Caching disabled for task ':android:shared:bundleLibCompileToJarDebug' because:
  Simple merging task
Skipping task ':android:shared:bundleLibCompileToJarDebug' as it is up-to-date.
work action resolve classes.jar (project :android:shared) (Thread[Execution worker Thread 6,5,main]) started.
Resolve mutations for :android:feature-ocr:kspDebugKotlin (Thread[Execution worker Thread 6,5,main]) started.
Resolve mutations for :android:shared:bundleLibRuntimeToJarDebug (Thread[Execution worker,5,main]) started.
:android:shared:bundleLibRuntimeToJarDebug (Thread[Execution worker,5,main]) started.
:android:feature-ocr:kspDebugKotlin (Thread[Execution worker Thread 6,5,main]) started.

> Task :android:shared:bundleLibRuntimeToJarDebug UP-TO-DATE
Caching disabled for task ':android:shared:bundleLibRuntimeToJarDebug' because:
  Simple merging task
Skipping task ':android:shared:bundleLibRuntimeToJarDebug' as it is up-to-date.
work action resolve classes.jar (project :android:shared) (Thread[Execution worker,5,main]) started.
IdentityTransform (Thread[Execution worker,5,main]) started.
Resolve mutations for :android:shared:processDebugJavaRes (Thread[Execution worker Thread 2,5,main]) started.
:android:shared:processDebugJavaRes (Thread[Execution worker Thread 2,5,main]) started.

> Transform classes.jar (project :android:shared) with IdentityTransform
Transforming classes.jar (project :android:shared) with IdentityTransform
DexingNoClasspathTransform (Thread[Execution worker,5,main]) started.

> Task :android:shared:processDebugJavaRes NO-SOURCE
file or directory 'C:\Users\xmeta\projects\Mr.Comic\android\shared\src\main\resources', not found
file or directory 'C:\Users\xmeta\projects\Mr.Comic\android\shared\src\debug\resources', not found
Skipping task ':android:shared:processDebugJavaRes' as it has no source files and no previous output files.
work action resolve out (project :android:shared) (Thread[Execution worker Thread 2,5,main]) started.
CopyTransform (Thread[Execution worker Thread 2,5,main]) started.

> Task :android:core-reader:processDebugJavaRes UP-TO-DATE
file or directory 'C:\Users\xmeta\projects\Mr.Comic\android\core-reader\src\main\resources', not found
file or directory 'C:\Users\xmeta\projects\Mr.Comic\android\core-reader\src\debug\resources', not found
file or directory 'C:\Users\xmeta\projects\Mr.Comic\android\core-reader\build\generated\ksp\debug\classes', not found
file or directory 'C:\Users\xmeta\projects\Mr.Comic\android\core-reader\build\generated\ksp\debug\classes', not found
file or directory 'C:\Users\xmeta\projects\Mr.Comic\android\core-reader\src\main\resources', not found
file or directory 'C:\Users\xmeta\projects\Mr.Comic\android\core-reader\src\debug\resources', not found
file or directory 'C:\Users\xmeta\projects\Mr.Comic\android\core-reader\build\generated\ksp\debug\classes', not found
file or directory 'C:\Users\xmeta\projects\Mr.Comic\android\core-reader\build\generated\ksp\debug\classes', not found
Caching disabled for task ':android:core-reader:processDebugJavaRes' because:
  Caching has been disabled for the task
Skipping task ':android:core-reader:processDebugJavaRes' as it is up-to-date.
work action resolve out (project :android:core-reader) (Thread[Execution worker Thread 10,5,main]) started.
Resolve mutations for :android:shared:bundleLibRuntimeToDirDebug (Thread[Execution worker Thread 10,5,main]) started.
:android:shared:bundleLibRuntimeToDirDebug (Thread[Execution worker Thread 10,5,main]) started.

> Transform classes.jar (project :android:shared) with DexingNoClasspathTransform
Transforming classes.jar (project :android:shared) with DexingNoClasspathTransform
Build cache key for DexingNoClasspathTransform: C:\Users\xmeta\projects\Mr.Comic\android\shared\build\intermediates\runtime_library_classes_jar\debug\bundleLibRuntimeToJarDebug\classes.jar is e975494667c97171a2468ab64d9e52d3
Skipping DexingNoClasspathTransform: C:\Users\xmeta\projects\Mr.Comic\android\shared\build\intermediates\runtime_library_classes_jar\debug\bundleLibRuntimeToJarDebug\classes.jar as it is up-to-date.
DexingOutputSplitTransform (Thread[Execution worker,5,main]) started.

> Transform classes.jar (project :android:shared) with CopyTransform
Transforming classes.jar (project :android:shared) with CopyTransform
AggregatedPackagesTransform (Thread[Execution worker Thread 2,5,main]) started.

> Transform classes.jar (project :android:shared) with DexingOutputSplitTransform
Transforming classes.jar (project :android:shared) with DexingOutputSplitTransform
Resolve mutations for :android:core-reader:bundleLibRuntimeToDirDebug (Thread[Execution worker,5,main]) started.
:android:core-reader:bundleLibRuntimeToDirDebug (Thread[Execution worker,5,main]) started.

> Transform classes.jar (project :android:shared) with AggregatedPackagesTransform
Transforming classes.jar (project :android:shared) with AggregatedPackagesTransform

> Task :android:shared:bundleLibRuntimeToDirDebug UP-TO-DATE
Caching disabled for task ':android:shared:bundleLibRuntimeToDirDebug' because:
  Simple merging task
Skipping task ':android:shared:bundleLibRuntimeToDirDebug' as it is up-to-date.
work action resolve bundleLibRuntimeToDirDebug (project :android:shared) (Thread[Execution worker Thread 10,5,main]) started.
ClassesDirToClassesTransform (Thread[Execution worker Thread 10,5,main]) started.

> Transform bundleLibRuntimeToDirDebug (project :android:shared) with ClassesDirToClassesTransform
Transforming bundleLibRuntimeToDirDebug (project :android:shared) with ClassesDirToClassesTransform
DexingNoClasspathTransform (Thread[Execution worker Thread 10,5,main]) started.

> Transform bundleLibRuntimeToDirDebug (project :android:shared) with DexingNoClasspathTransform
Transforming bundleLibRuntimeToDirDebug (project :android:shared) with DexingNoClasspathTransform
Build cache key for DexingNoClasspathTransform: C:\Users\xmeta\projects\Mr.Comic\android\shared\build\intermediates\runtime_library_classes_dir\debug\bundleLibRuntimeToDirDebug is ffe0074a9e92712b0c337952f7910391
Skipping DexingNoClasspathTransform: C:\Users\xmeta\projects\Mr.Comic\android\shared\build\intermediates\runtime_library_classes_dir\debug\bundleLibRuntimeToDirDebug as it is up-to-date.
DexingOutputSplitTransform (Thread[Execution worker Thread 10,5,main]) started.

> Transform bundleLibRuntimeToDirDebug (project :android:shared) with DexingOutputSplitTransform
Transforming bundleLibRuntimeToDirDebug (project :android:shared) with DexingOutputSplitTransform

> Task :android:core-reader:bundleLibRuntimeToDirDebug UP-TO-DATE
Caching disabled for task ':android:core-reader:bundleLibRuntimeToDirDebug' because:
  Simple merging task
Skipping task ':android:core-reader:bundleLibRuntimeToDirDebug' as it is up-to-date.
work action resolve bundleLibRuntimeToDirDebug (project :android:core-reader) (Thread[Execution worker,5,main]) started.
ClassesDirToClassesTransform (Thread[Execution worker,5,main]) started.

> Transform bundleLibRuntimeToDirDebug (project :android:core-reader) with ClassesDirToClassesTransform
Transforming bundleLibRuntimeToDirDebug (project :android:core-reader) with ClassesDirToClassesTransform
DexingNoClasspathTransform (Thread[Execution worker,5,main]) started.

> Transform bundleLibRuntimeToDirDebug (project :android:core-reader) with DexingNoClasspathTransform
Transforming bundleLibRuntimeToDirDebug (project :android:core-reader) with DexingNoClasspathTransform
Build cache key for DexingNoClasspathTransform: C:\Users\xmeta\projects\Mr.Comic\android\core-reader\build\intermediates\runtime_library_classes_dir\debug\bundleLibRuntimeToDirDebug is a0874a9c9e4b4fd978ea01de29e1c419
Skipping DexingNoClasspathTransform: C:\Users\xmeta\projects\Mr.Comic\android\core-reader\build\intermediates\runtime_library_classes_dir\debug\bundleLibRuntimeToDirDebug as it is up-to-date.
DexingOutputSplitTransform (Thread[Execution worker,5,main]) started.

> Transform bundleLibRuntimeToDirDebug (project :android:core-reader) with DexingOutputSplitTransform
Transforming bundleLibRuntimeToDirDebug (project :android:core-reader) with DexingOutputSplitTransform

> Task :android:core-data:kspDebugKotlin UP-TO-DATE
file or directory 'C:\Users\xmeta\projects\Mr.Comic\android\core-data\src\debug\kotlin', not found
file or directory 'C:\Users\xmeta\projects\Mr.Comic\android\core-data\src\debug\java', not found
file or directory 'C:\Users\xmeta\projects\Mr.Comic\android\core-data\src\main\kotlin', not found
file or directory 'C:\Users\xmeta\projects\Mr.Comic\android\core-data\src\debug\java', not found
Failed to get resource: HEAD. [HTTP HTTP/1.1 401 Unauthorized: https://jitpack.io/nl/siegmann/epublib/epublib-core/3.1/epublib-core-3.1.pom)]
Transforming hilt-work-1.2.0.aar (androidx.hilt:hilt-work:1.2.0) with JetifyTransform
Transforming hilt-work-1.2.0.aar (androidx.hilt:hilt-work:1.2.0) with AarToClassTransform
Transforming hilt-android-2.51.1.aar (com.google.dagger:hilt-android:2.51.1) with JetifyTransform
Transforming hilt-android-2.51.1.aar (com.google.dagger:hilt-android:2.51.1) with AarToClassTransform
Transforming room-common-jvm-2.7.2.jar (androidx.room:room-common-jvm:2.7.2) with JetifyTransform
Transforming room-common-jvm-2.7.2.jar (androidx.room:room-common-jvm:2.7.2) with IdentityTransform
Transforming room-runtime-release.aar (androidx.room:room-runtime-android:2.7.2) with JetifyTransform
Transforming room-runtime-release.aar (androidx.room:room-runtime-android:2.7.2) with AarToClassTransform
Transforming room-ktx-2.7.2.aar (androidx.room:room-ktx:2.7.2) with JetifyTransform
Transforming room-ktx-2.7.2.aar (androidx.room:room-ktx:2.7.2) with AarToClassTransform
Transforming fragment-1.5.1.aar (androidx.fragment:fragment:1.5.1) with JetifyTransform
Transforming fragment-1.5.1.aar (androidx.fragment:fragment:1.5.1) with AarToClassTransform
Transforming activity-1.5.1.aar (androidx.activity:activity:1.5.1) with JetifyTransform
Transforming activity-1.5.1.aar (androidx.activity:activity:1.5.1) with AarToClassTransform
Transforming lifecycle-viewmodel-savedstate-2.5.1.aar (androidx.lifecycle:lifecycle-viewmodel-savedstate:2.5.1) with JetifyTransform
Transforming lifecycle-viewmodel-savedstate-2.5.1.aar (androidx.lifecycle:lifecycle-viewmodel-savedstate:2.5.1) with AarToClassTransform
Transforming datastore-core-okio-jvm-1.1.7.jar (androidx.datastore:datastore-core-okio-jvm:1.1.7) with JetifyTransform
Transforming datastore-core-okio-jvm-1.1.7.jar (androidx.datastore:datastore-core-okio-jvm:1.1.7) with IdentityTransform
Transforming datastore-core-release.aar (androidx.datastore:datastore-core-android:1.1.7) with JetifyTransform
Transforming datastore-core-release.aar (androidx.datastore:datastore-core-android:1.1.7) with AarToClassTransform
Transforming datastore-preferences-core-release.aar (androidx.datastore:datastore-preferences-core-android:1.1.7) with JetifyTransform
Transforming datastore-preferences-core-release.aar (androidx.datastore:datastore-preferences-core-android:1.1.7) with AarToClassTransform
Transforming datastore-release.aar (androidx.datastore:datastore-android:1.1.7) with JetifyTransform
Transforming datastore-release.aar (androidx.datastore:datastore-android:1.1.7) with AarToClassTransform
Transforming datastore-preferences-release.aar (androidx.datastore:datastore-preferences-android:1.1.7) with JetifyTransform
Transforming datastore-preferences-release.aar (androidx.datastore:datastore-preferences-android:1.1.7) with AarToClassTransform
Transforming kotlinx-coroutines-core-jvm-1.8.0.jar (org.jetbrains.kotlinx:kotlinx-coroutines-core-jvm:1.8.0) with JetifyTransform
Transforming kotlinx-coroutines-core-jvm-1.8.0.jar (org.jetbrains.kotlinx:kotlinx-coroutines-core-jvm:1.8.0) with IdentityTransform
Transforming work-runtime-ktx-2.9.0.aar (androidx.work:work-runtime-ktx:2.9.0) with JetifyTransform
Transforming work-runtime-ktx-2.9.0.aar (androidx.work:work-runtime-ktx:2.9.0) with AarToClassTransform
Transforming work-runtime-2.9.0.aar (androidx.work:work-runtime:2.9.0) with JetifyTransform
Transforming work-runtime-2.9.0.aar (androidx.work:work-runtime:2.9.0) with AarToClassTransform
Transforming kotlinx-coroutines-android-1.8.0.jar (org.jetbrains.kotlinx:kotlinx-coroutines-android:1.8.0) with JetifyTransform
Transforming kotlinx-coroutines-android-1.8.0.jar (org.jetbrains.kotlinx:kotlinx-coroutines-android:1.8.0) with IdentityTransform
Transforming core-ktx-1.12.0.aar (androidx.core:core-ktx:1.12.0) with JetifyTransform
Transforming core-ktx-1.12.0.aar (androidx.core:core-ktx:1.12.0) with AarToClassTransform
Transforming loader-1.0.0.aar (androidx.loader:loader:1.0.0) with JetifyTransform
Transforming loader-1.0.0.aar (androidx.loader:loader:1.0.0) with AarToClassTransform
Transforming viewpager-1.0.0.aar (androidx.viewpager:viewpager:1.0.0) with JetifyTransform
Transforming viewpager-1.0.0.aar (androidx.viewpager:viewpager:1.0.0) with AarToClassTransform
Transforming customview-1.0.0.aar (androidx.customview:customview:1.0.0) with JetifyTransform
Transforming customview-1.0.0.aar (androidx.customview:customview:1.0.0) with AarToClassTransform
Transforming core-1.12.0.aar (androidx.core:core:1.12.0) with JetifyTransform
Transforming core-1.12.0.aar (androidx.core:core:1.12.0) with AarToClassTransform
Transforming core-1.12.0.aar (androidx.core:core:1.12.0) with JetifyTransform
Transforming core-1.12.0.aar (androidx.core:core:1.12.0) with AarToClassTransform
Transforming annotation-experimental-1.4.1.aar (androidx.annotation:annotation-experimental:1.4.1) with JetifyTransform
Transforming annotation-experimental-1.4.1.aar (androidx.annotation:annotation-experimental:1.4.1) with AarToClassTransform
Transforming lifecycle-viewmodel-2.5.1.aar (androidx.lifecycle:lifecycle-viewmodel:2.5.1) with JetifyTransform
Transforming lifecycle-viewmodel-2.5.1.aar (androidx.lifecycle:lifecycle-viewmodel:2.5.1) with AarToClassTransform
Transforming lifecycle-viewmodel-2.5.1.aar (androidx.lifecycle:lifecycle-viewmodel:2.5.1) with JetifyTransform
Transforming lifecycle-viewmodel-2.5.1.aar (androidx.lifecycle:lifecycle-viewmodel:2.5.1) with AarToClassTransform
Transforming savedstate-1.2.0.aar (androidx.savedstate:savedstate:1.2.0) with JetifyTransform
Transforming savedstate-1.2.0.aar (androidx.savedstate:savedstate:1.2.0) with AarToClassTransform
Transforming documentfile-1.0.1.aar (androidx.documentfile:documentfile:1.0.1) with JetifyTransform
Transforming documentfile-1.0.1.aar (androidx.documentfile:documentfile:1.0.1) with AarToClassTransform
Transforming lifecycle-runtime-2.5.1.aar (androidx.lifecycle:lifecycle-runtime:2.5.1) with JetifyTransform
Transforming lifecycle-runtime-2.5.1.aar (androidx.lifecycle:lifecycle-runtime:2.5.1) with AarToClassTransform
Transforming lifecycle-livedata-core-2.5.1.aar (androidx.lifecycle:lifecycle-livedata-core:2.5.1) with JetifyTransform
Transforming lifecycle-livedata-core-2.5.1.aar (androidx.lifecycle:lifecycle-livedata-core:2.5.1) with AarToClassTransform
Transforming lifecycle-common-2.5.1.jar (androidx.lifecycle:lifecycle-common:2.5.1) with JetifyTransform
Transforming lifecycle-common-2.5.1.jar (androidx.lifecycle:lifecycle-common:2.5.1) with IdentityTransform
Transforming versionedparcelable-1.1.1.aar (androidx.versionedparcelable:versionedparcelable:1.1.1) with JetifyTransform
Transforming lifecycle-livedata-2.5.1.aar (androidx.lifecycle:lifecycle-livedata:2.5.1) with JetifyTransform
Transforming versionedparcelable-1.1.1.aar (androidx.versionedparcelable:versionedparcelable:1.1.1) with AarToClassTransform
Transforming lifecycle-livedata-2.5.1.aar (androidx.lifecycle:lifecycle-livedata:2.5.1) with JetifyTransform
Transforming core-runtime-2.2.0.aar (androidx.arch.core:core-runtime:2.2.0) with JetifyTransform
Transforming core-runtime-2.2.0.aar (androidx.arch.core:core-runtime:2.2.0) with AarToClassTransform
Transforming core-common-2.2.0.jar (androidx.arch.core:core-common:2.2.0) with JetifyTransform
Transforming core-common-2.2.0.jar (androidx.arch.core:core-common:2.2.0) with IdentityTransform
Transforming collection-jvm-1.4.2.jar (androidx.collection:collection-jvm:1.4.2) with JetifyTransform
Transforming collection-jvm-1.4.2.jar (androidx.collection:collection-jvm:1.4.2) with IdentityTransform
Transforming sqlite-framework-release.aar (androidx.sqlite:sqlite-framework-android:2.5.1) with JetifyTransform
Transforming sqlite-framework-release.aar (androidx.sqlite:sqlite-framework-android:2.5.1) with AarToClassTransform
Transforming sqlite-release.aar (androidx.sqlite:sqlite-android:2.5.1) with JetifyTransform
Transforming sqlite-release.aar (androidx.sqlite:sqlite-android:2.5.1) with AarToClassTransform
Transforming annotation-jvm-1.9.1.jar (androidx.annotation:annotation-jvm:1.9.1) with JetifyTransform
Transforming annotation-jvm-1.9.1.jar (androidx.annotation:annotation-jvm:1.9.1) with IdentityTransform
Transforming kotlin-stdlib-jdk8-1.9.25.jar (org.jetbrains.kotlin:kotlin-stdlib-jdk8:1.9.25) with JetifyTransform
Transforming kotlin-stdlib-jdk8-1.9.25.jar (org.jetbrains.kotlin:kotlin-stdlib-jdk8:1.9.25) with IdentityTransform
Transforming kotlin-stdlib-jdk7-1.9.25.jar (org.jetbrains.kotlin:kotlin-stdlib-jdk7:1.9.25) with JetifyTransform
Transforming kotlin-stdlib-jdk7-1.9.25.jar (org.jetbrains.kotlin:kotlin-stdlib-jdk7:1.9.25) with IdentityTransform
Transforming kotlin-stdlib-1.9.25.jar (org.jetbrains.kotlin:kotlin-stdlib:1.9.25) with JetifyTransform
Transforming kotlin-stdlib-1.9.25.jar (org.jetbrains.kotlin:kotlin-stdlib:1.9.25) with IdentityTransform
Transforming junrar-7.5.5.jar (com.github.junrar:junrar:7.5.5) with JetifyTransform
Transforming okio-jvm-3.4.0.jar (com.squareup.okio:okio-jvm:3.4.0) with JetifyTransform
Transforming junrar-7.5.5.jar (com.github.junrar:junrar:7.5.5) with IdentityTransform
Transforming annotations-23.0.0.jar (org.jetbrains:annotations:23.0.0) with JetifyTransform
Transforming lifecycle-livedata-2.5.1.aar (androidx.lifecycle:lifecycle-livedata:2.5.1) with AarToClassTransform
Transforming annotations-23.0.0.jar (org.jetbrains:annotations:23.0.0) with IdentityTransform
Transforming lifecycle-livedata-2.5.1.aar (androidx.lifecycle:lifecycle-livedata:2.5.1) with AarToClassTransform
Transforming gson-2.11.0.jar (com.google.code.gson:gson:2.11.0) with JetifyTransform
Transforming listenablefuture-1.0.jar (com.google.guava:listenablefuture:1.0) with JetifyTransform
Transforming listenablefuture-1.0.jar (com.google.guava:listenablefuture:1.0) with IdentityTransform
Transforming jspecify-1.0.0.jar (org.jspecify:jspecify:1.0.0) with JetifyTransform
Transforming jspecify-1.0.0.jar (org.jspecify:jspecify:1.0.0) with IdentityTransform
Transforming hilt-core-2.51.1.jar (com.google.dagger:hilt-core:2.51.1) with JetifyTransform
Transforming hilt-core-2.51.1.jar (com.google.dagger:hilt-core:2.51.1) with IdentityTransform
Transforming dagger-2.51.1.jar (com.google.dagger:dagger:2.51.1) with JetifyTransform
Transforming dagger-2.51.1.jar (com.google.dagger:dagger:2.51.1) with IdentityTransform
Transforming javax.inject-1.jar (javax.inject:javax.inject:1) with JetifyTransform
Transforming javax.inject-1.jar (javax.inject:javax.inject:1) with IdentityTransform
Transforming dagger-lint-aar-2.51.1.aar (com.google.dagger:dagger-lint-aar:2.51.1) with JetifyTransform
Transforming dagger-lint-aar-2.51.1.aar (com.google.dagger:dagger-lint-aar:2.51.1) with AarToClassTransform
Transforming jsr305-3.0.2.jar (com.google.code.findbugs:jsr305:3.0.2) with JetifyTransform
Transforming jsr305-3.0.2.jar (com.google.code.findbugs:jsr305:3.0.2) with IdentityTransform
Transforming startup-runtime-1.1.1.aar (androidx.startup:startup-runtime:1.1.1) with JetifyTransform
Transforming startup-runtime-1.1.1.aar (androidx.startup:startup-runtime:1.1.1) with AarToClassTransform
Transforming okio-jvm-3.4.0.jar (com.squareup.okio:okio-jvm:3.4.0) with IdentityTransform
Transforming gson-2.11.0.jar (com.google.code.gson:gson:2.11.0) with IdentityTransform
Transforming error_prone_annotations-2.27.0.jar (com.google.errorprone:error_prone_annotations:2.27.0) with JetifyTransform
Transforming hilt-common-1.2.0.jar (androidx.hilt:hilt-common:1.2.0) with JetifyTransform
Transforming error_prone_annotations-2.27.0.jar (com.google.errorprone:error_prone_annotations:2.27.0) with IdentityTransform
Transforming hilt-common-1.2.0.jar (androidx.hilt:hilt-common:1.2.0) with IdentityTransform
Transforming R.jar with ClasspathEntrySnapshotTransform
Transforming classes.jar with ClasspathEntrySnapshotTransform
Transforming classes.jar with ClasspathEntrySnapshotTransform
Transforming jetified-hilt-work-1.2.0-api.jar with ClasspathEntrySnapshotTransform
Transforming jetified-hilt-android-2.51.1-api.jar with ClasspathEntrySnapshotTransform
Transforming jetified-room-common-jvm-2.7.2.jar with ClasspathEntrySnapshotTransform
Transforming jetified-room-runtime-release-api.jar with ClasspathEntrySnapshotTransform
Transforming jetified-room-ktx-2.7.2-api.jar with ClasspathEntrySnapshotTransform
Transforming fragment-1.5.1-api.jar with ClasspathEntrySnapshotTransform
Transforming jetified-activity-1.5.1-api.jar with ClasspathEntrySnapshotTransform
Transforming jetified-lifecycle-viewmodel-savedstate-2.5.1-api.jar with ClasspathEntrySnapshotTransform
Transforming jetified-datastore-core-okio-jvm-1.1.7.jar with ClasspathEntrySnapshotTransform
Transforming jetified-datastore-core-release-api.jar with ClasspathEntrySnapshotTransform
Transforming jetified-datastore-preferences-core-release-api.jar with ClasspathEntrySnapshotTransform
Transforming jetified-datastore-release-api.jar with ClasspathEntrySnapshotTransform
Transforming jetified-datastore-preferences-release-api.jar with ClasspathEntrySnapshotTransform
Transforming jetified-kotlinx-coroutines-core-jvm-1.8.0.jar with ClasspathEntrySnapshotTransform
Transforming work-runtime-ktx-2.9.0-api.jar with ClasspathEntrySnapshotTransform
Transforming work-runtime-2.9.0-api.jar with ClasspathEntrySnapshotTransform
Transforming jetified-kotlinx-coroutines-android-1.8.0.jar with ClasspathEntrySnapshotTransform
Transforming jetified-core-ktx-1.12.0-api.jar with ClasspathEntrySnapshotTransform
Transforming loader-1.0.0-api.jar with ClasspathEntrySnapshotTransform
Transforming viewpager-1.0.0-api.jar with ClasspathEntrySnapshotTransform
Transforming customview-1.0.0-api.jar with ClasspathEntrySnapshotTransform
Transforming core-1.12.0-api.jar with ClasspathEntrySnapshotTransform
Transforming jetified-annotation-experimental-1.4.1-api.jar with ClasspathEntrySnapshotTransform
Transforming lifecycle-viewmodel-2.5.1-api.jar with ClasspathEntrySnapshotTransform
Transforming jetified-savedstate-1.2.0-api.jar with ClasspathEntrySnapshotTransform
Transforming documentfile-1.0.1-api.jar with ClasspathEntrySnapshotTransform
Transforming lifecycle-runtime-2.5.1-api.jar with ClasspathEntrySnapshotTransform
Transforming lifecycle-livedata-2.5.1-api.jar with ClasspathEntrySnapshotTransform
Transforming lifecycle-livedata-core-2.5.1-api.jar with ClasspathEntrySnapshotTransform
Transforming lifecycle-common-2.5.1.jar with ClasspathEntrySnapshotTransform
Transforming versionedparcelable-1.1.1-api.jar with ClasspathEntrySnapshotTransform
Transforming core-runtime-2.2.0-api.jar with ClasspathEntrySnapshotTransform
Transforming core-common-2.2.0.jar with ClasspathEntrySnapshotTransform
Transforming jetified-collection-jvm-1.4.2.jar with ClasspathEntrySnapshotTransform
Transforming jetified-sqlite-framework-release-api.jar with ClasspathEntrySnapshotTransform
Transforming jetified-sqlite-release-api.jar with ClasspathEntrySnapshotTransform
Transforming jetified-annotation-jvm-1.9.1.jar with ClasspathEntrySnapshotTransform
Transforming jetified-okio-jvm-3.4.0.jar with ClasspathEntrySnapshotTransform
Transforming jetified-kotlin-stdlib-jdk8-1.9.25.jar with ClasspathEntrySnapshotTransform
Transforming jetified-kotlin-stdlib-jdk7-1.9.25.jar with ClasspathEntrySnapshotTransform
Transforming jetified-kotlin-stdlib-1.9.25.jar with ClasspathEntrySnapshotTransform
Transforming jetified-junrar-7.5.5.jar with ClasspathEntrySnapshotTransform
Transforming jetified-gson-2.11.0.jar with ClasspathEntrySnapshotTransform
Transforming jetified-annotations-23.0.0.jar with ClasspathEntrySnapshotTransform
Transforming jetified-listenablefuture-1.0.jar with ClasspathEntrySnapshotTransform
Transforming jetified-jspecify-1.0.0.jar with ClasspathEntrySnapshotTransform
Transforming jetified-hilt-core-2.51.1.jar with ClasspathEntrySnapshotTransform
Transforming jetified-dagger-2.51.1.jar with ClasspathEntrySnapshotTransform
Transforming jetified-javax.inject-1.jar with ClasspathEntrySnapshotTransform
Transforming jetified-dagger-lint-aar-2.51.1-api.jar with ClasspathEntrySnapshotTransform
Transforming jetified-jsr305-3.0.2.jar with ClasspathEntrySnapshotTransform
Transforming jetified-error_prone_annotations-2.27.0.jar with ClasspathEntrySnapshotTransform
Transforming jetified-startup-runtime-1.1.1-api.jar with ClasspathEntrySnapshotTransform
Transforming jetified-hilt-common-1.2.0.jar with ClasspathEntrySnapshotTransform
Transforming android.jar with ClasspathEntrySnapshotTransform
Transforming core-lambda-stubs.jar with ClasspathEntrySnapshotTransform
file or directory 'C:\Users\xmeta\projects\Mr.Comic\android\core-data\src\debug\kotlin', not found
file or directory 'C:\Users\xmeta\projects\Mr.Comic\android\core-data\src\debug\java', not found
file or directory 'C:\Users\xmeta\projects\Mr.Comic\android\core-data\src\main\kotlin', not found
file or directory 'C:\Users\xmeta\projects\Mr.Comic\android\core-data\src\debug\java', not found
Build cache key for task ':android:core-data:kspDebugKotlin' is 7e931ea094b4de52d61c641d0693fba2
Skipping task ':android:core-data:kspDebugKotlin' as it is up-to-date.
Resolve mutations for :android:core-data:compileDebugKotlin (Thread[Execution worker Thread 8,5,main]) started.
:android:core-data:compileDebugKotlin (Thread[Execution worker Thread 8,5,main]) started.

> Task :android:app:processDebugResources
Transforming aapt2-8.7.2-12006047-windows.jar (com.android.tools.build:aapt2:8.7.2-12006047) with Aapt2Extractor
Transforming core-splashscreen-1.0.1.aar (androidx.core:core-splashscreen:1.0.1) with JetifyTransform
Transforming core-splashscreen-1.0.1.aar (androidx.core:core-splashscreen:1.0.1) with ExtractAarTransform
Transforming core-splashscreen-1.0.1.aar (androidx.core:core-splashscreen:1.0.1) with AarResourcesCompilerTransform
Transforming hilt-navigation-compose-1.2.0.aar (androidx.hilt:hilt-navigation-compose:1.2.0) with JetifyTransform
Transforming hilt-navigation-compose-1.2.0.aar (androidx.hilt:hilt-navigation-compose:1.2.0) with ExtractAarTransform
Transforming hilt-navigation-compose-1.2.0.aar (androidx.hilt:hilt-navigation-compose:1.2.0) with AarResourcesCompilerTransform
Transforming hilt-navigation-1.2.0.aar (androidx.hilt:hilt-navigation:1.2.0) with JetifyTransform
Transforming hilt-navigation-1.2.0.aar (androidx.hilt:hilt-navigation:1.2.0) with ExtractAarTransform
Transforming hilt-navigation-1.2.0.aar (androidx.hilt:hilt-navigation:1.2.0) with AarResourcesCompilerTransform
Transforming navigation-common-2.7.7.aar (androidx.navigation:navigation-common:2.7.7) with JetifyTransform
Transforming navigation-common-2.7.7.aar (androidx.navigation:navigation-common:2.7.7) with ExtractAarTransform
Transforming navigation-common-2.7.7.aar (androidx.navigation:navigation-common:2.7.7) with AarResourcesCompilerTransform
Transforming navigation-runtime-2.7.7.aar (androidx.navigation:navigation-runtime:2.7.7) with JetifyTransform
Transforming navigation-runtime-2.7.7.aar (androidx.navigation:navigation-runtime:2.7.7) with ExtractAarTransform
Transforming navigation-runtime-2.7.7.aar (androidx.navigation:navigation-runtime:2.7.7) with AarResourcesCompilerTransform
Transforming navigation-common-ktx-2.7.7.aar (androidx.navigation:navigation-common-ktx:2.7.7) with JetifyTransform
Transforming navigation-common-ktx-2.7.7.aar (androidx.navigation:navigation-common-ktx:2.7.7) with ExtractAarTransform
Transforming navigation-common-ktx-2.7.7.aar (androidx.navigation:navigation-common-ktx:2.7.7) with AarResourcesCompilerTransform
Transforming navigation-runtime-ktx-2.7.7.aar (androidx.navigation:navigation-runtime-ktx:2.7.7) with JetifyTransform
Transforming navigation-runtime-ktx-2.7.7.aar (androidx.navigation:navigation-runtime-ktx:2.7.7) with ExtractAarTransform
Transforming navigation-runtime-ktx-2.7.7.aar (androidx.navigation:navigation-runtime-ktx:2.7.7) with AarResourcesCompilerTransform
Transforming navigation-compose-2.7.7.aar (androidx.navigation:navigation-compose:2.7.7) with JetifyTransform
Transforming navigation-compose-2.7.7.aar (androidx.navigation:navigation-compose:2.7.7) with ExtractAarTransform
Transforming navigation-compose-2.7.7.aar (androidx.navigation:navigation-compose:2.7.7) with AarResourcesCompilerTransform
Transforming hilt-work-1.2.0.aar (androidx.hilt:hilt-work:1.2.0) with JetifyTransform
Transforming hilt-work-1.2.0.aar (androidx.hilt:hilt-work:1.2.0) with ExtractAarTransform
Transforming hilt-work-1.2.0.aar (androidx.hilt:hilt-work:1.2.0) with AarResourcesCompilerTransform
Transforming hilt-android-2.51.1.aar (com.google.dagger:hilt-android:2.51.1) with JetifyTransform
Transforming hilt-android-2.51.1.aar (com.google.dagger:hilt-android:2.51.1) with ExtractAarTransform
Transforming hilt-android-2.51.1.aar (com.google.dagger:hilt-android:2.51.1) with AarResourcesCompilerTransform
Transforming room-runtime-release.aar (androidx.room:room-runtime-android:2.7.2) with JetifyTransform
Transforming room-runtime-release.aar (androidx.room:room-runtime-android:2.7.2) with ExtractAarTransform
Transforming room-runtime-release.aar (androidx.room:room-runtime-android:2.7.2) with AarResourcesCompilerTransform
Transforming work-runtime-ktx-2.9.0.aar (androidx.work:work-runtime-ktx:2.9.0) with JetifyTransform
Transforming work-runtime-ktx-2.9.0.aar (androidx.work:work-runtime-ktx:2.9.0) with ExtractAarTransform
Transforming work-runtime-ktx-2.9.0.aar (androidx.work:work-runtime-ktx:2.9.0) with AarResourcesCompilerTransform
Transforming work-runtime-2.9.0.aar (androidx.work:work-runtime:2.9.0) with JetifyTransform
Transforming work-runtime-2.9.0.aar (androidx.work:work-runtime:2.9.0) with ExtractAarTransform
Transforming work-runtime-2.9.0.aar (androidx.work:work-runtime:2.9.0) with AarResourcesCompilerTransform
Transforming room-ktx-2.7.2.aar (androidx.room:room-ktx:2.7.2) with JetifyTransform
Transforming room-ktx-2.7.2.aar (androidx.room:room-ktx:2.7.2) with ExtractAarTransform
Transforming room-ktx-2.7.2.aar (androidx.room:room-ktx:2.7.2) with AarResourcesCompilerTransform
Transforming coil-compose-2.7.0.aar (io.coil-kt:coil-compose:2.7.0) with JetifyTransform
Transforming coil-compose-2.7.0.aar (io.coil-kt:coil-compose:2.7.0) with ExtractAarTransform
Transforming coil-compose-2.7.0.aar (io.coil-kt:coil-compose:2.7.0) with AarResourcesCompilerTransform
Transforming material-1.11.0.aar (com.google.android.material:material:1.11.0) with JetifyTransform
Transforming material-1.11.0.aar (com.google.android.material:material:1.11.0) with ExtractAarTransform
Transforming material-1.11.0.aar (com.google.android.material:material:1.11.0) with AarResourcesCompilerTransform
Transforming constraintlayout-2.0.1.aar (androidx.constraintlayout:constraintlayout:2.0.1) with JetifyTransform
Transforming constraintlayout-2.0.1.aar (androidx.constraintlayout:constraintlayout:2.0.1) with ExtractAarTransform
Transforming constraintlayout-2.0.1.aar (androidx.constraintlayout:constraintlayout:2.0.1) with AarResourcesCompilerTransform
Transforming coil-compose-base-2.7.0.aar (io.coil-kt:coil-compose-base:2.7.0) with JetifyTransform
Transforming coil-compose-base-2.7.0.aar (io.coil-kt:coil-compose-base:2.7.0) with ExtractAarTransform
Transforming coil-compose-base-2.7.0.aar (io.coil-kt:coil-compose-base:2.7.0) with AarResourcesCompilerTransform
Transforming coil-2.7.0.aar (io.coil-kt:coil:2.7.0) with JetifyTransform
Transforming coil-2.7.0.aar (io.coil-kt:coil:2.7.0) with ExtractAarTransform
Transforming coil-2.7.0.aar (io.coil-kt:coil:2.7.0) with AarResourcesCompilerTransform
Transforming coil-base-2.7.0.aar (io.coil-kt:coil-base:2.7.0) with JetifyTransform
Transforming coil-base-2.7.0.aar (io.coil-kt:coil-base:2.7.0) with ExtractAarTransform
Transforming coil-base-2.7.0.aar (io.coil-kt:coil-base:2.7.0) with AarResourcesCompilerTransform
Transforming appcompat-resources-1.6.1.aar (androidx.appcompat:appcompat-resources:1.6.1) with JetifyTransform
Transforming appcompat-resources-1.6.1.aar (androidx.appcompat:appcompat-resources:1.6.1) with ExtractAarTransform
Transforming appcompat-resources-1.6.1.aar (androidx.appcompat:appcompat-resources:1.6.1) with AarResourcesCompilerTransform
Transforming lottie-compose-6.4.1.aar (com.airbnb.android:lottie-compose:6.4.1) with JetifyTransform
Transforming lottie-compose-6.4.1.aar (com.airbnb.android:lottie-compose:6.4.1) with ExtractAarTransform
Transforming lottie-compose-6.4.1.aar (com.airbnb.android:lottie-compose:6.4.1) with AarResourcesCompilerTransform
Transforming lottie-6.4.1.aar (com.airbnb.android:lottie:6.4.1) with JetifyTransform
Transforming lottie-6.4.1.aar (com.airbnb.android:lottie:6.4.1) with ExtractAarTransform
Transforming lottie-6.4.1.aar (com.airbnb.android:lottie:6.4.1) with AarResourcesCompilerTransform
Transforming text-recognition-16.0.1.aar (com.google.mlkit:text-recognition:16.0.1) with JetifyTransform
Transforming text-recognition-16.0.1.aar (com.google.mlkit:text-recognition:16.0.1) with ExtractAarTransform
Transforming text-recognition-16.0.1.aar (com.google.mlkit:text-recognition:16.0.1) with AarResourcesCompilerTransform
Transforming play-services-mlkit-text-recognition-19.0.1.aar (com.google.android.gms:play-services-mlkit-text-recognition:19.0.1) with JetifyTransform
Transforming play-services-mlkit-text-recognition-19.0.1.aar (com.google.android.gms:play-services-mlkit-text-recognition:19.0.1) with ExtractAarTransform
Transforming play-services-mlkit-text-recognition-19.0.1.aar (com.google.android.gms:play-services-mlkit-text-recognition:19.0.1) with AarResourcesCompilerTransform
Transforming text-recognition-bundled-common-17.0.0.aar (com.google.mlkit:text-recognition-bundled-common:17.0.0) with JetifyTransform
Transforming text-recognition-bundled-common-17.0.0.aar (com.google.mlkit:text-recognition-bundled-common:17.0.0) with ExtractAarTransform
Transforming text-recognition-bundled-common-17.0.0.aar (com.google.mlkit:text-recognition-bundled-common:17.0.0) with AarResourcesCompilerTransform
Transforming play-services-mlkit-text-recognition-common-19.1.0.aar (com.google.android.gms:play-services-mlkit-text-recognition-common:19.1.0) with JetifyTransform
Transforming play-services-mlkit-text-recognition-common-19.1.0.aar (com.google.android.gms:play-services-mlkit-text-recognition-common:19.1.0) with ExtractAarTransform
Transforming play-services-mlkit-text-recognition-common-19.1.0.aar (com.google.android.gms:play-services-mlkit-text-recognition-common:19.1.0) with AarResourcesCompilerTransform
Transforming vision-common-17.3.0.aar (com.google.mlkit:vision-common:17.3.0) with JetifyTransform
Transforming vision-common-17.3.0.aar (com.google.mlkit:vision-common:17.3.0) with ExtractAarTransform
Transforming vision-common-17.3.0.aar (com.google.mlkit:vision-common:17.3.0) with AarResourcesCompilerTransform
Transforming vision-common-17.3.0.aar (com.google.mlkit:vision-common:17.3.0) with JetifyTransform
Transforming vision-common-17.3.0.aar (com.google.mlkit:vision-common:17.3.0) with ExtractAarTransform
Transforming vision-common-17.3.0.aar (com.google.mlkit:vision-common:17.3.0) with AarResourcesCompilerTransform
Transforming common-18.11.0.aar (com.google.mlkit:common:18.11.0) with JetifyTransform
Transforming common-18.11.0.aar (com.google.mlkit:common:18.11.0) with ExtractAarTransform
Transforming common-18.11.0.aar (com.google.mlkit:common:18.11.0) with AarResourcesCompilerTransform
Transforming common-18.11.0.aar (com.google.mlkit:common:18.11.0) with JetifyTransform
Transforming common-18.11.0.aar (com.google.mlkit:common:18.11.0) with ExtractAarTransform
Transforming common-18.11.0.aar (com.google.mlkit:common:18.11.0) with AarResourcesCompilerTransform
Transforming common-18.11.0.aar (com.google.mlkit:common:18.11.0) with JetifyTransform
Transforming common-18.11.0.aar (com.google.mlkit:common:18.11.0) with ExtractAarTransform
Transforming common-18.11.0.aar (com.google.mlkit:common:18.11.0) with AarResourcesCompilerTransform
Transforming common-18.11.0.aar (com.google.mlkit:common:18.11.0) with JetifyTransform
Transforming common-18.11.0.aar (com.google.mlkit:common:18.11.0) with ExtractAarTransform
Transforming common-18.11.0.aar (com.google.mlkit:common:18.11.0) with AarResourcesCompilerTransform
Transforming common-18.11.0.aar (com.google.mlkit:common:18.11.0) with JetifyTransform
Transforming common-18.11.0.aar (com.google.mlkit:common:18.11.0) with ExtractAarTransform
Transforming common-18.11.0.aar (com.google.mlkit:common:18.11.0) with AarResourcesCompilerTransform
Transforming appcompat-1.6.1.aar (androidx.appcompat:appcompat:1.6.1) with JetifyTransform
Transforming appcompat-1.6.1.aar (androidx.appcompat:appcompat:1.6.1) with ExtractAarTransform
Transforming appcompat-1.6.1.aar (androidx.appcompat:appcompat:1.6.1) with AarResourcesCompilerTransform
Transforming appcompat-1.6.1.aar (androidx.appcompat:appcompat:1.6.1) with JetifyTransform
Transforming appcompat-1.6.1.aar (androidx.appcompat:appcompat:1.6.1) with ExtractAarTransform
Transforming appcompat-1.6.1.aar (androidx.appcompat:appcompat:1.6.1) with AarResourcesCompilerTransform
Transforming glide-4.15.1.aar (com.github.bumptech.glide:glide:4.15.1) with JetifyTransform
Transforming glide-4.15.1.aar (com.github.bumptech.glide:glide:4.15.1) with ExtractAarTransform
Transforming glide-4.15.1.aar (com.github.bumptech.glide:glide:4.15.1) with AarResourcesCompilerTransform
Transforming viewpager2-1.0.0.aar (androidx.viewpager2:viewpager2:1.0.0) with JetifyTransform
Transforming viewpager2-1.0.0.aar (androidx.viewpager2:viewpager2:1.0.0) with ExtractAarTransform
Transforming viewpager2-1.0.0.aar (androidx.viewpager2:viewpager2:1.0.0) with AarResourcesCompilerTransform
Transforming pdfium-android-1.9.0.aar (com.github.barteksc:pdfium-android:1.9.0) with JetifyTransform
Transforming pdfium-android-1.9.0.aar (com.github.barteksc:pdfium-android:1.9.0) with ExtractAarTransform
Transforming pdfium-android-1.9.0.aar (com.github.barteksc:pdfium-android:1.9.0) with AarResourcesCompilerTransform
Transforming legacy-support-v4-1.0.0.aar (androidx.legacy:legacy-support-v4:1.0.0) with JetifyTransform
Transforming legacy-support-v4-1.0.0.aar (androidx.legacy:legacy-support-v4:1.0.0) with ExtractAarTransform
Transforming legacy-support-v4-1.0.0.aar (androidx.legacy:legacy-support-v4:1.0.0) with AarResourcesCompilerTransform
Transforming play-services-base-18.5.0.aar (com.google.android.gms:play-services-base:18.5.0) with JetifyTransform
Transforming play-services-base-18.5.0.aar (com.google.android.gms:play-services-base:18.5.0) with ExtractAarTransform
Transforming play-services-base-18.5.0.aar (com.google.android.gms:play-services-base:18.5.0) with AarResourcesCompilerTransform
Transforming play-services-base-18.5.0.aar (com.google.android.gms:play-services-base:18.5.0) with JetifyTransform
Transforming play-services-base-18.5.0.aar (com.google.android.gms:play-services-base:18.5.0) with ExtractAarTransform
Transforming play-services-base-18.5.0.aar (com.google.android.gms:play-services-base:18.5.0) with AarResourcesCompilerTransform
Transforming play-services-base-18.5.0.aar (com.google.android.gms:play-services-base:18.5.0) with JetifyTransform
Transforming play-services-base-18.5.0.aar (com.google.android.gms:play-services-base:18.5.0) with ExtractAarTransform
Transforming play-services-base-18.5.0.aar (com.google.android.gms:play-services-base:18.5.0) with AarResourcesCompilerTransform
Transforming play-services-base-18.5.0.aar (com.google.android.gms:play-services-base:18.5.0) with JetifyTransform
Transforming play-services-base-18.5.0.aar (com.google.android.gms:play-services-base:18.5.0) with ExtractAarTransform
Transforming play-services-base-18.5.0.aar (com.google.android.gms:play-services-base:18.5.0) with AarResourcesCompilerTransform
Transforming play-services-base-18.5.0.aar (com.google.android.gms:play-services-base:18.5.0) with JetifyTransform
Transforming play-services-base-18.5.0.aar (com.google.android.gms:play-services-base:18.5.0) with ExtractAarTransform
Transforming play-services-base-18.5.0.aar (com.google.android.gms:play-services-base:18.5.0) with AarResourcesCompilerTransform
Transforming play-services-base-18.5.0.aar (com.google.android.gms:play-services-base:18.5.0) with JetifyTransform
Transforming play-services-base-18.5.0.aar (com.google.android.gms:play-services-base:18.5.0) with ExtractAarTransform
Transforming play-services-base-18.5.0.aar (com.google.android.gms:play-services-base:18.5.0) with AarResourcesCompilerTransform
Transforming vision-interfaces-16.3.0.aar (com.google.mlkit:vision-interfaces:16.3.0) with JetifyTransform
Transforming vision-interfaces-16.3.0.aar (com.google.mlkit:vision-interfaces:16.3.0) with ExtractAarTransform
Transforming vision-interfaces-16.3.0.aar (com.google.mlkit:vision-interfaces:16.3.0) with AarResourcesCompilerTransform
Transforming play-services-tasks-18.2.0.aar (com.google.android.gms:play-services-tasks:18.2.0) with JetifyTransform
Transforming play-services-tasks-18.2.0.aar (com.google.android.gms:play-services-tasks:18.2.0) with ExtractAarTransform
Transforming play-services-tasks-18.2.0.aar (com.google.android.gms:play-services-tasks:18.2.0) with AarResourcesCompilerTransform
Transforming play-services-tasks-18.2.0.aar (com.google.android.gms:play-services-tasks:18.2.0) with JetifyTransform
Transforming play-services-tasks-18.2.0.aar (com.google.android.gms:play-services-tasks:18.2.0) with ExtractAarTransform
Transforming play-services-tasks-18.2.0.aar (com.google.android.gms:play-services-tasks:18.2.0) with AarResourcesCompilerTransform
Transforming play-services-tasks-18.2.0.aar (com.google.android.gms:play-services-tasks:18.2.0) with JetifyTransform
Transforming play-services-tasks-18.2.0.aar (com.google.android.gms:play-services-tasks:18.2.0) with ExtractAarTransform
Transforming play-services-tasks-18.2.0.aar (com.google.android.gms:play-services-tasks:18.2.0) with AarResourcesCompilerTransform
Transforming play-services-tasks-18.2.0.aar (com.google.android.gms:play-services-tasks:18.2.0) with JetifyTransform
Transforming play-services-tasks-18.2.0.aar (com.google.android.gms:play-services-tasks:18.2.0) with ExtractAarTransform
Transforming play-services-tasks-18.2.0.aar (com.google.android.gms:play-services-tasks:18.2.0) with AarResourcesCompilerTransform
Transforming play-services-tasks-18.2.0.aar (com.google.android.gms:play-services-tasks:18.2.0) with JetifyTransform
Transforming play-services-tasks-18.2.0.aar (com.google.android.gms:play-services-tasks:18.2.0) with ExtractAarTransform
Transforming play-services-tasks-18.2.0.aar (com.google.android.gms:play-services-tasks:18.2.0) with AarResourcesCompilerTransform
Transforming play-services-tasks-18.2.0.aar (com.google.android.gms:play-services-tasks:18.2.0) with JetifyTransform
Transforming play-services-tasks-18.2.0.aar (com.google.android.gms:play-services-tasks:18.2.0) with ExtractAarTransform
Transforming play-services-tasks-18.2.0.aar (com.google.android.gms:play-services-tasks:18.2.0) with AarResourcesCompilerTransform
Transforming play-services-basement-18.4.0.aar (com.google.android.gms:play-services-basement:18.4.0) with JetifyTransform
Transforming play-services-basement-18.4.0.aar (com.google.android.gms:play-services-basement:18.4.0) with ExtractAarTransform
Transforming play-services-basement-18.4.0.aar (com.google.android.gms:play-services-basement:18.4.0) with AarResourcesCompilerTransform
Transforming play-services-basement-18.4.0.aar (com.google.android.gms:play-services-basement:18.4.0) with JetifyTransform
Transforming play-services-basement-18.4.0.aar (com.google.android.gms:play-services-basement:18.4.0) with ExtractAarTransform
Transforming play-services-basement-18.4.0.aar (com.google.android.gms:play-services-basement:18.4.0) with AarResourcesCompilerTransform
Transforming play-services-basement-18.4.0.aar (com.google.android.gms:play-services-basement:18.4.0) with JetifyTransform
Transforming play-services-basement-18.4.0.aar (com.google.android.gms:play-services-basement:18.4.0) with ExtractAarTransform
Transforming play-services-basement-18.4.0.aar (com.google.android.gms:play-services-basement:18.4.0) with AarResourcesCompilerTransform
Transforming play-services-basement-18.4.0.aar (com.google.android.gms:play-services-basement:18.4.0) with JetifyTransform
Transforming play-services-basement-18.4.0.aar (com.google.android.gms:play-services-basement:18.4.0) with ExtractAarTransform
Transforming play-services-basement-18.4.0.aar (com.google.android.gms:play-services-basement:18.4.0) with AarResourcesCompilerTransform
Transforming play-services-basement-18.4.0.aar (com.google.android.gms:play-services-basement:18.4.0) with JetifyTransform
Transforming play-services-basement-18.4.0.aar (com.google.android.gms:play-services-basement:18.4.0) with ExtractAarTransform
Transforming play-services-basement-18.4.0.aar (com.google.android.gms:play-services-basement:18.4.0) with AarResourcesCompilerTransform
Transforming play-services-basement-18.4.0.aar (com.google.android.gms:play-services-basement:18.4.0) with JetifyTransform
Transforming play-services-basement-18.4.0.aar (com.google.android.gms:play-services-basement:18.4.0) with ExtractAarTransform
Transforming play-services-basement-18.4.0.aar (com.google.android.gms:play-services-basement:18.4.0) with AarResourcesCompilerTransform
Transforming play-services-basement-18.4.0.aar (com.google.android.gms:play-services-basement:18.4.0) with JetifyTransform
Transforming play-services-basement-18.4.0.aar (com.google.android.gms:play-services-basement:18.4.0) with ExtractAarTransform
Transforming play-services-basement-18.4.0.aar (com.google.android.gms:play-services-basement:18.4.0) with AarResourcesCompilerTransform
Transforming play-services-basement-18.4.0.aar (com.google.android.gms:play-services-basement:18.4.0) with JetifyTransform
Transforming play-services-basement-18.4.0.aar (com.google.android.gms:play-services-basement:18.4.0) with ExtractAarTransform
Transforming play-services-basement-18.4.0.aar (com.google.android.gms:play-services-basement:18.4.0) with AarResourcesCompilerTransform
Transforming play-services-basement-18.4.0.aar (com.google.android.gms:play-services-basement:18.4.0) with JetifyTransform
Transforming play-services-basement-18.4.0.aar (com.google.android.gms:play-services-basement:18.4.0) with ExtractAarTransform
Transforming play-services-basement-18.4.0.aar (com.google.android.gms:play-services-basement:18.4.0) with AarResourcesCompilerTransform
Transforming fragment-1.5.1.aar (androidx.fragment:fragment:1.5.1) with JetifyTransform
Transforming fragment-1.5.1.aar (androidx.fragment:fragment:1.5.1) with ExtractAarTransform
Transforming fragment-1.5.1.aar (androidx.fragment:fragment:1.5.1) with AarResourcesCompilerTransform
Transforming fragment-1.5.1.aar (androidx.fragment:fragment:1.5.1) with JetifyTransform
Transforming fragment-1.5.1.aar (androidx.fragment:fragment:1.5.1) with ExtractAarTransform
Transforming fragment-1.5.1.aar (androidx.fragment:fragment:1.5.1) with AarResourcesCompilerTransform
Transforming fragment-1.5.1.aar (androidx.fragment:fragment:1.5.1) with JetifyTransform
Transforming fragment-1.5.1.aar (androidx.fragment:fragment:1.5.1) with ExtractAarTransform
Transforming fragment-1.5.1.aar (androidx.fragment:fragment:1.5.1) with AarResourcesCompilerTransform
Transforming fragment-1.5.1.aar (androidx.fragment:fragment:1.5.1) with JetifyTransform
Transforming fragment-1.5.1.aar (androidx.fragment:fragment:1.5.1) with ExtractAarTransform
Transforming fragment-1.5.1.aar (androidx.fragment:fragment:1.5.1) with AarResourcesCompilerTransform
Transforming fragment-1.5.1.aar (androidx.fragment:fragment:1.5.1) with JetifyTransform
Transforming fragment-1.5.1.aar (androidx.fragment:fragment:1.5.1) with ExtractAarTransform
Transforming fragment-1.5.1.aar (androidx.fragment:fragment:1.5.1) with AarResourcesCompilerTransform
Transforming material3-window-size-class-release.aar (androidx.compose.material3:material3-window-size-class-android:1.2.1) with JetifyTransform
Transforming material3-window-size-class-release.aar (androidx.compose.material3:material3-window-size-class-android:1.2.1) with ExtractAarTransform
Transforming material3-window-size-class-release.aar (androidx.compose.material3:material3-window-size-class-android:1.2.1) with AarResourcesCompilerTransform
Transforming material3-release.aar (androidx.compose.material3:material3-android:1.2.1) with JetifyTransform
Transforming material3-release.aar (androidx.compose.material3:material3-android:1.2.1) with ExtractAarTransform
Transforming material3-release.aar (androidx.compose.material3:material3-android:1.2.1) with AarResourcesCompilerTransform
Transforming palette-1.0.0.aar (androidx.palette:palette:1.0.0) with JetifyTransform
Transforming palette-1.0.0.aar (androidx.palette:palette:1.0.0) with ExtractAarTransform
Transforming palette-1.0.0.aar (androidx.palette:palette:1.0.0) with AarResourcesCompilerTransform
Transforming dynamicanimation-1.0.0.aar (androidx.dynamicanimation:dynamicanimation:1.0.0) with JetifyTransform
Transforming dynamicanimation-1.0.0.aar (androidx.dynamicanimation:dynamicanimation:1.0.0) with ExtractAarTransform
Transforming dynamicanimation-1.0.0.aar (androidx.dynamicanimation:dynamicanimation:1.0.0) with AarResourcesCompilerTransform
Transforming legacy-support-core-ui-1.0.0.aar (androidx.legacy:legacy-support-core-ui:1.0.0) with JetifyTransform
Transforming legacy-support-core-ui-1.0.0.aar (androidx.legacy:legacy-support-core-ui:1.0.0) with ExtractAarTransform
Transforming legacy-support-core-ui-1.0.0.aar (androidx.legacy:legacy-support-core-ui:1.0.0) with AarResourcesCompilerTransform
Transforming legacy-support-core-utils-1.0.0.aar (androidx.legacy:legacy-support-core-utils:1.0.0) with JetifyTransform
Transforming legacy-support-core-utils-1.0.0.aar (androidx.legacy:legacy-support-core-utils:1.0.0) with ExtractAarTransform
Transforming legacy-support-core-utils-1.0.0.aar (androidx.legacy:legacy-support-core-utils:1.0.0) with AarResourcesCompilerTransform
Transforming legacy-support-core-utils-1.0.0.aar (androidx.legacy:legacy-support-core-utils:1.0.0) with JetifyTransform
Transforming legacy-support-core-utils-1.0.0.aar (androidx.legacy:legacy-support-core-utils:1.0.0) with ExtractAarTransform
Transforming legacy-support-core-utils-1.0.0.aar (androidx.legacy:legacy-support-core-utils:1.0.0) with AarResourcesCompilerTransform
Transforming legacy-support-core-utils-1.0.0.aar (androidx.legacy:legacy-support-core-utils:1.0.0) with JetifyTransform
Transforming legacy-support-core-utils-1.0.0.aar (androidx.legacy:legacy-support-core-utils:1.0.0) with ExtractAarTransform
Transforming legacy-support-core-utils-1.0.0.aar (androidx.legacy:legacy-support-core-utils:1.0.0) with AarResourcesCompilerTransform
Transforming legacy-support-core-utils-1.0.0.aar (androidx.legacy:legacy-support-core-utils:1.0.0) with JetifyTransform
Transforming legacy-support-core-utils-1.0.0.aar (androidx.legacy:legacy-support-core-utils:1.0.0) with ExtractAarTransform
Transforming legacy-support-core-utils-1.0.0.aar (androidx.legacy:legacy-support-core-utils:1.0.0) with AarResourcesCompilerTransform
Transforming loader-1.0.0.aar (androidx.loader:loader:1.0.0) with JetifyTransform
Transforming loader-1.0.0.aar (androidx.loader:loader:1.0.0) with ExtractAarTransform
Transforming loader-1.0.0.aar (androidx.loader:loader:1.0.0) with AarResourcesCompilerTransform
Transforming loader-1.0.0.aar (androidx.loader:loader:1.0.0) with JetifyTransform
Transforming loader-1.0.0.aar (androidx.loader:loader:1.0.0) with ExtractAarTransform
Transforming loader-1.0.0.aar (androidx.loader:loader:1.0.0) with AarResourcesCompilerTransform
Transforming accompanist-permissions-0.37.3.aar (com.google.accompanist:accompanist-permissions:0.37.3) with JetifyTransform
Transforming accompanist-permissions-0.37.3.aar (com.google.accompanist:accompanist-permissions:0.37.3) with ExtractAarTransform
Transforming accompanist-permissions-0.37.3.aar (com.google.accompanist:accompanist-permissions:0.37.3) with AarResourcesCompilerTransform
Transforming constraintlayout-compose-1.0.1.aar (androidx.constraintlayout:constraintlayout-compose:1.0.1) with JetifyTransform
Transforming constraintlayout-compose-1.0.1.aar (androidx.constraintlayout:constraintlayout-compose:1.0.1) with ExtractAarTransform
Transforming constraintlayout-compose-1.0.1.aar (androidx.constraintlayout:constraintlayout-compose:1.0.1) with AarResourcesCompilerTransform
Transforming accompanist-systemuicontroller-0.34.0.aar (com.google.accompanist:accompanist-systemuicontroller:0.34.0) with JetifyTransform
Transforming accompanist-systemuicontroller-0.34.0.aar (com.google.accompanist:accompanist-systemuicontroller:0.34.0) with ExtractAarTransform
Transforming accompanist-systemuicontroller-0.34.0.aar (com.google.accompanist:accompanist-systemuicontroller:0.34.0) with AarResourcesCompilerTransform
Transforming accompanist-adaptive-0.34.0.aar (com.google.accompanist:accompanist-adaptive:0.34.0) with JetifyTransform
Transforming accompanist-adaptive-0.34.0.aar (com.google.accompanist:accompanist-adaptive:0.34.0) with ExtractAarTransform
Transforming accompanist-adaptive-0.34.0.aar (com.google.accompanist:accompanist-adaptive:0.34.0) with AarResourcesCompilerTransform
Transforming accompanist-drawablepainter-0.32.0.aar (com.google.accompanist:accompanist-drawablepainter:0.32.0) with JetifyTransform
Transforming accompanist-drawablepainter-0.32.0.aar (com.google.accompanist:accompanist-drawablepainter:0.32.0) with ExtractAarTransform
Transforming accompanist-drawablepainter-0.32.0.aar (com.google.accompanist:accompanist-drawablepainter:0.32.0) with AarResourcesCompilerTransform
Transforming material-ripple-release.aar (androidx.compose.material:material-ripple-android:1.6.8) with JetifyTransform
Transforming material-ripple-release.aar (androidx.compose.material:material-ripple-android:1.6.8) with ExtractAarTransform
Transforming material-ripple-release.aar (androidx.compose.material:material-ripple-android:1.6.8) with AarResourcesCompilerTransform
Transforming ui-tooling-data-release.aar (androidx.compose.ui:ui-tooling-data-android:1.7.8) with JetifyTransform
Transforming ui-tooling-data-release.aar (androidx.compose.ui:ui-tooling-data-android:1.7.8) with ExtractAarTransform
Transforming ui-tooling-data-release.aar (androidx.compose.ui:ui-tooling-data-android:1.7.8) with AarResourcesCompilerTransform
Transforming ui-tooling-preview-release.aar (androidx.compose.ui:ui-tooling-preview-android:1.7.8) with JetifyTransform
Transforming ui-tooling-preview-release.aar (androidx.compose.ui:ui-tooling-preview-android:1.7.8) with ExtractAarTransform
Transforming ui-tooling-preview-release.aar (androidx.compose.ui:ui-tooling-preview-android:1.7.8) with AarResourcesCompilerTransform
Transforming animation-core-release.aar (androidx.compose.animation:animation-core-android:1.7.8) with JetifyTransform
Transforming animation-core-release.aar (androidx.compose.animation:animation-core-android:1.7.8) with ExtractAarTransform
Transforming animation-core-release.aar (androidx.compose.animation:animation-core-android:1.7.8) with AarResourcesCompilerTransform
Transforming animation-release.aar (androidx.compose.animation:animation-android:1.7.8) with JetifyTransform
Transforming animation-release.aar (androidx.compose.animation:animation-android:1.7.8) with ExtractAarTransform
Transforming animation-release.aar (androidx.compose.animation:animation-android:1.7.8) with AarResourcesCompilerTransform
Transforming foundation-layout-release.aar (androidx.compose.foundation:foundation-layout-android:1.7.8) with JetifyTransform
Transforming foundation-layout-release.aar (androidx.compose.foundation:foundation-layout-android:1.7.8) with ExtractAarTransform
Transforming foundation-layout-release.aar (androidx.compose.foundation:foundation-layout-android:1.7.8) with AarResourcesCompilerTransform
Transforming foundation-release.aar (androidx.compose.foundation:foundation-android:1.7.8) with JetifyTransform
Transforming foundation-release.aar (androidx.compose.foundation:foundation-android:1.7.8) with ExtractAarTransform
Transforming foundation-release.aar (androidx.compose.foundation:foundation-android:1.7.8) with AarResourcesCompilerTransform
Transforming ui-util-release.aar (androidx.compose.ui:ui-util-android:1.7.8) with JetifyTransform
Transforming ui-util-release.aar (androidx.compose.ui:ui-util-android:1.7.8) with ExtractAarTransform
Transforming ui-util-release.aar (androidx.compose.ui:ui-util-android:1.7.8) with AarResourcesCompilerTransform
Transforming ui-unit-release.aar (androidx.compose.ui:ui-unit-android:1.7.8) with JetifyTransform
Transforming ui-unit-release.aar (androidx.compose.ui:ui-unit-android:1.7.8) with ExtractAarTransform
Transforming ui-unit-release.aar (androidx.compose.ui:ui-unit-android:1.7.8) with AarResourcesCompilerTransform
Transforming ui-text-release.aar (androidx.compose.ui:ui-text-android:1.7.8) with JetifyTransform
Transforming ui-text-release.aar (androidx.compose.ui:ui-text-android:1.7.8) with ExtractAarTransform
Transforming ui-text-release.aar (androidx.compose.ui:ui-text-android:1.7.8) with AarResourcesCompilerTransform
Transforming ui-graphics-release.aar (androidx.compose.ui:ui-graphics-android:1.7.8) with JetifyTransform
Transforming ui-graphics-release.aar (androidx.compose.ui:ui-graphics-android:1.7.8) with ExtractAarTransform
Transforming ui-graphics-release.aar (androidx.compose.ui:ui-graphics-android:1.7.8) with AarResourcesCompilerTransform
Transforming ui-geometry-release.aar (androidx.compose.ui:ui-geometry-android:1.7.8) with JetifyTransform
Transforming ui-geometry-release.aar (androidx.compose.ui:ui-geometry-android:1.7.8) with ExtractAarTransform
Transforming ui-geometry-release.aar (androidx.compose.ui:ui-geometry-android:1.7.8) with AarResourcesCompilerTransform
Transforming ui-test-manifest-1.7.8.aar (androidx.compose.ui:ui-test-manifest:1.7.8) with JetifyTransform
Transforming ui-test-manifest-1.7.8.aar (androidx.compose.ui:ui-test-manifest:1.7.8) with ExtractAarTransform
Transforming ui-test-manifest-1.7.8.aar (androidx.compose.ui:ui-test-manifest:1.7.8) with AarResourcesCompilerTransform
Transforming ui-tooling-release.aar (androidx.compose.ui:ui-tooling-android:1.7.8) with JetifyTransform
Transforming ui-tooling-release.aar (androidx.compose.ui:ui-tooling-android:1.7.8) with ExtractAarTransform
Transforming ui-tooling-release.aar (androidx.compose.ui:ui-tooling-android:1.7.8) with AarResourcesCompilerTransform
Transforming material-release.aar (androidx.compose.material:material-android:1.6.8) with JetifyTransform
Transforming material-release.aar (androidx.compose.material:material-android:1.6.8) with ExtractAarTransform
Transforming material-release.aar (androidx.compose.material:material-android:1.6.8) with AarResourcesCompilerTransform
Transforming material-icons-extended-release.aar (androidx.compose.material:material-icons-extended-android:1.6.8) with JetifyTransform
Transforming material-icons-extended-release.aar (androidx.compose.material:material-icons-extended-android:1.6.8) with ExtractAarTransform
Transforming material-icons-extended-release.aar (androidx.compose.material:material-icons-extended-android:1.6.8) with AarResourcesCompilerTransform
Transforming material-icons-core-release.aar (androidx.compose.material:material-icons-core-android:1.6.8) with JetifyTransform
Transforming material-icons-core-release.aar (androidx.compose.material:material-icons-core-android:1.6.8) with ExtractAarTransform
Transforming material-icons-core-release.aar (androidx.compose.material:material-icons-core-android:1.6.8) with AarResourcesCompilerTransform
Transforming ui-release.aar (androidx.compose.ui:ui-android:1.7.8) with JetifyTransform
Transforming ui-release.aar (androidx.compose.ui:ui-android:1.7.8) with ExtractAarTransform
Transforming ui-release.aar (androidx.compose.ui:ui-android:1.7.8) with AarResourcesCompilerTransform
Transforming activity-1.9.0.aar (androidx.activity:activity:1.9.0) with JetifyTransform
Transforming activity-1.9.0.aar (androidx.activity:activity:1.9.0) with ExtractAarTransform
Transforming activity-1.9.0.aar (androidx.activity:activity:1.9.0) with AarResourcesCompilerTransform
Transforming activity-ktx-1.9.0.aar (androidx.activity:activity-ktx:1.9.0) with JetifyTransform
Transforming activity-ktx-1.9.0.aar (androidx.activity:activity-ktx:1.9.0) with ExtractAarTransform
Transforming activity-ktx-1.9.0.aar (androidx.activity:activity-ktx:1.9.0) with AarResourcesCompilerTransform
Transforming activity-compose-1.9.0.aar (androidx.activity:activity-compose:1.9.0) with JetifyTransform
Transforming activity-compose-1.9.0.aar (androidx.activity:activity-compose:1.9.0) with ExtractAarTransform
Transforming activity-compose-1.9.0.aar (androidx.activity:activity-compose:1.9.0) with AarResourcesCompilerTransform
Transforming emoji2-views-helper-1.3.0.aar (androidx.emoji2:emoji2-views-helper:1.3.0) with JetifyTransform
Transforming emoji2-views-helper-1.3.0.aar (androidx.emoji2:emoji2-views-helper:1.3.0) with ExtractAarTransform
Transforming emoji2-views-helper-1.3.0.aar (androidx.emoji2:emoji2-views-helper:1.3.0) with AarResourcesCompilerTransform
Transforming emoji2-1.3.0.aar (androidx.emoji2:emoji2:1.3.0) with JetifyTransform
Transforming emoji2-1.3.0.aar (androidx.emoji2:emoji2:1.3.0) with ExtractAarTransform
Transforming emoji2-1.3.0.aar (androidx.emoji2:emoji2:1.3.0) with AarResourcesCompilerTransform
Transforming lifecycle-process-2.9.1.aar (androidx.lifecycle:lifecycle-process:2.9.1) with JetifyTransform
Transforming lifecycle-process-2.9.1.aar (androidx.lifecycle:lifecycle-process:2.9.1) with ExtractAarTransform
Transforming lifecycle-process-2.9.1.aar (androidx.lifecycle:lifecycle-process:2.9.1) with AarResourcesCompilerTransform
Transforming lifecycle-livedata-core-ktx-2.9.1.aar (androidx.lifecycle:lifecycle-livedata-core-ktx:2.9.1) with JetifyTransform
Transforming lifecycle-livedata-core-ktx-2.9.1.aar (androidx.lifecycle:lifecycle-livedata-core-ktx:2.9.1) with ExtractAarTransform
Transforming lifecycle-livedata-core-ktx-2.9.1.aar (androidx.lifecycle:lifecycle-livedata-core-ktx:2.9.1) with AarResourcesCompilerTransform
Transforming lifecycle-service-2.9.1.aar (androidx.lifecycle:lifecycle-service:2.9.1) with JetifyTransform
Transforming lifecycle-service-2.9.1.aar (androidx.lifecycle:lifecycle-service:2.9.1) with ExtractAarTransform
Transforming lifecycle-service-2.9.1.aar (androidx.lifecycle:lifecycle-service:2.9.1) with AarResourcesCompilerTransform
Transforming lifecycle-livedata-2.9.1.aar (androidx.lifecycle:lifecycle-livedata:2.9.1) with JetifyTransform
Transforming lifecycle-livedata-2.9.1.aar (androidx.lifecycle:lifecycle-livedata:2.9.1) with ExtractAarTransform
Transforming lifecycle-livedata-2.9.1.aar (androidx.lifecycle:lifecycle-livedata:2.9.1) with AarResourcesCompilerTransform
Transforming lifecycle-livedata-2.9.1.aar (androidx.lifecycle:lifecycle-livedata:2.9.1) with JetifyTransform
Transforming lifecycle-livedata-2.9.1.aar (androidx.lifecycle:lifecycle-livedata:2.9.1) with ExtractAarTransform
Transforming lifecycle-livedata-2.9.1.aar (androidx.lifecycle:lifecycle-livedata:2.9.1) with AarResourcesCompilerTransform
Transforming lifecycle-viewmodel-ktx-2.9.1.aar (androidx.lifecycle:lifecycle-viewmodel-ktx:2.9.1) with JetifyTransform
Transforming lifecycle-viewmodel-ktx-2.9.1.aar (androidx.lifecycle:lifecycle-viewmodel-ktx:2.9.1) with ExtractAarTransform
Transforming lifecycle-viewmodel-ktx-2.9.1.aar (androidx.lifecycle:lifecycle-viewmodel-ktx:2.9.1) with AarResourcesCompilerTransform
Transforming lifecycle-viewmodel-savedstate-release.aar (androidx.lifecycle:lifecycle-viewmodel-savedstate-android:2.9.1) with JetifyTransform
Transforming lifecycle-viewmodel-savedstate-release.aar (androidx.lifecycle:lifecycle-viewmodel-savedstate-android:2.9.1) with ExtractAarTransform
Transforming lifecycle-viewmodel-savedstate-release.aar (androidx.lifecycle:lifecycle-viewmodel-savedstate-android:2.9.1) with AarResourcesCompilerTransform
Transforming lifecycle-viewmodel-2.9.1.aar (androidx.lifecycle:lifecycle-viewmodel:2.9.1) with JetifyTransform
Transforming lifecycle-viewmodel-2.9.1.aar (androidx.lifecycle:lifecycle-viewmodel:2.9.1) with ExtractAarTransform
Transforming lifecycle-viewmodel-2.9.1.aar (androidx.lifecycle:lifecycle-viewmodel:2.9.1) with AarResourcesCompilerTransform
Transforming lifecycle-viewmodel-release.aar (androidx.lifecycle:lifecycle-viewmodel-android:2.9.1) with JetifyTransform
Transforming lifecycle-viewmodel-release.aar (androidx.lifecycle:lifecycle-viewmodel-android:2.9.1) with ExtractAarTransform
Transforming lifecycle-viewmodel-release.aar (androidx.lifecycle:lifecycle-viewmodel-android:2.9.1) with AarResourcesCompilerTransform
Transforming savedstate-ktx-1.3.0.aar (androidx.savedstate:savedstate-ktx:1.3.0) with JetifyTransform
Transforming savedstate-ktx-1.3.0.aar (androidx.savedstate:savedstate-ktx:1.3.0) with ExtractAarTransform
Transforming savedstate-ktx-1.3.0.aar (androidx.savedstate:savedstate-ktx:1.3.0) with AarResourcesCompilerTransform
Transforming savedstate-release.aar (androidx.savedstate:savedstate-android:1.3.0) with JetifyTransform
Transforming savedstate-release.aar (androidx.savedstate:savedstate-android:1.3.0) with ExtractAarTransform
Transforming savedstate-release.aar (androidx.savedstate:savedstate-android:1.3.0) with AarResourcesCompilerTransform
Transforming media3-ui-1.4.1.aar (androidx.media3:media3-ui:1.4.1) with JetifyTransform
Transforming media3-ui-1.4.1.aar (androidx.media3:media3-ui:1.4.1) with ExtractAarTransform
Transforming media3-ui-1.4.1.aar (androidx.media3:media3-ui:1.4.1) with AarResourcesCompilerTransform
Transforming media3-session-1.4.1.aar (androidx.media3:media3-session:1.4.1) with JetifyTransform
Transforming media3-session-1.4.1.aar (androidx.media3:media3-session:1.4.1) with ExtractAarTransform
Transforming media3-session-1.4.1.aar (androidx.media3:media3-session:1.4.1) with AarResourcesCompilerTransform
Transforming media3-extractor-1.4.1.aar (androidx.media3:media3-extractor:1.4.1) with JetifyTransform
Transforming media3-extractor-1.4.1.aar (androidx.media3:media3-extractor:1.4.1) with ExtractAarTransform
Transforming media3-extractor-1.4.1.aar (androidx.media3:media3-extractor:1.4.1) with AarResourcesCompilerTransform
Transforming media3-container-1.4.1.aar (androidx.media3:media3-container:1.4.1) with JetifyTransform
Transforming media3-container-1.4.1.aar (androidx.media3:media3-container:1.4.1) with ExtractAarTransform
Transforming media3-container-1.4.1.aar (androidx.media3:media3-container:1.4.1) with AarResourcesCompilerTransform
Transforming media3-datasource-1.4.1.aar (androidx.media3:media3-datasource:1.4.1) with JetifyTransform
Transforming media3-datasource-1.4.1.aar (androidx.media3:media3-datasource:1.4.1) with ExtractAarTransform
Transforming media3-datasource-1.4.1.aar (androidx.media3:media3-datasource:1.4.1) with AarResourcesCompilerTransform
Transforming media3-decoder-1.4.1.aar (androidx.media3:media3-decoder:1.4.1) with JetifyTransform
Transforming media3-decoder-1.4.1.aar (androidx.media3:media3-decoder:1.4.1) with ExtractAarTransform
Transforming media3-decoder-1.4.1.aar (androidx.media3:media3-decoder:1.4.1) with AarResourcesCompilerTransform
Transforming media3-database-1.4.1.aar (androidx.media3:media3-database:1.4.1) with JetifyTransform
Transforming media3-database-1.4.1.aar (androidx.media3:media3-database:1.4.1) with ExtractAarTransform
Transforming media3-database-1.4.1.aar (androidx.media3:media3-database:1.4.1) with AarResourcesCompilerTransform
Transforming media3-common-1.4.1.aar (androidx.media3:media3-common:1.4.1) with JetifyTransform
Transforming media3-common-1.4.1.aar (androidx.media3:media3-common:1.4.1) with ExtractAarTransform
Transforming media3-common-1.4.1.aar (androidx.media3:media3-common:1.4.1) with AarResourcesCompilerTransform
Transforming media3-exoplayer-1.4.1.aar (androidx.media3:media3-exoplayer:1.4.1) with JetifyTransform
Transforming media3-exoplayer-1.4.1.aar (androidx.media3:media3-exoplayer:1.4.1) with ExtractAarTransform
Transforming media3-exoplayer-1.4.1.aar (androidx.media3:media3-exoplayer:1.4.1) with AarResourcesCompilerTransform
Transforming coordinatorlayout-1.1.0.aar (androidx.coordinatorlayout:coordinatorlayout:1.1.0) with JetifyTransform
Transforming coordinatorlayout-1.1.0.aar (androidx.coordinatorlayout:coordinatorlayout:1.1.0) with ExtractAarTransform
Transforming coordinatorlayout-1.1.0.aar (androidx.coordinatorlayout:coordinatorlayout:1.1.0) with AarResourcesCompilerTransform
Transforming coordinatorlayout-1.1.0.aar (androidx.coordinatorlayout:coordinatorlayout:1.1.0) with JetifyTransform
Transforming coordinatorlayout-1.1.0.aar (androidx.coordinatorlayout:coordinatorlayout:1.1.0) with ExtractAarTransform
Transforming coordinatorlayout-1.1.0.aar (androidx.coordinatorlayout:coordinatorlayout:1.1.0) with AarResourcesCompilerTransform
Transforming drawerlayout-1.1.1.aar (androidx.drawerlayout:drawerlayout:1.1.1) with JetifyTransform
Transforming drawerlayout-1.1.1.aar (androidx.drawerlayout:drawerlayout:1.1.1) with ExtractAarTransform
Transforming drawerlayout-1.1.1.aar (androidx.drawerlayout:drawerlayout:1.1.1) with AarResourcesCompilerTransform
Transforming drawerlayout-1.1.1.aar (androidx.drawerlayout:drawerlayout:1.1.1) with JetifyTransform
Transforming drawerlayout-1.1.1.aar (androidx.drawerlayout:drawerlayout:1.1.1) with ExtractAarTransform
Transforming drawerlayout-1.1.1.aar (androidx.drawerlayout:drawerlayout:1.1.1) with AarResourcesCompilerTransform
Transforming transition-1.2.0.aar (androidx.transition:transition:1.2.0) with JetifyTransform
Transforming transition-1.2.0.aar (androidx.transition:transition:1.2.0) with ExtractAarTransform
Transforming transition-1.2.0.aar (androidx.transition:transition:1.2.0) with AarResourcesCompilerTransform
Transforming vectordrawable-animated-1.1.0.aar (androidx.vectordrawable:vectordrawable-animated:1.1.0) with JetifyTransform
Transforming vectordrawable-animated-1.1.0.aar (androidx.vectordrawable:vectordrawable-animated:1.1.0) with ExtractAarTransform
Transforming vectordrawable-animated-1.1.0.aar (androidx.vectordrawable:vectordrawable-animated:1.1.0) with AarResourcesCompilerTransform
Transforming vectordrawable-1.1.0.aar (androidx.vectordrawable:vectordrawable:1.1.0) with JetifyTransform
Transforming vectordrawable-1.1.0.aar (androidx.vectordrawable:vectordrawable:1.1.0) with ExtractAarTransform
Transforming vectordrawable-1.1.0.aar (androidx.vectordrawable:vectordrawable:1.1.0) with AarResourcesCompilerTransform
Transforming vectordrawable-1.1.0.aar (androidx.vectordrawable:vectordrawable:1.1.0) with JetifyTransform
Transforming vectordrawable-1.1.0.aar (androidx.vectordrawable:vectordrawable:1.1.0) with ExtractAarTransform
Transforming vectordrawable-1.1.0.aar (androidx.vectordrawable:vectordrawable:1.1.0) with AarResourcesCompilerTransform
Transforming recyclerview-1.3.0.aar (androidx.recyclerview:recyclerview:1.3.0) with JetifyTransform
Transforming recyclerview-1.3.0.aar (androidx.recyclerview:recyclerview:1.3.0) with ExtractAarTransform
Transforming recyclerview-1.3.0.aar (androidx.recyclerview:recyclerview:1.3.0) with AarResourcesCompilerTransform
Transforming recyclerview-1.3.0.aar (androidx.recyclerview:recyclerview:1.3.0) with JetifyTransform
Transforming recyclerview-1.3.0.aar (androidx.recyclerview:recyclerview:1.3.0) with ExtractAarTransform
Transforming recyclerview-1.3.0.aar (androidx.recyclerview:recyclerview:1.3.0) with AarResourcesCompilerTransform
Transforming media-1.7.0.aar (androidx.media:media:1.7.0) with JetifyTransform
Transforming media-1.7.0.aar (androidx.media:media:1.7.0) with ExtractAarTransform
Transforming media-1.7.0.aar (androidx.media:media:1.7.0) with AarResourcesCompilerTransform
Transforming media-1.7.0.aar (androidx.media:media:1.7.0) with JetifyTransform
Transforming media-1.7.0.aar (androidx.media:media:1.7.0) with ExtractAarTransform
Transforming media-1.7.0.aar (androidx.media:media:1.7.0) with AarResourcesCompilerTransform
Transforming viewpager-1.0.0.aar (androidx.viewpager:viewpager:1.0.0) with JetifyTransform
Transforming viewpager-1.0.0.aar (androidx.viewpager:viewpager:1.0.0) with ExtractAarTransform
Transforming viewpager-1.0.0.aar (androidx.viewpager:viewpager:1.0.0) with AarResourcesCompilerTransform
Transforming viewpager-1.0.0.aar (androidx.viewpager:viewpager:1.0.0) with JetifyTransform
Transforming viewpager-1.0.0.aar (androidx.viewpager:viewpager:1.0.0) with ExtractAarTransform
Transforming viewpager-1.0.0.aar (androidx.viewpager:viewpager:1.0.0) with AarResourcesCompilerTransform
Transforming window-1.0.0.aar (androidx.window:window:1.0.0) with JetifyTransform
Transforming window-1.0.0.aar (androidx.window:window:1.0.0) with ExtractAarTransform
Transforming window-1.0.0.aar (androidx.window:window:1.0.0) with AarResourcesCompilerTransform
Transforming slidingpanelayout-1.0.0.aar (androidx.slidingpanelayout:slidingpanelayout:1.0.0) with JetifyTransform
Transforming slidingpanelayout-1.0.0.aar (androidx.slidingpanelayout:slidingpanelayout:1.0.0) with ExtractAarTransform
Transforming slidingpanelayout-1.0.0.aar (androidx.slidingpanelayout:slidingpanelayout:1.0.0) with AarResourcesCompilerTransform
Transforming customview-1.1.0.aar (androidx.customview:customview:1.1.0) with JetifyTransform
Transforming customview-1.1.0.aar (androidx.customview:customview:1.1.0) with ExtractAarTransform
Transforming customview-1.1.0.aar (androidx.customview:customview:1.1.0) with AarResourcesCompilerTransform
Transforming customview-1.1.0.aar (androidx.customview:customview:1.1.0) with JetifyTransform
Transforming customview-1.1.0.aar (androidx.customview:customview:1.1.0) with ExtractAarTransform
Transforming customview-1.1.0.aar (androidx.customview:customview:1.1.0) with AarResourcesCompilerTransform
Transforming customview-1.1.0.aar (androidx.customview:customview:1.1.0) with JetifyTransform
Transforming customview-1.1.0.aar (androidx.customview:customview:1.1.0) with ExtractAarTransform
Transforming customview-1.1.0.aar (androidx.customview:customview:1.1.0) with AarResourcesCompilerTransform
Transforming customview-1.1.0.aar (androidx.customview:customview:1.1.0) with JetifyTransform
Transforming customview-1.1.0.aar (androidx.customview:customview:1.1.0) with ExtractAarTransform
Transforming customview-1.1.0.aar (androidx.customview:customview:1.1.0) with AarResourcesCompilerTransform
Transforming customview-1.1.0.aar (androidx.customview:customview:1.1.0) with JetifyTransform
Transforming customview-1.1.0.aar (androidx.customview:customview:1.1.0) with ExtractAarTransform
Transforming customview-1.1.0.aar (androidx.customview:customview:1.1.0) with AarResourcesCompilerTransform
Transforming customview-1.1.0.aar (androidx.customview:customview:1.1.0) with JetifyTransform
Transforming customview-1.1.0.aar (androidx.customview:customview:1.1.0) with ExtractAarTransform
Transforming customview-1.1.0.aar (androidx.customview:customview:1.1.0) with AarResourcesCompilerTransform
Transforming swiperefreshlayout-1.0.0.aar (androidx.swiperefreshlayout:swiperefreshlayout:1.0.0) with JetifyTransform
Transforming swiperefreshlayout-1.0.0.aar (androidx.swiperefreshlayout:swiperefreshlayout:1.0.0) with ExtractAarTransform
Transforming swiperefreshlayout-1.0.0.aar (androidx.swiperefreshlayout:swiperefreshlayout:1.0.0) with AarResourcesCompilerTransform
Transforming asynclayoutinflater-1.0.0.aar (androidx.asynclayoutinflater:asynclayoutinflater:1.0.0) with JetifyTransform
Transforming asynclayoutinflater-1.0.0.aar (androidx.asynclayoutinflater:asynclayoutinflater:1.0.0) with ExtractAarTransform
Transforming asynclayoutinflater-1.0.0.aar (androidx.asynclayoutinflater:asynclayoutinflater:1.0.0) with AarResourcesCompilerTransform
Transforming autofill-1.0.0.aar (androidx.autofill:autofill:1.0.0) with JetifyTransform
Transforming autofill-1.0.0.aar (androidx.autofill:autofill:1.0.0) with ExtractAarTransform
Transforming autofill-1.0.0.aar (androidx.autofill:autofill:1.0.0) with AarResourcesCompilerTransform
Transforming customview-poolingcontainer-1.0.0.aar (androidx.customview:customview-poolingcontainer:1.0.0) with JetifyTransform
Transforming customview-poolingcontainer-1.0.0.aar (androidx.customview:customview-poolingcontainer:1.0.0) with ExtractAarTransform
Transforming customview-poolingcontainer-1.0.0.aar (androidx.customview:customview-poolingcontainer:1.0.0) with AarResourcesCompilerTransform
Transforming core-ktx-1.13.1.aar (androidx.core:core-ktx:1.13.1) with JetifyTransform
Transforming core-ktx-1.13.1.aar (androidx.core:core-ktx:1.13.1) with ExtractAarTransform
Transforming core-ktx-1.13.1.aar (androidx.core:core-ktx:1.13.1) with AarResourcesCompilerTransform
Transforming graphics-path-1.0.1.aar (androidx.graphics:graphics-path:1.0.1) with JetifyTransform
Transforming graphics-path-1.0.1.aar (androidx.graphics:graphics-path:1.0.1) with ExtractAarTransform
Transforming graphics-path-1.0.1.aar (androidx.graphics:graphics-path:1.0.1) with AarResourcesCompilerTransform
Transforming core-1.13.1.aar (androidx.core:core:1.13.1) with JetifyTransform
Transforming core-1.13.1.aar (androidx.core:core:1.13.1) with ExtractAarTransform
Transforming core-1.13.1.aar (androidx.core:core:1.13.1) with AarResourcesCompilerTransform
Transforming core-1.13.1.aar (androidx.core:core:1.13.1) with JetifyTransform
Transforming core-1.13.1.aar (androidx.core:core:1.13.1) with ExtractAarTransform
Transforming core-1.13.1.aar (androidx.core:core:1.13.1) with AarResourcesCompilerTransform
Transforming core-1.13.1.aar (androidx.core:core:1.13.1) with JetifyTransform
Transforming core-1.13.1.aar (androidx.core:core:1.13.1) with ExtractAarTransform
Transforming core-1.13.1.aar (androidx.core:core:1.13.1) with AarResourcesCompilerTransform
Transforming core-1.13.1.aar (androidx.core:core:1.13.1) with JetifyTransform
Transforming core-1.13.1.aar (androidx.core:core:1.13.1) with ExtractAarTransform
Transforming core-1.13.1.aar (androidx.core:core:1.13.1) with AarResourcesCompilerTransform
Transforming core-1.13.1.aar (androidx.core:core:1.13.1) with JetifyTransform
Transforming core-1.13.1.aar (androidx.core:core:1.13.1) with ExtractAarTransform
Transforming core-1.13.1.aar (androidx.core:core:1.13.1) with AarResourcesCompilerTransform
Transforming core-1.13.1.aar (androidx.core:core:1.13.1) with JetifyTransform
Transforming core-1.13.1.aar (androidx.core:core:1.13.1) with ExtractAarTransform
Transforming core-1.13.1.aar (androidx.core:core:1.13.1) with AarResourcesCompilerTransform
Transforming core-1.13.1.aar (androidx.core:core:1.13.1) with JetifyTransform
Transforming core-1.13.1.aar (androidx.core:core:1.13.1) with ExtractAarTransform
Transforming core-1.13.1.aar (androidx.core:core:1.13.1) with AarResourcesCompilerTransform
Transforming core-1.13.1.aar (androidx.core:core:1.13.1) with JetifyTransform
Transforming core-1.13.1.aar (androidx.core:core:1.13.1) with ExtractAarTransform
Transforming core-1.13.1.aar (androidx.core:core:1.13.1) with AarResourcesCompilerTransform
Transforming core-1.13.1.aar (androidx.core:core:1.13.1) with JetifyTransform
Transforming core-1.13.1.aar (androidx.core:core:1.13.1) with ExtractAarTransform
Transforming core-1.13.1.aar (androidx.core:core:1.13.1) with AarResourcesCompilerTransform
Transforming core-1.13.1.aar (androidx.core:core:1.13.1) with JetifyTransform
Transforming core-1.13.1.aar (androidx.core:core:1.13.1) with ExtractAarTransform
Transforming core-1.13.1.aar (androidx.core:core:1.13.1) with AarResourcesCompilerTransform
Transforming core-1.13.1.aar (androidx.core:core:1.13.1) with JetifyTransform
Transforming core-1.13.1.aar (androidx.core:core:1.13.1) with ExtractAarTransform
Transforming core-1.13.1.aar (androidx.core:core:1.13.1) with AarResourcesCompilerTransform
Transforming core-1.13.1.aar (androidx.core:core:1.13.1) with JetifyTransform
Transforming core-1.13.1.aar (androidx.core:core:1.13.1) with ExtractAarTransform
Transforming core-1.13.1.aar (androidx.core:core:1.13.1) with AarResourcesCompilerTransform
Transforming core-1.13.1.aar (androidx.core:core:1.13.1) with JetifyTransform
Transforming core-1.13.1.aar (androidx.core:core:1.13.1) with ExtractAarTransform
Transforming core-1.13.1.aar (androidx.core:core:1.13.1) with AarResourcesCompilerTransform
Transforming core-1.13.1.aar (androidx.core:core:1.13.1) with JetifyTransform
Transforming core-1.13.1.aar (androidx.core:core:1.13.1) with ExtractAarTransform
Transforming core-1.13.1.aar (androidx.core:core:1.13.1) with AarResourcesCompilerTransform
Transforming core-1.13.1.aar (androidx.core:core:1.13.1) with JetifyTransform
Transforming core-1.13.1.aar (androidx.core:core:1.13.1) with ExtractAarTransform
Transforming core-1.13.1.aar (androidx.core:core:1.13.1) with AarResourcesCompilerTransform
Transforming core-1.13.1.aar (androidx.core:core:1.13.1) with JetifyTransform
Transforming core-1.13.1.aar (androidx.core:core:1.13.1) with ExtractAarTransform
Transforming core-1.13.1.aar (androidx.core:core:1.13.1) with AarResourcesCompilerTransform
Transforming core-1.13.1.aar (androidx.core:core:1.13.1) with JetifyTransform
Transforming core-1.13.1.aar (androidx.core:core:1.13.1) with ExtractAarTransform
Transforming core-1.13.1.aar (androidx.core:core:1.13.1) with AarResourcesCompilerTransform
Transforming core-1.13.1.aar (androidx.core:core:1.13.1) with JetifyTransform
Transforming core-1.13.1.aar (androidx.core:core:1.13.1) with ExtractAarTransform
Transforming core-1.13.1.aar (androidx.core:core:1.13.1) with AarResourcesCompilerTransform
Transforming core-1.13.1.aar (androidx.core:core:1.13.1) with JetifyTransform
Transforming core-1.13.1.aar (androidx.core:core:1.13.1) with ExtractAarTransform
Transforming core-1.13.1.aar (androidx.core:core:1.13.1) with AarResourcesCompilerTransform
Transforming core-1.13.1.aar (androidx.core:core:1.13.1) with JetifyTransform
Transforming core-1.13.1.aar (androidx.core:core:1.13.1) with ExtractAarTransform
Transforming core-1.13.1.aar (androidx.core:core:1.13.1) with AarResourcesCompilerTransform
Transforming core-1.13.1.aar (androidx.core:core:1.13.1) with JetifyTransform
Transforming core-1.13.1.aar (androidx.core:core:1.13.1) with ExtractAarTransform
Transforming core-1.13.1.aar (androidx.core:core:1.13.1) with AarResourcesCompilerTransform
Transforming lifecycle-runtime-release.aar (androidx.lifecycle:lifecycle-runtime-android:2.9.1) with JetifyTransform
Transforming lifecycle-runtime-release.aar (androidx.lifecycle:lifecycle-runtime-android:2.9.1) with ExtractAarTransform
Transforming lifecycle-runtime-release.aar (androidx.lifecycle:lifecycle-runtime-android:2.9.1) with AarResourcesCompilerTransform
Transforming lifecycle-livedata-core-2.9.1.aar (androidx.lifecycle:lifecycle-livedata-core:2.9.1) with JetifyTransform
Transforming lifecycle-livedata-core-2.9.1.aar (androidx.lifecycle:lifecycle-livedata-core:2.9.1) with ExtractAarTransform
Transforming lifecycle-livedata-core-2.9.1.aar (androidx.lifecycle:lifecycle-livedata-core:2.9.1) with AarResourcesCompilerTransform
Transforming lifecycle-runtime-compose-release.aar (androidx.lifecycle:lifecycle-runtime-compose-android:2.9.1) with JetifyTransform
Transforming lifecycle-runtime-compose-release.aar (androidx.lifecycle:lifecycle-runtime-compose-android:2.9.1) with ExtractAarTransform
Transforming lifecycle-runtime-compose-release.aar (androidx.lifecycle:lifecycle-runtime-compose-android:2.9.1) with AarResourcesCompilerTransform
Transforming lifecycle-viewmodel-compose-release.aar (androidx.lifecycle:lifecycle-viewmodel-compose-android:2.9.1) with JetifyTransform
Transforming lifecycle-viewmodel-compose-release.aar (androidx.lifecycle:lifecycle-viewmodel-compose-android:2.9.1) with ExtractAarTransform
Transforming lifecycle-viewmodel-compose-release.aar (androidx.lifecycle:lifecycle-viewmodel-compose-android:2.9.1) with AarResourcesCompilerTransform
Transforming lifecycle-runtime-ktx.aar (androidx.lifecycle:lifecycle-runtime-ktx-android:2.9.1) with JetifyTransform
Transforming lifecycle-runtime-ktx.aar (androidx.lifecycle:lifecycle-runtime-ktx-android:2.9.1) with ExtractAarTransform
Transforming lifecycle-runtime-ktx.aar (androidx.lifecycle:lifecycle-runtime-ktx-android:2.9.1) with AarResourcesCompilerTransform
Transforming datastore-core-release.aar (androidx.datastore:datastore-core-android:1.1.7) with JetifyTransform
Transforming datastore-core-release.aar (androidx.datastore:datastore-core-android:1.1.7) with ExtractAarTransform
Transforming datastore-core-release.aar (androidx.datastore:datastore-core-android:1.1.7) with AarResourcesCompilerTransform
Transforming datastore-preferences-core-release.aar (androidx.datastore:datastore-preferences-core-android:1.1.7) with JetifyTransform
Transforming datastore-preferences-core-release.aar (androidx.datastore:datastore-preferences-core-android:1.1.7) with ExtractAarTransform
Transforming datastore-preferences-core-release.aar (androidx.datastore:datastore-preferences-core-android:1.1.7) with AarResourcesCompilerTransform
Transforming datastore-release.aar (androidx.datastore:datastore-android:1.1.7) with JetifyTransform
Transforming datastore-release.aar (androidx.datastore:datastore-android:1.1.7) with ExtractAarTransform
Transforming datastore-release.aar (androidx.datastore:datastore-android:1.1.7) with AarResourcesCompilerTransform
Transforming datastore-preferences-release.aar (androidx.datastore:datastore-preferences-android:1.1.7) with JetifyTransform
Transforming datastore-preferences-release.aar (androidx.datastore:datastore-preferences-android:1.1.7) with ExtractAarTransform
Transforming datastore-preferences-release.aar (androidx.datastore:datastore-preferences-android:1.1.7) with AarResourcesCompilerTransform
Transforming runtime-saveable-release.aar (androidx.compose.runtime:runtime-saveable-android:1.7.8) with JetifyTransform
Transforming runtime-saveable-release.aar (androidx.compose.runtime:runtime-saveable-android:1.7.8) with ExtractAarTransform
Transforming runtime-saveable-release.aar (androidx.compose.runtime:runtime-saveable-android:1.7.8) with AarResourcesCompilerTransform
Transforming runtime-release.aar (androidx.compose.runtime:runtime-android:1.7.8) with JetifyTransform
Transforming runtime-release.aar (androidx.compose.runtime:runtime-android:1.7.8) with ExtractAarTransform
Transforming runtime-release.aar (androidx.compose.runtime:runtime-android:1.7.8) with AarResourcesCompilerTransform
Transforming annotation-experimental-1.4.1.aar (androidx.annotation:annotation-experimental:1.4.1) with JetifyTransform
Transforming annotation-experimental-1.4.1.aar (androidx.annotation:annotation-experimental:1.4.1) with ExtractAarTransform
Transforming annotation-experimental-1.4.1.aar (androidx.annotation:annotation-experimental:1.4.1) with AarResourcesCompilerTransform
Transforming sqlite-framework-release.aar (androidx.sqlite:sqlite-framework-android:2.5.1) with JetifyTransform
Transforming sqlite-framework-release.aar (androidx.sqlite:sqlite-framework-android:2.5.1) with ExtractAarTransform
Transforming sqlite-framework-release.aar (androidx.sqlite:sqlite-framework-android:2.5.1) with AarResourcesCompilerTransform
Transforming sqlite-release.aar (androidx.sqlite:sqlite-android:2.5.1) with JetifyTransform
Transforming sqlite-release.aar (androidx.sqlite:sqlite-android:2.5.1) with ExtractAarTransform
Transforming sqlite-release.aar (androidx.sqlite:sqlite-android:2.5.1) with AarResourcesCompilerTransform
Transforming core-viewtree-1.0.0.aar (androidx.core:core-viewtree:1.0.0) with JetifyTransform
Transforming core-viewtree-1.0.0.aar (androidx.core:core-viewtree:1.0.0) with ExtractAarTransform
Transforming core-viewtree-1.0.0.aar (androidx.core:core-viewtree:1.0.0) with AarResourcesCompilerTransform
Transforming documentfile-1.0.1.aar (androidx.documentfile:documentfile:1.0.1) with JetifyTransform
Transforming documentfile-1.0.1.aar (androidx.documentfile:documentfile:1.0.1) with ExtractAarTransform
Transforming documentfile-1.0.1.aar (androidx.documentfile:documentfile:1.0.1) with AarResourcesCompilerTransform
Transforming documentfile-1.0.1.aar (androidx.documentfile:documentfile:1.0.1) with JetifyTransform
Transforming documentfile-1.0.1.aar (androidx.documentfile:documentfile:1.0.1) with ExtractAarTransform
Transforming documentfile-1.0.1.aar (androidx.documentfile:documentfile:1.0.1) with AarResourcesCompilerTransform
Transforming cardview-1.0.0.aar (androidx.cardview:cardview:1.0.0) with JetifyTransform
Transforming cardview-1.0.0.aar (androidx.cardview:cardview:1.0.0) with ExtractAarTransform
Transforming cardview-1.0.0.aar (androidx.cardview:cardview:1.0.0) with AarResourcesCompilerTransform
Transforming core-runtime-2.2.0.aar (androidx.arch.core:core-runtime:2.2.0) with JetifyTransform
Transforming core-runtime-2.2.0.aar (androidx.arch.core:core-runtime:2.2.0) with ExtractAarTransform
Transforming core-runtime-2.2.0.aar (androidx.arch.core:core-runtime:2.2.0) with AarResourcesCompilerTransform
Transforming cursoradapter-1.0.0.aar (androidx.cursoradapter:cursoradapter:1.0.0) with JetifyTransform
Transforming cursoradapter-1.0.0.aar (androidx.cursoradapter:cursoradapter:1.0.0) with ExtractAarTransform
Transforming cursoradapter-1.0.0.aar (androidx.cursoradapter:cursoradapter:1.0.0) with AarResourcesCompilerTransform
Transforming cursoradapter-1.0.0.aar (androidx.cursoradapter:cursoradapter:1.0.0) with JetifyTransform
Transforming cursoradapter-1.0.0.aar (androidx.cursoradapter:cursoradapter:1.0.0) with ExtractAarTransform
Transforming cursoradapter-1.0.0.aar (androidx.cursoradapter:cursoradapter:1.0.0) with AarResourcesCompilerTransform
Transforming gifdecoder-4.15.1.aar (com.github.bumptech.glide:gifdecoder:4.15.1) with JetifyTransform
Transforming gifdecoder-4.15.1.aar (com.github.bumptech.glide:gifdecoder:4.15.1) with ExtractAarTransform
Transforming gifdecoder-4.15.1.aar (com.github.bumptech.glide:gifdecoder:4.15.1) with AarResourcesCompilerTransform
Transforming profileinstaller-1.4.0.aar (androidx.profileinstaller:profileinstaller:1.4.0) with JetifyTransform
Transforming profileinstaller-1.4.0.aar (androidx.profileinstaller:profileinstaller:1.4.0) with ExtractAarTransform
Transforming profileinstaller-1.4.0.aar (androidx.profileinstaller:profileinstaller:1.4.0) with AarResourcesCompilerTransform
Transforming startup-runtime-1.1.1.aar (androidx.startup:startup-runtime:1.1.1) with JetifyTransform
Transforming startup-runtime-1.1.1.aar (androidx.startup:startup-runtime:1.1.1) with ExtractAarTransform
Transforming startup-runtime-1.1.1.aar (androidx.startup:startup-runtime:1.1.1) with AarResourcesCompilerTransform
Transforming tracing-1.0.0.aar (androidx.tracing:tracing:1.0.0) with JetifyTransform
Transforming tracing-1.0.0.aar (androidx.tracing:tracing:1.0.0) with ExtractAarTransform
Transforming tracing-1.0.0.aar (androidx.tracing:tracing:1.0.0) with AarResourcesCompilerTransform
Transforming localbroadcastmanager-1.0.0.aar (androidx.localbroadcastmanager:localbroadcastmanager:1.0.0) with JetifyTransform
Transforming localbroadcastmanager-1.0.0.aar (androidx.localbroadcastmanager:localbroadcastmanager:1.0.0) with ExtractAarTransform
Transforming localbroadcastmanager-1.0.0.aar (androidx.localbroadcastmanager:localbroadcastmanager:1.0.0) with AarResourcesCompilerTransform
Transforming print-1.0.0.aar (androidx.print:print:1.0.0) with JetifyTransform
Transforming print-1.0.0.aar (androidx.print:print:1.0.0) with ExtractAarTransform
Transforming print-1.0.0.aar (androidx.print:print:1.0.0) with AarResourcesCompilerTransform
Transforming interpolator-1.0.0.aar (androidx.interpolator:interpolator:1.0.0) with JetifyTransform
Transforming interpolator-1.0.0.aar (androidx.interpolator:interpolator:1.0.0) with ExtractAarTransform
Transforming interpolator-1.0.0.aar (androidx.interpolator:interpolator:1.0.0) with AarResourcesCompilerTransform
Transforming interpolator-1.0.0.aar (androidx.interpolator:interpolator:1.0.0) with JetifyTransform
Transforming interpolator-1.0.0.aar (androidx.interpolator:interpolator:1.0.0) with ExtractAarTransform
Transforming interpolator-1.0.0.aar (androidx.interpolator:interpolator:1.0.0) with AarResourcesCompilerTransform
Transforming interpolator-1.0.0.aar (androidx.interpolator:interpolator:1.0.0) with JetifyTransform
Transforming interpolator-1.0.0.aar (androidx.interpolator:interpolator:1.0.0) with ExtractAarTransform
Transforming interpolator-1.0.0.aar (androidx.interpolator:interpolator:1.0.0) with AarResourcesCompilerTransform
Transforming interpolator-1.0.0.aar (androidx.interpolator:interpolator:1.0.0) with JetifyTransform
Transforming interpolator-1.0.0.aar (androidx.interpolator:interpolator:1.0.0) with ExtractAarTransform
Transforming interpolator-1.0.0.aar (androidx.interpolator:interpolator:1.0.0) with AarResourcesCompilerTransform
Transforming transport-backend-cct-2.3.3.aar (com.google.android.datatransport:transport-backend-cct:2.3.3) with JetifyTransform
Transforming transport-backend-cct-2.3.3.aar (com.google.android.datatransport:transport-backend-cct:2.3.3) with ExtractAarTransform
Transforming transport-backend-cct-2.3.3.aar (com.google.android.datatransport:transport-backend-cct:2.3.3) with AarResourcesCompilerTransform
Transforming transport-backend-cct-2.3.3.aar (com.google.android.datatransport:transport-backend-cct:2.3.3) with JetifyTransform
Transforming transport-backend-cct-2.3.3.aar (com.google.android.datatransport:transport-backend-cct:2.3.3) with ExtractAarTransform
Transforming transport-backend-cct-2.3.3.aar (com.google.android.datatransport:transport-backend-cct:2.3.3) with AarResourcesCompilerTransform
Transforming transport-backend-cct-2.3.3.aar (com.google.android.datatransport:transport-backend-cct:2.3.3) with JetifyTransform
Transforming transport-backend-cct-2.3.3.aar (com.google.android.datatransport:transport-backend-cct:2.3.3) with ExtractAarTransform
Transforming transport-backend-cct-2.3.3.aar (com.google.android.datatransport:transport-backend-cct:2.3.3) with AarResourcesCompilerTransform
Transforming transport-runtime-2.2.6.aar (com.google.android.datatransport:transport-runtime:2.2.6) with JetifyTransform
Transforming transport-runtime-2.2.6.aar (com.google.android.datatransport:transport-runtime:2.2.6) with ExtractAarTransform
Transforming transport-runtime-2.2.6.aar (com.google.android.datatransport:transport-runtime:2.2.6) with AarResourcesCompilerTransform
Transforming transport-runtime-2.2.6.aar (com.google.android.datatransport:transport-runtime:2.2.6) with JetifyTransform
Transforming transport-runtime-2.2.6.aar (com.google.android.datatransport:transport-runtime:2.2.6) with ExtractAarTransform
Transforming transport-runtime-2.2.6.aar (com.google.android.datatransport:transport-runtime:2.2.6) with AarResourcesCompilerTransform
Transforming transport-runtime-2.2.6.aar (com.google.android.datatransport:transport-runtime:2.2.6) with JetifyTransform
Transforming transport-runtime-2.2.6.aar (com.google.android.datatransport:transport-runtime:2.2.6) with ExtractAarTransform
Transforming transport-runtime-2.2.6.aar (com.google.android.datatransport:transport-runtime:2.2.6) with AarResourcesCompilerTransform
Transforming transport-runtime-2.2.6.aar (com.google.android.datatransport:transport-runtime:2.2.6) with JetifyTransform
Transforming transport-runtime-2.2.6.aar (com.google.android.datatransport:transport-runtime:2.2.6) with ExtractAarTransform
Transforming transport-runtime-2.2.6.aar (com.google.android.datatransport:transport-runtime:2.2.6) with AarResourcesCompilerTransform
Transforming transport-api-2.2.1.aar (com.google.android.datatransport:transport-api:2.2.1) with JetifyTransform
Transforming transport-api-2.2.1.aar (com.google.android.datatransport:transport-api:2.2.1) with ExtractAarTransform
Transforming transport-api-2.2.1.aar (com.google.android.datatransport:transport-api:2.2.1) with AarResourcesCompilerTransform
Transforming transport-api-2.2.1.aar (com.google.android.datatransport:transport-api:2.2.1) with JetifyTransform
Transforming transport-api-2.2.1.aar (com.google.android.datatransport:transport-api:2.2.1) with ExtractAarTransform
Transforming transport-api-2.2.1.aar (com.google.android.datatransport:transport-api:2.2.1) with AarResourcesCompilerTransform
Transforming transport-api-2.2.1.aar (com.google.android.datatransport:transport-api:2.2.1) with JetifyTransform
Transforming transport-api-2.2.1.aar (com.google.android.datatransport:transport-api:2.2.1) with ExtractAarTransform
Transforming transport-api-2.2.1.aar (com.google.android.datatransport:transport-api:2.2.1) with AarResourcesCompilerTransform
Transforming transport-api-2.2.1.aar (com.google.android.datatransport:transport-api:2.2.1) with JetifyTransform
Transforming transport-api-2.2.1.aar (com.google.android.datatransport:transport-api:2.2.1) with ExtractAarTransform
Transforming transport-api-2.2.1.aar (com.google.android.datatransport:transport-api:2.2.1) with AarResourcesCompilerTransform
Transforming transport-api-2.2.1.aar (com.google.android.datatransport:transport-api:2.2.1) with JetifyTransform
Transforming transport-api-2.2.1.aar (com.google.android.datatransport:transport-api:2.2.1) with ExtractAarTransform
Transforming transport-api-2.2.1.aar (com.google.android.datatransport:transport-api:2.2.1) with AarResourcesCompilerTransform
Transforming firebase-components-16.1.0.aar (com.google.firebase:firebase-components:16.1.0) with JetifyTransform
Transforming firebase-components-16.1.0.aar (com.google.firebase:firebase-components:16.1.0) with ExtractAarTransform
Transforming firebase-components-16.1.0.aar (com.google.firebase:firebase-components:16.1.0) with AarResourcesCompilerTransform
Transforming firebase-components-16.1.0.aar (com.google.firebase:firebase-components:16.1.0) with JetifyTransform
Transforming firebase-components-16.1.0.aar (com.google.firebase:firebase-components:16.1.0) with ExtractAarTransform
Transforming firebase-components-16.1.0.aar (com.google.firebase:firebase-components:16.1.0) with AarResourcesCompilerTransform
Transforming firebase-components-16.1.0.aar (com.google.firebase:firebase-components:16.1.0) with JetifyTransform
Transforming firebase-components-16.1.0.aar (com.google.firebase:firebase-components:16.1.0) with ExtractAarTransform
Transforming firebase-components-16.1.0.aar (com.google.firebase:firebase-components:16.1.0) with AarResourcesCompilerTransform
Transforming firebase-encoders-json-17.1.0.aar (com.google.firebase:firebase-encoders-json:17.1.0) with JetifyTransform
Transforming firebase-encoders-json-17.1.0.aar (com.google.firebase:firebase-encoders-json:17.1.0) with ExtractAarTransform
Transforming firebase-encoders-json-17.1.0.aar (com.google.firebase:firebase-encoders-json:17.1.0) with AarResourcesCompilerTransform
Transforming firebase-encoders-json-17.1.0.aar (com.google.firebase:firebase-encoders-json:17.1.0) with JetifyTransform
Transforming firebase-encoders-json-17.1.0.aar (com.google.firebase:firebase-encoders-json:17.1.0) with ExtractAarTransform
Transforming firebase-encoders-json-17.1.0.aar (com.google.firebase:firebase-encoders-json:17.1.0) with AarResourcesCompilerTransform
Transforming firebase-encoders-json-17.1.0.aar (com.google.firebase:firebase-encoders-json:17.1.0) with JetifyTransform
Transforming firebase-encoders-json-17.1.0.aar (com.google.firebase:firebase-encoders-json:17.1.0) with ExtractAarTransform
Transforming firebase-encoders-json-17.1.0.aar (com.google.firebase:firebase-encoders-json:17.1.0) with AarResourcesCompilerTransform
Transforming firebase-encoders-json-17.1.0.aar (com.google.firebase:firebase-encoders-json:17.1.0) with JetifyTransform
Transforming firebase-encoders-json-17.1.0.aar (com.google.firebase:firebase-encoders-json:17.1.0) with ExtractAarTransform
Transforming firebase-encoders-json-17.1.0.aar (com.google.firebase:firebase-encoders-json:17.1.0) with AarResourcesCompilerTransform
Transforming exifinterface-1.3.7.aar (androidx.exifinterface:exifinterface:1.3.7) with JetifyTransform
Transforming exifinterface-1.3.7.aar (androidx.exifinterface:exifinterface:1.3.7) with ExtractAarTransform
Transforming exifinterface-1.3.7.aar (androidx.exifinterface:exifinterface:1.3.7) with AarResourcesCompilerTransform
Transforming exifinterface-1.3.7.aar (androidx.exifinterface:exifinterface:1.3.7) with JetifyTransform
Transforming exifinterface-1.3.7.aar (androidx.exifinterface:exifinterface:1.3.7) with ExtractAarTransform
Transforming exifinterface-1.3.7.aar (androidx.exifinterface:exifinterface:1.3.7) with AarResourcesCompilerTransform
Transforming versionedparcelable-1.1.1.aar (androidx.versionedparcelable:versionedparcelable:1.1.1) with JetifyTransform
Transforming versionedparcelable-1.1.1.aar (androidx.versionedparcelable:versionedparcelable:1.1.1) with ExtractAarTransform
Transforming versionedparcelable-1.1.1.aar (androidx.versionedparcelable:versionedparcelable:1.1.1) with AarResourcesCompilerTransform
Transforming dagger-lint-aar-2.51.1.aar (com.google.dagger:dagger-lint-aar:2.51.1) with JetifyTransform
Transforming dagger-lint-aar-2.51.1.aar (com.google.dagger:dagger-lint-aar:2.51.1) with ExtractAarTransform
Transforming dagger-lint-aar-2.51.1.aar (com.google.dagger:dagger-lint-aar:2.51.1) with AarResourcesCompilerTransform
Transforming pdfbox-android-2.0.27.0.aar (com.tom-roush:pdfbox-android:2.0.27.0) with JetifyTransform
Transforming pdfbox-android-2.0.27.0.aar (com.tom-roush:pdfbox-android:2.0.27.0) with ExtractAarTransform
Transforming pdfbox-android-2.0.27.0.aar (com.tom-roush:pdfbox-android:2.0.27.0) with AarResourcesCompilerTransform
Transforming image-1.0.0-beta1.aar (com.google.android.odml:image:1.0.0-beta1) with JetifyTransform
Transforming image-1.0.0-beta1.aar (com.google.android.odml:image:1.0.0-beta1) with ExtractAarTransform
Transforming image-1.0.0-beta1.aar (com.google.android.odml:image:1.0.0-beta1) with AarResourcesCompilerTransform
Transforming image-1.0.0-beta1.aar (com.google.android.odml:image:1.0.0-beta1) with JetifyTransform
Transforming image-1.0.0-beta1.aar (com.google.android.odml:image:1.0.0-beta1) with ExtractAarTransform
Transforming image-1.0.0-beta1.aar (com.google.android.odml:image:1.0.0-beta1) with AarResourcesCompilerTransform
Transforming core-splashscreen-1.0.1.aar (androidx.core:core-splashscreen:1.0.1) with JetifyTransform
Transforming core-splashscreen-1.0.1.aar (androidx.core:core-splashscreen:1.0.1) with ExtractAarTransform
Transforming core-splashscreen-1.0.1.aar (androidx.core:core-splashscreen:1.0.1) with LibrarySymbolTableTransform
Transforming hilt-navigation-compose-1.2.0.aar (androidx.hilt:hilt-navigation-compose:1.2.0) with JetifyTransform
Transforming hilt-navigation-compose-1.2.0.aar (androidx.hilt:hilt-navigation-compose:1.2.0) with ExtractAarTransform
Transforming hilt-navigation-compose-1.2.0.aar (androidx.hilt:hilt-navigation-compose:1.2.0) with LibrarySymbolTableTransform
Transforming hilt-navigation-1.2.0.aar (androidx.hilt:hilt-navigation:1.2.0) with JetifyTransform
Transforming hilt-navigation-1.2.0.aar (androidx.hilt:hilt-navigation:1.2.0) with ExtractAarTransform
Transforming hilt-navigation-1.2.0.aar (androidx.hilt:hilt-navigation:1.2.0) with LibrarySymbolTableTransform
Transforming navigation-common-2.7.7.aar (androidx.navigation:navigation-common:2.7.7) with JetifyTransform
Transforming navigation-common-2.7.7.aar (androidx.navigation:navigation-common:2.7.7) with ExtractAarTransform
Transforming navigation-common-2.7.7.aar (androidx.navigation:navigation-common:2.7.7) with LibrarySymbolTableTransform
Transforming navigation-runtime-2.7.7.aar (androidx.navigation:navigation-runtime:2.7.7) with JetifyTransform
Transforming navigation-runtime-2.7.7.aar (androidx.navigation:navigation-runtime:2.7.7) with ExtractAarTransform
Transforming navigation-runtime-2.7.7.aar (androidx.navigation:navigation-runtime:2.7.7) with LibrarySymbolTableTransform
Transforming navigation-common-ktx-2.7.7.aar (androidx.navigation:navigation-common-ktx:2.7.7) with JetifyTransform
Transforming navigation-common-ktx-2.7.7.aar (androidx.navigation:navigation-common-ktx:2.7.7) with ExtractAarTransform
Transforming navigation-common-ktx-2.7.7.aar (androidx.navigation:navigation-common-ktx:2.7.7) with LibrarySymbolTableTransform
Transforming navigation-runtime-ktx-2.7.7.aar (androidx.navigation:navigation-runtime-ktx:2.7.7) with JetifyTransform
Transforming navigation-runtime-ktx-2.7.7.aar (androidx.navigation:navigation-runtime-ktx:2.7.7) with ExtractAarTransform
Transforming navigation-runtime-ktx-2.7.7.aar (androidx.navigation:navigation-runtime-ktx:2.7.7) with LibrarySymbolTableTransform
Transforming navigation-compose-2.7.7.aar (androidx.navigation:navigation-compose:2.7.7) with JetifyTransform
Transforming navigation-compose-2.7.7.aar (androidx.navigation:navigation-compose:2.7.7) with ExtractAarTransform
Transforming navigation-compose-2.7.7.aar (androidx.navigation:navigation-compose:2.7.7) with LibrarySymbolTableTransform
Transforming hilt-work-1.2.0.aar (androidx.hilt:hilt-work:1.2.0) with JetifyTransform
Transforming hilt-work-1.2.0.aar (androidx.hilt:hilt-work:1.2.0) with ExtractAarTransform
Transforming hilt-work-1.2.0.aar (androidx.hilt:hilt-work:1.2.0) with LibrarySymbolTableTransform
Transforming hilt-android-2.51.1.aar (com.google.dagger:hilt-android:2.51.1) with JetifyTransform
Transforming hilt-android-2.51.1.aar (com.google.dagger:hilt-android:2.51.1) with ExtractAarTransform
Transforming hilt-android-2.51.1.aar (com.google.dagger:hilt-android:2.51.1) with LibrarySymbolTableTransform
Transforming room-runtime-release.aar (androidx.room:room-runtime-android:2.7.2) with JetifyTransform
Transforming room-runtime-release.aar (androidx.room:room-runtime-android:2.7.2) with ExtractAarTransform
Transforming room-runtime-release.aar (androidx.room:room-runtime-android:2.7.2) with LibrarySymbolTableTransform
Transforming work-runtime-ktx-2.9.0.aar (androidx.work:work-runtime-ktx:2.9.0) with JetifyTransform
Transforming work-runtime-ktx-2.9.0.aar (androidx.work:work-runtime-ktx:2.9.0) with ExtractAarTransform
Transforming work-runtime-ktx-2.9.0.aar (androidx.work:work-runtime-ktx:2.9.0) with LibrarySymbolTableTransform
Transforming work-runtime-2.9.0.aar (androidx.work:work-runtime:2.9.0) with JetifyTransform
Transforming work-runtime-2.9.0.aar (androidx.work:work-runtime:2.9.0) with ExtractAarTransform
Transforming work-runtime-2.9.0.aar (androidx.work:work-runtime:2.9.0) with LibrarySymbolTableTransform
Transforming room-ktx-2.7.2.aar (androidx.room:room-ktx:2.7.2) with JetifyTransform
Transforming room-ktx-2.7.2.aar (androidx.room:room-ktx:2.7.2) with ExtractAarTransform
Transforming room-ktx-2.7.2.aar (androidx.room:room-ktx:2.7.2) with LibrarySymbolTableTransform
Transforming coil-compose-2.7.0.aar (io.coil-kt:coil-compose:2.7.0) with JetifyTransform
Transforming coil-compose-2.7.0.aar (io.coil-kt:coil-compose:2.7.0) with ExtractAarTransform
Transforming coil-compose-2.7.0.aar (io.coil-kt:coil-compose:2.7.0) with LibrarySymbolTableTransform
Transforming material-1.11.0.aar (com.google.android.material:material:1.11.0) with JetifyTransform
Transforming material-1.11.0.aar (com.google.android.material:material:1.11.0) with ExtractAarTransform
Transforming material-1.11.0.aar (com.google.android.material:material:1.11.0) with LibrarySymbolTableTransform
Transforming constraintlayout-2.0.1.aar (androidx.constraintlayout:constraintlayout:2.0.1) with JetifyTransform
Transforming constraintlayout-2.0.1.aar (androidx.constraintlayout:constraintlayout:2.0.1) with ExtractAarTransform
Transforming constraintlayout-2.0.1.aar (androidx.constraintlayout:constraintlayout:2.0.1) with LibrarySymbolTableTransform
Transforming coil-compose-base-2.7.0.aar (io.coil-kt:coil-compose-base:2.7.0) with JetifyTransform
Transforming coil-compose-base-2.7.0.aar (io.coil-kt:coil-compose-base:2.7.0) with ExtractAarTransform
Transforming coil-compose-base-2.7.0.aar (io.coil-kt:coil-compose-base:2.7.0) with LibrarySymbolTableTransform
Transforming coil-2.7.0.aar (io.coil-kt:coil:2.7.0) with JetifyTransform
Transforming coil-2.7.0.aar (io.coil-kt:coil:2.7.0) with ExtractAarTransform
Transforming coil-2.7.0.aar (io.coil-kt:coil:2.7.0) with LibrarySymbolTableTransform
Transforming coil-base-2.7.0.aar (io.coil-kt:coil-base:2.7.0) with JetifyTransform
Transforming coil-base-2.7.0.aar (io.coil-kt:coil-base:2.7.0) with ExtractAarTransform
Transforming coil-base-2.7.0.aar (io.coil-kt:coil-base:2.7.0) with LibrarySymbolTableTransform
Transforming appcompat-resources-1.6.1.aar (androidx.appcompat:appcompat-resources:1.6.1) with JetifyTransform
Transforming appcompat-resources-1.6.1.aar (androidx.appcompat:appcompat-resources:1.6.1) with ExtractAarTransform
Transforming appcompat-resources-1.6.1.aar (androidx.appcompat:appcompat-resources:1.6.1) with LibrarySymbolTableTransform
Transforming lottie-compose-6.4.1.aar (com.airbnb.android:lottie-compose:6.4.1) with JetifyTransform
Transforming lottie-compose-6.4.1.aar (com.airbnb.android:lottie-compose:6.4.1) with ExtractAarTransform
Transforming lottie-compose-6.4.1.aar (com.airbnb.android:lottie-compose:6.4.1) with LibrarySymbolTableTransform
Transforming lottie-6.4.1.aar (com.airbnb.android:lottie:6.4.1) with JetifyTransform
Transforming lottie-6.4.1.aar (com.airbnb.android:lottie:6.4.1) with ExtractAarTransform
Transforming lottie-6.4.1.aar (com.airbnb.android:lottie:6.4.1) with LibrarySymbolTableTransform
Transforming text-recognition-16.0.1.aar (com.google.mlkit:text-recognition:16.0.1) with JetifyTransform
Transforming text-recognition-16.0.1.aar (com.google.mlkit:text-recognition:16.0.1) with ExtractAarTransform
Transforming text-recognition-16.0.1.aar (com.google.mlkit:text-recognition:16.0.1) with LibrarySymbolTableTransform
Transforming play-services-mlkit-text-recognition-19.0.1.aar (com.google.android.gms:play-services-mlkit-text-recognition:19.0.1) with JetifyTransform
Transforming play-services-mlkit-text-recognition-19.0.1.aar (com.google.android.gms:play-services-mlkit-text-recognition:19.0.1) with ExtractAarTransform
Transforming play-services-mlkit-text-recognition-19.0.1.aar (com.google.android.gms:play-services-mlkit-text-recognition:19.0.1) with LibrarySymbolTableTransform
Transforming text-recognition-bundled-common-17.0.0.aar (com.google.mlkit:text-recognition-bundled-common:17.0.0) with JetifyTransform
Transforming text-recognition-bundled-common-17.0.0.aar (com.google.mlkit:text-recognition-bundled-common:17.0.0) with ExtractAarTransform
Transforming text-recognition-bundled-common-17.0.0.aar (com.google.mlkit:text-recognition-bundled-common:17.0.0) with LibrarySymbolTableTransform
Transforming play-services-mlkit-text-recognition-common-19.1.0.aar (com.google.android.gms:play-services-mlkit-text-recognition-common:19.1.0) with JetifyTransform
Transforming play-services-mlkit-text-recognition-common-19.1.0.aar (com.google.android.gms:play-services-mlkit-text-recognition-common:19.1.0) with ExtractAarTransform
Transforming play-services-mlkit-text-recognition-common-19.1.0.aar (com.google.android.gms:play-services-mlkit-text-recognition-common:19.1.0) with LibrarySymbolTableTransform
Transforming vision-common-17.3.0.aar (com.google.mlkit:vision-common:17.3.0) with JetifyTransform
Transforming vision-common-17.3.0.aar (com.google.mlkit:vision-common:17.3.0) with ExtractAarTransform
Transforming vision-common-17.3.0.aar (com.google.mlkit:vision-common:17.3.0) with LibrarySymbolTableTransform
Transforming vision-common-17.3.0.aar (com.google.mlkit:vision-common:17.3.0) with JetifyTransform
Transforming vision-common-17.3.0.aar (com.google.mlkit:vision-common:17.3.0) with ExtractAarTransform
Transforming vision-common-17.3.0.aar (com.google.mlkit:vision-common:17.3.0) with LibrarySymbolTableTransform
Transforming common-18.11.0.aar (com.google.mlkit:common:18.11.0) with JetifyTransform
Transforming common-18.11.0.aar (com.google.mlkit:common:18.11.0) with ExtractAarTransform
Transforming common-18.11.0.aar (com.google.mlkit:common:18.11.0) with LibrarySymbolTableTransform
Transforming common-18.11.0.aar (com.google.mlkit:common:18.11.0) with JetifyTransform
Transforming common-18.11.0.aar (com.google.mlkit:common:18.11.0) with ExtractAarTransform
Transforming common-18.11.0.aar (com.google.mlkit:common:18.11.0) with LibrarySymbolTableTransform
Transforming common-18.11.0.aar (com.google.mlkit:common:18.11.0) with JetifyTransform
Transforming common-18.11.0.aar (com.google.mlkit:common:18.11.0) with ExtractAarTransform
Transforming common-18.11.0.aar (com.google.mlkit:common:18.11.0) with LibrarySymbolTableTransform
Transforming common-18.11.0.aar (com.google.mlkit:common:18.11.0) with JetifyTransform
Transforming common-18.11.0.aar (com.google.mlkit:common:18.11.0) with ExtractAarTransform
Transforming common-18.11.0.aar (com.google.mlkit:common:18.11.0) with LibrarySymbolTableTransform
Transforming common-18.11.0.aar (com.google.mlkit:common:18.11.0) with JetifyTransform
Transforming common-18.11.0.aar (com.google.mlkit:common:18.11.0) with ExtractAarTransform
Transforming common-18.11.0.aar (com.google.mlkit:common:18.11.0) with LibrarySymbolTableTransform
Transforming appcompat-1.6.1.aar (androidx.appcompat:appcompat:1.6.1) with JetifyTransform
Transforming appcompat-1.6.1.aar (androidx.appcompat:appcompat:1.6.1) with ExtractAarTransform
Transforming appcompat-1.6.1.aar (androidx.appcompat:appcompat:1.6.1) with LibrarySymbolTableTransform
Transforming appcompat-1.6.1.aar (androidx.appcompat:appcompat:1.6.1) with JetifyTransform
Transforming appcompat-1.6.1.aar (androidx.appcompat:appcompat:1.6.1) with ExtractAarTransform
Transforming appcompat-1.6.1.aar (androidx.appcompat:appcompat:1.6.1) with LibrarySymbolTableTransform
Transforming glide-4.15.1.aar (com.github.bumptech.glide:glide:4.15.1) with JetifyTransform
Transforming glide-4.15.1.aar (com.github.bumptech.glide:glide:4.15.1) with ExtractAarTransform
Transforming glide-4.15.1.aar (com.github.bumptech.glide:glide:4.15.1) with LibrarySymbolTableTransform
Transforming viewpager2-1.0.0.aar (androidx.viewpager2:viewpager2:1.0.0) with JetifyTransform
Transforming viewpager2-1.0.0.aar (androidx.viewpager2:viewpager2:1.0.0) with ExtractAarTransform
Transforming viewpager2-1.0.0.aar (androidx.viewpager2:viewpager2:1.0.0) with LibrarySymbolTableTransform
Transforming pdfium-android-1.9.0.aar (com.github.barteksc:pdfium-android:1.9.0) with JetifyTransform
Transforming pdfium-android-1.9.0.aar (com.github.barteksc:pdfium-android:1.9.0) with ExtractAarTransform
Transforming pdfium-android-1.9.0.aar (com.github.barteksc:pdfium-android:1.9.0) with LibrarySymbolTableTransform
Transforming legacy-support-v4-1.0.0.aar (androidx.legacy:legacy-support-v4:1.0.0) with JetifyTransform
Transforming legacy-support-v4-1.0.0.aar (androidx.legacy:legacy-support-v4:1.0.0) with ExtractAarTransform
Transforming legacy-support-v4-1.0.0.aar (androidx.legacy:legacy-support-v4:1.0.0) with LibrarySymbolTableTransform
Transforming play-services-base-18.5.0.aar (com.google.android.gms:play-services-base:18.5.0) with JetifyTransform
Transforming play-services-base-18.5.0.aar (com.google.android.gms:play-services-base:18.5.0) with ExtractAarTransform
Transforming play-services-base-18.5.0.aar (com.google.android.gms:play-services-base:18.5.0) with LibrarySymbolTableTransform
Transforming play-services-base-18.5.0.aar (com.google.android.gms:play-services-base:18.5.0) with JetifyTransform
Transforming play-services-base-18.5.0.aar (com.google.android.gms:play-services-base:18.5.0) with ExtractAarTransform
Transforming play-services-base-18.5.0.aar (com.google.android.gms:play-services-base:18.5.0) with LibrarySymbolTableTransform
Transforming play-services-base-18.5.0.aar (com.google.android.gms:play-services-base:18.5.0) with JetifyTransform
Transforming play-services-base-18.5.0.aar (com.google.android.gms:play-services-base:18.5.0) with ExtractAarTransform
Transforming play-services-base-18.5.0.aar (com.google.android.gms:play-services-base:18.5.0) with LibrarySymbolTableTransform
Transforming play-services-base-18.5.0.aar (com.google.android.gms:play-services-base:18.5.0) with JetifyTransform
Transforming play-services-base-18.5.0.aar (com.google.android.gms:play-services-base:18.5.0) with ExtractAarTransform
Transforming play-services-base-18.5.0.aar (com.google.android.gms:play-services-base:18.5.0) with LibrarySymbolTableTransform
Transforming play-services-base-18.5.0.aar (com.google.android.gms:play-services-base:18.5.0) with JetifyTransform
Transforming play-services-base-18.5.0.aar (com.google.android.gms:play-services-base:18.5.0) with ExtractAarTransform
Transforming play-services-base-18.5.0.aar (com.google.android.gms:play-services-base:18.5.0) with LibrarySymbolTableTransform
Transforming play-services-base-18.5.0.aar (com.google.android.gms:play-services-base:18.5.0) with JetifyTransform
Transforming play-services-base-18.5.0.aar (com.google.android.gms:play-services-base:18.5.0) with ExtractAarTransform
Transforming play-services-base-18.5.0.aar (com.google.android.gms:play-services-base:18.5.0) with LibrarySymbolTableTransform
Transforming vision-interfaces-16.3.0.aar (com.google.mlkit:vision-interfaces:16.3.0) with JetifyTransform
Transforming vision-interfaces-16.3.0.aar (com.google.mlkit:vision-interfaces:16.3.0) with ExtractAarTransform
Transforming vision-interfaces-16.3.0.aar (com.google.mlkit:vision-interfaces:16.3.0) with LibrarySymbolTableTransform
Transforming play-services-tasks-18.2.0.aar (com.google.android.gms:play-services-tasks:18.2.0) with JetifyTransform
Transforming play-services-tasks-18.2.0.aar (com.google.android.gms:play-services-tasks:18.2.0) with ExtractAarTransform
Transforming play-services-tasks-18.2.0.aar (com.google.android.gms:play-services-tasks:18.2.0) with LibrarySymbolTableTransform
Transforming play-services-tasks-18.2.0.aar (com.google.android.gms:play-services-tasks:18.2.0) with JetifyTransform
Transforming play-services-tasks-18.2.0.aar (com.google.android.gms:play-services-tasks:18.2.0) with ExtractAarTransform
Transforming play-services-tasks-18.2.0.aar (com.google.android.gms:play-services-tasks:18.2.0) with LibrarySymbolTableTransform
Transforming play-services-tasks-18.2.0.aar (com.google.android.gms:play-services-tasks:18.2.0) with JetifyTransform
Transforming play-services-tasks-18.2.0.aar (com.google.android.gms:play-services-tasks:18.2.0) with ExtractAarTransform
Transforming play-services-tasks-18.2.0.aar (com.google.android.gms:play-services-tasks:18.2.0) with LibrarySymbolTableTransform
Transforming play-services-tasks-18.2.0.aar (com.google.android.gms:play-services-tasks:18.2.0) with JetifyTransform
Transforming play-services-tasks-18.2.0.aar (com.google.android.gms:play-services-tasks:18.2.0) with ExtractAarTransform
Transforming play-services-tasks-18.2.0.aar (com.google.android.gms:play-services-tasks:18.2.0) with LibrarySymbolTableTransform
Transforming play-services-tasks-18.2.0.aar (com.google.android.gms:play-services-tasks:18.2.0) with JetifyTransform
Transforming play-services-tasks-18.2.0.aar (com.google.android.gms:play-services-tasks:18.2.0) with ExtractAarTransform
Transforming play-services-tasks-18.2.0.aar (com.google.android.gms:play-services-tasks:18.2.0) with LibrarySymbolTableTransform
Transforming play-services-tasks-18.2.0.aar (com.google.android.gms:play-services-tasks:18.2.0) with JetifyTransform
Transforming play-services-tasks-18.2.0.aar (com.google.android.gms:play-services-tasks:18.2.0) with ExtractAarTransform
Transforming play-services-tasks-18.2.0.aar (com.google.android.gms:play-services-tasks:18.2.0) with LibrarySymbolTableTransform
Transforming play-services-basement-18.4.0.aar (com.google.android.gms:play-services-basement:18.4.0) with JetifyTransform
Transforming play-services-basement-18.4.0.aar (com.google.android.gms:play-services-basement:18.4.0) with ExtractAarTransform
Transforming play-services-basement-18.4.0.aar (com.google.android.gms:play-services-basement:18.4.0) with LibrarySymbolTableTransform
Transforming play-services-basement-18.4.0.aar (com.google.android.gms:play-services-basement:18.4.0) with JetifyTransform
Transforming play-services-basement-18.4.0.aar (com.google.android.gms:play-services-basement:18.4.0) with ExtractAarTransform
Transforming play-services-basement-18.4.0.aar (com.google.android.gms:play-services-basement:18.4.0) with LibrarySymbolTableTransform
Transforming play-services-basement-18.4.0.aar (com.google.android.gms:play-services-basement:18.4.0) with JetifyTransform
Transforming play-services-basement-18.4.0.aar (com.google.android.gms:play-services-basement:18.4.0) with ExtractAarTransform
Transforming play-services-basement-18.4.0.aar (com.google.android.gms:play-services-basement:18.4.0) with LibrarySymbolTableTransform
Transforming play-services-basement-18.4.0.aar (com.google.android.gms:play-services-basement:18.4.0) with JetifyTransform
Transforming play-services-basement-18.4.0.aar (com.google.android.gms:play-services-basement:18.4.0) with ExtractAarTransform
Transforming play-services-basement-18.4.0.aar (com.google.android.gms:play-services-basement:18.4.0) with LibrarySymbolTableTransform
Transforming play-services-basement-18.4.0.aar (com.google.android.gms:play-services-basement:18.4.0) with JetifyTransform
Transforming play-services-basement-18.4.0.aar (com.google.android.gms:play-services-basement:18.4.0) with ExtractAarTransform
Transforming play-services-basement-18.4.0.aar (com.google.android.gms:play-services-basement:18.4.0) with LibrarySymbolTableTransform
Transforming play-services-basement-18.4.0.aar (com.google.android.gms:play-services-basement:18.4.0) with JetifyTransform
Transforming play-services-basement-18.4.0.aar (com.google.android.gms:play-services-basement:18.4.0) with ExtractAarTransform
Transforming play-services-basement-18.4.0.aar (com.google.android.gms:play-services-basement:18.4.0) with LibrarySymbolTableTransform
Transforming play-services-basement-18.4.0.aar (com.google.android.gms:play-services-basement:18.4.0) with JetifyTransform
Transforming play-services-basement-18.4.0.aar (com.google.android.gms:play-services-basement:18.4.0) with ExtractAarTransform
Transforming play-services-basement-18.4.0.aar (com.google.android.gms:play-services-basement:18.4.0) with LibrarySymbolTableTransform
Transforming play-services-basement-18.4.0.aar (com.google.android.gms:play-services-basement:18.4.0) with JetifyTransform
Transforming play-services-basement-18.4.0.aar (com.google.android.gms:play-services-basement:18.4.0) with ExtractAarTransform
Transforming play-services-basement-18.4.0.aar (com.google.android.gms:play-services-basement:18.4.0) with LibrarySymbolTableTransform
Transforming play-services-basement-18.4.0.aar (com.google.android.gms:play-services-basement:18.4.0) with JetifyTransform
Transforming play-services-basement-18.4.0.aar (com.google.android.gms:play-services-basement:18.4.0) with ExtractAarTransform
Transforming play-services-basement-18.4.0.aar (com.google.android.gms:play-services-basement:18.4.0) with LibrarySymbolTableTransform
Transforming fragment-1.5.1.aar (androidx.fragment:fragment:1.5.1) with JetifyTransform
Transforming fragment-1.5.1.aar (androidx.fragment:fragment:1.5.1) with ExtractAarTransform
Transforming fragment-1.5.1.aar (androidx.fragment:fragment:1.5.1) with LibrarySymbolTableTransform
Transforming fragment-1.5.1.aar (androidx.fragment:fragment:1.5.1) with JetifyTransform
Transforming fragment-1.5.1.aar (androidx.fragment:fragment:1.5.1) with ExtractAarTransform
Transforming fragment-1.5.1.aar (androidx.fragment:fragment:1.5.1) with LibrarySymbolTableTransform
Transforming fragment-1.5.1.aar (androidx.fragment:fragment:1.5.1) with JetifyTransform
Transforming fragment-1.5.1.aar (androidx.fragment:fragment:1.5.1) with ExtractAarTransform
Transforming fragment-1.5.1.aar (androidx.fragment:fragment:1.5.1) with LibrarySymbolTableTransform
Transforming fragment-1.5.1.aar (androidx.fragment:fragment:1.5.1) with JetifyTransform
Transforming fragment-1.5.1.aar (androidx.fragment:fragment:1.5.1) with ExtractAarTransform
Transforming fragment-1.5.1.aar (androidx.fragment:fragment:1.5.1) with LibrarySymbolTableTransform
Transforming fragment-1.5.1.aar (androidx.fragment:fragment:1.5.1) with JetifyTransform
Transforming fragment-1.5.1.aar (androidx.fragment:fragment:1.5.1) with ExtractAarTransform
Transforming fragment-1.5.1.aar (androidx.fragment:fragment:1.5.1) with LibrarySymbolTableTransform
Transforming material3-window-size-class-release.aar (androidx.compose.material3:material3-window-size-class-android:1.2.1) with JetifyTransform
Transforming material3-window-size-class-release.aar (androidx.compose.material3:material3-window-size-class-android:1.2.1) with ExtractAarTransform
Transforming material3-window-size-class-release.aar (androidx.compose.material3:material3-window-size-class-android:1.2.1) with LibrarySymbolTableTransform
Transforming material3-release.aar (androidx.compose.material3:material3-android:1.2.1) with JetifyTransform
Transforming material3-release.aar (androidx.compose.material3:material3-android:1.2.1) with ExtractAarTransform
Transforming material3-release.aar (androidx.compose.material3:material3-android:1.2.1) with LibrarySymbolTableTransform
Transforming palette-1.0.0.aar (androidx.palette:palette:1.0.0) with JetifyTransform
Transforming palette-1.0.0.aar (androidx.palette:palette:1.0.0) with ExtractAarTransform
Transforming palette-1.0.0.aar (androidx.palette:palette:1.0.0) with LibrarySymbolTableTransform
Transforming dynamicanimation-1.0.0.aar (androidx.dynamicanimation:dynamicanimation:1.0.0) with JetifyTransform
Transforming dynamicanimation-1.0.0.aar (androidx.dynamicanimation:dynamicanimation:1.0.0) with ExtractAarTransform
Transforming dynamicanimation-1.0.0.aar (androidx.dynamicanimation:dynamicanimation:1.0.0) with LibrarySymbolTableTransform
Transforming legacy-support-core-ui-1.0.0.aar (androidx.legacy:legacy-support-core-ui:1.0.0) with JetifyTransform
Transforming legacy-support-core-ui-1.0.0.aar (androidx.legacy:legacy-support-core-ui:1.0.0) with ExtractAarTransform
Transforming legacy-support-core-ui-1.0.0.aar (androidx.legacy:legacy-support-core-ui:1.0.0) with LibrarySymbolTableTransform
Transforming legacy-support-core-utils-1.0.0.aar (androidx.legacy:legacy-support-core-utils:1.0.0) with JetifyTransform
Transforming legacy-support-core-utils-1.0.0.aar (androidx.legacy:legacy-support-core-utils:1.0.0) with ExtractAarTransform
Transforming legacy-support-core-utils-1.0.0.aar (androidx.legacy:legacy-support-core-utils:1.0.0) with LibrarySymbolTableTransform
Transforming legacy-support-core-utils-1.0.0.aar (androidx.legacy:legacy-support-core-utils:1.0.0) with JetifyTransform
Transforming legacy-support-core-utils-1.0.0.aar (androidx.legacy:legacy-support-core-utils:1.0.0) with ExtractAarTransform
Transforming legacy-support-core-utils-1.0.0.aar (androidx.legacy:legacy-support-core-utils:1.0.0) with LibrarySymbolTableTransform
Transforming legacy-support-core-utils-1.0.0.aar (androidx.legacy:legacy-support-core-utils:1.0.0) with JetifyTransform
Transforming legacy-support-core-utils-1.0.0.aar (androidx.legacy:legacy-support-core-utils:1.0.0) with ExtractAarTransform
Transforming legacy-support-core-utils-1.0.0.aar (androidx.legacy:legacy-support-core-utils:1.0.0) with LibrarySymbolTableTransform
Transforming legacy-support-core-utils-1.0.0.aar (androidx.legacy:legacy-support-core-utils:1.0.0) with JetifyTransform
Transforming legacy-support-core-utils-1.0.0.aar (androidx.legacy:legacy-support-core-utils:1.0.0) with ExtractAarTransform
Transforming legacy-support-core-utils-1.0.0.aar (androidx.legacy:legacy-support-core-utils:1.0.0) with LibrarySymbolTableTransform
Transforming loader-1.0.0.aar (androidx.loader:loader:1.0.0) with JetifyTransform
Transforming loader-1.0.0.aar (androidx.loader:loader:1.0.0) with ExtractAarTransform
Transforming loader-1.0.0.aar (androidx.loader:loader:1.0.0) with LibrarySymbolTableTransform
Transforming loader-1.0.0.aar (androidx.loader:loader:1.0.0) with JetifyTransform
Transforming loader-1.0.0.aar (androidx.loader:loader:1.0.0) with ExtractAarTransform
Transforming loader-1.0.0.aar (androidx.loader:loader:1.0.0) with LibrarySymbolTableTransform
Transforming accompanist-permissions-0.37.3.aar (com.google.accompanist:accompanist-permissions:0.37.3) with JetifyTransform
Transforming accompanist-permissions-0.37.3.aar (com.google.accompanist:accompanist-permissions:0.37.3) with ExtractAarTransform
Transforming accompanist-permissions-0.37.3.aar (com.google.accompanist:accompanist-permissions:0.37.3) with LibrarySymbolTableTransform
Transforming constraintlayout-compose-1.0.1.aar (androidx.constraintlayout:constraintlayout-compose:1.0.1) with JetifyTransform
Transforming constraintlayout-compose-1.0.1.aar (androidx.constraintlayout:constraintlayout-compose:1.0.1) with ExtractAarTransform
Transforming constraintlayout-compose-1.0.1.aar (androidx.constraintlayout:constraintlayout-compose:1.0.1) with LibrarySymbolTableTransform
Transforming accompanist-systemuicontroller-0.34.0.aar (com.google.accompanist:accompanist-systemuicontroller:0.34.0) with JetifyTransform
Transforming accompanist-systemuicontroller-0.34.0.aar (com.google.accompanist:accompanist-systemuicontroller:0.34.0) with ExtractAarTransform
Transforming accompanist-systemuicontroller-0.34.0.aar (com.google.accompanist:accompanist-systemuicontroller:0.34.0) with LibrarySymbolTableTransform
Transforming accompanist-adaptive-0.34.0.aar (com.google.accompanist:accompanist-adaptive:0.34.0) with JetifyTransform
Transforming accompanist-adaptive-0.34.0.aar (com.google.accompanist:accompanist-adaptive:0.34.0) with ExtractAarTransform
Transforming accompanist-adaptive-0.34.0.aar (com.google.accompanist:accompanist-adaptive:0.34.0) with LibrarySymbolTableTransform
Transforming accompanist-drawablepainter-0.32.0.aar (com.google.accompanist:accompanist-drawablepainter:0.32.0) with JetifyTransform
Transforming accompanist-drawablepainter-0.32.0.aar (com.google.accompanist:accompanist-drawablepainter:0.32.0) with ExtractAarTransform
Transforming accompanist-drawablepainter-0.32.0.aar (com.google.accompanist:accompanist-drawablepainter:0.32.0) with LibrarySymbolTableTransform
Transforming material-ripple-release.aar (androidx.compose.material:material-ripple-android:1.6.8) with JetifyTransform
Transforming material-ripple-release.aar (androidx.compose.material:material-ripple-android:1.6.8) with ExtractAarTransform
Transforming material-ripple-release.aar (androidx.compose.material:material-ripple-android:1.6.8) with LibrarySymbolTableTransform
Transforming ui-tooling-data-release.aar (androidx.compose.ui:ui-tooling-data-android:1.7.8) with JetifyTransform
Transforming ui-tooling-data-release.aar (androidx.compose.ui:ui-tooling-data-android:1.7.8) with ExtractAarTransform
Transforming ui-tooling-data-release.aar (androidx.compose.ui:ui-tooling-data-android:1.7.8) with LibrarySymbolTableTransform
Transforming ui-tooling-preview-release.aar (androidx.compose.ui:ui-tooling-preview-android:1.7.8) with JetifyTransform
Transforming ui-tooling-preview-release.aar (androidx.compose.ui:ui-tooling-preview-android:1.7.8) with ExtractAarTransform
Transforming ui-tooling-preview-release.aar (androidx.compose.ui:ui-tooling-preview-android:1.7.8) with LibrarySymbolTableTransform
Transforming animation-core-release.aar (androidx.compose.animation:animation-core-android:1.7.8) with JetifyTransform
Transforming animation-core-release.aar (androidx.compose.animation:animation-core-android:1.7.8) with ExtractAarTransform
Transforming animation-core-release.aar (androidx.compose.animation:animation-core-android:1.7.8) with LibrarySymbolTableTransform
Transforming animation-release.aar (androidx.compose.animation:animation-android:1.7.8) with JetifyTransform
Transforming animation-release.aar (androidx.compose.animation:animation-android:1.7.8) with ExtractAarTransform
Transforming animation-release.aar (androidx.compose.animation:animation-android:1.7.8) with LibrarySymbolTableTransform
Transforming foundation-layout-release.aar (androidx.compose.foundation:foundation-layout-android:1.7.8) with JetifyTransform
Transforming foundation-layout-release.aar (androidx.compose.foundation:foundation-layout-android:1.7.8) with ExtractAarTransform
Transforming foundation-layout-release.aar (androidx.compose.foundation:foundation-layout-android:1.7.8) with LibrarySymbolTableTransform
Transforming foundation-release.aar (androidx.compose.foundation:foundation-android:1.7.8) with JetifyTransform
Transforming foundation-release.aar (androidx.compose.foundation:foundation-android:1.7.8) with ExtractAarTransform
Transforming foundation-release.aar (androidx.compose.foundation:foundation-android:1.7.8) with LibrarySymbolTableTransform
Transforming ui-util-release.aar (androidx.compose.ui:ui-util-android:1.7.8) with JetifyTransform
Transforming ui-util-release.aar (androidx.compose.ui:ui-util-android:1.7.8) with ExtractAarTransform
Transforming ui-util-release.aar (androidx.compose.ui:ui-util-android:1.7.8) with LibrarySymbolTableTransform
Transforming ui-unit-release.aar (androidx.compose.ui:ui-unit-android:1.7.8) with JetifyTransform
Transforming ui-unit-release.aar (androidx.compose.ui:ui-unit-android:1.7.8) with ExtractAarTransform
Transforming ui-unit-release.aar (androidx.compose.ui:ui-unit-android:1.7.8) with LibrarySymbolTableTransform
Transforming ui-text-release.aar (androidx.compose.ui:ui-text-android:1.7.8) with JetifyTransform
Transforming ui-text-release.aar (androidx.compose.ui:ui-text-android:1.7.8) with ExtractAarTransform
Transforming ui-text-release.aar (androidx.compose.ui:ui-text-android:1.7.8) with LibrarySymbolTableTransform
Transforming ui-graphics-release.aar (androidx.compose.ui:ui-graphics-android:1.7.8) with JetifyTransform
Transforming ui-graphics-release.aar (androidx.compose.ui:ui-graphics-android:1.7.8) with ExtractAarTransform
Transforming ui-graphics-release.aar (androidx.compose.ui:ui-graphics-android:1.7.8) with LibrarySymbolTableTransform
Transforming ui-geometry-release.aar (androidx.compose.ui:ui-geometry-android:1.7.8) with JetifyTransform
Transforming ui-geometry-release.aar (androidx.compose.ui:ui-geometry-android:1.7.8) with ExtractAarTransform
Transforming ui-geometry-release.aar (androidx.compose.ui:ui-geometry-android:1.7.8) with LibrarySymbolTableTransform
Transforming ui-test-manifest-1.7.8.aar (androidx.compose.ui:ui-test-manifest:1.7.8) with JetifyTransform
Transforming ui-test-manifest-1.7.8.aar (androidx.compose.ui:ui-test-manifest:1.7.8) with ExtractAarTransform
Transforming ui-test-manifest-1.7.8.aar (androidx.compose.ui:ui-test-manifest:1.7.8) with LibrarySymbolTableTransform
Transforming ui-tooling-release.aar (androidx.compose.ui:ui-tooling-android:1.7.8) with JetifyTransform
Transforming ui-tooling-release.aar (androidx.compose.ui:ui-tooling-android:1.7.8) with ExtractAarTransform
Transforming ui-tooling-release.aar (androidx.compose.ui:ui-tooling-android:1.7.8) with LibrarySymbolTableTransform
Transforming material-release.aar (androidx.compose.material:material-android:1.6.8) with JetifyTransform
Transforming material-release.aar (androidx.compose.material:material-android:1.6.8) with ExtractAarTransform
Transforming material-release.aar (androidx.compose.material:material-android:1.6.8) with LibrarySymbolTableTransform
Transforming material-icons-extended-release.aar (androidx.compose.material:material-icons-extended-android:1.6.8) with JetifyTransform
Transforming material-icons-extended-release.aar (androidx.compose.material:material-icons-extended-android:1.6.8) with ExtractAarTransform
Transforming material-icons-extended-release.aar (androidx.compose.material:material-icons-extended-android:1.6.8) with LibrarySymbolTableTransform
Transforming material-icons-core-release.aar (androidx.compose.material:material-icons-core-android:1.6.8) with JetifyTransform
Transforming material-icons-core-release.aar (androidx.compose.material:material-icons-core-android:1.6.8) with ExtractAarTransform
Transforming material-icons-core-release.aar (androidx.compose.material:material-icons-core-android:1.6.8) with LibrarySymbolTableTransform
Transforming ui-release.aar (androidx.compose.ui:ui-android:1.7.8) with JetifyTransform
Transforming ui-release.aar (androidx.compose.ui:ui-android:1.7.8) with ExtractAarTransform
Transforming ui-release.aar (androidx.compose.ui:ui-android:1.7.8) with LibrarySymbolTableTransform
Transforming activity-1.9.0.aar (androidx.activity:activity:1.9.0) with JetifyTransform
Transforming activity-1.9.0.aar (androidx.activity:activity:1.9.0) with ExtractAarTransform
Transforming activity-1.9.0.aar (androidx.activity:activity:1.9.0) with LibrarySymbolTableTransform
Transforming activity-ktx-1.9.0.aar (androidx.activity:activity-ktx:1.9.0) with JetifyTransform
Transforming activity-ktx-1.9.0.aar (androidx.activity:activity-ktx:1.9.0) with ExtractAarTransform
Transforming activity-ktx-1.9.0.aar (androidx.activity:activity-ktx:1.9.0) with LibrarySymbolTableTransform
Transforming activity-compose-1.9.0.aar (androidx.activity:activity-compose:1.9.0) with JetifyTransform
Transforming activity-compose-1.9.0.aar (androidx.activity:activity-compose:1.9.0) with ExtractAarTransform
Transforming activity-compose-1.9.0.aar (androidx.activity:activity-compose:1.9.0) with LibrarySymbolTableTransform
Transforming emoji2-views-helper-1.3.0.aar (androidx.emoji2:emoji2-views-helper:1.3.0) with JetifyTransform
Transforming emoji2-views-helper-1.3.0.aar (androidx.emoji2:emoji2-views-helper:1.3.0) with ExtractAarTransform
Transforming emoji2-views-helper-1.3.0.aar (androidx.emoji2:emoji2-views-helper:1.3.0) with LibrarySymbolTableTransform
Transforming emoji2-1.3.0.aar (androidx.emoji2:emoji2:1.3.0) with JetifyTransform
Transforming emoji2-1.3.0.aar (androidx.emoji2:emoji2:1.3.0) with ExtractAarTransform
Transforming emoji2-1.3.0.aar (androidx.emoji2:emoji2:1.3.0) with LibrarySymbolTableTransform
Transforming lifecycle-process-2.9.1.aar (androidx.lifecycle:lifecycle-process:2.9.1) with JetifyTransform
Transforming lifecycle-process-2.9.1.aar (androidx.lifecycle:lifecycle-process:2.9.1) with ExtractAarTransform
Transforming lifecycle-process-2.9.1.aar (androidx.lifecycle:lifecycle-process:2.9.1) with LibrarySymbolTableTransform
Transforming lifecycle-livedata-core-ktx-2.9.1.aar (androidx.lifecycle:lifecycle-livedata-core-ktx:2.9.1) with JetifyTransform
Transforming lifecycle-livedata-core-ktx-2.9.1.aar (androidx.lifecycle:lifecycle-livedata-core-ktx:2.9.1) with ExtractAarTransform
Transforming lifecycle-livedata-core-ktx-2.9.1.aar (androidx.lifecycle:lifecycle-livedata-core-ktx:2.9.1) with LibrarySymbolTableTransform
Transforming lifecycle-service-2.9.1.aar (androidx.lifecycle:lifecycle-service:2.9.1) with JetifyTransform
Transforming lifecycle-service-2.9.1.aar (androidx.lifecycle:lifecycle-service:2.9.1) with ExtractAarTransform
Transforming lifecycle-service-2.9.1.aar (androidx.lifecycle:lifecycle-service:2.9.1) with LibrarySymbolTableTransform
Transforming lifecycle-livedata-2.9.1.aar (androidx.lifecycle:lifecycle-livedata:2.9.1) with JetifyTransform
Transforming lifecycle-livedata-2.9.1.aar (androidx.lifecycle:lifecycle-livedata:2.9.1) with ExtractAarTransform
Transforming lifecycle-livedata-2.9.1.aar (androidx.lifecycle:lifecycle-livedata:2.9.1) with LibrarySymbolTableTransform
Transforming lifecycle-livedata-2.9.1.aar (androidx.lifecycle:lifecycle-livedata:2.9.1) with JetifyTransform
Transforming lifecycle-livedata-2.9.1.aar (androidx.lifecycle:lifecycle-livedata:2.9.1) with ExtractAarTransform
Transforming lifecycle-livedata-2.9.1.aar (androidx.lifecycle:lifecycle-livedata:2.9.1) with LibrarySymbolTableTransform
Transforming lifecycle-viewmodel-ktx-2.9.1.aar (androidx.lifecycle:lifecycle-viewmodel-ktx:2.9.1) with JetifyTransform
Transforming lifecycle-viewmodel-ktx-2.9.1.aar (androidx.lifecycle:lifecycle-viewmodel-ktx:2.9.1) with ExtractAarTransform
Transforming lifecycle-viewmodel-ktx-2.9.1.aar (androidx.lifecycle:lifecycle-viewmodel-ktx:2.9.1) with LibrarySymbolTableTransform
Transforming lifecycle-viewmodel-savedstate-release.aar (androidx.lifecycle:lifecycle-viewmodel-savedstate-android:2.9.1) with JetifyTransform
Transforming lifecycle-viewmodel-savedstate-release.aar (androidx.lifecycle:lifecycle-viewmodel-savedstate-android:2.9.1) with ExtractAarTransform
Transforming lifecycle-viewmodel-savedstate-release.aar (androidx.lifecycle:lifecycle-viewmodel-savedstate-android:2.9.1) with LibrarySymbolTableTransform
Transforming lifecycle-viewmodel-2.9.1.aar (androidx.lifecycle:lifecycle-viewmodel:2.9.1) with JetifyTransform
Transforming lifecycle-viewmodel-2.9.1.aar (androidx.lifecycle:lifecycle-viewmodel:2.9.1) with ExtractAarTransform
Transforming lifecycle-viewmodel-2.9.1.aar (androidx.lifecycle:lifecycle-viewmodel:2.9.1) with LibrarySymbolTableTransform
Transforming lifecycle-viewmodel-release.aar (androidx.lifecycle:lifecycle-viewmodel-android:2.9.1) with JetifyTransform
Transforming lifecycle-viewmodel-release.aar (androidx.lifecycle:lifecycle-viewmodel-android:2.9.1) with ExtractAarTransform
Transforming lifecycle-viewmodel-release.aar (androidx.lifecycle:lifecycle-viewmodel-android:2.9.1) with LibrarySymbolTableTransform
Transforming savedstate-ktx-1.3.0.aar (androidx.savedstate:savedstate-ktx:1.3.0) with JetifyTransform
Transforming savedstate-ktx-1.3.0.aar (androidx.savedstate:savedstate-ktx:1.3.0) with ExtractAarTransform
Transforming savedstate-ktx-1.3.0.aar (androidx.savedstate:savedstate-ktx:1.3.0) with LibrarySymbolTableTransform
Transforming savedstate-release.aar (androidx.savedstate:savedstate-android:1.3.0) with JetifyTransform
Transforming savedstate-release.aar (androidx.savedstate:savedstate-android:1.3.0) with ExtractAarTransform
Transforming savedstate-release.aar (androidx.savedstate:savedstate-android:1.3.0) with LibrarySymbolTableTransform
Transforming media3-ui-1.4.1.aar (androidx.media3:media3-ui:1.4.1) with JetifyTransform
Transforming media3-ui-1.4.1.aar (androidx.media3:media3-ui:1.4.1) with ExtractAarTransform
Transforming media3-ui-1.4.1.aar (androidx.media3:media3-ui:1.4.1) with LibrarySymbolTableTransform
Transforming media3-session-1.4.1.aar (androidx.media3:media3-session:1.4.1) with JetifyTransform
Transforming media3-session-1.4.1.aar (androidx.media3:media3-session:1.4.1) with ExtractAarTransform
Transforming media3-session-1.4.1.aar (androidx.media3:media3-session:1.4.1) with LibrarySymbolTableTransform
Transforming media3-extractor-1.4.1.aar (androidx.media3:media3-extractor:1.4.1) with JetifyTransform
Transforming media3-extractor-1.4.1.aar (androidx.media3:media3-extractor:1.4.1) with ExtractAarTransform
Transforming media3-extractor-1.4.1.aar (androidx.media3:media3-extractor:1.4.1) with LibrarySymbolTableTransform
Transforming media3-container-1.4.1.aar (androidx.media3:media3-container:1.4.1) with JetifyTransform
Transforming media3-container-1.4.1.aar (androidx.media3:media3-container:1.4.1) with ExtractAarTransform
Transforming media3-container-1.4.1.aar (androidx.media3:media3-container:1.4.1) with LibrarySymbolTableTransform
Transforming media3-datasource-1.4.1.aar (androidx.media3:media3-datasource:1.4.1) with JetifyTransform
Transforming media3-datasource-1.4.1.aar (androidx.media3:media3-datasource:1.4.1) with ExtractAarTransform
Transforming media3-datasource-1.4.1.aar (androidx.media3:media3-datasource:1.4.1) with LibrarySymbolTableTransform
Transforming media3-decoder-1.4.1.aar (androidx.media3:media3-decoder:1.4.1) with JetifyTransform
Transforming media3-decoder-1.4.1.aar (androidx.media3:media3-decoder:1.4.1) with ExtractAarTransform
Transforming media3-decoder-1.4.1.aar (androidx.media3:media3-decoder:1.4.1) with LibrarySymbolTableTransform
Transforming media3-database-1.4.1.aar (androidx.media3:media3-database:1.4.1) with JetifyTransform
Transforming media3-database-1.4.1.aar (androidx.media3:media3-database:1.4.1) with ExtractAarTransform
Transforming media3-database-1.4.1.aar (androidx.media3:media3-database:1.4.1) with LibrarySymbolTableTransform
Transforming media3-common-1.4.1.aar (androidx.media3:media3-common:1.4.1) with JetifyTransform
Transforming media3-common-1.4.1.aar (androidx.media3:media3-common:1.4.1) with ExtractAarTransform
Transforming media3-common-1.4.1.aar (androidx.media3:media3-common:1.4.1) with LibrarySymbolTableTransform
Transforming media3-exoplayer-1.4.1.aar (androidx.media3:media3-exoplayer:1.4.1) with JetifyTransform
Transforming media3-exoplayer-1.4.1.aar (androidx.media3:media3-exoplayer:1.4.1) with ExtractAarTransform
Transforming media3-exoplayer-1.4.1.aar (androidx.media3:media3-exoplayer:1.4.1) with LibrarySymbolTableTransform
Transforming coordinatorlayout-1.1.0.aar (androidx.coordinatorlayout:coordinatorlayout:1.1.0) with JetifyTransform
Transforming coordinatorlayout-1.1.0.aar (androidx.coordinatorlayout:coordinatorlayout:1.1.0) with ExtractAarTransform
Transforming coordinatorlayout-1.1.0.aar (androidx.coordinatorlayout:coordinatorlayout:1.1.0) with LibrarySymbolTableTransform
Transforming coordinatorlayout-1.1.0.aar (androidx.coordinatorlayout:coordinatorlayout:1.1.0) with JetifyTransform
Transforming coordinatorlayout-1.1.0.aar (androidx.coordinatorlayout:coordinatorlayout:1.1.0) with ExtractAarTransform
Transforming coordinatorlayout-1.1.0.aar (androidx.coordinatorlayout:coordinatorlayout:1.1.0) with LibrarySymbolTableTransform
Transforming drawerlayout-1.1.1.aar (androidx.drawerlayout:drawerlayout:1.1.1) with JetifyTransform
Transforming drawerlayout-1.1.1.aar (androidx.drawerlayout:drawerlayout:1.1.1) with ExtractAarTransform
Transforming drawerlayout-1.1.1.aar (androidx.drawerlayout:drawerlayout:1.1.1) with LibrarySymbolTableTransform
Transforming drawerlayout-1.1.1.aar (androidx.drawerlayout:drawerlayout:1.1.1) with JetifyTransform
Transforming drawerlayout-1.1.1.aar (androidx.drawerlayout:drawerlayout:1.1.1) with ExtractAarTransform
Transforming drawerlayout-1.1.1.aar (androidx.drawerlayout:drawerlayout:1.1.1) with LibrarySymbolTableTransform
Transforming transition-1.2.0.aar (androidx.transition:transition:1.2.0) with JetifyTransform
Transforming transition-1.2.0.aar (androidx.transition:transition:1.2.0) with ExtractAarTransform
Transforming transition-1.2.0.aar (androidx.transition:transition:1.2.0) with LibrarySymbolTableTransform
Transforming vectordrawable-animated-1.1.0.aar (androidx.vectordrawable:vectordrawable-animated:1.1.0) with JetifyTransform
Transforming vectordrawable-animated-1.1.0.aar (androidx.vectordrawable:vectordrawable-animated:1.1.0) with ExtractAarTransform
Transforming vectordrawable-animated-1.1.0.aar (androidx.vectordrawable:vectordrawable-animated:1.1.0) with LibrarySymbolTableTransform
Transforming vectordrawable-1.1.0.aar (androidx.vectordrawable:vectordrawable:1.1.0) with JetifyTransform
Transforming vectordrawable-1.1.0.aar (androidx.vectordrawable:vectordrawable:1.1.0) with ExtractAarTransform
Transforming vectordrawable-1.1.0.aar (androidx.vectordrawable:vectordrawable:1.1.0) with LibrarySymbolTableTransform
Transforming vectordrawable-1.1.0.aar (androidx.vectordrawable:vectordrawable:1.1.0) with JetifyTransform
Transforming vectordrawable-1.1.0.aar (androidx.vectordrawable:vectordrawable:1.1.0) with ExtractAarTransform
Transforming vectordrawable-1.1.0.aar (androidx.vectordrawable:vectordrawable:1.1.0) with LibrarySymbolTableTransform
Transforming recyclerview-1.3.0.aar (androidx.recyclerview:recyclerview:1.3.0) with JetifyTransform
Transforming recyclerview-1.3.0.aar (androidx.recyclerview:recyclerview:1.3.0) with ExtractAarTransform
Transforming recyclerview-1.3.0.aar (androidx.recyclerview:recyclerview:1.3.0) with LibrarySymbolTableTransform
Transforming recyclerview-1.3.0.aar (androidx.recyclerview:recyclerview:1.3.0) with JetifyTransform
Transforming recyclerview-1.3.0.aar (androidx.recyclerview:recyclerview:1.3.0) with ExtractAarTransform
Transforming recyclerview-1.3.0.aar (androidx.recyclerview:recyclerview:1.3.0) with LibrarySymbolTableTransform
Transforming media-1.7.0.aar (androidx.media:media:1.7.0) with JetifyTransform
Transforming media-1.7.0.aar (androidx.media:media:1.7.0) with ExtractAarTransform
Transforming media-1.7.0.aar (androidx.media:media:1.7.0) with LibrarySymbolTableTransform
Transforming media-1.7.0.aar (androidx.media:media:1.7.0) with JetifyTransform
Transforming media-1.7.0.aar (androidx.media:media:1.7.0) with ExtractAarTransform
Transforming media-1.7.0.aar (androidx.media:media:1.7.0) with LibrarySymbolTableTransform
Transforming viewpager-1.0.0.aar (androidx.viewpager:viewpager:1.0.0) with JetifyTransform
Transforming viewpager-1.0.0.aar (androidx.viewpager:viewpager:1.0.0) with ExtractAarTransform
Transforming viewpager-1.0.0.aar (androidx.viewpager:viewpager:1.0.0) with LibrarySymbolTableTransform
Transforming viewpager-1.0.0.aar (androidx.viewpager:viewpager:1.0.0) with JetifyTransform
Transforming viewpager-1.0.0.aar (androidx.viewpager:viewpager:1.0.0) with ExtractAarTransform
Transforming viewpager-1.0.0.aar (androidx.viewpager:viewpager:1.0.0) with LibrarySymbolTableTransform
Transforming window-1.0.0.aar (androidx.window:window:1.0.0) with JetifyTransform
Transforming window-1.0.0.aar (androidx.window:window:1.0.0) with ExtractAarTransform
Transforming window-1.0.0.aar (androidx.window:window:1.0.0) with LibrarySymbolTableTransform
Transforming slidingpanelayout-1.0.0.aar (androidx.slidingpanelayout:slidingpanelayout:1.0.0) with JetifyTransform
Transforming slidingpanelayout-1.0.0.aar (androidx.slidingpanelayout:slidingpanelayout:1.0.0) with ExtractAarTransform
Transforming slidingpanelayout-1.0.0.aar (androidx.slidingpanelayout:slidingpanelayout:1.0.0) with LibrarySymbolTableTransform
Transforming customview-1.1.0.aar (androidx.customview:customview:1.1.0) with JetifyTransform
Transforming customview-1.1.0.aar (androidx.customview:customview:1.1.0) with ExtractAarTransform
Transforming customview-1.1.0.aar (androidx.customview:customview:1.1.0) with LibrarySymbolTableTransform
Transforming customview-1.1.0.aar (androidx.customview:customview:1.1.0) with JetifyTransform
Transforming customview-1.1.0.aar (androidx.customview:customview:1.1.0) with ExtractAarTransform
Transforming customview-1.1.0.aar (androidx.customview:customview:1.1.0) with LibrarySymbolTableTransform
Transforming customview-1.1.0.aar (androidx.customview:customview:1.1.0) with JetifyTransform
Transforming customview-1.1.0.aar (androidx.customview:customview:1.1.0) with ExtractAarTransform
Transforming customview-1.1.0.aar (androidx.customview:customview:1.1.0) with LibrarySymbolTableTransform
Transforming customview-1.1.0.aar (androidx.customview:customview:1.1.0) with JetifyTransform
Transforming customview-1.1.0.aar (androidx.customview:customview:1.1.0) with ExtractAarTransform
Transforming customview-1.1.0.aar (androidx.customview:customview:1.1.0) with LibrarySymbolTableTransform
Transforming customview-1.1.0.aar (androidx.customview:customview:1.1.0) with JetifyTransform
Transforming customview-1.1.0.aar (androidx.customview:customview:1.1.0) with ExtractAarTransform
Transforming customview-1.1.0.aar (androidx.customview:customview:1.1.0) with LibrarySymbolTableTransform
Transforming customview-1.1.0.aar (androidx.customview:customview:1.1.0) with JetifyTransform
Transforming customview-1.1.0.aar (androidx.customview:customview:1.1.0) with ExtractAarTransform
Transforming customview-1.1.0.aar (androidx.customview:customview:1.1.0) with LibrarySymbolTableTransform
Transforming swiperefreshlayout-1.0.0.aar (androidx.swiperefreshlayout:swiperefreshlayout:1.0.0) with JetifyTransform
Transforming swiperefreshlayout-1.0.0.aar (androidx.swiperefreshlayout:swiperefreshlayout:1.0.0) with ExtractAarTransform
Transforming swiperefreshlayout-1.0.0.aar (androidx.swiperefreshlayout:swiperefreshlayout:1.0.0) with LibrarySymbolTableTransform
Transforming asynclayoutinflater-1.0.0.aar (androidx.asynclayoutinflater:asynclayoutinflater:1.0.0) with JetifyTransform
Transforming asynclayoutinflater-1.0.0.aar (androidx.asynclayoutinflater:asynclayoutinflater:1.0.0) with ExtractAarTransform
Transforming asynclayoutinflater-1.0.0.aar (androidx.asynclayoutinflater:asynclayoutinflater:1.0.0) with LibrarySymbolTableTransform
Transforming autofill-1.0.0.aar (androidx.autofill:autofill:1.0.0) with JetifyTransform
Transforming autofill-1.0.0.aar (androidx.autofill:autofill:1.0.0) with ExtractAarTransform
Transforming autofill-1.0.0.aar (androidx.autofill:autofill:1.0.0) with LibrarySymbolTableTransform
Transforming customview-poolingcontainer-1.0.0.aar (androidx.customview:customview-poolingcontainer:1.0.0) with JetifyTransform
Transforming customview-poolingcontainer-1.0.0.aar (androidx.customview:customview-poolingcontainer:1.0.0) with ExtractAarTransform
Transforming customview-poolingcontainer-1.0.0.aar (androidx.customview:customview-poolingcontainer:1.0.0) with LibrarySymbolTableTransform
Transforming core-ktx-1.13.1.aar (androidx.core:core-ktx:1.13.1) with JetifyTransform
Transforming core-ktx-1.13.1.aar (androidx.core:core-ktx:1.13.1) with ExtractAarTransform
Transforming core-ktx-1.13.1.aar (androidx.core:core-ktx:1.13.1) with LibrarySymbolTableTransform
Transforming graphics-path-1.0.1.aar (androidx.graphics:graphics-path:1.0.1) with JetifyTransform
Transforming graphics-path-1.0.1.aar (androidx.graphics:graphics-path:1.0.1) with ExtractAarTransform
Transforming graphics-path-1.0.1.aar (androidx.graphics:graphics-path:1.0.1) with LibrarySymbolTableTransform
Transforming core-1.13.1.aar (androidx.core:core:1.13.1) with JetifyTransform
Transforming core-1.13.1.aar (androidx.core:core:1.13.1) with ExtractAarTransform
Transforming core-1.13.1.aar (androidx.core:core:1.13.1) with LibrarySymbolTableTransform
Transforming core-1.13.1.aar (androidx.core:core:1.13.1) with JetifyTransform
Transforming core-1.13.1.aar (androidx.core:core:1.13.1) with ExtractAarTransform
Transforming core-1.13.1.aar (androidx.core:core:1.13.1) with LibrarySymbolTableTransform
Transforming core-1.13.1.aar (androidx.core:core:1.13.1) with JetifyTransform
Transforming core-1.13.1.aar (androidx.core:core:1.13.1) with ExtractAarTransform
Transforming core-1.13.1.aar (androidx.core:core:1.13.1) with LibrarySymbolTableTransform
Transforming core-1.13.1.aar (androidx.core:core:1.13.1) with JetifyTransform
Transforming core-1.13.1.aar (androidx.core:core:1.13.1) with ExtractAarTransform
Transforming core-1.13.1.aar (androidx.core:core:1.13.1) with LibrarySymbolTableTransform
Transforming core-1.13.1.aar (androidx.core:core:1.13.1) with JetifyTransform
Transforming core-1.13.1.aar (androidx.core:core:1.13.1) with ExtractAarTransform
Transforming core-1.13.1.aar (androidx.core:core:1.13.1) with LibrarySymbolTableTransform
Transforming core-1.13.1.aar (androidx.core:core:1.13.1) with JetifyTransform
Transforming core-1.13.1.aar (androidx.core:core:1.13.1) with ExtractAarTransform
Transforming core-1.13.1.aar (androidx.core:core:1.13.1) with LibrarySymbolTableTransform
Transforming core-1.13.1.aar (androidx.core:core:1.13.1) with JetifyTransform
Transforming core-1.13.1.aar (androidx.core:core:1.13.1) with ExtractAarTransform
Transforming core-1.13.1.aar (androidx.core:core:1.13.1) with LibrarySymbolTableTransform
Transforming core-1.13.1.aar (androidx.core:core:1.13.1) with JetifyTransform
Transforming core-1.13.1.aar (androidx.core:core:1.13.1) with ExtractAarTransform
Transforming core-1.13.1.aar (androidx.core:core:1.13.1) with LibrarySymbolTableTransform
Transforming core-1.13.1.aar (androidx.core:core:1.13.1) with JetifyTransform
Transforming core-1.13.1.aar (androidx.core:core:1.13.1) with ExtractAarTransform
Transforming core-1.13.1.aar (androidx.core:core:1.13.1) with LibrarySymbolTableTransform
Transforming core-1.13.1.aar (androidx.core:core:1.13.1) with JetifyTransform
Transforming core-1.13.1.aar (androidx.core:core:1.13.1) with ExtractAarTransform
Transforming core-1.13.1.aar (androidx.core:core:1.13.1) with LibrarySymbolTableTransform
Transforming core-1.13.1.aar (androidx.core:core:1.13.1) with JetifyTransform
Transforming core-1.13.1.aar (androidx.core:core:1.13.1) with ExtractAarTransform
Transforming core-1.13.1.aar (androidx.core:core:1.13.1) with LibrarySymbolTableTransform
Transforming core-1.13.1.aar (androidx.core:core:1.13.1) with JetifyTransform
Transforming core-1.13.1.aar (androidx.core:core:1.13.1) with ExtractAarTransform
Transforming core-1.13.1.aar (androidx.core:core:1.13.1) with LibrarySymbolTableTransform
Transforming core-1.13.1.aar (androidx.core:core:1.13.1) with JetifyTransform
Transforming core-1.13.1.aar (androidx.core:core:1.13.1) with ExtractAarTransform
Transforming core-1.13.1.aar (androidx.core:core:1.13.1) with LibrarySymbolTableTransform
Transforming core-1.13.1.aar (androidx.core:core:1.13.1) with JetifyTransform
Transforming core-1.13.1.aar (androidx.core:core:1.13.1) with ExtractAarTransform
Transforming core-1.13.1.aar (androidx.core:core:1.13.1) with LibrarySymbolTableTransform
Transforming core-1.13.1.aar (androidx.core:core:1.13.1) with JetifyTransform
Transforming core-1.13.1.aar (androidx.core:core:1.13.1) with ExtractAarTransform
Transforming core-1.13.1.aar (androidx.core:core:1.13.1) with LibrarySymbolTableTransform
Transforming core-1.13.1.aar (androidx.core:core:1.13.1) with JetifyTransform
Transforming core-1.13.1.aar (androidx.core:core:1.13.1) with ExtractAarTransform
Transforming core-1.13.1.aar (androidx.core:core:1.13.1) with LibrarySymbolTableTransform
Transforming core-1.13.1.aar (androidx.core:core:1.13.1) with JetifyTransform
Transforming core-1.13.1.aar (androidx.core:core:1.13.1) with ExtractAarTransform
Transforming core-1.13.1.aar (androidx.core:core:1.13.1) with LibrarySymbolTableTransform
Transforming core-1.13.1.aar (androidx.core:core:1.13.1) with JetifyTransform
Transforming core-1.13.1.aar (androidx.core:core:1.13.1) with ExtractAarTransform
Transforming core-1.13.1.aar (androidx.core:core:1.13.1) with LibrarySymbolTableTransform
Transforming core-1.13.1.aar (androidx.core:core:1.13.1) with JetifyTransform
Transforming core-1.13.1.aar (androidx.core:core:1.13.1) with ExtractAarTransform
Transforming core-1.13.1.aar (androidx.core:core:1.13.1) with LibrarySymbolTableTransform
Transforming core-1.13.1.aar (androidx.core:core:1.13.1) with JetifyTransform
Transforming core-1.13.1.aar (androidx.core:core:1.13.1) with ExtractAarTransform
Transforming core-1.13.1.aar (androidx.core:core:1.13.1) with LibrarySymbolTableTransform
Transforming core-1.13.1.aar (androidx.core:core:1.13.1) with JetifyTransform
Transforming core-1.13.1.aar (androidx.core:core:1.13.1) with ExtractAarTransform
Transforming core-1.13.1.aar (androidx.core:core:1.13.1) with LibrarySymbolTableTransform
Transforming lifecycle-runtime-release.aar (androidx.lifecycle:lifecycle-runtime-android:2.9.1) with JetifyTransform
Transforming lifecycle-runtime-release.aar (androidx.lifecycle:lifecycle-runtime-android:2.9.1) with ExtractAarTransform
Transforming lifecycle-runtime-release.aar (androidx.lifecycle:lifecycle-runtime-android:2.9.1) with LibrarySymbolTableTransform
Transforming lifecycle-livedata-core-2.9.1.aar (androidx.lifecycle:lifecycle-livedata-core:2.9.1) with JetifyTransform
Transforming lifecycle-livedata-core-2.9.1.aar (androidx.lifecycle:lifecycle-livedata-core:2.9.1) with ExtractAarTransform
Transforming lifecycle-livedata-core-2.9.1.aar (androidx.lifecycle:lifecycle-livedata-core:2.9.1) with LibrarySymbolTableTransform
Transforming lifecycle-runtime-compose-release.aar (androidx.lifecycle:lifecycle-runtime-compose-android:2.9.1) with JetifyTransform
Transforming lifecycle-runtime-compose-release.aar (androidx.lifecycle:lifecycle-runtime-compose-android:2.9.1) with ExtractAarTransform
Transforming lifecycle-runtime-compose-release.aar (androidx.lifecycle:lifecycle-runtime-compose-android:2.9.1) with LibrarySymbolTableTransform
Transforming lifecycle-viewmodel-compose-release.aar (androidx.lifecycle:lifecycle-viewmodel-compose-android:2.9.1) with JetifyTransform
Transforming lifecycle-viewmodel-compose-release.aar (androidx.lifecycle:lifecycle-viewmodel-compose-android:2.9.1) with ExtractAarTransform
Transforming lifecycle-viewmodel-compose-release.aar (androidx.lifecycle:lifecycle-viewmodel-compose-android:2.9.1) with LibrarySymbolTableTransform
Transforming lifecycle-runtime-ktx.aar (androidx.lifecycle:lifecycle-runtime-ktx-android:2.9.1) with JetifyTransform
Transforming lifecycle-runtime-ktx.aar (androidx.lifecycle:lifecycle-runtime-ktx-android:2.9.1) with ExtractAarTransform
Transforming lifecycle-runtime-ktx.aar (androidx.lifecycle:lifecycle-runtime-ktx-android:2.9.1) with LibrarySymbolTableTransform
Transforming datastore-core-release.aar (androidx.datastore:datastore-core-android:1.1.7) with JetifyTransform
Transforming datastore-core-release.aar (androidx.datastore:datastore-core-android:1.1.7) with ExtractAarTransform
Transforming datastore-core-release.aar (androidx.datastore:datastore-core-android:1.1.7) with LibrarySymbolTableTransform
Transforming datastore-preferences-core-release.aar (androidx.datastore:datastore-preferences-core-android:1.1.7) with JetifyTransform
Transforming datastore-preferences-core-release.aar (androidx.datastore:datastore-preferences-core-android:1.1.7) with ExtractAarTransform
Transforming datastore-preferences-core-release.aar (androidx.datastore:datastore-preferences-core-android:1.1.7) with LibrarySymbolTableTransform
Transforming datastore-release.aar (androidx.datastore:datastore-android:1.1.7) with JetifyTransform
Transforming datastore-release.aar (androidx.datastore:datastore-android:1.1.7) with ExtractAarTransform
Transforming datastore-release.aar (androidx.datastore:datastore-android:1.1.7) with LibrarySymbolTableTransform
Transforming datastore-preferences-release.aar (androidx.datastore:datastore-preferences-android:1.1.7) with JetifyTransform
Transforming datastore-preferences-release.aar (androidx.datastore:datastore-preferences-android:1.1.7) with ExtractAarTransform
Transforming datastore-preferences-release.aar (androidx.datastore:datastore-preferences-android:1.1.7) with LibrarySymbolTableTransform
Transforming runtime-saveable-release.aar (androidx.compose.runtime:runtime-saveable-android:1.7.8) with JetifyTransform
Transforming runtime-saveable-release.aar (androidx.compose.runtime:runtime-saveable-android:1.7.8) with ExtractAarTransform
Transforming runtime-saveable-release.aar (androidx.compose.runtime:runtime-saveable-android:1.7.8) with LibrarySymbolTableTransform
Transforming runtime-release.aar (androidx.compose.runtime:runtime-android:1.7.8) with JetifyTransform
Transforming runtime-release.aar (androidx.compose.runtime:runtime-android:1.7.8) with ExtractAarTransform
Transforming runtime-release.aar (androidx.compose.runtime:runtime-android:1.7.8) with LibrarySymbolTableTransform
Transforming annotation-experimental-1.4.1.aar (androidx.annotation:annotation-experimental:1.4.1) with JetifyTransform
Transforming annotation-experimental-1.4.1.aar (androidx.annotation:annotation-experimental:1.4.1) with ExtractAarTransform
Transforming annotation-experimental-1.4.1.aar (androidx.annotation:annotation-experimental:1.4.1) with LibrarySymbolTableTransform
Transforming sqlite-framework-release.aar (androidx.sqlite:sqlite-framework-android:2.5.1) with JetifyTransform
Transforming sqlite-framework-release.aar (androidx.sqlite:sqlite-framework-android:2.5.1) with ExtractAarTransform
Transforming sqlite-framework-release.aar (androidx.sqlite:sqlite-framework-android:2.5.1) with LibrarySymbolTableTransform
Transforming sqlite-release.aar (androidx.sqlite:sqlite-android:2.5.1) with JetifyTransform
Transforming sqlite-release.aar (androidx.sqlite:sqlite-android:2.5.1) with ExtractAarTransform
Transforming sqlite-release.aar (androidx.sqlite:sqlite-android:2.5.1) with LibrarySymbolTableTransform
Transforming core-viewtree-1.0.0.aar (androidx.core:core-viewtree:1.0.0) with JetifyTransform
Transforming core-viewtree-1.0.0.aar (androidx.core:core-viewtree:1.0.0) with ExtractAarTransform
Transforming core-viewtree-1.0.0.aar (androidx.core:core-viewtree:1.0.0) with LibrarySymbolTableTransform
Transforming documentfile-1.0.1.aar (androidx.documentfile:documentfile:1.0.1) with JetifyTransform
Transforming documentfile-1.0.1.aar (androidx.documentfile:documentfile:1.0.1) with ExtractAarTransform
Transforming documentfile-1.0.1.aar (androidx.documentfile:documentfile:1.0.1) with LibrarySymbolTableTransform
Transforming documentfile-1.0.1.aar (androidx.documentfile:documentfile:1.0.1) with JetifyTransform
Transforming documentfile-1.0.1.aar (androidx.documentfile:documentfile:1.0.1) with ExtractAarTransform
Transforming documentfile-1.0.1.aar (androidx.documentfile:documentfile:1.0.1) with LibrarySymbolTableTransform
Transforming cardview-1.0.0.aar (androidx.cardview:cardview:1.0.0) with JetifyTransform
Transforming cardview-1.0.0.aar (androidx.cardview:cardview:1.0.0) with ExtractAarTransform
Transforming cardview-1.0.0.aar (androidx.cardview:cardview:1.0.0) with LibrarySymbolTableTransform
Transforming core-runtime-2.2.0.aar (androidx.arch.core:core-runtime:2.2.0) with JetifyTransform
Transforming core-runtime-2.2.0.aar (androidx.arch.core:core-runtime:2.2.0) with ExtractAarTransform
Transforming core-runtime-2.2.0.aar (androidx.arch.core:core-runtime:2.2.0) with LibrarySymbolTableTransform
Transforming cursoradapter-1.0.0.aar (androidx.cursoradapter:cursoradapter:1.0.0) with JetifyTransform
Transforming cursoradapter-1.0.0.aar (androidx.cursoradapter:cursoradapter:1.0.0) with ExtractAarTransform
Transforming cursoradapter-1.0.0.aar (androidx.cursoradapter:cursoradapter:1.0.0) with LibrarySymbolTableTransform
Transforming cursoradapter-1.0.0.aar (androidx.cursoradapter:cursoradapter:1.0.0) with JetifyTransform
Transforming cursoradapter-1.0.0.aar (androidx.cursoradapter:cursoradapter:1.0.0) with ExtractAarTransform
Transforming cursoradapter-1.0.0.aar (androidx.cursoradapter:cursoradapter:1.0.0) with LibrarySymbolTableTransform
Transforming gifdecoder-4.15.1.aar (com.github.bumptech.glide:gifdecoder:4.15.1) with JetifyTransform
Transforming gifdecoder-4.15.1.aar (com.github.bumptech.glide:gifdecoder:4.15.1) with ExtractAarTransform
Transforming gifdecoder-4.15.1.aar (com.github.bumptech.glide:gifdecoder:4.15.1) with LibrarySymbolTableTransform
Transforming profileinstaller-1.4.0.aar (androidx.profileinstaller:profileinstaller:1.4.0) with JetifyTransform
Transforming profileinstaller-1.4.0.aar (androidx.profileinstaller:profileinstaller:1.4.0) with ExtractAarTransform
Transforming profileinstaller-1.4.0.aar (androidx.profileinstaller:profileinstaller:1.4.0) with LibrarySymbolTableTransform
Transforming startup-runtime-1.1.1.aar (androidx.startup:startup-runtime:1.1.1) with JetifyTransform
Transforming startup-runtime-1.1.1.aar (androidx.startup:startup-runtime:1.1.1) with ExtractAarTransform
Transforming startup-runtime-1.1.1.aar (androidx.startup:startup-runtime:1.1.1) with LibrarySymbolTableTransform
Transforming tracing-1.0.0.aar (androidx.tracing:tracing:1.0.0) with JetifyTransform
Transforming tracing-1.0.0.aar (androidx.tracing:tracing:1.0.0) with ExtractAarTransform
Transforming tracing-1.0.0.aar (androidx.tracing:tracing:1.0.0) with LibrarySymbolTableTransform
Transforming localbroadcastmanager-1.0.0.aar (androidx.localbroadcastmanager:localbroadcastmanager:1.0.0) with JetifyTransform
Transforming localbroadcastmanager-1.0.0.aar (androidx.localbroadcastmanager:localbroadcastmanager:1.0.0) with ExtractAarTransform
Transforming localbroadcastmanager-1.0.0.aar (androidx.localbroadcastmanager:localbroadcastmanager:1.0.0) with LibrarySymbolTableTransform
Transforming print-1.0.0.aar (androidx.print:print:1.0.0) with JetifyTransform
Transforming print-1.0.0.aar (androidx.print:print:1.0.0) with ExtractAarTransform
Transforming print-1.0.0.aar (androidx.print:print:1.0.0) with LibrarySymbolTableTransform
Transforming interpolator-1.0.0.aar (androidx.interpolator:interpolator:1.0.0) with JetifyTransform
Transforming interpolator-1.0.0.aar (androidx.interpolator:interpolator:1.0.0) with ExtractAarTransform
Transforming interpolator-1.0.0.aar (androidx.interpolator:interpolator:1.0.0) with LibrarySymbolTableTransform
Transforming interpolator-1.0.0.aar (androidx.interpolator:interpolator:1.0.0) with JetifyTransform
Transforming interpolator-1.0.0.aar (androidx.interpolator:interpolator:1.0.0) with ExtractAarTransform
Transforming interpolator-1.0.0.aar (androidx.interpolator:interpolator:1.0.0) with LibrarySymbolTableTransform
Transforming interpolator-1.0.0.aar (androidx.interpolator:interpolator:1.0.0) with JetifyTransform
Transforming interpolator-1.0.0.aar (androidx.interpolator:interpolator:1.0.0) with ExtractAarTransform
Transforming interpolator-1.0.0.aar (androidx.interpolator:interpolator:1.0.0) with LibrarySymbolTableTransform
Transforming interpolator-1.0.0.aar (androidx.interpolator:interpolator:1.0.0) with JetifyTransform
Transforming interpolator-1.0.0.aar (androidx.interpolator:interpolator:1.0.0) with ExtractAarTransform
Transforming interpolator-1.0.0.aar (androidx.interpolator:interpolator:1.0.0) with LibrarySymbolTableTransform
Transforming transport-backend-cct-2.3.3.aar (com.google.android.datatransport:transport-backend-cct:2.3.3) with JetifyTransform
Transforming transport-backend-cct-2.3.3.aar (com.google.android.datatransport:transport-backend-cct:2.3.3) with ExtractAarTransform
Transforming transport-backend-cct-2.3.3.aar (com.google.android.datatransport:transport-backend-cct:2.3.3) with LibrarySymbolTableTransform
Transforming transport-backend-cct-2.3.3.aar (com.google.android.datatransport:transport-backend-cct:2.3.3) with JetifyTransform
Transforming transport-backend-cct-2.3.3.aar (com.google.android.datatransport:transport-backend-cct:2.3.3) with ExtractAarTransform
Transforming transport-backend-cct-2.3.3.aar (com.google.android.datatransport:transport-backend-cct:2.3.3) with LibrarySymbolTableTransform
Transforming transport-backend-cct-2.3.3.aar (com.google.android.datatransport:transport-backend-cct:2.3.3) with JetifyTransform
Transforming transport-backend-cct-2.3.3.aar (com.google.android.datatransport:transport-backend-cct:2.3.3) with ExtractAarTransform
Transforming transport-backend-cct-2.3.3.aar (com.google.android.datatransport:transport-backend-cct:2.3.3) with LibrarySymbolTableTransform
Transforming transport-runtime-2.2.6.aar (com.google.android.datatransport:transport-runtime:2.2.6) with JetifyTransform
Transforming transport-runtime-2.2.6.aar (com.google.android.datatransport:transport-runtime:2.2.6) with ExtractAarTransform
Transforming transport-runtime-2.2.6.aar (com.google.android.datatransport:transport-runtime:2.2.6) with LibrarySymbolTableTransform
Transforming transport-runtime-2.2.6.aar (com.google.android.datatransport:transport-runtime:2.2.6) with JetifyTransform
Transforming transport-runtime-2.2.6.aar (com.google.android.datatransport:transport-runtime:2.2.6) with ExtractAarTransform
Transforming transport-runtime-2.2.6.aar (com.google.android.datatransport:transport-runtime:2.2.6) with LibrarySymbolTableTransform
Transforming transport-runtime-2.2.6.aar (com.google.android.datatransport:transport-runtime:2.2.6) with JetifyTransform
Transforming transport-runtime-2.2.6.aar (com.google.android.datatransport:transport-runtime:2.2.6) with ExtractAarTransform
Transforming transport-runtime-2.2.6.aar (com.google.android.datatransport:transport-runtime:2.2.6) with LibrarySymbolTableTransform
Transforming transport-runtime-2.2.6.aar (com.google.android.datatransport:transport-runtime:2.2.6) with JetifyTransform
Transforming transport-runtime-2.2.6.aar (com.google.android.datatransport:transport-runtime:2.2.6) with ExtractAarTransform
Transforming transport-runtime-2.2.6.aar (com.google.android.datatransport:transport-runtime:2.2.6) with LibrarySymbolTableTransform
Transforming transport-api-2.2.1.aar (com.google.android.datatransport:transport-api:2.2.1) with JetifyTransform
Transforming transport-api-2.2.1.aar (com.google.android.datatransport:transport-api:2.2.1) with ExtractAarTransform
Transforming transport-api-2.2.1.aar (com.google.android.datatransport:transport-api:2.2.1) with LibrarySymbolTableTransform
Transforming transport-api-2.2.1.aar (com.google.android.datatransport:transport-api:2.2.1) with JetifyTransform
Transforming transport-api-2.2.1.aar (com.google.android.datatransport:transport-api:2.2.1) with ExtractAarTransform
Transforming transport-api-2.2.1.aar (com.google.android.datatransport:transport-api:2.2.1) with LibrarySymbolTableTransform
Transforming transport-api-2.2.1.aar (com.google.android.datatransport:transport-api:2.2.1) with JetifyTransform
Transforming transport-api-2.2.1.aar (com.google.android.datatransport:transport-api:2.2.1) with ExtractAarTransform
Transforming transport-api-2.2.1.aar (com.google.android.datatransport:transport-api:2.2.1) with LibrarySymbolTableTransform
Transforming transport-api-2.2.1.aar (com.google.android.datatransport:transport-api:2.2.1) with JetifyTransform
Transforming transport-api-2.2.1.aar (com.google.android.datatransport:transport-api:2.2.1) with ExtractAarTransform
Transforming transport-api-2.2.1.aar (com.google.android.datatransport:transport-api:2.2.1) with LibrarySymbolTableTransform
Transforming transport-api-2.2.1.aar (com.google.android.datatransport:transport-api:2.2.1) with JetifyTransform
Transforming transport-api-2.2.1.aar (com.google.android.datatransport:transport-api:2.2.1) with ExtractAarTransform
Transforming transport-api-2.2.1.aar (com.google.android.datatransport:transport-api:2.2.1) with LibrarySymbolTableTransform
Transforming firebase-components-16.1.0.aar (com.google.firebase:firebase-components:16.1.0) with JetifyTransform
Transforming firebase-components-16.1.0.aar (com.google.firebase:firebase-components:16.1.0) with ExtractAarTransform
Transforming firebase-components-16.1.0.aar (com.google.firebase:firebase-components:16.1.0) with LibrarySymbolTableTransform
Transforming firebase-components-16.1.0.aar (com.google.firebase:firebase-components:16.1.0) with JetifyTransform
Transforming firebase-components-16.1.0.aar (com.google.firebase:firebase-components:16.1.0) with ExtractAarTransform
Transforming firebase-components-16.1.0.aar (com.google.firebase:firebase-components:16.1.0) with LibrarySymbolTableTransform
Transforming firebase-components-16.1.0.aar (com.google.firebase:firebase-components:16.1.0) with JetifyTransform
Transforming firebase-components-16.1.0.aar (com.google.firebase:firebase-components:16.1.0) with ExtractAarTransform
Transforming firebase-components-16.1.0.aar (com.google.firebase:firebase-components:16.1.0) with LibrarySymbolTableTransform
Transforming firebase-encoders-json-17.1.0.aar (com.google.firebase:firebase-encoders-json:17.1.0) with JetifyTransform
Transforming firebase-encoders-json-17.1.0.aar (com.google.firebase:firebase-encoders-json:17.1.0) with ExtractAarTransform
Transforming firebase-encoders-json-17.1.0.aar (com.google.firebase:firebase-encoders-json:17.1.0) with LibrarySymbolTableTransform
Transforming firebase-encoders-json-17.1.0.aar (com.google.firebase:firebase-encoders-json:17.1.0) with JetifyTransform
Transforming firebase-encoders-json-17.1.0.aar (com.google.firebase:firebase-encoders-json:17.1.0) with ExtractAarTransform
Transforming firebase-encoders-json-17.1.0.aar (com.google.firebase:firebase-encoders-json:17.1.0) with LibrarySymbolTableTransform
Transforming firebase-encoders-json-17.1.0.aar (com.google.firebase:firebase-encoders-json:17.1.0) with JetifyTransform
Transforming firebase-encoders-json-17.1.0.aar (com.google.firebase:firebase-encoders-json:17.1.0) with ExtractAarTransform
Transforming firebase-encoders-json-17.1.0.aar (com.google.firebase:firebase-encoders-json:17.1.0) with LibrarySymbolTableTransform
Transforming firebase-encoders-json-17.1.0.aar (com.google.firebase:firebase-encoders-json:17.1.0) with JetifyTransform
Transforming firebase-encoders-json-17.1.0.aar (com.google.firebase:firebase-encoders-json:17.1.0) with ExtractAarTransform
Transforming firebase-encoders-json-17.1.0.aar (com.google.firebase:firebase-encoders-json:17.1.0) with LibrarySymbolTableTransform
Transforming exifinterface-1.3.7.aar (androidx.exifinterface:exifinterface:1.3.7) with JetifyTransform
Transforming exifinterface-1.3.7.aar (androidx.exifinterface:exifinterface:1.3.7) with ExtractAarTransform
Transforming exifinterface-1.3.7.aar (androidx.exifinterface:exifinterface:1.3.7) with LibrarySymbolTableTransform
Transforming exifinterface-1.3.7.aar (androidx.exifinterface:exifinterface:1.3.7) with JetifyTransform
Transforming exifinterface-1.3.7.aar (androidx.exifinterface:exifinterface:1.3.7) with ExtractAarTransform
Transforming exifinterface-1.3.7.aar (androidx.exifinterface:exifinterface:1.3.7) with LibrarySymbolTableTransform
Transforming versionedparcelable-1.1.1.aar (androidx.versionedparcelable:versionedparcelable:1.1.1) with JetifyTransform
Transforming versionedparcelable-1.1.1.aar (androidx.versionedparcelable:versionedparcelable:1.1.1) with ExtractAarTransform
Transforming versionedparcelable-1.1.1.aar (androidx.versionedparcelable:versionedparcelable:1.1.1) with LibrarySymbolTableTransform
Transforming dagger-lint-aar-2.51.1.aar (com.google.dagger:dagger-lint-aar:2.51.1) with JetifyTransform
Transforming dagger-lint-aar-2.51.1.aar (com.google.dagger:dagger-lint-aar:2.51.1) with ExtractAarTransform
Transforming dagger-lint-aar-2.51.1.aar (com.google.dagger:dagger-lint-aar:2.51.1) with LibrarySymbolTableTransform
Transforming pdfbox-android-2.0.27.0.aar (com.tom-roush:pdfbox-android:2.0.27.0) with JetifyTransform
Transforming pdfbox-android-2.0.27.0.aar (com.tom-roush:pdfbox-android:2.0.27.0) with ExtractAarTransform
Transforming pdfbox-android-2.0.27.0.aar (com.tom-roush:pdfbox-android:2.0.27.0) with LibrarySymbolTableTransform
Transforming image-1.0.0-beta1.aar (com.google.android.odml:image:1.0.0-beta1) with JetifyTransform
Transforming image-1.0.0-beta1.aar (com.google.android.odml:image:1.0.0-beta1) with ExtractAarTransform
Transforming image-1.0.0-beta1.aar (com.google.android.odml:image:1.0.0-beta1) with LibrarySymbolTableTransform
Transforming image-1.0.0-beta1.aar (com.google.android.odml:image:1.0.0-beta1) with JetifyTransform
Transforming image-1.0.0-beta1.aar (com.google.android.odml:image:1.0.0-beta1) with ExtractAarTransform
Transforming image-1.0.0-beta1.aar (com.google.android.odml:image:1.0.0-beta1) with LibrarySymbolTableTransform

> Task :android:core-data:compileDebugKotlin UP-TO-DATE
Transforming R.jar with ClasspathEntrySnapshotTransform
Transforming classes.jar with ClasspathEntrySnapshotTransform
Transforming classes.jar with ClasspathEntrySnapshotTransform
Transforming jetified-hilt-work-1.2.0-api.jar with ClasspathEntrySnapshotTransform
Transforming jetified-hilt-android-2.51.1-api.jar with ClasspathEntrySnapshotTransform
Transforming jetified-room-common-jvm-2.7.2.jar with ClasspathEntrySnapshotTransform
Transforming jetified-room-runtime-release-api.jar with ClasspathEntrySnapshotTransform
Transforming jetified-room-ktx-2.7.2-api.jar with ClasspathEntrySnapshotTransform
Transforming fragment-1.5.1-api.jar with ClasspathEntrySnapshotTransform
Transforming jetified-activity-1.5.1-api.jar with ClasspathEntrySnapshotTransform
Transforming jetified-lifecycle-viewmodel-savedstate-2.5.1-api.jar with ClasspathEntrySnapshotTransform
Transforming jetified-datastore-core-okio-jvm-1.1.7.jar with ClasspathEntrySnapshotTransform
Transforming jetified-datastore-core-release-api.jar with ClasspathEntrySnapshotTransform
Transforming jetified-datastore-preferences-core-release-api.jar with ClasspathEntrySnapshotTransform
Transforming jetified-datastore-release-api.jar with ClasspathEntrySnapshotTransform
Transforming jetified-datastore-preferences-release-api.jar with ClasspathEntrySnapshotTransform
Transforming jetified-kotlinx-coroutines-core-jvm-1.8.0.jar with ClasspathEntrySnapshotTransform
Transforming work-runtime-ktx-2.9.0-api.jar with ClasspathEntrySnapshotTransform
Transforming work-runtime-2.9.0-api.jar with ClasspathEntrySnapshotTransform
Transforming jetified-kotlinx-coroutines-android-1.8.0.jar with ClasspathEntrySnapshotTransform
Transforming jetified-core-ktx-1.12.0-api.jar with ClasspathEntrySnapshotTransform
Transforming loader-1.0.0-api.jar with ClasspathEntrySnapshotTransform
Transforming viewpager-1.0.0-api.jar with ClasspathEntrySnapshotTransform
Transforming customview-1.0.0-api.jar with ClasspathEntrySnapshotTransform
Transforming core-1.12.0-api.jar with ClasspathEntrySnapshotTransform
Transforming jetified-annotation-experimental-1.4.1-api.jar with ClasspathEntrySnapshotTransform
Transforming lifecycle-viewmodel-2.5.1-api.jar with ClasspathEntrySnapshotTransform
Transforming jetified-savedstate-1.2.0-api.jar with ClasspathEntrySnapshotTransform
Transforming documentfile-1.0.1-api.jar with ClasspathEntrySnapshotTransform
Transforming lifecycle-runtime-2.5.1-api.jar with ClasspathEntrySnapshotTransform
Transforming lifecycle-livedata-2.5.1-api.jar with ClasspathEntrySnapshotTransform
Transforming lifecycle-livedata-core-2.5.1-api.jar with ClasspathEntrySnapshotTransform
Transforming lifecycle-common-2.5.1.jar with ClasspathEntrySnapshotTransform
Transforming versionedparcelable-1.1.1-api.jar with ClasspathEntrySnapshotTransform
Transforming core-runtime-2.2.0-api.jar with ClasspathEntrySnapshotTransform
Transforming core-common-2.2.0.jar with ClasspathEntrySnapshotTransform
Transforming jetified-collection-jvm-1.4.2.jar with ClasspathEntrySnapshotTransform
Transforming jetified-sqlite-framework-release-api.jar with ClasspathEntrySnapshotTransform
Transforming jetified-sqlite-release-api.jar with ClasspathEntrySnapshotTransform
Transforming jetified-annotation-jvm-1.9.1.jar with ClasspathEntrySnapshotTransform
Transforming jetified-okio-jvm-3.4.0.jar with ClasspathEntrySnapshotTransform
Transforming jetified-kotlin-stdlib-jdk8-1.9.25.jar with ClasspathEntrySnapshotTransform
Transforming jetified-kotlin-stdlib-jdk7-1.9.25.jar with ClasspathEntrySnapshotTransform
Transforming jetified-kotlin-stdlib-1.9.25.jar with ClasspathEntrySnapshotTransform
Transforming jetified-junrar-7.5.5.jar with ClasspathEntrySnapshotTransform
Transforming jetified-gson-2.11.0.jar with ClasspathEntrySnapshotTransform
Transforming jetified-annotations-23.0.0.jar with ClasspathEntrySnapshotTransform
Transforming jetified-listenablefuture-1.0.jar with ClasspathEntrySnapshotTransform
Transforming jetified-jspecify-1.0.0.jar with ClasspathEntrySnapshotTransform
Transforming jetified-hilt-core-2.51.1.jar with ClasspathEntrySnapshotTransform
Transforming jetified-dagger-2.51.1.jar with ClasspathEntrySnapshotTransform
Transforming jetified-javax.inject-1.jar with ClasspathEntrySnapshotTransform
Transforming jetified-dagger-lint-aar-2.51.1-api.jar with ClasspathEntrySnapshotTransform
Transforming jetified-jsr305-3.0.2.jar with ClasspathEntrySnapshotTransform
Transforming jetified-error_prone_annotations-2.27.0.jar with ClasspathEntrySnapshotTransform
Transforming jetified-startup-runtime-1.1.1-api.jar with ClasspathEntrySnapshotTransform
Transforming jetified-hilt-common-1.2.0.jar with ClasspathEntrySnapshotTransform
Transforming android.jar with ClasspathEntrySnapshotTransform
Transforming core-lambda-stubs.jar with ClasspathEntrySnapshotTransform
Build cache key for task ':android:core-data:compileDebugKotlin' is 9666b01e21cf0b0c0a3bf8bc18f6ec74
Skipping task ':android:core-data:compileDebugKotlin' as it is up-to-date.
Resolve mutations for :android:core-data:compileDebugJavaWithJavac (Thread[Execution worker Thread 8,5,main]) started.
:android:core-data:compileDebugJavaWithJavac (Thread[Execution worker Thread 8,5,main]) started.

> Task :android:core-data:compileDebugJavaWithJavac UP-TO-DATE
file or directory 'C:\Users\xmeta\projects\Mr.Comic\android\core-data\build\generated\ksp\debug\classes', not found
Transforming core-for-system-modules.jar with JdkImageTransform
Transforming core-for-system-modules.jar with JdkImageTransform
Transforming core-for-system-modules.jar with JdkImageTransform
Transforming core-for-system-modules.jar with JdkImageTransform
file or directory 'C:\Users\xmeta\projects\Mr.Comic\android\core-data\build\generated\ksp\debug\classes', not found
Transforming core-for-system-modules.jar with JdkImageTransform
Transforming core-for-system-modules.jar with JdkImageTransform
Custom actions are attached to task ':android:core-data:compileDebugJavaWithJavac'.
Build cache key for task ':android:core-data:compileDebugJavaWithJavac' is 07d8c4b95fc2eab0dc3d7a91b2d91025
Skipping task ':android:core-data:compileDebugJavaWithJavac' as it is up-to-date.
No compile result for :android:core-data:compileDebugJavaWithJavac
No compile result for :android:core-data:compileDebugJavaWithJavac
Resolve mutations for :android:core-data:transformDebugClassesWithAsm (Thread[Execution worker Thread 8,5,main]) started.
:android:core-data:transformDebugClassesWithAsm (Thread[Execution worker Thread 8,5,main]) started.

> Task :android:core-data:transformDebugClassesWithAsm UP-TO-DATE
file or directory 'C:\Users\xmeta\projects\Mr.Comic\android\core-data\build\generated\ksp\debug\classes', not found
file or directory 'C:\Users\xmeta\projects\Mr.Comic\android\core-data\build\generated\ksp\debug\classes', not found
Transforming hilt-work-1.2.0.aar (androidx.hilt:hilt-work:1.2.0) with JetifyTransform
Transforming hilt-work-1.2.0.aar (androidx.hilt:hilt-work:1.2.0) with AarToClassTransform
Transforming hilt-android-2.51.1.aar (com.google.dagger:hilt-android:2.51.1) with JetifyTransform
Transforming hilt-android-2.51.1.aar (com.google.dagger:hilt-android:2.51.1) with AarToClassTransform
Transforming room-common-jvm-2.7.2.jar (androidx.room:room-common-jvm:2.7.2) with JetifyTransform
Transforming room-common-jvm-2.7.2.jar (androidx.room:room-common-jvm:2.7.2) with IdentityTransform
Transforming room-runtime-release.aar (androidx.room:room-runtime-android:2.7.2) with JetifyTransform
Transforming room-runtime-release.aar (androidx.room:room-runtime-android:2.7.2) with AarToClassTransform
Transforming work-runtime-ktx-2.9.0.aar (androidx.work:work-runtime-ktx:2.9.0) with JetifyTransform
Transforming work-runtime-ktx-2.9.0.aar (androidx.work:work-runtime-ktx:2.9.0) with AarToClassTransform
Transforming work-runtime-2.9.0.aar (androidx.work:work-runtime:2.9.0) with JetifyTransform
Transforming work-runtime-2.9.0.aar (androidx.work:work-runtime:2.9.0) with AarToClassTransform
Transforming room-ktx-2.7.2.aar (androidx.room:room-ktx:2.7.2) with JetifyTransform
Transforming room-ktx-2.7.2.aar (androidx.room:room-ktx:2.7.2) with AarToClassTransform
Transforming pdfium-android-1.9.0.aar (com.github.barteksc:pdfium-android:1.9.0) with JetifyTransform
Transforming pdfium-android-1.9.0.aar (com.github.barteksc:pdfium-android:1.9.0) with AarToClassTransform
Transforming legacy-support-v4-1.0.0.aar (androidx.legacy:legacy-support-v4:1.0.0) with JetifyTransform
Transforming legacy-support-v4-1.0.0.aar (androidx.legacy:legacy-support-v4:1.0.0) with AarToClassTransform
Transforming fragment-1.5.1.aar (androidx.fragment:fragment:1.5.1) with JetifyTransform
Transforming fragment-1.5.1.aar (androidx.fragment:fragment:1.5.1) with AarToClassTransform
Transforming fragment-1.5.1.aar (androidx.fragment:fragment:1.5.1) with JetifyTransform
Transforming fragment-1.5.1.aar (androidx.fragment:fragment:1.5.1) with AarToClassTransform
Transforming activity-1.5.1.aar (androidx.activity:activity:1.5.1) with JetifyTransform
Transforming activity-1.5.1.aar (androidx.activity:activity:1.5.1) with AarToClassTransform
Transforming legacy-support-core-ui-1.0.0.aar (androidx.legacy:legacy-support-core-ui:1.0.0) with JetifyTransform
Transforming legacy-support-core-ui-1.0.0.aar (androidx.legacy:legacy-support-core-ui:1.0.0) with AarToClassTransform
Transforming legacy-support-core-utils-1.0.0.aar (androidx.legacy:legacy-support-core-utils:1.0.0) with JetifyTransform
Transforming legacy-support-core-utils-1.0.0.aar (androidx.legacy:legacy-support-core-utils:1.0.0) with AarToClassTransform
Transforming loader-1.0.0.aar (androidx.loader:loader:1.0.0) with JetifyTransform
Transforming loader-1.0.0.aar (androidx.loader:loader:1.0.0) with AarToClassTransform
Transforming loader-1.0.0.aar (androidx.loader:loader:1.0.0) with JetifyTransform
Transforming loader-1.0.0.aar (androidx.loader:loader:1.0.0) with AarToClassTransform
Transforming lifecycle-viewmodel-2.5.1.aar (androidx.lifecycle:lifecycle-viewmodel:2.5.1) with JetifyTransform
Transforming lifecycle-viewmodel-2.5.1.aar (androidx.lifecycle:lifecycle-viewmodel:2.5.1) with AarToClassTransform
Transforming lifecycle-viewmodel-2.5.1.aar (androidx.lifecycle:lifecycle-viewmodel:2.5.1) with JetifyTransform
Transforming lifecycle-viewmodel-2.5.1.aar (androidx.lifecycle:lifecycle-viewmodel:2.5.1) with AarToClassTransform
Transforming lifecycle-viewmodel-savedstate-2.5.1.aar (androidx.lifecycle:lifecycle-viewmodel-savedstate:2.5.1) with JetifyTransform
Transforming lifecycle-viewmodel-savedstate-2.5.1.aar (androidx.lifecycle:lifecycle-viewmodel-savedstate:2.5.1) with AarToClassTransform
Transforming datastore-preferences-external-protobuf-1.1.7.jar (androidx.datastore:datastore-preferences-external-protobuf:1.1.7) with JetifyTransform
Transforming datastore-preferences-external-protobuf-1.1.7.jar (androidx.datastore:datastore-preferences-external-protobuf:1.1.7) with IdentityTransform
Transforming datastore-core-okio-jvm-1.1.7.jar (androidx.datastore:datastore-core-okio-jvm:1.1.7) with JetifyTransform
Transforming datastore-core-okio-jvm-1.1.7.jar (androidx.datastore:datastore-core-okio-jvm:1.1.7) with IdentityTransform
Transforming datastore-core-release.aar (androidx.datastore:datastore-core-android:1.1.7) with JetifyTransform
Transforming datastore-core-release.aar (androidx.datastore:datastore-core-android:1.1.7) with AarToClassTransform
Transforming datastore-preferences-proto-1.1.7.jar (androidx.datastore:datastore-preferences-proto:1.1.7) with JetifyTransform
Transforming datastore-preferences-proto-1.1.7.jar (androidx.datastore:datastore-preferences-proto:1.1.7) with IdentityTransform
Transforming datastore-preferences-core-release.aar (androidx.datastore:datastore-preferences-core-android:1.1.7) with JetifyTransform
Transforming datastore-preferences-core-release.aar (androidx.datastore:datastore-preferences-core-android:1.1.7) with AarToClassTransform
Transforming datastore-release.aar (androidx.datastore:datastore-android:1.1.7) with JetifyTransform
Transforming datastore-release.aar (androidx.datastore:datastore-android:1.1.7) with AarToClassTransform
Transforming datastore-preferences-release.aar (androidx.datastore:datastore-preferences-android:1.1.7) with JetifyTransform
Transforming datastore-preferences-release.aar (androidx.datastore:datastore-preferences-android:1.1.7) with AarToClassTransform
Transforming kotlinx-coroutines-core-jvm-1.8.0.jar (org.jetbrains.kotlinx:kotlinx-coroutines-core-jvm:1.8.0) with JetifyTransform
Transforming kotlinx-coroutines-core-jvm-1.8.0.jar (org.jetbrains.kotlinx:kotlinx-coroutines-core-jvm:1.8.0) with IdentityTransform
Transforming kotlinx-coroutines-android-1.8.0.jar (org.jetbrains.kotlinx:kotlinx-coroutines-android:1.8.0) with JetifyTransform
Transforming kotlinx-coroutines-android-1.8.0.jar (org.jetbrains.kotlinx:kotlinx-coroutines-android:1.8.0) with IdentityTransform
Transforming kotlin-parcelize-runtime-1.9.25.jar (org.jetbrains.kotlin:kotlin-parcelize-runtime:1.9.25) with JetifyTransform
Transforming kotlin-parcelize-runtime-1.9.25.jar (org.jetbrains.kotlin:kotlin-parcelize-runtime:1.9.25) with IdentityTransform
Transforming viewpager-1.0.0.aar (androidx.viewpager:viewpager:1.0.0) with JetifyTransform
Transforming viewpager-1.0.0.aar (androidx.viewpager:viewpager:1.0.0) with AarToClassTransform
Transforming viewpager-1.0.0.aar (androidx.viewpager:viewpager:1.0.0) with JetifyTransform
Transforming viewpager-1.0.0.aar (androidx.viewpager:viewpager:1.0.0) with AarToClassTransform
Transforming media-1.0.0.aar (androidx.media:media:1.0.0) with JetifyTransform
Transforming media-1.0.0.aar (androidx.media:media:1.0.0) with AarToClassTransform
Transforming coordinatorlayout-1.0.0.aar (androidx.coordinatorlayout:coordinatorlayout:1.0.0) with JetifyTransform
Transforming coordinatorlayout-1.0.0.aar (androidx.coordinatorlayout:coordinatorlayout:1.0.0) with AarToClassTransform
Transforming drawerlayout-1.0.0.aar (androidx.drawerlayout:drawerlayout:1.0.0) with JetifyTransform
Transforming drawerlayout-1.0.0.aar (androidx.drawerlayout:drawerlayout:1.0.0) with AarToClassTransform
Transforming slidingpanelayout-1.0.0.aar (androidx.slidingpanelayout:slidingpanelayout:1.0.0) with JetifyTransform
Transforming slidingpanelayout-1.0.0.aar (androidx.slidingpanelayout:slidingpanelayout:1.0.0) with AarToClassTransform
Transforming customview-1.0.0.aar (androidx.customview:customview:1.0.0) with JetifyTransform
Transforming customview-1.0.0.aar (androidx.customview:customview:1.0.0) with AarToClassTransform
Transforming swiperefreshlayout-1.0.0.aar (androidx.swiperefreshlayout:swiperefreshlayout:1.0.0) with JetifyTransform
Transforming swiperefreshlayout-1.0.0.aar (androidx.swiperefreshlayout:swiperefreshlayout:1.0.0) with AarToClassTransform
Transforming asynclayoutinflater-1.0.0.aar (androidx.asynclayoutinflater:asynclayoutinflater:1.0.0) with JetifyTransform
Transforming asynclayoutinflater-1.0.0.aar (androidx.asynclayoutinflater:asynclayoutinflater:1.0.0) with AarToClassTransform
Transforming core-1.12.0.aar (androidx.core:core:1.12.0) with JetifyTransform
Transforming core-1.12.0.aar (androidx.core:core:1.12.0) with AarToClassTransform
Transforming core-1.12.0.aar (androidx.core:core:1.12.0) with JetifyTransform
Transforming core-1.12.0.aar (androidx.core:core:1.12.0) with AarToClassTransform
Transforming core-ktx-1.12.0.aar (androidx.core:core-ktx:1.12.0) with JetifyTransform
Transforming core-ktx-1.12.0.aar (androidx.core:core-ktx:1.12.0) with AarToClassTransform
Transforming savedstate-1.2.0.aar (androidx.savedstate:savedstate:1.2.0) with JetifyTransform
Transforming savedstate-1.2.0.aar (androidx.savedstate:savedstate:1.2.0) with AarToClassTransform
Transforming kotlin-android-extensions-runtime-1.9.25.jar (org.jetbrains.kotlin:kotlin-android-extensions-runtime:1.9.25) with JetifyTransform
Transforming kotlin-android-extensions-runtime-1.9.25.jar (org.jetbrains.kotlin:kotlin-android-extensions-runtime:1.9.25) with IdentityTransform
Transforming annotation-experimental-1.4.1.aar (androidx.annotation:annotation-experimental:1.4.1) with JetifyTransform
Transforming annotation-experimental-1.4.1.aar (androidx.annotation:annotation-experimental:1.4.1) with AarToClassTransform
Transforming versionedparcelable-1.1.1.aar (androidx.versionedparcelable:versionedparcelable:1.1.1) with JetifyTransform
Transforming versionedparcelable-1.1.1.aar (androidx.versionedparcelable:versionedparcelable:1.1.1) with AarToClassTransform
Transforming versionedparcelable-1.1.1.aar (androidx.versionedparcelable:versionedparcelable:1.1.1) with JetifyTransform
Transforming versionedparcelable-1.1.1.aar (androidx.versionedparcelable:versionedparcelable:1.1.1) with AarToClassTransform
Transforming collection-ktx-1.4.2.jar (androidx.collection:collection-ktx:1.4.2) with JetifyTransform
Transforming collection-ktx-1.4.2.jar (androidx.collection:collection-ktx:1.4.2) with IdentityTransform
Transforming collection-jvm-1.4.2.jar (androidx.collection:collection-jvm:1.4.2) with JetifyTransform
Transforming collection-jvm-1.4.2.jar (androidx.collection:collection-jvm:1.4.2) with IdentityTransform
Transforming sqlite-framework-release.aar (androidx.sqlite:sqlite-framework-android:2.5.1) with JetifyTransform
Transforming sqlite-framework-release.aar (androidx.sqlite:sqlite-framework-android:2.5.1) with AarToClassTransform
Transforming sqlite-release.aar (androidx.sqlite:sqlite-android:2.5.1) with JetifyTransform
Transforming sqlite-release.aar (androidx.sqlite:sqlite-android:2.5.1) with AarToClassTransform
Transforming documentfile-1.0.1.aar (androidx.documentfile:documentfile:1.0.1) with JetifyTransform
Transforming documentfile-1.0.1.aar (androidx.documentfile:documentfile:1.0.1) with AarToClassTransform
Transforming documentfile-1.0.1.aar (androidx.documentfile:documentfile:1.0.1) with JetifyTransform
Transforming documentfile-1.0.1.aar (androidx.documentfile:documentfile:1.0.1) with AarToClassTransform
Transforming lifecycle-runtime-2.5.1.aar (androidx.lifecycle:lifecycle-runtime:2.5.1) with JetifyTransform
Transforming lifecycle-runtime-2.5.1.aar (androidx.lifecycle:lifecycle-runtime:2.5.1) with AarToClassTransform
Transforming lifecycle-livedata-2.5.1.aar (androidx.lifecycle:lifecycle-livedata:2.5.1) with JetifyTransform
Transforming lifecycle-livedata-2.5.1.aar (androidx.lifecycle:lifecycle-livedata:2.5.1) with AarToClassTransform
Transforming lifecycle-livedata-2.5.1.aar (androidx.lifecycle:lifecycle-livedata:2.5.1) with JetifyTransform
Transforming lifecycle-livedata-2.5.1.aar (androidx.lifecycle:lifecycle-livedata:2.5.1) with AarToClassTransform
Transforming lifecycle-service-2.5.1.aar (androidx.lifecycle:lifecycle-service:2.5.1) with JetifyTransform
Transforming lifecycle-livedata-core-2.5.1.aar (androidx.lifecycle:lifecycle-livedata-core:2.5.1) with JetifyTransform
Transforming lifecycle-livedata-core-2.5.1.aar (androidx.lifecycle:lifecycle-livedata-core:2.5.1) with AarToClassTransform
Transforming lifecycle-common-2.5.1.jar (androidx.lifecycle:lifecycle-common:2.5.1) with JetifyTransform
Transforming lifecycle-common-2.5.1.jar (androidx.lifecycle:lifecycle-common:2.5.1) with IdentityTransform
Transforming startup-runtime-1.1.1.aar (androidx.startup:startup-runtime:1.1.1) with JetifyTransform
Transforming startup-runtime-1.1.1.aar (androidx.startup:startup-runtime:1.1.1) with AarToClassTransform
Transforming tracing-1.0.0.aar (androidx.tracing:tracing:1.0.0) with JetifyTransform
Transforming tracing-1.0.0.aar (androidx.tracing:tracing:1.0.0) with AarToClassTransform
Transforming core-runtime-2.2.0.aar (androidx.arch.core:core-runtime:2.2.0) with JetifyTransform
Transforming core-runtime-2.2.0.aar (androidx.arch.core:core-runtime:2.2.0) with AarToClassTransform
Transforming concurrent-futures-1.0.0.jar (androidx.concurrent:concurrent-futures:1.0.0) with JetifyTransform
Transforming concurrent-futures-1.0.0.jar (androidx.concurrent:concurrent-futures:1.0.0) with IdentityTransform
Transforming interpolator-1.0.0.aar (androidx.interpolator:interpolator:1.0.0) with JetifyTransform
Transforming interpolator-1.0.0.aar (androidx.interpolator:interpolator:1.0.0) with AarToClassTransform
Transforming interpolator-1.0.0.aar (androidx.interpolator:interpolator:1.0.0) with JetifyTransform
Transforming lifecycle-service-2.5.1.aar (androidx.lifecycle:lifecycle-service:2.5.1) with AarToClassTransform
Transforming interpolator-1.0.0.aar (androidx.interpolator:interpolator:1.0.0) with AarToClassTransform
Transforming core-common-2.2.0.jar (androidx.arch.core:core-common:2.2.0) with JetifyTransform
Transforming core-common-2.2.0.jar (androidx.arch.core:core-common:2.2.0) with IdentityTransform
Transforming localbroadcastmanager-1.0.0.aar (androidx.localbroadcastmanager:localbroadcastmanager:1.0.0) with JetifyTransform
Transforming localbroadcastmanager-1.0.0.aar (androidx.localbroadcastmanager:localbroadcastmanager:1.0.0) with AarToClassTransform
Transforming print-1.0.0.aar (androidx.print:print:1.0.0) with JetifyTransform
Transforming print-1.0.0.aar (androidx.print:print:1.0.0) with AarToClassTransform
Transforming cursoradapter-1.0.0.aar (androidx.cursoradapter:cursoradapter:1.0.0) with JetifyTransform
Transforming cursoradapter-1.0.0.aar (androidx.cursoradapter:cursoradapter:1.0.0) with AarToClassTransform
Transforming annotation-jvm-1.9.1.jar (androidx.annotation:annotation-jvm:1.9.1) with JetifyTransform
Transforming annotation-jvm-1.9.1.jar (androidx.annotation:annotation-jvm:1.9.1) with IdentityTransform
Transforming okio-jvm-3.4.0.jar (com.squareup.okio:okio-jvm:3.4.0) with JetifyTransform
Transforming okio-jvm-3.4.0.jar (com.squareup.okio:okio-jvm:3.4.0) with IdentityTransform
Transforming kotlin-stdlib-jdk8-1.9.25.jar (org.jetbrains.kotlin:kotlin-stdlib-jdk8:1.9.25) with JetifyTransform
Transforming kotlin-stdlib-jdk8-1.9.25.jar (org.jetbrains.kotlin:kotlin-stdlib-jdk8:1.9.25) with IdentityTransform
Transforming kotlin-stdlib-jdk7-1.9.25.jar (org.jetbrains.kotlin:kotlin-stdlib-jdk7:1.9.25) with JetifyTransform
Transforming kotlin-stdlib-jdk7-1.9.25.jar (org.jetbrains.kotlin:kotlin-stdlib-jdk7:1.9.25) with IdentityTransform
Transforming kotlin-stdlib-1.9.25.jar (org.jetbrains.kotlin:kotlin-stdlib:1.9.25) with JetifyTransform
Transforming kotlin-stdlib-1.9.25.jar (org.jetbrains.kotlin:kotlin-stdlib:1.9.25) with IdentityTransform
Transforming junrar-7.5.5.jar (com.github.junrar:junrar:7.5.5) with JetifyTransform
Transforming junrar-7.5.5.jar (com.github.junrar:junrar:7.5.5) with IdentityTransform
Transforming gson-2.11.0.jar (com.google.code.gson:gson:2.11.0) with JetifyTransform
Transforming gson-2.11.0.jar (com.google.code.gson:gson:2.11.0) with IdentityTransform
Transforming annotations-23.0.0.jar (org.jetbrains:annotations:23.0.0) with JetifyTransform
Transforming annotations-23.0.0.jar (org.jetbrains:annotations:23.0.0) with IdentityTransform
Transforming zip4j-2.11.5.jar (net.lingala.zip4j:zip4j:2.11.5) with JetifyTransform
Transforming zip4j-2.11.5.jar (net.lingala.zip4j:zip4j:2.11.5) with IdentityTransform
Transforming pdfbox-android-2.0.27.0.aar (com.tom-roush:pdfbox-android:2.0.27.0) with JetifyTransform
Transforming pdfbox-android-2.0.27.0.aar (com.tom-roush:pdfbox-android:2.0.27.0) with AarToClassTransform
Transforming slf4j-android-1.7.36.jar (org.slf4j:slf4j-android:1.7.36) with JetifyTransform
Transforming slf4j-android-1.7.36.jar (org.slf4j:slf4j-android:1.7.36) with IdentityTransform
Transforming commons-compress-1.26.0.jar (org.apache.commons:commons-compress:1.26.0) with JetifyTransform
Transforming commons-compress-1.26.0.jar (org.apache.commons:commons-compress:1.26.0) with IdentityTransform
Transforming epublib-core-3.1.jar (nl.siegmann.epublib:epublib-core:3.1) with JetifyTransform
Transforming epublib-core-3.1.jar (nl.siegmann.epublib:epublib-core:3.1) with IdentityTransform
Transforming hilt-common-1.2.0.jar (androidx.hilt:hilt-common:1.2.0) with JetifyTransform
Transforming hilt-common-1.2.0.jar (androidx.hilt:hilt-common:1.2.0) with IdentityTransform
Transforming hilt-core-2.51.1.jar (com.google.dagger:hilt-core:2.51.1) with JetifyTransform
Transforming hilt-core-2.51.1.jar (com.google.dagger:hilt-core:2.51.1) with IdentityTransform
Transforming dagger-2.51.1.jar (com.google.dagger:dagger:2.51.1) with JetifyTransform
Transforming dagger-2.51.1.jar (com.google.dagger:dagger:2.51.1) with IdentityTransform
Transforming dagger-lint-aar-2.51.1.aar (com.google.dagger:dagger-lint-aar:2.51.1) with JetifyTransform
Transforming dagger-lint-aar-2.51.1.aar (com.google.dagger:dagger-lint-aar:2.51.1) with AarToClassTransform
Transforming jsr305-3.0.2.jar (com.google.code.findbugs:jsr305:3.0.2) with JetifyTransform
Transforming jsr305-3.0.2.jar (com.google.code.findbugs:jsr305:3.0.2) with IdentityTransform
Transforming javax.inject-1.jar (javax.inject:javax.inject:1) with JetifyTransform
Transforming javax.inject-1.jar (javax.inject:javax.inject:1) with IdentityTransform
Transforming slf4j-api-1.7.36.jar (org.slf4j:slf4j-api:1.7.36) with JetifyTransform
Transforming slf4j-api-1.7.36.jar (org.slf4j:slf4j-api:1.7.36) with IdentityTransform
Transforming error_prone_annotations-2.27.0.jar (com.google.errorprone:error_prone_annotations:2.27.0) with JetifyTransform
Transforming error_prone_annotations-2.27.0.jar (com.google.errorprone:error_prone_annotations:2.27.0) with IdentityTransform
Transforming bcpkix-jdk15to18-1.72.jar (org.bouncycastle:bcpkix-jdk15to18:1.72) with JetifyTransform
Transforming bcpkix-jdk15to18-1.72.jar (org.bouncycastle:bcpkix-jdk15to18:1.72) with IdentityTransform
Transforming bcutil-jdk15to18-1.72.jar (org.bouncycastle:bcutil-jdk15to18:1.72) with JetifyTransform
Transforming bcutil-jdk15to18-1.72.jar (org.bouncycastle:bcutil-jdk15to18:1.72) with IdentityTransform
Transforming bcprov-jdk15to18-1.72.jar (org.bouncycastle:bcprov-jdk15to18:1.72) with JetifyTransform
Transforming bcprov-jdk15to18-1.72.jar (org.bouncycastle:bcprov-jdk15to18:1.72) with IdentityTransform
Transforming commons-io-2.15.1.jar (commons-io:commons-io:2.15.1) with JetifyTransform
Transforming commons-io-2.15.1.jar (commons-io:commons-io:2.15.1) with IdentityTransform
Transforming commons-lang3-3.14.0.jar (org.apache.commons:commons-lang3:3.14.0) with JetifyTransform
Transforming commons-lang3-3.14.0.jar (org.apache.commons:commons-lang3:3.14.0) with IdentityTransform
Transforming kxml2-2.3.0.jar (net.sf.kxml:kxml2:2.3.0) with JetifyTransform
Transforming kxml2-2.3.0.jar (net.sf.kxml:kxml2:2.3.0) with IdentityTransform
Transforming jspecify-1.0.0.jar (org.jspecify:jspecify:1.0.0) with JetifyTransform
Transforming jspecify-1.0.0.jar (org.jspecify:jspecify:1.0.0) with IdentityTransform
Transforming listenablefuture-1.0.jar (com.google.guava:listenablefuture:1.0) with JetifyTransform
Transforming listenablefuture-1.0.jar (com.google.guava:listenablefuture:1.0) with IdentityTransform
Build cache key for task ':android:core-data:transformDebugClassesWithAsm' is af0b45049596047d275ee7a29e14fd9f
Skipping task ':android:core-data:transformDebugClassesWithAsm' as it is up-to-date.
Resolve mutations for :android:core-data:bundleLibCompileToJarDebug (Thread[Execution worker Thread 8,5,main]) started.
:android:core-data:bundleLibCompileToJarDebug (Thread[Execution worker Thread 8,5,main]) started.

> Task :android:core-data:bundleLibCompileToJarDebug UP-TO-DATE
Caching disabled for task ':android:core-data:bundleLibCompileToJarDebug' because:
  Simple merging task
Skipping task ':android:core-data:bundleLibCompileToJarDebug' as it is up-to-date.
work action resolve classes.jar (project :android:core-data) (Thread[Execution worker Thread 8,5,main]) started.
Resolve mutations for :android:core-data:bundleLibRuntimeToJarDebug (Thread[Execution worker Thread 8,5,main]) started.
Resolve mutations for :android:feature-settings:kspDebugKotlin (Thread[Execution worker Thread 2,5,main]) started.
Resolve mutations for :android:core-domain:kspDebugKotlin (Thread[Execution worker Thread 4,5,main]) started.
Resolve mutations for :android:feature-themes:kspDebugKotlin (Thread[Execution worker Thread 3,5,main]) started.
:android:core-data:bundleLibRuntimeToJarDebug (Thread[Execution worker Thread 8,5,main]) started.
:android:feature-settings:kspDebugKotlin (Thread[Execution worker Thread 2,5,main]) started.
:android:core-domain:kspDebugKotlin (Thread[Execution worker Thread 4,5,main]) started.
:android:feature-themes:kspDebugKotlin (Thread[Execution worker Thread 3,5,main]) started.

> Task :android:core-data:bundleLibRuntimeToJarDebug UP-TO-DATE
Caching disabled for task ':android:core-data:bundleLibRuntimeToJarDebug' because:
  Simple merging task
Skipping task ':android:core-data:bundleLibRuntimeToJarDebug' as it is up-to-date.
work action resolve classes.jar (project :android:core-data) (Thread[Execution worker Thread 8,5,main]) started.
IdentityTransform (Thread[Execution worker Thread 8,5,main]) started.
Resolve mutations for :android:core-data:processDebugJavaRes (Thread[Execution worker,5,main]) started.
:android:core-data:processDebugJavaRes (Thread[Execution worker,5,main]) started.

> Transform classes.jar (project :android:core-data) with IdentityTransform
Transforming classes.jar (project :android:core-data) with IdentityTransform
DexingNoClasspathTransform (Thread[Execution worker Thread 8,5,main]) started.
CopyTransform (Thread[included builds,5,main]) started.

> Transform classes.jar (project :android:core-data) with DexingNoClasspathTransform
Transforming classes.jar (project :android:core-data) with DexingNoClasspathTransform
Build cache key for DexingNoClasspathTransform: C:\Users\xmeta\projects\Mr.Comic\android\core-data\build\intermediates\runtime_library_classes_jar\debug\bundleLibRuntimeToJarDebug\classes.jar is 77bddf4358c05d5d95c8c2b9b3e0a7ba
Skipping DexingNoClasspathTransform: C:\Users\xmeta\projects\Mr.Comic\android\core-data\build\intermediates\runtime_library_classes_jar\debug\bundleLibRuntimeToJarDebug\classes.jar as it is up-to-date.
DexingOutputSplitTransform (Thread[Execution worker Thread 8,5,main]) started.

> Transform classes.jar (project :android:core-data) with CopyTransform
Transforming classes.jar (project :android:core-data) with CopyTransform
AggregatedPackagesTransform (Thread[included builds,5,main]) started.

> Transform classes.jar (project :android:core-data) with DexingOutputSplitTransform
Transforming classes.jar (project :android:core-data) with DexingOutputSplitTransform

> Transform classes.jar (project :android:core-data) with AggregatedPackagesTransform
Transforming classes.jar (project :android:core-data) with AggregatedPackagesTransform

> Task :android:core-data:processDebugJavaRes UP-TO-DATE
file or directory 'C:\Users\xmeta\projects\Mr.Comic\android\core-data\src\main\resources', not found
file or directory 'C:\Users\xmeta\projects\Mr.Comic\android\core-data\src\debug\resources', not found
file or directory 'C:\Users\xmeta\projects\Mr.Comic\android\core-data\build\generated\ksp\debug\classes', not found
file or directory 'C:\Users\xmeta\projects\Mr.Comic\android\core-data\build\generated\ksp\debug\classes', not found
file or directory 'C:\Users\xmeta\projects\Mr.Comic\android\core-data\src\main\resources', not found
file or directory 'C:\Users\xmeta\projects\Mr.Comic\android\core-data\src\debug\resources', not found
file or directory 'C:\Users\xmeta\projects\Mr.Comic\android\core-data\build\generated\ksp\debug\classes', not found
file or directory 'C:\Users\xmeta\projects\Mr.Comic\android\core-data\build\generated\ksp\debug\classes', not found
Caching disabled for task ':android:core-data:processDebugJavaRes' because:
  Caching has been disabled for the task
Skipping task ':android:core-data:processDebugJavaRes' as it is up-to-date.
work action resolve out (project :android:core-data) (Thread[Execution worker,5,main]) started.
Resolve mutations for :android:core-data:bundleLibRuntimeToDirDebug (Thread[Execution worker,5,main]) started.
:android:core-data:bundleLibRuntimeToDirDebug (Thread[Execution worker,5,main]) started.

> Task :android:core-data:bundleLibRuntimeToDirDebug UP-TO-DATE
Caching disabled for task ':android:core-data:bundleLibRuntimeToDirDebug' because:
  Simple merging task
Skipping task ':android:core-data:bundleLibRuntimeToDirDebug' as it is up-to-date.
work action resolve bundleLibRuntimeToDirDebug (project :android:core-data) (Thread[Execution worker,5,main]) started.
ClassesDirToClassesTransform (Thread[Execution worker,5,main]) started.

> Transform bundleLibRuntimeToDirDebug (project :android:core-data) with ClassesDirToClassesTransform
Transforming bundleLibRuntimeToDirDebug (project :android:core-data) with ClassesDirToClassesTransform
DexingNoClasspathTransform (Thread[Execution worker,5,main]) started.

> Task :android:feature-ocr:kspDebugKotlin
file or directory 'C:\Users\xmeta\projects\Mr.Comic\android\feature-ocr\src\debug\kotlin', not found
file or directory 'C:\Users\xmeta\projects\Mr.Comic\android\feature-ocr\src\debug\java', not found
file or directory 'C:\Users\xmeta\projects\Mr.Comic\android\feature-ocr\src\main\kotlin', not found
file or directory 'C:\Users\xmeta\projects\Mr.Comic\android\feature-ocr\src\debug\java', not found
Failed to get resource: HEAD. [HTTP HTTP/1.1 401 Unauthorized: https://jitpack.io/nl/siegmann/epublib/epublib-core/3.1/epublib-core-3.1.pom)]

> Transform bundleLibRuntimeToDirDebug (project :android:core-data) with DexingNoClasspathTransform
Transforming bundleLibRuntimeToDirDebug (project :android:core-data) with DexingNoClasspathTransform
Build cache key for DexingNoClasspathTransform: C:\Users\xmeta\projects\Mr.Comic\android\core-data\build\intermediates\runtime_library_classes_dir\debug\bundleLibRuntimeToDirDebug is da837b07a8b52274e6904192b780370a
Skipping DexingNoClasspathTransform: C:\Users\xmeta\projects\Mr.Comic\android\core-data\build\intermediates\runtime_library_classes_dir\debug\bundleLibRuntimeToDirDebug as it is up-to-date.
DexingOutputSplitTransform (Thread[Execution worker,5,main]) started.

> Transform bundleLibRuntimeToDirDebug (project :android:core-data) with DexingOutputSplitTransform
Transforming bundleLibRuntimeToDirDebug (project :android:core-data) with DexingOutputSplitTransform

> Task :android:feature-ocr:kspDebugKotlin UP-TO-DATE
Transforming hilt-navigation-compose-1.2.0.aar (androidx.hilt:hilt-navigation-compose:1.2.0) with JetifyTransform
Transforming hilt-navigation-compose-1.2.0.aar (androidx.hilt:hilt-navigation-compose:1.2.0) with AarToClassTransform
Transforming hilt-navigation-1.2.0.aar (androidx.hilt:hilt-navigation:1.2.0) with JetifyTransform
Transforming hilt-navigation-1.2.0.aar (androidx.hilt:hilt-navigation:1.2.0) with AarToClassTransform
Transforming hilt-android-2.51.1.aar (com.google.dagger:hilt-android:2.51.1) with JetifyTransform
Transforming hilt-android-2.51.1.aar (com.google.dagger:hilt-android:2.51.1) with AarToClassTransform
Transforming text-recognition-16.0.1.aar (com.google.mlkit:text-recognition:16.0.1) with JetifyTransform
Transforming text-recognition-16.0.1.aar (com.google.mlkit:text-recognition:16.0.1) with AarToClassTransform
Transforming play-services-mlkit-text-recognition-19.0.1.aar (com.google.android.gms:play-services-mlkit-text-recognition:19.0.1) with JetifyTransform
Transforming play-services-mlkit-text-recognition-19.0.1.aar (com.google.android.gms:play-services-mlkit-text-recognition:19.0.1) with AarToClassTransform
Transforming text-recognition-bundled-common-17.0.0.aar (com.google.mlkit:text-recognition-bundled-common:17.0.0) with JetifyTransform
Transforming text-recognition-bundled-common-17.0.0.aar (com.google.mlkit:text-recognition-bundled-common:17.0.0) with AarToClassTransform
Transforming play-services-mlkit-text-recognition-common-19.1.0.aar (com.google.android.gms:play-services-mlkit-text-recognition-common:19.1.0) with JetifyTransform
Transforming play-services-mlkit-text-recognition-common-19.1.0.aar (com.google.android.gms:play-services-mlkit-text-recognition-common:19.1.0) with AarToClassTransform
Transforming vision-common-17.3.0.aar (com.google.mlkit:vision-common:17.3.0) with JetifyTransform
Transforming vision-common-17.3.0.aar (com.google.mlkit:vision-common:17.3.0) with AarToClassTransform
Transforming vision-common-17.3.0.aar (com.google.mlkit:vision-common:17.3.0) with JetifyTransform
Transforming vision-common-17.3.0.aar (com.google.mlkit:vision-common:17.3.0) with AarToClassTransform
Transforming common-18.11.0.aar (com.google.mlkit:common:18.11.0) with JetifyTransform
Transforming common-18.11.0.aar (com.google.mlkit:common:18.11.0) with AarToClassTransform
Transforming common-18.11.0.aar (com.google.mlkit:common:18.11.0) with JetifyTransform
Transforming common-18.11.0.aar (com.google.mlkit:common:18.11.0) with AarToClassTransform
Transforming common-18.11.0.aar (com.google.mlkit:common:18.11.0) with JetifyTransform
Transforming common-18.11.0.aar (com.google.mlkit:common:18.11.0) with AarToClassTransform
Transforming common-18.11.0.aar (com.google.mlkit:common:18.11.0) with JetifyTransform
Transforming common-18.11.0.aar (com.google.mlkit:common:18.11.0) with AarToClassTransform
Transforming common-18.11.0.aar (com.google.mlkit:common:18.11.0) with JetifyTransform
Transforming common-18.11.0.aar (com.google.mlkit:common:18.11.0) with AarToClassTransform
Transforming play-services-base-18.5.0.aar (com.google.android.gms:play-services-base:18.5.0) with JetifyTransform
Transforming play-services-base-18.5.0.aar (com.google.android.gms:play-services-base:18.5.0) with AarToClassTransform
Transforming play-services-base-18.5.0.aar (com.google.android.gms:play-services-base:18.5.0) with JetifyTransform
Transforming play-services-base-18.5.0.aar (com.google.android.gms:play-services-base:18.5.0) with AarToClassTransform
Transforming play-services-base-18.5.0.aar (com.google.android.gms:play-services-base:18.5.0) with JetifyTransform
Transforming play-services-base-18.5.0.aar (com.google.android.gms:play-services-base:18.5.0) with AarToClassTransform
Transforming play-services-base-18.5.0.aar (com.google.android.gms:play-services-base:18.5.0) with JetifyTransform
Transforming play-services-base-18.5.0.aar (com.google.android.gms:play-services-base:18.5.0) with AarToClassTransform
Transforming play-services-base-18.5.0.aar (com.google.android.gms:play-services-base:18.5.0) with JetifyTransform
Transforming play-services-base-18.5.0.aar (com.google.android.gms:play-services-base:18.5.0) with AarToClassTransform
Transforming play-services-base-18.5.0.aar (com.google.android.gms:play-services-base:18.5.0) with JetifyTransform
Transforming play-services-base-18.5.0.aar (com.google.android.gms:play-services-base:18.5.0) with AarToClassTransform
Transforming vision-interfaces-16.3.0.aar (com.google.mlkit:vision-interfaces:16.3.0) with JetifyTransform
Transforming vision-interfaces-16.3.0.aar (com.google.mlkit:vision-interfaces:16.3.0) with AarToClassTransform
Transforming play-services-tasks-18.2.0.aar (com.google.android.gms:play-services-tasks:18.2.0) with JetifyTransform
Transforming play-services-tasks-18.2.0.aar (com.google.android.gms:play-services-tasks:18.2.0) with AarToClassTransform
Transforming play-services-tasks-18.2.0.aar (com.google.android.gms:play-services-tasks:18.2.0) with JetifyTransform
Transforming play-services-tasks-18.2.0.aar (com.google.android.gms:play-services-tasks:18.2.0) with AarToClassTransform
Transforming play-services-tasks-18.2.0.aar (com.google.android.gms:play-services-tasks:18.2.0) with JetifyTransform
Transforming play-services-tasks-18.2.0.aar (com.google.android.gms:play-services-tasks:18.2.0) with AarToClassTransform
Transforming play-services-tasks-18.2.0.aar (com.google.android.gms:play-services-tasks:18.2.0) with JetifyTransform
Transforming play-services-tasks-18.2.0.aar (com.google.android.gms:play-services-tasks:18.2.0) with AarToClassTransform
Transforming play-services-tasks-18.2.0.aar (com.google.android.gms:play-services-tasks:18.2.0) with JetifyTransform
Transforming play-services-tasks-18.2.0.aar (com.google.android.gms:play-services-tasks:18.2.0) with AarToClassTransform
Transforming play-services-tasks-18.2.0.aar (com.google.android.gms:play-services-tasks:18.2.0) with JetifyTransform
Transforming play-services-tasks-18.2.0.aar (com.google.android.gms:play-services-tasks:18.2.0) with AarToClassTransform
Transforming play-services-basement-18.4.0.aar (com.google.android.gms:play-services-basement:18.4.0) with JetifyTransform
Transforming play-services-basement-18.4.0.aar (com.google.android.gms:play-services-basement:18.4.0) with AarToClassTransform
Transforming play-services-basement-18.4.0.aar (com.google.android.gms:play-services-basement:18.4.0) with JetifyTransform
Transforming play-services-basement-18.4.0.aar (com.google.android.gms:play-services-basement:18.4.0) with AarToClassTransform
Transforming play-services-basement-18.4.0.aar (com.google.android.gms:play-services-basement:18.4.0) with JetifyTransform
Transforming play-services-basement-18.4.0.aar (com.google.android.gms:play-services-basement:18.4.0) with AarToClassTransform
Transforming play-services-basement-18.4.0.aar (com.google.android.gms:play-services-basement:18.4.0) with JetifyTransform
Transforming play-services-basement-18.4.0.aar (com.google.android.gms:play-services-basement:18.4.0) with AarToClassTransform
Transforming play-services-basement-18.4.0.aar (com.google.android.gms:play-services-basement:18.4.0) with JetifyTransform
Transforming play-services-basement-18.4.0.aar (com.google.android.gms:play-services-basement:18.4.0) with AarToClassTransform
Transforming play-services-basement-18.4.0.aar (com.google.android.gms:play-services-basement:18.4.0) with JetifyTransform
Transforming play-services-basement-18.4.0.aar (com.google.android.gms:play-services-basement:18.4.0) with AarToClassTransform
Transforming play-services-basement-18.4.0.aar (com.google.android.gms:play-services-basement:18.4.0) with JetifyTransform
Transforming play-services-basement-18.4.0.aar (com.google.android.gms:play-services-basement:18.4.0) with AarToClassTransform
Transforming play-services-basement-18.4.0.aar (com.google.android.gms:play-services-basement:18.4.0) with JetifyTransform
Transforming play-services-basement-18.4.0.aar (com.google.android.gms:play-services-basement:18.4.0) with AarToClassTransform
Transforming play-services-basement-18.4.0.aar (com.google.android.gms:play-services-basement:18.4.0) with JetifyTransform
Transforming play-services-basement-18.4.0.aar (com.google.android.gms:play-services-basement:18.4.0) with AarToClassTransform
Transforming appcompat-1.6.1.aar (androidx.appcompat:appcompat:1.6.1) with JetifyTransform
Transforming appcompat-1.6.1.aar (androidx.appcompat:appcompat:1.6.1) with AarToClassTransform
Transforming fragment-1.5.1.aar (androidx.fragment:fragment:1.5.1) with JetifyTransform
Transforming fragment-1.5.1.aar (androidx.fragment:fragment:1.5.1) with AarToClassTransform
Transforming fragment-1.5.1.aar (androidx.fragment:fragment:1.5.1) with JetifyTransform
Transforming fragment-1.5.1.aar (androidx.fragment:fragment:1.5.1) with AarToClassTransform
Transforming activity-ktx-1.9.0.aar (androidx.activity:activity-ktx:1.9.0) with JetifyTransform
Transforming activity-ktx-1.9.0.aar (androidx.activity:activity-ktx:1.9.0) with AarToClassTransform
Transforming activity-compose-1.9.0.aar (androidx.activity:activity-compose:1.9.0) with JetifyTransform
Transforming navigation-compose-2.5.1.aar (androidx.navigation:navigation-compose:2.5.1) with JetifyTransform
Transforming navigation-runtime-2.5.1.aar (androidx.navigation:navigation-runtime:2.5.1) with JetifyTransform
Transforming navigation-runtime-ktx-2.5.1.aar (androidx.navigation:navigation-runtime-ktx:2.5.1) with JetifyTransform
Transforming activity-compose-1.9.0.aar (androidx.activity:activity-compose:1.9.0) with AarToClassTransform
Transforming activity-1.9.0.aar (androidx.activity:activity:1.9.0) with JetifyTransform
Transforming activity-1.9.0.aar (androidx.activity:activity:1.9.0) with AarToClassTransform
Transforming material3-release.aar (androidx.compose.material3:material3-android:1.2.1) with JetifyTransform
Transforming material3-release.aar (androidx.compose.material3:material3-android:1.2.1) with AarToClassTransform
Transforming ui-util-release.aar (androidx.compose.ui:ui-util-android:1.7.8) with JetifyTransform
Transforming ui-util-release.aar (androidx.compose.ui:ui-util-android:1.7.8) with AarToClassTransform
Transforming ui-unit-release.aar (androidx.compose.ui:ui-unit-android:1.7.8) with JetifyTransform
Transforming ui-unit-release.aar (androidx.compose.ui:ui-unit-android:1.7.8) with AarToClassTransform
Transforming navigation-compose-2.5.1.aar (androidx.navigation:navigation-compose:2.5.1) with AarToClassTransform
Transforming ui-text-release.aar (androidx.compose.ui:ui-text-android:1.7.8) with JetifyTransform
Transforming ui-text-release.aar (androidx.compose.ui:ui-text-android:1.7.8) with AarToClassTransform
Transforming ui-graphics-release.aar (androidx.compose.ui:ui-graphics-android:1.7.8) with JetifyTransform
Transforming navigation-runtime-ktx-2.5.1.aar (androidx.navigation:navigation-runtime-ktx:2.5.1) with AarToClassTransform
Transforming ui-graphics-release.aar (androidx.compose.ui:ui-graphics-android:1.7.8) with AarToClassTransform
Transforming foundation-layout-release.aar (androidx.compose.foundation:foundation-layout-android:1.7.8) with JetifyTransform
Transforming foundation-layout-release.aar (androidx.compose.foundation:foundation-layout-android:1.7.8) with AarToClassTransform
Transforming material-icons-core-release.aar (androidx.compose.material:material-icons-core-android:1.6.8) with JetifyTransform
Transforming material-icons-core-release.aar (androidx.compose.material:material-icons-core-android:1.6.8) with AarToClassTransform
Transforming material-icons-extended-release.aar (androidx.compose.material:material-icons-extended-android:1.6.8) with JetifyTransform
Transforming material-icons-extended-release.aar (androidx.compose.material:material-icons-extended-android:1.6.8) with AarToClassTransform
Transforming material-ripple-release.aar (androidx.compose.material:material-ripple-android:1.6.8) with JetifyTransform
Transforming navigation-runtime-2.5.1.aar (androidx.navigation:navigation-runtime:2.5.1) with AarToClassTransform
Transforming material-ripple-release.aar (androidx.compose.material:material-ripple-android:1.6.8) with AarToClassTransform
Transforming foundation-release.aar (androidx.compose.foundation:foundation-android:1.7.8) with JetifyTransform
Transforming foundation-release.aar (androidx.compose.foundation:foundation-android:1.7.8) with AarToClassTransform
Transforming animation-core-release.aar (androidx.compose.animation:animation-core-android:1.7.8) with JetifyTransform
Transforming animation-core-release.aar (androidx.compose.animation:animation-core-android:1.7.8) with AarToClassTransform
Transforming animation-release.aar (androidx.compose.animation:animation-android:1.7.8) with JetifyTransform
Transforming animation-release.aar (androidx.compose.animation:animation-android:1.7.8) with AarToClassTransform
Transforming ui-geometry-release.aar (androidx.compose.ui:ui-geometry-android:1.7.8) with JetifyTransform
Transforming ui-geometry-release.aar (androidx.compose.ui:ui-geometry-android:1.7.8) with AarToClassTransform
Transforming ui-tooling-preview-release.aar (androidx.compose.ui:ui-tooling-preview-android:1.7.8) with JetifyTransform
Transforming ui-tooling-preview-release.aar (androidx.compose.ui:ui-tooling-preview-android:1.7.8) with AarToClassTransform
Transforming loader-1.0.0.aar (androidx.loader:loader:1.0.0) with JetifyTransform
Transforming loader-1.0.0.aar (androidx.loader:loader:1.0.0) with AarToClassTransform
Transforming core-ktx-1.13.1.aar (androidx.core:core-ktx:1.13.1) with JetifyTransform
Transforming core-ktx-1.13.1.aar (androidx.core:core-ktx:1.13.1) with AarToClassTransform
Transforming viewpager-1.0.0.aar (androidx.viewpager:viewpager:1.0.0) with JetifyTransform
Transforming viewpager-1.0.0.aar (androidx.viewpager:viewpager:1.0.0) with AarToClassTransform
Transforming appcompat-resources-1.6.1.aar (androidx.appcompat:appcompat-resources:1.6.1) with JetifyTransform
Transforming appcompat-resources-1.6.1.aar (androidx.appcompat:appcompat-resources:1.6.1) with AarToClassTransform
Transforming drawerlayout-1.0.0.aar (androidx.drawerlayout:drawerlayout:1.0.0) with JetifyTransform
Transforming drawerlayout-1.0.0.aar (androidx.drawerlayout:drawerlayout:1.0.0) with AarToClassTransform
Transforming customview-1.0.0.aar (androidx.customview:customview:1.0.0) with JetifyTransform
Transforming customview-1.0.0.aar (androidx.customview:customview:1.0.0) with AarToClassTransform
Transforming vectordrawable-animated-1.1.0.aar (androidx.vectordrawable:vectordrawable-animated:1.1.0) with JetifyTransform
Transforming vectordrawable-animated-1.1.0.aar (androidx.vectordrawable:vectordrawable-animated:1.1.0) with AarToClassTransform
Transforming vectordrawable-1.1.0.aar (androidx.vectordrawable:vectordrawable:1.1.0) with JetifyTransform
Transforming vectordrawable-1.1.0.aar (androidx.vectordrawable:vectordrawable:1.1.0) with AarToClassTransform
Transforming vectordrawable-1.1.0.aar (androidx.vectordrawable:vectordrawable:1.1.0) with JetifyTransform
Transforming vectordrawable-1.1.0.aar (androidx.vectordrawable:vectordrawable:1.1.0) with AarToClassTransform
Transforming core-1.13.1.aar (androidx.core:core:1.13.1) with JetifyTransform
Transforming core-1.13.1.aar (androidx.core:core:1.13.1) with AarToClassTransform
Transforming core-1.13.1.aar (androidx.core:core:1.13.1) with JetifyTransform
Transforming core-1.13.1.aar (androidx.core:core:1.13.1) with AarToClassTransform
Transforming lifecycle-livedata-core-ktx-2.9.1.aar (androidx.lifecycle:lifecycle-livedata-core-ktx:2.9.1) with JetifyTransform
Transforming lifecycle-livedata-core-ktx-2.9.1.aar (androidx.lifecycle:lifecycle-livedata-core-ktx:2.9.1) with AarToClassTransform
Transforming lifecycle-livedata-2.9.1.aar (androidx.lifecycle:lifecycle-livedata:2.9.1) with JetifyTransform
Transforming lifecycle-livedata-2.9.1.aar (androidx.lifecycle:lifecycle-livedata:2.9.1) with AarToClassTransform
Transforming lifecycle-viewmodel-ktx-2.9.1.aar (androidx.lifecycle:lifecycle-viewmodel-ktx:2.9.1) with JetifyTransform
Transforming lifecycle-viewmodel-ktx-2.9.1.aar (androidx.lifecycle:lifecycle-viewmodel-ktx:2.9.1) with AarToClassTransform
Transforming navigation-common-ktx-2.5.1.aar (androidx.navigation:navigation-common-ktx:2.5.1) with JetifyTransform
Transforming lifecycle-runtime-ktx.aar (androidx.lifecycle:lifecycle-runtime-ktx-android:2.9.1) with JetifyTransform
Transforming lifecycle-runtime-ktx.aar (androidx.lifecycle:lifecycle-runtime-ktx-android:2.9.1) with AarToClassTransform
Transforming lifecycle-runtime-release.aar (androidx.lifecycle:lifecycle-runtime-android:2.9.1) with JetifyTransform
Transforming navigation-common-2.5.1.aar (androidx.navigation:navigation-common:2.5.1) with JetifyTransform
Transforming lifecycle-runtime-release.aar (androidx.lifecycle:lifecycle-runtime-android:2.9.1) with AarToClassTransform
Transforming lifecycle-viewmodel-savedstate-release.aar (androidx.lifecycle:lifecycle-viewmodel-savedstate-android:2.9.1) with JetifyTransform
Transforming lifecycle-viewmodel-savedstate-release.aar (androidx.lifecycle:lifecycle-viewmodel-savedstate-android:2.9.1) with AarToClassTransform
Transforming lifecycle-viewmodel-2.9.1.aar (androidx.lifecycle:lifecycle-viewmodel:2.9.1) with JetifyTransform
Transforming lifecycle-viewmodel-2.9.1.aar (androidx.lifecycle:lifecycle-viewmodel:2.9.1) with AarToClassTransform
Transforming lifecycle-viewmodel-release.aar (androidx.lifecycle:lifecycle-viewmodel-android:2.9.1) with JetifyTransform
Transforming lifecycle-viewmodel-release.aar (androidx.lifecycle:lifecycle-viewmodel-android:2.9.1) with AarToClassTransform
Transforming savedstate-ktx-1.3.0.aar (androidx.savedstate:savedstate-ktx:1.3.0) with JetifyTransform
Transforming savedstate-ktx-1.3.0.aar (androidx.savedstate:savedstate-ktx:1.3.0) with AarToClassTransform
Transforming savedstate-release.aar (androidx.savedstate:savedstate-android:1.3.0) with JetifyTransform
Transforming savedstate-release.aar (androidx.savedstate:savedstate-android:1.3.0) with AarToClassTransform
Transforming lifecycle-common-jvm-2.9.1.jar (androidx.lifecycle:lifecycle-common-jvm:2.9.1) with JetifyTransform
Transforming lifecycle-common-jvm-2.9.1.jar (androidx.lifecycle:lifecycle-common-jvm:2.9.1) with IdentityTransform
Transforming lifecycle-livedata-core-2.9.1.aar (androidx.lifecycle:lifecycle-livedata-core:2.9.1) with JetifyTransform
Transforming lifecycle-livedata-core-2.9.1.aar (androidx.lifecycle:lifecycle-livedata-core:2.9.1) with AarToClassTransform
Transforming lifecycle-runtime-compose-release.aar (androidx.lifecycle:lifecycle-runtime-compose-android:2.9.1) with JetifyTransform
Transforming lifecycle-runtime-compose-release.aar (androidx.lifecycle:lifecycle-runtime-compose-android:2.9.1) with AarToClassTransform
Transforming lifecycle-viewmodel-compose-release.aar (androidx.lifecycle:lifecycle-viewmodel-compose-android:2.9.1) with JetifyTransform
Transforming lifecycle-viewmodel-compose-release.aar (androidx.lifecycle:lifecycle-viewmodel-compose-android:2.9.1) with AarToClassTransform
Transforming ui-release.aar (androidx.compose.ui:ui-android:1.7.8) with JetifyTransform
Transforming ui-release.aar (androidx.compose.ui:ui-android:1.7.8) with AarToClassTransform
Transforming runtime-saveable-release.aar (androidx.compose.runtime:runtime-saveable-android:1.7.8) with JetifyTransform
Transforming runtime-saveable-release.aar (androidx.compose.runtime:runtime-saveable-android:1.7.8) with AarToClassTransform
Transforming runtime-release.aar (androidx.compose.runtime:runtime-android:1.7.8) with JetifyTransform
Transforming navigation-common-ktx-2.5.1.aar (androidx.navigation:navigation-common-ktx:2.5.1) with AarToClassTransform
Transforming runtime-release.aar (androidx.compose.runtime:runtime-android:1.7.8) with AarToClassTransform
Transforming annotation-experimental-1.4.1.aar (androidx.annotation:annotation-experimental:1.4.1) with JetifyTransform
Transforming annotation-experimental-1.4.1.aar (androidx.annotation:annotation-experimental:1.4.1) with AarToClassTransform
Transforming transport-backend-cct-2.3.3.aar (com.google.android.datatransport:transport-backend-cct:2.3.3) with JetifyTransform
Transforming navigation-common-2.5.1.aar (androidx.navigation:navigation-common:2.5.1) with AarToClassTransform
Transforming transport-backend-cct-2.3.3.aar (com.google.android.datatransport:transport-backend-cct:2.3.3) with AarToClassTransform
Transforming transport-backend-cct-2.3.3.aar (com.google.android.datatransport:transport-backend-cct:2.3.3) with JetifyTransform
Transforming transport-backend-cct-2.3.3.aar (com.google.android.datatransport:transport-backend-cct:2.3.3) with AarToClassTransform
Transforming transport-backend-cct-2.3.3.aar (com.google.android.datatransport:transport-backend-cct:2.3.3) with JetifyTransform
Transforming transport-backend-cct-2.3.3.aar (com.google.android.datatransport:transport-backend-cct:2.3.3) with AarToClassTransform
Transforming transport-runtime-2.2.6.aar (com.google.android.datatransport:transport-runtime:2.2.6) with JetifyTransform
Transforming transport-runtime-2.2.6.aar (com.google.android.datatransport:transport-runtime:2.2.6) with AarToClassTransform
Transforming transport-runtime-2.2.6.aar (com.google.android.datatransport:transport-runtime:2.2.6) with JetifyTransform
Transforming transport-runtime-2.2.6.aar (com.google.android.datatransport:transport-runtime:2.2.6) with AarToClassTransform
Transforming transport-runtime-2.2.6.aar (com.google.android.datatransport:transport-runtime:2.2.6) with JetifyTransform
Transforming transport-runtime-2.2.6.aar (com.google.android.datatransport:transport-runtime:2.2.6) with AarToClassTransform
Transforming transport-runtime-2.2.6.aar (com.google.android.datatransport:transport-runtime:2.2.6) with JetifyTransform
Transforming transport-runtime-2.2.6.aar (com.google.android.datatransport:transport-runtime:2.2.6) with AarToClassTransform
Transforming transport-api-2.2.1.aar (com.google.android.datatransport:transport-api:2.2.1) with JetifyTransform
Transforming transport-api-2.2.1.aar (com.google.android.datatransport:transport-api:2.2.1) with AarToClassTransform
Transforming transport-api-2.2.1.aar (com.google.android.datatransport:transport-api:2.2.1) with JetifyTransform
Transforming transport-api-2.2.1.aar (com.google.android.datatransport:transport-api:2.2.1) with AarToClassTransform
Transforming transport-api-2.2.1.aar (com.google.android.datatransport:transport-api:2.2.1) with JetifyTransform
Transforming transport-api-2.2.1.aar (com.google.android.datatransport:transport-api:2.2.1) with AarToClassTransform
Transforming transport-api-2.2.1.aar (com.google.android.datatransport:transport-api:2.2.1) with JetifyTransform
Transforming transport-api-2.2.1.aar (com.google.android.datatransport:transport-api:2.2.1) with AarToClassTransform
Transforming transport-api-2.2.1.aar (com.google.android.datatransport:transport-api:2.2.1) with JetifyTransform
Transforming transport-api-2.2.1.aar (com.google.android.datatransport:transport-api:2.2.1) with AarToClassTransform
Transforming firebase-components-16.1.0.aar (com.google.firebase:firebase-components:16.1.0) with JetifyTransform
Transforming firebase-components-16.1.0.aar (com.google.firebase:firebase-components:16.1.0) with AarToClassTransform
Transforming firebase-components-16.1.0.aar (com.google.firebase:firebase-components:16.1.0) with JetifyTransform
Transforming firebase-components-16.1.0.aar (com.google.firebase:firebase-components:16.1.0) with AarToClassTransform
Transforming firebase-components-16.1.0.aar (com.google.firebase:firebase-components:16.1.0) with JetifyTransform
Transforming firebase-components-16.1.0.aar (com.google.firebase:firebase-components:16.1.0) with AarToClassTransform
Transforming firebase-encoders-json-17.1.0.aar (com.google.firebase:firebase-encoders-json:17.1.0) with JetifyTransform
Transforming firebase-encoders-json-17.1.0.aar (com.google.firebase:firebase-encoders-json:17.1.0) with AarToClassTransform
Transforming firebase-encoders-json-17.1.0.aar (com.google.firebase:firebase-encoders-json:17.1.0) with JetifyTransform
Transforming firebase-encoders-json-17.1.0.aar (com.google.firebase:firebase-encoders-json:17.1.0) with AarToClassTransform
Transforming firebase-encoders-json-17.1.0.aar (com.google.firebase:firebase-encoders-json:17.1.0) with JetifyTransform
Transforming firebase-encoders-json-17.1.0.aar (com.google.firebase:firebase-encoders-json:17.1.0) with AarToClassTransform
Transforming firebase-encoders-json-17.1.0.aar (com.google.firebase:firebase-encoders-json:17.1.0) with JetifyTransform
Transforming firebase-encoders-json-17.1.0.aar (com.google.firebase:firebase-encoders-json:17.1.0) with AarToClassTransform
Transforming versionedparcelable-1.1.1.aar (androidx.versionedparcelable:versionedparcelable:1.1.1) with JetifyTransform
Transforming versionedparcelable-1.1.1.aar (androidx.versionedparcelable:versionedparcelable:1.1.1) with AarToClassTransform
Transforming collection-jvm-1.4.4.jar (androidx.collection:collection-jvm:1.4.4) with JetifyTransform
Transforming collection-jvm-1.4.4.jar (androidx.collection:collection-jvm:1.4.4) with IdentityTransform
Transforming cursoradapter-1.0.0.aar (androidx.cursoradapter:cursoradapter:1.0.0) with JetifyTransform
Transforming cursoradapter-1.0.0.aar (androidx.cursoradapter:cursoradapter:1.0.0) with AarToClassTransform
Transforming core-runtime-2.2.0.aar (androidx.arch.core:core-runtime:2.2.0) with JetifyTransform
Transforming core-runtime-2.2.0.aar (androidx.arch.core:core-runtime:2.2.0) with AarToClassTransform
Transforming core-common-2.2.0.jar (androidx.arch.core:core-common:2.2.0) with JetifyTransform
Transforming core-common-2.2.0.jar (androidx.arch.core:core-common:2.2.0) with IdentityTransform
Transforming interpolator-1.0.0.aar (androidx.interpolator:interpolator:1.0.0) with JetifyTransform
Transforming interpolator-1.0.0.aar (androidx.interpolator:interpolator:1.0.0) with AarToClassTransform
Transforming annotation-jvm-1.9.1.jar (androidx.annotation:annotation-jvm:1.9.1) with JetifyTransform
Transforming annotation-jvm-1.9.1.jar (androidx.annotation:annotation-jvm:1.9.1) with IdentityTransform
Transforming kotlinx-serialization-core-jvm-1.7.3.jar (org.jetbrains.kotlinx:kotlinx-serialization-core-jvm:1.7.3) with JetifyTransform
Transforming kotlinx-serialization-core-jvm-1.7.3.jar (org.jetbrains.kotlinx:kotlinx-serialization-core-jvm:1.7.3) with IdentityTransform
Transforming kotlinx-coroutines-core-jvm-1.8.1.jar (org.jetbrains.kotlinx:kotlinx-coroutines-core-jvm:1.8.1) with JetifyTransform
Transforming kotlinx-coroutines-core-jvm-1.8.1.jar (org.jetbrains.kotlinx:kotlinx-coroutines-core-jvm:1.8.1) with IdentityTransform
Transforming kotlinx-coroutines-android-1.8.1.jar (org.jetbrains.kotlinx:kotlinx-coroutines-android:1.8.1) with JetifyTransform
Transforming kotlinx-coroutines-android-1.8.1.jar (org.jetbrains.kotlinx:kotlinx-coroutines-android:1.8.1) with IdentityTransform
Transforming kotlin-stdlib-1.9.25.jar (org.jetbrains.kotlin:kotlin-stdlib:1.9.25) with JetifyTransform
Transforming kotlin-stdlib-1.9.25.jar (org.jetbrains.kotlin:kotlin-stdlib:1.9.25) with IdentityTransform
Transforming annotations-23.0.0.jar (org.jetbrains:annotations:23.0.0) with JetifyTransform
Transforming annotations-23.0.0.jar (org.jetbrains:annotations:23.0.0) with IdentityTransform
Transforming jspecify-1.0.0.jar (org.jspecify:jspecify:1.0.0) with JetifyTransform
Transforming jspecify-1.0.0.jar (org.jspecify:jspecify:1.0.0) with IdentityTransform
Transforming hilt-core-2.51.1.jar (com.google.dagger:hilt-core:2.51.1) with JetifyTransform
Transforming hilt-core-2.51.1.jar (com.google.dagger:hilt-core:2.51.1) with IdentityTransform
Transforming dagger-2.51.1.jar (com.google.dagger:dagger:2.51.1) with JetifyTransform
Transforming dagger-2.51.1.jar (com.google.dagger:dagger:2.51.1) with IdentityTransform
Transforming javax.inject-1.jar (javax.inject:javax.inject:1) with JetifyTransform
Transforming javax.inject-1.jar (javax.inject:javax.inject:1) with IdentityTransform
Transforming firebase-encoders-16.1.0.jar (com.google.firebase:firebase-encoders:16.1.0) with JetifyTransform
Transforming dagger-lint-aar-2.51.1.aar (com.google.dagger:dagger-lint-aar:2.51.1) with JetifyTransform
Transforming dagger-lint-aar-2.51.1.aar (com.google.dagger:dagger-lint-aar:2.51.1) with AarToClassTransform
Transforming jsr305-3.0.2.jar (com.google.code.findbugs:jsr305:3.0.2) with JetifyTransform
Transforming jsr305-3.0.2.jar (com.google.code.findbugs:jsr305:3.0.2) with IdentityTransform
Transforming image-1.0.0-beta1.aar (com.google.android.odml:image:1.0.0-beta1) with JetifyTransform
Transforming image-1.0.0-beta1.aar (com.google.android.odml:image:1.0.0-beta1) with AarToClassTransform
Transforming image-1.0.0-beta1.aar (com.google.android.odml:image:1.0.0-beta1) with JetifyTransform
Transforming image-1.0.0-beta1.aar (com.google.android.odml:image:1.0.0-beta1) with AarToClassTransform
Transforming exifinterface-1.3.7.aar (androidx.exifinterface:exifinterface:1.3.7) with JetifyTransform
Transforming exifinterface-1.3.7.aar (androidx.exifinterface:exifinterface:1.3.7) with AarToClassTransform
Transforming firebase-annotations-16.0.0.jar (com.google.firebase:firebase-annotations:16.0.0) with JetifyTransform
Transforming firebase-encoders-16.1.0.jar (com.google.firebase:firebase-encoders:16.1.0) with IdentityTransform
Transforming firebase-annotations-16.0.0.jar (com.google.firebase:firebase-annotations:16.0.0) with IdentityTransform
Transforming R.jar with ClasspathEntrySnapshotTransform
Transforming classes.jar with ClasspathEntrySnapshotTransform
Transforming classes.jar with ClasspathEntrySnapshotTransform
Transforming classes.jar with ClasspathEntrySnapshotTransform
Transforming jetified-hilt-navigation-compose-1.2.0-api.jar with ClasspathEntrySnapshotTransform
Transforming jetified-hilt-navigation-1.2.0-api.jar with ClasspathEntrySnapshotTransform
Transforming jetified-hilt-android-2.51.1-api.jar with ClasspathEntrySnapshotTransform
Transforming jetified-text-recognition-16.0.1-api.jar with ClasspathEntrySnapshotTransform
Transforming jetified-play-services-mlkit-text-recognition-19.0.1-api.jar with ClasspathEntrySnapshotTransform
Transforming jetified-text-recognition-bundled-common-17.0.0-api.jar with ClasspathEntrySnapshotTransform
Transforming jetified-play-services-mlkit-text-recognition-common-19.1.0-api.jar with ClasspathEntrySnapshotTransform
Transforming jetified-vision-common-17.3.0-api.jar with ClasspathEntrySnapshotTransform
Transforming jetified-common-18.11.0-api.jar with ClasspathEntrySnapshotTransform
Transforming jetified-play-services-base-18.5.0-api.jar with ClasspathEntrySnapshotTransform
Transforming jetified-vision-interfaces-16.3.0-api.jar with ClasspathEntrySnapshotTransform
Transforming jetified-play-services-tasks-18.2.0-api.jar with ClasspathEntrySnapshotTransform
Transforming jetified-play-services-basement-18.4.0-api.jar with ClasspathEntrySnapshotTransform
Transforming appcompat-1.6.1-api.jar with ClasspathEntrySnapshotTransform
Transforming fragment-1.5.1-api.jar with ClasspathEntrySnapshotTransform
Transforming jetified-navigation-compose-2.5.1-api.jar with ClasspathEntrySnapshotTransform
Transforming navigation-runtime-ktx-2.5.1-api.jar with ClasspathEntrySnapshotTransform
Transforming navigation-runtime-2.5.1-api.jar with ClasspathEntrySnapshotTransform
Transforming jetified-activity-ktx-1.9.0-api.jar with ClasspathEntrySnapshotTransform
Transforming jetified-activity-compose-1.9.0-api.jar with ClasspathEntrySnapshotTransform
Transforming jetified-activity-1.9.0-api.jar with ClasspathEntrySnapshotTransform
Transforming jetified-material3-release-api.jar with ClasspathEntrySnapshotTransform
Transforming jetified-ui-util-release-api.jar with ClasspathEntrySnapshotTransform
Transforming jetified-ui-unit-release-api.jar with ClasspathEntrySnapshotTransform
Transforming jetified-ui-text-release-api.jar with ClasspathEntrySnapshotTransform
Transforming jetified-ui-graphics-release-api.jar with ClasspathEntrySnapshotTransform
Transforming jetified-foundation-layout-release-api.jar with ClasspathEntrySnapshotTransform
Transforming jetified-material-icons-core-release-api.jar with ClasspathEntrySnapshotTransform
Transforming jetified-material-icons-extended-release-api.jar with ClasspathEntrySnapshotTransform
Transforming jetified-material-ripple-release-api.jar with ClasspathEntrySnapshotTransform
Transforming jetified-foundation-release-api.jar with ClasspathEntrySnapshotTransform
Transforming jetified-animation-core-release-api.jar with ClasspathEntrySnapshotTransform
Transforming jetified-animation-release-api.jar with ClasspathEntrySnapshotTransform
Transforming jetified-ui-geometry-release-api.jar with ClasspathEntrySnapshotTransform
Transforming jetified-ui-tooling-preview-release-api.jar with ClasspathEntrySnapshotTransform
Transforming loader-1.0.0-api.jar with ClasspathEntrySnapshotTransform
Transforming jetified-core-ktx-1.13.1-api.jar with ClasspathEntrySnapshotTransform
Transforming viewpager-1.0.0-api.jar with ClasspathEntrySnapshotTransform
Transforming jetified-appcompat-resources-1.6.1-api.jar with ClasspathEntrySnapshotTransform
Transforming drawerlayout-1.0.0-api.jar with ClasspathEntrySnapshotTransform
Transforming customview-1.0.0-api.jar with ClasspathEntrySnapshotTransform
Transforming vectordrawable-animated-1.1.0-api.jar with ClasspathEntrySnapshotTransform
Transforming vectordrawable-1.1.0-api.jar with ClasspathEntrySnapshotTransform
Transforming core-1.13.1-api.jar with ClasspathEntrySnapshotTransform
Transforming navigation-common-ktx-2.5.1-api.jar with ClasspathEntrySnapshotTransform
Transforming navigation-common-2.5.1-api.jar with ClasspathEntrySnapshotTransform
Transforming jetified-lifecycle-livedata-core-ktx-2.9.1-api.jar with ClasspathEntrySnapshotTransform
Transforming lifecycle-livedata-2.9.1-api.jar with ClasspathEntrySnapshotTransform
Transforming jetified-lifecycle-viewmodel-ktx-2.9.1-api.jar with ClasspathEntrySnapshotTransform
Transforming jetified-lifecycle-runtime-ktx-api.jar with ClasspathEntrySnapshotTransform
Transforming jetified-lifecycle-runtime-release-api.jar with ClasspathEntrySnapshotTransform
Transforming jetified-lifecycle-viewmodel-savedstate-release-api.jar with ClasspathEntrySnapshotTransform
Transforming lifecycle-viewmodel-2.9.1-api.jar with ClasspathEntrySnapshotTransform
Transforming jetified-lifecycle-viewmodel-release-api.jar with ClasspathEntrySnapshotTransform
Transforming jetified-savedstate-ktx-1.3.0-api.jar with ClasspathEntrySnapshotTransform
Transforming jetified-savedstate-release-api.jar with ClasspathEntrySnapshotTransform
Transforming jetified-lifecycle-common-jvm-2.9.1.jar with ClasspathEntrySnapshotTransform
Transforming lifecycle-livedata-core-2.9.1-api.jar with ClasspathEntrySnapshotTransform
Transforming jetified-lifecycle-runtime-compose-release-api.jar with ClasspathEntrySnapshotTransform
Transforming jetified-lifecycle-viewmodel-compose-release-api.jar with ClasspathEntrySnapshotTransform
Transforming jetified-ui-release-api.jar with ClasspathEntrySnapshotTransform
Transforming jetified-runtime-saveable-release-api.jar with ClasspathEntrySnapshotTransform
Transforming jetified-runtime-release-api.jar with ClasspathEntrySnapshotTransform
Transforming jetified-annotation-experimental-1.4.1-api.jar with ClasspathEntrySnapshotTransform
Transforming jetified-transport-backend-cct-2.3.3-api.jar with ClasspathEntrySnapshotTransform
Transforming jetified-transport-runtime-2.2.6-api.jar with ClasspathEntrySnapshotTransform
Transforming jetified-transport-api-2.2.1-api.jar with ClasspathEntrySnapshotTransform
Transforming jetified-firebase-components-16.1.0-api.jar with ClasspathEntrySnapshotTransform
Transforming jetified-firebase-encoders-json-17.1.0-api.jar with ClasspathEntrySnapshotTransform
Transforming jetified-firebase-encoders-16.1.0.jar with ClasspathEntrySnapshotTransform
Transforming versionedparcelable-1.1.1-api.jar with ClasspathEntrySnapshotTransform
Transforming jetified-collection-jvm-1.4.4.jar with ClasspathEntrySnapshotTransform
Transforming cursoradapter-1.0.0-api.jar with ClasspathEntrySnapshotTransform
Transforming core-runtime-2.2.0-api.jar with ClasspathEntrySnapshotTransform
Transforming core-common-2.2.0.jar with ClasspathEntrySnapshotTransform
Transforming interpolator-1.0.0-api.jar with ClasspathEntrySnapshotTransform
Transforming jetified-annotation-jvm-1.9.1.jar with ClasspathEntrySnapshotTransform
Transforming jetified-kotlinx-serialization-core-jvm-1.7.3.jar with ClasspathEntrySnapshotTransform
Transforming jetified-kotlinx-coroutines-core-jvm-1.8.1.jar with ClasspathEntrySnapshotTransform
Transforming jetified-kotlinx-coroutines-android-1.8.1.jar with ClasspathEntrySnapshotTransform
Transforming jetified-kotlin-stdlib-1.9.25.jar with ClasspathEntrySnapshotTransform
Transforming jetified-annotations-23.0.0.jar with ClasspathEntrySnapshotTransform
Transforming jetified-jspecify-1.0.0.jar with ClasspathEntrySnapshotTransform
Transforming jetified-hilt-core-2.51.1.jar with ClasspathEntrySnapshotTransform
Transforming jetified-dagger-2.51.1.jar with ClasspathEntrySnapshotTransform
Transforming jetified-javax.inject-1.jar with ClasspathEntrySnapshotTransform
Transforming jetified-dagger-lint-aar-2.51.1-api.jar with ClasspathEntrySnapshotTransform
Transforming jetified-jsr305-3.0.2.jar with ClasspathEntrySnapshotTransform
Transforming jetified-image-1.0.0-beta1-api.jar with ClasspathEntrySnapshotTransform
Transforming jetified-firebase-annotations-16.0.0.jar with ClasspathEntrySnapshotTransform
Transforming exifinterface-1.3.7-api.jar with ClasspathEntrySnapshotTransform
Transforming android.jar with ClasspathEntrySnapshotTransform
Transforming core-lambda-stubs.jar with ClasspathEntrySnapshotTransform
file or directory 'C:\Users\xmeta\projects\Mr.Comic\android\feature-ocr\src\debug\kotlin', not found
file or directory 'C:\Users\xmeta\projects\Mr.Comic\android\feature-ocr\src\debug\java', not found
file or directory 'C:\Users\xmeta\projects\Mr.Comic\android\feature-ocr\src\main\kotlin', not found
file or directory 'C:\Users\xmeta\projects\Mr.Comic\android\feature-ocr\src\debug\java', not found
Build cache key for task ':android:feature-ocr:kspDebugKotlin' is 26f860d07743bb85ea22ad039c0c42af
Skipping task ':android:feature-ocr:kspDebugKotlin' as it is up-to-date.
Resolve mutations for :android:feature-ocr:compileDebugKotlin (Thread[Execution worker Thread 6,5,main]) started.
:android:feature-ocr:compileDebugKotlin (Thread[Execution worker Thread 6,5,main]) started.

> Task :android:feature-ocr:compileDebugKotlin UP-TO-DATE
Transforming R.jar with ClasspathEntrySnapshotTransform
Transforming classes.jar with ClasspathEntrySnapshotTransform
Transforming classes.jar with ClasspathEntrySnapshotTransform
Transforming classes.jar with ClasspathEntrySnapshotTransform
Transforming jetified-hilt-navigation-compose-1.2.0-api.jar with ClasspathEntrySnapshotTransform
Transforming jetified-hilt-navigation-1.2.0-api.jar with ClasspathEntrySnapshotTransform
Transforming jetified-hilt-android-2.51.1-api.jar with ClasspathEntrySnapshotTransform
Transforming jetified-text-recognition-16.0.1-api.jar with ClasspathEntrySnapshotTransform
Transforming jetified-play-services-mlkit-text-recognition-19.0.1-api.jar with ClasspathEntrySnapshotTransform
Transforming jetified-text-recognition-bundled-common-17.0.0-api.jar with ClasspathEntrySnapshotTransform
Transforming jetified-play-services-mlkit-text-recognition-common-19.1.0-api.jar with ClasspathEntrySnapshotTransform
Transforming jetified-vision-common-17.3.0-api.jar with ClasspathEntrySnapshotTransform
Transforming jetified-common-18.11.0-api.jar with ClasspathEntrySnapshotTransform
Transforming jetified-play-services-base-18.5.0-api.jar with ClasspathEntrySnapshotTransform
Transforming jetified-vision-interfaces-16.3.0-api.jar with ClasspathEntrySnapshotTransform
Transforming jetified-play-services-tasks-18.2.0-api.jar with ClasspathEntrySnapshotTransform
Transforming jetified-play-services-basement-18.4.0-api.jar with ClasspathEntrySnapshotTransform
Transforming appcompat-1.6.1-api.jar with ClasspathEntrySnapshotTransform
Transforming fragment-1.5.1-api.jar with ClasspathEntrySnapshotTransform
Transforming jetified-navigation-compose-2.5.1-api.jar with ClasspathEntrySnapshotTransform
Transforming navigation-runtime-ktx-2.5.1-api.jar with ClasspathEntrySnapshotTransform
Transforming navigation-runtime-2.5.1-api.jar with ClasspathEntrySnapshotTransform
Transforming jetified-activity-ktx-1.9.0-api.jar with ClasspathEntrySnapshotTransform
Transforming jetified-activity-compose-1.9.0-api.jar with ClasspathEntrySnapshotTransform
Transforming jetified-activity-1.9.0-api.jar with ClasspathEntrySnapshotTransform
Transforming jetified-material3-release-api.jar with ClasspathEntrySnapshotTransform
Transforming jetified-ui-util-release-api.jar with ClasspathEntrySnapshotTransform
Transforming jetified-ui-unit-release-api.jar with ClasspathEntrySnapshotTransform
Transforming jetified-ui-text-release-api.jar with ClasspathEntrySnapshotTransform
Transforming jetified-ui-graphics-release-api.jar with ClasspathEntrySnapshotTransform
Transforming jetified-foundation-layout-release-api.jar with ClasspathEntrySnapshotTransform
Transforming jetified-material-icons-core-release-api.jar with ClasspathEntrySnapshotTransform
Transforming jetified-material-icons-extended-release-api.jar with ClasspathEntrySnapshotTransform
Transforming jetified-material-ripple-release-api.jar with ClasspathEntrySnapshotTransform
Transforming jetified-foundation-release-api.jar with ClasspathEntrySnapshotTransform
Transforming jetified-animation-core-release-api.jar with ClasspathEntrySnapshotTransform
Transforming jetified-animation-release-api.jar with ClasspathEntrySnapshotTransform
Transforming jetified-ui-geometry-release-api.jar with ClasspathEntrySnapshotTransform
Transforming jetified-ui-tooling-preview-release-api.jar with ClasspathEntrySnapshotTransform
Transforming loader-1.0.0-api.jar with ClasspathEntrySnapshotTransform
Transforming jetified-core-ktx-1.13.1-api.jar with ClasspathEntrySnapshotTransform
Transforming viewpager-1.0.0-api.jar with ClasspathEntrySnapshotTransform
Transforming jetified-appcompat-resources-1.6.1-api.jar with ClasspathEntrySnapshotTransform
Transforming drawerlayout-1.0.0-api.jar with ClasspathEntrySnapshotTransform
Transforming customview-1.0.0-api.jar with ClasspathEntrySnapshotTransform
Transforming vectordrawable-animated-1.1.0-api.jar with ClasspathEntrySnapshotTransform
Transforming vectordrawable-1.1.0-api.jar with ClasspathEntrySnapshotTransform
Transforming core-1.13.1-api.jar with ClasspathEntrySnapshotTransform
Transforming navigation-common-ktx-2.5.1-api.jar with ClasspathEntrySnapshotTransform
Transforming navigation-common-2.5.1-api.jar with ClasspathEntrySnapshotTransform
Transforming jetified-lifecycle-livedata-core-ktx-2.9.1-api.jar with ClasspathEntrySnapshotTransform
Transforming lifecycle-livedata-2.9.1-api.jar with ClasspathEntrySnapshotTransform
Transforming jetified-lifecycle-viewmodel-ktx-2.9.1-api.jar with ClasspathEntrySnapshotTransform
Transforming jetified-lifecycle-runtime-ktx-api.jar with ClasspathEntrySnapshotTransform
Transforming jetified-lifecycle-runtime-release-api.jar with ClasspathEntrySnapshotTransform
Transforming jetified-lifecycle-viewmodel-savedstate-release-api.jar with ClasspathEntrySnapshotTransform
Transforming lifecycle-viewmodel-2.9.1-api.jar with ClasspathEntrySnapshotTransform
Transforming jetified-lifecycle-viewmodel-release-api.jar with ClasspathEntrySnapshotTransform
Transforming jetified-savedstate-ktx-1.3.0-api.jar with ClasspathEntrySnapshotTransform
Transforming jetified-savedstate-release-api.jar with ClasspathEntrySnapshotTransform
Transforming jetified-lifecycle-common-jvm-2.9.1.jar with ClasspathEntrySnapshotTransform
Transforming lifecycle-livedata-core-2.9.1-api.jar with ClasspathEntrySnapshotTransform
Transforming jetified-lifecycle-runtime-compose-release-api.jar with ClasspathEntrySnapshotTransform
Transforming jetified-lifecycle-viewmodel-compose-release-api.jar with ClasspathEntrySnapshotTransform
Transforming jetified-ui-release-api.jar with ClasspathEntrySnapshotTransform
Transforming jetified-runtime-saveable-release-api.jar with ClasspathEntrySnapshotTransform
Transforming jetified-runtime-release-api.jar with ClasspathEntrySnapshotTransform
Transforming jetified-annotation-experimental-1.4.1-api.jar with ClasspathEntrySnapshotTransform
Transforming jetified-transport-backend-cct-2.3.3-api.jar with ClasspathEntrySnapshotTransform
Transforming jetified-transport-runtime-2.2.6-api.jar with ClasspathEntrySnapshotTransform
Transforming jetified-transport-api-2.2.1-api.jar with ClasspathEntrySnapshotTransform
Transforming jetified-firebase-components-16.1.0-api.jar with ClasspathEntrySnapshotTransform
Transforming jetified-firebase-encoders-json-17.1.0-api.jar with ClasspathEntrySnapshotTransform
Transforming jetified-firebase-encoders-16.1.0.jar with ClasspathEntrySnapshotTransform
Transforming versionedparcelable-1.1.1-api.jar with ClasspathEntrySnapshotTransform
Transforming jetified-collection-jvm-1.4.4.jar with ClasspathEntrySnapshotTransform
Transforming cursoradapter-1.0.0-api.jar with ClasspathEntrySnapshotTransform
Transforming core-runtime-2.2.0-api.jar with ClasspathEntrySnapshotTransform
Transforming core-common-2.2.0.jar with ClasspathEntrySnapshotTransform
Transforming interpolator-1.0.0-api.jar with ClasspathEntrySnapshotTransform
Transforming jetified-annotation-jvm-1.9.1.jar with ClasspathEntrySnapshotTransform
Transforming jetified-kotlinx-serialization-core-jvm-1.7.3.jar with ClasspathEntrySnapshotTransform
Transforming jetified-kotlinx-coroutines-core-jvm-1.8.1.jar with ClasspathEntrySnapshotTransform
Transforming jetified-kotlinx-coroutines-android-1.8.1.jar with ClasspathEntrySnapshotTransform
Transforming jetified-kotlin-stdlib-1.9.25.jar with ClasspathEntrySnapshotTransform
Transforming jetified-annotations-23.0.0.jar with ClasspathEntrySnapshotTransform
Transforming jetified-jspecify-1.0.0.jar with ClasspathEntrySnapshotTransform
Transforming jetified-hilt-core-2.51.1.jar with ClasspathEntrySnapshotTransform
Transforming jetified-dagger-2.51.1.jar with ClasspathEntrySnapshotTransform
Transforming jetified-javax.inject-1.jar with ClasspathEntrySnapshotTransform
Transforming jetified-dagger-lint-aar-2.51.1-api.jar with ClasspathEntrySnapshotTransform
Transforming jetified-jsr305-3.0.2.jar with ClasspathEntrySnapshotTransform
Transforming jetified-image-1.0.0-beta1-api.jar with ClasspathEntrySnapshotTransform
Transforming jetified-firebase-annotations-16.0.0.jar with ClasspathEntrySnapshotTransform
Transforming exifinterface-1.3.7-api.jar with ClasspathEntrySnapshotTransform
Transforming android.jar with ClasspathEntrySnapshotTransform
Transforming core-lambda-stubs.jar with ClasspathEntrySnapshotTransform
Build cache key for task ':android:feature-ocr:compileDebugKotlin' is 25a39656d9cb72deb50df5d8358ff696
Skipping task ':android:feature-ocr:compileDebugKotlin' as it is up-to-date.
Resolve mutations for :android:feature-ocr:compileDebugJavaWithJavac (Thread[Execution worker Thread 6,5,main]) started.
:android:feature-ocr:compileDebugJavaWithJavac (Thread[Execution worker Thread 6,5,main]) started.

> Task :android:feature-ocr:compileDebugJavaWithJavac UP-TO-DATE
file or directory 'C:\Users\xmeta\projects\Mr.Comic\android\feature-ocr\build\generated\ksp\debug\classes', not found
Transforming core-for-system-modules.jar with JdkImageTransform
Transforming core-for-system-modules.jar with JdkImageTransform
Transforming core-for-system-modules.jar with JdkImageTransform
Transforming core-for-system-modules.jar with JdkImageTransform
file or directory 'C:\Users\xmeta\projects\Mr.Comic\android\feature-ocr\build\generated\ksp\debug\classes', not found
Transforming core-for-system-modules.jar with JdkImageTransform
Transforming core-for-system-modules.jar with JdkImageTransform
Custom actions are attached to task ':android:feature-ocr:compileDebugJavaWithJavac'.
Build cache key for task ':android:feature-ocr:compileDebugJavaWithJavac' is 0931e3e6dc191cbdd4fe3c9c10b79c35
Skipping task ':android:feature-ocr:compileDebugJavaWithJavac' as it is up-to-date.
No compile result for :android:feature-ocr:compileDebugJavaWithJavac
No compile result for :android:feature-ocr:compileDebugJavaWithJavac
Resolve mutations for :android:feature-ocr:transformDebugClassesWithAsm (Thread[Execution worker Thread 6,5,main]) started.
:android:feature-ocr:transformDebugClassesWithAsm (Thread[Execution worker Thread 6,5,main]) started.

> Task :android:feature-ocr:transformDebugClassesWithAsm UP-TO-DATE
file or directory 'C:\Users\xmeta\projects\Mr.Comic\android\feature-ocr\build\generated\ksp\debug\classes', not found
file or directory 'C:\Users\xmeta\projects\Mr.Comic\android\feature-ocr\build\generated\ksp\debug\classes', not found
Transforming hilt-navigation-compose-1.2.0.aar (androidx.hilt:hilt-navigation-compose:1.2.0) with JetifyTransform
Transforming hilt-navigation-compose-1.2.0.aar (androidx.hilt:hilt-navigation-compose:1.2.0) with AarToClassTransform
Transforming hilt-navigation-1.2.0.aar (androidx.hilt:hilt-navigation:1.2.0) with JetifyTransform
Transforming hilt-navigation-1.2.0.aar (androidx.hilt:hilt-navigation:1.2.0) with AarToClassTransform
Transforming hilt-android-2.51.1.aar (com.google.dagger:hilt-android:2.51.1) with JetifyTransform
Transforming hilt-android-2.51.1.aar (com.google.dagger:hilt-android:2.51.1) with AarToClassTransform
Transforming navigation-compose-2.5.1.aar (androidx.navigation:navigation-compose:2.5.1) with JetifyTransform
Transforming navigation-compose-2.5.1.aar (androidx.navigation:navigation-compose:2.5.1) with AarToClassTransform
Transforming lottie-compose-6.4.1.aar (com.airbnb.android:lottie-compose:6.4.1) with JetifyTransform
Transforming lottie-compose-6.4.1.aar (com.airbnb.android:lottie-compose:6.4.1) with AarToClassTransform
Transforming material3-window-size-class-release.aar (androidx.compose.material3:material3-window-size-class-android:1.2.1) with JetifyTransform
Transforming material3-window-size-class-release.aar (androidx.compose.material3:material3-window-size-class-android:1.2.1) with AarToClassTransform
Transforming material3-release.aar (androidx.compose.material3:material3-android:1.2.1) with JetifyTransform
Transforming material3-release.aar (androidx.compose.material3:material3-android:1.2.1) with AarToClassTransform
Transforming text-recognition-16.0.1.aar (com.google.mlkit:text-recognition:16.0.1) with JetifyTransform
Transforming text-recognition-16.0.1.aar (com.google.mlkit:text-recognition:16.0.1) with AarToClassTransform
Transforming play-services-mlkit-text-recognition-19.0.1.aar (com.google.android.gms:play-services-mlkit-text-recognition:19.0.1) with JetifyTransform
Transforming play-services-mlkit-text-recognition-19.0.1.aar (com.google.android.gms:play-services-mlkit-text-recognition:19.0.1) with AarToClassTransform
Transforming text-recognition-bundled-common-17.0.0.aar (com.google.mlkit:text-recognition-bundled-common:17.0.0) with JetifyTransform
Transforming text-recognition-bundled-common-17.0.0.aar (com.google.mlkit:text-recognition-bundled-common:17.0.0) with AarToClassTransform
Transforming play-services-mlkit-text-recognition-common-19.1.0.aar (com.google.android.gms:play-services-mlkit-text-recognition-common:19.1.0) with JetifyTransform
Transforming play-services-mlkit-text-recognition-common-19.1.0.aar (com.google.android.gms:play-services-mlkit-text-recognition-common:19.1.0) with AarToClassTransform
Transforming vision-common-17.3.0.aar (com.google.mlkit:vision-common:17.3.0) with JetifyTransform
Transforming vision-common-17.3.0.aar (com.google.mlkit:vision-common:17.3.0) with AarToClassTransform
Transforming vision-common-17.3.0.aar (com.google.mlkit:vision-common:17.3.0) with JetifyTransform
Transforming vision-common-17.3.0.aar (com.google.mlkit:vision-common:17.3.0) with AarToClassTransform
Transforming common-18.11.0.aar (com.google.mlkit:common:18.11.0) with JetifyTransform
Transforming common-18.11.0.aar (com.google.mlkit:common:18.11.0) with AarToClassTransform
Transforming common-18.11.0.aar (com.google.mlkit:common:18.11.0) with JetifyTransform
Transforming common-18.11.0.aar (com.google.mlkit:common:18.11.0) with AarToClassTransform
Transforming common-18.11.0.aar (com.google.mlkit:common:18.11.0) with JetifyTransform
Transforming common-18.11.0.aar (com.google.mlkit:common:18.11.0) with AarToClassTransform
Transforming common-18.11.0.aar (com.google.mlkit:common:18.11.0) with JetifyTransform
Transforming common-18.11.0.aar (com.google.mlkit:common:18.11.0) with AarToClassTransform
Transforming common-18.11.0.aar (com.google.mlkit:common:18.11.0) with JetifyTransform
Transforming common-18.11.0.aar (com.google.mlkit:common:18.11.0) with AarToClassTransform
Transforming play-services-base-18.5.0.aar (com.google.android.gms:play-services-base:18.5.0) with JetifyTransform
Transforming play-services-base-18.5.0.aar (com.google.android.gms:play-services-base:18.5.0) with AarToClassTransform
Transforming play-services-base-18.5.0.aar (com.google.android.gms:play-services-base:18.5.0) with JetifyTransform
Transforming play-services-base-18.5.0.aar (com.google.android.gms:play-services-base:18.5.0) with AarToClassTransform
Transforming play-services-base-18.5.0.aar (com.google.android.gms:play-services-base:18.5.0) with JetifyTransform
Transforming play-services-base-18.5.0.aar (com.google.android.gms:play-services-base:18.5.0) with AarToClassTransform
Transforming play-services-base-18.5.0.aar (com.google.android.gms:play-services-base:18.5.0) with JetifyTransform
Transforming play-services-base-18.5.0.aar (com.google.android.gms:play-services-base:18.5.0) with AarToClassTransform
Transforming play-services-base-18.5.0.aar (com.google.android.gms:play-services-base:18.5.0) with JetifyTransform
Transforming play-services-base-18.5.0.aar (com.google.android.gms:play-services-base:18.5.0) with AarToClassTransform
Transforming play-services-base-18.5.0.aar (com.google.android.gms:play-services-base:18.5.0) with JetifyTransform
Transforming play-services-base-18.5.0.aar (com.google.android.gms:play-services-base:18.5.0) with AarToClassTransform
Transforming vision-interfaces-16.3.0.aar (com.google.mlkit:vision-interfaces:16.3.0) with JetifyTransform
Transforming vision-interfaces-16.3.0.aar (com.google.mlkit:vision-interfaces:16.3.0) with AarToClassTransform
Transforming play-services-tasks-18.2.0.aar (com.google.android.gms:play-services-tasks:18.2.0) with JetifyTransform
Transforming play-services-tasks-18.2.0.aar (com.google.android.gms:play-services-tasks:18.2.0) with AarToClassTransform
Transforming play-services-tasks-18.2.0.aar (com.google.android.gms:play-services-tasks:18.2.0) with JetifyTransform
Transforming play-services-tasks-18.2.0.aar (com.google.android.gms:play-services-tasks:18.2.0) with AarToClassTransform
Transforming play-services-tasks-18.2.0.aar (com.google.android.gms:play-services-tasks:18.2.0) with JetifyTransform
Transforming play-services-tasks-18.2.0.aar (com.google.android.gms:play-services-tasks:18.2.0) with AarToClassTransform
Transforming play-services-tasks-18.2.0.aar (com.google.android.gms:play-services-tasks:18.2.0) with JetifyTransform
Transforming play-services-tasks-18.2.0.aar (com.google.android.gms:play-services-tasks:18.2.0) with AarToClassTransform
Transforming play-services-tasks-18.2.0.aar (com.google.android.gms:play-services-tasks:18.2.0) with JetifyTransform
Transforming play-services-tasks-18.2.0.aar (com.google.android.gms:play-services-tasks:18.2.0) with AarToClassTransform
Transforming play-services-tasks-18.2.0.aar (com.google.android.gms:play-services-tasks:18.2.0) with JetifyTransform
Transforming play-services-tasks-18.2.0.aar (com.google.android.gms:play-services-tasks:18.2.0) with AarToClassTransform
Transforming play-services-basement-18.4.0.aar (com.google.android.gms:play-services-basement:18.4.0) with JetifyTransform
Transforming play-services-basement-18.4.0.aar (com.google.android.gms:play-services-basement:18.4.0) with AarToClassTransform
Transforming play-services-basement-18.4.0.aar (com.google.android.gms:play-services-basement:18.4.0) with JetifyTransform
Transforming play-services-basement-18.4.0.aar (com.google.android.gms:play-services-basement:18.4.0) with AarToClassTransform
Transforming play-services-basement-18.4.0.aar (com.google.android.gms:play-services-basement:18.4.0) with JetifyTransform
Transforming play-services-basement-18.4.0.aar (com.google.android.gms:play-services-basement:18.4.0) with AarToClassTransform
Transforming play-services-basement-18.4.0.aar (com.google.android.gms:play-services-basement:18.4.0) with JetifyTransform
Transforming play-services-basement-18.4.0.aar (com.google.android.gms:play-services-basement:18.4.0) with AarToClassTransform
Transforming play-services-basement-18.4.0.aar (com.google.android.gms:play-services-basement:18.4.0) with JetifyTransform
Transforming play-services-basement-18.4.0.aar (com.google.android.gms:play-services-basement:18.4.0) with AarToClassTransform
Transforming play-services-basement-18.4.0.aar (com.google.android.gms:play-services-basement:18.4.0) with JetifyTransform
Transforming play-services-basement-18.4.0.aar (com.google.android.gms:play-services-basement:18.4.0) with AarToClassTransform
Transforming play-services-basement-18.4.0.aar (com.google.android.gms:play-services-basement:18.4.0) with JetifyTransform
Transforming play-services-basement-18.4.0.aar (com.google.android.gms:play-services-basement:18.4.0) with AarToClassTransform
Transforming play-services-basement-18.4.0.aar (com.google.android.gms:play-services-basement:18.4.0) with JetifyTransform
Transforming play-services-basement-18.4.0.aar (com.google.android.gms:play-services-basement:18.4.0) with AarToClassTransform
Transforming play-services-basement-18.4.0.aar (com.google.android.gms:play-services-basement:18.4.0) with JetifyTransform
Transforming play-services-basement-18.4.0.aar (com.google.android.gms:play-services-basement:18.4.0) with AarToClassTransform
Transforming glide-4.15.1.aar (com.github.bumptech.glide:glide:4.15.1) with JetifyTransform
Transforming glide-4.15.1.aar (com.github.bumptech.glide:glide:4.15.1) with AarToClassTransform
Transforming lottie-6.4.1.aar (com.airbnb.android:lottie:6.4.1) with JetifyTransform
Transforming lottie-6.4.1.aar (com.airbnb.android:lottie:6.4.1) with AarToClassTransform
Transforming coil-compose-2.7.0.aar (io.coil-kt:coil-compose:2.7.0) with JetifyTransform
Transforming coil-compose-2.7.0.aar (io.coil-kt:coil-compose:2.7.0) with AarToClassTransform
Transforming coil-compose-base-2.7.0.aar (io.coil-kt:coil-compose-base:2.7.0) with JetifyTransform
Transforming coil-compose-base-2.7.0.aar (io.coil-kt:coil-compose-base:2.7.0) with AarToClassTransform
Transforming coil-2.7.0.aar (io.coil-kt:coil:2.7.0) with JetifyTransform
Transforming coil-2.7.0.aar (io.coil-kt:coil:2.7.0) with AarToClassTransform
Transforming coil-base-2.7.0.aar (io.coil-kt:coil-base:2.7.0) with JetifyTransform
Transforming coil-base-2.7.0.aar (io.coil-kt:coil-base:2.7.0) with AarToClassTransform
Transforming appcompat-resources-1.6.1.aar (androidx.appcompat:appcompat-resources:1.6.1) with JetifyTransform
Transforming appcompat-resources-1.6.1.aar (androidx.appcompat:appcompat-resources:1.6.1) with AarToClassTransform
Transforming appcompat-1.6.1.aar (androidx.appcompat:appcompat:1.6.1) with JetifyTransform
Transforming appcompat-1.6.1.aar (androidx.appcompat:appcompat:1.6.1) with AarToClassTransform
Transforming appcompat-1.6.1.aar (androidx.appcompat:appcompat:1.6.1) with JetifyTransform
Transforming appcompat-1.6.1.aar (androidx.appcompat:appcompat:1.6.1) with AarToClassTransform
Transforming pdfium-android-1.9.0.aar (com.github.barteksc:pdfium-android:1.9.0) with JetifyTransform
Transforming pdfium-android-1.9.0.aar (com.github.barteksc:pdfium-android:1.9.0) with AarToClassTransform
Transforming legacy-support-v4-1.0.0.aar (androidx.legacy:legacy-support-v4:1.0.0) with JetifyTransform
Transforming legacy-support-v4-1.0.0.aar (androidx.legacy:legacy-support-v4:1.0.0) with AarToClassTransform
Transforming fragment-1.5.1.aar (androidx.fragment:fragment:1.5.1) with JetifyTransform
Transforming fragment-1.5.1.aar (androidx.fragment:fragment:1.5.1) with AarToClassTransform
Transforming fragment-1.5.1.aar (androidx.fragment:fragment:1.5.1) with JetifyTransform
Transforming fragment-1.5.1.aar (androidx.fragment:fragment:1.5.1) with AarToClassTransform
Transforming accompanist-permissions-0.37.3.aar (com.google.accompanist:accompanist-permissions:0.37.3) with JetifyTransform
Transforming accompanist-permissions-0.37.3.aar (com.google.accompanist:accompanist-permissions:0.37.3) with AarToClassTransform
Transforming navigation-runtime-ktx-2.5.1.aar (androidx.navigation:navigation-runtime-ktx:2.5.1) with JetifyTransform
Transforming navigation-runtime-ktx-2.5.1.aar (androidx.navigation:navigation-runtime-ktx:2.5.1) with AarToClassTransform
Transforming navigation-runtime-2.5.1.aar (androidx.navigation:navigation-runtime:2.5.1) with JetifyTransform
Transforming navigation-runtime-2.5.1.aar (androidx.navigation:navigation-runtime:2.5.1) with AarToClassTransform
Transforming constraintlayout-compose-1.0.1.aar (androidx.constraintlayout:constraintlayout-compose:1.0.1) with JetifyTransform
Transforming constraintlayout-compose-1.0.1.aar (androidx.constraintlayout:constraintlayout-compose:1.0.1) with AarToClassTransform
Transforming accompanist-systemuicontroller-0.34.0.aar (com.google.accompanist:accompanist-systemuicontroller:0.34.0) with JetifyTransform
Transforming accompanist-systemuicontroller-0.34.0.aar (com.google.accompanist:accompanist-systemuicontroller:0.34.0) with AarToClassTransform
Transforming accompanist-adaptive-0.34.0.aar (com.google.accompanist:accompanist-adaptive:0.34.0) with JetifyTransform
Transforming accompanist-adaptive-0.34.0.aar (com.google.accompanist:accompanist-adaptive:0.34.0) with AarToClassTransform
Transforming material-ripple-release.aar (androidx.compose.material:material-ripple-android:1.6.8) with JetifyTransform
Transforming material-ripple-release.aar (androidx.compose.material:material-ripple-android:1.6.8) with AarToClassTransform
Transforming material-release.aar (androidx.compose.material:material-android:1.6.8) with JetifyTransform
Transforming material-release.aar (androidx.compose.material:material-android:1.6.8) with AarToClassTransform
Transforming material-icons-extended-release.aar (androidx.compose.material:material-icons-extended-android:1.6.8) with JetifyTransform
Transforming material-icons-extended-release.aar (androidx.compose.material:material-icons-extended-android:1.6.8) with AarToClassTransform
Transforming material-icons-core-release.aar (androidx.compose.material:material-icons-core-android:1.6.8) with JetifyTransform
Transforming material-icons-core-release.aar (androidx.compose.material:material-icons-core-android:1.6.8) with AarToClassTransform
Transforming accompanist-drawablepainter-0.32.0.aar (com.google.accompanist:accompanist-drawablepainter:0.32.0) with JetifyTransform
Transforming accompanist-drawablepainter-0.32.0.aar (com.google.accompanist:accompanist-drawablepainter:0.32.0) with AarToClassTransform
Transforming foundation-layout-release.aar (androidx.compose.foundation:foundation-layout-android:1.7.8) with JetifyTransform
Transforming foundation-layout-release.aar (androidx.compose.foundation:foundation-layout-android:1.7.8) with AarToClassTransform
Transforming foundation-release.aar (androidx.compose.foundation:foundation-android:1.7.8) with JetifyTransform
Transforming foundation-release.aar (androidx.compose.foundation:foundation-android:1.7.8) with AarToClassTransform
Transforming animation-core-release.aar (androidx.compose.animation:animation-core-android:1.7.8) with JetifyTransform
Transforming animation-core-release.aar (androidx.compose.animation:animation-core-android:1.7.8) with AarToClassTransform
Transforming animation-release.aar (androidx.compose.animation:animation-android:1.7.8) with JetifyTransform
Transforming animation-release.aar (androidx.compose.animation:animation-android:1.7.8) with AarToClassTransform
Transforming ui-geometry-release.aar (androidx.compose.ui:ui-geometry-android:1.7.8) with JetifyTransform
Transforming ui-geometry-release.aar (androidx.compose.ui:ui-geometry-android:1.7.8) with AarToClassTransform
Transforming ui-tooling-preview-release.aar (androidx.compose.ui:ui-tooling-preview-android:1.7.8) with JetifyTransform
Transforming ui-tooling-preview-release.aar (androidx.compose.ui:ui-tooling-preview-android:1.7.8) with AarToClassTransform
Transforming ui-util-release.aar (androidx.compose.ui:ui-util-android:1.7.8) with JetifyTransform
Transforming ui-util-release.aar (androidx.compose.ui:ui-util-android:1.7.8) with AarToClassTransform
Transforming ui-unit-release.aar (androidx.compose.ui:ui-unit-android:1.7.8) with JetifyTransform
Transforming ui-unit-release.aar (androidx.compose.ui:ui-unit-android:1.7.8) with AarToClassTransform
Transforming ui-text-release.aar (androidx.compose.ui:ui-text-android:1.7.8) with JetifyTransform
Transforming ui-text-release.aar (androidx.compose.ui:ui-text-android:1.7.8) with AarToClassTransform
Transforming ui-graphics-release.aar (androidx.compose.ui:ui-graphics-android:1.7.8) with JetifyTransform
Transforming ui-graphics-release.aar (androidx.compose.ui:ui-graphics-android:1.7.8) with AarToClassTransform
Transforming ui-release.aar (androidx.compose.ui:ui-android:1.7.8) with JetifyTransform
Transforming ui-release.aar (androidx.compose.ui:ui-android:1.7.8) with AarToClassTransform
Transforming activity-1.9.0.aar (androidx.activity:activity:1.9.0) with JetifyTransform
Transforming activity-1.9.0.aar (androidx.activity:activity:1.9.0) with AarToClassTransform
Transforming activity-ktx-1.9.0.aar (androidx.activity:activity-ktx:1.9.0) with JetifyTransform
Transforming activity-ktx-1.9.0.aar (androidx.activity:activity-ktx:1.9.0) with AarToClassTransform
Transforming activity-compose-1.9.0.aar (androidx.activity:activity-compose:1.9.0) with JetifyTransform
Transforming activity-compose-1.9.0.aar (androidx.activity:activity-compose:1.9.0) with AarToClassTransform
Transforming palette-1.0.0.aar (androidx.palette:palette:1.0.0) with JetifyTransform
Transforming palette-1.0.0.aar (androidx.palette:palette:1.0.0) with AarToClassTransform
Transforming legacy-support-core-ui-1.0.0.aar (androidx.legacy:legacy-support-core-ui:1.0.0) with JetifyTransform
Transforming legacy-support-core-ui-1.0.0.aar (androidx.legacy:legacy-support-core-ui:1.0.0) with AarToClassTransform
Transforming legacy-support-core-utils-1.0.0.aar (androidx.legacy:legacy-support-core-utils:1.0.0) with JetifyTransform
Transforming legacy-support-core-utils-1.0.0.aar (androidx.legacy:legacy-support-core-utils:1.0.0) with AarToClassTransform
Transforming loader-1.0.0.aar (androidx.loader:loader:1.0.0) with JetifyTransform
Transforming loader-1.0.0.aar (androidx.loader:loader:1.0.0) with AarToClassTransform
Transforming loader-1.0.0.aar (androidx.loader:loader:1.0.0) with JetifyTransform
Transforming loader-1.0.0.aar (androidx.loader:loader:1.0.0) with AarToClassTransform
Transforming navigation-common-ktx-2.5.1.aar (androidx.navigation:navigation-common-ktx:2.5.1) with JetifyTransform
Transforming navigation-common-ktx-2.5.1.aar (androidx.navigation:navigation-common-ktx:2.5.1) with AarToClassTransform
Transforming navigation-common-2.5.1.aar (androidx.navigation:navigation-common:2.5.1) with JetifyTransform
Transforming navigation-common-2.5.1.aar (androidx.navigation:navigation-common:2.5.1) with AarToClassTransform
Transforming emoji2-views-helper-1.3.0.aar (androidx.emoji2:emoji2-views-helper:1.3.0) with JetifyTransform
Transforming emoji2-views-helper-1.3.0.aar (androidx.emoji2:emoji2-views-helper:1.3.0) with AarToClassTransform
Transforming emoji2-1.3.0.aar (androidx.emoji2:emoji2:1.3.0) with JetifyTransform
Transforming emoji2-1.3.0.aar (androidx.emoji2:emoji2:1.3.0) with AarToClassTransform
Transforming lifecycle-process-2.9.1.aar (androidx.lifecycle:lifecycle-process:2.9.1) with JetifyTransform
Transforming lifecycle-process-2.9.1.aar (androidx.lifecycle:lifecycle-process:2.9.1) with AarToClassTransform
Transforming lifecycle-livedata-core-ktx-2.9.1.aar (androidx.lifecycle:lifecycle-livedata-core-ktx:2.9.1) with JetifyTransform
Transforming lifecycle-livedata-core-ktx-2.9.1.aar (androidx.lifecycle:lifecycle-livedata-core-ktx:2.9.1) with AarToClassTransform
Transforming lifecycle-livedata-2.9.1.aar (androidx.lifecycle:lifecycle-livedata:2.9.1) with JetifyTransform
Transforming lifecycle-livedata-2.9.1.aar (androidx.lifecycle:lifecycle-livedata:2.9.1) with AarToClassTransform
Transforming lifecycle-viewmodel-ktx-2.9.1.aar (androidx.lifecycle:lifecycle-viewmodel-ktx:2.9.1) with JetifyTransform
Transforming lifecycle-viewmodel-ktx-2.9.1.aar (androidx.lifecycle:lifecycle-viewmodel-ktx:2.9.1) with AarToClassTransform
Transforming lifecycle-runtime-ktx.aar (androidx.lifecycle:lifecycle-runtime-ktx-android:2.9.1) with JetifyTransform
Transforming lifecycle-runtime-ktx.aar (androidx.lifecycle:lifecycle-runtime-ktx-android:2.9.1) with AarToClassTransform
Transforming media3-ui-1.4.1.aar (androidx.media3:media3-ui:1.4.1) with JetifyTransform
Transforming media3-ui-1.4.1.aar (androidx.media3:media3-ui:1.4.1) with AarToClassTransform
Transforming media3-session-1.4.1.aar (androidx.media3:media3-session:1.4.1) with JetifyTransform
Transforming media3-session-1.4.1.aar (androidx.media3:media3-session:1.4.1) with AarToClassTransform
Transforming media3-extractor-1.4.1.aar (androidx.media3:media3-extractor:1.4.1) with JetifyTransform
Transforming media3-extractor-1.4.1.aar (androidx.media3:media3-extractor:1.4.1) with AarToClassTransform
Transforming media3-container-1.4.1.aar (androidx.media3:media3-container:1.4.1) with JetifyTransform
Transforming media3-container-1.4.1.aar (androidx.media3:media3-container:1.4.1) with AarToClassTransform
Transforming media3-datasource-1.4.1.aar (androidx.media3:media3-datasource:1.4.1) with JetifyTransform
Transforming media3-datasource-1.4.1.aar (androidx.media3:media3-datasource:1.4.1) with AarToClassTransform
Transforming media3-decoder-1.4.1.aar (androidx.media3:media3-decoder:1.4.1) with JetifyTransform
Transforming media3-decoder-1.4.1.aar (androidx.media3:media3-decoder:1.4.1) with AarToClassTransform
Transforming media3-database-1.4.1.aar (androidx.media3:media3-database:1.4.1) with JetifyTransform
Transforming media3-database-1.4.1.aar (androidx.media3:media3-database:1.4.1) with AarToClassTransform
Transforming media3-common-1.4.1.aar (androidx.media3:media3-common:1.4.1) with JetifyTransform
Transforming media3-common-1.4.1.aar (androidx.media3:media3-common:1.4.1) with AarToClassTransform
Transforming media3-exoplayer-1.4.1.aar (androidx.media3:media3-exoplayer:1.4.1) with JetifyTransform
Transforming media3-exoplayer-1.4.1.aar (androidx.media3:media3-exoplayer:1.4.1) with AarToClassTransform
Transforming window-1.0.0.aar (androidx.window:window:1.0.0) with JetifyTransform
Transforming window-1.0.0.aar (androidx.window:window:1.0.0) with AarToClassTransform
Transforming media-1.7.0.aar (androidx.media:media:1.7.0) with JetifyTransform
Transforming media-1.7.0.aar (androidx.media:media:1.7.0) with AarToClassTransform
Transforming media-1.7.0.aar (androidx.media:media:1.7.0) with JetifyTransform
Transforming media-1.7.0.aar (androidx.media:media:1.7.0) with AarToClassTransform
Transforming recyclerview-1.3.0.aar (androidx.recyclerview:recyclerview:1.3.0) with JetifyTransform
Transforming recyclerview-1.3.0.aar (androidx.recyclerview:recyclerview:1.3.0) with AarToClassTransform
Transforming viewpager-1.0.0.aar (androidx.viewpager:viewpager:1.0.0) with JetifyTransform
Transforming viewpager-1.0.0.aar (androidx.viewpager:viewpager:1.0.0) with AarToClassTransform
Transforming viewpager-1.0.0.aar (androidx.viewpager:viewpager:1.0.0) with JetifyTransform
Transforming viewpager-1.0.0.aar (androidx.viewpager:viewpager:1.0.0) with AarToClassTransform
Transforming drawerlayout-1.0.0.aar (androidx.drawerlayout:drawerlayout:1.0.0) with JetifyTransform
Transforming drawerlayout-1.0.0.aar (androidx.drawerlayout:drawerlayout:1.0.0) with AarToClassTransform
Transforming drawerlayout-1.0.0.aar (androidx.drawerlayout:drawerlayout:1.0.0) with JetifyTransform
Transforming drawerlayout-1.0.0.aar (androidx.drawerlayout:drawerlayout:1.0.0) with AarToClassTransform
Transforming vectordrawable-animated-1.1.0.aar (androidx.vectordrawable:vectordrawable-animated:1.1.0) with JetifyTransform
Transforming vectordrawable-animated-1.1.0.aar (androidx.vectordrawable:vectordrawable-animated:1.1.0) with AarToClassTransform
Transforming vectordrawable-1.1.0.aar (androidx.vectordrawable:vectordrawable:1.1.0) with JetifyTransform
Transforming vectordrawable-1.1.0.aar (androidx.vectordrawable:vectordrawable:1.1.0) with AarToClassTransform
Transforming vectordrawable-1.1.0.aar (androidx.vectordrawable:vectordrawable:1.1.0) with JetifyTransform
Transforming vectordrawable-1.1.0.aar (androidx.vectordrawable:vectordrawable:1.1.0) with AarToClassTransform
Transforming coordinatorlayout-1.0.0.aar (androidx.coordinatorlayout:coordinatorlayout:1.0.0) with JetifyTransform
Transforming coordinatorlayout-1.0.0.aar (androidx.coordinatorlayout:coordinatorlayout:1.0.0) with AarToClassTransform
Transforming slidingpanelayout-1.0.0.aar (androidx.slidingpanelayout:slidingpanelayout:1.0.0) with JetifyTransform
Transforming slidingpanelayout-1.0.0.aar (androidx.slidingpanelayout:slidingpanelayout:1.0.0) with AarToClassTransform
Transforming customview-1.0.0.aar (androidx.customview:customview:1.0.0) with JetifyTransform
Transforming customview-1.0.0.aar (androidx.customview:customview:1.0.0) with AarToClassTransform
Transforming customview-1.0.0.aar (androidx.customview:customview:1.0.0) with JetifyTransform
Transforming customview-1.0.0.aar (androidx.customview:customview:1.0.0) with AarToClassTransform
Transforming autofill-1.0.0.aar (androidx.autofill:autofill:1.0.0) with JetifyTransform
Transforming autofill-1.0.0.aar (androidx.autofill:autofill:1.0.0) with AarToClassTransform
Transforming swiperefreshlayout-1.0.0.aar (androidx.swiperefreshlayout:swiperefreshlayout:1.0.0) with JetifyTransform
Transforming swiperefreshlayout-1.0.0.aar (androidx.swiperefreshlayout:swiperefreshlayout:1.0.0) with AarToClassTransform
Transforming asynclayoutinflater-1.0.0.aar (androidx.asynclayoutinflater:asynclayoutinflater:1.0.0) with JetifyTransform
Transforming asynclayoutinflater-1.0.0.aar (androidx.asynclayoutinflater:asynclayoutinflater:1.0.0) with AarToClassTransform
Transforming graphics-path-1.0.1.aar (androidx.graphics:graphics-path:1.0.1) with JetifyTransform
Transforming graphics-path-1.0.1.aar (androidx.graphics:graphics-path:1.0.1) with AarToClassTransform
Transforming customview-poolingcontainer-1.0.0.aar (androidx.customview:customview-poolingcontainer:1.0.0) with JetifyTransform
Transforming customview-poolingcontainer-1.0.0.aar (androidx.customview:customview-poolingcontainer:1.0.0) with AarToClassTransform
Transforming savedstate-ktx-1.3.0.aar (androidx.savedstate:savedstate-ktx:1.3.0) with JetifyTransform
Transforming savedstate-ktx-1.3.0.aar (androidx.savedstate:savedstate-ktx:1.3.0) with AarToClassTransform
Transforming savedstate-release.aar (androidx.savedstate:savedstate-android:1.3.0) with JetifyTransform
Transforming savedstate-release.aar (androidx.savedstate:savedstate-android:1.3.0) with AarToClassTransform
Transforming core-ktx-1.13.1.aar (androidx.core:core-ktx:1.13.1) with JetifyTransform
Transforming core-ktx-1.13.1.aar (androidx.core:core-ktx:1.13.1) with AarToClassTransform
Transforming core-1.13.1.aar (androidx.core:core:1.13.1) with JetifyTransform
Transforming core-1.13.1.aar (androidx.core:core:1.13.1) with AarToClassTransform
Transforming core-1.13.1.aar (androidx.core:core:1.13.1) with JetifyTransform
Transforming core-1.13.1.aar (androidx.core:core:1.13.1) with AarToClassTransform
Transforming lifecycle-runtime-release.aar (androidx.lifecycle:lifecycle-runtime-android:2.9.1) with JetifyTransform
Transforming lifecycle-runtime-release.aar (androidx.lifecycle:lifecycle-runtime-android:2.9.1) with AarToClassTransform
Transforming lifecycle-viewmodel-savedstate-release.aar (androidx.lifecycle:lifecycle-viewmodel-savedstate-android:2.9.1) with JetifyTransform
Transforming lifecycle-viewmodel-savedstate-release.aar (androidx.lifecycle:lifecycle-viewmodel-savedstate-android:2.9.1) with AarToClassTransform
Transforming lifecycle-viewmodel-2.9.1.aar (androidx.lifecycle:lifecycle-viewmodel:2.9.1) with JetifyTransform
Transforming lifecycle-viewmodel-2.9.1.aar (androidx.lifecycle:lifecycle-viewmodel:2.9.1) with AarToClassTransform
Transforming lifecycle-viewmodel-release.aar (androidx.lifecycle:lifecycle-viewmodel-android:2.9.1) with JetifyTransform
Transforming lifecycle-viewmodel-release.aar (androidx.lifecycle:lifecycle-viewmodel-android:2.9.1) with AarToClassTransform
Transforming lifecycle-common-jvm-2.9.1.jar (androidx.lifecycle:lifecycle-common-jvm:2.9.1) with JetifyTransform
Transforming lifecycle-common-jvm-2.9.1.jar (androidx.lifecycle:lifecycle-common-jvm:2.9.1) with IdentityTransform
Transforming lifecycle-livedata-core-2.9.1.aar (androidx.lifecycle:lifecycle-livedata-core:2.9.1) with JetifyTransform
Transforming lifecycle-livedata-core-2.9.1.aar (androidx.lifecycle:lifecycle-livedata-core:2.9.1) with AarToClassTransform
Transforming lifecycle-common-java8-2.9.1.jar (androidx.lifecycle:lifecycle-common-java8:2.9.1) with JetifyTransform
Transforming lifecycle-common-java8-2.9.1.jar (androidx.lifecycle:lifecycle-common-java8:2.9.1) with IdentityTransform
Transforming lifecycle-runtime-compose-release.aar (androidx.lifecycle:lifecycle-runtime-compose-android:2.9.1) with JetifyTransform
Transforming lifecycle-runtime-compose-release.aar (androidx.lifecycle:lifecycle-runtime-compose-android:2.9.1) with AarToClassTransform
Transforming lifecycle-viewmodel-compose-release.aar (androidx.lifecycle:lifecycle-viewmodel-compose-android:2.9.1) with JetifyTransform
Transforming lifecycle-viewmodel-compose-release.aar (androidx.lifecycle:lifecycle-viewmodel-compose-android:2.9.1) with AarToClassTransform
Transforming datastore-preferences-external-protobuf-1.1.7.jar (androidx.datastore:datastore-preferences-external-protobuf:1.1.7) with JetifyTransform
Transforming datastore-preferences-external-protobuf-1.1.7.jar (androidx.datastore:datastore-preferences-external-protobuf:1.1.7) with IdentityTransform
Transforming datastore-core-okio-jvm-1.1.7.jar (androidx.datastore:datastore-core-okio-jvm:1.1.7) with JetifyTransform
Transforming datastore-core-okio-jvm-1.1.7.jar (androidx.datastore:datastore-core-okio-jvm:1.1.7) with IdentityTransform
Transforming datastore-preferences-proto-1.1.7.jar (androidx.datastore:datastore-preferences-proto:1.1.7) with JetifyTransform
Transforming datastore-preferences-proto-1.1.7.jar (androidx.datastore:datastore-preferences-proto:1.1.7) with IdentityTransform
Transforming datastore-preferences-core-release.aar (androidx.datastore:datastore-preferences-core-android:1.1.7) with JetifyTransform
Transforming datastore-preferences-core-release.aar (androidx.datastore:datastore-preferences-core-android:1.1.7) with AarToClassTransform
Transforming datastore-preferences-release.aar (androidx.datastore:datastore-preferences-android:1.1.7) with JetifyTransform
Transforming datastore-preferences-release.aar (androidx.datastore:datastore-preferences-android:1.1.7) with AarToClassTransform
Transforming datastore-release.aar (androidx.datastore:datastore-android:1.1.7) with JetifyTransform
Transforming datastore-release.aar (androidx.datastore:datastore-android:1.1.7) with AarToClassTransform
Transforming datastore-core-release.aar (androidx.datastore:datastore-core-android:1.1.7) with JetifyTransform
Transforming datastore-core-release.aar (androidx.datastore:datastore-core-android:1.1.7) with AarToClassTransform
Transforming kotlin-parcelize-runtime-1.9.25.jar (org.jetbrains.kotlin:kotlin-parcelize-runtime:1.9.25) with JetifyTransform
Transforming kotlin-parcelize-runtime-1.9.25.jar (org.jetbrains.kotlin:kotlin-parcelize-runtime:1.9.25) with IdentityTransform
Transforming room-common-jvm-2.7.2.jar (androidx.room:room-common-jvm:2.7.2) with JetifyTransform
Transforming room-common-jvm-2.7.2.jar (androidx.room:room-common-jvm:2.7.2) with IdentityTransform
Transforming room-runtime-release.aar (androidx.room:room-runtime-android:2.7.2) with JetifyTransform
Transforming room-runtime-release.aar (androidx.room:room-runtime-android:2.7.2) with AarToClassTransform
Transforming room-ktx-2.7.2.aar (androidx.room:room-ktx:2.7.2) with JetifyTransform
Transforming room-ktx-2.7.2.aar (androidx.room:room-ktx:2.7.2) with AarToClassTransform
Transforming runtime-saveable-release.aar (androidx.compose.runtime:runtime-saveable-android:1.7.8) with JetifyTransform
Transforming runtime-saveable-release.aar (androidx.compose.runtime:runtime-saveable-android:1.7.8) with AarToClassTransform
Transforming runtime-release.aar (androidx.compose.runtime:runtime-android:1.7.8) with JetifyTransform
Transforming runtime-release.aar (androidx.compose.runtime:runtime-android:1.7.8) with AarToClassTransform
Transforming kotlin-android-extensions-runtime-1.9.25.jar (org.jetbrains.kotlin:kotlin-android-extensions-runtime:1.9.25) with JetifyTransform
Transforming kotlin-android-extensions-runtime-1.9.25.jar (org.jetbrains.kotlin:kotlin-android-extensions-runtime:1.9.25) with IdentityTransform
Transforming kotlinx-serialization-core-jvm-1.7.3.jar (org.jetbrains.kotlinx:kotlinx-serialization-core-jvm:1.7.3) with JetifyTransform
Transforming kotlinx-serialization-core-jvm-1.7.3.jar (org.jetbrains.kotlinx:kotlinx-serialization-core-jvm:1.7.3) with IdentityTransform
Transforming okhttp-4.12.0.jar (com.squareup.okhttp3:okhttp:4.12.0) with JetifyTransform
Transforming okhttp-4.12.0.jar (com.squareup.okhttp3:okhttp:4.12.0) with IdentityTransform
Transforming kotlin-stdlib-jdk8-1.9.25.jar (org.jetbrains.kotlin:kotlin-stdlib-jdk8:1.9.25) with JetifyTransform
Transforming kotlin-stdlib-jdk8-1.9.25.jar (org.jetbrains.kotlin:kotlin-stdlib-jdk8:1.9.25) with IdentityTransform
Transforming annotation-experimental-1.4.1.aar (androidx.annotation:annotation-experimental:1.4.1) with JetifyTransform
Transforming annotation-experimental-1.4.1.aar (androidx.annotation:annotation-experimental:1.4.1) with AarToClassTransform
Transforming core-viewtree-1.0.0.aar (androidx.core:core-viewtree:1.0.0) with JetifyTransform
Transforming core-viewtree-1.0.0.aar (androidx.core:core-viewtree:1.0.0) with AarToClassTransform
Transforming kotlin-stdlib-jdk7-1.9.25.jar (org.jetbrains.kotlin:kotlin-stdlib-jdk7:1.9.25) with JetifyTransform
Transforming kotlin-stdlib-jdk7-1.9.25.jar (org.jetbrains.kotlin:kotlin-stdlib-jdk7:1.9.25) with IdentityTransform
Transforming kotlinx-coroutines-core-jvm-1.8.1.jar (org.jetbrains.kotlinx:kotlinx-coroutines-core-jvm:1.8.1) with JetifyTransform
Transforming kotlinx-coroutines-core-jvm-1.8.1.jar (org.jetbrains.kotlinx:kotlinx-coroutines-core-jvm:1.8.1) with IdentityTransform
Transforming kotlinx-coroutines-android-1.8.1.jar (org.jetbrains.kotlinx:kotlinx-coroutines-android:1.8.1) with JetifyTransform
Transforming kotlinx-coroutines-android-1.8.1.jar (org.jetbrains.kotlinx:kotlinx-coroutines-android:1.8.1) with IdentityTransform
Transforming sqlite-framework-release.aar (androidx.sqlite:sqlite-framework-android:2.5.1) with JetifyTransform
Transforming sqlite-framework-release.aar (androidx.sqlite:sqlite-framework-android:2.5.1) with AarToClassTransform
Transforming sqlite-release.aar (androidx.sqlite:sqlite-android:2.5.1) with JetifyTransform
Transforming sqlite-release.aar (androidx.sqlite:sqlite-android:2.5.1) with AarToClassTransform
Transforming collection-ktx-1.4.4.jar (androidx.collection:collection-ktx:1.4.4) with JetifyTransform
Transforming collection-ktx-1.4.4.jar (androidx.collection:collection-ktx:1.4.4) with IdentityTransform
Transforming versionedparcelable-1.1.1.aar (androidx.versionedparcelable:versionedparcelable:1.1.1) with JetifyTransform
Transforming versionedparcelable-1.1.1.aar (androidx.versionedparcelable:versionedparcelable:1.1.1) with AarToClassTransform
Transforming collection-jvm-1.4.4.jar (androidx.collection:collection-jvm:1.4.4) with JetifyTransform
Transforming collection-jvm-1.4.4.jar (androidx.collection:collection-jvm:1.4.4) with IdentityTransform
Transforming okio-jvm-3.9.0.jar (com.squareup.okio:okio-jvm:3.9.0) with JetifyTransform
Transforming okio-jvm-3.9.0.jar (com.squareup.okio:okio-jvm:3.9.0) with IdentityTransform
Transforming transport-backend-cct-2.3.3.aar (com.google.android.datatransport:transport-backend-cct:2.3.3) with JetifyTransform
Transforming transport-backend-cct-2.3.3.aar (com.google.android.datatransport:transport-backend-cct:2.3.3) with AarToClassTransform
Transforming transport-backend-cct-2.3.3.aar (com.google.android.datatransport:transport-backend-cct:2.3.3) with JetifyTransform
Transforming transport-backend-cct-2.3.3.aar (com.google.android.datatransport:transport-backend-cct:2.3.3) with AarToClassTransform
Transforming transport-backend-cct-2.3.3.aar (com.google.android.datatransport:transport-backend-cct:2.3.3) with JetifyTransform
Transforming transport-backend-cct-2.3.3.aar (com.google.android.datatransport:transport-backend-cct:2.3.3) with AarToClassTransform
Transforming transport-runtime-2.2.6.aar (com.google.android.datatransport:transport-runtime:2.2.6) with JetifyTransform
Transforming transport-runtime-2.2.6.aar (com.google.android.datatransport:transport-runtime:2.2.6) with AarToClassTransform
Transforming transport-runtime-2.2.6.aar (com.google.android.datatransport:transport-runtime:2.2.6) with JetifyTransform
Transforming transport-runtime-2.2.6.aar (com.google.android.datatransport:transport-runtime:2.2.6) with AarToClassTransform
Transforming transport-runtime-2.2.6.aar (com.google.android.datatransport:transport-runtime:2.2.6) with JetifyTransform
Transforming transport-runtime-2.2.6.aar (com.google.android.datatransport:transport-runtime:2.2.6) with AarToClassTransform
Transforming transport-runtime-2.2.6.aar (com.google.android.datatransport:transport-runtime:2.2.6) with JetifyTransform
Transforming transport-runtime-2.2.6.aar (com.google.android.datatransport:transport-runtime:2.2.6) with AarToClassTransform
Transforming transport-api-2.2.1.aar (com.google.android.datatransport:transport-api:2.2.1) with JetifyTransform
Transforming transport-api-2.2.1.aar (com.google.android.datatransport:transport-api:2.2.1) with AarToClassTransform
Transforming transport-api-2.2.1.aar (com.google.android.datatransport:transport-api:2.2.1) with JetifyTransform
Transforming transport-api-2.2.1.aar (com.google.android.datatransport:transport-api:2.2.1) with AarToClassTransform
Transforming transport-api-2.2.1.aar (com.google.android.datatransport:transport-api:2.2.1) with JetifyTransform
Transforming transport-api-2.2.1.aar (com.google.android.datatransport:transport-api:2.2.1) with AarToClassTransform
Transforming transport-api-2.2.1.aar (com.google.android.datatransport:transport-api:2.2.1) with JetifyTransform
Transforming transport-api-2.2.1.aar (com.google.android.datatransport:transport-api:2.2.1) with AarToClassTransform
Transforming transport-api-2.2.1.aar (com.google.android.datatransport:transport-api:2.2.1) with JetifyTransform
Transforming transport-api-2.2.1.aar (com.google.android.datatransport:transport-api:2.2.1) with AarToClassTransform
Transforming firebase-components-16.1.0.aar (com.google.firebase:firebase-components:16.1.0) with JetifyTransform
Transforming firebase-components-16.1.0.aar (com.google.firebase:firebase-components:16.1.0) with AarToClassTransform
Transforming firebase-components-16.1.0.aar (com.google.firebase:firebase-components:16.1.0) with JetifyTransform
Transforming firebase-components-16.1.0.aar (com.google.firebase:firebase-components:16.1.0) with AarToClassTransform
Transforming firebase-components-16.1.0.aar (com.google.firebase:firebase-components:16.1.0) with JetifyTransform
Transforming firebase-components-16.1.0.aar (com.google.firebase:firebase-components:16.1.0) with AarToClassTransform
Transforming firebase-encoders-json-17.1.0.aar (com.google.firebase:firebase-encoders-json:17.1.0) with JetifyTransform
Transforming firebase-encoders-json-17.1.0.aar (com.google.firebase:firebase-encoders-json:17.1.0) with AarToClassTransform
Transforming firebase-encoders-json-17.1.0.aar (com.google.firebase:firebase-encoders-json:17.1.0) with JetifyTransform
Transforming firebase-encoders-json-17.1.0.aar (com.google.firebase:firebase-encoders-json:17.1.0) with AarToClassTransform
Transforming firebase-encoders-json-17.1.0.aar (com.google.firebase:firebase-encoders-json:17.1.0) with JetifyTransform
Transforming firebase-encoders-json-17.1.0.aar (com.google.firebase:firebase-encoders-json:17.1.0) with AarToClassTransform
Transforming firebase-encoders-json-17.1.0.aar (com.google.firebase:firebase-encoders-json:17.1.0) with JetifyTransform
Transforming firebase-encoders-json-17.1.0.aar (com.google.firebase:firebase-encoders-json:17.1.0) with AarToClassTransform
Transforming firebase-encoders-16.1.0.jar (com.google.firebase:firebase-encoders:16.1.0) with JetifyTransform
Transforming firebase-encoders-16.1.0.jar (com.google.firebase:firebase-encoders:16.1.0) with IdentityTransform
Transforming gifdecoder-4.15.1.aar (com.github.bumptech.glide:gifdecoder:4.15.1) with JetifyTransform
Transforming gifdecoder-4.15.1.aar (com.github.bumptech.glide:gifdecoder:4.15.1) with AarToClassTransform
Transforming profileinstaller-1.4.0.aar (androidx.profileinstaller:profileinstaller:1.4.0) with JetifyTransform
Transforming profileinstaller-1.4.0.aar (androidx.profileinstaller:profileinstaller:1.4.0) with AarToClassTransform
Transforming startup-runtime-1.1.1.aar (androidx.startup:startup-runtime:1.1.1) with JetifyTransform
Transforming startup-runtime-1.1.1.aar (androidx.startup:startup-runtime:1.1.1) with AarToClassTransform
Transforming tracing-1.0.0.aar (androidx.tracing:tracing:1.0.0) with JetifyTransform
Transforming tracing-1.0.0.aar (androidx.tracing:tracing:1.0.0) with AarToClassTransform
Transforming cursoradapter-1.0.0.aar (androidx.cursoradapter:cursoradapter:1.0.0) with JetifyTransform
Transforming cursoradapter-1.0.0.aar (androidx.cursoradapter:cursoradapter:1.0.0) with AarToClassTransform
Transforming cursoradapter-1.0.0.aar (androidx.cursoradapter:cursoradapter:1.0.0) with JetifyTransform
Transforming cursoradapter-1.0.0.aar (androidx.cursoradapter:cursoradapter:1.0.0) with AarToClassTransform
Transforming resourceinspection-annotation-1.0.1.jar (androidx.resourceinspection:resourceinspection-annotation:1.0.1) with JetifyTransform
Transforming resourceinspection-annotation-1.0.1.jar (androidx.resourceinspection:resourceinspection-annotation:1.0.1) with IdentityTransform
Transforming documentfile-1.0.0.aar (androidx.documentfile:documentfile:1.0.0) with JetifyTransform
Transforming documentfile-1.0.0.aar (androidx.documentfile:documentfile:1.0.0) with AarToClassTransform
Transforming localbroadcastmanager-1.0.0.aar (androidx.localbroadcastmanager:localbroadcastmanager:1.0.0) with JetifyTransform
Transforming localbroadcastmanager-1.0.0.aar (androidx.localbroadcastmanager:localbroadcastmanager:1.0.0) with AarToClassTransform
Transforming print-1.0.0.aar (androidx.print:print:1.0.0) with JetifyTransform
Transforming print-1.0.0.aar (androidx.print:print:1.0.0) with AarToClassTransform
Transforming interpolator-1.0.0.aar (androidx.interpolator:interpolator:1.0.0) with JetifyTransform
Transforming interpolator-1.0.0.aar (androidx.interpolator:interpolator:1.0.0) with AarToClassTransform
Transforming interpolator-1.0.0.aar (androidx.interpolator:interpolator:1.0.0) with JetifyTransform
Transforming interpolator-1.0.0.aar (androidx.interpolator:interpolator:1.0.0) with AarToClassTransform
Transforming core-runtime-2.2.0.aar (androidx.arch.core:core-runtime:2.2.0) with JetifyTransform
Transforming core-runtime-2.2.0.aar (androidx.arch.core:core-runtime:2.2.0) with AarToClassTransform
Transforming core-common-2.2.0.jar (androidx.arch.core:core-common:2.2.0) with JetifyTransform
Transforming core-common-2.2.0.jar (androidx.arch.core:core-common:2.2.0) with IdentityTransform
Transforming exifinterface-1.3.7.aar (androidx.exifinterface:exifinterface:1.3.7) with JetifyTransform
Transforming exifinterface-1.3.7.aar (androidx.exifinterface:exifinterface:1.3.7) with AarToClassTransform
Transforming exifinterface-1.3.7.aar (androidx.exifinterface:exifinterface:1.3.7) with JetifyTransform
Transforming exifinterface-1.3.7.aar (androidx.exifinterface:exifinterface:1.3.7) with AarToClassTransform
Transforming concurrent-futures-1.1.0.jar (androidx.concurrent:concurrent-futures:1.1.0) with JetifyTransform
Transforming concurrent-futures-1.1.0.jar (androidx.concurrent:concurrent-futures:1.1.0) with IdentityTransform
Transforming annotation-jvm-1.9.1.jar (androidx.annotation:annotation-jvm:1.9.1) with JetifyTransform
Transforming annotation-jvm-1.9.1.jar (androidx.annotation:annotation-jvm:1.9.1) with IdentityTransform
Transforming kotlin-stdlib-1.9.25.jar (org.jetbrains.kotlin:kotlin-stdlib:1.9.25) with JetifyTransform
Transforming kotlin-stdlib-1.9.25.jar (org.jetbrains.kotlin:kotlin-stdlib:1.9.25) with IdentityTransform
Transforming annotations-23.0.0.jar (org.jetbrains:annotations:23.0.0) with JetifyTransform
Transforming annotations-23.0.0.jar (org.jetbrains:annotations:23.0.0) with IdentityTransform
Transforming hilt-core-2.51.1.jar (com.google.dagger:hilt-core:2.51.1) with JetifyTransform
Transforming hilt-core-2.51.1.jar (com.google.dagger:hilt-core:2.51.1) with IdentityTransform
Transforming dagger-2.51.1.jar (com.google.dagger:dagger:2.51.1) with JetifyTransform
Transforming dagger-2.51.1.jar (com.google.dagger:dagger:2.51.1) with IdentityTransform
Transforming dagger-lint-aar-2.51.1.aar (com.google.dagger:dagger-lint-aar:2.51.1) with JetifyTransform
Transforming dagger-lint-aar-2.51.1.aar (com.google.dagger:dagger-lint-aar:2.51.1) with AarToClassTransform
Transforming jsr305-3.0.2.jar (com.google.code.findbugs:jsr305:3.0.2) with JetifyTransform
Transforming jsr305-3.0.2.jar (com.google.code.findbugs:jsr305:3.0.2) with IdentityTransform
Transforming javax.inject-1.jar (javax.inject:javax.inject:1) with JetifyTransform
Transforming javax.inject-1.jar (javax.inject:javax.inject:1) with IdentityTransform
Transforming zip4j-2.11.5.jar (net.lingala.zip4j:zip4j:2.11.5) with JetifyTransform
Transforming zip4j-2.11.5.jar (net.lingala.zip4j:zip4j:2.11.5) with IdentityTransform
Transforming junrar-7.5.5.jar (com.github.junrar:junrar:7.5.5) with JetifyTransform
Transforming junrar-7.5.5.jar (com.github.junrar:junrar:7.5.5) with IdentityTransform
Transforming pdfbox-android-2.0.27.0.aar (com.tom-roush:pdfbox-android:2.0.27.0) with JetifyTransform
Transforming pdfbox-android-2.0.27.0.aar (com.tom-roush:pdfbox-android:2.0.27.0) with AarToClassTransform
Transforming slf4j-android-1.7.36.jar (org.slf4j:slf4j-android:1.7.36) with JetifyTransform
Transforming slf4j-android-1.7.36.jar (org.slf4j:slf4j-android:1.7.36) with IdentityTransform
Transforming commons-compress-1.26.0.jar (org.apache.commons:commons-compress:1.26.0) with JetifyTransform
Transforming commons-compress-1.26.0.jar (org.apache.commons:commons-compress:1.26.0) with IdentityTransform
Transforming epublib-core-3.1.jar (nl.siegmann.epublib:epublib-core:3.1) with JetifyTransform
Transforming epublib-core-3.1.jar (nl.siegmann.epublib:epublib-core:3.1) with IdentityTransform
Transforming constraintlayout-core-1.0.4.jar (androidx.constraintlayout:constraintlayout-core:1.0.4) with JetifyTransform
Transforming constraintlayout-core-1.0.4.jar (androidx.constraintlayout:constraintlayout-core:1.0.4) with IdentityTransform
Transforming disklrucache-4.15.1.jar (com.github.bumptech.glide:disklrucache:4.15.1) with JetifyTransform
Transforming disklrucache-4.15.1.jar (com.github.bumptech.glide:disklrucache:4.15.1) with IdentityTransform
Transforming annotations-4.15.1.jar (com.github.bumptech.glide:annotations:4.15.1) with JetifyTransform
Transforming annotations-4.15.1.jar (com.github.bumptech.glide:annotations:4.15.1) with IdentityTransform
Transforming image-1.0.0-beta1.aar (com.google.android.odml:image:1.0.0-beta1) with JetifyTransform
Transforming image-1.0.0-beta1.aar (com.google.android.odml:image:1.0.0-beta1) with AarToClassTransform
Transforming image-1.0.0-beta1.aar (com.google.android.odml:image:1.0.0-beta1) with JetifyTransform
Transforming image-1.0.0-beta1.aar (com.google.android.odml:image:1.0.0-beta1) with AarToClassTransform
Transforming firebase-annotations-16.0.0.jar (com.google.firebase:firebase-annotations:16.0.0) with JetifyTransform
Transforming firebase-annotations-16.0.0.jar (com.google.firebase:firebase-annotations:16.0.0) with IdentityTransform
Transforming slf4j-api-1.7.36.jar (org.slf4j:slf4j-api:1.7.36) with JetifyTransform
Transforming slf4j-api-1.7.36.jar (org.slf4j:slf4j-api:1.7.36) with IdentityTransform
Transforming bcpkix-jdk15to18-1.72.jar (org.bouncycastle:bcpkix-jdk15to18:1.72) with JetifyTransform
Transforming bcpkix-jdk15to18-1.72.jar (org.bouncycastle:bcpkix-jdk15to18:1.72) with IdentityTransform
Transforming bcutil-jdk15to18-1.72.jar (org.bouncycastle:bcutil-jdk15to18:1.72) with JetifyTransform
Transforming bcutil-jdk15to18-1.72.jar (org.bouncycastle:bcutil-jdk15to18:1.72) with IdentityTransform
Transforming bcprov-jdk15to18-1.72.jar (org.bouncycastle:bcprov-jdk15to18:1.72) with JetifyTransform
Transforming bcprov-jdk15to18-1.72.jar (org.bouncycastle:bcprov-jdk15to18:1.72) with IdentityTransform
Transforming commons-io-2.15.1.jar (commons-io:commons-io:2.15.1) with JetifyTransform
Transforming commons-io-2.15.1.jar (commons-io:commons-io:2.15.1) with IdentityTransform
Transforming commons-lang3-3.14.0.jar (org.apache.commons:commons-lang3:3.14.0) with JetifyTransform
Transforming commons-lang3-3.14.0.jar (org.apache.commons:commons-lang3:3.14.0) with IdentityTransform
Transforming kxml2-2.3.0.jar (net.sf.kxml:kxml2:2.3.0) with JetifyTransform
Transforming kxml2-2.3.0.jar (net.sf.kxml:kxml2:2.3.0) with IdentityTransform
Transforming guava-33.0.0-android.jar (com.google.guava:guava:33.0.0-android) with JetifyTransform
Transforming guava-33.0.0-android.jar (com.google.guava:guava:33.0.0-android) with IdentityTransform
Transforming jspecify-1.0.0.jar (org.jspecify:jspecify:1.0.0) with JetifyTransform
Transforming jspecify-1.0.0.jar (org.jspecify:jspecify:1.0.0) with IdentityTransform
Transforming failureaccess-1.0.2.jar (com.google.guava:failureaccess:1.0.2) with JetifyTransform
Transforming failureaccess-1.0.2.jar (com.google.guava:failureaccess:1.0.2) with IdentityTransform
Transforming listenablefuture-9999.0-empty-to-avoid-conflict-with-guava.jar (com.google.guava:listenablefuture:9999.0-empty-to-avoid-conflict-with-guava) with JetifyTransform
Transforming listenablefuture-9999.0-empty-to-avoid-conflict-with-guava.jar (com.google.guava:listenablefuture:9999.0-empty-to-avoid-conflict-with-guava) with IdentityTransform
Build cache key for task ':android:feature-ocr:transformDebugClassesWithAsm' is 4b33570f54ee16c733ceda67d49278ae
Skipping task ':android:feature-ocr:transformDebugClassesWithAsm' as it is up-to-date.
Resolve mutations for :android:feature-ocr:bundleLibCompileToJarDebug (Thread[Execution worker Thread 6,5,main]) started.
:android:feature-ocr:bundleLibCompileToJarDebug (Thread[Execution worker Thread 6,5,main]) started.

> Task :android:feature-ocr:bundleLibCompileToJarDebug UP-TO-DATE
Caching disabled for task ':android:feature-ocr:bundleLibCompileToJarDebug' because:
  Simple merging task
Skipping task ':android:feature-ocr:bundleLibCompileToJarDebug' as it is up-to-date.
work action resolve classes.jar (project :android:feature-ocr) (Thread[Execution worker Thread 6,5,main]) started.
Resolve mutations for :android:feature-ocr:bundleLibRuntimeToJarDebug (Thread[Execution worker Thread 6,5,main]) started.
:android:feature-ocr:bundleLibRuntimeToJarDebug (Thread[Execution worker Thread 6,5,main]) started.

> Task :android:feature-ocr:bundleLibRuntimeToJarDebug UP-TO-DATE
Caching disabled for task ':android:feature-ocr:bundleLibRuntimeToJarDebug' because:
  Simple merging task
Skipping task ':android:feature-ocr:bundleLibRuntimeToJarDebug' as it is up-to-date.
work action resolve classes.jar (project :android:feature-ocr) (Thread[Execution worker Thread 6,5,main]) started.
IdentityTransform (Thread[Execution worker Thread 6,5,main]) started.
Resolve mutations for :android:feature-ocr:processDebugJavaRes (Thread[Execution worker,5,main]) started.
:android:feature-ocr:processDebugJavaRes (Thread[Execution worker,5,main]) started.

> Transform classes.jar (project :android:feature-ocr) with IdentityTransform
Transforming classes.jar (project :android:feature-ocr) with IdentityTransform
DexingNoClasspathTransform (Thread[Execution worker Thread 6,5,main]) started.
CopyTransform (Thread[Execution worker Thread 7,5,main]) started.

> Transform classes.jar (project :android:feature-ocr) with CopyTransform
Transforming classes.jar (project :android:feature-ocr) with CopyTransform
AggregatedPackagesTransform (Thread[Execution worker Thread 7,5,main]) started.

> Transform classes.jar (project :android:feature-ocr) with DexingNoClasspathTransform
Transforming classes.jar (project :android:feature-ocr) with DexingNoClasspathTransform
Build cache key for DexingNoClasspathTransform: C:\Users\xmeta\projects\Mr.Comic\android\feature-ocr\build\intermediates\runtime_library_classes_jar\debug\bundleLibRuntimeToJarDebug\classes.jar is 85f26bf7fc32008760e6ebbcd8bd7ac5
Skipping DexingNoClasspathTransform: C:\Users\xmeta\projects\Mr.Comic\android\feature-ocr\build\intermediates\runtime_library_classes_jar\debug\bundleLibRuntimeToJarDebug\classes.jar as it is up-to-date.
DexingOutputSplitTransform (Thread[Execution worker Thread 6,5,main]) started.

> Transform classes.jar (project :android:feature-ocr) with AggregatedPackagesTransform
Transforming classes.jar (project :android:feature-ocr) with AggregatedPackagesTransform

> Transform classes.jar (project :android:feature-ocr) with DexingOutputSplitTransform
Transforming classes.jar (project :android:feature-ocr) with DexingOutputSplitTransform

> Task :android:feature-ocr:processDebugJavaRes UP-TO-DATE
file or directory 'C:\Users\xmeta\projects\Mr.Comic\android\feature-ocr\src\main\resources', not found
file or directory 'C:\Users\xmeta\projects\Mr.Comic\android\feature-ocr\src\debug\resources', not found
file or directory 'C:\Users\xmeta\projects\Mr.Comic\android\feature-ocr\build\generated\ksp\debug\classes', not found
file or directory 'C:\Users\xmeta\projects\Mr.Comic\android\feature-ocr\build\generated\ksp\debug\classes', not found
file or directory 'C:\Users\xmeta\projects\Mr.Comic\android\feature-ocr\src\main\resources', not found
file or directory 'C:\Users\xmeta\projects\Mr.Comic\android\feature-ocr\src\debug\resources', not found
file or directory 'C:\Users\xmeta\projects\Mr.Comic\android\feature-ocr\build\generated\ksp\debug\classes', not found
file or directory 'C:\Users\xmeta\projects\Mr.Comic\android\feature-ocr\build\generated\ksp\debug\classes', not found
Caching disabled for task ':android:feature-ocr:processDebugJavaRes' because:
  Caching has been disabled for the task
Skipping task ':android:feature-ocr:processDebugJavaRes' as it is up-to-date.
work action resolve out (project :android:feature-ocr) (Thread[Execution worker,5,main]) started.
Resolve mutations for :android:feature-ocr:bundleLibRuntimeToDirDebug (Thread[Execution worker,5,main]) started.
:android:feature-ocr:bundleLibRuntimeToDirDebug (Thread[Execution worker,5,main]) started.

> Task :android:feature-ocr:bundleLibRuntimeToDirDebug UP-TO-DATE
Caching disabled for task ':android:feature-ocr:bundleLibRuntimeToDirDebug' because:
  Simple merging task
Skipping task ':android:feature-ocr:bundleLibRuntimeToDirDebug' as it is up-to-date.
work action resolve bundleLibRuntimeToDirDebug (project :android:feature-ocr) (Thread[Execution worker,5,main]) started.
ClassesDirToClassesTransform (Thread[Execution worker,5,main]) started.

> Transform bundleLibRuntimeToDirDebug (project :android:feature-ocr) with ClassesDirToClassesTransform
Transforming bundleLibRuntimeToDirDebug (project :android:feature-ocr) with ClassesDirToClassesTransform
DexingNoClasspathTransform (Thread[Execution worker,5,main]) started.

> Transform bundleLibRuntimeToDirDebug (project :android:feature-ocr) with DexingNoClasspathTransform
Transforming bundleLibRuntimeToDirDebug (project :android:feature-ocr) with DexingNoClasspathTransform
Build cache key for DexingNoClasspathTransform: C:\Users\xmeta\projects\Mr.Comic\android\feature-ocr\build\intermediates\runtime_library_classes_dir\debug\bundleLibRuntimeToDirDebug is bf52cce7b4786066053830445352b85b
Skipping DexingNoClasspathTransform: C:\Users\xmeta\projects\Mr.Comic\android\feature-ocr\build\intermediates\runtime_library_classes_dir\debug\bundleLibRuntimeToDirDebug as it is up-to-date.
DexingOutputSplitTransform (Thread[Execution worker,5,main]) started.

> Transform bundleLibRuntimeToDirDebug (project :android:feature-ocr) with DexingOutputSplitTransform
Transforming bundleLibRuntimeToDirDebug (project :android:feature-ocr) with DexingOutputSplitTransform

> Task :android:app:processDebugResources UP-TO-DATE
Failed to get resource: HEAD. [HTTP HTTP/1.1 401 Unauthorized: https://jitpack.io/nl/siegmann/epublib/epublib-core/3.1/epublib-core-3.1.pom)]
Build cache key for task ':android:app:processDebugResources' is 2c81431f88ccef5fb6fa3263acf5512e
Skipping task ':android:app:processDebugResources' as it is up-to-date.
Resolve mutations for :android:app:javaPreCompileDebug (Thread[Execution worker Thread 9,5,main]) started.
:android:app:javaPreCompileDebug (Thread[Execution worker Thread 9,5,main]) started.

> Task :android:app:javaPreCompileDebug UP-TO-DATE
Build cache key for task ':android:app:javaPreCompileDebug' is 3a1c62356ca3a5a00d13c89d3c3078f2
Skipping task ':android:app:javaPreCompileDebug' as it is up-to-date.
Resolve mutations for :android:app:mergeDebugShaders (Thread[Execution worker Thread 9,5,main]) started.
:android:app:mergeDebugShaders (Thread[Execution worker Thread 9,5,main]) started.

> Task :android:app:mergeDebugShaders UP-TO-DATE
Caching disabled for task ':android:app:mergeDebugShaders' because:
  Simple merging task
Skipping task ':android:app:mergeDebugShaders' as it is up-to-date.
Resolve mutations for :android:app:compileDebugShaders (Thread[Execution worker Thread 9,5,main]) started.
:android:app:compileDebugShaders (Thread[Execution worker Thread 9,5,main]) started.

> Task :android:app:compileDebugShaders NO-SOURCE
Skipping task ':android:app:compileDebugShaders' as it has no source files and no previous output files.
Resolve mutations for :android:app:generateDebugAssets (Thread[Execution worker Thread 9,5,main]) started.
:android:app:generateDebugAssets (Thread[Execution worker Thread 9,5,main]) started.

> Task :android:app:generateDebugAssets UP-TO-DATE
Skipping task ':android:app:generateDebugAssets' as it has no actions.
Resolve mutations for :android:app:mergeDebugAssets (Thread[Execution worker Thread 9,5,main]) started.
:android:app:mergeDebugAssets (Thread[Execution worker Thread 9,5,main]) started.

> Task :android:app:mergeDebugAssets UP-TO-DATE
Transforming core-splashscreen-1.0.1.aar (androidx.core:core-splashscreen:1.0.1) with JetifyTransform
Transforming core-splashscreen-1.0.1.aar (androidx.core:core-splashscreen:1.0.1) with ExtractAarTransform
Transforming core-splashscreen-1.0.1.aar (androidx.core:core-splashscreen:1.0.1) with AarTransform
Transforming hilt-navigation-compose-1.2.0.aar (androidx.hilt:hilt-navigation-compose:1.2.0) with JetifyTransform
Transforming hilt-navigation-compose-1.2.0.aar (androidx.hilt:hilt-navigation-compose:1.2.0) with ExtractAarTransform
Transforming hilt-navigation-compose-1.2.0.aar (androidx.hilt:hilt-navigation-compose:1.2.0) with AarTransform
Transforming hilt-navigation-1.2.0.aar (androidx.hilt:hilt-navigation:1.2.0) with JetifyTransform
Transforming hilt-navigation-1.2.0.aar (androidx.hilt:hilt-navigation:1.2.0) with ExtractAarTransform
Transforming hilt-navigation-1.2.0.aar (androidx.hilt:hilt-navigation:1.2.0) with AarTransform
Transforming navigation-common-2.7.7.aar (androidx.navigation:navigation-common:2.7.7) with JetifyTransform
Transforming navigation-common-2.7.7.aar (androidx.navigation:navigation-common:2.7.7) with ExtractAarTransform
Transforming navigation-common-2.7.7.aar (androidx.navigation:navigation-common:2.7.7) with AarTransform
Transforming navigation-runtime-2.7.7.aar (androidx.navigation:navigation-runtime:2.7.7) with JetifyTransform
Transforming navigation-runtime-2.7.7.aar (androidx.navigation:navigation-runtime:2.7.7) with ExtractAarTransform
Transforming navigation-runtime-2.7.7.aar (androidx.navigation:navigation-runtime:2.7.7) with AarTransform
Transforming navigation-common-ktx-2.7.7.aar (androidx.navigation:navigation-common-ktx:2.7.7) with JetifyTransform
Transforming navigation-common-ktx-2.7.7.aar (androidx.navigation:navigation-common-ktx:2.7.7) with ExtractAarTransform
Transforming navigation-common-ktx-2.7.7.aar (androidx.navigation:navigation-common-ktx:2.7.7) with AarTransform
Transforming navigation-runtime-ktx-2.7.7.aar (androidx.navigation:navigation-runtime-ktx:2.7.7) with JetifyTransform
Transforming navigation-runtime-ktx-2.7.7.aar (androidx.navigation:navigation-runtime-ktx:2.7.7) with ExtractAarTransform
Transforming navigation-runtime-ktx-2.7.7.aar (androidx.navigation:navigation-runtime-ktx:2.7.7) with AarTransform
Transforming navigation-compose-2.7.7.aar (androidx.navigation:navigation-compose:2.7.7) with JetifyTransform
Transforming navigation-compose-2.7.7.aar (androidx.navigation:navigation-compose:2.7.7) with ExtractAarTransform
Transforming navigation-compose-2.7.7.aar (androidx.navigation:navigation-compose:2.7.7) with AarTransform
Transforming hilt-work-1.2.0.aar (androidx.hilt:hilt-work:1.2.0) with JetifyTransform
Transforming hilt-work-1.2.0.aar (androidx.hilt:hilt-work:1.2.0) with ExtractAarTransform
Transforming hilt-work-1.2.0.aar (androidx.hilt:hilt-work:1.2.0) with AarTransform
Transforming hilt-android-2.51.1.aar (com.google.dagger:hilt-android:2.51.1) with JetifyTransform
Transforming hilt-android-2.51.1.aar (com.google.dagger:hilt-android:2.51.1) with ExtractAarTransform
Transforming hilt-android-2.51.1.aar (com.google.dagger:hilt-android:2.51.1) with AarTransform
Transforming room-runtime-release.aar (androidx.room:room-runtime-android:2.7.2) with JetifyTransform
Transforming room-runtime-release.aar (androidx.room:room-runtime-android:2.7.2) with ExtractAarTransform
Transforming room-runtime-release.aar (androidx.room:room-runtime-android:2.7.2) with AarTransform
Transforming work-runtime-ktx-2.9.0.aar (androidx.work:work-runtime-ktx:2.9.0) with JetifyTransform
Transforming work-runtime-ktx-2.9.0.aar (androidx.work:work-runtime-ktx:2.9.0) with ExtractAarTransform
Transforming work-runtime-ktx-2.9.0.aar (androidx.work:work-runtime-ktx:2.9.0) with AarTransform
Transforming work-runtime-2.9.0.aar (androidx.work:work-runtime:2.9.0) with JetifyTransform
Transforming work-runtime-2.9.0.aar (androidx.work:work-runtime:2.9.0) with ExtractAarTransform
Transforming work-runtime-2.9.0.aar (androidx.work:work-runtime:2.9.0) with AarTransform
Transforming room-ktx-2.7.2.aar (androidx.room:room-ktx:2.7.2) with JetifyTransform
Transforming room-ktx-2.7.2.aar (androidx.room:room-ktx:2.7.2) with ExtractAarTransform
Transforming room-ktx-2.7.2.aar (androidx.room:room-ktx:2.7.2) with AarTransform
Transforming coil-compose-2.7.0.aar (io.coil-kt:coil-compose:2.7.0) with JetifyTransform
Transforming coil-compose-2.7.0.aar (io.coil-kt:coil-compose:2.7.0) with ExtractAarTransform
Transforming coil-compose-2.7.0.aar (io.coil-kt:coil-compose:2.7.0) with AarTransform
Transforming material-1.11.0.aar (com.google.android.material:material:1.11.0) with JetifyTransform
Transforming material-1.11.0.aar (com.google.android.material:material:1.11.0) with ExtractAarTransform
Transforming material-1.11.0.aar (com.google.android.material:material:1.11.0) with AarTransform
Transforming constraintlayout-2.0.1.aar (androidx.constraintlayout:constraintlayout:2.0.1) with JetifyTransform
Transforming constraintlayout-2.0.1.aar (androidx.constraintlayout:constraintlayout:2.0.1) with ExtractAarTransform
Transforming constraintlayout-2.0.1.aar (androidx.constraintlayout:constraintlayout:2.0.1) with AarTransform
Transforming coil-compose-base-2.7.0.aar (io.coil-kt:coil-compose-base:2.7.0) with JetifyTransform
Transforming coil-compose-base-2.7.0.aar (io.coil-kt:coil-compose-base:2.7.0) with ExtractAarTransform
Transforming coil-compose-base-2.7.0.aar (io.coil-kt:coil-compose-base:2.7.0) with AarTransform
Transforming coil-2.7.0.aar (io.coil-kt:coil:2.7.0) with JetifyTransform
Transforming coil-2.7.0.aar (io.coil-kt:coil:2.7.0) with ExtractAarTransform
Transforming coil-2.7.0.aar (io.coil-kt:coil:2.7.0) with AarTransform
Transforming coil-base-2.7.0.aar (io.coil-kt:coil-base:2.7.0) with JetifyTransform
Transforming coil-base-2.7.0.aar (io.coil-kt:coil-base:2.7.0) with ExtractAarTransform
Transforming coil-base-2.7.0.aar (io.coil-kt:coil-base:2.7.0) with AarTransform
Transforming appcompat-resources-1.6.1.aar (androidx.appcompat:appcompat-resources:1.6.1) with JetifyTransform
Transforming appcompat-resources-1.6.1.aar (androidx.appcompat:appcompat-resources:1.6.1) with ExtractAarTransform
Transforming appcompat-resources-1.6.1.aar (androidx.appcompat:appcompat-resources:1.6.1) with AarTransform
Transforming lottie-compose-6.4.1.aar (com.airbnb.android:lottie-compose:6.4.1) with JetifyTransform
Transforming lottie-compose-6.4.1.aar (com.airbnb.android:lottie-compose:6.4.1) with ExtractAarTransform
Transforming lottie-compose-6.4.1.aar (com.airbnb.android:lottie-compose:6.4.1) with AarTransform
Transforming lottie-6.4.1.aar (com.airbnb.android:lottie:6.4.1) with JetifyTransform
Transforming lottie-6.4.1.aar (com.airbnb.android:lottie:6.4.1) with ExtractAarTransform
Transforming lottie-6.4.1.aar (com.airbnb.android:lottie:6.4.1) with AarTransform
Transforming text-recognition-16.0.1.aar (com.google.mlkit:text-recognition:16.0.1) with JetifyTransform
Transforming text-recognition-16.0.1.aar (com.google.mlkit:text-recognition:16.0.1) with ExtractAarTransform
Transforming text-recognition-16.0.1.aar (com.google.mlkit:text-recognition:16.0.1) with AarTransform
Transforming play-services-mlkit-text-recognition-19.0.1.aar (com.google.android.gms:play-services-mlkit-text-recognition:19.0.1) with JetifyTransform
Transforming play-services-mlkit-text-recognition-19.0.1.aar (com.google.android.gms:play-services-mlkit-text-recognition:19.0.1) with ExtractAarTransform
Transforming play-services-mlkit-text-recognition-19.0.1.aar (com.google.android.gms:play-services-mlkit-text-recognition:19.0.1) with AarTransform
Transforming text-recognition-bundled-common-17.0.0.aar (com.google.mlkit:text-recognition-bundled-common:17.0.0) with JetifyTransform
Transforming text-recognition-bundled-common-17.0.0.aar (com.google.mlkit:text-recognition-bundled-common:17.0.0) with ExtractAarTransform
Transforming text-recognition-bundled-common-17.0.0.aar (com.google.mlkit:text-recognition-bundled-common:17.0.0) with AarTransform
Transforming play-services-mlkit-text-recognition-common-19.1.0.aar (com.google.android.gms:play-services-mlkit-text-recognition-common:19.1.0) with JetifyTransform
Transforming play-services-mlkit-text-recognition-common-19.1.0.aar (com.google.android.gms:play-services-mlkit-text-recognition-common:19.1.0) with ExtractAarTransform
Transforming play-services-mlkit-text-recognition-common-19.1.0.aar (com.google.android.gms:play-services-mlkit-text-recognition-common:19.1.0) with AarTransform
Transforming vision-common-17.3.0.aar (com.google.mlkit:vision-common:17.3.0) with JetifyTransform
Transforming vision-common-17.3.0.aar (com.google.mlkit:vision-common:17.3.0) with ExtractAarTransform
Transforming vision-common-17.3.0.aar (com.google.mlkit:vision-common:17.3.0) with AarTransform
Transforming vision-common-17.3.0.aar (com.google.mlkit:vision-common:17.3.0) with JetifyTransform
Transforming vision-common-17.3.0.aar (com.google.mlkit:vision-common:17.3.0) with ExtractAarTransform
Transforming vision-common-17.3.0.aar (com.google.mlkit:vision-common:17.3.0) with AarTransform
Transforming common-18.11.0.aar (com.google.mlkit:common:18.11.0) with JetifyTransform
Transforming common-18.11.0.aar (com.google.mlkit:common:18.11.0) with ExtractAarTransform
Transforming common-18.11.0.aar (com.google.mlkit:common:18.11.0) with AarTransform
Transforming common-18.11.0.aar (com.google.mlkit:common:18.11.0) with JetifyTransform
Transforming common-18.11.0.aar (com.google.mlkit:common:18.11.0) with ExtractAarTransform
Transforming common-18.11.0.aar (com.google.mlkit:common:18.11.0) with AarTransform
Transforming common-18.11.0.aar (com.google.mlkit:common:18.11.0) with JetifyTransform
Transforming common-18.11.0.aar (com.google.mlkit:common:18.11.0) with ExtractAarTransform
Transforming common-18.11.0.aar (com.google.mlkit:common:18.11.0) with AarTransform
Transforming common-18.11.0.aar (com.google.mlkit:common:18.11.0) with JetifyTransform
Transforming common-18.11.0.aar (com.google.mlkit:common:18.11.0) with ExtractAarTransform
Transforming common-18.11.0.aar (com.google.mlkit:common:18.11.0) with AarTransform
Transforming common-18.11.0.aar (com.google.mlkit:common:18.11.0) with JetifyTransform
Transforming common-18.11.0.aar (com.google.mlkit:common:18.11.0) with ExtractAarTransform
Transforming common-18.11.0.aar (com.google.mlkit:common:18.11.0) with AarTransform
Transforming appcompat-1.6.1.aar (androidx.appcompat:appcompat:1.6.1) with JetifyTransform
Transforming appcompat-1.6.1.aar (androidx.appcompat:appcompat:1.6.1) with ExtractAarTransform
Transforming appcompat-1.6.1.aar (androidx.appcompat:appcompat:1.6.1) with AarTransform
Transforming appcompat-1.6.1.aar (androidx.appcompat:appcompat:1.6.1) with JetifyTransform
Transforming appcompat-1.6.1.aar (androidx.appcompat:appcompat:1.6.1) with ExtractAarTransform
Transforming appcompat-1.6.1.aar (androidx.appcompat:appcompat:1.6.1) with AarTransform
Transforming glide-4.15.1.aar (com.github.bumptech.glide:glide:4.15.1) with JetifyTransform
Transforming glide-4.15.1.aar (com.github.bumptech.glide:glide:4.15.1) with ExtractAarTransform
Transforming glide-4.15.1.aar (com.github.bumptech.glide:glide:4.15.1) with AarTransform
Transforming viewpager2-1.0.0.aar (androidx.viewpager2:viewpager2:1.0.0) with JetifyTransform
Transforming viewpager2-1.0.0.aar (androidx.viewpager2:viewpager2:1.0.0) with ExtractAarTransform
Transforming viewpager2-1.0.0.aar (androidx.viewpager2:viewpager2:1.0.0) with AarTransform
Transforming pdfium-android-1.9.0.aar (com.github.barteksc:pdfium-android:1.9.0) with JetifyTransform
Transforming pdfium-android-1.9.0.aar (com.github.barteksc:pdfium-android:1.9.0) with ExtractAarTransform
Transforming pdfium-android-1.9.0.aar (com.github.barteksc:pdfium-android:1.9.0) with AarTransform
Transforming legacy-support-v4-1.0.0.aar (androidx.legacy:legacy-support-v4:1.0.0) with JetifyTransform
Transforming legacy-support-v4-1.0.0.aar (androidx.legacy:legacy-support-v4:1.0.0) with ExtractAarTransform
Transforming legacy-support-v4-1.0.0.aar (androidx.legacy:legacy-support-v4:1.0.0) with AarTransform
Transforming play-services-base-18.5.0.aar (com.google.android.gms:play-services-base:18.5.0) with JetifyTransform
Transforming play-services-base-18.5.0.aar (com.google.android.gms:play-services-base:18.5.0) with ExtractAarTransform
Transforming play-services-base-18.5.0.aar (com.google.android.gms:play-services-base:18.5.0) with AarTransform
Transforming play-services-base-18.5.0.aar (com.google.android.gms:play-services-base:18.5.0) with JetifyTransform
Transforming play-services-base-18.5.0.aar (com.google.android.gms:play-services-base:18.5.0) with ExtractAarTransform
Transforming play-services-base-18.5.0.aar (com.google.android.gms:play-services-base:18.5.0) with AarTransform
Transforming play-services-base-18.5.0.aar (com.google.android.gms:play-services-base:18.5.0) with JetifyTransform
Transforming play-services-base-18.5.0.aar (com.google.android.gms:play-services-base:18.5.0) with ExtractAarTransform
Transforming play-services-base-18.5.0.aar (com.google.android.gms:play-services-base:18.5.0) with AarTransform
Transforming play-services-base-18.5.0.aar (com.google.android.gms:play-services-base:18.5.0) with JetifyTransform
Transforming play-services-base-18.5.0.aar (com.google.android.gms:play-services-base:18.5.0) with ExtractAarTransform
Transforming play-services-base-18.5.0.aar (com.google.android.gms:play-services-base:18.5.0) with AarTransform
Transforming play-services-base-18.5.0.aar (com.google.android.gms:play-services-base:18.5.0) with JetifyTransform
Transforming play-services-base-18.5.0.aar (com.google.android.gms:play-services-base:18.5.0) with ExtractAarTransform
Transforming play-services-base-18.5.0.aar (com.google.android.gms:play-services-base:18.5.0) with AarTransform
Transforming play-services-base-18.5.0.aar (com.google.android.gms:play-services-base:18.5.0) with JetifyTransform
Transforming play-services-base-18.5.0.aar (com.google.android.gms:play-services-base:18.5.0) with ExtractAarTransform
Transforming play-services-base-18.5.0.aar (com.google.android.gms:play-services-base:18.5.0) with AarTransform
Transforming vision-interfaces-16.3.0.aar (com.google.mlkit:vision-interfaces:16.3.0) with JetifyTransform
Transforming vision-interfaces-16.3.0.aar (com.google.mlkit:vision-interfaces:16.3.0) with ExtractAarTransform
Transforming vision-interfaces-16.3.0.aar (com.google.mlkit:vision-interfaces:16.3.0) with AarTransform
Transforming play-services-tasks-18.2.0.aar (com.google.android.gms:play-services-tasks:18.2.0) with JetifyTransform
Transforming play-services-tasks-18.2.0.aar (com.google.android.gms:play-services-tasks:18.2.0) with ExtractAarTransform
Transforming play-services-tasks-18.2.0.aar (com.google.android.gms:play-services-tasks:18.2.0) with AarTransform
Transforming play-services-tasks-18.2.0.aar (com.google.android.gms:play-services-tasks:18.2.0) with JetifyTransform
Transforming play-services-tasks-18.2.0.aar (com.google.android.gms:play-services-tasks:18.2.0) with ExtractAarTransform
Transforming play-services-tasks-18.2.0.aar (com.google.android.gms:play-services-tasks:18.2.0) with AarTransform
Transforming play-services-tasks-18.2.0.aar (com.google.android.gms:play-services-tasks:18.2.0) with JetifyTransform
Transforming play-services-tasks-18.2.0.aar (com.google.android.gms:play-services-tasks:18.2.0) with ExtractAarTransform
Transforming play-services-tasks-18.2.0.aar (com.google.android.gms:play-services-tasks:18.2.0) with AarTransform
Transforming play-services-tasks-18.2.0.aar (com.google.android.gms:play-services-tasks:18.2.0) with JetifyTransform
Transforming play-services-tasks-18.2.0.aar (com.google.android.gms:play-services-tasks:18.2.0) with ExtractAarTransform
Transforming play-services-tasks-18.2.0.aar (com.google.android.gms:play-services-tasks:18.2.0) with AarTransform
Transforming play-services-tasks-18.2.0.aar (com.google.android.gms:play-services-tasks:18.2.0) with JetifyTransform
Transforming play-services-tasks-18.2.0.aar (com.google.android.gms:play-services-tasks:18.2.0) with ExtractAarTransform
Transforming play-services-tasks-18.2.0.aar (com.google.android.gms:play-services-tasks:18.2.0) with AarTransform
Transforming play-services-tasks-18.2.0.aar (com.google.android.gms:play-services-tasks:18.2.0) with JetifyTransform
Transforming play-services-tasks-18.2.0.aar (com.google.android.gms:play-services-tasks:18.2.0) with ExtractAarTransform
Transforming play-services-tasks-18.2.0.aar (com.google.android.gms:play-services-tasks:18.2.0) with AarTransform
Transforming play-services-basement-18.4.0.aar (com.google.android.gms:play-services-basement:18.4.0) with JetifyTransform
Transforming play-services-basement-18.4.0.aar (com.google.android.gms:play-services-basement:18.4.0) with ExtractAarTransform
Transforming play-services-basement-18.4.0.aar (com.google.android.gms:play-services-basement:18.4.0) with AarTransform
Transforming play-services-basement-18.4.0.aar (com.google.android.gms:play-services-basement:18.4.0) with JetifyTransform
Transforming play-services-basement-18.4.0.aar (com.google.android.gms:play-services-basement:18.4.0) with ExtractAarTransform
Transforming play-services-basement-18.4.0.aar (com.google.android.gms:play-services-basement:18.4.0) with AarTransform
Transforming play-services-basement-18.4.0.aar (com.google.android.gms:play-services-basement:18.4.0) with JetifyTransform
Transforming play-services-basement-18.4.0.aar (com.google.android.gms:play-services-basement:18.4.0) with ExtractAarTransform
Transforming play-services-basement-18.4.0.aar (com.google.android.gms:play-services-basement:18.4.0) with AarTransform
Transforming play-services-basement-18.4.0.aar (com.google.android.gms:play-services-basement:18.4.0) with JetifyTransform
Transforming play-services-basement-18.4.0.aar (com.google.android.gms:play-services-basement:18.4.0) with ExtractAarTransform
Transforming play-services-basement-18.4.0.aar (com.google.android.gms:play-services-basement:18.4.0) with AarTransform
Transforming play-services-basement-18.4.0.aar (com.google.android.gms:play-services-basement:18.4.0) with JetifyTransform
Transforming play-services-basement-18.4.0.aar (com.google.android.gms:play-services-basement:18.4.0) with ExtractAarTransform
Transforming play-services-basement-18.4.0.aar (com.google.android.gms:play-services-basement:18.4.0) with AarTransform
Transforming play-services-basement-18.4.0.aar (com.google.android.gms:play-services-basement:18.4.0) with JetifyTransform
Transforming play-services-basement-18.4.0.aar (com.google.android.gms:play-services-basement:18.4.0) with ExtractAarTransform
Transforming play-services-basement-18.4.0.aar (com.google.android.gms:play-services-basement:18.4.0) with AarTransform
Transforming play-services-basement-18.4.0.aar (com.google.android.gms:play-services-basement:18.4.0) with JetifyTransform
Transforming play-services-basement-18.4.0.aar (com.google.android.gms:play-services-basement:18.4.0) with ExtractAarTransform
Transforming play-services-basement-18.4.0.aar (com.google.android.gms:play-services-basement:18.4.0) with AarTransform
Transforming play-services-basement-18.4.0.aar (com.google.android.gms:play-services-basement:18.4.0) with JetifyTransform
Transforming play-services-basement-18.4.0.aar (com.google.android.gms:play-services-basement:18.4.0) with ExtractAarTransform
Transforming play-services-basement-18.4.0.aar (com.google.android.gms:play-services-basement:18.4.0) with AarTransform
Transforming play-services-basement-18.4.0.aar (com.google.android.gms:play-services-basement:18.4.0) with JetifyTransform
Transforming play-services-basement-18.4.0.aar (com.google.android.gms:play-services-basement:18.4.0) with ExtractAarTransform
Transforming play-services-basement-18.4.0.aar (com.google.android.gms:play-services-basement:18.4.0) with AarTransform
Transforming fragment-1.5.1.aar (androidx.fragment:fragment:1.5.1) with JetifyTransform
Transforming fragment-1.5.1.aar (androidx.fragment:fragment:1.5.1) with ExtractAarTransform
Transforming fragment-1.5.1.aar (androidx.fragment:fragment:1.5.1) with AarTransform
Transforming fragment-1.5.1.aar (androidx.fragment:fragment:1.5.1) with JetifyTransform
Transforming fragment-1.5.1.aar (androidx.fragment:fragment:1.5.1) with ExtractAarTransform
Transforming fragment-1.5.1.aar (androidx.fragment:fragment:1.5.1) with AarTransform
Transforming fragment-1.5.1.aar (androidx.fragment:fragment:1.5.1) with JetifyTransform
Transforming fragment-1.5.1.aar (androidx.fragment:fragment:1.5.1) with ExtractAarTransform
Transforming fragment-1.5.1.aar (androidx.fragment:fragment:1.5.1) with AarTransform
Transforming fragment-1.5.1.aar (androidx.fragment:fragment:1.5.1) with JetifyTransform
Transforming fragment-1.5.1.aar (androidx.fragment:fragment:1.5.1) with ExtractAarTransform
Transforming fragment-1.5.1.aar (androidx.fragment:fragment:1.5.1) with AarTransform
Transforming fragment-1.5.1.aar (androidx.fragment:fragment:1.5.1) with JetifyTransform
Transforming fragment-1.5.1.aar (androidx.fragment:fragment:1.5.1) with ExtractAarTransform
Transforming fragment-1.5.1.aar (androidx.fragment:fragment:1.5.1) with AarTransform
Transforming material3-window-size-class-release.aar (androidx.compose.material3:material3-window-size-class-android:1.2.1) with JetifyTransform
Transforming material3-window-size-class-release.aar (androidx.compose.material3:material3-window-size-class-android:1.2.1) with ExtractAarTransform
Transforming material3-window-size-class-release.aar (androidx.compose.material3:material3-window-size-class-android:1.2.1) with AarTransform
Transforming material3-release.aar (androidx.compose.material3:material3-android:1.2.1) with JetifyTransform
Transforming material3-release.aar (androidx.compose.material3:material3-android:1.2.1) with ExtractAarTransform
Transforming material3-release.aar (androidx.compose.material3:material3-android:1.2.1) with AarTransform
Transforming palette-1.0.0.aar (androidx.palette:palette:1.0.0) with JetifyTransform
Transforming palette-1.0.0.aar (androidx.palette:palette:1.0.0) with ExtractAarTransform
Transforming palette-1.0.0.aar (androidx.palette:palette:1.0.0) with AarTransform
Transforming dynamicanimation-1.0.0.aar (androidx.dynamicanimation:dynamicanimation:1.0.0) with JetifyTransform
Transforming dynamicanimation-1.0.0.aar (androidx.dynamicanimation:dynamicanimation:1.0.0) with ExtractAarTransform
Transforming dynamicanimation-1.0.0.aar (androidx.dynamicanimation:dynamicanimation:1.0.0) with AarTransform
Transforming legacy-support-core-ui-1.0.0.aar (androidx.legacy:legacy-support-core-ui:1.0.0) with JetifyTransform
Transforming legacy-support-core-ui-1.0.0.aar (androidx.legacy:legacy-support-core-ui:1.0.0) with ExtractAarTransform
Transforming legacy-support-core-ui-1.0.0.aar (androidx.legacy:legacy-support-core-ui:1.0.0) with AarTransform
Transforming legacy-support-core-utils-1.0.0.aar (androidx.legacy:legacy-support-core-utils:1.0.0) with JetifyTransform
Transforming legacy-support-core-utils-1.0.0.aar (androidx.legacy:legacy-support-core-utils:1.0.0) with ExtractAarTransform
Transforming legacy-support-core-utils-1.0.0.aar (androidx.legacy:legacy-support-core-utils:1.0.0) with AarTransform
Transforming legacy-support-core-utils-1.0.0.aar (androidx.legacy:legacy-support-core-utils:1.0.0) with JetifyTransform
Transforming legacy-support-core-utils-1.0.0.aar (androidx.legacy:legacy-support-core-utils:1.0.0) with ExtractAarTransform
Transforming legacy-support-core-utils-1.0.0.aar (androidx.legacy:legacy-support-core-utils:1.0.0) with AarTransform
Transforming legacy-support-core-utils-1.0.0.aar (androidx.legacy:legacy-support-core-utils:1.0.0) with JetifyTransform
Transforming legacy-support-core-utils-1.0.0.aar (androidx.legacy:legacy-support-core-utils:1.0.0) with ExtractAarTransform
Transforming legacy-support-core-utils-1.0.0.aar (androidx.legacy:legacy-support-core-utils:1.0.0) with AarTransform
Transforming legacy-support-core-utils-1.0.0.aar (androidx.legacy:legacy-support-core-utils:1.0.0) with JetifyTransform
Transforming legacy-support-core-utils-1.0.0.aar (androidx.legacy:legacy-support-core-utils:1.0.0) with ExtractAarTransform
Transforming legacy-support-core-utils-1.0.0.aar (androidx.legacy:legacy-support-core-utils:1.0.0) with AarTransform
Transforming loader-1.0.0.aar (androidx.loader:loader:1.0.0) with JetifyTransform
Transforming loader-1.0.0.aar (androidx.loader:loader:1.0.0) with ExtractAarTransform
Transforming loader-1.0.0.aar (androidx.loader:loader:1.0.0) with AarTransform
Transforming loader-1.0.0.aar (androidx.loader:loader:1.0.0) with JetifyTransform
Transforming loader-1.0.0.aar (androidx.loader:loader:1.0.0) with ExtractAarTransform
Transforming loader-1.0.0.aar (androidx.loader:loader:1.0.0) with AarTransform
Transforming accompanist-permissions-0.37.3.aar (com.google.accompanist:accompanist-permissions:0.37.3) with JetifyTransform
Transforming accompanist-permissions-0.37.3.aar (com.google.accompanist:accompanist-permissions:0.37.3) with ExtractAarTransform
Transforming accompanist-permissions-0.37.3.aar (com.google.accompanist:accompanist-permissions:0.37.3) with AarTransform
Transforming constraintlayout-compose-1.0.1.aar (androidx.constraintlayout:constraintlayout-compose:1.0.1) with JetifyTransform
Transforming constraintlayout-compose-1.0.1.aar (androidx.constraintlayout:constraintlayout-compose:1.0.1) with ExtractAarTransform
Transforming constraintlayout-compose-1.0.1.aar (androidx.constraintlayout:constraintlayout-compose:1.0.1) with AarTransform
Transforming accompanist-systemuicontroller-0.34.0.aar (com.google.accompanist:accompanist-systemuicontroller:0.34.0) with JetifyTransform
Transforming accompanist-systemuicontroller-0.34.0.aar (com.google.accompanist:accompanist-systemuicontroller:0.34.0) with ExtractAarTransform
Transforming accompanist-systemuicontroller-0.34.0.aar (com.google.accompanist:accompanist-systemuicontroller:0.34.0) with AarTransform
Transforming accompanist-adaptive-0.34.0.aar (com.google.accompanist:accompanist-adaptive:0.34.0) with JetifyTransform
Transforming accompanist-adaptive-0.34.0.aar (com.google.accompanist:accompanist-adaptive:0.34.0) with ExtractAarTransform
Transforming accompanist-adaptive-0.34.0.aar (com.google.accompanist:accompanist-adaptive:0.34.0) with AarTransform
Transforming accompanist-drawablepainter-0.32.0.aar (com.google.accompanist:accompanist-drawablepainter:0.32.0) with JetifyTransform
Transforming accompanist-drawablepainter-0.32.0.aar (com.google.accompanist:accompanist-drawablepainter:0.32.0) with ExtractAarTransform
Transforming accompanist-drawablepainter-0.32.0.aar (com.google.accompanist:accompanist-drawablepainter:0.32.0) with AarTransform
Transforming material-ripple-release.aar (androidx.compose.material:material-ripple-android:1.6.8) with JetifyTransform
Transforming material-ripple-release.aar (androidx.compose.material:material-ripple-android:1.6.8) with ExtractAarTransform
Transforming material-ripple-release.aar (androidx.compose.material:material-ripple-android:1.6.8) with AarTransform
Transforming ui-tooling-data-release.aar (androidx.compose.ui:ui-tooling-data-android:1.7.8) with JetifyTransform
Transforming ui-tooling-data-release.aar (androidx.compose.ui:ui-tooling-data-android:1.7.8) with ExtractAarTransform
Transforming ui-tooling-data-release.aar (androidx.compose.ui:ui-tooling-data-android:1.7.8) with AarTransform
Transforming ui-tooling-preview-release.aar (androidx.compose.ui:ui-tooling-preview-android:1.7.8) with JetifyTransform
Transforming ui-tooling-preview-release.aar (androidx.compose.ui:ui-tooling-preview-android:1.7.8) with ExtractAarTransform
Transforming ui-tooling-preview-release.aar (androidx.compose.ui:ui-tooling-preview-android:1.7.8) with AarTransform
Transforming animation-core-release.aar (androidx.compose.animation:animation-core-android:1.7.8) with JetifyTransform
Transforming animation-core-release.aar (androidx.compose.animation:animation-core-android:1.7.8) with ExtractAarTransform
Transforming animation-core-release.aar (androidx.compose.animation:animation-core-android:1.7.8) with AarTransform
Transforming animation-release.aar (androidx.compose.animation:animation-android:1.7.8) with JetifyTransform
Transforming animation-release.aar (androidx.compose.animation:animation-android:1.7.8) with ExtractAarTransform
Transforming animation-release.aar (androidx.compose.animation:animation-android:1.7.8) with AarTransform
Transforming foundation-layout-release.aar (androidx.compose.foundation:foundation-layout-android:1.7.8) with JetifyTransform
Transforming foundation-layout-release.aar (androidx.compose.foundation:foundation-layout-android:1.7.8) with ExtractAarTransform
Transforming foundation-layout-release.aar (androidx.compose.foundation:foundation-layout-android:1.7.8) with AarTransform
Transforming foundation-release.aar (androidx.compose.foundation:foundation-android:1.7.8) with JetifyTransform
Transforming foundation-release.aar (androidx.compose.foundation:foundation-android:1.7.8) with ExtractAarTransform
Transforming foundation-release.aar (androidx.compose.foundation:foundation-android:1.7.8) with AarTransform
Transforming ui-util-release.aar (androidx.compose.ui:ui-util-android:1.7.8) with JetifyTransform
Transforming ui-util-release.aar (androidx.compose.ui:ui-util-android:1.7.8) with ExtractAarTransform
Transforming ui-util-release.aar (androidx.compose.ui:ui-util-android:1.7.8) with AarTransform
Transforming ui-unit-release.aar (androidx.compose.ui:ui-unit-android:1.7.8) with JetifyTransform
Transforming ui-unit-release.aar (androidx.compose.ui:ui-unit-android:1.7.8) with ExtractAarTransform
Transforming ui-unit-release.aar (androidx.compose.ui:ui-unit-android:1.7.8) with AarTransform
Transforming ui-text-release.aar (androidx.compose.ui:ui-text-android:1.7.8) with JetifyTransform
Transforming ui-text-release.aar (androidx.compose.ui:ui-text-android:1.7.8) with ExtractAarTransform
Transforming ui-text-release.aar (androidx.compose.ui:ui-text-android:1.7.8) with AarTransform
Transforming ui-graphics-release.aar (androidx.compose.ui:ui-graphics-android:1.7.8) with JetifyTransform
Transforming ui-graphics-release.aar (androidx.compose.ui:ui-graphics-android:1.7.8) with ExtractAarTransform
Transforming ui-graphics-release.aar (androidx.compose.ui:ui-graphics-android:1.7.8) with AarTransform
Transforming ui-geometry-release.aar (androidx.compose.ui:ui-geometry-android:1.7.8) with JetifyTransform
Transforming ui-geometry-release.aar (androidx.compose.ui:ui-geometry-android:1.7.8) with ExtractAarTransform
Transforming ui-geometry-release.aar (androidx.compose.ui:ui-geometry-android:1.7.8) with AarTransform
Transforming ui-test-manifest-1.7.8.aar (androidx.compose.ui:ui-test-manifest:1.7.8) with JetifyTransform
Transforming ui-test-manifest-1.7.8.aar (androidx.compose.ui:ui-test-manifest:1.7.8) with ExtractAarTransform
Transforming ui-test-manifest-1.7.8.aar (androidx.compose.ui:ui-test-manifest:1.7.8) with AarTransform
Transforming ui-tooling-release.aar (androidx.compose.ui:ui-tooling-android:1.7.8) with JetifyTransform
Transforming ui-tooling-release.aar (androidx.compose.ui:ui-tooling-android:1.7.8) with ExtractAarTransform
Transforming ui-tooling-release.aar (androidx.compose.ui:ui-tooling-android:1.7.8) with AarTransform
Transforming material-release.aar (androidx.compose.material:material-android:1.6.8) with JetifyTransform
Transforming material-release.aar (androidx.compose.material:material-android:1.6.8) with ExtractAarTransform
Transforming material-release.aar (androidx.compose.material:material-android:1.6.8) with AarTransform
Transforming material-icons-extended-release.aar (androidx.compose.material:material-icons-extended-android:1.6.8) with JetifyTransform
Transforming material-icons-extended-release.aar (androidx.compose.material:material-icons-extended-android:1.6.8) with ExtractAarTransform
Transforming material-icons-extended-release.aar (androidx.compose.material:material-icons-extended-android:1.6.8) with AarTransform
Transforming material-icons-core-release.aar (androidx.compose.material:material-icons-core-android:1.6.8) with JetifyTransform
Transforming material-icons-core-release.aar (androidx.compose.material:material-icons-core-android:1.6.8) with ExtractAarTransform
Transforming material-icons-core-release.aar (androidx.compose.material:material-icons-core-android:1.6.8) with AarTransform
Transforming ui-release.aar (androidx.compose.ui:ui-android:1.7.8) with JetifyTransform
Transforming ui-release.aar (androidx.compose.ui:ui-android:1.7.8) with ExtractAarTransform
Transforming ui-release.aar (androidx.compose.ui:ui-android:1.7.8) with AarTransform
Transforming activity-1.9.0.aar (androidx.activity:activity:1.9.0) with JetifyTransform
Transforming activity-1.9.0.aar (androidx.activity:activity:1.9.0) with ExtractAarTransform
Transforming activity-1.9.0.aar (androidx.activity:activity:1.9.0) with AarTransform
Transforming activity-ktx-1.9.0.aar (androidx.activity:activity-ktx:1.9.0) with JetifyTransform
Transforming activity-ktx-1.9.0.aar (androidx.activity:activity-ktx:1.9.0) with ExtractAarTransform
Transforming activity-ktx-1.9.0.aar (androidx.activity:activity-ktx:1.9.0) with AarTransform
Transforming activity-compose-1.9.0.aar (androidx.activity:activity-compose:1.9.0) with JetifyTransform
Transforming activity-compose-1.9.0.aar (androidx.activity:activity-compose:1.9.0) with ExtractAarTransform
Transforming activity-compose-1.9.0.aar (androidx.activity:activity-compose:1.9.0) with AarTransform
Transforming emoji2-views-helper-1.3.0.aar (androidx.emoji2:emoji2-views-helper:1.3.0) with JetifyTransform
Transforming emoji2-views-helper-1.3.0.aar (androidx.emoji2:emoji2-views-helper:1.3.0) with ExtractAarTransform
Transforming emoji2-views-helper-1.3.0.aar (androidx.emoji2:emoji2-views-helper:1.3.0) with AarTransform
Transforming emoji2-1.3.0.aar (androidx.emoji2:emoji2:1.3.0) with JetifyTransform
Transforming emoji2-1.3.0.aar (androidx.emoji2:emoji2:1.3.0) with ExtractAarTransform
Transforming emoji2-1.3.0.aar (androidx.emoji2:emoji2:1.3.0) with AarTransform
Transforming lifecycle-process-2.9.1.aar (androidx.lifecycle:lifecycle-process:2.9.1) with JetifyTransform
Transforming lifecycle-process-2.9.1.aar (androidx.lifecycle:lifecycle-process:2.9.1) with ExtractAarTransform
Transforming lifecycle-process-2.9.1.aar (androidx.lifecycle:lifecycle-process:2.9.1) with AarTransform
Transforming lifecycle-livedata-core-ktx-2.9.1.aar (androidx.lifecycle:lifecycle-livedata-core-ktx:2.9.1) with JetifyTransform
Transforming lifecycle-livedata-core-ktx-2.9.1.aar (androidx.lifecycle:lifecycle-livedata-core-ktx:2.9.1) with ExtractAarTransform
Transforming lifecycle-livedata-core-ktx-2.9.1.aar (androidx.lifecycle:lifecycle-livedata-core-ktx:2.9.1) with AarTransform
Transforming lifecycle-service-2.9.1.aar (androidx.lifecycle:lifecycle-service:2.9.1) with JetifyTransform
Transforming lifecycle-service-2.9.1.aar (androidx.lifecycle:lifecycle-service:2.9.1) with ExtractAarTransform
Transforming lifecycle-service-2.9.1.aar (androidx.lifecycle:lifecycle-service:2.9.1) with AarTransform
Transforming lifecycle-livedata-2.9.1.aar (androidx.lifecycle:lifecycle-livedata:2.9.1) with JetifyTransform
Transforming lifecycle-livedata-2.9.1.aar (androidx.lifecycle:lifecycle-livedata:2.9.1) with ExtractAarTransform
Transforming lifecycle-livedata-2.9.1.aar (androidx.lifecycle:lifecycle-livedata:2.9.1) with AarTransform
Transforming lifecycle-livedata-2.9.1.aar (androidx.lifecycle:lifecycle-livedata:2.9.1) with JetifyTransform
Transforming lifecycle-livedata-2.9.1.aar (androidx.lifecycle:lifecycle-livedata:2.9.1) with ExtractAarTransform
Transforming lifecycle-livedata-2.9.1.aar (androidx.lifecycle:lifecycle-livedata:2.9.1) with AarTransform
Transforming lifecycle-viewmodel-ktx-2.9.1.aar (androidx.lifecycle:lifecycle-viewmodel-ktx:2.9.1) with JetifyTransform
Transforming lifecycle-viewmodel-ktx-2.9.1.aar (androidx.lifecycle:lifecycle-viewmodel-ktx:2.9.1) with ExtractAarTransform
Transforming lifecycle-viewmodel-ktx-2.9.1.aar (androidx.lifecycle:lifecycle-viewmodel-ktx:2.9.1) with AarTransform
Transforming lifecycle-viewmodel-savedstate-release.aar (androidx.lifecycle:lifecycle-viewmodel-savedstate-android:2.9.1) with JetifyTransform
Transforming lifecycle-viewmodel-savedstate-release.aar (androidx.lifecycle:lifecycle-viewmodel-savedstate-android:2.9.1) with ExtractAarTransform
Transforming lifecycle-viewmodel-savedstate-release.aar (androidx.lifecycle:lifecycle-viewmodel-savedstate-android:2.9.1) with AarTransform
Transforming lifecycle-viewmodel-2.9.1.aar (androidx.lifecycle:lifecycle-viewmodel:2.9.1) with JetifyTransform
Transforming lifecycle-viewmodel-2.9.1.aar (androidx.lifecycle:lifecycle-viewmodel:2.9.1) with ExtractAarTransform
Transforming lifecycle-viewmodel-2.9.1.aar (androidx.lifecycle:lifecycle-viewmodel:2.9.1) with AarTransform
Transforming lifecycle-viewmodel-release.aar (androidx.lifecycle:lifecycle-viewmodel-android:2.9.1) with JetifyTransform
Transforming lifecycle-viewmodel-release.aar (androidx.lifecycle:lifecycle-viewmodel-android:2.9.1) with ExtractAarTransform
Transforming lifecycle-viewmodel-release.aar (androidx.lifecycle:lifecycle-viewmodel-android:2.9.1) with AarTransform
Transforming savedstate-ktx-1.3.0.aar (androidx.savedstate:savedstate-ktx:1.3.0) with JetifyTransform
Transforming savedstate-ktx-1.3.0.aar (androidx.savedstate:savedstate-ktx:1.3.0) with ExtractAarTransform
Transforming savedstate-ktx-1.3.0.aar (androidx.savedstate:savedstate-ktx:1.3.0) with AarTransform
Transforming savedstate-release.aar (androidx.savedstate:savedstate-android:1.3.0) with JetifyTransform
Transforming savedstate-release.aar (androidx.savedstate:savedstate-android:1.3.0) with ExtractAarTransform
Transforming savedstate-release.aar (androidx.savedstate:savedstate-android:1.3.0) with AarTransform
Transforming media3-ui-1.4.1.aar (androidx.media3:media3-ui:1.4.1) with JetifyTransform
Transforming media3-ui-1.4.1.aar (androidx.media3:media3-ui:1.4.1) with ExtractAarTransform
Transforming media3-ui-1.4.1.aar (androidx.media3:media3-ui:1.4.1) with AarTransform
Transforming media3-session-1.4.1.aar (androidx.media3:media3-session:1.4.1) with JetifyTransform
Transforming media3-session-1.4.1.aar (androidx.media3:media3-session:1.4.1) with ExtractAarTransform
Transforming media3-session-1.4.1.aar (androidx.media3:media3-session:1.4.1) with AarTransform
Transforming media3-extractor-1.4.1.aar (androidx.media3:media3-extractor:1.4.1) with JetifyTransform
Transforming media3-extractor-1.4.1.aar (androidx.media3:media3-extractor:1.4.1) with ExtractAarTransform
Transforming media3-extractor-1.4.1.aar (androidx.media3:media3-extractor:1.4.1) with AarTransform
Transforming media3-container-1.4.1.aar (androidx.media3:media3-container:1.4.1) with JetifyTransform
Transforming media3-container-1.4.1.aar (androidx.media3:media3-container:1.4.1) with ExtractAarTransform
Transforming media3-container-1.4.1.aar (androidx.media3:media3-container:1.4.1) with AarTransform
Transforming media3-datasource-1.4.1.aar (androidx.media3:media3-datasource:1.4.1) with JetifyTransform
Transforming media3-datasource-1.4.1.aar (androidx.media3:media3-datasource:1.4.1) with ExtractAarTransform
Transforming media3-datasource-1.4.1.aar (androidx.media3:media3-datasource:1.4.1) with AarTransform
Transforming media3-decoder-1.4.1.aar (androidx.media3:media3-decoder:1.4.1) with JetifyTransform
Transforming media3-decoder-1.4.1.aar (androidx.media3:media3-decoder:1.4.1) with ExtractAarTransform
Transforming media3-decoder-1.4.1.aar (androidx.media3:media3-decoder:1.4.1) with AarTransform
Transforming media3-database-1.4.1.aar (androidx.media3:media3-database:1.4.1) with JetifyTransform
Transforming media3-database-1.4.1.aar (androidx.media3:media3-database:1.4.1) with ExtractAarTransform
Transforming media3-database-1.4.1.aar (androidx.media3:media3-database:1.4.1) with AarTransform
Transforming media3-common-1.4.1.aar (androidx.media3:media3-common:1.4.1) with JetifyTransform
Transforming media3-common-1.4.1.aar (androidx.media3:media3-common:1.4.1) with ExtractAarTransform
Transforming media3-common-1.4.1.aar (androidx.media3:media3-common:1.4.1) with AarTransform
Transforming media3-exoplayer-1.4.1.aar (androidx.media3:media3-exoplayer:1.4.1) with JetifyTransform
Transforming media3-exoplayer-1.4.1.aar (androidx.media3:media3-exoplayer:1.4.1) with ExtractAarTransform
Transforming media3-exoplayer-1.4.1.aar (androidx.media3:media3-exoplayer:1.4.1) with AarTransform
Transforming coordinatorlayout-1.1.0.aar (androidx.coordinatorlayout:coordinatorlayout:1.1.0) with JetifyTransform
Transforming coordinatorlayout-1.1.0.aar (androidx.coordinatorlayout:coordinatorlayout:1.1.0) with ExtractAarTransform
Transforming coordinatorlayout-1.1.0.aar (androidx.coordinatorlayout:coordinatorlayout:1.1.0) with AarTransform
Transforming coordinatorlayout-1.1.0.aar (androidx.coordinatorlayout:coordinatorlayout:1.1.0) with JetifyTransform
Transforming coordinatorlayout-1.1.0.aar (androidx.coordinatorlayout:coordinatorlayout:1.1.0) with ExtractAarTransform
Transforming coordinatorlayout-1.1.0.aar (androidx.coordinatorlayout:coordinatorlayout:1.1.0) with AarTransform
Transforming drawerlayout-1.1.1.aar (androidx.drawerlayout:drawerlayout:1.1.1) with JetifyTransform
Transforming drawerlayout-1.1.1.aar (androidx.drawerlayout:drawerlayout:1.1.1) with ExtractAarTransform
Transforming drawerlayout-1.1.1.aar (androidx.drawerlayout:drawerlayout:1.1.1) with AarTransform
Transforming drawerlayout-1.1.1.aar (androidx.drawerlayout:drawerlayout:1.1.1) with JetifyTransform
Transforming drawerlayout-1.1.1.aar (androidx.drawerlayout:drawerlayout:1.1.1) with ExtractAarTransform
Transforming drawerlayout-1.1.1.aar (androidx.drawerlayout:drawerlayout:1.1.1) with AarTransform
Transforming transition-1.2.0.aar (androidx.transition:transition:1.2.0) with JetifyTransform
Transforming transition-1.2.0.aar (androidx.transition:transition:1.2.0) with ExtractAarTransform
Transforming transition-1.2.0.aar (androidx.transition:transition:1.2.0) with AarTransform
Transforming vectordrawable-animated-1.1.0.aar (androidx.vectordrawable:vectordrawable-animated:1.1.0) with JetifyTransform
Transforming vectordrawable-animated-1.1.0.aar (androidx.vectordrawable:vectordrawable-animated:1.1.0) with ExtractAarTransform
Transforming vectordrawable-animated-1.1.0.aar (androidx.vectordrawable:vectordrawable-animated:1.1.0) with AarTransform
Transforming vectordrawable-1.1.0.aar (androidx.vectordrawable:vectordrawable:1.1.0) with JetifyTransform
Transforming vectordrawable-1.1.0.aar (androidx.vectordrawable:vectordrawable:1.1.0) with ExtractAarTransform
Transforming vectordrawable-1.1.0.aar (androidx.vectordrawable:vectordrawable:1.1.0) with AarTransform
Transforming vectordrawable-1.1.0.aar (androidx.vectordrawable:vectordrawable:1.1.0) with JetifyTransform
Transforming vectordrawable-1.1.0.aar (androidx.vectordrawable:vectordrawable:1.1.0) with ExtractAarTransform
Transforming vectordrawable-1.1.0.aar (androidx.vectordrawable:vectordrawable:1.1.0) with AarTransform
Transforming recyclerview-1.3.0.aar (androidx.recyclerview:recyclerview:1.3.0) with JetifyTransform
Transforming recyclerview-1.3.0.aar (androidx.recyclerview:recyclerview:1.3.0) with ExtractAarTransform
Transforming recyclerview-1.3.0.aar (androidx.recyclerview:recyclerview:1.3.0) with AarTransform
Transforming recyclerview-1.3.0.aar (androidx.recyclerview:recyclerview:1.3.0) with JetifyTransform
Transforming recyclerview-1.3.0.aar (androidx.recyclerview:recyclerview:1.3.0) with ExtractAarTransform
Transforming recyclerview-1.3.0.aar (androidx.recyclerview:recyclerview:1.3.0) with AarTransform
Transforming media-1.7.0.aar (androidx.media:media:1.7.0) with JetifyTransform
Transforming media-1.7.0.aar (androidx.media:media:1.7.0) with ExtractAarTransform
Transforming media-1.7.0.aar (androidx.media:media:1.7.0) with AarTransform
Transforming media-1.7.0.aar (androidx.media:media:1.7.0) with JetifyTransform
Transforming media-1.7.0.aar (androidx.media:media:1.7.0) with ExtractAarTransform
Transforming media-1.7.0.aar (androidx.media:media:1.7.0) with AarTransform
Transforming viewpager-1.0.0.aar (androidx.viewpager:viewpager:1.0.0) with JetifyTransform
Transforming viewpager-1.0.0.aar (androidx.viewpager:viewpager:1.0.0) with ExtractAarTransform
Transforming viewpager-1.0.0.aar (androidx.viewpager:viewpager:1.0.0) with AarTransform
Transforming viewpager-1.0.0.aar (androidx.viewpager:viewpager:1.0.0) with JetifyTransform
Transforming viewpager-1.0.0.aar (androidx.viewpager:viewpager:1.0.0) with ExtractAarTransform
Transforming viewpager-1.0.0.aar (androidx.viewpager:viewpager:1.0.0) with AarTransform
Transforming window-1.0.0.aar (androidx.window:window:1.0.0) with JetifyTransform
Transforming window-1.0.0.aar (androidx.window:window:1.0.0) with ExtractAarTransform
Transforming window-1.0.0.aar (androidx.window:window:1.0.0) with AarTransform
Transforming slidingpanelayout-1.0.0.aar (androidx.slidingpanelayout:slidingpanelayout:1.0.0) with JetifyTransform
Transforming slidingpanelayout-1.0.0.aar (androidx.slidingpanelayout:slidingpanelayout:1.0.0) with ExtractAarTransform
Transforming slidingpanelayout-1.0.0.aar (androidx.slidingpanelayout:slidingpanelayout:1.0.0) with AarTransform
Transforming customview-1.1.0.aar (androidx.customview:customview:1.1.0) with JetifyTransform
Transforming customview-1.1.0.aar (androidx.customview:customview:1.1.0) with ExtractAarTransform
Transforming customview-1.1.0.aar (androidx.customview:customview:1.1.0) with AarTransform
Transforming customview-1.1.0.aar (androidx.customview:customview:1.1.0) with JetifyTransform
Transforming customview-1.1.0.aar (androidx.customview:customview:1.1.0) with ExtractAarTransform
Transforming customview-1.1.0.aar (androidx.customview:customview:1.1.0) with AarTransform
Transforming customview-1.1.0.aar (androidx.customview:customview:1.1.0) with JetifyTransform
Transforming customview-1.1.0.aar (androidx.customview:customview:1.1.0) with ExtractAarTransform
Transforming customview-1.1.0.aar (androidx.customview:customview:1.1.0) with AarTransform
Transforming customview-1.1.0.aar (androidx.customview:customview:1.1.0) with JetifyTransform
Transforming customview-1.1.0.aar (androidx.customview:customview:1.1.0) with ExtractAarTransform
Transforming customview-1.1.0.aar (androidx.customview:customview:1.1.0) with AarTransform
Transforming customview-1.1.0.aar (androidx.customview:customview:1.1.0) with JetifyTransform
Transforming customview-1.1.0.aar (androidx.customview:customview:1.1.0) with ExtractAarTransform
Transforming customview-1.1.0.aar (androidx.customview:customview:1.1.0) with AarTransform
Transforming customview-1.1.0.aar (androidx.customview:customview:1.1.0) with JetifyTransform
Transforming customview-1.1.0.aar (androidx.customview:customview:1.1.0) with ExtractAarTransform
Transforming customview-1.1.0.aar (androidx.customview:customview:1.1.0) with AarTransform
Transforming swiperefreshlayout-1.0.0.aar (androidx.swiperefreshlayout:swiperefreshlayout:1.0.0) with JetifyTransform
Transforming swiperefreshlayout-1.0.0.aar (androidx.swiperefreshlayout:swiperefreshlayout:1.0.0) with ExtractAarTransform
Transforming swiperefreshlayout-1.0.0.aar (androidx.swiperefreshlayout:swiperefreshlayout:1.0.0) with AarTransform
Transforming asynclayoutinflater-1.0.0.aar (androidx.asynclayoutinflater:asynclayoutinflater:1.0.0) with JetifyTransform
Transforming asynclayoutinflater-1.0.0.aar (androidx.asynclayoutinflater:asynclayoutinflater:1.0.0) with ExtractAarTransform
Transforming asynclayoutinflater-1.0.0.aar (androidx.asynclayoutinflater:asynclayoutinflater:1.0.0) with AarTransform
Transforming autofill-1.0.0.aar (androidx.autofill:autofill:1.0.0) with JetifyTransform
Transforming autofill-1.0.0.aar (androidx.autofill:autofill:1.0.0) with ExtractAarTransform
Transforming autofill-1.0.0.aar (androidx.autofill:autofill:1.0.0) with AarTransform
Transforming customview-poolingcontainer-1.0.0.aar (androidx.customview:customview-poolingcontainer:1.0.0) with JetifyTransform
Transforming customview-poolingcontainer-1.0.0.aar (androidx.customview:customview-poolingcontainer:1.0.0) with ExtractAarTransform
Transforming customview-poolingcontainer-1.0.0.aar (androidx.customview:customview-poolingcontainer:1.0.0) with AarTransform
Transforming core-ktx-1.13.1.aar (androidx.core:core-ktx:1.13.1) with JetifyTransform
Transforming core-ktx-1.13.1.aar (androidx.core:core-ktx:1.13.1) with ExtractAarTransform
Transforming core-ktx-1.13.1.aar (androidx.core:core-ktx:1.13.1) with AarTransform
Transforming graphics-path-1.0.1.aar (androidx.graphics:graphics-path:1.0.1) with JetifyTransform
Transforming graphics-path-1.0.1.aar (androidx.graphics:graphics-path:1.0.1) with ExtractAarTransform
Transforming graphics-path-1.0.1.aar (androidx.graphics:graphics-path:1.0.1) with AarTransform
Transforming core-1.13.1.aar (androidx.core:core:1.13.1) with JetifyTransform
Transforming core-1.13.1.aar (androidx.core:core:1.13.1) with ExtractAarTransform
Transforming core-1.13.1.aar (androidx.core:core:1.13.1) with AarTransform
Transforming core-1.13.1.aar (androidx.core:core:1.13.1) with JetifyTransform
Transforming core-1.13.1.aar (androidx.core:core:1.13.1) with ExtractAarTransform
Transforming core-1.13.1.aar (androidx.core:core:1.13.1) with AarTransform
Transforming core-1.13.1.aar (androidx.core:core:1.13.1) with JetifyTransform
Transforming core-1.13.1.aar (androidx.core:core:1.13.1) with ExtractAarTransform
Transforming core-1.13.1.aar (androidx.core:core:1.13.1) with AarTransform
Transforming core-1.13.1.aar (androidx.core:core:1.13.1) with JetifyTransform
Transforming core-1.13.1.aar (androidx.core:core:1.13.1) with ExtractAarTransform
Transforming core-1.13.1.aar (androidx.core:core:1.13.1) with AarTransform
Transforming core-1.13.1.aar (androidx.core:core:1.13.1) with JetifyTransform
Transforming core-1.13.1.aar (androidx.core:core:1.13.1) with ExtractAarTransform
Transforming core-1.13.1.aar (androidx.core:core:1.13.1) with AarTransform
Transforming core-1.13.1.aar (androidx.core:core:1.13.1) with JetifyTransform
Transforming core-1.13.1.aar (androidx.core:core:1.13.1) with ExtractAarTransform
Transforming core-1.13.1.aar (androidx.core:core:1.13.1) with AarTransform
Transforming core-1.13.1.aar (androidx.core:core:1.13.1) with JetifyTransform
Transforming core-1.13.1.aar (androidx.core:core:1.13.1) with ExtractAarTransform
Transforming core-1.13.1.aar (androidx.core:core:1.13.1) with AarTransform
Transforming core-1.13.1.aar (androidx.core:core:1.13.1) with JetifyTransform
Transforming core-1.13.1.aar (androidx.core:core:1.13.1) with ExtractAarTransform
Transforming core-1.13.1.aar (androidx.core:core:1.13.1) with AarTransform
Transforming core-1.13.1.aar (androidx.core:core:1.13.1) with JetifyTransform
Transforming core-1.13.1.aar (androidx.core:core:1.13.1) with ExtractAarTransform
Transforming core-1.13.1.aar (androidx.core:core:1.13.1) with AarTransform
Transforming core-1.13.1.aar (androidx.core:core:1.13.1) with JetifyTransform
Transforming core-1.13.1.aar (androidx.core:core:1.13.1) with ExtractAarTransform
Transforming core-1.13.1.aar (androidx.core:core:1.13.1) with AarTransform
Transforming core-1.13.1.aar (androidx.core:core:1.13.1) with JetifyTransform
Transforming core-1.13.1.aar (androidx.core:core:1.13.1) with ExtractAarTransform
Transforming core-1.13.1.aar (androidx.core:core:1.13.1) with AarTransform
Transforming core-1.13.1.aar (androidx.core:core:1.13.1) with JetifyTransform
Transforming core-1.13.1.aar (androidx.core:core:1.13.1) with ExtractAarTransform
Transforming core-1.13.1.aar (androidx.core:core:1.13.1) with AarTransform
Transforming core-1.13.1.aar (androidx.core:core:1.13.1) with JetifyTransform
Transforming core-1.13.1.aar (androidx.core:core:1.13.1) with ExtractAarTransform
Transforming core-1.13.1.aar (androidx.core:core:1.13.1) with AarTransform
Transforming core-1.13.1.aar (androidx.core:core:1.13.1) with JetifyTransform
Transforming core-1.13.1.aar (androidx.core:core:1.13.1) with ExtractAarTransform
Transforming core-1.13.1.aar (androidx.core:core:1.13.1) with AarTransform
Transforming core-1.13.1.aar (androidx.core:core:1.13.1) with JetifyTransform
Transforming core-1.13.1.aar (androidx.core:core:1.13.1) with ExtractAarTransform
Transforming core-1.13.1.aar (androidx.core:core:1.13.1) with AarTransform
Transforming core-1.13.1.aar (androidx.core:core:1.13.1) with JetifyTransform
Transforming core-1.13.1.aar (androidx.core:core:1.13.1) with ExtractAarTransform
Transforming core-1.13.1.aar (androidx.core:core:1.13.1) with AarTransform
Transforming core-1.13.1.aar (androidx.core:core:1.13.1) with JetifyTransform
Transforming core-1.13.1.aar (androidx.core:core:1.13.1) with ExtractAarTransform
Transforming core-1.13.1.aar (androidx.core:core:1.13.1) with AarTransform
Transforming core-1.13.1.aar (androidx.core:core:1.13.1) with JetifyTransform
Transforming core-1.13.1.aar (androidx.core:core:1.13.1) with ExtractAarTransform
Transforming core-1.13.1.aar (androidx.core:core:1.13.1) with AarTransform
Transforming core-1.13.1.aar (androidx.core:core:1.13.1) with JetifyTransform
Transforming core-1.13.1.aar (androidx.core:core:1.13.1) with ExtractAarTransform
Transforming core-1.13.1.aar (androidx.core:core:1.13.1) with AarTransform
Transforming core-1.13.1.aar (androidx.core:core:1.13.1) with JetifyTransform
Transforming core-1.13.1.aar (androidx.core:core:1.13.1) with ExtractAarTransform
Transforming core-1.13.1.aar (androidx.core:core:1.13.1) with AarTransform
Transforming core-1.13.1.aar (androidx.core:core:1.13.1) with JetifyTransform
Transforming core-1.13.1.aar (androidx.core:core:1.13.1) with ExtractAarTransform
Transforming core-1.13.1.aar (androidx.core:core:1.13.1) with AarTransform
Transforming lifecycle-runtime-release.aar (androidx.lifecycle:lifecycle-runtime-android:2.9.1) with JetifyTransform
Transforming lifecycle-runtime-release.aar (androidx.lifecycle:lifecycle-runtime-android:2.9.1) with ExtractAarTransform
Transforming lifecycle-runtime-release.aar (androidx.lifecycle:lifecycle-runtime-android:2.9.1) with AarTransform
Transforming lifecycle-livedata-core-2.9.1.aar (androidx.lifecycle:lifecycle-livedata-core:2.9.1) with JetifyTransform
Transforming lifecycle-livedata-core-2.9.1.aar (androidx.lifecycle:lifecycle-livedata-core:2.9.1) with ExtractAarTransform
Transforming lifecycle-livedata-core-2.9.1.aar (androidx.lifecycle:lifecycle-livedata-core:2.9.1) with AarTransform
Transforming lifecycle-runtime-compose-release.aar (androidx.lifecycle:lifecycle-runtime-compose-android:2.9.1) with JetifyTransform
Transforming lifecycle-runtime-compose-release.aar (androidx.lifecycle:lifecycle-runtime-compose-android:2.9.1) with ExtractAarTransform
Transforming lifecycle-runtime-compose-release.aar (androidx.lifecycle:lifecycle-runtime-compose-android:2.9.1) with AarTransform
Transforming lifecycle-viewmodel-compose-release.aar (androidx.lifecycle:lifecycle-viewmodel-compose-android:2.9.1) with JetifyTransform
Transforming lifecycle-viewmodel-compose-release.aar (androidx.lifecycle:lifecycle-viewmodel-compose-android:2.9.1) with ExtractAarTransform
Transforming lifecycle-viewmodel-compose-release.aar (androidx.lifecycle:lifecycle-viewmodel-compose-android:2.9.1) with AarTransform
Transforming lifecycle-runtime-ktx.aar (androidx.lifecycle:lifecycle-runtime-ktx-android:2.9.1) with JetifyTransform
Transforming lifecycle-runtime-ktx.aar (androidx.lifecycle:lifecycle-runtime-ktx-android:2.9.1) with ExtractAarTransform
Transforming lifecycle-runtime-ktx.aar (androidx.lifecycle:lifecycle-runtime-ktx-android:2.9.1) with AarTransform
Transforming datastore-core-release.aar (androidx.datastore:datastore-core-android:1.1.7) with JetifyTransform
Transforming datastore-core-release.aar (androidx.datastore:datastore-core-android:1.1.7) with ExtractAarTransform
Transforming datastore-core-release.aar (androidx.datastore:datastore-core-android:1.1.7) with AarTransform
Transforming datastore-preferences-core-release.aar (androidx.datastore:datastore-preferences-core-android:1.1.7) with JetifyTransform
Transforming datastore-preferences-core-release.aar (androidx.datastore:datastore-preferences-core-android:1.1.7) with ExtractAarTransform
Transforming datastore-preferences-core-release.aar (androidx.datastore:datastore-preferences-core-android:1.1.7) with AarTransform
Transforming datastore-release.aar (androidx.datastore:datastore-android:1.1.7) with JetifyTransform
Transforming datastore-release.aar (androidx.datastore:datastore-android:1.1.7) with ExtractAarTransform
Transforming datastore-release.aar (androidx.datastore:datastore-android:1.1.7) with AarTransform
Transforming datastore-preferences-release.aar (androidx.datastore:datastore-preferences-android:1.1.7) with JetifyTransform
Transforming datastore-preferences-release.aar (androidx.datastore:datastore-preferences-android:1.1.7) with ExtractAarTransform
Transforming datastore-preferences-release.aar (androidx.datastore:datastore-preferences-android:1.1.7) with AarTransform
Transforming runtime-saveable-release.aar (androidx.compose.runtime:runtime-saveable-android:1.7.8) with JetifyTransform
Transforming runtime-saveable-release.aar (androidx.compose.runtime:runtime-saveable-android:1.7.8) with ExtractAarTransform
Transforming runtime-saveable-release.aar (androidx.compose.runtime:runtime-saveable-android:1.7.8) with AarTransform
Transforming runtime-release.aar (androidx.compose.runtime:runtime-android:1.7.8) with JetifyTransform
Transforming runtime-release.aar (androidx.compose.runtime:runtime-android:1.7.8) with ExtractAarTransform
Transforming runtime-release.aar (androidx.compose.runtime:runtime-android:1.7.8) with AarTransform
Transforming annotation-experimental-1.4.1.aar (androidx.annotation:annotation-experimental:1.4.1) with JetifyTransform
Transforming annotation-experimental-1.4.1.aar (androidx.annotation:annotation-experimental:1.4.1) with ExtractAarTransform
Transforming annotation-experimental-1.4.1.aar (androidx.annotation:annotation-experimental:1.4.1) with AarTransform
Transforming sqlite-framework-release.aar (androidx.sqlite:sqlite-framework-android:2.5.1) with JetifyTransform
Transforming sqlite-framework-release.aar (androidx.sqlite:sqlite-framework-android:2.5.1) with ExtractAarTransform
Transforming sqlite-framework-release.aar (androidx.sqlite:sqlite-framework-android:2.5.1) with AarTransform
Transforming sqlite-release.aar (androidx.sqlite:sqlite-android:2.5.1) with JetifyTransform
Transforming sqlite-release.aar (androidx.sqlite:sqlite-android:2.5.1) with ExtractAarTransform
Transforming sqlite-release.aar (androidx.sqlite:sqlite-android:2.5.1) with AarTransform
Transforming core-viewtree-1.0.0.aar (androidx.core:core-viewtree:1.0.0) with JetifyTransform
Transforming core-viewtree-1.0.0.aar (androidx.core:core-viewtree:1.0.0) with ExtractAarTransform
Transforming core-viewtree-1.0.0.aar (androidx.core:core-viewtree:1.0.0) with AarTransform
Transforming documentfile-1.0.1.aar (androidx.documentfile:documentfile:1.0.1) with JetifyTransform
Transforming documentfile-1.0.1.aar (androidx.documentfile:documentfile:1.0.1) with ExtractAarTransform
Transforming documentfile-1.0.1.aar (androidx.documentfile:documentfile:1.0.1) with AarTransform
Transforming documentfile-1.0.1.aar (androidx.documentfile:documentfile:1.0.1) with JetifyTransform
Transforming documentfile-1.0.1.aar (androidx.documentfile:documentfile:1.0.1) with ExtractAarTransform
Transforming documentfile-1.0.1.aar (androidx.documentfile:documentfile:1.0.1) with AarTransform
Transforming cardview-1.0.0.aar (androidx.cardview:cardview:1.0.0) with JetifyTransform
Transforming cardview-1.0.0.aar (androidx.cardview:cardview:1.0.0) with ExtractAarTransform
Transforming cardview-1.0.0.aar (androidx.cardview:cardview:1.0.0) with AarTransform
Transforming core-runtime-2.2.0.aar (androidx.arch.core:core-runtime:2.2.0) with JetifyTransform
Transforming core-runtime-2.2.0.aar (androidx.arch.core:core-runtime:2.2.0) with ExtractAarTransform
Transforming core-runtime-2.2.0.aar (androidx.arch.core:core-runtime:2.2.0) with AarTransform
Transforming cursoradapter-1.0.0.aar (androidx.cursoradapter:cursoradapter:1.0.0) with JetifyTransform
Transforming cursoradapter-1.0.0.aar (androidx.cursoradapter:cursoradapter:1.0.0) with ExtractAarTransform
Transforming cursoradapter-1.0.0.aar (androidx.cursoradapter:cursoradapter:1.0.0) with AarTransform
Transforming cursoradapter-1.0.0.aar (androidx.cursoradapter:cursoradapter:1.0.0) with JetifyTransform
Transforming cursoradapter-1.0.0.aar (androidx.cursoradapter:cursoradapter:1.0.0) with ExtractAarTransform
Transforming cursoradapter-1.0.0.aar (androidx.cursoradapter:cursoradapter:1.0.0) with AarTransform
Transforming gifdecoder-4.15.1.aar (com.github.bumptech.glide:gifdecoder:4.15.1) with JetifyTransform
Transforming gifdecoder-4.15.1.aar (com.github.bumptech.glide:gifdecoder:4.15.1) with ExtractAarTransform
Transforming gifdecoder-4.15.1.aar (com.github.bumptech.glide:gifdecoder:4.15.1) with AarTransform
Transforming profileinstaller-1.4.0.aar (androidx.profileinstaller:profileinstaller:1.4.0) with JetifyTransform
Transforming profileinstaller-1.4.0.aar (androidx.profileinstaller:profileinstaller:1.4.0) with ExtractAarTransform
Transforming profileinstaller-1.4.0.aar (androidx.profileinstaller:profileinstaller:1.4.0) with AarTransform
Transforming startup-runtime-1.1.1.aar (androidx.startup:startup-runtime:1.1.1) with JetifyTransform
Transforming startup-runtime-1.1.1.aar (androidx.startup:startup-runtime:1.1.1) with ExtractAarTransform
Transforming startup-runtime-1.1.1.aar (androidx.startup:startup-runtime:1.1.1) with AarTransform
Transforming tracing-1.0.0.aar (androidx.tracing:tracing:1.0.0) with JetifyTransform
Transforming tracing-1.0.0.aar (androidx.tracing:tracing:1.0.0) with ExtractAarTransform
Transforming tracing-1.0.0.aar (androidx.tracing:tracing:1.0.0) with AarTransform
Transforming localbroadcastmanager-1.0.0.aar (androidx.localbroadcastmanager:localbroadcastmanager:1.0.0) with JetifyTransform
Transforming localbroadcastmanager-1.0.0.aar (androidx.localbroadcastmanager:localbroadcastmanager:1.0.0) with ExtractAarTransform
Transforming localbroadcastmanager-1.0.0.aar (androidx.localbroadcastmanager:localbroadcastmanager:1.0.0) with AarTransform
Transforming print-1.0.0.aar (androidx.print:print:1.0.0) with JetifyTransform
Transforming print-1.0.0.aar (androidx.print:print:1.0.0) with ExtractAarTransform
Transforming print-1.0.0.aar (androidx.print:print:1.0.0) with AarTransform
Transforming interpolator-1.0.0.aar (androidx.interpolator:interpolator:1.0.0) with JetifyTransform
Transforming interpolator-1.0.0.aar (androidx.interpolator:interpolator:1.0.0) with ExtractAarTransform
Transforming interpolator-1.0.0.aar (androidx.interpolator:interpolator:1.0.0) with AarTransform
Transforming interpolator-1.0.0.aar (androidx.interpolator:interpolator:1.0.0) with JetifyTransform
Transforming interpolator-1.0.0.aar (androidx.interpolator:interpolator:1.0.0) with ExtractAarTransform
Transforming interpolator-1.0.0.aar (androidx.interpolator:interpolator:1.0.0) with AarTransform
Transforming interpolator-1.0.0.aar (androidx.interpolator:interpolator:1.0.0) with JetifyTransform
Transforming interpolator-1.0.0.aar (androidx.interpolator:interpolator:1.0.0) with ExtractAarTransform
Transforming interpolator-1.0.0.aar (androidx.interpolator:interpolator:1.0.0) with AarTransform
Transforming interpolator-1.0.0.aar (androidx.interpolator:interpolator:1.0.0) with JetifyTransform
Transforming interpolator-1.0.0.aar (androidx.interpolator:interpolator:1.0.0) with ExtractAarTransform
Transforming interpolator-1.0.0.aar (androidx.interpolator:interpolator:1.0.0) with AarTransform
Transforming transport-backend-cct-2.3.3.aar (com.google.android.datatransport:transport-backend-cct:2.3.3) with JetifyTransform
Transforming transport-backend-cct-2.3.3.aar (com.google.android.datatransport:transport-backend-cct:2.3.3) with ExtractAarTransform
Transforming transport-backend-cct-2.3.3.aar (com.google.android.datatransport:transport-backend-cct:2.3.3) with AarTransform
Transforming transport-backend-cct-2.3.3.aar (com.google.android.datatransport:transport-backend-cct:2.3.3) with JetifyTransform
Transforming transport-backend-cct-2.3.3.aar (com.google.android.datatransport:transport-backend-cct:2.3.3) with ExtractAarTransform
Transforming transport-backend-cct-2.3.3.aar (com.google.android.datatransport:transport-backend-cct:2.3.3) with AarTransform
Transforming transport-backend-cct-2.3.3.aar (com.google.android.datatransport:transport-backend-cct:2.3.3) with JetifyTransform
Transforming transport-backend-cct-2.3.3.aar (com.google.android.datatransport:transport-backend-cct:2.3.3) with ExtractAarTransform
Transforming transport-backend-cct-2.3.3.aar (com.google.android.datatransport:transport-backend-cct:2.3.3) with AarTransform
Transforming transport-runtime-2.2.6.aar (com.google.android.datatransport:transport-runtime:2.2.6) with JetifyTransform
Transforming transport-runtime-2.2.6.aar (com.google.android.datatransport:transport-runtime:2.2.6) with ExtractAarTransform
Transforming transport-runtime-2.2.6.aar (com.google.android.datatransport:transport-runtime:2.2.6) with AarTransform
Transforming transport-runtime-2.2.6.aar (com.google.android.datatransport:transport-runtime:2.2.6) with JetifyTransform
Transforming transport-runtime-2.2.6.aar (com.google.android.datatransport:transport-runtime:2.2.6) with ExtractAarTransform
Transforming transport-runtime-2.2.6.aar (com.google.android.datatransport:transport-runtime:2.2.6) with AarTransform
Transforming transport-runtime-2.2.6.aar (com.google.android.datatransport:transport-runtime:2.2.6) with JetifyTransform
Transforming transport-runtime-2.2.6.aar (com.google.android.datatransport:transport-runtime:2.2.6) with ExtractAarTransform
Transforming transport-runtime-2.2.6.aar (com.google.android.datatransport:transport-runtime:2.2.6) with AarTransform
Transforming transport-runtime-2.2.6.aar (com.google.android.datatransport:transport-runtime:2.2.6) with JetifyTransform
Transforming transport-runtime-2.2.6.aar (com.google.android.datatransport:transport-runtime:2.2.6) with ExtractAarTransform
Transforming transport-runtime-2.2.6.aar (com.google.android.datatransport:transport-runtime:2.2.6) with AarTransform
Transforming transport-api-2.2.1.aar (com.google.android.datatransport:transport-api:2.2.1) with JetifyTransform
Transforming transport-api-2.2.1.aar (com.google.android.datatransport:transport-api:2.2.1) with ExtractAarTransform
Transforming transport-api-2.2.1.aar (com.google.android.datatransport:transport-api:2.2.1) with AarTransform
Transforming transport-api-2.2.1.aar (com.google.android.datatransport:transport-api:2.2.1) with JetifyTransform
Transforming transport-api-2.2.1.aar (com.google.android.datatransport:transport-api:2.2.1) with ExtractAarTransform
Transforming transport-api-2.2.1.aar (com.google.android.datatransport:transport-api:2.2.1) with AarTransform
Transforming transport-api-2.2.1.aar (com.google.android.datatransport:transport-api:2.2.1) with JetifyTransform
Transforming transport-api-2.2.1.aar (com.google.android.datatransport:transport-api:2.2.1) with ExtractAarTransform
Transforming transport-api-2.2.1.aar (com.google.android.datatransport:transport-api:2.2.1) with AarTransform
Transforming transport-api-2.2.1.aar (com.google.android.datatransport:transport-api:2.2.1) with JetifyTransform
Transforming transport-api-2.2.1.aar (com.google.android.datatransport:transport-api:2.2.1) with ExtractAarTransform
Transforming transport-api-2.2.1.aar (com.google.android.datatransport:transport-api:2.2.1) with AarTransform
Transforming transport-api-2.2.1.aar (com.google.android.datatransport:transport-api:2.2.1) with JetifyTransform
Transforming transport-api-2.2.1.aar (com.google.android.datatransport:transport-api:2.2.1) with ExtractAarTransform
Transforming transport-api-2.2.1.aar (com.google.android.datatransport:transport-api:2.2.1) with AarTransform
Transforming firebase-components-16.1.0.aar (com.google.firebase:firebase-components:16.1.0) with JetifyTransform
Transforming firebase-components-16.1.0.aar (com.google.firebase:firebase-components:16.1.0) with ExtractAarTransform
Transforming firebase-components-16.1.0.aar (com.google.firebase:firebase-components:16.1.0) with AarTransform
Transforming firebase-components-16.1.0.aar (com.google.firebase:firebase-components:16.1.0) with JetifyTransform
Transforming firebase-components-16.1.0.aar (com.google.firebase:firebase-components:16.1.0) with ExtractAarTransform
Transforming firebase-components-16.1.0.aar (com.google.firebase:firebase-components:16.1.0) with AarTransform
Transforming firebase-components-16.1.0.aar (com.google.firebase:firebase-components:16.1.0) with JetifyTransform
Transforming firebase-components-16.1.0.aar (com.google.firebase:firebase-components:16.1.0) with ExtractAarTransform
Transforming firebase-components-16.1.0.aar (com.google.firebase:firebase-components:16.1.0) with AarTransform
Transforming firebase-encoders-json-17.1.0.aar (com.google.firebase:firebase-encoders-json:17.1.0) with JetifyTransform
Transforming firebase-encoders-json-17.1.0.aar (com.google.firebase:firebase-encoders-json:17.1.0) with ExtractAarTransform
Transforming firebase-encoders-json-17.1.0.aar (com.google.firebase:firebase-encoders-json:17.1.0) with AarTransform
Transforming firebase-encoders-json-17.1.0.aar (com.google.firebase:firebase-encoders-json:17.1.0) with JetifyTransform
Transforming firebase-encoders-json-17.1.0.aar (com.google.firebase:firebase-encoders-json:17.1.0) with ExtractAarTransform
Transforming firebase-encoders-json-17.1.0.aar (com.google.firebase:firebase-encoders-json:17.1.0) with AarTransform
Transforming firebase-encoders-json-17.1.0.aar (com.google.firebase:firebase-encoders-json:17.1.0) with JetifyTransform
Transforming firebase-encoders-json-17.1.0.aar (com.google.firebase:firebase-encoders-json:17.1.0) with ExtractAarTransform
Transforming firebase-encoders-json-17.1.0.aar (com.google.firebase:firebase-encoders-json:17.1.0) with AarTransform
Transforming firebase-encoders-json-17.1.0.aar (com.google.firebase:firebase-encoders-json:17.1.0) with JetifyTransform
Transforming firebase-encoders-json-17.1.0.aar (com.google.firebase:firebase-encoders-json:17.1.0) with ExtractAarTransform
Transforming firebase-encoders-json-17.1.0.aar (com.google.firebase:firebase-encoders-json:17.1.0) with AarTransform
Transforming exifinterface-1.3.7.aar (androidx.exifinterface:exifinterface:1.3.7) with JetifyTransform
Transforming exifinterface-1.3.7.aar (androidx.exifinterface:exifinterface:1.3.7) with ExtractAarTransform
Transforming exifinterface-1.3.7.aar (androidx.exifinterface:exifinterface:1.3.7) with AarTransform
Transforming exifinterface-1.3.7.aar (androidx.exifinterface:exifinterface:1.3.7) with JetifyTransform
Transforming exifinterface-1.3.7.aar (androidx.exifinterface:exifinterface:1.3.7) with ExtractAarTransform
Transforming exifinterface-1.3.7.aar (androidx.exifinterface:exifinterface:1.3.7) with AarTransform
Transforming versionedparcelable-1.1.1.aar (androidx.versionedparcelable:versionedparcelable:1.1.1) with JetifyTransform
Transforming versionedparcelable-1.1.1.aar (androidx.versionedparcelable:versionedparcelable:1.1.1) with ExtractAarTransform
Transforming versionedparcelable-1.1.1.aar (androidx.versionedparcelable:versionedparcelable:1.1.1) with AarTransform
Transforming dagger-lint-aar-2.51.1.aar (com.google.dagger:dagger-lint-aar:2.51.1) with JetifyTransform
Transforming dagger-lint-aar-2.51.1.aar (com.google.dagger:dagger-lint-aar:2.51.1) with ExtractAarTransform
Transforming dagger-lint-aar-2.51.1.aar (com.google.dagger:dagger-lint-aar:2.51.1) with AarTransform
Transforming pdfbox-android-2.0.27.0.aar (com.tom-roush:pdfbox-android:2.0.27.0) with JetifyTransform
Transforming pdfbox-android-2.0.27.0.aar (com.tom-roush:pdfbox-android:2.0.27.0) with ExtractAarTransform
Transforming pdfbox-android-2.0.27.0.aar (com.tom-roush:pdfbox-android:2.0.27.0) with AarTransform
Transforming image-1.0.0-beta1.aar (com.google.android.odml:image:1.0.0-beta1) with JetifyTransform
Transforming image-1.0.0-beta1.aar (com.google.android.odml:image:1.0.0-beta1) with ExtractAarTransform
Transforming image-1.0.0-beta1.aar (com.google.android.odml:image:1.0.0-beta1) with AarTransform
Transforming image-1.0.0-beta1.aar (com.google.android.odml:image:1.0.0-beta1) with JetifyTransform
Transforming image-1.0.0-beta1.aar (com.google.android.odml:image:1.0.0-beta1) with ExtractAarTransform
Transforming image-1.0.0-beta1.aar (com.google.android.odml:image:1.0.0-beta1) with AarTransform
Caching disabled for task ':android:app:mergeDebugAssets' because:
  Simple merging task
Skipping task ':android:app:mergeDebugAssets' as it is up-to-date.
Resolve mutations for :android:app:compressDebugAssets (Thread[Execution worker Thread 9,5,main]) started.
:android:app:compressDebugAssets (Thread[Execution worker Thread 9,5,main]) started.

> Task :android:app:compressDebugAssets UP-TO-DATE
Build cache key for task ':android:app:compressDebugAssets' is 635511ad14d73bf59cba744ce7908fbe
Skipping task ':android:app:compressDebugAssets' as it is up-to-date.
Resolve mutations for :android:app:desugarDebugFileDependencies (Thread[Execution worker Thread 9,5,main]) started.
:android:app:desugarDebugFileDependencies (Thread[Execution worker Thread 9,5,main]) started.

> Task :android:app:desugarDebugFileDependencies UP-TO-DATE
Build cache key for task ':android:app:desugarDebugFileDependencies' is 807d564c31ee0abac82a634fa42b6b14
Skipping task ':android:app:desugarDebugFileDependencies' as it is up-to-date.
Resolve mutations for :android:app:checkDebugDuplicateClasses (Thread[Execution worker Thread 9,5,main]) started.
:android:app:checkDebugDuplicateClasses (Thread[Execution worker Thread 9,5,main]) started.

> Task :android:app:checkDebugDuplicateClasses UP-TO-DATE
Transforming core-splashscreen-1.0.1.aar (androidx.core:core-splashscreen:1.0.1) with JetifyTransform
Transforming core-splashscreen-1.0.1.aar (androidx.core:core-splashscreen:1.0.1) with AarToClassTransform
Transforming hilt-navigation-compose-1.2.0.aar (androidx.hilt:hilt-navigation-compose:1.2.0) with JetifyTransform
Transforming hilt-navigation-compose-1.2.0.aar (androidx.hilt:hilt-navigation-compose:1.2.0) with AarToClassTransform
Transforming hilt-navigation-compose-1.2.0.aar (androidx.hilt:hilt-navigation-compose:1.2.0) with EnumerateClassesTransform
Transforming hilt-navigation-1.2.0.aar (androidx.hilt:hilt-navigation:1.2.0) with JetifyTransform
Transforming hilt-navigation-1.2.0.aar (androidx.hilt:hilt-navigation:1.2.0) with AarToClassTransform
Transforming hilt-navigation-1.2.0.aar (androidx.hilt:hilt-navigation:1.2.0) with EnumerateClassesTransform
Transforming navigation-common-2.7.7.aar (androidx.navigation:navigation-common:2.7.7) with JetifyTransform
Transforming navigation-common-2.7.7.aar (androidx.navigation:navigation-common:2.7.7) with AarToClassTransform
Transforming navigation-runtime-2.7.7.aar (androidx.navigation:navigation-runtime:2.7.7) with JetifyTransform
Transforming core-splashscreen-1.0.1.aar (androidx.core:core-splashscreen:1.0.1) with EnumerateClassesTransform
Transforming navigation-runtime-2.7.7.aar (androidx.navigation:navigation-runtime:2.7.7) with AarToClassTransform
Transforming navigation-common-2.7.7.aar (androidx.navigation:navigation-common:2.7.7) with EnumerateClassesTransform
Transforming navigation-common-ktx-2.7.7.aar (androidx.navigation:navigation-common-ktx:2.7.7) with JetifyTransform
Transforming navigation-common-ktx-2.7.7.aar (androidx.navigation:navigation-common-ktx:2.7.7) with AarToClassTransform
Transforming navigation-runtime-ktx-2.7.7.aar (androidx.navigation:navigation-runtime-ktx:2.7.7) with JetifyTransform
Transforming navigation-runtime-ktx-2.7.7.aar (androidx.navigation:navigation-runtime-ktx:2.7.7) with AarToClassTransform
Transforming navigation-compose-2.7.7.aar (androidx.navigation:navigation-compose:2.7.7) with JetifyTransform
Transforming navigation-runtime-2.7.7.aar (androidx.navigation:navigation-runtime:2.7.7) with EnumerateClassesTransform
Transforming navigation-common-ktx-2.7.7.aar (androidx.navigation:navigation-common-ktx:2.7.7) with EnumerateClassesTransform
Transforming navigation-compose-2.7.7.aar (androidx.navigation:navigation-compose:2.7.7) with AarToClassTransform
Transforming hilt-work-1.2.0.aar (androidx.hilt:hilt-work:1.2.0) with JetifyTransform
Transforming hilt-work-1.2.0.aar (androidx.hilt:hilt-work:1.2.0) with AarToClassTransform
Transforming hilt-work-1.2.0.aar (androidx.hilt:hilt-work:1.2.0) with EnumerateClassesTransform
Transforming hilt-android-2.51.1.aar (com.google.dagger:hilt-android:2.51.1) with JetifyTransform
Transforming hilt-android-2.51.1.aar (com.google.dagger:hilt-android:2.51.1) with AarToClassTransform
Transforming hilt-android-2.51.1.aar (com.google.dagger:hilt-android:2.51.1) with EnumerateClassesTransform
Transforming navigation-runtime-ktx-2.7.7.aar (androidx.navigation:navigation-runtime-ktx:2.7.7) with EnumerateClassesTransform
Transforming room-common-jvm-2.7.2.jar (androidx.room:room-common-jvm:2.7.2) with JetifyTransform
Transforming room-common-jvm-2.7.2.jar (androidx.room:room-common-jvm:2.7.2) with IdentityTransform
Transforming room-common-jvm-2.7.2.jar (androidx.room:room-common-jvm:2.7.2) with EnumerateClassesTransform
Transforming room-runtime-release.aar (androidx.room:room-runtime-android:2.7.2) with JetifyTransform
Transforming room-runtime-release.aar (androidx.room:room-runtime-android:2.7.2) with AarToClassTransform
Transforming room-runtime-release.aar (androidx.room:room-runtime-android:2.7.2) with EnumerateClassesTransform
Transforming work-runtime-ktx-2.9.0.aar (androidx.work:work-runtime-ktx:2.9.0) with JetifyTransform
Transforming work-runtime-ktx-2.9.0.aar (androidx.work:work-runtime-ktx:2.9.0) with AarToClassTransform
Transforming work-runtime-ktx-2.9.0.aar (androidx.work:work-runtime-ktx:2.9.0) with EnumerateClassesTransform
Transforming work-runtime-2.9.0.aar (androidx.work:work-runtime:2.9.0) with JetifyTransform
Transforming work-runtime-2.9.0.aar (androidx.work:work-runtime:2.9.0) with AarToClassTransform
Transforming work-runtime-2.9.0.aar (androidx.work:work-runtime:2.9.0) with EnumerateClassesTransform
Transforming room-ktx-2.7.2.aar (androidx.room:room-ktx:2.7.2) with JetifyTransform
Transforming room-ktx-2.7.2.aar (androidx.room:room-ktx:2.7.2) with AarToClassTransform
Transforming room-ktx-2.7.2.aar (androidx.room:room-ktx:2.7.2) with EnumerateClassesTransform
Transforming coil-compose-2.7.0.aar (io.coil-kt:coil-compose:2.7.0) with JetifyTransform
Transforming coil-compose-2.7.0.aar (io.coil-kt:coil-compose:2.7.0) with AarToClassTransform
Transforming coil-compose-2.7.0.aar (io.coil-kt:coil-compose:2.7.0) with EnumerateClassesTransform
Transforming material-1.11.0.aar (com.google.android.material:material:1.11.0) with JetifyTransform
Transforming navigation-compose-2.7.7.aar (androidx.navigation:navigation-compose:2.7.7) with EnumerateClassesTransform
Transforming material-1.11.0.aar (com.google.android.material:material:1.11.0) with AarToClassTransform
Transforming constraintlayout-2.0.1.aar (androidx.constraintlayout:constraintlayout:2.0.1) with JetifyTransform
Transforming constraintlayout-2.0.1.aar (androidx.constraintlayout:constraintlayout:2.0.1) with AarToClassTransform
Transforming coil-compose-base-2.7.0.aar (io.coil-kt:coil-compose-base:2.7.0) with JetifyTransform
Transforming coil-compose-base-2.7.0.aar (io.coil-kt:coil-compose-base:2.7.0) with AarToClassTransform
Transforming coil-compose-base-2.7.0.aar (io.coil-kt:coil-compose-base:2.7.0) with EnumerateClassesTransform
Transforming coil-2.7.0.aar (io.coil-kt:coil:2.7.0) with JetifyTransform
Transforming coil-2.7.0.aar (io.coil-kt:coil:2.7.0) with AarToClassTransform
Transforming coil-2.7.0.aar (io.coil-kt:coil:2.7.0) with EnumerateClassesTransform
Transforming coil-base-2.7.0.aar (io.coil-kt:coil-base:2.7.0) with JetifyTransform
Transforming coil-base-2.7.0.aar (io.coil-kt:coil-base:2.7.0) with AarToClassTransform
Transforming coil-base-2.7.0.aar (io.coil-kt:coil-base:2.7.0) with EnumerateClassesTransform
Transforming appcompat-resources-1.6.1.aar (androidx.appcompat:appcompat-resources:1.6.1) with JetifyTransform
Transforming appcompat-resources-1.6.1.aar (androidx.appcompat:appcompat-resources:1.6.1) with AarToClassTransform
Transforming appcompat-resources-1.6.1.aar (androidx.appcompat:appcompat-resources:1.6.1) with EnumerateClassesTransform
Transforming lottie-compose-6.4.1.aar (com.airbnb.android:lottie-compose:6.4.1) with JetifyTransform
Transforming lottie-compose-6.4.1.aar (com.airbnb.android:lottie-compose:6.4.1) with AarToClassTransform
Transforming lottie-compose-6.4.1.aar (com.airbnb.android:lottie-compose:6.4.1) with EnumerateClassesTransform
Transforming lottie-6.4.1.aar (com.airbnb.android:lottie:6.4.1) with JetifyTransform
Transforming lottie-6.4.1.aar (com.airbnb.android:lottie:6.4.1) with AarToClassTransform
Transforming lottie-6.4.1.aar (com.airbnb.android:lottie:6.4.1) with EnumerateClassesTransform
Transforming text-recognition-16.0.1.aar (com.google.mlkit:text-recognition:16.0.1) with JetifyTransform
Transforming text-recognition-16.0.1.aar (com.google.mlkit:text-recognition:16.0.1) with AarToClassTransform
Transforming text-recognition-16.0.1.aar (com.google.mlkit:text-recognition:16.0.1) with EnumerateClassesTransform
Transforming play-services-mlkit-text-recognition-19.0.1.aar (com.google.android.gms:play-services-mlkit-text-recognition:19.0.1) with JetifyTransform
Transforming play-services-mlkit-text-recognition-19.0.1.aar (com.google.android.gms:play-services-mlkit-text-recognition:19.0.1) with AarToClassTransform
Transforming play-services-mlkit-text-recognition-19.0.1.aar (com.google.android.gms:play-services-mlkit-text-recognition:19.0.1) with EnumerateClassesTransform
Transforming text-recognition-bundled-common-17.0.0.aar (com.google.mlkit:text-recognition-bundled-common:17.0.0) with JetifyTransform
Transforming text-recognition-bundled-common-17.0.0.aar (com.google.mlkit:text-recognition-bundled-common:17.0.0) with AarToClassTransform
Transforming text-recognition-bundled-common-17.0.0.aar (com.google.mlkit:text-recognition-bundled-common:17.0.0) with EnumerateClassesTransform
Transforming play-services-mlkit-text-recognition-common-19.1.0.aar (com.google.android.gms:play-services-mlkit-text-recognition-common:19.1.0) with JetifyTransform
Transforming play-services-mlkit-text-recognition-common-19.1.0.aar (com.google.android.gms:play-services-mlkit-text-recognition-common:19.1.0) with AarToClassTransform
Transforming play-services-mlkit-text-recognition-common-19.1.0.aar (com.google.android.gms:play-services-mlkit-text-recognition-common:19.1.0) with EnumerateClassesTransform
Transforming vision-common-17.3.0.aar (com.google.mlkit:vision-common:17.3.0) with JetifyTransform
Transforming vision-common-17.3.0.aar (com.google.mlkit:vision-common:17.3.0) with AarToClassTransform
Transforming vision-common-17.3.0.aar (com.google.mlkit:vision-common:17.3.0) with EnumerateClassesTransform
Transforming vision-common-17.3.0.aar (com.google.mlkit:vision-common:17.3.0) with JetifyTransform
Transforming vision-common-17.3.0.aar (com.google.mlkit:vision-common:17.3.0) with AarToClassTransform
Transforming vision-common-17.3.0.aar (com.google.mlkit:vision-common:17.3.0) with EnumerateClassesTransform
Transforming common-18.11.0.aar (com.google.mlkit:common:18.11.0) with JetifyTransform
Transforming common-18.11.0.aar (com.google.mlkit:common:18.11.0) with AarToClassTransform
Transforming common-18.11.0.aar (com.google.mlkit:common:18.11.0) with EnumerateClassesTransform
Transforming common-18.11.0.aar (com.google.mlkit:common:18.11.0) with JetifyTransform
Transforming common-18.11.0.aar (com.google.mlkit:common:18.11.0) with AarToClassTransform
Transforming common-18.11.0.aar (com.google.mlkit:common:18.11.0) with EnumerateClassesTransform
Transforming common-18.11.0.aar (com.google.mlkit:common:18.11.0) with JetifyTransform
Transforming common-18.11.0.aar (com.google.mlkit:common:18.11.0) with AarToClassTransform
Transforming common-18.11.0.aar (com.google.mlkit:common:18.11.0) with EnumerateClassesTransform
Transforming common-18.11.0.aar (com.google.mlkit:common:18.11.0) with JetifyTransform
Transforming common-18.11.0.aar (com.google.mlkit:common:18.11.0) with AarToClassTransform
Transforming common-18.11.0.aar (com.google.mlkit:common:18.11.0) with EnumerateClassesTransform
Transforming common-18.11.0.aar (com.google.mlkit:common:18.11.0) with JetifyTransform
Transforming common-18.11.0.aar (com.google.mlkit:common:18.11.0) with AarToClassTransform
Transforming common-18.11.0.aar (com.google.mlkit:common:18.11.0) with EnumerateClassesTransform
Transforming appcompat-1.6.1.aar (androidx.appcompat:appcompat:1.6.1) with JetifyTransform
Transforming appcompat-1.6.1.aar (androidx.appcompat:appcompat:1.6.1) with AarToClassTransform
Transforming appcompat-1.6.1.aar (androidx.appcompat:appcompat:1.6.1) with EnumerateClassesTransform
Transforming appcompat-1.6.1.aar (androidx.appcompat:appcompat:1.6.1) with JetifyTransform
Transforming appcompat-1.6.1.aar (androidx.appcompat:appcompat:1.6.1) with AarToClassTransform
Transforming appcompat-1.6.1.aar (androidx.appcompat:appcompat:1.6.1) with EnumerateClassesTransform
Transforming glide-4.15.1.aar (com.github.bumptech.glide:glide:4.15.1) with JetifyTransform
Transforming glide-4.15.1.aar (com.github.bumptech.glide:glide:4.15.1) with AarToClassTransform
Transforming glide-4.15.1.aar (com.github.bumptech.glide:glide:4.15.1) with EnumerateClassesTransform
Transforming viewpager2-1.0.0.aar (androidx.viewpager2:viewpager2:1.0.0) with JetifyTransform
Transforming viewpager2-1.0.0.aar (androidx.viewpager2:viewpager2:1.0.0) with AarToClassTransform
Transforming pdfium-android-1.9.0.aar (com.github.barteksc:pdfium-android:1.9.0) with JetifyTransform
Transforming pdfium-android-1.9.0.aar (com.github.barteksc:pdfium-android:1.9.0) with AarToClassTransform
Transforming pdfium-android-1.9.0.aar (com.github.barteksc:pdfium-android:1.9.0) with EnumerateClassesTransform
Transforming legacy-support-v4-1.0.0.aar (androidx.legacy:legacy-support-v4:1.0.0) with JetifyTransform
Transforming legacy-support-v4-1.0.0.aar (androidx.legacy:legacy-support-v4:1.0.0) with AarToClassTransform
Transforming legacy-support-v4-1.0.0.aar (androidx.legacy:legacy-support-v4:1.0.0) with EnumerateClassesTransform
Transforming play-services-base-18.5.0.aar (com.google.android.gms:play-services-base:18.5.0) with JetifyTransform
Transforming play-services-base-18.5.0.aar (com.google.android.gms:play-services-base:18.5.0) with AarToClassTransform
Transforming play-services-base-18.5.0.aar (com.google.android.gms:play-services-base:18.5.0) with EnumerateClassesTransform
Transforming play-services-base-18.5.0.aar (com.google.android.gms:play-services-base:18.5.0) with JetifyTransform
Transforming play-services-base-18.5.0.aar (com.google.android.gms:play-services-base:18.5.0) with AarToClassTransform
Transforming play-services-base-18.5.0.aar (com.google.android.gms:play-services-base:18.5.0) with EnumerateClassesTransform
Transforming play-services-base-18.5.0.aar (com.google.android.gms:play-services-base:18.5.0) with JetifyTransform
Transforming play-services-base-18.5.0.aar (com.google.android.gms:play-services-base:18.5.0) with AarToClassTransform
Transforming play-services-base-18.5.0.aar (com.google.android.gms:play-services-base:18.5.0) with EnumerateClassesTransform
Transforming play-services-base-18.5.0.aar (com.google.android.gms:play-services-base:18.5.0) with JetifyTransform
Transforming play-services-base-18.5.0.aar (com.google.android.gms:play-services-base:18.5.0) with AarToClassTransform
Transforming play-services-base-18.5.0.aar (com.google.android.gms:play-services-base:18.5.0) with EnumerateClassesTransform
Transforming play-services-base-18.5.0.aar (com.google.android.gms:play-services-base:18.5.0) with JetifyTransform
Transforming play-services-base-18.5.0.aar (com.google.android.gms:play-services-base:18.5.0) with AarToClassTransform
Transforming play-services-base-18.5.0.aar (com.google.android.gms:play-services-base:18.5.0) with EnumerateClassesTransform
Transforming play-services-base-18.5.0.aar (com.google.android.gms:play-services-base:18.5.0) with JetifyTransform
Transforming play-services-base-18.5.0.aar (com.google.android.gms:play-services-base:18.5.0) with AarToClassTransform
Transforming play-services-base-18.5.0.aar (com.google.android.gms:play-services-base:18.5.0) with EnumerateClassesTransform
Transforming vision-interfaces-16.3.0.aar (com.google.mlkit:vision-interfaces:16.3.0) with JetifyTransform
Transforming vision-interfaces-16.3.0.aar (com.google.mlkit:vision-interfaces:16.3.0) with AarToClassTransform
Transforming vision-interfaces-16.3.0.aar (com.google.mlkit:vision-interfaces:16.3.0) with EnumerateClassesTransform
Transforming play-services-tasks-18.2.0.aar (com.google.android.gms:play-services-tasks:18.2.0) with JetifyTransform
Transforming play-services-tasks-18.2.0.aar (com.google.android.gms:play-services-tasks:18.2.0) with AarToClassTransform
Transforming play-services-tasks-18.2.0.aar (com.google.android.gms:play-services-tasks:18.2.0) with EnumerateClassesTransform
Transforming play-services-tasks-18.2.0.aar (com.google.android.gms:play-services-tasks:18.2.0) with JetifyTransform
Transforming play-services-tasks-18.2.0.aar (com.google.android.gms:play-services-tasks:18.2.0) with AarToClassTransform
Transforming play-services-tasks-18.2.0.aar (com.google.android.gms:play-services-tasks:18.2.0) with EnumerateClassesTransform
Transforming play-services-tasks-18.2.0.aar (com.google.android.gms:play-services-tasks:18.2.0) with JetifyTransform
Transforming play-services-tasks-18.2.0.aar (com.google.android.gms:play-services-tasks:18.2.0) with AarToClassTransform
Transforming play-services-tasks-18.2.0.aar (com.google.android.gms:play-services-tasks:18.2.0) with EnumerateClassesTransform
Transforming play-services-tasks-18.2.0.aar (com.google.android.gms:play-services-tasks:18.2.0) with JetifyTransform
Transforming play-services-tasks-18.2.0.aar (com.google.android.gms:play-services-tasks:18.2.0) with AarToClassTransform
Transforming play-services-tasks-18.2.0.aar (com.google.android.gms:play-services-tasks:18.2.0) with EnumerateClassesTransform
Transforming play-services-tasks-18.2.0.aar (com.google.android.gms:play-services-tasks:18.2.0) with JetifyTransform
Transforming play-services-tasks-18.2.0.aar (com.google.android.gms:play-services-tasks:18.2.0) with AarToClassTransform
Transforming play-services-tasks-18.2.0.aar (com.google.android.gms:play-services-tasks:18.2.0) with EnumerateClassesTransform
Transforming play-services-tasks-18.2.0.aar (com.google.android.gms:play-services-tasks:18.2.0) with JetifyTransform
Transforming play-services-tasks-18.2.0.aar (com.google.android.gms:play-services-tasks:18.2.0) with AarToClassTransform
Transforming play-services-tasks-18.2.0.aar (com.google.android.gms:play-services-tasks:18.2.0) with EnumerateClassesTransform
Transforming play-services-basement-18.4.0.aar (com.google.android.gms:play-services-basement:18.4.0) with JetifyTransform
Transforming play-services-basement-18.4.0.aar (com.google.android.gms:play-services-basement:18.4.0) with AarToClassTransform
Transforming play-services-basement-18.4.0.aar (com.google.android.gms:play-services-basement:18.4.0) with EnumerateClassesTransform
Transforming play-services-basement-18.4.0.aar (com.google.android.gms:play-services-basement:18.4.0) with JetifyTransform
Transforming play-services-basement-18.4.0.aar (com.google.android.gms:play-services-basement:18.4.0) with AarToClassTransform
Transforming play-services-basement-18.4.0.aar (com.google.android.gms:play-services-basement:18.4.0) with EnumerateClassesTransform
Transforming play-services-basement-18.4.0.aar (com.google.android.gms:play-services-basement:18.4.0) with JetifyTransform
Transforming play-services-basement-18.4.0.aar (com.google.android.gms:play-services-basement:18.4.0) with AarToClassTransform
Transforming play-services-basement-18.4.0.aar (com.google.android.gms:play-services-basement:18.4.0) with EnumerateClassesTransform
Transforming play-services-basement-18.4.0.aar (com.google.android.gms:play-services-basement:18.4.0) with JetifyTransform
Transforming play-services-basement-18.4.0.aar (com.google.android.gms:play-services-basement:18.4.0) with AarToClassTransform
Transforming play-services-basement-18.4.0.aar (com.google.android.gms:play-services-basement:18.4.0) with EnumerateClassesTransform
Transforming play-services-basement-18.4.0.aar (com.google.android.gms:play-services-basement:18.4.0) with JetifyTransform
Transforming play-services-basement-18.4.0.aar (com.google.android.gms:play-services-basement:18.4.0) with AarToClassTransform
Transforming play-services-basement-18.4.0.aar (com.google.android.gms:play-services-basement:18.4.0) with EnumerateClassesTransform
Transforming play-services-basement-18.4.0.aar (com.google.android.gms:play-services-basement:18.4.0) with JetifyTransform
Transforming play-services-basement-18.4.0.aar (com.google.android.gms:play-services-basement:18.4.0) with AarToClassTransform
Transforming play-services-basement-18.4.0.aar (com.google.android.gms:play-services-basement:18.4.0) with EnumerateClassesTransform
Transforming play-services-basement-18.4.0.aar (com.google.android.gms:play-services-basement:18.4.0) with JetifyTransform
Transforming play-services-basement-18.4.0.aar (com.google.android.gms:play-services-basement:18.4.0) with AarToClassTransform
Transforming play-services-basement-18.4.0.aar (com.google.android.gms:play-services-basement:18.4.0) with EnumerateClassesTransform
Transforming play-services-basement-18.4.0.aar (com.google.android.gms:play-services-basement:18.4.0) with JetifyTransform
Transforming play-services-basement-18.4.0.aar (com.google.android.gms:play-services-basement:18.4.0) with AarToClassTransform
Transforming play-services-basement-18.4.0.aar (com.google.android.gms:play-services-basement:18.4.0) with EnumerateClassesTransform
Transforming play-services-basement-18.4.0.aar (com.google.android.gms:play-services-basement:18.4.0) with JetifyTransform
Transforming play-services-basement-18.4.0.aar (com.google.android.gms:play-services-basement:18.4.0) with AarToClassTransform
Transforming play-services-basement-18.4.0.aar (com.google.android.gms:play-services-basement:18.4.0) with EnumerateClassesTransform
Transforming fragment-1.5.1.aar (androidx.fragment:fragment:1.5.1) with JetifyTransform
Transforming fragment-1.5.1.aar (androidx.fragment:fragment:1.5.1) with AarToClassTransform
Transforming fragment-1.5.1.aar (androidx.fragment:fragment:1.5.1) with EnumerateClassesTransform
Transforming fragment-1.5.1.aar (androidx.fragment:fragment:1.5.1) with JetifyTransform
Transforming fragment-1.5.1.aar (androidx.fragment:fragment:1.5.1) with AarToClassTransform
Transforming fragment-1.5.1.aar (androidx.fragment:fragment:1.5.1) with EnumerateClassesTransform
Transforming fragment-1.5.1.aar (androidx.fragment:fragment:1.5.1) with JetifyTransform
Transforming fragment-1.5.1.aar (androidx.fragment:fragment:1.5.1) with AarToClassTransform
Transforming fragment-1.5.1.aar (androidx.fragment:fragment:1.5.1) with EnumerateClassesTransform
Transforming fragment-1.5.1.aar (androidx.fragment:fragment:1.5.1) with JetifyTransform
Transforming fragment-1.5.1.aar (androidx.fragment:fragment:1.5.1) with AarToClassTransform
Transforming fragment-1.5.1.aar (androidx.fragment:fragment:1.5.1) with EnumerateClassesTransform
Transforming fragment-1.5.1.aar (androidx.fragment:fragment:1.5.1) with JetifyTransform
Transforming fragment-1.5.1.aar (androidx.fragment:fragment:1.5.1) with AarToClassTransform
Transforming fragment-1.5.1.aar (androidx.fragment:fragment:1.5.1) with EnumerateClassesTransform
Transforming material3-window-size-class-release.aar (androidx.compose.material3:material3-window-size-class-android:1.2.1) with JetifyTransform
Transforming material3-window-size-class-release.aar (androidx.compose.material3:material3-window-size-class-android:1.2.1) with AarToClassTransform
Transforming material3-window-size-class-release.aar (androidx.compose.material3:material3-window-size-class-android:1.2.1) with EnumerateClassesTransform
Transforming material3-release.aar (androidx.compose.material3:material3-android:1.2.1) with JetifyTransform
Transforming material3-release.aar (androidx.compose.material3:material3-android:1.2.1) with AarToClassTransform
Transforming material3-release.aar (androidx.compose.material3:material3-android:1.2.1) with EnumerateClassesTransform
Transforming palette-1.0.0.aar (androidx.palette:palette:1.0.0) with JetifyTransform
Transforming palette-1.0.0.aar (androidx.palette:palette:1.0.0) with AarToClassTransform
Transforming palette-1.0.0.aar (androidx.palette:palette:1.0.0) with EnumerateClassesTransform
Transforming dynamicanimation-1.0.0.aar (androidx.dynamicanimation:dynamicanimation:1.0.0) with JetifyTransform
Transforming dynamicanimation-1.0.0.aar (androidx.dynamicanimation:dynamicanimation:1.0.0) with AarToClassTransform
Transforming legacy-support-core-ui-1.0.0.aar (androidx.legacy:legacy-support-core-ui:1.0.0) with JetifyTransform
Transforming viewpager2-1.0.0.aar (androidx.viewpager2:viewpager2:1.0.0) with EnumerateClassesTransform
Transforming legacy-support-core-ui-1.0.0.aar (androidx.legacy:legacy-support-core-ui:1.0.0) with AarToClassTransform
Transforming legacy-support-core-ui-1.0.0.aar (androidx.legacy:legacy-support-core-ui:1.0.0) with EnumerateClassesTransform
Transforming legacy-support-core-utils-1.0.0.aar (androidx.legacy:legacy-support-core-utils:1.0.0) with JetifyTransform
Transforming legacy-support-core-utils-1.0.0.aar (androidx.legacy:legacy-support-core-utils:1.0.0) with AarToClassTransform
Transforming legacy-support-core-utils-1.0.0.aar (androidx.legacy:legacy-support-core-utils:1.0.0) with EnumerateClassesTransform
Transforming legacy-support-core-utils-1.0.0.aar (androidx.legacy:legacy-support-core-utils:1.0.0) with JetifyTransform
Transforming legacy-support-core-utils-1.0.0.aar (androidx.legacy:legacy-support-core-utils:1.0.0) with AarToClassTransform
Transforming legacy-support-core-utils-1.0.0.aar (androidx.legacy:legacy-support-core-utils:1.0.0) with EnumerateClassesTransform
Transforming legacy-support-core-utils-1.0.0.aar (androidx.legacy:legacy-support-core-utils:1.0.0) with JetifyTransform
Transforming legacy-support-core-utils-1.0.0.aar (androidx.legacy:legacy-support-core-utils:1.0.0) with AarToClassTransform
Transforming legacy-support-core-utils-1.0.0.aar (androidx.legacy:legacy-support-core-utils:1.0.0) with EnumerateClassesTransform
Transforming legacy-support-core-utils-1.0.0.aar (androidx.legacy:legacy-support-core-utils:1.0.0) with JetifyTransform
Transforming legacy-support-core-utils-1.0.0.aar (androidx.legacy:legacy-support-core-utils:1.0.0) with AarToClassTransform
Transforming legacy-support-core-utils-1.0.0.aar (androidx.legacy:legacy-support-core-utils:1.0.0) with EnumerateClassesTransform
Transforming loader-1.0.0.aar (androidx.loader:loader:1.0.0) with JetifyTransform
Transforming loader-1.0.0.aar (androidx.loader:loader:1.0.0) with AarToClassTransform
Transforming loader-1.0.0.aar (androidx.loader:loader:1.0.0) with EnumerateClassesTransform
Transforming loader-1.0.0.aar (androidx.loader:loader:1.0.0) with JetifyTransform
Transforming loader-1.0.0.aar (androidx.loader:loader:1.0.0) with AarToClassTransform
Transforming loader-1.0.0.aar (androidx.loader:loader:1.0.0) with EnumerateClassesTransform
Transforming accompanist-permissions-0.37.3.aar (com.google.accompanist:accompanist-permissions:0.37.3) with JetifyTransform
Transforming accompanist-permissions-0.37.3.aar (com.google.accompanist:accompanist-permissions:0.37.3) with AarToClassTransform
Transforming accompanist-permissions-0.37.3.aar (com.google.accompanist:accompanist-permissions:0.37.3) with EnumerateClassesTransform
Transforming constraintlayout-compose-1.0.1.aar (androidx.constraintlayout:constraintlayout-compose:1.0.1) with JetifyTransform
Transforming constraintlayout-compose-1.0.1.aar (androidx.constraintlayout:constraintlayout-compose:1.0.1) with AarToClassTransform
Transforming constraintlayout-compose-1.0.1.aar (androidx.constraintlayout:constraintlayout-compose:1.0.1) with EnumerateClassesTransform
Transforming accompanist-systemuicontroller-0.34.0.aar (com.google.accompanist:accompanist-systemuicontroller:0.34.0) with JetifyTransform
Transforming accompanist-systemuicontroller-0.34.0.aar (com.google.accompanist:accompanist-systemuicontroller:0.34.0) with AarToClassTransform
Transforming accompanist-systemuicontroller-0.34.0.aar (com.google.accompanist:accompanist-systemuicontroller:0.34.0) with EnumerateClassesTransform
Transforming accompanist-adaptive-0.34.0.aar (com.google.accompanist:accompanist-adaptive:0.34.0) with JetifyTransform
Transforming accompanist-adaptive-0.34.0.aar (com.google.accompanist:accompanist-adaptive:0.34.0) with AarToClassTransform
Transforming accompanist-adaptive-0.34.0.aar (com.google.accompanist:accompanist-adaptive:0.34.0) with EnumerateClassesTransform
Transforming accompanist-drawablepainter-0.32.0.aar (com.google.accompanist:accompanist-drawablepainter:0.32.0) with JetifyTransform
Transforming accompanist-drawablepainter-0.32.0.aar (com.google.accompanist:accompanist-drawablepainter:0.32.0) with AarToClassTransform
Transforming accompanist-drawablepainter-0.32.0.aar (com.google.accompanist:accompanist-drawablepainter:0.32.0) with EnumerateClassesTransform
Transforming material-ripple-release.aar (androidx.compose.material:material-ripple-android:1.6.8) with JetifyTransform
Transforming material-ripple-release.aar (androidx.compose.material:material-ripple-android:1.6.8) with AarToClassTransform
Transforming material-ripple-release.aar (androidx.compose.material:material-ripple-android:1.6.8) with EnumerateClassesTransform
Transforming ui-tooling-data-release.aar (androidx.compose.ui:ui-tooling-data-android:1.7.8) with JetifyTransform
Transforming ui-tooling-data-release.aar (androidx.compose.ui:ui-tooling-data-android:1.7.8) with AarToClassTransform
Transforming ui-tooling-preview-release.aar (androidx.compose.ui:ui-tooling-preview-android:1.7.8) with JetifyTransform
Transforming ui-tooling-preview-release.aar (androidx.compose.ui:ui-tooling-preview-android:1.7.8) with AarToClassTransform
Transforming ui-tooling-preview-release.aar (androidx.compose.ui:ui-tooling-preview-android:1.7.8) with EnumerateClassesTransform
Transforming animation-core-release.aar (androidx.compose.animation:animation-core-android:1.7.8) with JetifyTransform
Transforming animation-core-release.aar (androidx.compose.animation:animation-core-android:1.7.8) with AarToClassTransform
Transforming animation-core-release.aar (androidx.compose.animation:animation-core-android:1.7.8) with EnumerateClassesTransform
Transforming animation-release.aar (androidx.compose.animation:animation-android:1.7.8) with JetifyTransform
Transforming animation-release.aar (androidx.compose.animation:animation-android:1.7.8) with AarToClassTransform
Transforming animation-release.aar (androidx.compose.animation:animation-android:1.7.8) with EnumerateClassesTransform
Transforming foundation-layout-release.aar (androidx.compose.foundation:foundation-layout-android:1.7.8) with JetifyTransform
Transforming foundation-layout-release.aar (androidx.compose.foundation:foundation-layout-android:1.7.8) with AarToClassTransform
Transforming foundation-layout-release.aar (androidx.compose.foundation:foundation-layout-android:1.7.8) with EnumerateClassesTransform
Transforming foundation-release.aar (androidx.compose.foundation:foundation-android:1.7.8) with JetifyTransform
Transforming foundation-release.aar (androidx.compose.foundation:foundation-android:1.7.8) with AarToClassTransform
Transforming foundation-release.aar (androidx.compose.foundation:foundation-android:1.7.8) with EnumerateClassesTransform
Transforming ui-util-release.aar (androidx.compose.ui:ui-util-android:1.7.8) with JetifyTransform
Transforming ui-util-release.aar (androidx.compose.ui:ui-util-android:1.7.8) with AarToClassTransform
Transforming ui-util-release.aar (androidx.compose.ui:ui-util-android:1.7.8) with EnumerateClassesTransform
Transforming ui-unit-release.aar (androidx.compose.ui:ui-unit-android:1.7.8) with JetifyTransform
Transforming ui-unit-release.aar (androidx.compose.ui:ui-unit-android:1.7.8) with AarToClassTransform
Transforming ui-unit-release.aar (androidx.compose.ui:ui-unit-android:1.7.8) with EnumerateClassesTransform
Transforming ui-text-release.aar (androidx.compose.ui:ui-text-android:1.7.8) with JetifyTransform
Transforming ui-text-release.aar (androidx.compose.ui:ui-text-android:1.7.8) with AarToClassTransform
Transforming ui-text-release.aar (androidx.compose.ui:ui-text-android:1.7.8) with EnumerateClassesTransform
Transforming ui-graphics-release.aar (androidx.compose.ui:ui-graphics-android:1.7.8) with JetifyTransform
Transforming ui-graphics-release.aar (androidx.compose.ui:ui-graphics-android:1.7.8) with AarToClassTransform
Transforming ui-graphics-release.aar (androidx.compose.ui:ui-graphics-android:1.7.8) with EnumerateClassesTransform
Transforming ui-geometry-release.aar (androidx.compose.ui:ui-geometry-android:1.7.8) with JetifyTransform
Transforming ui-geometry-release.aar (androidx.compose.ui:ui-geometry-android:1.7.8) with AarToClassTransform
Transforming ui-geometry-release.aar (androidx.compose.ui:ui-geometry-android:1.7.8) with EnumerateClassesTransform
Transforming ui-test-manifest-1.7.8.aar (androidx.compose.ui:ui-test-manifest:1.7.8) with JetifyTransform
Transforming ui-test-manifest-1.7.8.aar (androidx.compose.ui:ui-test-manifest:1.7.8) with AarToClassTransform
Transforming ui-tooling-release.aar (androidx.compose.ui:ui-tooling-android:1.7.8) with JetifyTransform
Transforming ui-tooling-release.aar (androidx.compose.ui:ui-tooling-android:1.7.8) with AarToClassTransform
Transforming material-release.aar (androidx.compose.material:material-android:1.6.8) with JetifyTransform
Transforming material-release.aar (androidx.compose.material:material-android:1.6.8) with AarToClassTransform
Transforming material-release.aar (androidx.compose.material:material-android:1.6.8) with EnumerateClassesTransform
Transforming material-icons-extended-release.aar (androidx.compose.material:material-icons-extended-android:1.6.8) with JetifyTransform
Transforming material-icons-extended-release.aar (androidx.compose.material:material-icons-extended-android:1.6.8) with AarToClassTransform
Transforming material-icons-extended-release.aar (androidx.compose.material:material-icons-extended-android:1.6.8) with EnumerateClassesTransform
Transforming material-icons-core-release.aar (androidx.compose.material:material-icons-core-android:1.6.8) with JetifyTransform
Transforming material-icons-core-release.aar (androidx.compose.material:material-icons-core-android:1.6.8) with AarToClassTransform
Transforming material-icons-core-release.aar (androidx.compose.material:material-icons-core-android:1.6.8) with EnumerateClassesTransform
Transforming ui-release.aar (androidx.compose.ui:ui-android:1.7.8) with JetifyTransform
Transforming ui-release.aar (androidx.compose.ui:ui-android:1.7.8) with AarToClassTransform
Transforming ui-release.aar (androidx.compose.ui:ui-android:1.7.8) with EnumerateClassesTransform
Transforming activity-1.9.0.aar (androidx.activity:activity:1.9.0) with JetifyTransform
Transforming activity-1.9.0.aar (androidx.activity:activity:1.9.0) with AarToClassTransform
Transforming activity-1.9.0.aar (androidx.activity:activity:1.9.0) with EnumerateClassesTransform
Transforming activity-ktx-1.9.0.aar (androidx.activity:activity-ktx:1.9.0) with JetifyTransform
Transforming activity-ktx-1.9.0.aar (androidx.activity:activity-ktx:1.9.0) with AarToClassTransform
Transforming activity-ktx-1.9.0.aar (androidx.activity:activity-ktx:1.9.0) with EnumerateClassesTransform
Transforming activity-compose-1.9.0.aar (androidx.activity:activity-compose:1.9.0) with JetifyTransform
Transforming activity-compose-1.9.0.aar (androidx.activity:activity-compose:1.9.0) with AarToClassTransform
Transforming activity-compose-1.9.0.aar (androidx.activity:activity-compose:1.9.0) with EnumerateClassesTransform
Transforming emoji2-views-helper-1.3.0.aar (androidx.emoji2:emoji2-views-helper:1.3.0) with JetifyTransform
Transforming emoji2-views-helper-1.3.0.aar (androidx.emoji2:emoji2-views-helper:1.3.0) with AarToClassTransform
Transforming emoji2-views-helper-1.3.0.aar (androidx.emoji2:emoji2-views-helper:1.3.0) with EnumerateClassesTransform
Transforming emoji2-1.3.0.aar (androidx.emoji2:emoji2:1.3.0) with JetifyTransform
Transforming emoji2-1.3.0.aar (androidx.emoji2:emoji2:1.3.0) with AarToClassTransform
Transforming emoji2-1.3.0.aar (androidx.emoji2:emoji2:1.3.0) with EnumerateClassesTransform
Transforming lifecycle-process-2.9.1.aar (androidx.lifecycle:lifecycle-process:2.9.1) with JetifyTransform
Transforming lifecycle-process-2.9.1.aar (androidx.lifecycle:lifecycle-process:2.9.1) with AarToClassTransform
Transforming lifecycle-process-2.9.1.aar (androidx.lifecycle:lifecycle-process:2.9.1) with EnumerateClassesTransform
Transforming lifecycle-livedata-core-ktx-2.9.1.aar (androidx.lifecycle:lifecycle-livedata-core-ktx:2.9.1) with JetifyTransform
Transforming lifecycle-livedata-core-ktx-2.9.1.aar (androidx.lifecycle:lifecycle-livedata-core-ktx:2.9.1) with AarToClassTransform
Transforming lifecycle-livedata-core-ktx-2.9.1.aar (androidx.lifecycle:lifecycle-livedata-core-ktx:2.9.1) with EnumerateClassesTransform
Transforming lifecycle-common-java8-2.9.1.jar (androidx.lifecycle:lifecycle-common-java8:2.9.1) with JetifyTransform
Transforming lifecycle-common-java8-2.9.1.jar (androidx.lifecycle:lifecycle-common-java8:2.9.1) with IdentityTransform
Transforming lifecycle-common-java8-2.9.1.jar (androidx.lifecycle:lifecycle-common-java8:2.9.1) with EnumerateClassesTransform
Transforming lifecycle-service-2.9.1.aar (androidx.lifecycle:lifecycle-service:2.9.1) with JetifyTransform
Transforming lifecycle-service-2.9.1.aar (androidx.lifecycle:lifecycle-service:2.9.1) with AarToClassTransform
Transforming lifecycle-livedata-2.9.1.aar (androidx.lifecycle:lifecycle-livedata:2.9.1) with JetifyTransform
Transforming lifecycle-livedata-2.9.1.aar (androidx.lifecycle:lifecycle-livedata:2.9.1) with AarToClassTransform
Transforming lifecycle-livedata-2.9.1.aar (androidx.lifecycle:lifecycle-livedata:2.9.1) with EnumerateClassesTransform
Transforming lifecycle-livedata-2.9.1.aar (androidx.lifecycle:lifecycle-livedata:2.9.1) with JetifyTransform
Transforming lifecycle-livedata-2.9.1.aar (androidx.lifecycle:lifecycle-livedata:2.9.1) with AarToClassTransform
Transforming lifecycle-livedata-2.9.1.aar (androidx.lifecycle:lifecycle-livedata:2.9.1) with EnumerateClassesTransform
Transforming lifecycle-viewmodel-ktx-2.9.1.aar (androidx.lifecycle:lifecycle-viewmodel-ktx:2.9.1) with JetifyTransform
Transforming lifecycle-viewmodel-ktx-2.9.1.aar (androidx.lifecycle:lifecycle-viewmodel-ktx:2.9.1) with AarToClassTransform
Transforming lifecycle-viewmodel-ktx-2.9.1.aar (androidx.lifecycle:lifecycle-viewmodel-ktx:2.9.1) with EnumerateClassesTransform
Transforming dynamicanimation-1.0.0.aar (androidx.dynamicanimation:dynamicanimation:1.0.0) with EnumerateClassesTransform
Transforming lifecycle-viewmodel-savedstate-release.aar (androidx.lifecycle:lifecycle-viewmodel-savedstate-android:2.9.1) with JetifyTransform
Transforming lifecycle-viewmodel-savedstate-release.aar (androidx.lifecycle:lifecycle-viewmodel-savedstate-android:2.9.1) with AarToClassTransform
Transforming lifecycle-viewmodel-savedstate-release.aar (androidx.lifecycle:lifecycle-viewmodel-savedstate-android:2.9.1) with EnumerateClassesTransform
Transforming lifecycle-viewmodel-2.9.1.aar (androidx.lifecycle:lifecycle-viewmodel:2.9.1) with JetifyTransform
Transforming lifecycle-viewmodel-2.9.1.aar (androidx.lifecycle:lifecycle-viewmodel:2.9.1) with AarToClassTransform
Transforming lifecycle-viewmodel-2.9.1.aar (androidx.lifecycle:lifecycle-viewmodel:2.9.1) with EnumerateClassesTransform
Transforming lifecycle-viewmodel-release.aar (androidx.lifecycle:lifecycle-viewmodel-android:2.9.1) with JetifyTransform
Transforming lifecycle-viewmodel-release.aar (androidx.lifecycle:lifecycle-viewmodel-android:2.9.1) with AarToClassTransform
Transforming lifecycle-viewmodel-release.aar (androidx.lifecycle:lifecycle-viewmodel-android:2.9.1) with EnumerateClassesTransform
Transforming savedstate-ktx-1.3.0.aar (androidx.savedstate:savedstate-ktx:1.3.0) with JetifyTransform
Transforming savedstate-ktx-1.3.0.aar (androidx.savedstate:savedstate-ktx:1.3.0) with AarToClassTransform
Transforming savedstate-ktx-1.3.0.aar (androidx.savedstate:savedstate-ktx:1.3.0) with EnumerateClassesTransform
Transforming savedstate-release.aar (androidx.savedstate:savedstate-android:1.3.0) with JetifyTransform
Transforming savedstate-release.aar (androidx.savedstate:savedstate-android:1.3.0) with AarToClassTransform
Transforming savedstate-release.aar (androidx.savedstate:savedstate-android:1.3.0) with EnumerateClassesTransform
Transforming lifecycle-common-jvm-2.9.1.jar (androidx.lifecycle:lifecycle-common-jvm:2.9.1) with JetifyTransform
Transforming lifecycle-common-jvm-2.9.1.jar (androidx.lifecycle:lifecycle-common-jvm:2.9.1) with IdentityTransform
Transforming lifecycle-common-jvm-2.9.1.jar (androidx.lifecycle:lifecycle-common-jvm:2.9.1) with EnumerateClassesTransform
Transforming media3-ui-1.4.1.aar (androidx.media3:media3-ui:1.4.1) with JetifyTransform
Transforming media3-ui-1.4.1.aar (androidx.media3:media3-ui:1.4.1) with AarToClassTransform
Transforming media3-ui-1.4.1.aar (androidx.media3:media3-ui:1.4.1) with EnumerateClassesTransform
Transforming media3-session-1.4.1.aar (androidx.media3:media3-session:1.4.1) with JetifyTransform
Transforming media3-session-1.4.1.aar (androidx.media3:media3-session:1.4.1) with AarToClassTransform
Transforming media3-session-1.4.1.aar (androidx.media3:media3-session:1.4.1) with EnumerateClassesTransform
Transforming media3-extractor-1.4.1.aar (androidx.media3:media3-extractor:1.4.1) with JetifyTransform
Transforming media3-extractor-1.4.1.aar (androidx.media3:media3-extractor:1.4.1) with AarToClassTransform
Transforming media3-extractor-1.4.1.aar (androidx.media3:media3-extractor:1.4.1) with EnumerateClassesTransform
Transforming media3-container-1.4.1.aar (androidx.media3:media3-container:1.4.1) with JetifyTransform
Transforming media3-container-1.4.1.aar (androidx.media3:media3-container:1.4.1) with AarToClassTransform
Transforming media3-container-1.4.1.aar (androidx.media3:media3-container:1.4.1) with EnumerateClassesTransform
Transforming media3-datasource-1.4.1.aar (androidx.media3:media3-datasource:1.4.1) with JetifyTransform
Transforming media3-datasource-1.4.1.aar (androidx.media3:media3-datasource:1.4.1) with AarToClassTransform
Transforming media3-datasource-1.4.1.aar (androidx.media3:media3-datasource:1.4.1) with EnumerateClassesTransform
Transforming media3-decoder-1.4.1.aar (androidx.media3:media3-decoder:1.4.1) with JetifyTransform
Transforming media3-decoder-1.4.1.aar (androidx.media3:media3-decoder:1.4.1) with AarToClassTransform
Transforming media3-decoder-1.4.1.aar (androidx.media3:media3-decoder:1.4.1) with EnumerateClassesTransform
Transforming media3-database-1.4.1.aar (androidx.media3:media3-database:1.4.1) with JetifyTransform
Transforming media3-database-1.4.1.aar (androidx.media3:media3-database:1.4.1) with AarToClassTransform
Transforming media3-database-1.4.1.aar (androidx.media3:media3-database:1.4.1) with EnumerateClassesTransform
Transforming media3-common-1.4.1.aar (androidx.media3:media3-common:1.4.1) with JetifyTransform
Transforming media3-common-1.4.1.aar (androidx.media3:media3-common:1.4.1) with AarToClassTransform
Transforming media3-common-1.4.1.aar (androidx.media3:media3-common:1.4.1) with EnumerateClassesTransform
Transforming media3-exoplayer-1.4.1.aar (androidx.media3:media3-exoplayer:1.4.1) with JetifyTransform
Transforming media3-exoplayer-1.4.1.aar (androidx.media3:media3-exoplayer:1.4.1) with AarToClassTransform
Transforming media3-exoplayer-1.4.1.aar (androidx.media3:media3-exoplayer:1.4.1) with EnumerateClassesTransform
Transforming coordinatorlayout-1.1.0.aar (androidx.coordinatorlayout:coordinatorlayout:1.1.0) with JetifyTransform
Transforming coordinatorlayout-1.1.0.aar (androidx.coordinatorlayout:coordinatorlayout:1.1.0) with AarToClassTransform
Transforming coordinatorlayout-1.1.0.aar (androidx.coordinatorlayout:coordinatorlayout:1.1.0) with JetifyTransform
Transforming coordinatorlayout-1.1.0.aar (androidx.coordinatorlayout:coordinatorlayout:1.1.0) with AarToClassTransform
Transforming drawerlayout-1.1.1.aar (androidx.drawerlayout:drawerlayout:1.1.1) with JetifyTransform
Transforming drawerlayout-1.1.1.aar (androidx.drawerlayout:drawerlayout:1.1.1) with AarToClassTransform
Transforming drawerlayout-1.1.1.aar (androidx.drawerlayout:drawerlayout:1.1.1) with JetifyTransform
Transforming drawerlayout-1.1.1.aar (androidx.drawerlayout:drawerlayout:1.1.1) with AarToClassTransform
Transforming transition-1.2.0.aar (androidx.transition:transition:1.2.0) with JetifyTransform
Transforming transition-1.2.0.aar (androidx.transition:transition:1.2.0) with AarToClassTransform
Transforming vectordrawable-animated-1.1.0.aar (androidx.vectordrawable:vectordrawable-animated:1.1.0) with JetifyTransform
Transforming vectordrawable-animated-1.1.0.aar (androidx.vectordrawable:vectordrawable-animated:1.1.0) with AarToClassTransform
Transforming vectordrawable-animated-1.1.0.aar (androidx.vectordrawable:vectordrawable-animated:1.1.0) with EnumerateClassesTransform
Transforming vectordrawable-1.1.0.aar (androidx.vectordrawable:vectordrawable:1.1.0) with JetifyTransform
Transforming vectordrawable-1.1.0.aar (androidx.vectordrawable:vectordrawable:1.1.0) with AarToClassTransform
Transforming vectordrawable-1.1.0.aar (androidx.vectordrawable:vectordrawable:1.1.0) with EnumerateClassesTransform
Transforming vectordrawable-1.1.0.aar (androidx.vectordrawable:vectordrawable:1.1.0) with JetifyTransform
Transforming vectordrawable-1.1.0.aar (androidx.vectordrawable:vectordrawable:1.1.0) with AarToClassTransform
Transforming vectordrawable-1.1.0.aar (androidx.vectordrawable:vectordrawable:1.1.0) with EnumerateClassesTransform
Transforming recyclerview-1.3.0.aar (androidx.recyclerview:recyclerview:1.3.0) with JetifyTransform
Transforming recyclerview-1.3.0.aar (androidx.recyclerview:recyclerview:1.3.0) with AarToClassTransform
Transforming ui-tooling-data-release.aar (androidx.compose.ui:ui-tooling-data-android:1.7.8) with EnumerateClassesTransform
Transforming recyclerview-1.3.0.aar (androidx.recyclerview:recyclerview:1.3.0) with EnumerateClassesTransform
Transforming recyclerview-1.3.0.aar (androidx.recyclerview:recyclerview:1.3.0) with JetifyTransform
Transforming recyclerview-1.3.0.aar (androidx.recyclerview:recyclerview:1.3.0) with AarToClassTransform
Transforming recyclerview-1.3.0.aar (androidx.recyclerview:recyclerview:1.3.0) with EnumerateClassesTransform
Transforming media-1.7.0.aar (androidx.media:media:1.7.0) with JetifyTransform
Transforming media-1.7.0.aar (androidx.media:media:1.7.0) with AarToClassTransform
Transforming media-1.7.0.aar (androidx.media:media:1.7.0) with EnumerateClassesTransform
Transforming media-1.7.0.aar (androidx.media:media:1.7.0) with JetifyTransform
Transforming media-1.7.0.aar (androidx.media:media:1.7.0) with AarToClassTransform
Transforming media-1.7.0.aar (androidx.media:media:1.7.0) with EnumerateClassesTransform
Transforming viewpager-1.0.0.aar (androidx.viewpager:viewpager:1.0.0) with JetifyTransform
Transforming viewpager-1.0.0.aar (androidx.viewpager:viewpager:1.0.0) with AarToClassTransform
Transforming viewpager-1.0.0.aar (androidx.viewpager:viewpager:1.0.0) with EnumerateClassesTransform
Transforming viewpager-1.0.0.aar (androidx.viewpager:viewpager:1.0.0) with JetifyTransform
Transforming viewpager-1.0.0.aar (androidx.viewpager:viewpager:1.0.0) with AarToClassTransform
Transforming viewpager-1.0.0.aar (androidx.viewpager:viewpager:1.0.0) with EnumerateClassesTransform
Transforming window-1.0.0.aar (androidx.window:window:1.0.0) with JetifyTransform
Transforming window-1.0.0.aar (androidx.window:window:1.0.0) with AarToClassTransform
Transforming window-1.0.0.aar (androidx.window:window:1.0.0) with EnumerateClassesTransform
Transforming ui-tooling-release.aar (androidx.compose.ui:ui-tooling-android:1.7.8) with EnumerateClassesTransform
Transforming slidingpanelayout-1.0.0.aar (androidx.slidingpanelayout:slidingpanelayout:1.0.0) with JetifyTransform
Transforming slidingpanelayout-1.0.0.aar (androidx.slidingpanelayout:slidingpanelayout:1.0.0) with AarToClassTransform
Transforming slidingpanelayout-1.0.0.aar (androidx.slidingpanelayout:slidingpanelayout:1.0.0) with EnumerateClassesTransform
Transforming customview-1.1.0.aar (androidx.customview:customview:1.1.0) with JetifyTransform
Transforming customview-1.1.0.aar (androidx.customview:customview:1.1.0) with AarToClassTransform
Transforming customview-1.1.0.aar (androidx.customview:customview:1.1.0) with JetifyTransform
Transforming customview-1.1.0.aar (androidx.customview:customview:1.1.0) with AarToClassTransform
Transforming customview-1.1.0.aar (androidx.customview:customview:1.1.0) with JetifyTransform
Transforming customview-1.1.0.aar (androidx.customview:customview:1.1.0) with AarToClassTransform
Transforming customview-1.1.0.aar (androidx.customview:customview:1.1.0) with JetifyTransform
Transforming customview-1.1.0.aar (androidx.customview:customview:1.1.0) with AarToClassTransform
Transforming ui-test-manifest-1.7.8.aar (androidx.compose.ui:ui-test-manifest:1.7.8) with EnumerateClassesTransform
Transforming customview-1.1.0.aar (androidx.customview:customview:1.1.0) with JetifyTransform
Transforming customview-1.1.0.aar (androidx.customview:customview:1.1.0) with AarToClassTransform
Transforming customview-1.1.0.aar (androidx.customview:customview:1.1.0) with JetifyTransform
Transforming customview-1.1.0.aar (androidx.customview:customview:1.1.0) with AarToClassTransform
Transforming swiperefreshlayout-1.0.0.aar (androidx.swiperefreshlayout:swiperefreshlayout:1.0.0) with JetifyTransform
Transforming swiperefreshlayout-1.0.0.aar (androidx.swiperefreshlayout:swiperefreshlayout:1.0.0) with AarToClassTransform
Transforming swiperefreshlayout-1.0.0.aar (androidx.swiperefreshlayout:swiperefreshlayout:1.0.0) with EnumerateClassesTransform
Transforming asynclayoutinflater-1.0.0.aar (androidx.asynclayoutinflater:asynclayoutinflater:1.0.0) with JetifyTransform
Transforming asynclayoutinflater-1.0.0.aar (androidx.asynclayoutinflater:asynclayoutinflater:1.0.0) with AarToClassTransform
Transforming asynclayoutinflater-1.0.0.aar (androidx.asynclayoutinflater:asynclayoutinflater:1.0.0) with EnumerateClassesTransform
Transforming autofill-1.0.0.aar (androidx.autofill:autofill:1.0.0) with JetifyTransform
Transforming autofill-1.0.0.aar (androidx.autofill:autofill:1.0.0) with AarToClassTransform
Transforming autofill-1.0.0.aar (androidx.autofill:autofill:1.0.0) with EnumerateClassesTransform
Transforming customview-poolingcontainer-1.0.0.aar (androidx.customview:customview-poolingcontainer:1.0.0) with JetifyTransform
Transforming customview-poolingcontainer-1.0.0.aar (androidx.customview:customview-poolingcontainer:1.0.0) with AarToClassTransform
Transforming customview-poolingcontainer-1.0.0.aar (androidx.customview:customview-poolingcontainer:1.0.0) with EnumerateClassesTransform
Transforming core-ktx-1.13.1.aar (androidx.core:core-ktx:1.13.1) with JetifyTransform
Transforming core-ktx-1.13.1.aar (androidx.core:core-ktx:1.13.1) with AarToClassTransform
Transforming core-ktx-1.13.1.aar (androidx.core:core-ktx:1.13.1) with EnumerateClassesTransform
Transforming graphics-path-1.0.1.aar (androidx.graphics:graphics-path:1.0.1) with JetifyTransform
Transforming graphics-path-1.0.1.aar (androidx.graphics:graphics-path:1.0.1) with AarToClassTransform
Transforming graphics-path-1.0.1.aar (androidx.graphics:graphics-path:1.0.1) with EnumerateClassesTransform
Transforming core-1.13.1.aar (androidx.core:core:1.13.1) with JetifyTransform
Transforming core-1.13.1.aar (androidx.core:core:1.13.1) with AarToClassTransform
Transforming core-1.13.1.aar (androidx.core:core:1.13.1) with EnumerateClassesTransform
Transforming core-1.13.1.aar (androidx.core:core:1.13.1) with JetifyTransform
Transforming core-1.13.1.aar (androidx.core:core:1.13.1) with AarToClassTransform
Transforming core-1.13.1.aar (androidx.core:core:1.13.1) with EnumerateClassesTransform
Transforming core-1.13.1.aar (androidx.core:core:1.13.1) with JetifyTransform
Transforming core-1.13.1.aar (androidx.core:core:1.13.1) with AarToClassTransform
Transforming core-1.13.1.aar (androidx.core:core:1.13.1) with EnumerateClassesTransform
Transforming core-1.13.1.aar (androidx.core:core:1.13.1) with JetifyTransform
Transforming core-1.13.1.aar (androidx.core:core:1.13.1) with AarToClassTransform
Transforming core-1.13.1.aar (androidx.core:core:1.13.1) with EnumerateClassesTransform
Transforming core-1.13.1.aar (androidx.core:core:1.13.1) with JetifyTransform
Transforming core-1.13.1.aar (androidx.core:core:1.13.1) with AarToClassTransform
Transforming core-1.13.1.aar (androidx.core:core:1.13.1) with EnumerateClassesTransform
Transforming core-1.13.1.aar (androidx.core:core:1.13.1) with JetifyTransform
Transforming core-1.13.1.aar (androidx.core:core:1.13.1) with AarToClassTransform
Transforming core-1.13.1.aar (androidx.core:core:1.13.1) with EnumerateClassesTransform
Transforming core-1.13.1.aar (androidx.core:core:1.13.1) with JetifyTransform
Transforming core-1.13.1.aar (androidx.core:core:1.13.1) with AarToClassTransform
Transforming core-1.13.1.aar (androidx.core:core:1.13.1) with EnumerateClassesTransform
Transforming core-1.13.1.aar (androidx.core:core:1.13.1) with JetifyTransform
Transforming core-1.13.1.aar (androidx.core:core:1.13.1) with AarToClassTransform
Transforming core-1.13.1.aar (androidx.core:core:1.13.1) with EnumerateClassesTransform
Transforming core-1.13.1.aar (androidx.core:core:1.13.1) with JetifyTransform
Transforming core-1.13.1.aar (androidx.core:core:1.13.1) with AarToClassTransform
Transforming core-1.13.1.aar (androidx.core:core:1.13.1) with EnumerateClassesTransform
Transforming core-1.13.1.aar (androidx.core:core:1.13.1) with JetifyTransform
Transforming core-1.13.1.aar (androidx.core:core:1.13.1) with AarToClassTransform
Transforming core-1.13.1.aar (androidx.core:core:1.13.1) with EnumerateClassesTransform
Transforming core-1.13.1.aar (androidx.core:core:1.13.1) with JetifyTransform
Transforming core-1.13.1.aar (androidx.core:core:1.13.1) with AarToClassTransform
Transforming core-1.13.1.aar (androidx.core:core:1.13.1) with EnumerateClassesTransform
Transforming core-1.13.1.aar (androidx.core:core:1.13.1) with JetifyTransform
Transforming core-1.13.1.aar (androidx.core:core:1.13.1) with AarToClassTransform
Transforming core-1.13.1.aar (androidx.core:core:1.13.1) with EnumerateClassesTransform
Transforming lifecycle-service-2.9.1.aar (androidx.lifecycle:lifecycle-service:2.9.1) with EnumerateClassesTransform
Transforming core-1.13.1.aar (androidx.core:core:1.13.1) with JetifyTransform
Transforming core-1.13.1.aar (androidx.core:core:1.13.1) with AarToClassTransform
Transforming core-1.13.1.aar (androidx.core:core:1.13.1) with EnumerateClassesTransform
Transforming core-1.13.1.aar (androidx.core:core:1.13.1) with JetifyTransform
Transforming core-1.13.1.aar (androidx.core:core:1.13.1) with AarToClassTransform
Transforming core-1.13.1.aar (androidx.core:core:1.13.1) with EnumerateClassesTransform
Transforming core-1.13.1.aar (androidx.core:core:1.13.1) with JetifyTransform
Transforming core-1.13.1.aar (androidx.core:core:1.13.1) with AarToClassTransform
Transforming core-1.13.1.aar (androidx.core:core:1.13.1) with EnumerateClassesTransform
Transforming core-1.13.1.aar (androidx.core:core:1.13.1) with JetifyTransform
Transforming core-1.13.1.aar (androidx.core:core:1.13.1) with AarToClassTransform
Transforming core-1.13.1.aar (androidx.core:core:1.13.1) with EnumerateClassesTransform
Transforming core-1.13.1.aar (androidx.core:core:1.13.1) with JetifyTransform
Transforming core-1.13.1.aar (androidx.core:core:1.13.1) with AarToClassTransform
Transforming core-1.13.1.aar (androidx.core:core:1.13.1) with EnumerateClassesTransform
Transforming core-1.13.1.aar (androidx.core:core:1.13.1) with JetifyTransform
Transforming core-1.13.1.aar (androidx.core:core:1.13.1) with AarToClassTransform
Transforming core-1.13.1.aar (androidx.core:core:1.13.1) with EnumerateClassesTransform
Transforming core-1.13.1.aar (androidx.core:core:1.13.1) with JetifyTransform
Transforming core-1.13.1.aar (androidx.core:core:1.13.1) with AarToClassTransform
Transforming core-1.13.1.aar (androidx.core:core:1.13.1) with EnumerateClassesTransform
Transforming core-1.13.1.aar (androidx.core:core:1.13.1) with JetifyTransform
Transforming core-1.13.1.aar (androidx.core:core:1.13.1) with AarToClassTransform
Transforming core-1.13.1.aar (androidx.core:core:1.13.1) with EnumerateClassesTransform
Transforming core-1.13.1.aar (androidx.core:core:1.13.1) with JetifyTransform
Transforming core-1.13.1.aar (androidx.core:core:1.13.1) with AarToClassTransform
Transforming core-1.13.1.aar (androidx.core:core:1.13.1) with EnumerateClassesTransform
Transforming lifecycle-runtime-release.aar (androidx.lifecycle:lifecycle-runtime-android:2.9.1) with JetifyTransform
Transforming lifecycle-runtime-release.aar (androidx.lifecycle:lifecycle-runtime-android:2.9.1) with AarToClassTransform
Transforming lifecycle-runtime-release.aar (androidx.lifecycle:lifecycle-runtime-android:2.9.1) with EnumerateClassesTransform
Transforming lifecycle-livedata-core-2.9.1.aar (androidx.lifecycle:lifecycle-livedata-core:2.9.1) with JetifyTransform
Transforming lifecycle-livedata-core-2.9.1.aar (androidx.lifecycle:lifecycle-livedata-core:2.9.1) with AarToClassTransform
Transforming lifecycle-livedata-core-2.9.1.aar (androidx.lifecycle:lifecycle-livedata-core:2.9.1) with EnumerateClassesTransform
Transforming lifecycle-runtime-compose-release.aar (androidx.lifecycle:lifecycle-runtime-compose-android:2.9.1) with JetifyTransform
Transforming lifecycle-runtime-compose-release.aar (androidx.lifecycle:lifecycle-runtime-compose-android:2.9.1) with AarToClassTransform
Transforming lifecycle-runtime-compose-release.aar (androidx.lifecycle:lifecycle-runtime-compose-android:2.9.1) with EnumerateClassesTransform
Transforming lifecycle-viewmodel-compose-release.aar (androidx.lifecycle:lifecycle-viewmodel-compose-android:2.9.1) with JetifyTransform
Transforming lifecycle-viewmodel-compose-release.aar (androidx.lifecycle:lifecycle-viewmodel-compose-android:2.9.1) with AarToClassTransform
Transforming lifecycle-viewmodel-compose-release.aar (androidx.lifecycle:lifecycle-viewmodel-compose-android:2.9.1) with EnumerateClassesTransform
Transforming lifecycle-runtime-ktx.aar (androidx.lifecycle:lifecycle-runtime-ktx-android:2.9.1) with JetifyTransform
Transforming lifecycle-runtime-ktx.aar (androidx.lifecycle:lifecycle-runtime-ktx-android:2.9.1) with AarToClassTransform
Transforming lifecycle-runtime-ktx.aar (androidx.lifecycle:lifecycle-runtime-ktx-android:2.9.1) with EnumerateClassesTransform
Transforming datastore-preferences-external-protobuf-1.1.7.jar (androidx.datastore:datastore-preferences-external-protobuf:1.1.7) with JetifyTransform
Transforming datastore-preferences-external-protobuf-1.1.7.jar (androidx.datastore:datastore-preferences-external-protobuf:1.1.7) with IdentityTransform
Transforming datastore-preferences-external-protobuf-1.1.7.jar (androidx.datastore:datastore-preferences-external-protobuf:1.1.7) with EnumerateClassesTransform
Transforming datastore-core-okio-jvm-1.1.7.jar (androidx.datastore:datastore-core-okio-jvm:1.1.7) with JetifyTransform
Transforming datastore-core-okio-jvm-1.1.7.jar (androidx.datastore:datastore-core-okio-jvm:1.1.7) with IdentityTransform
Transforming datastore-core-okio-jvm-1.1.7.jar (androidx.datastore:datastore-core-okio-jvm:1.1.7) with EnumerateClassesTransform
Transforming datastore-core-release.aar (androidx.datastore:datastore-core-android:1.1.7) with JetifyTransform
Transforming datastore-core-release.aar (androidx.datastore:datastore-core-android:1.1.7) with AarToClassTransform
Transforming datastore-core-release.aar (androidx.datastore:datastore-core-android:1.1.7) with EnumerateClassesTransform
Transforming datastore-preferences-proto-1.1.7.jar (androidx.datastore:datastore-preferences-proto:1.1.7) with JetifyTransform
Transforming datastore-preferences-proto-1.1.7.jar (androidx.datastore:datastore-preferences-proto:1.1.7) with IdentityTransform
Transforming datastore-preferences-proto-1.1.7.jar (androidx.datastore:datastore-preferences-proto:1.1.7) with EnumerateClassesTransform
Transforming datastore-preferences-core-release.aar (androidx.datastore:datastore-preferences-core-android:1.1.7) with JetifyTransform
Transforming datastore-preferences-core-release.aar (androidx.datastore:datastore-preferences-core-android:1.1.7) with AarToClassTransform
Transforming datastore-preferences-core-release.aar (androidx.datastore:datastore-preferences-core-android:1.1.7) with EnumerateClassesTransform
Transforming datastore-release.aar (androidx.datastore:datastore-android:1.1.7) with JetifyTransform
Transforming datastore-release.aar (androidx.datastore:datastore-android:1.1.7) with AarToClassTransform
Transforming datastore-release.aar (androidx.datastore:datastore-android:1.1.7) with EnumerateClassesTransform
Transforming datastore-preferences-release.aar (androidx.datastore:datastore-preferences-android:1.1.7) with JetifyTransform
Transforming datastore-preferences-release.aar (androidx.datastore:datastore-preferences-android:1.1.7) with AarToClassTransform
Transforming datastore-preferences-release.aar (androidx.datastore:datastore-preferences-android:1.1.7) with EnumerateClassesTransform
Transforming kotlin-parcelize-runtime-1.9.25.jar (org.jetbrains.kotlin:kotlin-parcelize-runtime:1.9.25) with JetifyTransform
Transforming kotlin-parcelize-runtime-1.9.25.jar (org.jetbrains.kotlin:kotlin-parcelize-runtime:1.9.25) with IdentityTransform
Transforming kotlin-parcelize-runtime-1.9.25.jar (org.jetbrains.kotlin:kotlin-parcelize-runtime:1.9.25) with EnumerateClassesTransform
Transforming okhttp-4.12.0.jar (com.squareup.okhttp3:okhttp:4.12.0) with JetifyTransform
Transforming okhttp-4.12.0.jar (com.squareup.okhttp3:okhttp:4.12.0) with IdentityTransform
Transforming okhttp-4.12.0.jar (com.squareup.okhttp3:okhttp:4.12.0) with EnumerateClassesTransform
Transforming kotlin-stdlib-jdk8-1.9.25.jar (org.jetbrains.kotlin:kotlin-stdlib-jdk8:1.9.25) with JetifyTransform
Transforming kotlin-stdlib-jdk8-1.9.25.jar (org.jetbrains.kotlin:kotlin-stdlib-jdk8:1.9.25) with IdentityTransform
Transforming kotlin-stdlib-jdk8-1.9.25.jar (org.jetbrains.kotlin:kotlin-stdlib-jdk8:1.9.25) with EnumerateClassesTransform
Transforming runtime-saveable-release.aar (androidx.compose.runtime:runtime-saveable-android:1.7.8) with JetifyTransform
Transforming runtime-saveable-release.aar (androidx.compose.runtime:runtime-saveable-android:1.7.8) with AarToClassTransform
Transforming runtime-saveable-release.aar (androidx.compose.runtime:runtime-saveable-android:1.7.8) with EnumerateClassesTransform
Transforming runtime-release.aar (androidx.compose.runtime:runtime-android:1.7.8) with JetifyTransform
Transforming runtime-release.aar (androidx.compose.runtime:runtime-android:1.7.8) with AarToClassTransform
Transforming runtime-release.aar (androidx.compose.runtime:runtime-android:1.7.8) with EnumerateClassesTransform
Transforming annotation-experimental-1.4.1.aar (androidx.annotation:annotation-experimental:1.4.1) with JetifyTransform
Transforming annotation-experimental-1.4.1.aar (androidx.annotation:annotation-experimental:1.4.1) with AarToClassTransform
Transforming annotation-experimental-1.4.1.aar (androidx.annotation:annotation-experimental:1.4.1) with EnumerateClassesTransform
Transforming kotlin-android-extensions-runtime-1.9.25.jar (org.jetbrains.kotlin:kotlin-android-extensions-runtime:1.9.25) with JetifyTransform
Transforming kotlin-android-extensions-runtime-1.9.25.jar (org.jetbrains.kotlin:kotlin-android-extensions-runtime:1.9.25) with IdentityTransform
Transforming kotlin-android-extensions-runtime-1.9.25.jar (org.jetbrains.kotlin:kotlin-android-extensions-runtime:1.9.25) with EnumerateClassesTransform
Transforming kotlin-stdlib-jdk7-1.9.25.jar (org.jetbrains.kotlin:kotlin-stdlib-jdk7:1.9.25) with JetifyTransform
Transforming kotlin-stdlib-jdk7-1.9.25.jar (org.jetbrains.kotlin:kotlin-stdlib-jdk7:1.9.25) with IdentityTransform
Transforming kotlin-stdlib-jdk7-1.9.25.jar (org.jetbrains.kotlin:kotlin-stdlib-jdk7:1.9.25) with EnumerateClassesTransform
Transforming kotlinx-serialization-core-jvm-1.7.3.jar (org.jetbrains.kotlinx:kotlinx-serialization-core-jvm:1.7.3) with JetifyTransform
Transforming kotlinx-serialization-core-jvm-1.7.3.jar (org.jetbrains.kotlinx:kotlinx-serialization-core-jvm:1.7.3) with IdentityTransform
Transforming kotlinx-serialization-core-jvm-1.7.3.jar (org.jetbrains.kotlinx:kotlinx-serialization-core-jvm:1.7.3) with EnumerateClassesTransform
Transforming transition-1.2.0.aar (androidx.transition:transition:1.2.0) with EnumerateClassesTransform
Transforming coordinatorlayout-1.1.0.aar (androidx.coordinatorlayout:coordinatorlayout:1.1.0) with EnumerateClassesTransform
Transforming coordinatorlayout-1.1.0.aar (androidx.coordinatorlayout:coordinatorlayout:1.1.0) with EnumerateClassesTransform
Transforming drawerlayout-1.1.1.aar (androidx.drawerlayout:drawerlayout:1.1.1) with EnumerateClassesTransform
Transforming sqlite-framework-release.aar (androidx.sqlite:sqlite-framework-android:2.5.1) with JetifyTransform
Transforming sqlite-framework-release.aar (androidx.sqlite:sqlite-framework-android:2.5.1) with AarToClassTransform
Transforming sqlite-framework-release.aar (androidx.sqlite:sqlite-framework-android:2.5.1) with EnumerateClassesTransform
Transforming sqlite-release.aar (androidx.sqlite:sqlite-android:2.5.1) with JetifyTransform
Transforming sqlite-release.aar (androidx.sqlite:sqlite-android:2.5.1) with AarToClassTransform
Transforming sqlite-release.aar (androidx.sqlite:sqlite-android:2.5.1) with EnumerateClassesTransform
Transforming kotlinx-coroutines-core-jvm-1.8.1.jar (org.jetbrains.kotlinx:kotlinx-coroutines-core-jvm:1.8.1) with JetifyTransform
Transforming drawerlayout-1.1.1.aar (androidx.drawerlayout:drawerlayout:1.1.1) with EnumerateClassesTransform
Transforming kotlinx-coroutines-core-jvm-1.8.1.jar (org.jetbrains.kotlinx:kotlinx-coroutines-core-jvm:1.8.1) with IdentityTransform
Transforming kotlinx-coroutines-core-jvm-1.8.1.jar (org.jetbrains.kotlinx:kotlinx-coroutines-core-jvm:1.8.1) with EnumerateClassesTransform
Transforming kotlinx-coroutines-android-1.8.1.jar (org.jetbrains.kotlinx:kotlinx-coroutines-android:1.8.1) with JetifyTransform
Transforming kotlinx-coroutines-android-1.8.1.jar (org.jetbrains.kotlinx:kotlinx-coroutines-android:1.8.1) with IdentityTransform
Transforming kotlinx-coroutines-android-1.8.1.jar (org.jetbrains.kotlinx:kotlinx-coroutines-android:1.8.1) with EnumerateClassesTransform
Transforming core-viewtree-1.0.0.aar (androidx.core:core-viewtree:1.0.0) with JetifyTransform
Transforming core-viewtree-1.0.0.aar (androidx.core:core-viewtree:1.0.0) with AarToClassTransform
Transforming core-viewtree-1.0.0.aar (androidx.core:core-viewtree:1.0.0) with EnumerateClassesTransform
Transforming documentfile-1.0.1.aar (androidx.documentfile:documentfile:1.0.1) with JetifyTransform
Transforming documentfile-1.0.1.aar (androidx.documentfile:documentfile:1.0.1) with AarToClassTransform
Transforming documentfile-1.0.1.aar (androidx.documentfile:documentfile:1.0.1) with EnumerateClassesTransform
Transforming documentfile-1.0.1.aar (androidx.documentfile:documentfile:1.0.1) with JetifyTransform
Transforming documentfile-1.0.1.aar (androidx.documentfile:documentfile:1.0.1) with AarToClassTransform
Transforming documentfile-1.0.1.aar (androidx.documentfile:documentfile:1.0.1) with EnumerateClassesTransform
Transforming cardview-1.0.0.aar (androidx.cardview:cardview:1.0.0) with JetifyTransform
Transforming cardview-1.0.0.aar (androidx.cardview:cardview:1.0.0) with AarToClassTransform
Transforming resourceinspection-annotation-1.0.1.jar (androidx.resourceinspection:resourceinspection-annotation:1.0.1) with JetifyTransform
Transforming resourceinspection-annotation-1.0.1.jar (androidx.resourceinspection:resourceinspection-annotation:1.0.1) with IdentityTransform
Transforming resourceinspection-annotation-1.0.1.jar (androidx.resourceinspection:resourceinspection-annotation:1.0.1) with EnumerateClassesTransform
Transforming core-runtime-2.2.0.aar (androidx.arch.core:core-runtime:2.2.0) with JetifyTransform
Transforming core-runtime-2.2.0.aar (androidx.arch.core:core-runtime:2.2.0) with AarToClassTransform
Transforming core-runtime-2.2.0.aar (androidx.arch.core:core-runtime:2.2.0) with EnumerateClassesTransform
Transforming cursoradapter-1.0.0.aar (androidx.cursoradapter:cursoradapter:1.0.0) with JetifyTransform
Transforming cursoradapter-1.0.0.aar (androidx.cursoradapter:cursoradapter:1.0.0) with AarToClassTransform
Transforming cursoradapter-1.0.0.aar (androidx.cursoradapter:cursoradapter:1.0.0) with EnumerateClassesTransform
Transforming cursoradapter-1.0.0.aar (androidx.cursoradapter:cursoradapter:1.0.0) with JetifyTransform
Transforming cursoradapter-1.0.0.aar (androidx.cursoradapter:cursoradapter:1.0.0) with AarToClassTransform
Transforming cursoradapter-1.0.0.aar (androidx.cursoradapter:cursoradapter:1.0.0) with EnumerateClassesTransform
Transforming gifdecoder-4.15.1.aar (com.github.bumptech.glide:gifdecoder:4.15.1) with JetifyTransform
Transforming gifdecoder-4.15.1.aar (com.github.bumptech.glide:gifdecoder:4.15.1) with AarToClassTransform
Transforming gifdecoder-4.15.1.aar (com.github.bumptech.glide:gifdecoder:4.15.1) with EnumerateClassesTransform
Transforming profileinstaller-1.4.0.aar (androidx.profileinstaller:profileinstaller:1.4.0) with JetifyTransform
Transforming profileinstaller-1.4.0.aar (androidx.profileinstaller:profileinstaller:1.4.0) with AarToClassTransform
Transforming profileinstaller-1.4.0.aar (androidx.profileinstaller:profileinstaller:1.4.0) with EnumerateClassesTransform
Transforming startup-runtime-1.1.1.aar (androidx.startup:startup-runtime:1.1.1) with JetifyTransform
Transforming startup-runtime-1.1.1.aar (androidx.startup:startup-runtime:1.1.1) with AarToClassTransform
Transforming startup-runtime-1.1.1.aar (androidx.startup:startup-runtime:1.1.1) with EnumerateClassesTransform
Transforming tracing-1.0.0.aar (androidx.tracing:tracing:1.0.0) with JetifyTransform
Transforming tracing-1.0.0.aar (androidx.tracing:tracing:1.0.0) with AarToClassTransform
Transforming tracing-1.0.0.aar (androidx.tracing:tracing:1.0.0) with EnumerateClassesTransform
Transforming core-common-2.2.0.jar (androidx.arch.core:core-common:2.2.0) with JetifyTransform
Transforming core-common-2.2.0.jar (androidx.arch.core:core-common:2.2.0) with IdentityTransform
Transforming core-common-2.2.0.jar (androidx.arch.core:core-common:2.2.0) with EnumerateClassesTransform
Transforming localbroadcastmanager-1.0.0.aar (androidx.localbroadcastmanager:localbroadcastmanager:1.0.0) with JetifyTransform
Transforming localbroadcastmanager-1.0.0.aar (androidx.localbroadcastmanager:localbroadcastmanager:1.0.0) with AarToClassTransform
Transforming localbroadcastmanager-1.0.0.aar (androidx.localbroadcastmanager:localbroadcastmanager:1.0.0) with EnumerateClassesTransform
Transforming print-1.0.0.aar (androidx.print:print:1.0.0) with JetifyTransform
Transforming print-1.0.0.aar (androidx.print:print:1.0.0) with AarToClassTransform
Transforming print-1.0.0.aar (androidx.print:print:1.0.0) with EnumerateClassesTransform
Transforming interpolator-1.0.0.aar (androidx.interpolator:interpolator:1.0.0) with JetifyTransform
Transforming interpolator-1.0.0.aar (androidx.interpolator:interpolator:1.0.0) with AarToClassTransform
Transforming interpolator-1.0.0.aar (androidx.interpolator:interpolator:1.0.0) with EnumerateClassesTransform
Transforming interpolator-1.0.0.aar (androidx.interpolator:interpolator:1.0.0) with JetifyTransform
Transforming interpolator-1.0.0.aar (androidx.interpolator:interpolator:1.0.0) with AarToClassTransform
Transforming interpolator-1.0.0.aar (androidx.interpolator:interpolator:1.0.0) with EnumerateClassesTransform
Transforming interpolator-1.0.0.aar (androidx.interpolator:interpolator:1.0.0) with JetifyTransform
Transforming interpolator-1.0.0.aar (androidx.interpolator:interpolator:1.0.0) with AarToClassTransform
Transforming customview-1.1.0.aar (androidx.customview:customview:1.1.0) with EnumerateClassesTransform
Transforming customview-1.1.0.aar (androidx.customview:customview:1.1.0) with EnumerateClassesTransform
Transforming interpolator-1.0.0.aar (androidx.interpolator:interpolator:1.0.0) with EnumerateClassesTransform
Transforming interpolator-1.0.0.aar (androidx.interpolator:interpolator:1.0.0) with JetifyTransform
Transforming interpolator-1.0.0.aar (androidx.interpolator:interpolator:1.0.0) with AarToClassTransform
Transforming interpolator-1.0.0.aar (androidx.interpolator:interpolator:1.0.0) with EnumerateClassesTransform
Transforming transport-backend-cct-2.3.3.aar (com.google.android.datatransport:transport-backend-cct:2.3.3) with JetifyTransform
Transforming transport-backend-cct-2.3.3.aar (com.google.android.datatransport:transport-backend-cct:2.3.3) with AarToClassTransform
Transforming transport-backend-cct-2.3.3.aar (com.google.android.datatransport:transport-backend-cct:2.3.3) with EnumerateClassesTransform
Transforming transport-backend-cct-2.3.3.aar (com.google.android.datatransport:transport-backend-cct:2.3.3) with JetifyTransform
Transforming transport-backend-cct-2.3.3.aar (com.google.android.datatransport:transport-backend-cct:2.3.3) with AarToClassTransform
Transforming transport-backend-cct-2.3.3.aar (com.google.android.datatransport:transport-backend-cct:2.3.3) with EnumerateClassesTransform
Transforming transport-backend-cct-2.3.3.aar (com.google.android.datatransport:transport-backend-cct:2.3.3) with JetifyTransform
Transforming transport-backend-cct-2.3.3.aar (com.google.android.datatransport:transport-backend-cct:2.3.3) with AarToClassTransform
Transforming transport-backend-cct-2.3.3.aar (com.google.android.datatransport:transport-backend-cct:2.3.3) with EnumerateClassesTransform
Transforming transport-runtime-2.2.6.aar (com.google.android.datatransport:transport-runtime:2.2.6) with JetifyTransform
Transforming transport-runtime-2.2.6.aar (com.google.android.datatransport:transport-runtime:2.2.6) with AarToClassTransform
Transforming transport-runtime-2.2.6.aar (com.google.android.datatransport:transport-runtime:2.2.6) with EnumerateClassesTransform
Transforming transport-runtime-2.2.6.aar (com.google.android.datatransport:transport-runtime:2.2.6) with JetifyTransform
Transforming transport-runtime-2.2.6.aar (com.google.android.datatransport:transport-runtime:2.2.6) with AarToClassTransform
Transforming transport-runtime-2.2.6.aar (com.google.android.datatransport:transport-runtime:2.2.6) with EnumerateClassesTransform
Transforming transport-runtime-2.2.6.aar (com.google.android.datatransport:transport-runtime:2.2.6) with JetifyTransform
Transforming transport-runtime-2.2.6.aar (com.google.android.datatransport:transport-runtime:2.2.6) with AarToClassTransform
Transforming transport-runtime-2.2.6.aar (com.google.android.datatransport:transport-runtime:2.2.6) with EnumerateClassesTransform
Transforming transport-runtime-2.2.6.aar (com.google.android.datatransport:transport-runtime:2.2.6) with JetifyTransform
Transforming transport-runtime-2.2.6.aar (com.google.android.datatransport:transport-runtime:2.2.6) with AarToClassTransform
Transforming transport-runtime-2.2.6.aar (com.google.android.datatransport:transport-runtime:2.2.6) with EnumerateClassesTransform
Transforming transport-api-2.2.1.aar (com.google.android.datatransport:transport-api:2.2.1) with JetifyTransform
Transforming transport-api-2.2.1.aar (com.google.android.datatransport:transport-api:2.2.1) with AarToClassTransform
Transforming transport-api-2.2.1.aar (com.google.android.datatransport:transport-api:2.2.1) with EnumerateClassesTransform
Transforming transport-api-2.2.1.aar (com.google.android.datatransport:transport-api:2.2.1) with JetifyTransform
Transforming transport-api-2.2.1.aar (com.google.android.datatransport:transport-api:2.2.1) with AarToClassTransform
Transforming transport-api-2.2.1.aar (com.google.android.datatransport:transport-api:2.2.1) with EnumerateClassesTransform
Transforming transport-api-2.2.1.aar (com.google.android.datatransport:transport-api:2.2.1) with JetifyTransform
Transforming transport-api-2.2.1.aar (com.google.android.datatransport:transport-api:2.2.1) with AarToClassTransform
Transforming transport-api-2.2.1.aar (com.google.android.datatransport:transport-api:2.2.1) with EnumerateClassesTransform
Transforming transport-api-2.2.1.aar (com.google.android.datatransport:transport-api:2.2.1) with JetifyTransform
Transforming transport-api-2.2.1.aar (com.google.android.datatransport:transport-api:2.2.1) with AarToClassTransform
Transforming transport-api-2.2.1.aar (com.google.android.datatransport:transport-api:2.2.1) with EnumerateClassesTransform
Transforming transport-api-2.2.1.aar (com.google.android.datatransport:transport-api:2.2.1) with JetifyTransform
Transforming transport-api-2.2.1.aar (com.google.android.datatransport:transport-api:2.2.1) with AarToClassTransform
Transforming transport-api-2.2.1.aar (com.google.android.datatransport:transport-api:2.2.1) with EnumerateClassesTransform
Transforming firebase-components-16.1.0.aar (com.google.firebase:firebase-components:16.1.0) with JetifyTransform
Transforming firebase-components-16.1.0.aar (com.google.firebase:firebase-components:16.1.0) with AarToClassTransform
Transforming firebase-components-16.1.0.aar (com.google.firebase:firebase-components:16.1.0) with EnumerateClassesTransform
Transforming firebase-components-16.1.0.aar (com.google.firebase:firebase-components:16.1.0) with JetifyTransform
Transforming firebase-components-16.1.0.aar (com.google.firebase:firebase-components:16.1.0) with AarToClassTransform
Transforming firebase-components-16.1.0.aar (com.google.firebase:firebase-components:16.1.0) with EnumerateClassesTransform
Transforming firebase-components-16.1.0.aar (com.google.firebase:firebase-components:16.1.0) with JetifyTransform
Transforming firebase-components-16.1.0.aar (com.google.firebase:firebase-components:16.1.0) with AarToClassTransform
Transforming firebase-components-16.1.0.aar (com.google.firebase:firebase-components:16.1.0) with EnumerateClassesTransform
Transforming firebase-encoders-json-17.1.0.aar (com.google.firebase:firebase-encoders-json:17.1.0) with JetifyTransform
Transforming firebase-encoders-json-17.1.0.aar (com.google.firebase:firebase-encoders-json:17.1.0) with AarToClassTransform
Transforming firebase-encoders-json-17.1.0.aar (com.google.firebase:firebase-encoders-json:17.1.0) with EnumerateClassesTransform
Transforming firebase-encoders-json-17.1.0.aar (com.google.firebase:firebase-encoders-json:17.1.0) with JetifyTransform
Transforming firebase-encoders-json-17.1.0.aar (com.google.firebase:firebase-encoders-json:17.1.0) with AarToClassTransform
Transforming firebase-encoders-json-17.1.0.aar (com.google.firebase:firebase-encoders-json:17.1.0) with EnumerateClassesTransform
Transforming firebase-encoders-json-17.1.0.aar (com.google.firebase:firebase-encoders-json:17.1.0) with JetifyTransform
Transforming firebase-encoders-json-17.1.0.aar (com.google.firebase:firebase-encoders-json:17.1.0) with AarToClassTransform
Transforming firebase-encoders-json-17.1.0.aar (com.google.firebase:firebase-encoders-json:17.1.0) with EnumerateClassesTransform
Transforming firebase-encoders-json-17.1.0.aar (com.google.firebase:firebase-encoders-json:17.1.0) with JetifyTransform
Transforming firebase-encoders-json-17.1.0.aar (com.google.firebase:firebase-encoders-json:17.1.0) with AarToClassTransform
Transforming firebase-encoders-json-17.1.0.aar (com.google.firebase:firebase-encoders-json:17.1.0) with EnumerateClassesTransform
Transforming firebase-encoders-16.1.0.jar (com.google.firebase:firebase-encoders:16.1.0) with JetifyTransform
Transforming firebase-encoders-16.1.0.jar (com.google.firebase:firebase-encoders:16.1.0) with IdentityTransform
Transforming firebase-encoders-16.1.0.jar (com.google.firebase:firebase-encoders:16.1.0) with EnumerateClassesTransform
Transforming exifinterface-1.3.7.aar (androidx.exifinterface:exifinterface:1.3.7) with JetifyTransform
Transforming exifinterface-1.3.7.aar (androidx.exifinterface:exifinterface:1.3.7) with AarToClassTransform
Transforming exifinterface-1.3.7.aar (androidx.exifinterface:exifinterface:1.3.7) with EnumerateClassesTransform
Transforming exifinterface-1.3.7.aar (androidx.exifinterface:exifinterface:1.3.7) with JetifyTransform
Transforming exifinterface-1.3.7.aar (androidx.exifinterface:exifinterface:1.3.7) with AarToClassTransform
Transforming exifinterface-1.3.7.aar (androidx.exifinterface:exifinterface:1.3.7) with EnumerateClassesTransform
Transforming concurrent-futures-1.1.0.jar (androidx.concurrent:concurrent-futures:1.1.0) with JetifyTransform
Transforming concurrent-futures-1.1.0.jar (androidx.concurrent:concurrent-futures:1.1.0) with IdentityTransform
Transforming concurrent-futures-1.1.0.jar (androidx.concurrent:concurrent-futures:1.1.0) with EnumerateClassesTransform
Transforming collection-ktx-1.4.4.jar (androidx.collection:collection-ktx:1.4.4) with JetifyTransform
Transforming collection-ktx-1.4.4.jar (androidx.collection:collection-ktx:1.4.4) with IdentityTransform
Transforming collection-ktx-1.4.4.jar (androidx.collection:collection-ktx:1.4.4) with EnumerateClassesTransform
Transforming versionedparcelable-1.1.1.aar (androidx.versionedparcelable:versionedparcelable:1.1.1) with JetifyTransform
Transforming versionedparcelable-1.1.1.aar (androidx.versionedparcelable:versionedparcelable:1.1.1) with AarToClassTransform
Transforming versionedparcelable-1.1.1.aar (androidx.versionedparcelable:versionedparcelable:1.1.1) with EnumerateClassesTransform
Transforming collection-jvm-1.4.4.jar (androidx.collection:collection-jvm:1.4.4) with JetifyTransform
Transforming collection-jvm-1.4.4.jar (androidx.collection:collection-jvm:1.4.4) with IdentityTransform
Transforming collection-jvm-1.4.4.jar (androidx.collection:collection-jvm:1.4.4) with EnumerateClassesTransform
Transforming annotation-jvm-1.9.1.jar (androidx.annotation:annotation-jvm:1.9.1) with JetifyTransform
Transforming annotation-jvm-1.9.1.jar (androidx.annotation:annotation-jvm:1.9.1) with IdentityTransform
Transforming annotation-jvm-1.9.1.jar (androidx.annotation:annotation-jvm:1.9.1) with EnumerateClassesTransform
Transforming okio-jvm-3.9.0.jar (com.squareup.okio:okio-jvm:3.9.0) with JetifyTransform
Transforming okio-jvm-3.9.0.jar (com.squareup.okio:okio-jvm:3.9.0) with IdentityTransform
Transforming okio-jvm-3.9.0.jar (com.squareup.okio:okio-jvm:3.9.0) with EnumerateClassesTransform
Transforming kotlin-stdlib-1.9.25.jar (org.jetbrains.kotlin:kotlin-stdlib:1.9.25) with JetifyTransform
Transforming kotlin-stdlib-1.9.25.jar (org.jetbrains.kotlin:kotlin-stdlib:1.9.25) with IdentityTransform
Transforming kotlin-stdlib-1.9.25.jar (org.jetbrains.kotlin:kotlin-stdlib:1.9.25) with EnumerateClassesTransform
Transforming gson-2.11.0.jar (com.google.code.gson:gson:2.11.0) with JetifyTransform
Transforming gson-2.11.0.jar (com.google.code.gson:gson:2.11.0) with IdentityTransform
Transforming gson-2.11.0.jar (com.google.code.gson:gson:2.11.0) with EnumerateClassesTransform
Transforming zip4j-2.11.5.jar (net.lingala.zip4j:zip4j:2.11.5) with JetifyTransform
Transforming zip4j-2.11.5.jar (net.lingala.zip4j:zip4j:2.11.5) with IdentityTransform
Transforming zip4j-2.11.5.jar (net.lingala.zip4j:zip4j:2.11.5) with EnumerateClassesTransform
Transforming junrar-7.5.5.jar (com.github.junrar:junrar:7.5.5) with JetifyTransform
Transforming junrar-7.5.5.jar (com.github.junrar:junrar:7.5.5) with IdentityTransform
Transforming junrar-7.5.5.jar (com.github.junrar:junrar:7.5.5) with EnumerateClassesTransform
Transforming commons-compress-1.26.0.jar (org.apache.commons:commons-compress:1.26.0) with JetifyTransform
Transforming commons-compress-1.26.0.jar (org.apache.commons:commons-compress:1.26.0) with IdentityTransform
Transforming commons-compress-1.26.0.jar (org.apache.commons:commons-compress:1.26.0) with EnumerateClassesTransform
Transforming epublib-core-3.1.jar (nl.siegmann.epublib:epublib-core:3.1) with JetifyTransform
Transforming epublib-core-3.1.jar (nl.siegmann.epublib:epublib-core:3.1) with IdentityTransform
Transforming epublib-core-3.1.jar (nl.siegmann.epublib:epublib-core:3.1) with EnumerateClassesTransform
Transforming annotations-23.0.0.jar (org.jetbrains:annotations:23.0.0) with JetifyTransform
Transforming annotations-23.0.0.jar (org.jetbrains:annotations:23.0.0) with IdentityTransform
Transforming annotations-23.0.0.jar (org.jetbrains:annotations:23.0.0) with EnumerateClassesTransform
Transforming error_prone_annotations-2.27.0.jar (com.google.errorprone:error_prone_annotations:2.27.0) with JetifyTransform
Transforming error_prone_annotations-2.27.0.jar (com.google.errorprone:error_prone_annotations:2.27.0) with IdentityTransform
Transforming error_prone_annotations-2.27.0.jar (com.google.errorprone:error_prone_annotations:2.27.0) with EnumerateClassesTransform
Transforming hilt-common-1.2.0.jar (androidx.hilt:hilt-common:1.2.0) with JetifyTransform
Transforming hilt-common-1.2.0.jar (androidx.hilt:hilt-common:1.2.0) with IdentityTransform
Transforming hilt-common-1.2.0.jar (androidx.hilt:hilt-common:1.2.0) with EnumerateClassesTransform
Transforming hilt-core-2.51.1.jar (com.google.dagger:hilt-core:2.51.1) with JetifyTransform
Transforming hilt-core-2.51.1.jar (com.google.dagger:hilt-core:2.51.1) with IdentityTransform
Transforming hilt-core-2.51.1.jar (com.google.dagger:hilt-core:2.51.1) with EnumerateClassesTransform
Transforming dagger-2.51.1.jar (com.google.dagger:dagger:2.51.1) with JetifyTransform
Transforming dagger-2.51.1.jar (com.google.dagger:dagger:2.51.1) with IdentityTransform
Transforming dagger-2.51.1.jar (com.google.dagger:dagger:2.51.1) with EnumerateClassesTransform
Transforming dagger-lint-aar-2.51.1.aar (com.google.dagger:dagger-lint-aar:2.51.1) with JetifyTransform
Transforming dagger-lint-aar-2.51.1.aar (com.google.dagger:dagger-lint-aar:2.51.1) with AarToClassTransform
Transforming dagger-lint-aar-2.51.1.aar (com.google.dagger:dagger-lint-aar:2.51.1) with EnumerateClassesTransform
Transforming jsr305-3.0.2.jar (com.google.code.findbugs:jsr305:3.0.2) with JetifyTransform
Transforming jsr305-3.0.2.jar (com.google.code.findbugs:jsr305:3.0.2) with IdentityTransform
Transforming jsr305-3.0.2.jar (com.google.code.findbugs:jsr305:3.0.2) with EnumerateClassesTransform
Transforming javax.inject-1.jar (javax.inject:javax.inject:1) with JetifyTransform
Transforming javax.inject-1.jar (javax.inject:javax.inject:1) with IdentityTransform
Transforming javax.inject-1.jar (javax.inject:javax.inject:1) with EnumerateClassesTransform
Transforming pdfbox-android-2.0.27.0.aar (com.tom-roush:pdfbox-android:2.0.27.0) with JetifyTransform
Transforming pdfbox-android-2.0.27.0.aar (com.tom-roush:pdfbox-android:2.0.27.0) with AarToClassTransform
Transforming pdfbox-android-2.0.27.0.aar (com.tom-roush:pdfbox-android:2.0.27.0) with EnumerateClassesTransform
Transforming slf4j-android-1.7.36.jar (org.slf4j:slf4j-android:1.7.36) with JetifyTransform
Transforming slf4j-android-1.7.36.jar (org.slf4j:slf4j-android:1.7.36) with IdentityTransform
Transforming slf4j-android-1.7.36.jar (org.slf4j:slf4j-android:1.7.36) with EnumerateClassesTransform
Transforming slf4j-api-1.7.36.jar (org.slf4j:slf4j-api:1.7.36) with JetifyTransform
Transforming slf4j-api-1.7.36.jar (org.slf4j:slf4j-api:1.7.36) with IdentityTransform
Transforming slf4j-api-1.7.36.jar (org.slf4j:slf4j-api:1.7.36) with EnumerateClassesTransform
Transforming commons-io-2.15.1.jar (commons-io:commons-io:2.15.1) with JetifyTransform
Transforming commons-io-2.15.1.jar (commons-io:commons-io:2.15.1) with IdentityTransform
Transforming commons-io-2.15.1.jar (commons-io:commons-io:2.15.1) with EnumerateClassesTransform
Transforming commons-lang3-3.14.0.jar (org.apache.commons:commons-lang3:3.14.0) with JetifyTransform
Transforming commons-lang3-3.14.0.jar (org.apache.commons:commons-lang3:3.14.0) with IdentityTransform
Transforming commons-lang3-3.14.0.jar (org.apache.commons:commons-lang3:3.14.0) with EnumerateClassesTransform
Transforming kxml2-2.3.0.jar (net.sf.kxml:kxml2:2.3.0) with JetifyTransform
Transforming kxml2-2.3.0.jar (net.sf.kxml:kxml2:2.3.0) with IdentityTransform
Transforming logging-interceptor-4.12.0.jar (com.squareup.okhttp3:logging-interceptor:4.12.0) with JetifyTransform
Transforming kxml2-2.3.0.jar (net.sf.kxml:kxml2:2.3.0) with EnumerateClassesTransform
Transforming converter-gson-2.11.0.jar (com.squareup.retrofit2:converter-gson:2.11.0) with JetifyTransform
Transforming jspecify-1.0.0.jar (org.jspecify:jspecify:1.0.0) with JetifyTransform
Transforming retrofit-2.11.0.jar (com.squareup.retrofit2:retrofit:2.11.0) with JetifyTransform
Transforming jspecify-1.0.0.jar (org.jspecify:jspecify:1.0.0) with IdentityTransform
Transforming jspecify-1.0.0.jar (org.jspecify:jspecify:1.0.0) with EnumerateClassesTransform
Transforming constraintlayout-core-1.0.4.jar (androidx.constraintlayout:constraintlayout-core:1.0.4) with JetifyTransform
Transforming constraintlayout-core-1.0.4.jar (androidx.constraintlayout:constraintlayout-core:1.0.4) with IdentityTransform
Transforming converter-gson-2.11.0.jar (com.squareup.retrofit2:converter-gson:2.11.0) with IdentityTransform
Transforming constraintlayout-core-1.0.4.jar (androidx.constraintlayout:constraintlayout-core:1.0.4) with EnumerateClassesTransform
Transforming retrofit-2.11.0.jar (com.squareup.retrofit2:retrofit:2.11.0) with IdentityTransform
Transforming disklrucache-4.15.1.jar (com.github.bumptech.glide:disklrucache:4.15.1) with JetifyTransform
Transforming disklrucache-4.15.1.jar (com.github.bumptech.glide:disklrucache:4.15.1) with IdentityTransform
Transforming logging-interceptor-4.12.0.jar (com.squareup.okhttp3:logging-interceptor:4.12.0) with IdentityTransform
Transforming disklrucache-4.15.1.jar (com.github.bumptech.glide:disklrucache:4.15.1) with EnumerateClassesTransform
Transforming annotations-4.15.1.jar (com.github.bumptech.glide:annotations:4.15.1) with JetifyTransform
Transforming annotations-4.15.1.jar (com.github.bumptech.glide:annotations:4.15.1) with IdentityTransform
Transforming annotations-4.15.1.jar (com.github.bumptech.glide:annotations:4.15.1) with EnumerateClassesTransform
Transforming bcpkix-jdk15to18-1.72.jar (org.bouncycastle:bcpkix-jdk15to18:1.72) with JetifyTransform
Transforming bcpkix-jdk15to18-1.72.jar (org.bouncycastle:bcpkix-jdk15to18:1.72) with IdentityTransform
Transforming bcpkix-jdk15to18-1.72.jar (org.bouncycastle:bcpkix-jdk15to18:1.72) with EnumerateClassesTransform
Transforming bcutil-jdk15to18-1.72.jar (org.bouncycastle:bcutil-jdk15to18:1.72) with JetifyTransform
Transforming bcutil-jdk15to18-1.72.jar (org.bouncycastle:bcutil-jdk15to18:1.72) with IdentityTransform
Transforming bcutil-jdk15to18-1.72.jar (org.bouncycastle:bcutil-jdk15to18:1.72) with EnumerateClassesTransform
Transforming bcprov-jdk15to18-1.72.jar (org.bouncycastle:bcprov-jdk15to18:1.72) with JetifyTransform
Transforming bcprov-jdk15to18-1.72.jar (org.bouncycastle:bcprov-jdk15to18:1.72) with IdentityTransform
Transforming bcprov-jdk15to18-1.72.jar (org.bouncycastle:bcprov-jdk15to18:1.72) with EnumerateClassesTransform
Transforming guava-33.0.0-android.jar (com.google.guava:guava:33.0.0-android) with JetifyTransform
Transforming guava-33.0.0-android.jar (com.google.guava:guava:33.0.0-android) with IdentityTransform
Transforming guava-33.0.0-android.jar (com.google.guava:guava:33.0.0-android) with EnumerateClassesTransform
Transforming listenablefuture-9999.0-empty-to-avoid-conflict-with-guava.jar (com.google.guava:listenablefuture:9999.0-empty-to-avoid-conflict-with-guava) with JetifyTransform
Transforming listenablefuture-9999.0-empty-to-avoid-conflict-with-guava.jar (com.google.guava:listenablefuture:9999.0-empty-to-avoid-conflict-with-guava) with IdentityTransform
Transforming listenablefuture-9999.0-empty-to-avoid-conflict-with-guava.jar (com.google.guava:listenablefuture:9999.0-empty-to-avoid-conflict-with-guava) with EnumerateClassesTransform
Transforming failureaccess-1.0.2.jar (com.google.guava:failureaccess:1.0.2) with JetifyTransform
Transforming failureaccess-1.0.2.jar (com.google.guava:failureaccess:1.0.2) with IdentityTransform
Transforming failureaccess-1.0.2.jar (com.google.guava:failureaccess:1.0.2) with EnumerateClassesTransform
Transforming image-1.0.0-beta1.aar (com.google.android.odml:image:1.0.0-beta1) with JetifyTransform
Transforming image-1.0.0-beta1.aar (com.google.android.odml:image:1.0.0-beta1) with AarToClassTransform
Transforming logging-interceptor-4.12.0.jar (com.squareup.okhttp3:logging-interceptor:4.12.0) with EnumerateClassesTransform
Transforming image-1.0.0-beta1.aar (com.google.android.odml:image:1.0.0-beta1) with EnumerateClassesTransform
Transforming image-1.0.0-beta1.aar (com.google.android.odml:image:1.0.0-beta1) with JetifyTransform
Transforming image-1.0.0-beta1.aar (com.google.android.odml:image:1.0.0-beta1) with AarToClassTransform
Transforming image-1.0.0-beta1.aar (com.google.android.odml:image:1.0.0-beta1) with EnumerateClassesTransform
Transforming firebase-annotations-16.0.0.jar (com.google.firebase:firebase-annotations:16.0.0) with JetifyTransform
Transforming firebase-annotations-16.0.0.jar (com.google.firebase:firebase-annotations:16.0.0) with IdentityTransform
Transforming firebase-annotations-16.0.0.jar (com.google.firebase:firebase-annotations:16.0.0) with EnumerateClassesTransform
Transforming retrofit-2.11.0.jar (com.squareup.retrofit2:retrofit:2.11.0) with EnumerateClassesTransform
Transforming cardview-1.0.0.aar (androidx.cardview:cardview:1.0.0) with EnumerateClassesTransform
Transforming converter-gson-2.11.0.jar (com.squareup.retrofit2:converter-gson:2.11.0) with EnumerateClassesTransform
Transforming constraintlayout-solver-2.0.1.jar (androidx.constraintlayout:constraintlayout-solver:2.0.1) with JetifyTransform
Transforming constraintlayout-solver-2.0.1.jar (androidx.constraintlayout:constraintlayout-solver:2.0.1) with IdentityTransform
Transforming constraintlayout-2.0.1.aar (androidx.constraintlayout:constraintlayout:2.0.1) with EnumerateClassesTransform
Transforming constraintlayout-solver-2.0.1.jar (androidx.constraintlayout:constraintlayout-solver:2.0.1) with EnumerateClassesTransform
Transforming material-1.11.0.aar (com.google.android.material:material:1.11.0) with EnumerateClassesTransform
Caching disabled for task ':android:app:checkDebugDuplicateClasses' because:
  Caching has been disabled for the task
Skipping task ':android:app:checkDebugDuplicateClasses' as it is up-to-date.
Resolve mutations for :android:app:mergeExtDexDebug (Thread[Execution worker Thread 9,5,main]) started.
:android:app:mergeExtDexDebug (Thread[Execution worker Thread 9,5,main]) started.

> Task :android:feature-settings:kspDebugKotlin
file or directory 'C:\Users\xmeta\projects\Mr.Comic\android\feature-settings\src\debug\kotlin', not found
file or directory 'C:\Users\xmeta\projects\Mr.Comic\android\feature-settings\src\debug\java', not found
file or directory 'C:\Users\xmeta\projects\Mr.Comic\android\feature-settings\src\main\kotlin', not found
file or directory 'C:\Users\xmeta\projects\Mr.Comic\android\feature-settings\src\debug\java', not found

> Task :android:app:mergeExtDexDebug UP-TO-DATE
Transforming core-splashscreen-1.0.1.aar (androidx.core:core-splashscreen:1.0.1) with JetifyTransform
Transforming core-splashscreen-1.0.1.aar (androidx.core:core-splashscreen:1.0.1) with AarToClassTransform
Transforming core-splashscreen-1.0.1.aar (androidx.core:core-splashscreen:1.0.1) with IdentityTransform
Transforming hilt-navigation-compose-1.2.0.aar (androidx.hilt:hilt-navigation-compose:1.2.0) with JetifyTransform
Transforming hilt-navigation-compose-1.2.0.aar (androidx.hilt:hilt-navigation-compose:1.2.0) with AarToClassTransform
Transforming hilt-navigation-compose-1.2.0.aar (androidx.hilt:hilt-navigation-compose:1.2.0) with IdentityTransform
Transforming hilt-navigation-1.2.0.aar (androidx.hilt:hilt-navigation:1.2.0) with JetifyTransform
Transforming hilt-navigation-1.2.0.aar (androidx.hilt:hilt-navigation:1.2.0) with AarToClassTransform
Transforming hilt-navigation-1.2.0.aar (androidx.hilt:hilt-navigation:1.2.0) with IdentityTransform
Transforming navigation-common-2.7.7.aar (androidx.navigation:navigation-common:2.7.7) with JetifyTransform
Transforming navigation-common-2.7.7.aar (androidx.navigation:navigation-common:2.7.7) with AarToClassTransform
Transforming navigation-common-2.7.7.aar (androidx.navigation:navigation-common:2.7.7) with IdentityTransform
Transforming navigation-runtime-2.7.7.aar (androidx.navigation:navigation-runtime:2.7.7) with JetifyTransform
Transforming navigation-runtime-2.7.7.aar (androidx.navigation:navigation-runtime:2.7.7) with AarToClassTransform
Transforming navigation-runtime-2.7.7.aar (androidx.navigation:navigation-runtime:2.7.7) with IdentityTransform
Transforming navigation-common-ktx-2.7.7.aar (androidx.navigation:navigation-common-ktx:2.7.7) with JetifyTransform
Transforming navigation-common-ktx-2.7.7.aar (androidx.navigation:navigation-common-ktx:2.7.7) with AarToClassTransform
Transforming navigation-common-ktx-2.7.7.aar (androidx.navigation:navigation-common-ktx:2.7.7) with IdentityTransform
Transforming navigation-runtime-ktx-2.7.7.aar (androidx.navigation:navigation-runtime-ktx:2.7.7) with JetifyTransform
Transforming navigation-runtime-ktx-2.7.7.aar (androidx.navigation:navigation-runtime-ktx:2.7.7) with AarToClassTransform
Transforming navigation-runtime-ktx-2.7.7.aar (androidx.navigation:navigation-runtime-ktx:2.7.7) with IdentityTransform
Transforming navigation-compose-2.7.7.aar (androidx.navigation:navigation-compose:2.7.7) with JetifyTransform
Transforming navigation-compose-2.7.7.aar (androidx.navigation:navigation-compose:2.7.7) with AarToClassTransform
Transforming navigation-compose-2.7.7.aar (androidx.navigation:navigation-compose:2.7.7) with IdentityTransform
Transforming hilt-work-1.2.0.aar (androidx.hilt:hilt-work:1.2.0) with JetifyTransform
Transforming hilt-work-1.2.0.aar (androidx.hilt:hilt-work:1.2.0) with AarToClassTransform
Transforming hilt-work-1.2.0.aar (androidx.hilt:hilt-work:1.2.0) with IdentityTransform
Transforming hilt-android-2.51.1.aar (com.google.dagger:hilt-android:2.51.1) with JetifyTransform
Transforming hilt-android-2.51.1.aar (com.google.dagger:hilt-android:2.51.1) with AarToClassTransform
Transforming hilt-android-2.51.1.aar (com.google.dagger:hilt-android:2.51.1) with IdentityTransform
Transforming room-common-jvm-2.7.2.jar (androidx.room:room-common-jvm:2.7.2) with JetifyTransform
Transforming room-common-jvm-2.7.2.jar (androidx.room:room-common-jvm:2.7.2) with IdentityTransform
Transforming room-common-jvm-2.7.2.jar (androidx.room:room-common-jvm:2.7.2) with IdentityTransform
Transforming hilt-navigation-compose-1.2.0.aar (androidx.hilt:hilt-navigation-compose:1.2.0) with DexingNoClasspathTransform
Transforming room-common-jvm-2.7.2.jar (androidx.room:room-common-jvm:2.7.2) with DexingNoClasspathTransform
Transforming hilt-navigation-1.2.0.aar (androidx.hilt:hilt-navigation:1.2.0) with DexingNoClasspathTransform
Transforming core-splashscreen-1.0.1.aar (androidx.core:core-splashscreen:1.0.1) with DexingNoClasspathTransform
Transforming room-runtime-release.aar (androidx.room:room-runtime-android:2.7.2) with JetifyTransform
Transforming room-runtime-release.aar (androidx.room:room-runtime-android:2.7.2) with AarToClassTransform
Transforming room-runtime-release.aar (androidx.room:room-runtime-android:2.7.2) with IdentityTransform
Transforming work-runtime-ktx-2.9.0.aar (androidx.work:work-runtime-ktx:2.9.0) with JetifyTransform
Transforming navigation-common-2.7.7.aar (androidx.navigation:navigation-common:2.7.7) with DexingNoClasspathTransform
Transforming navigation-runtime-2.7.7.aar (androidx.navigation:navigation-runtime:2.7.7) with DexingNoClasspathTransform
Transforming work-runtime-ktx-2.9.0.aar (androidx.work:work-runtime-ktx:2.9.0) with AarToClassTransform
Transforming work-runtime-ktx-2.9.0.aar (androidx.work:work-runtime-ktx:2.9.0) with IdentityTransform
Transforming navigation-common-ktx-2.7.7.aar (androidx.navigation:navigation-common-ktx:2.7.7) with DexingNoClasspathTransform
Transforming navigation-runtime-ktx-2.7.7.aar (androidx.navigation:navigation-runtime-ktx:2.7.7) with DexingNoClasspathTransform
Transforming work-runtime-2.9.0.aar (androidx.work:work-runtime:2.9.0) with JetifyTransform
Transforming work-runtime-2.9.0.aar (androidx.work:work-runtime:2.9.0) with AarToClassTransform
Transforming work-runtime-2.9.0.aar (androidx.work:work-runtime:2.9.0) with IdentityTransform
Transforming room-ktx-2.7.2.aar (androidx.room:room-ktx:2.7.2) with JetifyTransform
Transforming room-ktx-2.7.2.aar (androidx.room:room-ktx:2.7.2) with AarToClassTransform
Transforming room-ktx-2.7.2.aar (androidx.room:room-ktx:2.7.2) with IdentityTransform
Transforming navigation-compose-2.7.7.aar (androidx.navigation:navigation-compose:2.7.7) with DexingNoClasspathTransform
Transforming hilt-navigation-compose-1.2.0.aar (androidx.hilt:hilt-navigation-compose:1.2.0) with DexingOutputSplitTransform
Transforming coil-compose-2.7.0.aar (io.coil-kt:coil-compose:2.7.0) with JetifyTransform
Transforming core-splashscreen-1.0.1.aar (androidx.core:core-splashscreen:1.0.1) with DexingOutputSplitTransform
Transforming navigation-common-2.7.7.aar (androidx.navigation:navigation-common:2.7.7) with DexingOutputSplitTransform
Transforming navigation-runtime-ktx-2.7.7.aar (androidx.navigation:navigation-runtime-ktx:2.7.7) with DexingOutputSplitTransform
Transforming navigation-runtime-2.7.7.aar (androidx.navigation:navigation-runtime:2.7.7) with DexingOutputSplitTransform
Transforming hilt-navigation-1.2.0.aar (androidx.hilt:hilt-navigation:1.2.0) with DexingOutputSplitTransform
Transforming coil-compose-2.7.0.aar (io.coil-kt:coil-compose:2.7.0) with AarToClassTransform
Transforming coil-compose-2.7.0.aar (io.coil-kt:coil-compose:2.7.0) with IdentityTransform
Transforming material-1.11.0.aar (com.google.android.material:material:1.11.0) with JetifyTransform
Transforming material-1.11.0.aar (com.google.android.material:material:1.11.0) with AarToClassTransform
Transforming material-1.11.0.aar (com.google.android.material:material:1.11.0) with IdentityTransform
Transforming constraintlayout-2.0.1.aar (androidx.constraintlayout:constraintlayout:2.0.1) with JetifyTransform
Transforming navigation-common-ktx-2.7.7.aar (androidx.navigation:navigation-common-ktx:2.7.7) with DexingOutputSplitTransform
Transforming navigation-compose-2.7.7.aar (androidx.navigation:navigation-compose:2.7.7) with DexingOutputSplitTransform
Transforming constraintlayout-2.0.1.aar (androidx.constraintlayout:constraintlayout:2.0.1) with AarToClassTransform
Transforming constraintlayout-2.0.1.aar (androidx.constraintlayout:constraintlayout:2.0.1) with IdentityTransform
Transforming room-runtime-release.aar (androidx.room:room-runtime-android:2.7.2) with DexingNoClasspathTransform
Transforming coil-compose-base-2.7.0.aar (io.coil-kt:coil-compose-base:2.7.0) with JetifyTransform
Transforming coil-compose-base-2.7.0.aar (io.coil-kt:coil-compose-base:2.7.0) with AarToClassTransform
Transforming work-runtime-ktx-2.9.0.aar (androidx.work:work-runtime-ktx:2.9.0) with DexingNoClasspathTransform
Transforming coil-compose-2.7.0.aar (io.coil-kt:coil-compose:2.7.0) with DexingNoClasspathTransform
Transforming work-runtime-2.9.0.aar (androidx.work:work-runtime:2.9.0) with DexingNoClasspathTransform
Transforming room-ktx-2.7.2.aar (androidx.room:room-ktx:2.7.2) with DexingNoClasspathTransform
Transforming coil-compose-base-2.7.0.aar (io.coil-kt:coil-compose-base:2.7.0) with IdentityTransform
Transforming coil-2.7.0.aar (io.coil-kt:coil:2.7.0) with JetifyTransform
Transforming room-runtime-release.aar (androidx.room:room-runtime-android:2.7.2) with DexingOutputSplitTransform
Transforming constraintlayout-2.0.1.aar (androidx.constraintlayout:constraintlayout:2.0.1) with DexingNoClasspathTransform
Transforming material-1.11.0.aar (com.google.android.material:material:1.11.0) with DexingNoClasspathTransform
Transforming hilt-android-2.51.1.aar (com.google.dagger:hilt-android:2.51.1) with DexingNoClasspathTransform
Transforming work-runtime-ktx-2.9.0.aar (androidx.work:work-runtime-ktx:2.9.0) with DexingOutputSplitTransform
Transforming coil-compose-2.7.0.aar (io.coil-kt:coil-compose:2.7.0) with DexingOutputSplitTransform
Transforming coil-2.7.0.aar (io.coil-kt:coil:2.7.0) with AarToClassTransform
Transforming coil-2.7.0.aar (io.coil-kt:coil:2.7.0) with IdentityTransform
Transforming coil-base-2.7.0.aar (io.coil-kt:coil-base:2.7.0) with JetifyTransform
Transforming coil-base-2.7.0.aar (io.coil-kt:coil-base:2.7.0) with AarToClassTransform
Transforming coil-base-2.7.0.aar (io.coil-kt:coil-base:2.7.0) with IdentityTransform
Transforming constraintlayout-2.0.1.aar (androidx.constraintlayout:constraintlayout:2.0.1) with DexingOutputSplitTransform
Transforming material-1.11.0.aar (com.google.android.material:material:1.11.0) with DexingOutputSplitTransform
Transforming work-runtime-2.9.0.aar (androidx.work:work-runtime:2.9.0) with DexingOutputSplitTransform
Transforming room-ktx-2.7.2.aar (androidx.room:room-ktx:2.7.2) with DexingOutputSplitTransform
Transforming hilt-android-2.51.1.aar (com.google.dagger:hilt-android:2.51.1) with DexingOutputSplitTransform
Transforming coil-2.7.0.aar (io.coil-kt:coil:2.7.0) with DexingNoClasspathTransform
Transforming appcompat-resources-1.6.1.aar (androidx.appcompat:appcompat-resources:1.6.1) with JetifyTransform
Transforming appcompat-resources-1.6.1.aar (androidx.appcompat:appcompat-resources:1.6.1) with AarToClassTransform
Transforming appcompat-resources-1.6.1.aar (androidx.appcompat:appcompat-resources:1.6.1) with IdentityTransform
Transforming lottie-compose-6.4.1.aar (com.airbnb.android:lottie-compose:6.4.1) with JetifyTransform
Transforming coil-compose-base-2.7.0.aar (io.coil-kt:coil-compose-base:2.7.0) with DexingNoClasspathTransform
Transforming hilt-work-1.2.0.aar (androidx.hilt:hilt-work:1.2.0) with DexingNoClasspathTransform
Transforming lottie-compose-6.4.1.aar (com.airbnb.android:lottie-compose:6.4.1) with AarToClassTransform
Transforming lottie-compose-6.4.1.aar (com.airbnb.android:lottie-compose:6.4.1) with IdentityTransform
Transforming lottie-6.4.1.aar (com.airbnb.android:lottie:6.4.1) with JetifyTransform
Transforming coil-2.7.0.aar (io.coil-kt:coil:2.7.0) with DexingOutputSplitTransform
Transforming appcompat-resources-1.6.1.aar (androidx.appcompat:appcompat-resources:1.6.1) with DexingNoClasspathTransform
Transforming coil-base-2.7.0.aar (io.coil-kt:coil-base:2.7.0) with DexingNoClasspathTransform
Transforming lottie-6.4.1.aar (com.airbnb.android:lottie:6.4.1) with AarToClassTransform
Transforming hilt-work-1.2.0.aar (androidx.hilt:hilt-work:1.2.0) with DexingOutputSplitTransform
Transforming coil-compose-base-2.7.0.aar (io.coil-kt:coil-compose-base:2.7.0) with DexingOutputSplitTransform
Transforming lottie-compose-6.4.1.aar (com.airbnb.android:lottie-compose:6.4.1) with DexingNoClasspathTransform
Transforming room-common-jvm-2.7.2.jar (androidx.room:room-common-jvm:2.7.2) with DexingOutputSplitTransform
Transforming lottie-6.4.1.aar (com.airbnb.android:lottie:6.4.1) with IdentityTransform
Transforming text-recognition-16.0.1.aar (com.google.mlkit:text-recognition:16.0.1) with JetifyTransform
Transforming text-recognition-16.0.1.aar (com.google.mlkit:text-recognition:16.0.1) with AarToClassTransform
Transforming text-recognition-16.0.1.aar (com.google.mlkit:text-recognition:16.0.1) with IdentityTransform
Transforming play-services-mlkit-text-recognition-19.0.1.aar (com.google.android.gms:play-services-mlkit-text-recognition:19.0.1) with JetifyTransform
Transforming play-services-mlkit-text-recognition-19.0.1.aar (com.google.android.gms:play-services-mlkit-text-recognition:19.0.1) with AarToClassTransform
Transforming play-services-mlkit-text-recognition-19.0.1.aar (com.google.android.gms:play-services-mlkit-text-recognition:19.0.1) with IdentityTransform
Transforming text-recognition-bundled-common-17.0.0.aar (com.google.mlkit:text-recognition-bundled-common:17.0.0) with JetifyTransform
Transforming text-recognition-bundled-common-17.0.0.aar (com.google.mlkit:text-recognition-bundled-common:17.0.0) with AarToClassTransform
Transforming appcompat-resources-1.6.1.aar (androidx.appcompat:appcompat-resources:1.6.1) with DexingOutputSplitTransform
Transforming text-recognition-bundled-common-17.0.0.aar (com.google.mlkit:text-recognition-bundled-common:17.0.0) with IdentityTransform
Transforming play-services-mlkit-text-recognition-common-19.1.0.aar (com.google.android.gms:play-services-mlkit-text-recognition-common:19.1.0) with JetifyTransform
Transforming play-services-mlkit-text-recognition-common-19.1.0.aar (com.google.android.gms:play-services-mlkit-text-recognition-common:19.1.0) with AarToClassTransform
Transforming play-services-mlkit-text-recognition-common-19.1.0.aar (com.google.android.gms:play-services-mlkit-text-recognition-common:19.1.0) with IdentityTransform
Transforming coil-base-2.7.0.aar (io.coil-kt:coil-base:2.7.0) with DexingOutputSplitTransform
Transforming vision-common-17.3.0.aar (com.google.mlkit:vision-common:17.3.0) with JetifyTransform
Transforming lottie-6.4.1.aar (com.airbnb.android:lottie:6.4.1) with DexingNoClasspathTransform
Transforming vision-common-17.3.0.aar (com.google.mlkit:vision-common:17.3.0) with AarToClassTransform
Transforming vision-common-17.3.0.aar (com.google.mlkit:vision-common:17.3.0) with IdentityTransform
Transforming vision-common-17.3.0.aar (com.google.mlkit:vision-common:17.3.0) with JetifyTransform
Transforming vision-common-17.3.0.aar (com.google.mlkit:vision-common:17.3.0) with AarToClassTransform
Transforming vision-common-17.3.0.aar (com.google.mlkit:vision-common:17.3.0) with IdentityTransform
Transforming common-18.11.0.aar (com.google.mlkit:common:18.11.0) with JetifyTransform
Transforming common-18.11.0.aar (com.google.mlkit:common:18.11.0) with AarToClassTransform
Transforming common-18.11.0.aar (com.google.mlkit:common:18.11.0) with IdentityTransform
Transforming text-recognition-16.0.1.aar (com.google.mlkit:text-recognition:16.0.1) with DexingNoClasspathTransform
Transforming lottie-compose-6.4.1.aar (com.airbnb.android:lottie-compose:6.4.1) with DexingOutputSplitTransform
Transforming play-services-mlkit-text-recognition-19.0.1.aar (com.google.android.gms:play-services-mlkit-text-recognition:19.0.1) with DexingNoClasspathTransform
Transforming text-recognition-bundled-common-17.0.0.aar (com.google.mlkit:text-recognition-bundled-common:17.0.0) with DexingNoClasspathTransform
Transforming common-18.11.0.aar (com.google.mlkit:common:18.11.0) with JetifyTransform
Transforming lottie-6.4.1.aar (com.airbnb.android:lottie:6.4.1) with DexingOutputSplitTransform
Transforming common-18.11.0.aar (com.google.mlkit:common:18.11.0) with AarToClassTransform
Transforming common-18.11.0.aar (com.google.mlkit:common:18.11.0) with IdentityTransform
Transforming common-18.11.0.aar (com.google.mlkit:common:18.11.0) with JetifyTransform
Transforming common-18.11.0.aar (com.google.mlkit:common:18.11.0) with AarToClassTransform
Transforming text-recognition-16.0.1.aar (com.google.mlkit:text-recognition:16.0.1) with DexingOutputSplitTransform
Transforming common-18.11.0.aar (com.google.mlkit:common:18.11.0) with IdentityTransform
Transforming play-services-mlkit-text-recognition-19.0.1.aar (com.google.android.gms:play-services-mlkit-text-recognition:19.0.1) with DexingOutputSplitTransform
Transforming common-18.11.0.aar (com.google.mlkit:common:18.11.0) with JetifyTransform
Transforming common-18.11.0.aar (com.google.mlkit:common:18.11.0) with AarToClassTransform
Transforming common-18.11.0.aar (com.google.mlkit:common:18.11.0) with IdentityTransform
Transforming common-18.11.0.aar (com.google.mlkit:common:18.11.0) with JetifyTransform
Transforming common-18.11.0.aar (com.google.mlkit:common:18.11.0) with AarToClassTransform
Transforming common-18.11.0.aar (com.google.mlkit:common:18.11.0) with IdentityTransform
Transforming appcompat-1.6.1.aar (androidx.appcompat:appcompat:1.6.1) with JetifyTransform
Transforming appcompat-1.6.1.aar (androidx.appcompat:appcompat:1.6.1) with AarToClassTransform
Transforming text-recognition-bundled-common-17.0.0.aar (com.google.mlkit:text-recognition-bundled-common:17.0.0) with DexingOutputSplitTransform
Transforming appcompat-1.6.1.aar (androidx.appcompat:appcompat:1.6.1) with IdentityTransform
Transforming appcompat-1.6.1.aar (androidx.appcompat:appcompat:1.6.1) with JetifyTransform
Transforming appcompat-1.6.1.aar (androidx.appcompat:appcompat:1.6.1) with AarToClassTransform
Transforming appcompat-1.6.1.aar (androidx.appcompat:appcompat:1.6.1) with IdentityTransform
Transforming glide-4.15.1.aar (com.github.bumptech.glide:glide:4.15.1) with JetifyTransform
Transforming glide-4.15.1.aar (com.github.bumptech.glide:glide:4.15.1) with AarToClassTransform
Transforming glide-4.15.1.aar (com.github.bumptech.glide:glide:4.15.1) with IdentityTransform
Transforming viewpager2-1.0.0.aar (androidx.viewpager2:viewpager2:1.0.0) with JetifyTransform
Transforming viewpager2-1.0.0.aar (androidx.viewpager2:viewpager2:1.0.0) with AarToClassTransform
Transforming viewpager2-1.0.0.aar (androidx.viewpager2:viewpager2:1.0.0) with IdentityTransform
Transforming pdfium-android-1.9.0.aar (com.github.barteksc:pdfium-android:1.9.0) with JetifyTransform
Transforming pdfium-android-1.9.0.aar (com.github.barteksc:pdfium-android:1.9.0) with AarToClassTransform
Transforming pdfium-android-1.9.0.aar (com.github.barteksc:pdfium-android:1.9.0) with IdentityTransform
Transforming legacy-support-v4-1.0.0.aar (androidx.legacy:legacy-support-v4:1.0.0) with JetifyTransform
Transforming legacy-support-v4-1.0.0.aar (androidx.legacy:legacy-support-v4:1.0.0) with AarToClassTransform
Transforming legacy-support-v4-1.0.0.aar (androidx.legacy:legacy-support-v4:1.0.0) with IdentityTransform
Transforming play-services-base-18.5.0.aar (com.google.android.gms:play-services-base:18.5.0) with JetifyTransform
Transforming play-services-base-18.5.0.aar (com.google.android.gms:play-services-base:18.5.0) with AarToClassTransform
Transforming play-services-base-18.5.0.aar (com.google.android.gms:play-services-base:18.5.0) with IdentityTransform
Transforming play-services-base-18.5.0.aar (com.google.android.gms:play-services-base:18.5.0) with JetifyTransform
Transforming play-services-base-18.5.0.aar (com.google.android.gms:play-services-base:18.5.0) with AarToClassTransform
Transforming play-services-base-18.5.0.aar (com.google.android.gms:play-services-base:18.5.0) with IdentityTransform
Transforming play-services-base-18.5.0.aar (com.google.android.gms:play-services-base:18.5.0) with JetifyTransform
Transforming play-services-base-18.5.0.aar (com.google.android.gms:play-services-base:18.5.0) with AarToClassTransform
Transforming play-services-base-18.5.0.aar (com.google.android.gms:play-services-base:18.5.0) with IdentityTransform
Transforming play-services-base-18.5.0.aar (com.google.android.gms:play-services-base:18.5.0) with JetifyTransform
Transforming play-services-base-18.5.0.aar (com.google.android.gms:play-services-base:18.5.0) with AarToClassTransform
Transforming play-services-base-18.5.0.aar (com.google.android.gms:play-services-base:18.5.0) with IdentityTransform
Transforming play-services-base-18.5.0.aar (com.google.android.gms:play-services-base:18.5.0) with JetifyTransform
Transforming play-services-base-18.5.0.aar (com.google.android.gms:play-services-base:18.5.0) with AarToClassTransform
Transforming play-services-base-18.5.0.aar (com.google.android.gms:play-services-base:18.5.0) with IdentityTransform
Transforming play-services-base-18.5.0.aar (com.google.android.gms:play-services-base:18.5.0) with JetifyTransform
Transforming play-services-base-18.5.0.aar (com.google.android.gms:play-services-base:18.5.0) with AarToClassTransform
Transforming play-services-base-18.5.0.aar (com.google.android.gms:play-services-base:18.5.0) with IdentityTransform
Transforming vision-interfaces-16.3.0.aar (com.google.mlkit:vision-interfaces:16.3.0) with JetifyTransform
Transforming vision-interfaces-16.3.0.aar (com.google.mlkit:vision-interfaces:16.3.0) with AarToClassTransform
Transforming vision-interfaces-16.3.0.aar (com.google.mlkit:vision-interfaces:16.3.0) with IdentityTransform
Transforming play-services-tasks-18.2.0.aar (com.google.android.gms:play-services-tasks:18.2.0) with JetifyTransform
Transforming play-services-tasks-18.2.0.aar (com.google.android.gms:play-services-tasks:18.2.0) with AarToClassTransform
Transforming play-services-tasks-18.2.0.aar (com.google.android.gms:play-services-tasks:18.2.0) with IdentityTransform
Transforming play-services-tasks-18.2.0.aar (com.google.android.gms:play-services-tasks:18.2.0) with JetifyTransform
Transforming play-services-tasks-18.2.0.aar (com.google.android.gms:play-services-tasks:18.2.0) with AarToClassTransform
Transforming play-services-tasks-18.2.0.aar (com.google.android.gms:play-services-tasks:18.2.0) with IdentityTransform
Transforming play-services-tasks-18.2.0.aar (com.google.android.gms:play-services-tasks:18.2.0) with JetifyTransform
Transforming play-services-tasks-18.2.0.aar (com.google.android.gms:play-services-tasks:18.2.0) with AarToClassTransform
Transforming play-services-tasks-18.2.0.aar (com.google.android.gms:play-services-tasks:18.2.0) with IdentityTransform
Transforming play-services-tasks-18.2.0.aar (com.google.android.gms:play-services-tasks:18.2.0) with JetifyTransform
Transforming play-services-tasks-18.2.0.aar (com.google.android.gms:play-services-tasks:18.2.0) with AarToClassTransform
Transforming play-services-tasks-18.2.0.aar (com.google.android.gms:play-services-tasks:18.2.0) with IdentityTransform
Transforming play-services-tasks-18.2.0.aar (com.google.android.gms:play-services-tasks:18.2.0) with JetifyTransform
Transforming play-services-tasks-18.2.0.aar (com.google.android.gms:play-services-tasks:18.2.0) with AarToClassTransform
Transforming play-services-tasks-18.2.0.aar (com.google.android.gms:play-services-tasks:18.2.0) with IdentityTransform
Transforming play-services-tasks-18.2.0.aar (com.google.android.gms:play-services-tasks:18.2.0) with JetifyTransform
Transforming appcompat-1.6.1.aar (androidx.appcompat:appcompat:1.6.1) with DexingNoClasspathTransform
Transforming appcompat-1.6.1.aar (androidx.appcompat:appcompat:1.6.1) with DexingNoClasspathTransform
Transforming play-services-tasks-18.2.0.aar (com.google.android.gms:play-services-tasks:18.2.0) with AarToClassTransform
Transforming play-services-tasks-18.2.0.aar (com.google.android.gms:play-services-tasks:18.2.0) with IdentityTransform
Transforming play-services-basement-18.4.0.aar (com.google.android.gms:play-services-basement:18.4.0) with JetifyTransform
Transforming play-services-basement-18.4.0.aar (com.google.android.gms:play-services-basement:18.4.0) with AarToClassTransform
Transforming play-services-basement-18.4.0.aar (com.google.android.gms:play-services-basement:18.4.0) with IdentityTransform
Transforming play-services-basement-18.4.0.aar (com.google.android.gms:play-services-basement:18.4.0) with JetifyTransform
Transforming play-services-basement-18.4.0.aar (com.google.android.gms:play-services-basement:18.4.0) with AarToClassTransform
Transforming play-services-basement-18.4.0.aar (com.google.android.gms:play-services-basement:18.4.0) with IdentityTransform
Transforming play-services-basement-18.4.0.aar (com.google.android.gms:play-services-basement:18.4.0) with JetifyTransform
Transforming vision-common-17.3.0.aar (com.google.mlkit:vision-common:17.3.0) with DexingNoClasspathTransform
Transforming play-services-basement-18.4.0.aar (com.google.android.gms:play-services-basement:18.4.0) with AarToClassTransform
Transforming vision-common-17.3.0.aar (com.google.mlkit:vision-common:17.3.0) with DexingNoClasspathTransform
Transforming play-services-basement-18.4.0.aar (com.google.android.gms:play-services-basement:18.4.0) with IdentityTransform
Transforming play-services-basement-18.4.0.aar (com.google.android.gms:play-services-basement:18.4.0) with JetifyTransform
Transforming play-services-basement-18.4.0.aar (com.google.android.gms:play-services-basement:18.4.0) with AarToClassTransform
Transforming play-services-basement-18.4.0.aar (com.google.android.gms:play-services-basement:18.4.0) with IdentityTransform
Transforming play-services-basement-18.4.0.aar (com.google.android.gms:play-services-basement:18.4.0) with JetifyTransform
Transforming play-services-basement-18.4.0.aar (com.google.android.gms:play-services-basement:18.4.0) with AarToClassTransform
Transforming play-services-basement-18.4.0.aar (com.google.android.gms:play-services-basement:18.4.0) with IdentityTransform
Transforming play-services-basement-18.4.0.aar (com.google.android.gms:play-services-basement:18.4.0) with JetifyTransform
Transforming play-services-basement-18.4.0.aar (com.google.android.gms:play-services-basement:18.4.0) with AarToClassTransform
Transforming play-services-basement-18.4.0.aar (com.google.android.gms:play-services-basement:18.4.0) with IdentityTransform
Transforming play-services-basement-18.4.0.aar (com.google.android.gms:play-services-basement:18.4.0) with JetifyTransform
Transforming play-services-basement-18.4.0.aar (com.google.android.gms:play-services-basement:18.4.0) with AarToClassTransform
Transforming play-services-basement-18.4.0.aar (com.google.android.gms:play-services-basement:18.4.0) with IdentityTransform
Transforming play-services-basement-18.4.0.aar (com.google.android.gms:play-services-basement:18.4.0) with JetifyTransform
Transforming play-services-basement-18.4.0.aar (com.google.android.gms:play-services-basement:18.4.0) with AarToClassTransform
Transforming play-services-basement-18.4.0.aar (com.google.android.gms:play-services-basement:18.4.0) with IdentityTransform
Transforming play-services-basement-18.4.0.aar (com.google.android.gms:play-services-basement:18.4.0) with JetifyTransform
Transforming play-services-basement-18.4.0.aar (com.google.android.gms:play-services-basement:18.4.0) with AarToClassTransform
Transforming play-services-basement-18.4.0.aar (com.google.android.gms:play-services-basement:18.4.0) with IdentityTransform
Transforming fragment-1.5.1.aar (androidx.fragment:fragment:1.5.1) with JetifyTransform
Transforming fragment-1.5.1.aar (androidx.fragment:fragment:1.5.1) with AarToClassTransform
Transforming fragment-1.5.1.aar (androidx.fragment:fragment:1.5.1) with IdentityTransform
Transforming appcompat-1.6.1.aar (androidx.appcompat:appcompat:1.6.1) with DexingOutputSplitTransform
Transforming appcompat-1.6.1.aar (androidx.appcompat:appcompat:1.6.1) with DexingOutputSplitTransform
Transforming fragment-1.5.1.aar (androidx.fragment:fragment:1.5.1) with JetifyTransform
Transforming common-18.11.0.aar (com.google.mlkit:common:18.11.0) with DexingNoClasspathTransform
Transforming fragment-1.5.1.aar (androidx.fragment:fragment:1.5.1) with AarToClassTransform
Transforming common-18.11.0.aar (com.google.mlkit:common:18.11.0) with DexingNoClasspathTransform
Transforming fragment-1.5.1.aar (androidx.fragment:fragment:1.5.1) with IdentityTransform
Transforming fragment-1.5.1.aar (androidx.fragment:fragment:1.5.1) with JetifyTransform
Transforming fragment-1.5.1.aar (androidx.fragment:fragment:1.5.1) with AarToClassTransform
Transforming fragment-1.5.1.aar (androidx.fragment:fragment:1.5.1) with IdentityTransform
Transforming fragment-1.5.1.aar (androidx.fragment:fragment:1.5.1) with JetifyTransform
Transforming fragment-1.5.1.aar (androidx.fragment:fragment:1.5.1) with AarToClassTransform
Transforming fragment-1.5.1.aar (androidx.fragment:fragment:1.5.1) with IdentityTransform
Transforming fragment-1.5.1.aar (androidx.fragment:fragment:1.5.1) with JetifyTransform
Transforming fragment-1.5.1.aar (androidx.fragment:fragment:1.5.1) with AarToClassTransform
Transforming fragment-1.5.1.aar (androidx.fragment:fragment:1.5.1) with IdentityTransform
Transforming material3-window-size-class-release.aar (androidx.compose.material3:material3-window-size-class-android:1.2.1) with JetifyTransform
Transforming material3-window-size-class-release.aar (androidx.compose.material3:material3-window-size-class-android:1.2.1) with AarToClassTransform
Transforming material3-window-size-class-release.aar (androidx.compose.material3:material3-window-size-class-android:1.2.1) with IdentityTransform
Transforming material3-release.aar (androidx.compose.material3:material3-android:1.2.1) with JetifyTransform
Transforming material3-release.aar (androidx.compose.material3:material3-android:1.2.1) with AarToClassTransform
Transforming material3-release.aar (androidx.compose.material3:material3-android:1.2.1) with IdentityTransform
Transforming vision-common-17.3.0.aar (com.google.mlkit:vision-common:17.3.0) with DexingOutputSplitTransform
Transforming palette-1.0.0.aar (androidx.palette:palette:1.0.0) with JetifyTransform
Transforming vision-common-17.3.0.aar (com.google.mlkit:vision-common:17.3.0) with DexingOutputSplitTransform
Transforming palette-1.0.0.aar (androidx.palette:palette:1.0.0) with AarToClassTransform
Transforming palette-1.0.0.aar (androidx.palette:palette:1.0.0) with IdentityTransform
Transforming dynamicanimation-1.0.0.aar (androidx.dynamicanimation:dynamicanimation:1.0.0) with JetifyTransform
Transforming dynamicanimation-1.0.0.aar (androidx.dynamicanimation:dynamicanimation:1.0.0) with AarToClassTransform
Transforming dynamicanimation-1.0.0.aar (androidx.dynamicanimation:dynamicanimation:1.0.0) with IdentityTransform
Transforming glide-4.15.1.aar (com.github.bumptech.glide:glide:4.15.1) with DexingNoClasspathTransform
Transforming legacy-support-core-ui-1.0.0.aar (androidx.legacy:legacy-support-core-ui:1.0.0) with JetifyTransform
Transforming legacy-support-core-ui-1.0.0.aar (androidx.legacy:legacy-support-core-ui:1.0.0) with AarToClassTransform
Transforming legacy-support-core-ui-1.0.0.aar (androidx.legacy:legacy-support-core-ui:1.0.0) with IdentityTransform
Transforming legacy-support-core-utils-1.0.0.aar (androidx.legacy:legacy-support-core-utils:1.0.0) with JetifyTransform
Transforming legacy-support-core-utils-1.0.0.aar (androidx.legacy:legacy-support-core-utils:1.0.0) with AarToClassTransform
Transforming legacy-support-core-utils-1.0.0.aar (androidx.legacy:legacy-support-core-utils:1.0.0) with IdentityTransform
Transforming legacy-support-core-utils-1.0.0.aar (androidx.legacy:legacy-support-core-utils:1.0.0) with JetifyTransform
Transforming legacy-support-core-utils-1.0.0.aar (androidx.legacy:legacy-support-core-utils:1.0.0) with AarToClassTransform
Transforming legacy-support-core-utils-1.0.0.aar (androidx.legacy:legacy-support-core-utils:1.0.0) with IdentityTransform
Transforming legacy-support-core-utils-1.0.0.aar (androidx.legacy:legacy-support-core-utils:1.0.0) with JetifyTransform
Transforming legacy-support-core-utils-1.0.0.aar (androidx.legacy:legacy-support-core-utils:1.0.0) with AarToClassTransform
Transforming legacy-support-core-utils-1.0.0.aar (androidx.legacy:legacy-support-core-utils:1.0.0) with IdentityTransform
Transforming legacy-support-core-utils-1.0.0.aar (androidx.legacy:legacy-support-core-utils:1.0.0) with JetifyTransform
Transforming legacy-support-core-utils-1.0.0.aar (androidx.legacy:legacy-support-core-utils:1.0.0) with AarToClassTransform
Transforming legacy-support-core-utils-1.0.0.aar (androidx.legacy:legacy-support-core-utils:1.0.0) with IdentityTransform
Transforming loader-1.0.0.aar (androidx.loader:loader:1.0.0) with JetifyTransform
Transforming loader-1.0.0.aar (androidx.loader:loader:1.0.0) with AarToClassTransform
Transforming loader-1.0.0.aar (androidx.loader:loader:1.0.0) with IdentityTransform
Transforming loader-1.0.0.aar (androidx.loader:loader:1.0.0) with JetifyTransform
Transforming loader-1.0.0.aar (androidx.loader:loader:1.0.0) with AarToClassTransform
Transforming loader-1.0.0.aar (androidx.loader:loader:1.0.0) with IdentityTransform
Transforming viewpager2-1.0.0.aar (androidx.viewpager2:viewpager2:1.0.0) with DexingNoClasspathTransform
Transforming pdfium-android-1.9.0.aar (com.github.barteksc:pdfium-android:1.9.0) with DexingNoClasspathTransform
Transforming accompanist-permissions-0.37.3.aar (com.google.accompanist:accompanist-permissions:0.37.3) with JetifyTransform
Transforming accompanist-permissions-0.37.3.aar (com.google.accompanist:accompanist-permissions:0.37.3) with AarToClassTransform
Transforming accompanist-permissions-0.37.3.aar (com.google.accompanist:accompanist-permissions:0.37.3) with IdentityTransform
Transforming constraintlayout-compose-1.0.1.aar (androidx.constraintlayout:constraintlayout-compose:1.0.1) with JetifyTransform
Transforming constraintlayout-compose-1.0.1.aar (androidx.constraintlayout:constraintlayout-compose:1.0.1) with AarToClassTransform
Transforming constraintlayout-compose-1.0.1.aar (androidx.constraintlayout:constraintlayout-compose:1.0.1) with IdentityTransform
Transforming accompanist-systemuicontroller-0.34.0.aar (com.google.accompanist:accompanist-systemuicontroller:0.34.0) with JetifyTransform
Transforming accompanist-systemuicontroller-0.34.0.aar (com.google.accompanist:accompanist-systemuicontroller:0.34.0) with AarToClassTransform
Transforming accompanist-systemuicontroller-0.34.0.aar (com.google.accompanist:accompanist-systemuicontroller:0.34.0) with IdentityTransform
Transforming accompanist-adaptive-0.34.0.aar (com.google.accompanist:accompanist-adaptive:0.34.0) with JetifyTransform
Transforming accompanist-adaptive-0.34.0.aar (com.google.accompanist:accompanist-adaptive:0.34.0) with AarToClassTransform
Transforming accompanist-adaptive-0.34.0.aar (com.google.accompanist:accompanist-adaptive:0.34.0) with IdentityTransform
Transforming accompanist-drawablepainter-0.32.0.aar (com.google.accompanist:accompanist-drawablepainter:0.32.0) with JetifyTransform
Transforming accompanist-drawablepainter-0.32.0.aar (com.google.accompanist:accompanist-drawablepainter:0.32.0) with AarToClassTransform
Transforming glide-4.15.1.aar (com.github.bumptech.glide:glide:4.15.1) with DexingOutputSplitTransform
Transforming accompanist-drawablepainter-0.32.0.aar (com.google.accompanist:accompanist-drawablepainter:0.32.0) with IdentityTransform
Transforming material-ripple-release.aar (androidx.compose.material:material-ripple-android:1.6.8) with JetifyTransform
Transforming material-ripple-release.aar (androidx.compose.material:material-ripple-android:1.6.8) with AarToClassTransform
Transforming material-ripple-release.aar (androidx.compose.material:material-ripple-android:1.6.8) with IdentityTransform
Transforming ui-tooling-data-release.aar (androidx.compose.ui:ui-tooling-data-android:1.7.8) with JetifyTransform
Transforming ui-tooling-data-release.aar (androidx.compose.ui:ui-tooling-data-android:1.7.8) with AarToClassTransform
Transforming ui-tooling-data-release.aar (androidx.compose.ui:ui-tooling-data-android:1.7.8) with IdentityTransform
Transforming legacy-support-v4-1.0.0.aar (androidx.legacy:legacy-support-v4:1.0.0) with DexingNoClasspathTransform
Transforming play-services-base-18.5.0.aar (com.google.android.gms:play-services-base:18.5.0) with DexingNoClasspathTransform
Transforming viewpager2-1.0.0.aar (androidx.viewpager2:viewpager2:1.0.0) with DexingOutputSplitTransform
Transforming pdfium-android-1.9.0.aar (com.github.barteksc:pdfium-android:1.9.0) with DexingOutputSplitTransform
Transforming legacy-support-v4-1.0.0.aar (androidx.legacy:legacy-support-v4:1.0.0) with DexingOutputSplitTransform
Transforming play-services-base-18.5.0.aar (com.google.android.gms:play-services-base:18.5.0) with DexingOutputSplitTransform
Transforming common-18.11.0.aar (com.google.mlkit:common:18.11.0) with DexingOutputSplitTransform
Transforming ui-tooling-preview-release.aar (androidx.compose.ui:ui-tooling-preview-android:1.7.8) with JetifyTransform
Transforming common-18.11.0.aar (com.google.mlkit:common:18.11.0) with DexingOutputSplitTransform
Transforming ui-tooling-preview-release.aar (androidx.compose.ui:ui-tooling-preview-android:1.7.8) with AarToClassTransform
Transforming ui-tooling-preview-release.aar (androidx.compose.ui:ui-tooling-preview-android:1.7.8) with IdentityTransform
Transforming animation-core-release.aar (androidx.compose.animation:animation-core-android:1.7.8) with JetifyTransform
Transforming play-services-tasks-18.2.0.aar (com.google.android.gms:play-services-tasks:18.2.0) with DexingNoClasspathTransform
Transforming animation-core-release.aar (androidx.compose.animation:animation-core-android:1.7.8) with AarToClassTransform
Transforming vision-interfaces-16.3.0.aar (com.google.mlkit:vision-interfaces:16.3.0) with DexingNoClasspathTransform
Transforming animation-core-release.aar (androidx.compose.animation:animation-core-android:1.7.8) with IdentityTransform
Transforming animation-release.aar (androidx.compose.animation:animation-android:1.7.8) with JetifyTransform
Transforming animation-release.aar (androidx.compose.animation:animation-android:1.7.8) with AarToClassTransform
Transforming animation-release.aar (androidx.compose.animation:animation-android:1.7.8) with IdentityTransform
Transforming foundation-layout-release.aar (androidx.compose.foundation:foundation-layout-android:1.7.8) with JetifyTransform
Transforming foundation-layout-release.aar (androidx.compose.foundation:foundation-layout-android:1.7.8) with AarToClassTransform
Transforming foundation-layout-release.aar (androidx.compose.foundation:foundation-layout-android:1.7.8) with IdentityTransform
Transforming foundation-release.aar (androidx.compose.foundation:foundation-android:1.7.8) with JetifyTransform
Transforming foundation-release.aar (androidx.compose.foundation:foundation-android:1.7.8) with AarToClassTransform
Transforming foundation-release.aar (androidx.compose.foundation:foundation-android:1.7.8) with IdentityTransform
Transforming ui-util-release.aar (androidx.compose.ui:ui-util-android:1.7.8) with JetifyTransform
Transforming ui-util-release.aar (androidx.compose.ui:ui-util-android:1.7.8) with AarToClassTransform
Transforming ui-util-release.aar (androidx.compose.ui:ui-util-android:1.7.8) with IdentityTransform
Transforming ui-unit-release.aar (androidx.compose.ui:ui-unit-android:1.7.8) with JetifyTransform
Transforming ui-unit-release.aar (androidx.compose.ui:ui-unit-android:1.7.8) with AarToClassTransform
Transforming ui-unit-release.aar (androidx.compose.ui:ui-unit-android:1.7.8) with IdentityTransform
Transforming ui-text-release.aar (androidx.compose.ui:ui-text-android:1.7.8) with JetifyTransform
Transforming ui-text-release.aar (androidx.compose.ui:ui-text-android:1.7.8) with AarToClassTransform
Transforming ui-text-release.aar (androidx.compose.ui:ui-text-android:1.7.8) with IdentityTransform
Transforming ui-graphics-release.aar (androidx.compose.ui:ui-graphics-android:1.7.8) with JetifyTransform
Transforming ui-graphics-release.aar (androidx.compose.ui:ui-graphics-android:1.7.8) with AarToClassTransform
Transforming ui-graphics-release.aar (androidx.compose.ui:ui-graphics-android:1.7.8) with IdentityTransform
Transforming ui-geometry-release.aar (androidx.compose.ui:ui-geometry-android:1.7.8) with JetifyTransform
Transforming ui-geometry-release.aar (androidx.compose.ui:ui-geometry-android:1.7.8) with AarToClassTransform
Transforming ui-geometry-release.aar (androidx.compose.ui:ui-geometry-android:1.7.8) with IdentityTransform
Transforming ui-test-manifest-1.7.8.aar (androidx.compose.ui:ui-test-manifest:1.7.8) with JetifyTransform
Transforming ui-test-manifest-1.7.8.aar (androidx.compose.ui:ui-test-manifest:1.7.8) with AarToClassTransform
Transforming ui-test-manifest-1.7.8.aar (androidx.compose.ui:ui-test-manifest:1.7.8) with IdentityTransform
Transforming ui-tooling-release.aar (androidx.compose.ui:ui-tooling-android:1.7.8) with JetifyTransform
Transforming ui-tooling-release.aar (androidx.compose.ui:ui-tooling-android:1.7.8) with AarToClassTransform
Transforming ui-tooling-release.aar (androidx.compose.ui:ui-tooling-android:1.7.8) with IdentityTransform
Transforming material-release.aar (androidx.compose.material:material-android:1.6.8) with JetifyTransform
Transforming material-release.aar (androidx.compose.material:material-android:1.6.8) with AarToClassTransform
Transforming material-release.aar (androidx.compose.material:material-android:1.6.8) with IdentityTransform
Transforming material-icons-extended-release.aar (androidx.compose.material:material-icons-extended-android:1.6.8) with JetifyTransform
Transforming material-icons-extended-release.aar (androidx.compose.material:material-icons-extended-android:1.6.8) with AarToClassTransform
Transforming material-icons-extended-release.aar (androidx.compose.material:material-icons-extended-android:1.6.8) with IdentityTransform
Transforming play-services-tasks-18.2.0.aar (com.google.android.gms:play-services-tasks:18.2.0) with DexingOutputSplitTransform
Transforming play-services-basement-18.4.0.aar (com.google.android.gms:play-services-basement:18.4.0) with DexingNoClasspathTransform
Transforming material-icons-core-release.aar (androidx.compose.material:material-icons-core-android:1.6.8) with JetifyTransform
Transforming material-icons-core-release.aar (androidx.compose.material:material-icons-core-android:1.6.8) with AarToClassTransform
Transforming material-icons-core-release.aar (androidx.compose.material:material-icons-core-android:1.6.8) with IdentityTransform
Transforming ui-release.aar (androidx.compose.ui:ui-android:1.7.8) with JetifyTransform
Transforming ui-release.aar (androidx.compose.ui:ui-android:1.7.8) with AarToClassTransform
Transforming ui-release.aar (androidx.compose.ui:ui-android:1.7.8) with IdentityTransform
Transforming activity-1.9.0.aar (androidx.activity:activity:1.9.0) with JetifyTransform
Transforming activity-1.9.0.aar (androidx.activity:activity:1.9.0) with AarToClassTransform
Transforming activity-1.9.0.aar (androidx.activity:activity:1.9.0) with IdentityTransform
Transforming activity-ktx-1.9.0.aar (androidx.activity:activity-ktx:1.9.0) with JetifyTransform
Transforming activity-ktx-1.9.0.aar (androidx.activity:activity-ktx:1.9.0) with AarToClassTransform
Transforming activity-ktx-1.9.0.aar (androidx.activity:activity-ktx:1.9.0) with IdentityTransform
Transforming vision-interfaces-16.3.0.aar (com.google.mlkit:vision-interfaces:16.3.0) with DexingOutputSplitTransform
Transforming activity-compose-1.9.0.aar (androidx.activity:activity-compose:1.9.0) with JetifyTransform
Transforming activity-compose-1.9.0.aar (androidx.activity:activity-compose:1.9.0) with AarToClassTransform
Transforming activity-compose-1.9.0.aar (androidx.activity:activity-compose:1.9.0) with IdentityTransform
Transforming emoji2-views-helper-1.3.0.aar (androidx.emoji2:emoji2-views-helper:1.3.0) with JetifyTransform
Transforming emoji2-views-helper-1.3.0.aar (androidx.emoji2:emoji2-views-helper:1.3.0) with AarToClassTransform
Transforming emoji2-views-helper-1.3.0.aar (androidx.emoji2:emoji2-views-helper:1.3.0) with IdentityTransform
Transforming emoji2-1.3.0.aar (androidx.emoji2:emoji2:1.3.0) with JetifyTransform
Transforming emoji2-1.3.0.aar (androidx.emoji2:emoji2:1.3.0) with AarToClassTransform
Transforming emoji2-1.3.0.aar (androidx.emoji2:emoji2:1.3.0) with IdentityTransform
Transforming lifecycle-process-2.9.1.aar (androidx.lifecycle:lifecycle-process:2.9.1) with JetifyTransform
Transforming lifecycle-process-2.9.1.aar (androidx.lifecycle:lifecycle-process:2.9.1) with AarToClassTransform
Transforming lifecycle-process-2.9.1.aar (androidx.lifecycle:lifecycle-process:2.9.1) with IdentityTransform
Transforming lifecycle-livedata-core-ktx-2.9.1.aar (androidx.lifecycle:lifecycle-livedata-core-ktx:2.9.1) with JetifyTransform
Transforming lifecycle-livedata-core-ktx-2.9.1.aar (androidx.lifecycle:lifecycle-livedata-core-ktx:2.9.1) with AarToClassTransform
Transforming lifecycle-livedata-core-ktx-2.9.1.aar (androidx.lifecycle:lifecycle-livedata-core-ktx:2.9.1) with IdentityTransform
Transforming lifecycle-common-java8-2.9.1.jar (androidx.lifecycle:lifecycle-common-java8:2.9.1) with JetifyTransform
Transforming lifecycle-common-java8-2.9.1.jar (androidx.lifecycle:lifecycle-common-java8:2.9.1) with IdentityTransform
Transforming lifecycle-common-java8-2.9.1.jar (androidx.lifecycle:lifecycle-common-java8:2.9.1) with IdentityTransform
Transforming lifecycle-common-java8-2.9.1.jar (androidx.lifecycle:lifecycle-common-java8:2.9.1) with DexingNoClasspathTransform
Transforming lifecycle-service-2.9.1.aar (androidx.lifecycle:lifecycle-service:2.9.1) with JetifyTransform
Transforming lifecycle-service-2.9.1.aar (androidx.lifecycle:lifecycle-service:2.9.1) with AarToClassTransform
Transforming lifecycle-service-2.9.1.aar (androidx.lifecycle:lifecycle-service:2.9.1) with IdentityTransform
Transforming lifecycle-livedata-2.9.1.aar (androidx.lifecycle:lifecycle-livedata:2.9.1) with JetifyTransform
Transforming lifecycle-livedata-2.9.1.aar (androidx.lifecycle:lifecycle-livedata:2.9.1) with AarToClassTransform
Transforming lifecycle-livedata-2.9.1.aar (androidx.lifecycle:lifecycle-livedata:2.9.1) with IdentityTransform
Transforming lifecycle-livedata-2.9.1.aar (androidx.lifecycle:lifecycle-livedata:2.9.1) with JetifyTransform
Transforming lifecycle-livedata-2.9.1.aar (androidx.lifecycle:lifecycle-livedata:2.9.1) with AarToClassTransform
Transforming lifecycle-livedata-2.9.1.aar (androidx.lifecycle:lifecycle-livedata:2.9.1) with IdentityTransform
Transforming lifecycle-viewmodel-ktx-2.9.1.aar (androidx.lifecycle:lifecycle-viewmodel-ktx:2.9.1) with JetifyTransform
Transforming lifecycle-viewmodel-ktx-2.9.1.aar (androidx.lifecycle:lifecycle-viewmodel-ktx:2.9.1) with AarToClassTransform
Transforming play-services-basement-18.4.0.aar (com.google.android.gms:play-services-basement:18.4.0) with DexingOutputSplitTransform
Transforming lifecycle-viewmodel-ktx-2.9.1.aar (androidx.lifecycle:lifecycle-viewmodel-ktx:2.9.1) with IdentityTransform
Transforming lifecycle-viewmodel-savedstate-release.aar (androidx.lifecycle:lifecycle-viewmodel-savedstate-android:2.9.1) with JetifyTransform
Transforming lifecycle-viewmodel-savedstate-release.aar (androidx.lifecycle:lifecycle-viewmodel-savedstate-android:2.9.1) with AarToClassTransform
Transforming lifecycle-viewmodel-savedstate-release.aar (androidx.lifecycle:lifecycle-viewmodel-savedstate-android:2.9.1) with IdentityTransform
Transforming lifecycle-viewmodel-2.9.1.aar (androidx.lifecycle:lifecycle-viewmodel:2.9.1) with JetifyTransform
Transforming lifecycle-viewmodel-2.9.1.aar (androidx.lifecycle:lifecycle-viewmodel:2.9.1) with AarToClassTransform
Transforming lifecycle-viewmodel-2.9.1.aar (androidx.lifecycle:lifecycle-viewmodel:2.9.1) with IdentityTransform
Transforming lifecycle-viewmodel-release.aar (androidx.lifecycle:lifecycle-viewmodel-android:2.9.1) with JetifyTransform
Transforming lifecycle-viewmodel-release.aar (androidx.lifecycle:lifecycle-viewmodel-android:2.9.1) with AarToClassTransform
Transforming lifecycle-viewmodel-release.aar (androidx.lifecycle:lifecycle-viewmodel-android:2.9.1) with IdentityTransform
Transforming savedstate-ktx-1.3.0.aar (androidx.savedstate:savedstate-ktx:1.3.0) with JetifyTransform
Transforming savedstate-ktx-1.3.0.aar (androidx.savedstate:savedstate-ktx:1.3.0) with AarToClassTransform
Transforming savedstate-ktx-1.3.0.aar (androidx.savedstate:savedstate-ktx:1.3.0) with IdentityTransform
Transforming savedstate-release.aar (androidx.savedstate:savedstate-android:1.3.0) with JetifyTransform
Transforming savedstate-release.aar (androidx.savedstate:savedstate-android:1.3.0) with AarToClassTransform
Transforming savedstate-release.aar (androidx.savedstate:savedstate-android:1.3.0) with IdentityTransform
Transforming lifecycle-common-jvm-2.9.1.jar (androidx.lifecycle:lifecycle-common-jvm:2.9.1) with JetifyTransform
Transforming lifecycle-common-jvm-2.9.1.jar (androidx.lifecycle:lifecycle-common-jvm:2.9.1) with IdentityTransform
Transforming lifecycle-common-jvm-2.9.1.jar (androidx.lifecycle:lifecycle-common-jvm:2.9.1) with IdentityTransform
Transforming lifecycle-common-jvm-2.9.1.jar (androidx.lifecycle:lifecycle-common-jvm:2.9.1) with DexingNoClasspathTransform
Transforming media3-ui-1.4.1.aar (androidx.media3:media3-ui:1.4.1) with JetifyTransform
Transforming media3-ui-1.4.1.aar (androidx.media3:media3-ui:1.4.1) with AarToClassTransform
Transforming media3-ui-1.4.1.aar (androidx.media3:media3-ui:1.4.1) with IdentityTransform
Transforming media3-session-1.4.1.aar (androidx.media3:media3-session:1.4.1) with JetifyTransform
Transforming media3-session-1.4.1.aar (androidx.media3:media3-session:1.4.1) with AarToClassTransform
Transforming media3-session-1.4.1.aar (androidx.media3:media3-session:1.4.1) with IdentityTransform
Transforming media3-extractor-1.4.1.aar (androidx.media3:media3-extractor:1.4.1) with JetifyTransform
Transforming media3-extractor-1.4.1.aar (androidx.media3:media3-extractor:1.4.1) with AarToClassTransform
Transforming media3-extractor-1.4.1.aar (androidx.media3:media3-extractor:1.4.1) with IdentityTransform
Transforming media3-container-1.4.1.aar (androidx.media3:media3-container:1.4.1) with JetifyTransform
Transforming media3-container-1.4.1.aar (androidx.media3:media3-container:1.4.1) with AarToClassTransform
Transforming media3-container-1.4.1.aar (androidx.media3:media3-container:1.4.1) with IdentityTransform
Transforming media3-datasource-1.4.1.aar (androidx.media3:media3-datasource:1.4.1) with JetifyTransform
Transforming media3-datasource-1.4.1.aar (androidx.media3:media3-datasource:1.4.1) with AarToClassTransform
Transforming media3-datasource-1.4.1.aar (androidx.media3:media3-datasource:1.4.1) with IdentityTransform
Transforming media3-decoder-1.4.1.aar (androidx.media3:media3-decoder:1.4.1) with JetifyTransform
Transforming media3-decoder-1.4.1.aar (androidx.media3:media3-decoder:1.4.1) with AarToClassTransform
Transforming media3-decoder-1.4.1.aar (androidx.media3:media3-decoder:1.4.1) with IdentityTransform
Transforming media3-database-1.4.1.aar (androidx.media3:media3-database:1.4.1) with JetifyTransform
Transforming media3-database-1.4.1.aar (androidx.media3:media3-database:1.4.1) with AarToClassTransform
Transforming media3-database-1.4.1.aar (androidx.media3:media3-database:1.4.1) with IdentityTransform
Transforming media3-common-1.4.1.aar (androidx.media3:media3-common:1.4.1) with JetifyTransform
Transforming media3-common-1.4.1.aar (androidx.media3:media3-common:1.4.1) with AarToClassTransform
Transforming media3-common-1.4.1.aar (androidx.media3:media3-common:1.4.1) with IdentityTransform
Transforming media3-exoplayer-1.4.1.aar (androidx.media3:media3-exoplayer:1.4.1) with JetifyTransform
Transforming media3-exoplayer-1.4.1.aar (androidx.media3:media3-exoplayer:1.4.1) with AarToClassTransform
Transforming media3-exoplayer-1.4.1.aar (androidx.media3:media3-exoplayer:1.4.1) with IdentityTransform
Transforming coordinatorlayout-1.1.0.aar (androidx.coordinatorlayout:coordinatorlayout:1.1.0) with JetifyTransform
Transforming coordinatorlayout-1.1.0.aar (androidx.coordinatorlayout:coordinatorlayout:1.1.0) with AarToClassTransform
Transforming coordinatorlayout-1.1.0.aar (androidx.coordinatorlayout:coordinatorlayout:1.1.0) with IdentityTransform
Transforming coordinatorlayout-1.1.0.aar (androidx.coordinatorlayout:coordinatorlayout:1.1.0) with JetifyTransform
Transforming coordinatorlayout-1.1.0.aar (androidx.coordinatorlayout:coordinatorlayout:1.1.0) with AarToClassTransform
Transforming coordinatorlayout-1.1.0.aar (androidx.coordinatorlayout:coordinatorlayout:1.1.0) with IdentityTransform
Transforming drawerlayout-1.1.1.aar (androidx.drawerlayout:drawerlayout:1.1.1) with JetifyTransform
Transforming drawerlayout-1.1.1.aar (androidx.drawerlayout:drawerlayout:1.1.1) with AarToClassTransform
Transforming drawerlayout-1.1.1.aar (androidx.drawerlayout:drawerlayout:1.1.1) with IdentityTransform
Transforming drawerlayout-1.1.1.aar (androidx.drawerlayout:drawerlayout:1.1.1) with JetifyTransform
Transforming drawerlayout-1.1.1.aar (androidx.drawerlayout:drawerlayout:1.1.1) with AarToClassTransform
Transforming fragment-1.5.1.aar (androidx.fragment:fragment:1.5.1) with DexingNoClasspathTransform
Transforming drawerlayout-1.1.1.aar (androidx.drawerlayout:drawerlayout:1.1.1) with IdentityTransform
Transforming fragment-1.5.1.aar (androidx.fragment:fragment:1.5.1) with DexingNoClasspathTransform
Transforming material3-release.aar (androidx.compose.material3:material3-android:1.2.1) with DexingNoClasspathTransform
Transforming transition-1.2.0.aar (androidx.transition:transition:1.2.0) with JetifyTransform
Transforming palette-1.0.0.aar (androidx.palette:palette:1.0.0) with DexingNoClasspathTransform
Transforming transition-1.2.0.aar (androidx.transition:transition:1.2.0) with AarToClassTransform
Transforming material3-window-size-class-release.aar (androidx.compose.material3:material3-window-size-class-android:1.2.1) with DexingNoClasspathTransform
Transforming transition-1.2.0.aar (androidx.transition:transition:1.2.0) with IdentityTransform
Transforming vectordrawable-animated-1.1.0.aar (androidx.vectordrawable:vectordrawable-animated:1.1.0) with JetifyTransform
Transforming vectordrawable-animated-1.1.0.aar (androidx.vectordrawable:vectordrawable-animated:1.1.0) with AarToClassTransform
Transforming vectordrawable-animated-1.1.0.aar (androidx.vectordrawable:vectordrawable-animated:1.1.0) with IdentityTransform
Transforming vectordrawable-1.1.0.aar (androidx.vectordrawable:vectordrawable:1.1.0) with JetifyTransform
Transforming vectordrawable-1.1.0.aar (androidx.vectordrawable:vectordrawable:1.1.0) with AarToClassTransform
Transforming vectordrawable-1.1.0.aar (androidx.vectordrawable:vectordrawable:1.1.0) with IdentityTransform
Transforming vectordrawable-1.1.0.aar (androidx.vectordrawable:vectordrawable:1.1.0) with JetifyTransform
Transforming vectordrawable-1.1.0.aar (androidx.vectordrawable:vectordrawable:1.1.0) with AarToClassTransform
Transforming vectordrawable-1.1.0.aar (androidx.vectordrawable:vectordrawable:1.1.0) with IdentityTransform
Transforming recyclerview-1.3.0.aar (androidx.recyclerview:recyclerview:1.3.0) with JetifyTransform
Transforming recyclerview-1.3.0.aar (androidx.recyclerview:recyclerview:1.3.0) with AarToClassTransform
Transforming recyclerview-1.3.0.aar (androidx.recyclerview:recyclerview:1.3.0) with IdentityTransform
Transforming recyclerview-1.3.0.aar (androidx.recyclerview:recyclerview:1.3.0) with JetifyTransform
Transforming recyclerview-1.3.0.aar (androidx.recyclerview:recyclerview:1.3.0) with AarToClassTransform
Transforming recyclerview-1.3.0.aar (androidx.recyclerview:recyclerview:1.3.0) with IdentityTransform
Transforming media-1.7.0.aar (androidx.media:media:1.7.0) with JetifyTransform
Transforming media-1.7.0.aar (androidx.media:media:1.7.0) with AarToClassTransform
Transforming media-1.7.0.aar (androidx.media:media:1.7.0) with IdentityTransform
Transforming media-1.7.0.aar (androidx.media:media:1.7.0) with JetifyTransform
Transforming media-1.7.0.aar (androidx.media:media:1.7.0) with AarToClassTransform
Transforming media-1.7.0.aar (androidx.media:media:1.7.0) with IdentityTransform
Transforming viewpager-1.0.0.aar (androidx.viewpager:viewpager:1.0.0) with JetifyTransform
Transforming viewpager-1.0.0.aar (androidx.viewpager:viewpager:1.0.0) with AarToClassTransform
Transforming viewpager-1.0.0.aar (androidx.viewpager:viewpager:1.0.0) with IdentityTransform
Transforming viewpager-1.0.0.aar (androidx.viewpager:viewpager:1.0.0) with JetifyTransform
Transforming viewpager-1.0.0.aar (androidx.viewpager:viewpager:1.0.0) with AarToClassTransform
Transforming viewpager-1.0.0.aar (androidx.viewpager:viewpager:1.0.0) with IdentityTransform
Transforming window-1.0.0.aar (androidx.window:window:1.0.0) with JetifyTransform
Transforming window-1.0.0.aar (androidx.window:window:1.0.0) with AarToClassTransform
Transforming window-1.0.0.aar (androidx.window:window:1.0.0) with IdentityTransform
Transforming slidingpanelayout-1.0.0.aar (androidx.slidingpanelayout:slidingpanelayout:1.0.0) with JetifyTransform
Transforming slidingpanelayout-1.0.0.aar (androidx.slidingpanelayout:slidingpanelayout:1.0.0) with AarToClassTransform
Transforming slidingpanelayout-1.0.0.aar (androidx.slidingpanelayout:slidingpanelayout:1.0.0) with IdentityTransform
Transforming customview-1.1.0.aar (androidx.customview:customview:1.1.0) with JetifyTransform
Transforming customview-1.1.0.aar (androidx.customview:customview:1.1.0) with AarToClassTransform
Transforming material3-release.aar (androidx.compose.material3:material3-android:1.2.1) with DexingOutputSplitTransform
Transforming material3-window-size-class-release.aar (androidx.compose.material3:material3-window-size-class-android:1.2.1) with DexingOutputSplitTransform
Transforming palette-1.0.0.aar (androidx.palette:palette:1.0.0) with DexingOutputSplitTransform
Transforming fragment-1.5.1.aar (androidx.fragment:fragment:1.5.1) with DexingOutputSplitTransform
Transforming fragment-1.5.1.aar (androidx.fragment:fragment:1.5.1) with DexingOutputSplitTransform
Transforming customview-1.1.0.aar (androidx.customview:customview:1.1.0) with IdentityTransform
Transforming customview-1.1.0.aar (androidx.customview:customview:1.1.0) with JetifyTransform
Transforming customview-1.1.0.aar (androidx.customview:customview:1.1.0) with AarToClassTransform
Transforming customview-1.1.0.aar (androidx.customview:customview:1.1.0) with IdentityTransform
Transforming customview-1.1.0.aar (androidx.customview:customview:1.1.0) with JetifyTransform
Transforming customview-1.1.0.aar (androidx.customview:customview:1.1.0) with AarToClassTransform
Transforming customview-1.1.0.aar (androidx.customview:customview:1.1.0) with IdentityTransform
Transforming customview-1.1.0.aar (androidx.customview:customview:1.1.0) with JetifyTransform
Transforming customview-1.1.0.aar (androidx.customview:customview:1.1.0) with AarToClassTransform
Transforming customview-1.1.0.aar (androidx.customview:customview:1.1.0) with IdentityTransform
Transforming customview-1.1.0.aar (androidx.customview:customview:1.1.0) with JetifyTransform
Transforming customview-1.1.0.aar (androidx.customview:customview:1.1.0) with AarToClassTransform
Transforming customview-1.1.0.aar (androidx.customview:customview:1.1.0) with IdentityTransform
Transforming customview-1.1.0.aar (androidx.customview:customview:1.1.0) with JetifyTransform
Transforming customview-1.1.0.aar (androidx.customview:customview:1.1.0) with AarToClassTransform
Transforming customview-1.1.0.aar (androidx.customview:customview:1.1.0) with IdentityTransform
Transforming swiperefreshlayout-1.0.0.aar (androidx.swiperefreshlayout:swiperefreshlayout:1.0.0) with JetifyTransform
Transforming swiperefreshlayout-1.0.0.aar (androidx.swiperefreshlayout:swiperefreshlayout:1.0.0) with AarToClassTransform
Transforming swiperefreshlayout-1.0.0.aar (androidx.swiperefreshlayout:swiperefreshlayout:1.0.0) with IdentityTransform
Transforming asynclayoutinflater-1.0.0.aar (androidx.asynclayoutinflater:asynclayoutinflater:1.0.0) with JetifyTransform
Transforming asynclayoutinflater-1.0.0.aar (androidx.asynclayoutinflater:asynclayoutinflater:1.0.0) with AarToClassTransform
Transforming asynclayoutinflater-1.0.0.aar (androidx.asynclayoutinflater:asynclayoutinflater:1.0.0) with IdentityTransform
Transforming autofill-1.0.0.aar (androidx.autofill:autofill:1.0.0) with JetifyTransform
Transforming autofill-1.0.0.aar (androidx.autofill:autofill:1.0.0) with AarToClassTransform
Transforming autofill-1.0.0.aar (androidx.autofill:autofill:1.0.0) with IdentityTransform
Transforming customview-poolingcontainer-1.0.0.aar (androidx.customview:customview-poolingcontainer:1.0.0) with JetifyTransform
Transforming customview-poolingcontainer-1.0.0.aar (androidx.customview:customview-poolingcontainer:1.0.0) with AarToClassTransform
Transforming customview-poolingcontainer-1.0.0.aar (androidx.customview:customview-poolingcontainer:1.0.0) with IdentityTransform
Transforming core-ktx-1.13.1.aar (androidx.core:core-ktx:1.13.1) with JetifyTransform
Transforming core-ktx-1.13.1.aar (androidx.core:core-ktx:1.13.1) with AarToClassTransform
Transforming core-ktx-1.13.1.aar (androidx.core:core-ktx:1.13.1) with IdentityTransform
Transforming graphics-path-1.0.1.aar (androidx.graphics:graphics-path:1.0.1) with JetifyTransform
Transforming graphics-path-1.0.1.aar (androidx.graphics:graphics-path:1.0.1) with AarToClassTransform
Transforming graphics-path-1.0.1.aar (androidx.graphics:graphics-path:1.0.1) with IdentityTransform
Transforming core-1.13.1.aar (androidx.core:core:1.13.1) with JetifyTransform
Transforming core-1.13.1.aar (androidx.core:core:1.13.1) with AarToClassTransform
Transforming core-1.13.1.aar (androidx.core:core:1.13.1) with IdentityTransform
Transforming core-1.13.1.aar (androidx.core:core:1.13.1) with JetifyTransform
Transforming core-1.13.1.aar (androidx.core:core:1.13.1) with AarToClassTransform
Transforming core-1.13.1.aar (androidx.core:core:1.13.1) with IdentityTransform
Transforming core-1.13.1.aar (androidx.core:core:1.13.1) with JetifyTransform
Transforming core-1.13.1.aar (androidx.core:core:1.13.1) with AarToClassTransform
Transforming core-1.13.1.aar (androidx.core:core:1.13.1) with IdentityTransform
Transforming core-1.13.1.aar (androidx.core:core:1.13.1) with JetifyTransform
Transforming core-1.13.1.aar (androidx.core:core:1.13.1) with AarToClassTransform
Transforming core-1.13.1.aar (androidx.core:core:1.13.1) with IdentityTransform
Transforming core-1.13.1.aar (androidx.core:core:1.13.1) with JetifyTransform
Transforming core-1.13.1.aar (androidx.core:core:1.13.1) with AarToClassTransform
Transforming core-1.13.1.aar (androidx.core:core:1.13.1) with IdentityTransform
Transforming core-1.13.1.aar (androidx.core:core:1.13.1) with JetifyTransform
Transforming core-1.13.1.aar (androidx.core:core:1.13.1) with AarToClassTransform
Transforming core-1.13.1.aar (androidx.core:core:1.13.1) with IdentityTransform
Transforming core-1.13.1.aar (androidx.core:core:1.13.1) with JetifyTransform
Transforming core-1.13.1.aar (androidx.core:core:1.13.1) with AarToClassTransform
Transforming core-1.13.1.aar (androidx.core:core:1.13.1) with IdentityTransform
Transforming core-1.13.1.aar (androidx.core:core:1.13.1) with JetifyTransform
Transforming core-1.13.1.aar (androidx.core:core:1.13.1) with AarToClassTransform
Transforming core-1.13.1.aar (androidx.core:core:1.13.1) with IdentityTransform
Transforming core-1.13.1.aar (androidx.core:core:1.13.1) with JetifyTransform
Transforming core-1.13.1.aar (androidx.core:core:1.13.1) with AarToClassTransform
Transforming core-1.13.1.aar (androidx.core:core:1.13.1) with IdentityTransform
Transforming core-1.13.1.aar (androidx.core:core:1.13.1) with JetifyTransform
Transforming core-1.13.1.aar (androidx.core:core:1.13.1) with AarToClassTransform
Transforming core-1.13.1.aar (androidx.core:core:1.13.1) with IdentityTransform
Transforming core-1.13.1.aar (androidx.core:core:1.13.1) with JetifyTransform
Transforming core-1.13.1.aar (androidx.core:core:1.13.1) with AarToClassTransform
Transforming core-1.13.1.aar (androidx.core:core:1.13.1) with IdentityTransform
Transforming core-1.13.1.aar (androidx.core:core:1.13.1) with JetifyTransform
Transforming core-1.13.1.aar (androidx.core:core:1.13.1) with AarToClassTransform
Transforming core-1.13.1.aar (androidx.core:core:1.13.1) with IdentityTransform
Transforming core-1.13.1.aar (androidx.core:core:1.13.1) with JetifyTransform
Transforming core-1.13.1.aar (androidx.core:core:1.13.1) with AarToClassTransform
Transforming core-1.13.1.aar (androidx.core:core:1.13.1) with IdentityTransform
Transforming core-1.13.1.aar (androidx.core:core:1.13.1) with JetifyTransform
Transforming core-1.13.1.aar (androidx.core:core:1.13.1) with AarToClassTransform
Transforming core-1.13.1.aar (androidx.core:core:1.13.1) with IdentityTransform
Transforming core-1.13.1.aar (androidx.core:core:1.13.1) with JetifyTransform
Transforming core-1.13.1.aar (androidx.core:core:1.13.1) with AarToClassTransform
Transforming core-1.13.1.aar (androidx.core:core:1.13.1) with IdentityTransform
Transforming core-1.13.1.aar (androidx.core:core:1.13.1) with JetifyTransform
Transforming core-1.13.1.aar (androidx.core:core:1.13.1) with AarToClassTransform
Transforming core-1.13.1.aar (androidx.core:core:1.13.1) with IdentityTransform
Transforming core-1.13.1.aar (androidx.core:core:1.13.1) with JetifyTransform
Transforming core-1.13.1.aar (androidx.core:core:1.13.1) with AarToClassTransform
Transforming core-1.13.1.aar (androidx.core:core:1.13.1) with IdentityTransform
Transforming core-1.13.1.aar (androidx.core:core:1.13.1) with JetifyTransform
Transforming core-1.13.1.aar (androidx.core:core:1.13.1) with AarToClassTransform
Transforming core-1.13.1.aar (androidx.core:core:1.13.1) with IdentityTransform
Transforming core-1.13.1.aar (androidx.core:core:1.13.1) with JetifyTransform
Transforming core-1.13.1.aar (androidx.core:core:1.13.1) with AarToClassTransform
Transforming core-1.13.1.aar (androidx.core:core:1.13.1) with IdentityTransform
Transforming core-1.13.1.aar (androidx.core:core:1.13.1) with JetifyTransform
Transforming core-1.13.1.aar (androidx.core:core:1.13.1) with AarToClassTransform
Transforming core-1.13.1.aar (androidx.core:core:1.13.1) with IdentityTransform
Transforming core-1.13.1.aar (androidx.core:core:1.13.1) with JetifyTransform
Transforming core-1.13.1.aar (androidx.core:core:1.13.1) with AarToClassTransform
Transforming core-1.13.1.aar (androidx.core:core:1.13.1) with IdentityTransform
Transforming lifecycle-runtime-release.aar (androidx.lifecycle:lifecycle-runtime-android:2.9.1) with JetifyTransform
Transforming lifecycle-runtime-release.aar (androidx.lifecycle:lifecycle-runtime-android:2.9.1) with AarToClassTransform
Transforming lifecycle-runtime-release.aar (androidx.lifecycle:lifecycle-runtime-android:2.9.1) with IdentityTransform
Transforming lifecycle-livedata-core-2.9.1.aar (androidx.lifecycle:lifecycle-livedata-core:2.9.1) with JetifyTransform
Transforming lifecycle-livedata-core-2.9.1.aar (androidx.lifecycle:lifecycle-livedata-core:2.9.1) with AarToClassTransform
Transforming lifecycle-livedata-core-2.9.1.aar (androidx.lifecycle:lifecycle-livedata-core:2.9.1) with IdentityTransform
Transforming lifecycle-runtime-compose-release.aar (androidx.lifecycle:lifecycle-runtime-compose-android:2.9.1) with JetifyTransform
Transforming lifecycle-runtime-compose-release.aar (androidx.lifecycle:lifecycle-runtime-compose-android:2.9.1) with AarToClassTransform
Transforming lifecycle-runtime-compose-release.aar (androidx.lifecycle:lifecycle-runtime-compose-android:2.9.1) with IdentityTransform
Transforming lifecycle-viewmodel-compose-release.aar (androidx.lifecycle:lifecycle-viewmodel-compose-android:2.9.1) with JetifyTransform
Transforming lifecycle-viewmodel-compose-release.aar (androidx.lifecycle:lifecycle-viewmodel-compose-android:2.9.1) with AarToClassTransform
Transforming lifecycle-viewmodel-compose-release.aar (androidx.lifecycle:lifecycle-viewmodel-compose-android:2.9.1) with IdentityTransform
Transforming lifecycle-runtime-ktx.aar (androidx.lifecycle:lifecycle-runtime-ktx-android:2.9.1) with JetifyTransform
Transforming lifecycle-runtime-ktx.aar (androidx.lifecycle:lifecycle-runtime-ktx-android:2.9.1) with AarToClassTransform
Transforming lifecycle-runtime-ktx.aar (androidx.lifecycle:lifecycle-runtime-ktx-android:2.9.1) with IdentityTransform
Transforming datastore-preferences-external-protobuf-1.1.7.jar (androidx.datastore:datastore-preferences-external-protobuf:1.1.7) with JetifyTransform
Transforming datastore-preferences-external-protobuf-1.1.7.jar (androidx.datastore:datastore-preferences-external-protobuf:1.1.7) with IdentityTransform
Transforming datastore-preferences-external-protobuf-1.1.7.jar (androidx.datastore:datastore-preferences-external-protobuf:1.1.7) with IdentityTransform
Transforming datastore-preferences-external-protobuf-1.1.7.jar (androidx.datastore:datastore-preferences-external-protobuf:1.1.7) with DexingNoClasspathTransform
Transforming datastore-core-okio-jvm-1.1.7.jar (androidx.datastore:datastore-core-okio-jvm:1.1.7) with JetifyTransform
Transforming datastore-core-okio-jvm-1.1.7.jar (androidx.datastore:datastore-core-okio-jvm:1.1.7) with IdentityTransform
Transforming datastore-core-okio-jvm-1.1.7.jar (androidx.datastore:datastore-core-okio-jvm:1.1.7) with IdentityTransform
Transforming datastore-core-okio-jvm-1.1.7.jar (androidx.datastore:datastore-core-okio-jvm:1.1.7) with DexingNoClasspathTransform
Transforming datastore-core-release.aar (androidx.datastore:datastore-core-android:1.1.7) with JetifyTransform
Transforming datastore-core-release.aar (androidx.datastore:datastore-core-android:1.1.7) with AarToClassTransform
Transforming datastore-core-release.aar (androidx.datastore:datastore-core-android:1.1.7) with IdentityTransform
Transforming datastore-preferences-proto-1.1.7.jar (androidx.datastore:datastore-preferences-proto:1.1.7) with JetifyTransform
Transforming datastore-preferences-proto-1.1.7.jar (androidx.datastore:datastore-preferences-proto:1.1.7) with IdentityTransform
Transforming datastore-preferences-proto-1.1.7.jar (androidx.datastore:datastore-preferences-proto:1.1.7) with IdentityTransform
Transforming datastore-preferences-proto-1.1.7.jar (androidx.datastore:datastore-preferences-proto:1.1.7) with DexingNoClasspathTransform
Transforming datastore-preferences-core-release.aar (androidx.datastore:datastore-preferences-core-android:1.1.7) with JetifyTransform
Transforming datastore-preferences-core-release.aar (androidx.datastore:datastore-preferences-core-android:1.1.7) with AarToClassTransform
Transforming datastore-preferences-core-release.aar (androidx.datastore:datastore-preferences-core-android:1.1.7) with IdentityTransform
Transforming datastore-release.aar (androidx.datastore:datastore-android:1.1.7) with JetifyTransform
Transforming datastore-release.aar (androidx.datastore:datastore-android:1.1.7) with AarToClassTransform
Transforming datastore-release.aar (androidx.datastore:datastore-android:1.1.7) with IdentityTransform
Transforming datastore-preferences-release.aar (androidx.datastore:datastore-preferences-android:1.1.7) with JetifyTransform
Transforming datastore-preferences-release.aar (androidx.datastore:datastore-preferences-android:1.1.7) with AarToClassTransform
Transforming datastore-preferences-release.aar (androidx.datastore:datastore-preferences-android:1.1.7) with IdentityTransform
Transforming kotlin-parcelize-runtime-1.9.25.jar (org.jetbrains.kotlin:kotlin-parcelize-runtime:1.9.25) with JetifyTransform
Transforming kotlin-parcelize-runtime-1.9.25.jar (org.jetbrains.kotlin:kotlin-parcelize-runtime:1.9.25) with IdentityTransform
Transforming kotlin-parcelize-runtime-1.9.25.jar (org.jetbrains.kotlin:kotlin-parcelize-runtime:1.9.25) with IdentityTransform
Transforming kotlin-parcelize-runtime-1.9.25.jar (org.jetbrains.kotlin:kotlin-parcelize-runtime:1.9.25) with DexingNoClasspathTransform
Transforming logging-interceptor-4.12.0.jar (com.squareup.okhttp3:logging-interceptor:4.12.0) with JetifyTransform
Transforming logging-interceptor-4.12.0.jar (com.squareup.okhttp3:logging-interceptor:4.12.0) with IdentityTransform
Transforming logging-interceptor-4.12.0.jar (com.squareup.okhttp3:logging-interceptor:4.12.0) with IdentityTransform
Transforming logging-interceptor-4.12.0.jar (com.squareup.okhttp3:logging-interceptor:4.12.0) with DexingNoClasspathTransform
Transforming converter-gson-2.11.0.jar (com.squareup.retrofit2:converter-gson:2.11.0) with JetifyTransform
Transforming converter-gson-2.11.0.jar (com.squareup.retrofit2:converter-gson:2.11.0) with IdentityTransform
Transforming converter-gson-2.11.0.jar (com.squareup.retrofit2:converter-gson:2.11.0) with IdentityTransform
Transforming converter-gson-2.11.0.jar (com.squareup.retrofit2:converter-gson:2.11.0) with DexingNoClasspathTransform
Transforming retrofit-2.11.0.jar (com.squareup.retrofit2:retrofit:2.11.0) with JetifyTransform
Transforming retrofit-2.11.0.jar (com.squareup.retrofit2:retrofit:2.11.0) with IdentityTransform
Transforming retrofit-2.11.0.jar (com.squareup.retrofit2:retrofit:2.11.0) with IdentityTransform
Transforming retrofit-2.11.0.jar (com.squareup.retrofit2:retrofit:2.11.0) with DexingNoClasspathTransform
Transforming okhttp-4.12.0.jar (com.squareup.okhttp3:okhttp:4.12.0) with JetifyTransform
Transforming legacy-support-core-utils-1.0.0.aar (androidx.legacy:legacy-support-core-utils:1.0.0) with DexingNoClasspathTransform
Transforming okhttp-4.12.0.jar (com.squareup.okhttp3:okhttp:4.12.0) with IdentityTransform
Transforming dynamicanimation-1.0.0.aar (androidx.dynamicanimation:dynamicanimation:1.0.0) with DexingNoClasspathTransform
Transforming okhttp-4.12.0.jar (com.squareup.okhttp3:okhttp:4.12.0) with IdentityTransform
Transforming okhttp-4.12.0.jar (com.squareup.okhttp3:okhttp:4.12.0) with DexingNoClasspathTransform
Transforming kotlin-stdlib-jdk8-1.9.25.jar (org.jetbrains.kotlin:kotlin-stdlib-jdk8:1.9.25) with JetifyTransform
Transforming kotlin-stdlib-jdk8-1.9.25.jar (org.jetbrains.kotlin:kotlin-stdlib-jdk8:1.9.25) with IdentityTransform
Transforming kotlin-stdlib-jdk8-1.9.25.jar (org.jetbrains.kotlin:kotlin-stdlib-jdk8:1.9.25) with IdentityTransform
Transforming kotlin-stdlib-jdk8-1.9.25.jar (org.jetbrains.kotlin:kotlin-stdlib-jdk8:1.9.25) with DexingNoClasspathTransform
Transforming runtime-saveable-release.aar (androidx.compose.runtime:runtime-saveable-android:1.7.8) with JetifyTransform
Transforming runtime-saveable-release.aar (androidx.compose.runtime:runtime-saveable-android:1.7.8) with AarToClassTransform
Transforming runtime-saveable-release.aar (androidx.compose.runtime:runtime-saveable-android:1.7.8) with IdentityTransform
Transforming runtime-release.aar (androidx.compose.runtime:runtime-android:1.7.8) with JetifyTransform
Transforming runtime-release.aar (androidx.compose.runtime:runtime-android:1.7.8) with AarToClassTransform
Transforming runtime-release.aar (androidx.compose.runtime:runtime-android:1.7.8) with IdentityTransform
Transforming annotation-experimental-1.4.1.aar (androidx.annotation:annotation-experimental:1.4.1) with JetifyTransform
Transforming annotation-experimental-1.4.1.aar (androidx.annotation:annotation-experimental:1.4.1) with AarToClassTransform
Transforming annotation-experimental-1.4.1.aar (androidx.annotation:annotation-experimental:1.4.1) with IdentityTransform
Transforming kotlin-android-extensions-runtime-1.9.25.jar (org.jetbrains.kotlin:kotlin-android-extensions-runtime:1.9.25) with JetifyTransform
Transforming kotlin-android-extensions-runtime-1.9.25.jar (org.jetbrains.kotlin:kotlin-android-extensions-runtime:1.9.25) with IdentityTransform
Transforming kotlin-android-extensions-runtime-1.9.25.jar (org.jetbrains.kotlin:kotlin-android-extensions-runtime:1.9.25) with IdentityTransform
Transforming legacy-support-core-ui-1.0.0.aar (androidx.legacy:legacy-support-core-ui:1.0.0) with DexingNoClasspathTransform
Transforming kotlin-android-extensions-runtime-1.9.25.jar (org.jetbrains.kotlin:kotlin-android-extensions-runtime:1.9.25) with DexingNoClasspathTransform
Transforming loader-1.0.0.aar (androidx.loader:loader:1.0.0) with DexingNoClasspathTransform
Transforming kotlin-stdlib-jdk7-1.9.25.jar (org.jetbrains.kotlin:kotlin-stdlib-jdk7:1.9.25) with JetifyTransform
Transforming kotlin-stdlib-jdk7-1.9.25.jar (org.jetbrains.kotlin:kotlin-stdlib-jdk7:1.9.25) with IdentityTransform
Transforming kotlin-stdlib-jdk7-1.9.25.jar (org.jetbrains.kotlin:kotlin-stdlib-jdk7:1.9.25) with IdentityTransform
Transforming kotlin-stdlib-jdk7-1.9.25.jar (org.jetbrains.kotlin:kotlin-stdlib-jdk7:1.9.25) with DexingNoClasspathTransform
Transforming kotlinx-serialization-core-jvm-1.7.3.jar (org.jetbrains.kotlinx:kotlinx-serialization-core-jvm:1.7.3) with JetifyTransform
Transforming kotlinx-serialization-core-jvm-1.7.3.jar (org.jetbrains.kotlinx:kotlinx-serialization-core-jvm:1.7.3) with IdentityTransform
Transforming kotlinx-serialization-core-jvm-1.7.3.jar (org.jetbrains.kotlinx:kotlinx-serialization-core-jvm:1.7.3) with IdentityTransform
Transforming kotlinx-serialization-core-jvm-1.7.3.jar (org.jetbrains.kotlinx:kotlinx-serialization-core-jvm:1.7.3) with DexingNoClasspathTransform
Transforming sqlite-framework-release.aar (androidx.sqlite:sqlite-framework-android:2.5.1) with JetifyTransform
Transforming sqlite-framework-release.aar (androidx.sqlite:sqlite-framework-android:2.5.1) with AarToClassTransform
Transforming sqlite-framework-release.aar (androidx.sqlite:sqlite-framework-android:2.5.1) with IdentityTransform
Transforming sqlite-release.aar (androidx.sqlite:sqlite-android:2.5.1) with JetifyTransform
Transforming sqlite-release.aar (androidx.sqlite:sqlite-android:2.5.1) with AarToClassTransform
Transforming sqlite-release.aar (androidx.sqlite:sqlite-android:2.5.1) with IdentityTransform
Transforming kotlinx-coroutines-core-jvm-1.8.1.jar (org.jetbrains.kotlinx:kotlinx-coroutines-core-jvm:1.8.1) with JetifyTransform
Transforming kotlinx-coroutines-core-jvm-1.8.1.jar (org.jetbrains.kotlinx:kotlinx-coroutines-core-jvm:1.8.1) with IdentityTransform
Transforming kotlinx-coroutines-core-jvm-1.8.1.jar (org.jetbrains.kotlinx:kotlinx-coroutines-core-jvm:1.8.1) with IdentityTransform
Transforming kotlinx-coroutines-core-jvm-1.8.1.jar (org.jetbrains.kotlinx:kotlinx-coroutines-core-jvm:1.8.1) with DexingNoClasspathTransform
Transforming legacy-support-core-utils-1.0.0.aar (androidx.legacy:legacy-support-core-utils:1.0.0) with DexingOutputSplitTransform
Transforming loader-1.0.0.aar (androidx.loader:loader:1.0.0) with DexingNoClasspathTransform
Transforming kotlinx-coroutines-android-1.8.1.jar (org.jetbrains.kotlinx:kotlinx-coroutines-android:1.8.1) with JetifyTransform
Transforming kotlinx-coroutines-android-1.8.1.jar (org.jetbrains.kotlinx:kotlinx-coroutines-android:1.8.1) with IdentityTransform
Transforming kotlinx-coroutines-android-1.8.1.jar (org.jetbrains.kotlinx:kotlinx-coroutines-android:1.8.1) with IdentityTransform
Transforming kotlinx-coroutines-android-1.8.1.jar (org.jetbrains.kotlinx:kotlinx-coroutines-android:1.8.1) with DexingNoClasspathTransform
Transforming core-viewtree-1.0.0.aar (androidx.core:core-viewtree:1.0.0) with JetifyTransform
Transforming core-viewtree-1.0.0.aar (androidx.core:core-viewtree:1.0.0) with AarToClassTransform
Transforming core-viewtree-1.0.0.aar (androidx.core:core-viewtree:1.0.0) with IdentityTransform
Transforming dynamicanimation-1.0.0.aar (androidx.dynamicanimation:dynamicanimation:1.0.0) with DexingOutputSplitTransform
Transforming documentfile-1.0.1.aar (androidx.documentfile:documentfile:1.0.1) with JetifyTransform
Transforming documentfile-1.0.1.aar (androidx.documentfile:documentfile:1.0.1) with AarToClassTransform
Transforming documentfile-1.0.1.aar (androidx.documentfile:documentfile:1.0.1) with IdentityTransform
Transforming documentfile-1.0.1.aar (androidx.documentfile:documentfile:1.0.1) with JetifyTransform
Transforming documentfile-1.0.1.aar (androidx.documentfile:documentfile:1.0.1) with AarToClassTransform
Transforming documentfile-1.0.1.aar (androidx.documentfile:documentfile:1.0.1) with IdentityTransform
Transforming cardview-1.0.0.aar (androidx.cardview:cardview:1.0.0) with JetifyTransform
Transforming cardview-1.0.0.aar (androidx.cardview:cardview:1.0.0) with AarToClassTransform
Transforming cardview-1.0.0.aar (androidx.cardview:cardview:1.0.0) with IdentityTransform
Transforming resourceinspection-annotation-1.0.1.jar (androidx.resourceinspection:resourceinspection-annotation:1.0.1) with JetifyTransform
Transforming resourceinspection-annotation-1.0.1.jar (androidx.resourceinspection:resourceinspection-annotation:1.0.1) with IdentityTransform
Transforming legacy-support-core-ui-1.0.0.aar (androidx.legacy:legacy-support-core-ui:1.0.0) with DexingOutputSplitTransform
Transforming resourceinspection-annotation-1.0.1.jar (androidx.resourceinspection:resourceinspection-annotation:1.0.1) with IdentityTransform
Transforming resourceinspection-annotation-1.0.1.jar (androidx.resourceinspection:resourceinspection-annotation:1.0.1) with DexingNoClasspathTransform
Transforming core-runtime-2.2.0.aar (androidx.arch.core:core-runtime:2.2.0) with JetifyTransform
Transforming core-runtime-2.2.0.aar (androidx.arch.core:core-runtime:2.2.0) with AarToClassTransform
Transforming core-runtime-2.2.0.aar (androidx.arch.core:core-runtime:2.2.0) with IdentityTransform
Transforming cursoradapter-1.0.0.aar (androidx.cursoradapter:cursoradapter:1.0.0) with JetifyTransform
Transforming cursoradapter-1.0.0.aar (androidx.cursoradapter:cursoradapter:1.0.0) with AarToClassTransform
Transforming cursoradapter-1.0.0.aar (androidx.cursoradapter:cursoradapter:1.0.0) with IdentityTransform
Transforming cursoradapter-1.0.0.aar (androidx.cursoradapter:cursoradapter:1.0.0) with JetifyTransform
Transforming cursoradapter-1.0.0.aar (androidx.cursoradapter:cursoradapter:1.0.0) with AarToClassTransform
Transforming loader-1.0.0.aar (androidx.loader:loader:1.0.0) with DexingOutputSplitTransform
Transforming cursoradapter-1.0.0.aar (androidx.cursoradapter:cursoradapter:1.0.0) with IdentityTransform
Transforming gifdecoder-4.15.1.aar (com.github.bumptech.glide:gifdecoder:4.15.1) with JetifyTransform
Transforming gifdecoder-4.15.1.aar (com.github.bumptech.glide:gifdecoder:4.15.1) with AarToClassTransform
Transforming gifdecoder-4.15.1.aar (com.github.bumptech.glide:gifdecoder:4.15.1) with IdentityTransform
Transforming profileinstaller-1.4.0.aar (androidx.profileinstaller:profileinstaller:1.4.0) with JetifyTransform
Transforming profileinstaller-1.4.0.aar (androidx.profileinstaller:profileinstaller:1.4.0) with AarToClassTransform
Transforming profileinstaller-1.4.0.aar (androidx.profileinstaller:profileinstaller:1.4.0) with IdentityTransform
Transforming startup-runtime-1.1.1.aar (androidx.startup:startup-runtime:1.1.1) with JetifyTransform
Transforming startup-runtime-1.1.1.aar (androidx.startup:startup-runtime:1.1.1) with AarToClassTransform
Transforming startup-runtime-1.1.1.aar (androidx.startup:startup-runtime:1.1.1) with IdentityTransform
Transforming tracing-1.0.0.aar (androidx.tracing:tracing:1.0.0) with JetifyTransform
Transforming tracing-1.0.0.aar (androidx.tracing:tracing:1.0.0) with AarToClassTransform
Transforming tracing-1.0.0.aar (androidx.tracing:tracing:1.0.0) with IdentityTransform
Transforming loader-1.0.0.aar (androidx.loader:loader:1.0.0) with DexingOutputSplitTransform
Transforming core-common-2.2.0.jar (androidx.arch.core:core-common:2.2.0) with JetifyTransform
Transforming core-common-2.2.0.jar (androidx.arch.core:core-common:2.2.0) with IdentityTransform
Transforming core-common-2.2.0.jar (androidx.arch.core:core-common:2.2.0) with IdentityTransform
Transforming core-common-2.2.0.jar (androidx.arch.core:core-common:2.2.0) with DexingNoClasspathTransform
Transforming localbroadcastmanager-1.0.0.aar (androidx.localbroadcastmanager:localbroadcastmanager:1.0.0) with JetifyTransform
Transforming localbroadcastmanager-1.0.0.aar (androidx.localbroadcastmanager:localbroadcastmanager:1.0.0) with AarToClassTransform
Transforming localbroadcastmanager-1.0.0.aar (androidx.localbroadcastmanager:localbroadcastmanager:1.0.0) with IdentityTransform
Transforming print-1.0.0.aar (androidx.print:print:1.0.0) with JetifyTransform
Transforming print-1.0.0.aar (androidx.print:print:1.0.0) with AarToClassTransform
Transforming print-1.0.0.aar (androidx.print:print:1.0.0) with IdentityTransform
Transforming interpolator-1.0.0.aar (androidx.interpolator:interpolator:1.0.0) with JetifyTransform
Transforming interpolator-1.0.0.aar (androidx.interpolator:interpolator:1.0.0) with AarToClassTransform
Transforming interpolator-1.0.0.aar (androidx.interpolator:interpolator:1.0.0) with IdentityTransform
Transforming interpolator-1.0.0.aar (androidx.interpolator:interpolator:1.0.0) with JetifyTransform
Transforming interpolator-1.0.0.aar (androidx.interpolator:interpolator:1.0.0) with AarToClassTransform
Transforming interpolator-1.0.0.aar (androidx.interpolator:interpolator:1.0.0) with IdentityTransform
Transforming interpolator-1.0.0.aar (androidx.interpolator:interpolator:1.0.0) with JetifyTransform
Transforming interpolator-1.0.0.aar (androidx.interpolator:interpolator:1.0.0) with AarToClassTransform
Transforming interpolator-1.0.0.aar (androidx.interpolator:interpolator:1.0.0) with IdentityTransform
Transforming interpolator-1.0.0.aar (androidx.interpolator:interpolator:1.0.0) with JetifyTransform
Transforming interpolator-1.0.0.aar (androidx.interpolator:interpolator:1.0.0) with AarToClassTransform
Transforming interpolator-1.0.0.aar (androidx.interpolator:interpolator:1.0.0) with IdentityTransform
Transforming constraintlayout-compose-1.0.1.aar (androidx.constraintlayout:constraintlayout-compose:1.0.1) with DexingNoClasspathTransform
Transforming transport-backend-cct-2.3.3.aar (com.google.android.datatransport:transport-backend-cct:2.3.3) with JetifyTransform
Transforming transport-backend-cct-2.3.3.aar (com.google.android.datatransport:transport-backend-cct:2.3.3) with AarToClassTransform
Transforming transport-backend-cct-2.3.3.aar (com.google.android.datatransport:transport-backend-cct:2.3.3) with IdentityTransform
Transforming transport-backend-cct-2.3.3.aar (com.google.android.datatransport:transport-backend-cct:2.3.3) with JetifyTransform
Transforming accompanist-systemuicontroller-0.34.0.aar (com.google.accompanist:accompanist-systemuicontroller:0.34.0) with DexingNoClasspathTransform
Transforming accompanist-adaptive-0.34.0.aar (com.google.accompanist:accompanist-adaptive:0.34.0) with DexingNoClasspathTransform
Transforming transport-backend-cct-2.3.3.aar (com.google.android.datatransport:transport-backend-cct:2.3.3) with AarToClassTransform
Transforming transport-backend-cct-2.3.3.aar (com.google.android.datatransport:transport-backend-cct:2.3.3) with IdentityTransform
Transforming accompanist-permissions-0.37.3.aar (com.google.accompanist:accompanist-permissions:0.37.3) with DexingNoClasspathTransform
Transforming material-ripple-release.aar (androidx.compose.material:material-ripple-android:1.6.8) with DexingNoClasspathTransform
Transforming accompanist-adaptive-0.34.0.aar (com.google.accompanist:accompanist-adaptive:0.34.0) with DexingOutputSplitTransform
Transforming accompanist-systemuicontroller-0.34.0.aar (com.google.accompanist:accompanist-systemuicontroller:0.34.0) with DexingOutputSplitTransform
Transforming ui-tooling-data-release.aar (androidx.compose.ui:ui-tooling-data-android:1.7.8) with DexingNoClasspathTransform
Transforming constraintlayout-compose-1.0.1.aar (androidx.constraintlayout:constraintlayout-compose:1.0.1) with DexingOutputSplitTransform
Transforming accompanist-drawablepainter-0.32.0.aar (com.google.accompanist:accompanist-drawablepainter:0.32.0) with DexingNoClasspathTransform
Transforming transport-backend-cct-2.3.3.aar (com.google.android.datatransport:transport-backend-cct:2.3.3) with JetifyTransform
Transforming transport-backend-cct-2.3.3.aar (com.google.android.datatransport:transport-backend-cct:2.3.3) with AarToClassTransform
Transforming transport-backend-cct-2.3.3.aar (com.google.android.datatransport:transport-backend-cct:2.3.3) with IdentityTransform
Transforming transport-runtime-2.2.6.aar (com.google.android.datatransport:transport-runtime:2.2.6) with JetifyTransform
Transforming transport-runtime-2.2.6.aar (com.google.android.datatransport:transport-runtime:2.2.6) with AarToClassTransform
Transforming transport-runtime-2.2.6.aar (com.google.android.datatransport:transport-runtime:2.2.6) with IdentityTransform
Transforming transport-runtime-2.2.6.aar (com.google.android.datatransport:transport-runtime:2.2.6) with JetifyTransform
Transforming transport-runtime-2.2.6.aar (com.google.android.datatransport:transport-runtime:2.2.6) with AarToClassTransform
Transforming transport-runtime-2.2.6.aar (com.google.android.datatransport:transport-runtime:2.2.6) with IdentityTransform
Transforming transport-runtime-2.2.6.aar (com.google.android.datatransport:transport-runtime:2.2.6) with JetifyTransform
Transforming transport-runtime-2.2.6.aar (com.google.android.datatransport:transport-runtime:2.2.6) with AarToClassTransform
Transforming transport-runtime-2.2.6.aar (com.google.android.datatransport:transport-runtime:2.2.6) with IdentityTransform
Transforming transport-runtime-2.2.6.aar (com.google.android.datatransport:transport-runtime:2.2.6) with JetifyTransform
Transforming transport-runtime-2.2.6.aar (com.google.android.datatransport:transport-runtime:2.2.6) with AarToClassTransform
Transforming transport-runtime-2.2.6.aar (com.google.android.datatransport:transport-runtime:2.2.6) with IdentityTransform
Transforming transport-api-2.2.1.aar (com.google.android.datatransport:transport-api:2.2.1) with JetifyTransform
Transforming transport-api-2.2.1.aar (com.google.android.datatransport:transport-api:2.2.1) with AarToClassTransform
Transforming transport-api-2.2.1.aar (com.google.android.datatransport:transport-api:2.2.1) with IdentityTransform
Transforming transport-api-2.2.1.aar (com.google.android.datatransport:transport-api:2.2.1) with JetifyTransform
Transforming transport-api-2.2.1.aar (com.google.android.datatransport:transport-api:2.2.1) with AarToClassTransform
Transforming transport-api-2.2.1.aar (com.google.android.datatransport:transport-api:2.2.1) with IdentityTransform
Transforming transport-api-2.2.1.aar (com.google.android.datatransport:transport-api:2.2.1) with JetifyTransform
Transforming transport-api-2.2.1.aar (com.google.android.datatransport:transport-api:2.2.1) with AarToClassTransform
Transforming transport-api-2.2.1.aar (com.google.android.datatransport:transport-api:2.2.1) with IdentityTransform
Transforming transport-api-2.2.1.aar (com.google.android.datatransport:transport-api:2.2.1) with JetifyTransform
Transforming transport-api-2.2.1.aar (com.google.android.datatransport:transport-api:2.2.1) with AarToClassTransform
Transforming transport-api-2.2.1.aar (com.google.android.datatransport:transport-api:2.2.1) with IdentityTransform
Transforming transport-api-2.2.1.aar (com.google.android.datatransport:transport-api:2.2.1) with JetifyTransform
Transforming transport-api-2.2.1.aar (com.google.android.datatransport:transport-api:2.2.1) with AarToClassTransform
Transforming transport-api-2.2.1.aar (com.google.android.datatransport:transport-api:2.2.1) with IdentityTransform
Transforming firebase-components-16.1.0.aar (com.google.firebase:firebase-components:16.1.0) with JetifyTransform
Transforming firebase-components-16.1.0.aar (com.google.firebase:firebase-components:16.1.0) with AarToClassTransform
Transforming firebase-components-16.1.0.aar (com.google.firebase:firebase-components:16.1.0) with IdentityTransform
Transforming material-ripple-release.aar (androidx.compose.material:material-ripple-android:1.6.8) with DexingOutputSplitTransform
Transforming firebase-components-16.1.0.aar (com.google.firebase:firebase-components:16.1.0) with JetifyTransform
Transforming accompanist-drawablepainter-0.32.0.aar (com.google.accompanist:accompanist-drawablepainter:0.32.0) with DexingOutputSplitTransform
Transforming firebase-components-16.1.0.aar (com.google.firebase:firebase-components:16.1.0) with AarToClassTransform
Transforming firebase-components-16.1.0.aar (com.google.firebase:firebase-components:16.1.0) with IdentityTransform
Transforming firebase-components-16.1.0.aar (com.google.firebase:firebase-components:16.1.0) with JetifyTransform
Transforming firebase-components-16.1.0.aar (com.google.firebase:firebase-components:16.1.0) with AarToClassTransform
Transforming firebase-components-16.1.0.aar (com.google.firebase:firebase-components:16.1.0) with IdentityTransform
Transforming firebase-encoders-json-17.1.0.aar (com.google.firebase:firebase-encoders-json:17.1.0) with JetifyTransform
Transforming firebase-encoders-json-17.1.0.aar (com.google.firebase:firebase-encoders-json:17.1.0) with AarToClassTransform
Transforming firebase-encoders-json-17.1.0.aar (com.google.firebase:firebase-encoders-json:17.1.0) with IdentityTransform
Transforming firebase-encoders-json-17.1.0.aar (com.google.firebase:firebase-encoders-json:17.1.0) with JetifyTransform
Transforming firebase-encoders-json-17.1.0.aar (com.google.firebase:firebase-encoders-json:17.1.0) with AarToClassTransform
Transforming animation-core-release.aar (androidx.compose.animation:animation-core-android:1.7.8) with DexingNoClasspathTransform
Transforming animation-release.aar (androidx.compose.animation:animation-android:1.7.8) with DexingNoClasspathTransform
Transforming ui-tooling-data-release.aar (androidx.compose.ui:ui-tooling-data-android:1.7.8) with DexingOutputSplitTransform
Transforming accompanist-permissions-0.37.3.aar (com.google.accompanist:accompanist-permissions:0.37.3) with DexingOutputSplitTransform
Transforming foundation-layout-release.aar (androidx.compose.foundation:foundation-layout-android:1.7.8) with DexingNoClasspathTransform
Transforming foundation-release.aar (androidx.compose.foundation:foundation-android:1.7.8) with DexingNoClasspathTransform
Transforming foundation-layout-release.aar (androidx.compose.foundation:foundation-layout-android:1.7.8) with DexingOutputSplitTransform
Transforming ui-tooling-preview-release.aar (androidx.compose.ui:ui-tooling-preview-android:1.7.8) with DexingNoClasspathTransform
Transforming foundation-release.aar (androidx.compose.foundation:foundation-android:1.7.8) with DexingOutputSplitTransform
Transforming animation-core-release.aar (androidx.compose.animation:animation-core-android:1.7.8) with DexingOutputSplitTransform
Transforming ui-tooling-preview-release.aar (androidx.compose.ui:ui-tooling-preview-android:1.7.8) with DexingOutputSplitTransform
Transforming ui-unit-release.aar (androidx.compose.ui:ui-unit-android:1.7.8) with DexingNoClasspathTransform
Transforming ui-util-release.aar (androidx.compose.ui:ui-util-android:1.7.8) with DexingNoClasspathTransform
Transforming ui-text-release.aar (androidx.compose.ui:ui-text-android:1.7.8) with DexingNoClasspathTransform
Transforming ui-unit-release.aar (androidx.compose.ui:ui-unit-android:1.7.8) with DexingOutputSplitTransform
Transforming ui-test-manifest-1.7.8.aar (androidx.compose.ui:ui-test-manifest:1.7.8) with DexingNoClasspathTransform
Transforming ui-geometry-release.aar (androidx.compose.ui:ui-geometry-android:1.7.8) with DexingNoClasspathTransform
Transforming ui-graphics-release.aar (androidx.compose.ui:ui-graphics-android:1.7.8) with DexingNoClasspathTransform
Transforming ui-util-release.aar (androidx.compose.ui:ui-util-android:1.7.8) with DexingOutputSplitTransform
Transforming ui-tooling-release.aar (androidx.compose.ui:ui-tooling-android:1.7.8) with DexingNoClasspathTransform
Transforming firebase-encoders-json-17.1.0.aar (com.google.firebase:firebase-encoders-json:17.1.0) with IdentityTransform
Transforming ui-text-release.aar (androidx.compose.ui:ui-text-android:1.7.8) with DexingOutputSplitTransform
Transforming ui-test-manifest-1.7.8.aar (androidx.compose.ui:ui-test-manifest:1.7.8) with DexingOutputSplitTransform
Transforming firebase-encoders-json-17.1.0.aar (com.google.firebase:firebase-encoders-json:17.1.0) with JetifyTransform
Transforming firebase-encoders-json-17.1.0.aar (com.google.firebase:firebase-encoders-json:17.1.0) with AarToClassTransform
Transforming firebase-encoders-json-17.1.0.aar (com.google.firebase:firebase-encoders-json:17.1.0) with IdentityTransform
Transforming ui-geometry-release.aar (androidx.compose.ui:ui-geometry-android:1.7.8) with DexingOutputSplitTransform
Transforming ui-graphics-release.aar (androidx.compose.ui:ui-graphics-android:1.7.8) with DexingOutputSplitTransform
Transforming firebase-encoders-json-17.1.0.aar (com.google.firebase:firebase-encoders-json:17.1.0) with JetifyTransform
Transforming firebase-encoders-json-17.1.0.aar (com.google.firebase:firebase-encoders-json:17.1.0) with AarToClassTransform
Transforming firebase-encoders-json-17.1.0.aar (com.google.firebase:firebase-encoders-json:17.1.0) with IdentityTransform
Transforming firebase-encoders-16.1.0.jar (com.google.firebase:firebase-encoders:16.1.0) with JetifyTransform
Transforming firebase-encoders-16.1.0.jar (com.google.firebase:firebase-encoders:16.1.0) with IdentityTransform
Transforming firebase-encoders-16.1.0.jar (com.google.firebase:firebase-encoders:16.1.0) with IdentityTransform
Transforming firebase-encoders-16.1.0.jar (com.google.firebase:firebase-encoders:16.1.0) with DexingNoClasspathTransform
Transforming exifinterface-1.3.7.aar (androidx.exifinterface:exifinterface:1.3.7) with JetifyTransform
Transforming exifinterface-1.3.7.aar (androidx.exifinterface:exifinterface:1.3.7) with AarToClassTransform
Transforming exifinterface-1.3.7.aar (androidx.exifinterface:exifinterface:1.3.7) with IdentityTransform
Transforming exifinterface-1.3.7.aar (androidx.exifinterface:exifinterface:1.3.7) with JetifyTransform
Transforming exifinterface-1.3.7.aar (androidx.exifinterface:exifinterface:1.3.7) with AarToClassTransform
Transforming exifinterface-1.3.7.aar (androidx.exifinterface:exifinterface:1.3.7) with IdentityTransform
Transforming material-release.aar (androidx.compose.material:material-android:1.6.8) with DexingNoClasspathTransform
Transforming concurrent-futures-1.1.0.jar (androidx.concurrent:concurrent-futures:1.1.0) with JetifyTransform
Transforming concurrent-futures-1.1.0.jar (androidx.concurrent:concurrent-futures:1.1.0) with IdentityTransform
Transforming ui-tooling-release.aar (androidx.compose.ui:ui-tooling-android:1.7.8) with DexingOutputSplitTransform
Transforming concurrent-futures-1.1.0.jar (androidx.concurrent:concurrent-futures:1.1.0) with IdentityTransform
Transforming concurrent-futures-1.1.0.jar (androidx.concurrent:concurrent-futures:1.1.0) with DexingNoClasspathTransform
Transforming collection-ktx-1.4.4.jar (androidx.collection:collection-ktx:1.4.4) with JetifyTransform
Transforming collection-ktx-1.4.4.jar (androidx.collection:collection-ktx:1.4.4) with IdentityTransform
Transforming collection-ktx-1.4.4.jar (androidx.collection:collection-ktx:1.4.4) with IdentityTransform
Transforming collection-ktx-1.4.4.jar (androidx.collection:collection-ktx:1.4.4) with DexingNoClasspathTransform
Transforming versionedparcelable-1.1.1.aar (androidx.versionedparcelable:versionedparcelable:1.1.1) with JetifyTransform
Transforming versionedparcelable-1.1.1.aar (androidx.versionedparcelable:versionedparcelable:1.1.1) with AarToClassTransform
Transforming versionedparcelable-1.1.1.aar (androidx.versionedparcelable:versionedparcelable:1.1.1) with IdentityTransform
Transforming collection-jvm-1.4.4.jar (androidx.collection:collection-jvm:1.4.4) with JetifyTransform
Transforming collection-jvm-1.4.4.jar (androidx.collection:collection-jvm:1.4.4) with IdentityTransform
Transforming collection-jvm-1.4.4.jar (androidx.collection:collection-jvm:1.4.4) with IdentityTransform
Transforming collection-jvm-1.4.4.jar (androidx.collection:collection-jvm:1.4.4) with DexingNoClasspathTransform
Transforming annotation-jvm-1.9.1.jar (androidx.annotation:annotation-jvm:1.9.1) with JetifyTransform
Transforming annotation-jvm-1.9.1.jar (androidx.annotation:annotation-jvm:1.9.1) with IdentityTransform
Transforming annotation-jvm-1.9.1.jar (androidx.annotation:annotation-jvm:1.9.1) with IdentityTransform
Transforming annotation-jvm-1.9.1.jar (androidx.annotation:annotation-jvm:1.9.1) with DexingNoClasspathTransform
Transforming okio-jvm-3.9.0.jar (com.squareup.okio:okio-jvm:3.9.0) with JetifyTransform
Transforming okio-jvm-3.9.0.jar (com.squareup.okio:okio-jvm:3.9.0) with IdentityTransform
Transforming okio-jvm-3.9.0.jar (com.squareup.okio:okio-jvm:3.9.0) with IdentityTransform
Transforming okio-jvm-3.9.0.jar (com.squareup.okio:okio-jvm:3.9.0) with DexingNoClasspathTransform
Transforming kotlin-stdlib-1.9.25.jar (org.jetbrains.kotlin:kotlin-stdlib:1.9.25) with JetifyTransform
Transforming kotlin-stdlib-1.9.25.jar (org.jetbrains.kotlin:kotlin-stdlib:1.9.25) with IdentityTransform
Transforming kotlin-stdlib-1.9.25.jar (org.jetbrains.kotlin:kotlin-stdlib:1.9.25) with IdentityTransform
Transforming kotlin-stdlib-1.9.25.jar (org.jetbrains.kotlin:kotlin-stdlib:1.9.25) with DexingNoClasspathTransform
Transforming gson-2.11.0.jar (com.google.code.gson:gson:2.11.0) with JetifyTransform
Transforming gson-2.11.0.jar (com.google.code.gson:gson:2.11.0) with IdentityTransform
Transforming gson-2.11.0.jar (com.google.code.gson:gson:2.11.0) with IdentityTransform
Transforming gson-2.11.0.jar (com.google.code.gson:gson:2.11.0) with DexingNoClasspathTransform
Transforming zip4j-2.11.5.jar (net.lingala.zip4j:zip4j:2.11.5) with JetifyTransform
Transforming zip4j-2.11.5.jar (net.lingala.zip4j:zip4j:2.11.5) with IdentityTransform
Transforming zip4j-2.11.5.jar (net.lingala.zip4j:zip4j:2.11.5) with IdentityTransform
Transforming zip4j-2.11.5.jar (net.lingala.zip4j:zip4j:2.11.5) with DexingNoClasspathTransform
Transforming junrar-7.5.5.jar (com.github.junrar:junrar:7.5.5) with JetifyTransform
Transforming junrar-7.5.5.jar (com.github.junrar:junrar:7.5.5) with IdentityTransform
Transforming junrar-7.5.5.jar (com.github.junrar:junrar:7.5.5) with IdentityTransform
Transforming junrar-7.5.5.jar (com.github.junrar:junrar:7.5.5) with DexingNoClasspathTransform
Transforming commons-compress-1.26.0.jar (org.apache.commons:commons-compress:1.26.0) with JetifyTransform
Transforming commons-compress-1.26.0.jar (org.apache.commons:commons-compress:1.26.0) with IdentityTransform
Transforming commons-compress-1.26.0.jar (org.apache.commons:commons-compress:1.26.0) with IdentityTransform
Transforming commons-compress-1.26.0.jar (org.apache.commons:commons-compress:1.26.0) with DexingNoClasspathTransform
Transforming epublib-core-3.1.jar (nl.siegmann.epublib:epublib-core:3.1) with JetifyTransform
Transforming epublib-core-3.1.jar (nl.siegmann.epublib:epublib-core:3.1) with IdentityTransform
Transforming epublib-core-3.1.jar (nl.siegmann.epublib:epublib-core:3.1) with IdentityTransform
Transforming epublib-core-3.1.jar (nl.siegmann.epublib:epublib-core:3.1) with DexingNoClasspathTransform
Transforming annotations-23.0.0.jar (org.jetbrains:annotations:23.0.0) with JetifyTransform
Transforming annotations-23.0.0.jar (org.jetbrains:annotations:23.0.0) with IdentityTransform
Transforming annotations-23.0.0.jar (org.jetbrains:annotations:23.0.0) with IdentityTransform
Transforming annotations-23.0.0.jar (org.jetbrains:annotations:23.0.0) with DexingNoClasspathTransform
Transforming error_prone_annotations-2.27.0.jar (com.google.errorprone:error_prone_annotations:2.27.0) with JetifyTransform
Transforming error_prone_annotations-2.27.0.jar (com.google.errorprone:error_prone_annotations:2.27.0) with IdentityTransform
Transforming error_prone_annotations-2.27.0.jar (com.google.errorprone:error_prone_annotations:2.27.0) with IdentityTransform
Transforming error_prone_annotations-2.27.0.jar (com.google.errorprone:error_prone_annotations:2.27.0) with DexingNoClasspathTransform
Transforming hilt-common-1.2.0.jar (androidx.hilt:hilt-common:1.2.0) with JetifyTransform
Transforming hilt-common-1.2.0.jar (androidx.hilt:hilt-common:1.2.0) with IdentityTransform
Transforming hilt-common-1.2.0.jar (androidx.hilt:hilt-common:1.2.0) with IdentityTransform
Transforming hilt-common-1.2.0.jar (androidx.hilt:hilt-common:1.2.0) with DexingNoClasspathTransform
Transforming hilt-core-2.51.1.jar (com.google.dagger:hilt-core:2.51.1) with JetifyTransform
Transforming hilt-core-2.51.1.jar (com.google.dagger:hilt-core:2.51.1) with IdentityTransform
Transforming hilt-core-2.51.1.jar (com.google.dagger:hilt-core:2.51.1) with IdentityTransform
Transforming hilt-core-2.51.1.jar (com.google.dagger:hilt-core:2.51.1) with DexingNoClasspathTransform
Transforming dagger-2.51.1.jar (com.google.dagger:dagger:2.51.1) with JetifyTransform
Transforming dagger-2.51.1.jar (com.google.dagger:dagger:2.51.1) with IdentityTransform
Transforming dagger-2.51.1.jar (com.google.dagger:dagger:2.51.1) with IdentityTransform
Transforming dagger-2.51.1.jar (com.google.dagger:dagger:2.51.1) with DexingNoClasspathTransform
Transforming dagger-lint-aar-2.51.1.aar (com.google.dagger:dagger-lint-aar:2.51.1) with JetifyTransform
Transforming dagger-lint-aar-2.51.1.aar (com.google.dagger:dagger-lint-aar:2.51.1) with AarToClassTransform
Transforming dagger-lint-aar-2.51.1.aar (com.google.dagger:dagger-lint-aar:2.51.1) with IdentityTransform
Transforming jsr305-3.0.2.jar (com.google.code.findbugs:jsr305:3.0.2) with JetifyTransform
Transforming jsr305-3.0.2.jar (com.google.code.findbugs:jsr305:3.0.2) with IdentityTransform
Transforming jsr305-3.0.2.jar (com.google.code.findbugs:jsr305:3.0.2) with IdentityTransform
Transforming jsr305-3.0.2.jar (com.google.code.findbugs:jsr305:3.0.2) with DexingNoClasspathTransform
Transforming javax.inject-1.jar (javax.inject:javax.inject:1) with JetifyTransform
Transforming javax.inject-1.jar (javax.inject:javax.inject:1) with IdentityTransform
Transforming javax.inject-1.jar (javax.inject:javax.inject:1) with IdentityTransform
Transforming javax.inject-1.jar (javax.inject:javax.inject:1) with DexingNoClasspathTransform
Transforming pdfbox-android-2.0.27.0.aar (com.tom-roush:pdfbox-android:2.0.27.0) with JetifyTransform
Transforming pdfbox-android-2.0.27.0.aar (com.tom-roush:pdfbox-android:2.0.27.0) with AarToClassTransform
Transforming pdfbox-android-2.0.27.0.aar (com.tom-roush:pdfbox-android:2.0.27.0) with IdentityTransform
Transforming slf4j-android-1.7.36.jar (org.slf4j:slf4j-android:1.7.36) with JetifyTransform
Transforming slf4j-android-1.7.36.jar (org.slf4j:slf4j-android:1.7.36) with IdentityTransform
Transforming slf4j-android-1.7.36.jar (org.slf4j:slf4j-android:1.7.36) with IdentityTransform
Transforming slf4j-android-1.7.36.jar (org.slf4j:slf4j-android:1.7.36) with DexingNoClasspathTransform
Transforming slf4j-api-1.7.36.jar (org.slf4j:slf4j-api:1.7.36) with JetifyTransform
Transforming slf4j-api-1.7.36.jar (org.slf4j:slf4j-api:1.7.36) with IdentityTransform
Transforming slf4j-api-1.7.36.jar (org.slf4j:slf4j-api:1.7.36) with IdentityTransform
Transforming slf4j-api-1.7.36.jar (org.slf4j:slf4j-api:1.7.36) with DexingNoClasspathTransform
Transforming commons-io-2.15.1.jar (commons-io:commons-io:2.15.1) with JetifyTransform
Transforming commons-io-2.15.1.jar (commons-io:commons-io:2.15.1) with IdentityTransform
Transforming commons-io-2.15.1.jar (commons-io:commons-io:2.15.1) with IdentityTransform
Transforming commons-io-2.15.1.jar (commons-io:commons-io:2.15.1) with DexingNoClasspathTransform
Transforming commons-lang3-3.14.0.jar (org.apache.commons:commons-lang3:3.14.0) with JetifyTransform
Transforming commons-lang3-3.14.0.jar (org.apache.commons:commons-lang3:3.14.0) with IdentityTransform
Transforming commons-lang3-3.14.0.jar (org.apache.commons:commons-lang3:3.14.0) with IdentityTransform
Transforming commons-lang3-3.14.0.jar (org.apache.commons:commons-lang3:3.14.0) with DexingNoClasspathTransform
Transforming kxml2-2.3.0.jar (net.sf.kxml:kxml2:2.3.0) with JetifyTransform
Transforming kxml2-2.3.0.jar (net.sf.kxml:kxml2:2.3.0) with IdentityTransform
Transforming kxml2-2.3.0.jar (net.sf.kxml:kxml2:2.3.0) with IdentityTransform
Transforming kxml2-2.3.0.jar (net.sf.kxml:kxml2:2.3.0) with DexingNoClasspathTransform
Transforming jspecify-1.0.0.jar (org.jspecify:jspecify:1.0.0) with JetifyTransform
Transforming jspecify-1.0.0.jar (org.jspecify:jspecify:1.0.0) with IdentityTransform
Transforming jspecify-1.0.0.jar (org.jspecify:jspecify:1.0.0) with IdentityTransform
Transforming jspecify-1.0.0.jar (org.jspecify:jspecify:1.0.0) with DexingNoClasspathTransform
Transforming constraintlayout-core-1.0.4.jar (androidx.constraintlayout:constraintlayout-core:1.0.4) with JetifyTransform
Transforming constraintlayout-core-1.0.4.jar (androidx.constraintlayout:constraintlayout-core:1.0.4) with IdentityTransform
Transforming constraintlayout-core-1.0.4.jar (androidx.constraintlayout:constraintlayout-core:1.0.4) with IdentityTransform
Transforming constraintlayout-core-1.0.4.jar (androidx.constraintlayout:constraintlayout-core:1.0.4) with DexingNoClasspathTransform
Transforming disklrucache-4.15.1.jar (com.github.bumptech.glide:disklrucache:4.15.1) with JetifyTransform
Transforming disklrucache-4.15.1.jar (com.github.bumptech.glide:disklrucache:4.15.1) with IdentityTransform
Transforming disklrucache-4.15.1.jar (com.github.bumptech.glide:disklrucache:4.15.1) with IdentityTransform
Transforming disklrucache-4.15.1.jar (com.github.bumptech.glide:disklrucache:4.15.1) with DexingNoClasspathTransform
Transforming annotations-4.15.1.jar (com.github.bumptech.glide:annotations:4.15.1) with JetifyTransform
Transforming annotations-4.15.1.jar (com.github.bumptech.glide:annotations:4.15.1) with IdentityTransform
Transforming annotations-4.15.1.jar (com.github.bumptech.glide:annotations:4.15.1) with IdentityTransform
Transforming annotations-4.15.1.jar (com.github.bumptech.glide:annotations:4.15.1) with DexingNoClasspathTransform
Transforming bcpkix-jdk15to18-1.72.jar (org.bouncycastle:bcpkix-jdk15to18:1.72) with JetifyTransform
Transforming animation-release.aar (androidx.compose.animation:animation-android:1.7.8) with DexingOutputSplitTransform
Transforming bcpkix-jdk15to18-1.72.jar (org.bouncycastle:bcpkix-jdk15to18:1.72) with IdentityTransform
Transforming bcpkix-jdk15to18-1.72.jar (org.bouncycastle:bcpkix-jdk15to18:1.72) with IdentityTransform
Transforming bcpkix-jdk15to18-1.72.jar (org.bouncycastle:bcpkix-jdk15to18:1.72) with DexingNoClasspathTransform
Transforming bcutil-jdk15to18-1.72.jar (org.bouncycastle:bcutil-jdk15to18:1.72) with JetifyTransform
Transforming bcutil-jdk15to18-1.72.jar (org.bouncycastle:bcutil-jdk15to18:1.72) with IdentityTransform
Transforming bcutil-jdk15to18-1.72.jar (org.bouncycastle:bcutil-jdk15to18:1.72) with IdentityTransform
Transforming bcutil-jdk15to18-1.72.jar (org.bouncycastle:bcutil-jdk15to18:1.72) with DexingNoClasspathTransform
Transforming bcprov-jdk15to18-1.72.jar (org.bouncycastle:bcprov-jdk15to18:1.72) with JetifyTransform
Transforming bcprov-jdk15to18-1.72.jar (org.bouncycastle:bcprov-jdk15to18:1.72) with IdentityTransform
Transforming bcprov-jdk15to18-1.72.jar (org.bouncycastle:bcprov-jdk15to18:1.72) with IdentityTransform
Transforming bcprov-jdk15to18-1.72.jar (org.bouncycastle:bcprov-jdk15to18:1.72) with DexingNoClasspathTransform
Transforming constraintlayout-solver-2.0.1.jar (androidx.constraintlayout:constraintlayout-solver:2.0.1) with JetifyTransform
Transforming constraintlayout-solver-2.0.1.jar (androidx.constraintlayout:constraintlayout-solver:2.0.1) with IdentityTransform
Transforming constraintlayout-solver-2.0.1.jar (androidx.constraintlayout:constraintlayout-solver:2.0.1) with IdentityTransform
Transforming constraintlayout-solver-2.0.1.jar (androidx.constraintlayout:constraintlayout-solver:2.0.1) with DexingNoClasspathTransform
Transforming guava-33.0.0-android.jar (com.google.guava:guava:33.0.0-android) with JetifyTransform
Transforming guava-33.0.0-android.jar (com.google.guava:guava:33.0.0-android) with IdentityTransform
Transforming guava-33.0.0-android.jar (com.google.guava:guava:33.0.0-android) with IdentityTransform
Transforming guava-33.0.0-android.jar (com.google.guava:guava:33.0.0-android) with DexingNoClasspathTransform
Transforming listenablefuture-9999.0-empty-to-avoid-conflict-with-guava.jar (com.google.guava:listenablefuture:9999.0-empty-to-avoid-conflict-with-guava) with JetifyTransform
Transforming listenablefuture-9999.0-empty-to-avoid-conflict-with-guava.jar (com.google.guava:listenablefuture:9999.0-empty-to-avoid-conflict-with-guava) with IdentityTransform
Transforming listenablefuture-9999.0-empty-to-avoid-conflict-with-guava.jar (com.google.guava:listenablefuture:9999.0-empty-to-avoid-conflict-with-guava) with IdentityTransform
Transforming listenablefuture-9999.0-empty-to-avoid-conflict-with-guava.jar (com.google.guava:listenablefuture:9999.0-empty-to-avoid-conflict-with-guava) with DexingNoClasspathTransform
Transforming failureaccess-1.0.2.jar (com.google.guava:failureaccess:1.0.2) with JetifyTransform
Transforming failureaccess-1.0.2.jar (com.google.guava:failureaccess:1.0.2) with IdentityTransform
Transforming failureaccess-1.0.2.jar (com.google.guava:failureaccess:1.0.2) with IdentityTransform
Transforming failureaccess-1.0.2.jar (com.google.guava:failureaccess:1.0.2) with DexingNoClasspathTransform
Transforming image-1.0.0-beta1.aar (com.google.android.odml:image:1.0.0-beta1) with JetifyTransform
Transforming image-1.0.0-beta1.aar (com.google.android.odml:image:1.0.0-beta1) with AarToClassTransform
Transforming image-1.0.0-beta1.aar (com.google.android.odml:image:1.0.0-beta1) with IdentityTransform
Transforming image-1.0.0-beta1.aar (com.google.android.odml:image:1.0.0-beta1) with JetifyTransform
Transforming image-1.0.0-beta1.aar (com.google.android.odml:image:1.0.0-beta1) with AarToClassTransform
Transforming image-1.0.0-beta1.aar (com.google.android.odml:image:1.0.0-beta1) with IdentityTransform
Transforming firebase-annotations-16.0.0.jar (com.google.firebase:firebase-annotations:16.0.0) with JetifyTransform
Transforming firebase-annotations-16.0.0.jar (com.google.firebase:firebase-annotations:16.0.0) with IdentityTransform
Transforming firebase-annotations-16.0.0.jar (com.google.firebase:firebase-annotations:16.0.0) with IdentityTransform
Transforming firebase-annotations-16.0.0.jar (com.google.firebase:firebase-annotations:16.0.0) with DexingNoClasspathTransform
Transforming material-icons-core-release.aar (androidx.compose.material:material-icons-core-android:1.6.8) with DexingNoClasspathTransform
Transforming material-icons-extended-release.aar (androidx.compose.material:material-icons-extended-android:1.6.8) with DexingNoClasspathTransform
Transforming ui-release.aar (androidx.compose.ui:ui-android:1.7.8) with DexingNoClasspathTransform
Transforming activity-ktx-1.9.0.aar (androidx.activity:activity-ktx:1.9.0) with DexingNoClasspathTransform
Transforming material-release.aar (androidx.compose.material:material-android:1.6.8) with DexingOutputSplitTransform
Transforming activity-1.9.0.aar (androidx.activity:activity:1.9.0) with DexingNoClasspathTransform
Transforming emoji2-views-helper-1.3.0.aar (androidx.emoji2:emoji2-views-helper:1.3.0) with DexingNoClasspathTransform
Transforming activity-compose-1.9.0.aar (androidx.activity:activity-compose:1.9.0) with DexingNoClasspathTransform
Transforming activity-ktx-1.9.0.aar (androidx.activity:activity-ktx:1.9.0) with DexingOutputSplitTransform
Transforming material-icons-core-release.aar (androidx.compose.material:material-icons-core-android:1.6.8) with DexingOutputSplitTransform
Transforming material-icons-extended-release.aar (androidx.compose.material:material-icons-extended-android:1.6.8) with DexingOutputSplitTransform
Transforming activity-1.9.0.aar (androidx.activity:activity:1.9.0) with DexingOutputSplitTransform
Transforming ui-release.aar (androidx.compose.ui:ui-android:1.7.8) with DexingOutputSplitTransform
Transforming lifecycle-process-2.9.1.aar (androidx.lifecycle:lifecycle-process:2.9.1) with DexingNoClasspathTransform
Transforming emoji2-1.3.0.aar (androidx.emoji2:emoji2:1.3.0) with DexingNoClasspathTransform
Transforming activity-compose-1.9.0.aar (androidx.activity:activity-compose:1.9.0) with DexingOutputSplitTransform
Transforming emoji2-views-helper-1.3.0.aar (androidx.emoji2:emoji2-views-helper:1.3.0) with DexingOutputSplitTransform
Transforming lifecycle-process-2.9.1.aar (androidx.lifecycle:lifecycle-process:2.9.1) with DexingOutputSplitTransform
Transforming lifecycle-livedata-core-ktx-2.9.1.aar (androidx.lifecycle:lifecycle-livedata-core-ktx:2.9.1) with DexingNoClasspathTransform
Transforming emoji2-1.3.0.aar (androidx.emoji2:emoji2:1.3.0) with DexingOutputSplitTransform
Transforming lifecycle-service-2.9.1.aar (androidx.lifecycle:lifecycle-service:2.9.1) with DexingNoClasspathTransform
Transforming lifecycle-livedata-2.9.1.aar (androidx.lifecycle:lifecycle-livedata:2.9.1) with DexingNoClasspathTransform
Transforming lifecycle-livedata-2.9.1.aar (androidx.lifecycle:lifecycle-livedata:2.9.1) with DexingNoClasspathTransform
Transforming lifecycle-viewmodel-ktx-2.9.1.aar (androidx.lifecycle:lifecycle-viewmodel-ktx:2.9.1) with DexingNoClasspathTransform
Transforming lifecycle-viewmodel-2.9.1.aar (androidx.lifecycle:lifecycle-viewmodel:2.9.1) with DexingNoClasspathTransform
Transforming lifecycle-viewmodel-savedstate-release.aar (androidx.lifecycle:lifecycle-viewmodel-savedstate-android:2.9.1) with DexingNoClasspathTransform
Transforming lifecycle-livedata-core-ktx-2.9.1.aar (androidx.lifecycle:lifecycle-livedata-core-ktx:2.9.1) with DexingOutputSplitTransform
Transforming lifecycle-service-2.9.1.aar (androidx.lifecycle:lifecycle-service:2.9.1) with DexingOutputSplitTransform
Transforming lifecycle-viewmodel-ktx-2.9.1.aar (androidx.lifecycle:lifecycle-viewmodel-ktx:2.9.1) with DexingOutputSplitTransform
Transforming lifecycle-livedata-2.9.1.aar (androidx.lifecycle:lifecycle-livedata:2.9.1) with DexingOutputSplitTransform
Transforming lifecycle-livedata-2.9.1.aar (androidx.lifecycle:lifecycle-livedata:2.9.1) with DexingOutputSplitTransform
Transforming lifecycle-viewmodel-2.9.1.aar (androidx.lifecycle:lifecycle-viewmodel:2.9.1) with DexingOutputSplitTransform
Transforming lifecycle-viewmodel-savedstate-release.aar (androidx.lifecycle:lifecycle-viewmodel-savedstate-android:2.9.1) with DexingOutputSplitTransform
Transforming lifecycle-viewmodel-release.aar (androidx.lifecycle:lifecycle-viewmodel-android:2.9.1) with DexingNoClasspathTransform
Transforming savedstate-release.aar (androidx.savedstate:savedstate-android:1.3.0) with DexingNoClasspathTransform
Transforming savedstate-ktx-1.3.0.aar (androidx.savedstate:savedstate-ktx:1.3.0) with DexingNoClasspathTransform
Transforming lifecycle-viewmodel-release.aar (androidx.lifecycle:lifecycle-viewmodel-android:2.9.1) with DexingOutputSplitTransform
Transforming media3-extractor-1.4.1.aar (androidx.media3:media3-extractor:1.4.1) with DexingNoClasspathTransform
Transforming media3-ui-1.4.1.aar (androidx.media3:media3-ui:1.4.1) with DexingNoClasspathTransform
Transforming media3-session-1.4.1.aar (androidx.media3:media3-session:1.4.1) with DexingNoClasspathTransform
Transforming media3-container-1.4.1.aar (androidx.media3:media3-container:1.4.1) with DexingNoClasspathTransform
Transforming lifecycle-common-jvm-2.9.1.jar (androidx.lifecycle:lifecycle-common-jvm:2.9.1) with DexingOutputSplitTransform
Transforming savedstate-release.aar (androidx.savedstate:savedstate-android:1.3.0) with DexingOutputSplitTransform
Transforming savedstate-ktx-1.3.0.aar (androidx.savedstate:savedstate-ktx:1.3.0) with DexingOutputSplitTransform
Transforming media3-extractor-1.4.1.aar (androidx.media3:media3-extractor:1.4.1) with DexingOutputSplitTransform
Transforming media3-session-1.4.1.aar (androidx.media3:media3-session:1.4.1) with DexingOutputSplitTransform
Transforming media3-ui-1.4.1.aar (androidx.media3:media3-ui:1.4.1) with DexingOutputSplitTransform
Transforming media3-datasource-1.4.1.aar (androidx.media3:media3-datasource:1.4.1) with DexingNoClasspathTransform
Transforming media3-decoder-1.4.1.aar (androidx.media3:media3-decoder:1.4.1) with DexingNoClasspathTransform
Transforming media3-database-1.4.1.aar (androidx.media3:media3-database:1.4.1) with DexingNoClasspathTransform
Transforming media3-exoplayer-1.4.1.aar (androidx.media3:media3-exoplayer:1.4.1) with DexingNoClasspathTransform
Transforming media3-datasource-1.4.1.aar (androidx.media3:media3-datasource:1.4.1) with DexingOutputSplitTransform
Transforming media3-exoplayer-1.4.1.aar (androidx.media3:media3-exoplayer:1.4.1) with DexingOutputSplitTransform
Transforming lifecycle-common-java8-2.9.1.jar (androidx.lifecycle:lifecycle-common-java8:2.9.1) with DexingOutputSplitTransform
Transforming media3-container-1.4.1.aar (androidx.media3:media3-container:1.4.1) with DexingOutputSplitTransform
Transforming drawerlayout-1.1.1.aar (androidx.drawerlayout:drawerlayout:1.1.1) with DexingNoClasspathTransform
Transforming drawerlayout-1.1.1.aar (androidx.drawerlayout:drawerlayout:1.1.1) with DexingNoClasspathTransform
Transforming media3-decoder-1.4.1.aar (androidx.media3:media3-decoder:1.4.1) with DexingOutputSplitTransform
Transforming transition-1.2.0.aar (androidx.transition:transition:1.2.0) with DexingNoClasspathTransform
Transforming drawerlayout-1.1.1.aar (androidx.drawerlayout:drawerlayout:1.1.1) with DexingOutputSplitTransform
Transforming drawerlayout-1.1.1.aar (androidx.drawerlayout:drawerlayout:1.1.1) with DexingOutputSplitTransform
Transforming media3-database-1.4.1.aar (androidx.media3:media3-database:1.4.1) with DexingOutputSplitTransform
Transforming transition-1.2.0.aar (androidx.transition:transition:1.2.0) with DexingOutputSplitTransform
Transforming vectordrawable-animated-1.1.0.aar (androidx.vectordrawable:vectordrawable-animated:1.1.0) with DexingNoClasspathTransform
Transforming recyclerview-1.3.0.aar (androidx.recyclerview:recyclerview:1.3.0) with DexingNoClasspathTransform
Transforming recyclerview-1.3.0.aar (androidx.recyclerview:recyclerview:1.3.0) with DexingNoClasspathTransform
Transforming vectordrawable-1.1.0.aar (androidx.vectordrawable:vectordrawable:1.1.0) with DexingNoClasspathTransform
Transforming vectordrawable-1.1.0.aar (androidx.vectordrawable:vectordrawable:1.1.0) with DexingNoClasspathTransform
Transforming vectordrawable-animated-1.1.0.aar (androidx.vectordrawable:vectordrawable-animated:1.1.0) with DexingOutputSplitTransform
Transforming recyclerview-1.3.0.aar (androidx.recyclerview:recyclerview:1.3.0) with DexingOutputSplitTransform
Transforming recyclerview-1.3.0.aar (androidx.recyclerview:recyclerview:1.3.0) with DexingOutputSplitTransform
Transforming vectordrawable-1.1.0.aar (androidx.vectordrawable:vectordrawable:1.1.0) with DexingOutputSplitTransform
Transforming vectordrawable-1.1.0.aar (androidx.vectordrawable:vectordrawable:1.1.0) with DexingOutputSplitTransform
Transforming media-1.7.0.aar (androidx.media:media:1.7.0) with DexingNoClasspathTransform
Transforming media-1.7.0.aar (androidx.media:media:1.7.0) with DexingNoClasspathTransform
Transforming viewpager-1.0.0.aar (androidx.viewpager:viewpager:1.0.0) with DexingNoClasspathTransform
Transforming viewpager-1.0.0.aar (androidx.viewpager:viewpager:1.0.0) with DexingNoClasspathTransform
Transforming window-1.0.0.aar (androidx.window:window:1.0.0) with DexingNoClasspathTransform
Transforming media-1.7.0.aar (androidx.media:media:1.7.0) with DexingOutputSplitTransform
Transforming media-1.7.0.aar (androidx.media:media:1.7.0) with DexingOutputSplitTransform
Transforming viewpager-1.0.0.aar (androidx.viewpager:viewpager:1.0.0) with DexingOutputSplitTransform
Transforming viewpager-1.0.0.aar (androidx.viewpager:viewpager:1.0.0) with DexingOutputSplitTransform
Transforming window-1.0.0.aar (androidx.window:window:1.0.0) with DexingOutputSplitTransform
Transforming slidingpanelayout-1.0.0.aar (androidx.slidingpanelayout:slidingpanelayout:1.0.0) with DexingNoClasspathTransform
Transforming media3-common-1.4.1.aar (androidx.media3:media3-common:1.4.1) with DexingNoClasspathTransform
Transforming customview-1.1.0.aar (androidx.customview:customview:1.1.0) with DexingNoClasspathTransform
Transforming customview-1.1.0.aar (androidx.customview:customview:1.1.0) with DexingNoClasspathTransform
Transforming customview-1.1.0.aar (androidx.customview:customview:1.1.0) with DexingOutputSplitTransform
Transforming media3-common-1.4.1.aar (androidx.media3:media3-common:1.4.1) with DexingOutputSplitTransform
Transforming customview-1.1.0.aar (androidx.customview:customview:1.1.0) with DexingOutputSplitTransform
Transforming coordinatorlayout-1.1.0.aar (androidx.coordinatorlayout:coordinatorlayout:1.1.0) with DexingNoClasspathTransform
Transforming coordinatorlayout-1.1.0.aar (androidx.coordinatorlayout:coordinatorlayout:1.1.0) with DexingNoClasspathTransform
Transforming coordinatorlayout-1.1.0.aar (androidx.coordinatorlayout:coordinatorlayout:1.1.0) with DexingOutputSplitTransform
Transforming coordinatorlayout-1.1.0.aar (androidx.coordinatorlayout:coordinatorlayout:1.1.0) with DexingOutputSplitTransform
Transforming asynclayoutinflater-1.0.0.aar (androidx.asynclayoutinflater:asynclayoutinflater:1.0.0) with DexingNoClasspathTransform
Transforming swiperefreshlayout-1.0.0.aar (androidx.swiperefreshlayout:swiperefreshlayout:1.0.0) with DexingNoClasspathTransform
Transforming autofill-1.0.0.aar (androidx.autofill:autofill:1.0.0) with DexingNoClasspathTransform
Transforming asynclayoutinflater-1.0.0.aar (androidx.asynclayoutinflater:asynclayoutinflater:1.0.0) with DexingOutputSplitTransform
Transforming swiperefreshlayout-1.0.0.aar (androidx.swiperefreshlayout:swiperefreshlayout:1.0.0) with DexingOutputSplitTransform
Transforming slidingpanelayout-1.0.0.aar (androidx.slidingpanelayout:slidingpanelayout:1.0.0) with DexingOutputSplitTransform
Transforming core-1.13.1.aar (androidx.core:core:1.13.1) with DexingNoClasspathTransform
Transforming core-1.13.1.aar (androidx.core:core:1.13.1) with DexingNoClasspathTransform
Transforming graphics-path-1.0.1.aar (androidx.graphics:graphics-path:1.0.1) with DexingNoClasspathTransform
Transforming autofill-1.0.0.aar (androidx.autofill:autofill:1.0.0) with DexingOutputSplitTransform
Transforming core-ktx-1.13.1.aar (androidx.core:core-ktx:1.13.1) with DexingNoClasspathTransform
Transforming customview-poolingcontainer-1.0.0.aar (androidx.customview:customview-poolingcontainer:1.0.0) with DexingNoClasspathTransform
Transforming core-1.13.1.aar (androidx.core:core:1.13.1) with DexingOutputSplitTransform
Transforming core-1.13.1.aar (androidx.core:core:1.13.1) with DexingOutputSplitTransform
Transforming graphics-path-1.0.1.aar (androidx.graphics:graphics-path:1.0.1) with DexingOutputSplitTransform
Transforming core-ktx-1.13.1.aar (androidx.core:core-ktx:1.13.1) with DexingOutputSplitTransform
Transforming lifecycle-viewmodel-compose-release.aar (androidx.lifecycle:lifecycle-viewmodel-compose-android:2.9.1) with DexingNoClasspathTransform
Transforming lifecycle-runtime-compose-release.aar (androidx.lifecycle:lifecycle-runtime-compose-android:2.9.1) with DexingNoClasspathTransform
Transforming lifecycle-livedata-core-2.9.1.aar (androidx.lifecycle:lifecycle-livedata-core:2.9.1) with DexingNoClasspathTransform
Transforming customview-poolingcontainer-1.0.0.aar (androidx.customview:customview-poolingcontainer:1.0.0) with DexingOutputSplitTransform
Transforming lifecycle-runtime-ktx.aar (androidx.lifecycle:lifecycle-runtime-ktx-android:2.9.1) with DexingNoClasspathTransform
Transforming lifecycle-runtime-release.aar (androidx.lifecycle:lifecycle-runtime-android:2.9.1) with DexingNoClasspathTransform
Transforming datastore-preferences-external-protobuf-1.1.7.jar (androidx.datastore:datastore-preferences-external-protobuf:1.1.7) with DexingOutputSplitTransform
Transforming lifecycle-viewmodel-compose-release.aar (androidx.lifecycle:lifecycle-viewmodel-compose-android:2.9.1) with DexingOutputSplitTransform
Transforming lifecycle-runtime-compose-release.aar (androidx.lifecycle:lifecycle-runtime-compose-android:2.9.1) with DexingOutputSplitTransform
Transforming lifecycle-livedata-core-2.9.1.aar (androidx.lifecycle:lifecycle-livedata-core:2.9.1) with DexingOutputSplitTransform
Transforming datastore-core-okio-jvm-1.1.7.jar (androidx.datastore:datastore-core-okio-jvm:1.1.7) with DexingOutputSplitTransform
Transforming lifecycle-runtime-release.aar (androidx.lifecycle:lifecycle-runtime-android:2.9.1) with DexingOutputSplitTransform
Transforming lifecycle-runtime-ktx.aar (androidx.lifecycle:lifecycle-runtime-ktx-android:2.9.1) with DexingOutputSplitTransform
Transforming datastore-core-release.aar (androidx.datastore:datastore-core-android:1.1.7) with DexingNoClasspathTransform
Transforming datastore-preferences-proto-1.1.7.jar (androidx.datastore:datastore-preferences-proto:1.1.7) with DexingOutputSplitTransform
Transforming datastore-preferences-core-release.aar (androidx.datastore:datastore-preferences-core-android:1.1.7) with DexingNoClasspathTransform
Transforming datastore-release.aar (androidx.datastore:datastore-android:1.1.7) with DexingNoClasspathTransform
Transforming datastore-preferences-release.aar (androidx.datastore:datastore-preferences-android:1.1.7) with DexingNoClasspathTransform
Transforming datastore-core-release.aar (androidx.datastore:datastore-core-android:1.1.7) with DexingOutputSplitTransform
Transforming datastore-preferences-core-release.aar (androidx.datastore:datastore-preferences-core-android:1.1.7) with DexingOutputSplitTransform
Transforming datastore-release.aar (androidx.datastore:datastore-android:1.1.7) with DexingOutputSplitTransform
Transforming datastore-preferences-release.aar (androidx.datastore:datastore-preferences-android:1.1.7) with DexingOutputSplitTransform
Transforming logging-interceptor-4.12.0.jar (com.squareup.okhttp3:logging-interceptor:4.12.0) with DexingOutputSplitTransform
Transforming converter-gson-2.11.0.jar (com.squareup.retrofit2:converter-gson:2.11.0) with DexingOutputSplitTransform
Transforming okhttp-4.12.0.jar (com.squareup.okhttp3:okhttp:4.12.0) with DexingOutputSplitTransform
Transforming kotlin-parcelize-runtime-1.9.25.jar (org.jetbrains.kotlin:kotlin-parcelize-runtime:1.9.25) with DexingOutputSplitTransform
Transforming retrofit-2.11.0.jar (com.squareup.retrofit2:retrofit:2.11.0) with DexingOutputSplitTransform
Transforming runtime-saveable-release.aar (androidx.compose.runtime:runtime-saveable-android:1.7.8) with DexingNoClasspathTransform
Transforming annotation-experimental-1.4.1.aar (androidx.annotation:annotation-experimental:1.4.1) with DexingNoClasspathTransform
Transforming runtime-release.aar (androidx.compose.runtime:runtime-android:1.7.8) with DexingNoClasspathTransform
Transforming kotlin-stdlib-jdk8-1.9.25.jar (org.jetbrains.kotlin:kotlin-stdlib-jdk8:1.9.25) with DexingOutputSplitTransform
Transforming kotlin-stdlib-jdk7-1.9.25.jar (org.jetbrains.kotlin:kotlin-stdlib-jdk7:1.9.25) with DexingOutputSplitTransform
Transforming kotlin-android-extensions-runtime-1.9.25.jar (org.jetbrains.kotlin:kotlin-android-extensions-runtime:1.9.25) with DexingOutputSplitTransform
Transforming runtime-saveable-release.aar (androidx.compose.runtime:runtime-saveable-android:1.7.8) with DexingOutputSplitTransform
Transforming annotation-experimental-1.4.1.aar (androidx.annotation:annotation-experimental:1.4.1) with DexingOutputSplitTransform
Transforming sqlite-framework-release.aar (androidx.sqlite:sqlite-framework-android:2.5.1) with DexingNoClasspathTransform
Transforming kotlinx-serialization-core-jvm-1.7.3.jar (org.jetbrains.kotlinx:kotlinx-serialization-core-jvm:1.7.3) with DexingOutputSplitTransform
Transforming sqlite-release.aar (androidx.sqlite:sqlite-android:2.5.1) with DexingNoClasspathTransform
Transforming runtime-release.aar (androidx.compose.runtime:runtime-android:1.7.8) with DexingOutputSplitTransform
Transforming sqlite-release.aar (androidx.sqlite:sqlite-android:2.5.1) with DexingOutputSplitTransform
Transforming core-viewtree-1.0.0.aar (androidx.core:core-viewtree:1.0.0) with DexingNoClasspathTransform
Transforming sqlite-framework-release.aar (androidx.sqlite:sqlite-framework-android:2.5.1) with DexingOutputSplitTransform
Transforming cardview-1.0.0.aar (androidx.cardview:cardview:1.0.0) with DexingNoClasspathTransform
Transforming resourceinspection-annotation-1.0.1.jar (androidx.resourceinspection:resourceinspection-annotation:1.0.1) with DexingOutputSplitTransform
Transforming kotlinx-coroutines-android-1.8.1.jar (org.jetbrains.kotlinx:kotlinx-coroutines-android:1.8.1) with DexingOutputSplitTransform
Transforming kotlinx-coroutines-core-jvm-1.8.1.jar (org.jetbrains.kotlinx:kotlinx-coroutines-core-jvm:1.8.1) with DexingOutputSplitTransform
Transforming core-runtime-2.2.0.aar (androidx.arch.core:core-runtime:2.2.0) with DexingNoClasspathTransform
Transforming core-viewtree-1.0.0.aar (androidx.core:core-viewtree:1.0.0) with DexingOutputSplitTransform
Transforming cardview-1.0.0.aar (androidx.cardview:cardview:1.0.0) with DexingOutputSplitTransform
Transforming cursoradapter-1.0.0.aar (androidx.cursoradapter:cursoradapter:1.0.0) with DexingNoClasspathTransform
Transforming cursoradapter-1.0.0.aar (androidx.cursoradapter:cursoradapter:1.0.0) with DexingNoClasspathTransform
Transforming documentfile-1.0.1.aar (androidx.documentfile:documentfile:1.0.1) with DexingNoClasspathTransform
Transforming core-runtime-2.2.0.aar (androidx.arch.core:core-runtime:2.2.0) with DexingOutputSplitTransform
Transforming gifdecoder-4.15.1.aar (com.github.bumptech.glide:gifdecoder:4.15.1) with DexingNoClasspathTransform
Transforming startup-runtime-1.1.1.aar (androidx.startup:startup-runtime:1.1.1) with DexingNoClasspathTransform
Transforming profileinstaller-1.4.0.aar (androidx.profileinstaller:profileinstaller:1.4.0) with DexingNoClasspathTransform
Transforming documentfile-1.0.1.aar (androidx.documentfile:documentfile:1.0.1) with DexingNoClasspathTransform
Transforming cursoradapter-1.0.0.aar (androidx.cursoradapter:cursoradapter:1.0.0) with DexingOutputSplitTransform
Transforming cursoradapter-1.0.0.aar (androidx.cursoradapter:cursoradapter:1.0.0) with DexingOutputSplitTransform
Transforming tracing-1.0.0.aar (androidx.tracing:tracing:1.0.0) with DexingNoClasspathTransform
Transforming documentfile-1.0.1.aar (androidx.documentfile:documentfile:1.0.1) with DexingOutputSplitTransform
Transforming documentfile-1.0.1.aar (androidx.documentfile:documentfile:1.0.1) with DexingOutputSplitTransform
Transforming gifdecoder-4.15.1.aar (com.github.bumptech.glide:gifdecoder:4.15.1) with DexingOutputSplitTransform
Transforming startup-runtime-1.1.1.aar (androidx.startup:startup-runtime:1.1.1) with DexingOutputSplitTransform
Transforming profileinstaller-1.4.0.aar (androidx.profileinstaller:profileinstaller:1.4.0) with DexingOutputSplitTransform
Transforming core-common-2.2.0.jar (androidx.arch.core:core-common:2.2.0) with DexingOutputSplitTransform
Transforming localbroadcastmanager-1.0.0.aar (androidx.localbroadcastmanager:localbroadcastmanager:1.0.0) with DexingNoClasspathTransform
Transforming print-1.0.0.aar (androidx.print:print:1.0.0) with DexingNoClasspathTransform
Transforming tracing-1.0.0.aar (androidx.tracing:tracing:1.0.0) with DexingOutputSplitTransform
Transforming interpolator-1.0.0.aar (androidx.interpolator:interpolator:1.0.0) with DexingNoClasspathTransform
Transforming interpolator-1.0.0.aar (androidx.interpolator:interpolator:1.0.0) with DexingNoClasspathTransform
Transforming localbroadcastmanager-1.0.0.aar (androidx.localbroadcastmanager:localbroadcastmanager:1.0.0) with DexingOutputSplitTransform
Transforming transport-backend-cct-2.3.3.aar (com.google.android.datatransport:transport-backend-cct:2.3.3) with DexingNoClasspathTransform
Transforming print-1.0.0.aar (androidx.print:print:1.0.0) with DexingOutputSplitTransform
Transforming interpolator-1.0.0.aar (androidx.interpolator:interpolator:1.0.0) with DexingOutputSplitTransform
Transforming interpolator-1.0.0.aar (androidx.interpolator:interpolator:1.0.0) with DexingOutputSplitTransform
Transforming transport-runtime-2.2.6.aar (com.google.android.datatransport:transport-runtime:2.2.6) with DexingNoClasspathTransform
Transforming transport-backend-cct-2.3.3.aar (com.google.android.datatransport:transport-backend-cct:2.3.3) with DexingOutputSplitTransform
Transforming transport-api-2.2.1.aar (com.google.android.datatransport:transport-api:2.2.1) with DexingNoClasspathTransform
Transforming transport-runtime-2.2.6.aar (com.google.android.datatransport:transport-runtime:2.2.6) with DexingOutputSplitTransform
Transforming transport-api-2.2.1.aar (com.google.android.datatransport:transport-api:2.2.1) with DexingOutputSplitTransform
Transforming firebase-encoders-json-17.1.0.aar (com.google.firebase:firebase-encoders-json:17.1.0) with DexingNoClasspathTransform
Transforming exifinterface-1.3.7.aar (androidx.exifinterface:exifinterface:1.3.7) with DexingNoClasspathTransform
Transforming firebase-components-16.1.0.aar (com.google.firebase:firebase-components:16.1.0) with DexingNoClasspathTransform
Transforming exifinterface-1.3.7.aar (androidx.exifinterface:exifinterface:1.3.7) with DexingNoClasspathTransform
Transforming firebase-encoders-json-17.1.0.aar (com.google.firebase:firebase-encoders-json:17.1.0) with DexingOutputSplitTransform
Transforming firebase-encoders-16.1.0.jar (com.google.firebase:firebase-encoders:16.1.0) with DexingOutputSplitTransform
Transforming firebase-components-16.1.0.aar (com.google.firebase:firebase-components:16.1.0) with DexingOutputSplitTransform
Transforming exifinterface-1.3.7.aar (androidx.exifinterface:exifinterface:1.3.7) with DexingOutputSplitTransform
Transforming exifinterface-1.3.7.aar (androidx.exifinterface:exifinterface:1.3.7) with DexingOutputSplitTransform
Transforming versionedparcelable-1.1.1.aar (androidx.versionedparcelable:versionedparcelable:1.1.1) with DexingNoClasspathTransform
Transforming concurrent-futures-1.1.0.jar (androidx.concurrent:concurrent-futures:1.1.0) with DexingOutputSplitTransform
Transforming collection-ktx-1.4.4.jar (androidx.collection:collection-ktx:1.4.4) with DexingOutputSplitTransform
Transforming gson-2.11.0.jar (com.google.code.gson:gson:2.11.0) with DexingOutputSplitTransform
Transforming collection-jvm-1.4.4.jar (androidx.collection:collection-jvm:1.4.4) with DexingOutputSplitTransform
Transforming okio-jvm-3.9.0.jar (com.squareup.okio:okio-jvm:3.9.0) with DexingOutputSplitTransform
Transforming kotlin-stdlib-1.9.25.jar (org.jetbrains.kotlin:kotlin-stdlib:1.9.25) with DexingOutputSplitTransform
Transforming zip4j-2.11.5.jar (net.lingala.zip4j:zip4j:2.11.5) with DexingOutputSplitTransform
Transforming junrar-7.5.5.jar (com.github.junrar:junrar:7.5.5) with DexingOutputSplitTransform
Transforming annotation-jvm-1.9.1.jar (androidx.annotation:annotation-jvm:1.9.1) with DexingOutputSplitTransform
Transforming versionedparcelable-1.1.1.aar (androidx.versionedparcelable:versionedparcelable:1.1.1) with DexingOutputSplitTransform
Transforming epublib-core-3.1.jar (nl.siegmann.epublib:epublib-core:3.1) with DexingOutputSplitTransform
Transforming commons-compress-1.26.0.jar (org.apache.commons:commons-compress:1.26.0) with DexingOutputSplitTransform
Transforming annotations-23.0.0.jar (org.jetbrains:annotations:23.0.0) with DexingOutputSplitTransform
Transforming dagger-lint-aar-2.51.1.aar (com.google.dagger:dagger-lint-aar:2.51.1) with DexingNoClasspathTransform
Transforming error_prone_annotations-2.27.0.jar (com.google.errorprone:error_prone_annotations:2.27.0) with DexingOutputSplitTransform
Transforming hilt-core-2.51.1.jar (com.google.dagger:hilt-core:2.51.1) with DexingOutputSplitTransform
Transforming hilt-common-1.2.0.jar (androidx.hilt:hilt-common:1.2.0) with DexingOutputSplitTransform
Transforming pdfbox-android-2.0.27.0.aar (com.tom-roush:pdfbox-android:2.0.27.0) with DexingNoClasspathTransform
Transforming dagger-2.51.1.jar (com.google.dagger:dagger:2.51.1) with DexingOutputSplitTransform
Transforming dagger-lint-aar-2.51.1.aar (com.google.dagger:dagger-lint-aar:2.51.1) with DexingOutputSplitTransform
Transforming javax.inject-1.jar (javax.inject:javax.inject:1) with DexingOutputSplitTransform
Transforming jsr305-3.0.2.jar (com.google.code.findbugs:jsr305:3.0.2) with DexingOutputSplitTransform
Transforming pdfbox-android-2.0.27.0.aar (com.tom-roush:pdfbox-android:2.0.27.0) with DexingOutputSplitTransform
Transforming slf4j-api-1.7.36.jar (org.slf4j:slf4j-api:1.7.36) with DexingOutputSplitTransform
Transforming commons-lang3-3.14.0.jar (org.apache.commons:commons-lang3:3.14.0) with DexingOutputSplitTransform
Transforming slf4j-android-1.7.36.jar (org.slf4j:slf4j-android:1.7.36) with DexingOutputSplitTransform
Transforming kxml2-2.3.0.jar (net.sf.kxml:kxml2:2.3.0) with DexingOutputSplitTransform
Transforming commons-io-2.15.1.jar (commons-io:commons-io:2.15.1) with DexingOutputSplitTransform
Transforming jspecify-1.0.0.jar (org.jspecify:jspecify:1.0.0) with DexingOutputSplitTransform
Transforming disklrucache-4.15.1.jar (com.github.bumptech.glide:disklrucache:4.15.1) with DexingOutputSplitTransform
Transforming constraintlayout-core-1.0.4.jar (androidx.constraintlayout:constraintlayout-core:1.0.4) with DexingOutputSplitTransform
Transforming annotations-4.15.1.jar (com.github.bumptech.glide:annotations:4.15.1) with DexingOutputSplitTransform
Transforming bcpkix-jdk15to18-1.72.jar (org.bouncycastle:bcpkix-jdk15to18:1.72) with DexingOutputSplitTransform
Transforming bcutil-jdk15to18-1.72.jar (org.bouncycastle:bcutil-jdk15to18:1.72) with DexingOutputSplitTransform
Transforming image-1.0.0-beta1.aar (com.google.android.odml:image:1.0.0-beta1) with DexingNoClasspathTransform
Transforming bcprov-jdk15to18-1.72.jar (org.bouncycastle:bcprov-jdk15to18:1.72) with DexingOutputSplitTransform
Transforming failureaccess-1.0.2.jar (com.google.guava:failureaccess:1.0.2) with DexingOutputSplitTransform
Transforming guava-33.0.0-android.jar (com.google.guava:guava:33.0.0-android) with DexingOutputSplitTransform
Transforming image-1.0.0-beta1.aar (com.google.android.odml:image:1.0.0-beta1) with DexingOutputSplitTransform
Transforming play-services-mlkit-text-recognition-common-19.1.0.aar (com.google.android.gms:play-services-mlkit-text-recognition-common:19.1.0) with DexingNoClasspathTransform
Transforming firebase-annotations-16.0.0.jar (com.google.firebase:firebase-annotations:16.0.0) with DexingOutputSplitTransform
Transforming constraintlayout-solver-2.0.1.jar (androidx.constraintlayout:constraintlayout-solver:2.0.1) with DexingOutputSplitTransform
Transforming play-services-mlkit-text-recognition-common-19.1.0.aar (com.google.android.gms:play-services-mlkit-text-recognition-common:19.1.0) with DexingOutputSplitTransform
Transforming listenablefuture-9999.0-empty-to-avoid-conflict-with-guava.jar (com.google.guava:listenablefuture:9999.0-empty-to-avoid-conflict-with-guava) with DexingOutputSplitTransform
Build cache key for task ':android:app:mergeExtDexDebug' is 2cc8540dac27ed5fbe34b046c980194c
Skipping task ':android:app:mergeExtDexDebug' as it is up-to-date.
Resolve mutations for :android:app:mergeDebugJniLibFolders (Thread[Execution worker Thread 9,5,main]) started.
:android:app:mergeDebugJniLibFolders (Thread[Execution worker Thread 9,5,main]) started.

> Task :android:app:mergeDebugJniLibFolders UP-TO-DATE
Caching disabled for task ':android:app:mergeDebugJniLibFolders' because:
  Simple merging task
Skipping task ':android:app:mergeDebugJniLibFolders' as it is up-to-date.
Resolve mutations for :android:app:mergeDebugNativeLibs (Thread[Execution worker Thread 9,5,main]) started.
:android:app:mergeDebugNativeLibs (Thread[Execution worker Thread 9,5,main]) started.

> Task :android:core-domain:kspDebugKotlin
file or directory 'C:\Users\xmeta\projects\Mr.Comic\android\core-domain\src\debug\kotlin', not found
file or directory 'C:\Users\xmeta\projects\Mr.Comic\android\core-domain\src\debug\java', not found
file or directory 'C:\Users\xmeta\projects\Mr.Comic\android\core-domain\src\main\kotlin', not found
file or directory 'C:\Users\xmeta\projects\Mr.Comic\android\core-domain\src\debug\java', not found

> Task :android:feature-themes:kspDebugKotlin UP-TO-DATE
file or directory 'C:\Users\xmeta\projects\Mr.Comic\android\feature-themes\src\debug\kotlin', not found
file or directory 'C:\Users\xmeta\projects\Mr.Comic\android\feature-themes\src\debug\java', not found
file or directory 'C:\Users\xmeta\projects\Mr.Comic\android\feature-themes\src\main\kotlin', not found
file or directory 'C:\Users\xmeta\projects\Mr.Comic\android\feature-themes\src\debug\java', not found
Failed to get resource: HEAD. [HTTP HTTP/1.1 401 Unauthorized: https://jitpack.io/nl/siegmann/epublib/epublib-core/3.1/epublib-core-3.1.pom)]
Transforming hilt-navigation-compose-1.2.0.aar (androidx.hilt:hilt-navigation-compose:1.2.0) with JetifyTransform
Transforming hilt-navigation-compose-1.2.0.aar (androidx.hilt:hilt-navigation-compose:1.2.0) with AarToClassTransform
Transforming hilt-navigation-1.2.0.aar (androidx.hilt:hilt-navigation:1.2.0) with JetifyTransform
Transforming hilt-navigation-1.2.0.aar (androidx.hilt:hilt-navigation:1.2.0) with AarToClassTransform
Transforming hilt-android-2.51.1.aar (com.google.dagger:hilt-android:2.51.1) with JetifyTransform
Transforming hilt-android-2.51.1.aar (com.google.dagger:hilt-android:2.51.1) with AarToClassTransform
Transforming coil-compose-2.7.0.aar (io.coil-kt:coil-compose:2.7.0) with JetifyTransform
Transforming coil-compose-2.7.0.aar (io.coil-kt:coil-compose:2.7.0) with AarToClassTransform
Transforming material3-window-size-class-release.aar (androidx.compose.material3:material3-window-size-class-android:1.2.1) with JetifyTransform
Transforming material3-window-size-class-release.aar (androidx.compose.material3:material3-window-size-class-android:1.2.1) with AarToClassTransform
Transforming material3-release.aar (androidx.compose.material3:material3-android:1.2.1) with JetifyTransform
Transforming material3-release.aar (androidx.compose.material3:material3-android:1.2.1) with AarToClassTransform
Transforming ui-util-release.aar (androidx.compose.ui:ui-util-android:1.7.8) with JetifyTransform
Transforming ui-util-release.aar (androidx.compose.ui:ui-util-android:1.7.8) with AarToClassTransform
Transforming ui-unit-release.aar (androidx.compose.ui:ui-unit-android:1.7.8) with JetifyTransform
Transforming ui-unit-release.aar (androidx.compose.ui:ui-unit-android:1.7.8) with AarToClassTransform
Transforming ui-text-release.aar (androidx.compose.ui:ui-text-android:1.7.8) with JetifyTransform
Transforming ui-text-release.aar (androidx.compose.ui:ui-text-android:1.7.8) with AarToClassTransform
Transforming ui-graphics-release.aar (androidx.compose.ui:ui-graphics-android:1.7.8) with JetifyTransform
Transforming ui-graphics-release.aar (androidx.compose.ui:ui-graphics-android:1.7.8) with AarToClassTransform
Transforming navigation-compose-2.5.1.aar (androidx.navigation:navigation-compose:2.5.1) with JetifyTransform
Transforming navigation-compose-2.5.1.aar (androidx.navigation:navigation-compose:2.5.1) with AarToClassTransform
Transforming coil-compose-base-2.7.0.aar (io.coil-kt:coil-compose-base:2.7.0) with JetifyTransform
Transforming coil-compose-base-2.7.0.aar (io.coil-kt:coil-compose-base:2.7.0) with AarToClassTransform
Transforming foundation-layout-release.aar (androidx.compose.foundation:foundation-layout-android:1.7.8) with JetifyTransform
Transforming foundation-layout-release.aar (androidx.compose.foundation:foundation-layout-android:1.7.8) with AarToClassTransform
Transforming material-icons-core-release.aar (androidx.compose.material:material-icons-core-android:1.6.8) with JetifyTransform
Transforming material-icons-core-release.aar (androidx.compose.material:material-icons-core-android:1.6.8) with AarToClassTransform
Transforming material-ripple-release.aar (androidx.compose.material:material-ripple-android:1.6.8) with JetifyTransform
Transforming material-ripple-release.aar (androidx.compose.material:material-ripple-android:1.6.8) with AarToClassTransform
Transforming foundation-release.aar (androidx.compose.foundation:foundation-android:1.7.8) with JetifyTransform
Transforming foundation-release.aar (androidx.compose.foundation:foundation-android:1.7.8) with AarToClassTransform
Transforming animation-core-release.aar (androidx.compose.animation:animation-core-android:1.7.8) with JetifyTransform
Transforming animation-core-release.aar (androidx.compose.animation:animation-core-android:1.7.8) with AarToClassTransform
Transforming animation-release.aar (androidx.compose.animation:animation-android:1.7.8) with JetifyTransform
Transforming animation-release.aar (androidx.compose.animation:animation-android:1.7.8) with AarToClassTransform
Transforming ui-geometry-release.aar (androidx.compose.ui:ui-geometry-android:1.7.8) with JetifyTransform
Transforming ui-geometry-release.aar (androidx.compose.ui:ui-geometry-android:1.7.8) with AarToClassTransform
Transforming ui-tooling-data-release.aar (androidx.compose.ui:ui-tooling-data-android:1.7.8) with JetifyTransform
Transforming ui-tooling-data-release.aar (androidx.compose.ui:ui-tooling-data-android:1.7.8) with AarToClassTransform
Transforming ui-tooling-preview-release.aar (androidx.compose.ui:ui-tooling-preview-android:1.7.8) with JetifyTransform
Transforming ui-tooling-preview-release.aar (androidx.compose.ui:ui-tooling-preview-android:1.7.8) with AarToClassTransform
Transforming fragment-1.5.1.aar (androidx.fragment:fragment:1.5.1) with JetifyTransform
Transforming fragment-1.5.1.aar (androidx.fragment:fragment:1.5.1) with AarToClassTransform
Transforming loader-1.0.0.aar (androidx.loader:loader:1.0.0) with JetifyTransform
Transforming loader-1.0.0.aar (androidx.loader:loader:1.0.0) with AarToClassTransform
Transforming navigation-runtime-ktx-2.5.1.aar (androidx.navigation:navigation-runtime-ktx:2.5.1) with JetifyTransform
Transforming navigation-runtime-ktx-2.5.1.aar (androidx.navigation:navigation-runtime-ktx:2.5.1) with AarToClassTransform
Transforming navigation-runtime-2.5.1.aar (androidx.navigation:navigation-runtime:2.5.1) with JetifyTransform
Transforming navigation-runtime-2.5.1.aar (androidx.navigation:navigation-runtime:2.5.1) with AarToClassTransform
Transforming activity-compose-1.9.0.aar (androidx.activity:activity-compose:1.9.0) with JetifyTransform
Transforming activity-compose-1.9.0.aar (androidx.activity:activity-compose:1.9.0) with AarToClassTransform
Transforming activity-ktx-1.9.0.aar (androidx.activity:activity-ktx:1.9.0) with JetifyTransform
Transforming activity-ktx-1.9.0.aar (androidx.activity:activity-ktx:1.9.0) with AarToClassTransform
Transforming core-ktx-1.13.1.aar (androidx.core:core-ktx:1.13.1) with JetifyTransform
Transforming core-ktx-1.13.1.aar (androidx.core:core-ktx:1.13.1) with AarToClassTransform
Transforming viewpager-1.0.0.aar (androidx.viewpager:viewpager:1.0.0) with JetifyTransform
Transforming viewpager-1.0.0.aar (androidx.viewpager:viewpager:1.0.0) with AarToClassTransform
Transforming customview-1.0.0.aar (androidx.customview:customview:1.0.0) with JetifyTransform
Transforming customview-1.0.0.aar (androidx.customview:customview:1.0.0) with AarToClassTransform
Transforming core-1.13.1.aar (androidx.core:core:1.13.1) with JetifyTransform
Transforming core-1.13.1.aar (androidx.core:core:1.13.1) with AarToClassTransform
Transforming core-1.13.1.aar (androidx.core:core:1.13.1) with JetifyTransform
Transforming core-1.13.1.aar (androidx.core:core:1.13.1) with AarToClassTransform
Transforming coil-2.7.0.aar (io.coil-kt:coil:2.7.0) with JetifyTransform
Transforming coil-2.7.0.aar (io.coil-kt:coil:2.7.0) with AarToClassTransform
Transforming coil-base-2.7.0.aar (io.coil-kt:coil-base:2.7.0) with JetifyTransform
Transforming coil-base-2.7.0.aar (io.coil-kt:coil-base:2.7.0) with AarToClassTransform
Transforming navigation-common-ktx-2.5.1.aar (androidx.navigation:navigation-common-ktx:2.5.1) with JetifyTransform
Transforming navigation-common-ktx-2.5.1.aar (androidx.navigation:navigation-common-ktx:2.5.1) with AarToClassTransform
Transforming navigation-common-2.5.1.aar (androidx.navigation:navigation-common:2.5.1) with JetifyTransform
Transforming navigation-common-2.5.1.aar (androidx.navigation:navigation-common:2.5.1) with AarToClassTransform
Transforming lifecycle-runtime-ktx.aar (androidx.lifecycle:lifecycle-runtime-ktx-android:2.9.1) with JetifyTransform
Transforming lifecycle-runtime-ktx.aar (androidx.lifecycle:lifecycle-runtime-ktx-android:2.9.1) with AarToClassTransform
Transforming lifecycle-livedata-core-ktx-2.9.1.aar (androidx.lifecycle:lifecycle-livedata-core-ktx:2.9.1) with JetifyTransform
Transforming lifecycle-livedata-core-ktx-2.9.1.aar (androidx.lifecycle:lifecycle-livedata-core-ktx:2.9.1) with AarToClassTransform
Transforming lifecycle-viewmodel-ktx-2.9.1.aar (androidx.lifecycle:lifecycle-viewmodel-ktx:2.9.1) with JetifyTransform
Transforming lifecycle-viewmodel-ktx-2.9.1.aar (androidx.lifecycle:lifecycle-viewmodel-ktx:2.9.1) with AarToClassTransform
Transforming lifecycle-livedata-2.9.1.aar (androidx.lifecycle:lifecycle-livedata:2.9.1) with JetifyTransform
Transforming lifecycle-livedata-2.9.1.aar (androidx.lifecycle:lifecycle-livedata:2.9.1) with AarToClassTransform
Transforming lifecycle-runtime-compose-release.aar (androidx.lifecycle:lifecycle-runtime-compose-android:2.9.1) with JetifyTransform
Transforming lifecycle-runtime-compose-release.aar (androidx.lifecycle:lifecycle-runtime-compose-android:2.9.1) with AarToClassTransform
Transforming lifecycle-runtime-release.aar (androidx.lifecycle:lifecycle-runtime-android:2.9.1) with JetifyTransform
Transforming lifecycle-runtime-release.aar (androidx.lifecycle:lifecycle-runtime-android:2.9.1) with AarToClassTransform
Transforming lifecycle-viewmodel-savedstate-release.aar (androidx.lifecycle:lifecycle-viewmodel-savedstate-android:2.9.1) with JetifyTransform
Transforming lifecycle-viewmodel-savedstate-release.aar (androidx.lifecycle:lifecycle-viewmodel-savedstate-android:2.9.1) with AarToClassTransform
Transforming lifecycle-viewmodel-2.9.1.aar (androidx.lifecycle:lifecycle-viewmodel:2.9.1) with JetifyTransform
Transforming lifecycle-viewmodel-2.9.1.aar (androidx.lifecycle:lifecycle-viewmodel:2.9.1) with AarToClassTransform
Transforming lifecycle-viewmodel-release.aar (androidx.lifecycle:lifecycle-viewmodel-android:2.9.1) with JetifyTransform
Transforming lifecycle-viewmodel-release.aar (androidx.lifecycle:lifecycle-viewmodel-android:2.9.1) with AarToClassTransform
Transforming savedstate-ktx-1.3.0.aar (androidx.savedstate:savedstate-ktx:1.3.0) with JetifyTransform
Transforming savedstate-ktx-1.3.0.aar (androidx.savedstate:savedstate-ktx:1.3.0) with AarToClassTransform
Transforming savedstate-release.aar (androidx.savedstate:savedstate-android:1.3.0) with JetifyTransform
Transforming savedstate-release.aar (androidx.savedstate:savedstate-android:1.3.0) with AarToClassTransform
Transforming lifecycle-common-jvm-2.9.1.jar (androidx.lifecycle:lifecycle-common-jvm:2.9.1) with JetifyTransform
Transforming lifecycle-common-jvm-2.9.1.jar (androidx.lifecycle:lifecycle-common-jvm:2.9.1) with IdentityTransform
Transforming lifecycle-livedata-core-2.9.1.aar (androidx.lifecycle:lifecycle-livedata-core:2.9.1) with JetifyTransform
Transforming lifecycle-livedata-core-2.9.1.aar (androidx.lifecycle:lifecycle-livedata-core:2.9.1) with AarToClassTransform
Transforming lifecycle-viewmodel-compose-release.aar (androidx.lifecycle:lifecycle-viewmodel-compose-android:2.9.1) with JetifyTransform
Transforming lifecycle-viewmodel-compose-release.aar (androidx.lifecycle:lifecycle-viewmodel-compose-android:2.9.1) with AarToClassTransform
Transforming ui-release.aar (androidx.compose.ui:ui-android:1.7.8) with JetifyTransform
Transforming ui-release.aar (androidx.compose.ui:ui-android:1.7.8) with AarToClassTransform
Transforming ui-tooling-release.aar (androidx.compose.ui:ui-tooling-android:1.7.8) with JetifyTransform
Transforming ui-tooling-release.aar (androidx.compose.ui:ui-tooling-android:1.7.8) with AarToClassTransform
Transforming ui-test-manifest-1.7.8.aar (androidx.compose.ui:ui-test-manifest:1.7.8) with JetifyTransform
Transforming ui-test-manifest-1.7.8.aar (androidx.compose.ui:ui-test-manifest:1.7.8) with AarToClassTransform
Transforming activity-1.9.0.aar (androidx.activity:activity:1.9.0) with JetifyTransform
Transforming activity-1.9.0.aar (androidx.activity:activity:1.9.0) with AarToClassTransform
Transforming runtime-saveable-release.aar (androidx.compose.runtime:runtime-saveable-android:1.7.8) with JetifyTransform
Transforming runtime-saveable-release.aar (androidx.compose.runtime:runtime-saveable-android:1.7.8) with AarToClassTransform
Transforming runtime-release.aar (androidx.compose.runtime:runtime-android:1.7.8) with JetifyTransform
Transforming runtime-release.aar (androidx.compose.runtime:runtime-android:1.7.8) with AarToClassTransform
Transforming annotation-experimental-1.4.1.aar (androidx.annotation:annotation-experimental:1.4.1) with JetifyTransform
Transforming annotation-experimental-1.4.1.aar (androidx.annotation:annotation-experimental:1.4.1) with AarToClassTransform
Transforming versionedparcelable-1.1.1.aar (androidx.versionedparcelable:versionedparcelable:1.1.1) with JetifyTransform
Transforming versionedparcelable-1.1.1.aar (androidx.versionedparcelable:versionedparcelable:1.1.1) with AarToClassTransform
Transforming collection-jvm-1.4.4.jar (androidx.collection:collection-jvm:1.4.4) with JetifyTransform
Transforming collection-jvm-1.4.4.jar (androidx.collection:collection-jvm:1.4.4) with IdentityTransform
Transforming core-runtime-2.2.0.aar (androidx.arch.core:core-runtime:2.2.0) with JetifyTransform
Transforming core-runtime-2.2.0.aar (androidx.arch.core:core-runtime:2.2.0) with AarToClassTransform
Transforming core-common-2.2.0.jar (androidx.arch.core:core-common:2.2.0) with JetifyTransform
Transforming core-common-2.2.0.jar (androidx.arch.core:core-common:2.2.0) with IdentityTransform
Transforming annotation-jvm-1.9.1.jar (androidx.annotation:annotation-jvm:1.9.1) with JetifyTransform
Transforming annotation-jvm-1.9.1.jar (androidx.annotation:annotation-jvm:1.9.1) with IdentityTransform
Transforming kotlinx-serialization-core-jvm-1.7.3.jar (org.jetbrains.kotlinx:kotlinx-serialization-core-jvm:1.7.3) with JetifyTransform
Transforming kotlinx-serialization-core-jvm-1.7.3.jar (org.jetbrains.kotlinx:kotlinx-serialization-core-jvm:1.7.3) with IdentityTransform
Transforming kotlinx-coroutines-core-jvm-1.8.1.jar (org.jetbrains.kotlinx:kotlinx-coroutines-core-jvm:1.8.1) with JetifyTransform
Transforming kotlinx-coroutines-core-jvm-1.8.1.jar (org.jetbrains.kotlinx:kotlinx-coroutines-core-jvm:1.8.1) with IdentityTransform
Transforming kotlinx-coroutines-android-1.8.1.jar (org.jetbrains.kotlinx:kotlinx-coroutines-android:1.8.1) with JetifyTransform
Transforming kotlinx-coroutines-android-1.8.1.jar (org.jetbrains.kotlinx:kotlinx-coroutines-android:1.8.1) with IdentityTransform
Transforming okhttp-4.12.0.jar (com.squareup.okhttp3:okhttp:4.12.0) with JetifyTransform
Transforming okhttp-4.12.0.jar (com.squareup.okhttp3:okhttp:4.12.0) with IdentityTransform
Transforming kotlin-stdlib-jdk8-1.9.25.jar (org.jetbrains.kotlin:kotlin-stdlib-jdk8:1.9.25) with JetifyTransform
Transforming kotlin-stdlib-jdk8-1.9.25.jar (org.jetbrains.kotlin:kotlin-stdlib-jdk8:1.9.25) with IdentityTransform
Transforming okio-jvm-3.9.0.jar (com.squareup.okio:okio-jvm:3.9.0) with JetifyTransform
Transforming okio-jvm-3.9.0.jar (com.squareup.okio:okio-jvm:3.9.0) with IdentityTransform
Transforming kotlin-stdlib-jdk7-1.9.25.jar (org.jetbrains.kotlin:kotlin-stdlib-jdk7:1.9.25) with JetifyTransform
Transforming kotlin-stdlib-jdk7-1.9.25.jar (org.jetbrains.kotlin:kotlin-stdlib-jdk7:1.9.25) with IdentityTransform
Transforming kotlin-stdlib-1.9.25.jar (org.jetbrains.kotlin:kotlin-stdlib:1.9.25) with JetifyTransform
Transforming kotlin-stdlib-1.9.25.jar (org.jetbrains.kotlin:kotlin-stdlib:1.9.25) with IdentityTransform
Transforming annotations-23.0.0.jar (org.jetbrains:annotations:23.0.0) with JetifyTransform
Transforming annotations-23.0.0.jar (org.jetbrains:annotations:23.0.0) with IdentityTransform
Transforming jspecify-1.0.0.jar (org.jspecify:jspecify:1.0.0) with JetifyTransform
Transforming jspecify-1.0.0.jar (org.jspecify:jspecify:1.0.0) with IdentityTransform
Transforming hilt-core-2.51.1.jar (com.google.dagger:hilt-core:2.51.1) with JetifyTransform
Transforming hilt-core-2.51.1.jar (com.google.dagger:hilt-core:2.51.1) with IdentityTransform
Transforming dagger-2.51.1.jar (com.google.dagger:dagger:2.51.1) with JetifyTransform
Transforming dagger-2.51.1.jar (com.google.dagger:dagger:2.51.1) with IdentityTransform
Transforming javax.inject-1.jar (javax.inject:javax.inject:1) with JetifyTransform
Transforming javax.inject-1.jar (javax.inject:javax.inject:1) with IdentityTransform
Transforming dagger-lint-aar-2.51.1.aar (com.google.dagger:dagger-lint-aar:2.51.1) with JetifyTransform
Transforming dagger-lint-aar-2.51.1.aar (com.google.dagger:dagger-lint-aar:2.51.1) with AarToClassTransform
Transforming jsr305-3.0.2.jar (com.google.code.findbugs:jsr305:3.0.2) with JetifyTransform
Transforming jsr305-3.0.2.jar (com.google.code.findbugs:jsr305:3.0.2) with IdentityTransform
Transforming R.jar with ClasspathEntrySnapshotTransform
Transforming classes.jar with ClasspathEntrySnapshotTransform
Transforming classes.jar with ClasspathEntrySnapshotTransform
Transforming jetified-hilt-navigation-compose-1.2.0-api.jar with ClasspathEntrySnapshotTransform
Transforming jetified-hilt-navigation-1.2.0-api.jar with ClasspathEntrySnapshotTransform
Transforming jetified-hilt-android-2.51.1-api.jar with ClasspathEntrySnapshotTransform
Transforming jetified-coil-compose-2.7.0-api.jar with ClasspathEntrySnapshotTransform
Transforming jetified-material3-window-size-class-release-api.jar with ClasspathEntrySnapshotTransform
Transforming jetified-material3-release-api.jar with ClasspathEntrySnapshotTransform
Transforming jetified-ui-util-release-api.jar with ClasspathEntrySnapshotTransform
Transforming jetified-ui-unit-release-api.jar with ClasspathEntrySnapshotTransform
Transforming jetified-ui-text-release-api.jar with ClasspathEntrySnapshotTransform
Transforming jetified-ui-graphics-release-api.jar with ClasspathEntrySnapshotTransform
Transforming jetified-navigation-compose-2.5.1-api.jar with ClasspathEntrySnapshotTransform
Transforming jetified-coil-compose-base-2.7.0-api.jar with ClasspathEntrySnapshotTransform
Transforming jetified-foundation-layout-release-api.jar with ClasspathEntrySnapshotTransform
Transforming jetified-material-icons-core-release-api.jar with ClasspathEntrySnapshotTransform
Transforming jetified-material-ripple-release-api.jar with ClasspathEntrySnapshotTransform
Transforming jetified-foundation-release-api.jar with ClasspathEntrySnapshotTransform
Transforming jetified-animation-core-release-api.jar with ClasspathEntrySnapshotTransform
Transforming jetified-animation-release-api.jar with ClasspathEntrySnapshotTransform
Transforming jetified-ui-geometry-release-api.jar with ClasspathEntrySnapshotTransform
Transforming jetified-ui-tooling-data-release-api.jar with ClasspathEntrySnapshotTransform
Transforming jetified-ui-tooling-preview-release-api.jar with ClasspathEntrySnapshotTransform
Transforming fragment-1.5.1-api.jar with ClasspathEntrySnapshotTransform
Transforming loader-1.0.0-api.jar with ClasspathEntrySnapshotTransform
Transforming navigation-runtime-ktx-2.5.1-api.jar with ClasspathEntrySnapshotTransform
Transforming navigation-runtime-2.5.1-api.jar with ClasspathEntrySnapshotTransform
Transforming jetified-activity-compose-1.9.0-api.jar with ClasspathEntrySnapshotTransform
Transforming jetified-activity-ktx-1.9.0-api.jar with ClasspathEntrySnapshotTransform
Transforming jetified-core-ktx-1.13.1-api.jar with ClasspathEntrySnapshotTransform
Transforming viewpager-1.0.0-api.jar with ClasspathEntrySnapshotTransform
Transforming customview-1.0.0-api.jar with ClasspathEntrySnapshotTransform
Transforming core-1.13.1-api.jar with ClasspathEntrySnapshotTransform
Transforming jetified-coil-2.7.0-api.jar with ClasspathEntrySnapshotTransform
Transforming jetified-coil-base-2.7.0-api.jar with ClasspathEntrySnapshotTransform
Transforming navigation-common-ktx-2.5.1-api.jar with ClasspathEntrySnapshotTransform
Transforming navigation-common-2.5.1-api.jar with ClasspathEntrySnapshotTransform
Transforming jetified-lifecycle-runtime-ktx-api.jar with ClasspathEntrySnapshotTransform
Transforming jetified-lifecycle-livedata-core-ktx-2.9.1-api.jar with ClasspathEntrySnapshotTransform
Transforming jetified-lifecycle-viewmodel-ktx-2.9.1-api.jar with ClasspathEntrySnapshotTransform
Transforming lifecycle-livedata-2.9.1-api.jar with ClasspathEntrySnapshotTransform
Transforming jetified-lifecycle-runtime-compose-release-api.jar with ClasspathEntrySnapshotTransform
Transforming jetified-lifecycle-runtime-release-api.jar with ClasspathEntrySnapshotTransform
Transforming jetified-lifecycle-viewmodel-savedstate-release-api.jar with ClasspathEntrySnapshotTransform
Transforming lifecycle-viewmodel-2.9.1-api.jar with ClasspathEntrySnapshotTransform
Transforming jetified-lifecycle-viewmodel-release-api.jar with ClasspathEntrySnapshotTransform
Transforming jetified-savedstate-ktx-1.3.0-api.jar with ClasspathEntrySnapshotTransform
Transforming jetified-savedstate-release-api.jar with ClasspathEntrySnapshotTransform
Transforming jetified-lifecycle-common-jvm-2.9.1.jar with ClasspathEntrySnapshotTransform
Transforming lifecycle-livedata-core-2.9.1-api.jar with ClasspathEntrySnapshotTransform
Transforming jetified-lifecycle-viewmodel-compose-release-api.jar with ClasspathEntrySnapshotTransform
Transforming jetified-ui-release-api.jar with ClasspathEntrySnapshotTransform
Transforming jetified-ui-tooling-release-api.jar with ClasspathEntrySnapshotTransform
Transforming jetified-ui-test-manifest-1.7.8-api.jar with ClasspathEntrySnapshotTransform
Transforming jetified-activity-1.9.0-api.jar with ClasspathEntrySnapshotTransform
Transforming jetified-runtime-saveable-release-api.jar with ClasspathEntrySnapshotTransform
Transforming jetified-runtime-release-api.jar with ClasspathEntrySnapshotTransform
Transforming jetified-annotation-experimental-1.4.1-api.jar with ClasspathEntrySnapshotTransform
Transforming versionedparcelable-1.1.1-api.jar with ClasspathEntrySnapshotTransform
Transforming jetified-collection-jvm-1.4.4.jar with ClasspathEntrySnapshotTransform
Transforming core-runtime-2.2.0-api.jar with ClasspathEntrySnapshotTransform
Transforming core-common-2.2.0.jar with ClasspathEntrySnapshotTransform
Transforming jetified-annotation-jvm-1.9.1.jar with ClasspathEntrySnapshotTransform
Transforming jetified-kotlinx-serialization-core-jvm-1.7.3.jar with ClasspathEntrySnapshotTransform
Transforming jetified-kotlinx-coroutines-core-jvm-1.8.1.jar with ClasspathEntrySnapshotTransform
Transforming jetified-kotlinx-coroutines-android-1.8.1.jar with ClasspathEntrySnapshotTransform
Transforming jetified-okhttp-4.12.0.jar with ClasspathEntrySnapshotTransform
Transforming jetified-kotlin-stdlib-jdk8-1.9.25.jar with ClasspathEntrySnapshotTransform
Transforming jetified-okio-jvm-3.9.0.jar with ClasspathEntrySnapshotTransform
Transforming jetified-kotlin-stdlib-jdk7-1.9.25.jar with ClasspathEntrySnapshotTransform
Transforming jetified-kotlin-stdlib-1.9.25.jar with ClasspathEntrySnapshotTransform
Transforming jetified-annotations-23.0.0.jar with ClasspathEntrySnapshotTransform
Transforming jetified-jspecify-1.0.0.jar with ClasspathEntrySnapshotTransform
Transforming jetified-hilt-core-2.51.1.jar with ClasspathEntrySnapshotTransform
Transforming jetified-dagger-2.51.1.jar with ClasspathEntrySnapshotTransform
Transforming jetified-javax.inject-1.jar with ClasspathEntrySnapshotTransform
Transforming jetified-dagger-lint-aar-2.51.1-api.jar with ClasspathEntrySnapshotTransform
Transforming jetified-jsr305-3.0.2.jar with ClasspathEntrySnapshotTransform
Transforming android.jar with ClasspathEntrySnapshotTransform
Transforming core-lambda-stubs.jar with ClasspathEntrySnapshotTransform
file or directory 'C:\Users\xmeta\projects\Mr.Comic\android\feature-themes\src\debug\kotlin', not found
file or directory 'C:\Users\xmeta\projects\Mr.Comic\android\feature-themes\src\debug\java', not found
file or directory 'C:\Users\xmeta\projects\Mr.Comic\android\feature-themes\src\main\kotlin', not found
file or directory 'C:\Users\xmeta\projects\Mr.Comic\android\feature-themes\src\debug\java', not found
Build cache key for task ':android:feature-themes:kspDebugKotlin' is 3793609a188384b0070f82e7fb311021
Skipping task ':android:feature-themes:kspDebugKotlin' as it is up-to-date.
Resolve mutations for :android:feature-themes:compileDebugKotlin (Thread[Execution worker Thread 3,5,main]) started.
:android:feature-themes:compileDebugKotlin (Thread[Execution worker Thread 3,5,main]) started.

> Task :android:app:mergeDebugNativeLibs UP-TO-DATE
Transforming core-splashscreen-1.0.1.aar (androidx.core:core-splashscreen:1.0.1) with JetifyTransform
Transforming core-splashscreen-1.0.1.aar (androidx.core:core-splashscreen:1.0.1) with ExtractAarTransform
Transforming core-splashscreen-1.0.1.aar (androidx.core:core-splashscreen:1.0.1) with AarTransform
Transforming hilt-navigation-compose-1.2.0.aar (androidx.hilt:hilt-navigation-compose:1.2.0) with JetifyTransform
Transforming hilt-navigation-compose-1.2.0.aar (androidx.hilt:hilt-navigation-compose:1.2.0) with ExtractAarTransform
Transforming hilt-navigation-compose-1.2.0.aar (androidx.hilt:hilt-navigation-compose:1.2.0) with AarTransform
Transforming hilt-navigation-1.2.0.aar (androidx.hilt:hilt-navigation:1.2.0) with JetifyTransform
Transforming hilt-navigation-1.2.0.aar (androidx.hilt:hilt-navigation:1.2.0) with ExtractAarTransform
Transforming hilt-navigation-1.2.0.aar (androidx.hilt:hilt-navigation:1.2.0) with AarTransform
Transforming navigation-common-2.7.7.aar (androidx.navigation:navigation-common:2.7.7) with JetifyTransform
Transforming navigation-common-2.7.7.aar (androidx.navigation:navigation-common:2.7.7) with ExtractAarTransform
Transforming navigation-common-2.7.7.aar (androidx.navigation:navigation-common:2.7.7) with AarTransform
Transforming navigation-runtime-2.7.7.aar (androidx.navigation:navigation-runtime:2.7.7) with JetifyTransform
Transforming navigation-runtime-2.7.7.aar (androidx.navigation:navigation-runtime:2.7.7) with ExtractAarTransform
Transforming navigation-runtime-2.7.7.aar (androidx.navigation:navigation-runtime:2.7.7) with AarTransform
Transforming navigation-common-ktx-2.7.7.aar (androidx.navigation:navigation-common-ktx:2.7.7) with JetifyTransform
Transforming navigation-common-ktx-2.7.7.aar (androidx.navigation:navigation-common-ktx:2.7.7) with ExtractAarTransform
Transforming navigation-common-ktx-2.7.7.aar (androidx.navigation:navigation-common-ktx:2.7.7) with AarTransform
Transforming navigation-runtime-ktx-2.7.7.aar (androidx.navigation:navigation-runtime-ktx:2.7.7) with JetifyTransform
Transforming navigation-runtime-ktx-2.7.7.aar (androidx.navigation:navigation-runtime-ktx:2.7.7) with ExtractAarTransform
Transforming navigation-runtime-ktx-2.7.7.aar (androidx.navigation:navigation-runtime-ktx:2.7.7) with AarTransform
Transforming navigation-compose-2.7.7.aar (androidx.navigation:navigation-compose:2.7.7) with JetifyTransform
Transforming navigation-compose-2.7.7.aar (androidx.navigation:navigation-compose:2.7.7) with ExtractAarTransform
Transforming navigation-compose-2.7.7.aar (androidx.navigation:navigation-compose:2.7.7) with AarTransform
Transforming hilt-work-1.2.0.aar (androidx.hilt:hilt-work:1.2.0) with JetifyTransform
Transforming hilt-work-1.2.0.aar (androidx.hilt:hilt-work:1.2.0) with ExtractAarTransform
Transforming hilt-work-1.2.0.aar (androidx.hilt:hilt-work:1.2.0) with AarTransform
Transforming hilt-android-2.51.1.aar (com.google.dagger:hilt-android:2.51.1) with JetifyTransform
Transforming hilt-android-2.51.1.aar (com.google.dagger:hilt-android:2.51.1) with ExtractAarTransform
Transforming hilt-android-2.51.1.aar (com.google.dagger:hilt-android:2.51.1) with AarTransform
Transforming room-common-jvm-2.7.2.jar (androidx.room:room-common-jvm:2.7.2) with JetifyTransform
Transforming room-common-jvm-2.7.2.jar (androidx.room:room-common-jvm:2.7.2) with ExtractJniTransform
Transforming room-runtime-release.aar (androidx.room:room-runtime-android:2.7.2) with JetifyTransform
Transforming room-runtime-release.aar (androidx.room:room-runtime-android:2.7.2) with ExtractAarTransform
Transforming room-runtime-release.aar (androidx.room:room-runtime-android:2.7.2) with AarTransform
Transforming work-runtime-ktx-2.9.0.aar (androidx.work:work-runtime-ktx:2.9.0) with JetifyTransform
Transforming work-runtime-ktx-2.9.0.aar (androidx.work:work-runtime-ktx:2.9.0) with ExtractAarTransform
Transforming work-runtime-ktx-2.9.0.aar (androidx.work:work-runtime-ktx:2.9.0) with AarTransform
Transforming work-runtime-2.9.0.aar (androidx.work:work-runtime:2.9.0) with JetifyTransform
Transforming work-runtime-2.9.0.aar (androidx.work:work-runtime:2.9.0) with ExtractAarTransform
Transforming work-runtime-2.9.0.aar (androidx.work:work-runtime:2.9.0) with AarTransform
Transforming room-ktx-2.7.2.aar (androidx.room:room-ktx:2.7.2) with JetifyTransform
Transforming room-ktx-2.7.2.aar (androidx.room:room-ktx:2.7.2) with ExtractAarTransform
Transforming room-ktx-2.7.2.aar (androidx.room:room-ktx:2.7.2) with AarTransform
Transforming coil-compose-2.7.0.aar (io.coil-kt:coil-compose:2.7.0) with JetifyTransform
Transforming coil-compose-2.7.0.aar (io.coil-kt:coil-compose:2.7.0) with ExtractAarTransform
Transforming coil-compose-2.7.0.aar (io.coil-kt:coil-compose:2.7.0) with AarTransform
Transforming material-1.11.0.aar (com.google.android.material:material:1.11.0) with JetifyTransform
Transforming material-1.11.0.aar (com.google.android.material:material:1.11.0) with ExtractAarTransform
Transforming material-1.11.0.aar (com.google.android.material:material:1.11.0) with AarTransform
Transforming constraintlayout-2.0.1.aar (androidx.constraintlayout:constraintlayout:2.0.1) with JetifyTransform
Transforming constraintlayout-2.0.1.aar (androidx.constraintlayout:constraintlayout:2.0.1) with ExtractAarTransform
Transforming constraintlayout-2.0.1.aar (androidx.constraintlayout:constraintlayout:2.0.1) with AarTransform
Transforming coil-compose-base-2.7.0.aar (io.coil-kt:coil-compose-base:2.7.0) with JetifyTransform
Transforming coil-compose-base-2.7.0.aar (io.coil-kt:coil-compose-base:2.7.0) with ExtractAarTransform
Transforming coil-compose-base-2.7.0.aar (io.coil-kt:coil-compose-base:2.7.0) with AarTransform
Transforming coil-2.7.0.aar (io.coil-kt:coil:2.7.0) with JetifyTransform
Transforming coil-2.7.0.aar (io.coil-kt:coil:2.7.0) with ExtractAarTransform
Transforming coil-2.7.0.aar (io.coil-kt:coil:2.7.0) with AarTransform
Transforming coil-base-2.7.0.aar (io.coil-kt:coil-base:2.7.0) with JetifyTransform
Transforming coil-base-2.7.0.aar (io.coil-kt:coil-base:2.7.0) with ExtractAarTransform
Transforming coil-base-2.7.0.aar (io.coil-kt:coil-base:2.7.0) with AarTransform
Transforming appcompat-resources-1.6.1.aar (androidx.appcompat:appcompat-resources:1.6.1) with JetifyTransform
Transforming appcompat-resources-1.6.1.aar (androidx.appcompat:appcompat-resources:1.6.1) with ExtractAarTransform
Transforming appcompat-resources-1.6.1.aar (androidx.appcompat:appcompat-resources:1.6.1) with AarTransform
Transforming lottie-compose-6.4.1.aar (com.airbnb.android:lottie-compose:6.4.1) with JetifyTransform
Transforming lottie-compose-6.4.1.aar (com.airbnb.android:lottie-compose:6.4.1) with ExtractAarTransform
Transforming lottie-compose-6.4.1.aar (com.airbnb.android:lottie-compose:6.4.1) with AarTransform
Transforming lottie-6.4.1.aar (com.airbnb.android:lottie:6.4.1) with JetifyTransform
Transforming lottie-6.4.1.aar (com.airbnb.android:lottie:6.4.1) with ExtractAarTransform
Transforming lottie-6.4.1.aar (com.airbnb.android:lottie:6.4.1) with AarTransform
Transforming text-recognition-16.0.1.aar (com.google.mlkit:text-recognition:16.0.1) with JetifyTransform
Transforming text-recognition-16.0.1.aar (com.google.mlkit:text-recognition:16.0.1) with ExtractAarTransform
Transforming text-recognition-16.0.1.aar (com.google.mlkit:text-recognition:16.0.1) with AarTransform
Transforming play-services-mlkit-text-recognition-19.0.1.aar (com.google.android.gms:play-services-mlkit-text-recognition:19.0.1) with JetifyTransform
Transforming play-services-mlkit-text-recognition-19.0.1.aar (com.google.android.gms:play-services-mlkit-text-recognition:19.0.1) with ExtractAarTransform
Transforming play-services-mlkit-text-recognition-19.0.1.aar (com.google.android.gms:play-services-mlkit-text-recognition:19.0.1) with AarTransform
Transforming text-recognition-bundled-common-17.0.0.aar (com.google.mlkit:text-recognition-bundled-common:17.0.0) with JetifyTransform
Transforming text-recognition-bundled-common-17.0.0.aar (com.google.mlkit:text-recognition-bundled-common:17.0.0) with ExtractAarTransform
Transforming text-recognition-bundled-common-17.0.0.aar (com.google.mlkit:text-recognition-bundled-common:17.0.0) with AarTransform
Transforming play-services-mlkit-text-recognition-common-19.1.0.aar (com.google.android.gms:play-services-mlkit-text-recognition-common:19.1.0) with JetifyTransform
Transforming play-services-mlkit-text-recognition-common-19.1.0.aar (com.google.android.gms:play-services-mlkit-text-recognition-common:19.1.0) with ExtractAarTransform
Transforming play-services-mlkit-text-recognition-common-19.1.0.aar (com.google.android.gms:play-services-mlkit-text-recognition-common:19.1.0) with AarTransform
Transforming vision-common-17.3.0.aar (com.google.mlkit:vision-common:17.3.0) with JetifyTransform
Transforming vision-common-17.3.0.aar (com.google.mlkit:vision-common:17.3.0) with ExtractAarTransform
Transforming vision-common-17.3.0.aar (com.google.mlkit:vision-common:17.3.0) with AarTransform
Transforming vision-common-17.3.0.aar (com.google.mlkit:vision-common:17.3.0) with JetifyTransform
Transforming vision-common-17.3.0.aar (com.google.mlkit:vision-common:17.3.0) with ExtractAarTransform
Transforming vision-common-17.3.0.aar (com.google.mlkit:vision-common:17.3.0) with AarTransform
Transforming common-18.11.0.aar (com.google.mlkit:common:18.11.0) with JetifyTransform
Transforming common-18.11.0.aar (com.google.mlkit:common:18.11.0) with ExtractAarTransform
Transforming common-18.11.0.aar (com.google.mlkit:common:18.11.0) with AarTransform
Transforming common-18.11.0.aar (com.google.mlkit:common:18.11.0) with JetifyTransform
Transforming common-18.11.0.aar (com.google.mlkit:common:18.11.0) with ExtractAarTransform
Transforming common-18.11.0.aar (com.google.mlkit:common:18.11.0) with AarTransform
Transforming common-18.11.0.aar (com.google.mlkit:common:18.11.0) with JetifyTransform
Transforming common-18.11.0.aar (com.google.mlkit:common:18.11.0) with ExtractAarTransform
Transforming common-18.11.0.aar (com.google.mlkit:common:18.11.0) with AarTransform
Transforming common-18.11.0.aar (com.google.mlkit:common:18.11.0) with JetifyTransform
Transforming common-18.11.0.aar (com.google.mlkit:common:18.11.0) with ExtractAarTransform
Transforming common-18.11.0.aar (com.google.mlkit:common:18.11.0) with AarTransform
Transforming common-18.11.0.aar (com.google.mlkit:common:18.11.0) with JetifyTransform
Transforming common-18.11.0.aar (com.google.mlkit:common:18.11.0) with ExtractAarTransform
Transforming common-18.11.0.aar (com.google.mlkit:common:18.11.0) with AarTransform
Transforming appcompat-1.6.1.aar (androidx.appcompat:appcompat:1.6.1) with JetifyTransform
Transforming appcompat-1.6.1.aar (androidx.appcompat:appcompat:1.6.1) with ExtractAarTransform
Transforming appcompat-1.6.1.aar (androidx.appcompat:appcompat:1.6.1) with AarTransform
Transforming appcompat-1.6.1.aar (androidx.appcompat:appcompat:1.6.1) with JetifyTransform
Transforming appcompat-1.6.1.aar (androidx.appcompat:appcompat:1.6.1) with ExtractAarTransform
Transforming appcompat-1.6.1.aar (androidx.appcompat:appcompat:1.6.1) with AarTransform
Transforming glide-4.15.1.aar (com.github.bumptech.glide:glide:4.15.1) with JetifyTransform
Transforming glide-4.15.1.aar (com.github.bumptech.glide:glide:4.15.1) with ExtractAarTransform
Transforming glide-4.15.1.aar (com.github.bumptech.glide:glide:4.15.1) with AarTransform
Transforming viewpager2-1.0.0.aar (androidx.viewpager2:viewpager2:1.0.0) with JetifyTransform
Transforming viewpager2-1.0.0.aar (androidx.viewpager2:viewpager2:1.0.0) with ExtractAarTransform
Transforming viewpager2-1.0.0.aar (androidx.viewpager2:viewpager2:1.0.0) with AarTransform
Transforming pdfium-android-1.9.0.aar (com.github.barteksc:pdfium-android:1.9.0) with JetifyTransform
Transforming pdfium-android-1.9.0.aar (com.github.barteksc:pdfium-android:1.9.0) with ExtractAarTransform
Transforming pdfium-android-1.9.0.aar (com.github.barteksc:pdfium-android:1.9.0) with AarTransform
Transforming legacy-support-v4-1.0.0.aar (androidx.legacy:legacy-support-v4:1.0.0) with JetifyTransform
Transforming legacy-support-v4-1.0.0.aar (androidx.legacy:legacy-support-v4:1.0.0) with ExtractAarTransform
Transforming legacy-support-v4-1.0.0.aar (androidx.legacy:legacy-support-v4:1.0.0) with AarTransform
Transforming play-services-base-18.5.0.aar (com.google.android.gms:play-services-base:18.5.0) with JetifyTransform
Transforming play-services-base-18.5.0.aar (com.google.android.gms:play-services-base:18.5.0) with ExtractAarTransform
Transforming play-services-base-18.5.0.aar (com.google.android.gms:play-services-base:18.5.0) with AarTransform
Transforming play-services-base-18.5.0.aar (com.google.android.gms:play-services-base:18.5.0) with JetifyTransform
Transforming play-services-base-18.5.0.aar (com.google.android.gms:play-services-base:18.5.0) with ExtractAarTransform
Transforming play-services-base-18.5.0.aar (com.google.android.gms:play-services-base:18.5.0) with AarTransform
Transforming play-services-base-18.5.0.aar (com.google.android.gms:play-services-base:18.5.0) with JetifyTransform
Transforming play-services-base-18.5.0.aar (com.google.android.gms:play-services-base:18.5.0) with ExtractAarTransform
Transforming play-services-base-18.5.0.aar (com.google.android.gms:play-services-base:18.5.0) with AarTransform
Transforming play-services-base-18.5.0.aar (com.google.android.gms:play-services-base:18.5.0) with JetifyTransform
Transforming play-services-base-18.5.0.aar (com.google.android.gms:play-services-base:18.5.0) with ExtractAarTransform
Transforming play-services-base-18.5.0.aar (com.google.android.gms:play-services-base:18.5.0) with AarTransform
Transforming play-services-base-18.5.0.aar (com.google.android.gms:play-services-base:18.5.0) with JetifyTransform
Transforming play-services-base-18.5.0.aar (com.google.android.gms:play-services-base:18.5.0) with ExtractAarTransform
Transforming play-services-base-18.5.0.aar (com.google.android.gms:play-services-base:18.5.0) with AarTransform
Transforming play-services-base-18.5.0.aar (com.google.android.gms:play-services-base:18.5.0) with JetifyTransform
Transforming play-services-base-18.5.0.aar (com.google.android.gms:play-services-base:18.5.0) with ExtractAarTransform
Transforming play-services-base-18.5.0.aar (com.google.android.gms:play-services-base:18.5.0) with AarTransform
Transforming vision-interfaces-16.3.0.aar (com.google.mlkit:vision-interfaces:16.3.0) with JetifyTransform
Transforming vision-interfaces-16.3.0.aar (com.google.mlkit:vision-interfaces:16.3.0) with ExtractAarTransform
Transforming vision-interfaces-16.3.0.aar (com.google.mlkit:vision-interfaces:16.3.0) with AarTransform
Transforming play-services-tasks-18.2.0.aar (com.google.android.gms:play-services-tasks:18.2.0) with JetifyTransform
Transforming play-services-tasks-18.2.0.aar (com.google.android.gms:play-services-tasks:18.2.0) with ExtractAarTransform
Transforming play-services-tasks-18.2.0.aar (com.google.android.gms:play-services-tasks:18.2.0) with AarTransform
Transforming play-services-tasks-18.2.0.aar (com.google.android.gms:play-services-tasks:18.2.0) with JetifyTransform
Transforming play-services-tasks-18.2.0.aar (com.google.android.gms:play-services-tasks:18.2.0) with ExtractAarTransform
Transforming play-services-tasks-18.2.0.aar (com.google.android.gms:play-services-tasks:18.2.0) with AarTransform
Transforming play-services-tasks-18.2.0.aar (com.google.android.gms:play-services-tasks:18.2.0) with JetifyTransform
Transforming play-services-tasks-18.2.0.aar (com.google.android.gms:play-services-tasks:18.2.0) with ExtractAarTransform
Transforming play-services-tasks-18.2.0.aar (com.google.android.gms:play-services-tasks:18.2.0) with AarTransform
Transforming play-services-tasks-18.2.0.aar (com.google.android.gms:play-services-tasks:18.2.0) with JetifyTransform
Transforming play-services-tasks-18.2.0.aar (com.google.android.gms:play-services-tasks:18.2.0) with ExtractAarTransform
Transforming play-services-tasks-18.2.0.aar (com.google.android.gms:play-services-tasks:18.2.0) with AarTransform
Transforming play-services-tasks-18.2.0.aar (com.google.android.gms:play-services-tasks:18.2.0) with JetifyTransform
Transforming play-services-tasks-18.2.0.aar (com.google.android.gms:play-services-tasks:18.2.0) with ExtractAarTransform
Transforming play-services-tasks-18.2.0.aar (com.google.android.gms:play-services-tasks:18.2.0) with AarTransform
Transforming play-services-tasks-18.2.0.aar (com.google.android.gms:play-services-tasks:18.2.0) with JetifyTransform
Transforming play-services-tasks-18.2.0.aar (com.google.android.gms:play-services-tasks:18.2.0) with ExtractAarTransform
Transforming play-services-tasks-18.2.0.aar (com.google.android.gms:play-services-tasks:18.2.0) with AarTransform
Transforming play-services-basement-18.4.0.aar (com.google.android.gms:play-services-basement:18.4.0) with JetifyTransform
Transforming play-services-basement-18.4.0.aar (com.google.android.gms:play-services-basement:18.4.0) with ExtractAarTransform
Transforming play-services-basement-18.4.0.aar (com.google.android.gms:play-services-basement:18.4.0) with AarTransform
Transforming play-services-basement-18.4.0.aar (com.google.android.gms:play-services-basement:18.4.0) with JetifyTransform
Transforming play-services-basement-18.4.0.aar (com.google.android.gms:play-services-basement:18.4.0) with ExtractAarTransform
Transforming play-services-basement-18.4.0.aar (com.google.android.gms:play-services-basement:18.4.0) with AarTransform
Transforming play-services-basement-18.4.0.aar (com.google.android.gms:play-services-basement:18.4.0) with JetifyTransform
Transforming play-services-basement-18.4.0.aar (com.google.android.gms:play-services-basement:18.4.0) with ExtractAarTransform
Transforming play-services-basement-18.4.0.aar (com.google.android.gms:play-services-basement:18.4.0) with AarTransform
Transforming play-services-basement-18.4.0.aar (com.google.android.gms:play-services-basement:18.4.0) with JetifyTransform
Transforming play-services-basement-18.4.0.aar (com.google.android.gms:play-services-basement:18.4.0) with ExtractAarTransform
Transforming play-services-basement-18.4.0.aar (com.google.android.gms:play-services-basement:18.4.0) with AarTransform
Transforming play-services-basement-18.4.0.aar (com.google.android.gms:play-services-basement:18.4.0) with JetifyTransform
Transforming play-services-basement-18.4.0.aar (com.google.android.gms:play-services-basement:18.4.0) with ExtractAarTransform
Transforming play-services-basement-18.4.0.aar (com.google.android.gms:play-services-basement:18.4.0) with AarTransform
Transforming play-services-basement-18.4.0.aar (com.google.android.gms:play-services-basement:18.4.0) with JetifyTransform
Transforming play-services-basement-18.4.0.aar (com.google.android.gms:play-services-basement:18.4.0) with ExtractAarTransform
Transforming play-services-basement-18.4.0.aar (com.google.android.gms:play-services-basement:18.4.0) with AarTransform
Transforming play-services-basement-18.4.0.aar (com.google.android.gms:play-services-basement:18.4.0) with JetifyTransform
Transforming play-services-basement-18.4.0.aar (com.google.android.gms:play-services-basement:18.4.0) with ExtractAarTransform
Transforming play-services-basement-18.4.0.aar (com.google.android.gms:play-services-basement:18.4.0) with AarTransform
Transforming play-services-basement-18.4.0.aar (com.google.android.gms:play-services-basement:18.4.0) with JetifyTransform
Transforming play-services-basement-18.4.0.aar (com.google.android.gms:play-services-basement:18.4.0) with ExtractAarTransform
Transforming play-services-basement-18.4.0.aar (com.google.android.gms:play-services-basement:18.4.0) with AarTransform
Transforming play-services-basement-18.4.0.aar (com.google.android.gms:play-services-basement:18.4.0) with JetifyTransform
Transforming play-services-basement-18.4.0.aar (com.google.android.gms:play-services-basement:18.4.0) with ExtractAarTransform
Transforming play-services-basement-18.4.0.aar (com.google.android.gms:play-services-basement:18.4.0) with AarTransform
Transforming fragment-1.5.1.aar (androidx.fragment:fragment:1.5.1) with JetifyTransform
Transforming fragment-1.5.1.aar (androidx.fragment:fragment:1.5.1) with ExtractAarTransform
Transforming fragment-1.5.1.aar (androidx.fragment:fragment:1.5.1) with AarTransform
Transforming fragment-1.5.1.aar (androidx.fragment:fragment:1.5.1) with JetifyTransform
Transforming fragment-1.5.1.aar (androidx.fragment:fragment:1.5.1) with ExtractAarTransform
Transforming fragment-1.5.1.aar (androidx.fragment:fragment:1.5.1) with AarTransform
Transforming fragment-1.5.1.aar (androidx.fragment:fragment:1.5.1) with JetifyTransform
Transforming fragment-1.5.1.aar (androidx.fragment:fragment:1.5.1) with ExtractAarTransform
Transforming fragment-1.5.1.aar (androidx.fragment:fragment:1.5.1) with AarTransform
Transforming fragment-1.5.1.aar (androidx.fragment:fragment:1.5.1) with JetifyTransform
Transforming fragment-1.5.1.aar (androidx.fragment:fragment:1.5.1) with ExtractAarTransform
Transforming fragment-1.5.1.aar (androidx.fragment:fragment:1.5.1) with AarTransform
Transforming fragment-1.5.1.aar (androidx.fragment:fragment:1.5.1) with JetifyTransform
Transforming fragment-1.5.1.aar (androidx.fragment:fragment:1.5.1) with ExtractAarTransform
Transforming fragment-1.5.1.aar (androidx.fragment:fragment:1.5.1) with AarTransform
Transforming material3-window-size-class-release.aar (androidx.compose.material3:material3-window-size-class-android:1.2.1) with JetifyTransform
Transforming material3-window-size-class-release.aar (androidx.compose.material3:material3-window-size-class-android:1.2.1) with ExtractAarTransform
Transforming material3-window-size-class-release.aar (androidx.compose.material3:material3-window-size-class-android:1.2.1) with AarTransform
Transforming material3-release.aar (androidx.compose.material3:material3-android:1.2.1) with JetifyTransform
Transforming material3-release.aar (androidx.compose.material3:material3-android:1.2.1) with ExtractAarTransform
Transforming material3-release.aar (androidx.compose.material3:material3-android:1.2.1) with AarTransform
Transforming palette-1.0.0.aar (androidx.palette:palette:1.0.0) with JetifyTransform
Transforming palette-1.0.0.aar (androidx.palette:palette:1.0.0) with ExtractAarTransform
Transforming palette-1.0.0.aar (androidx.palette:palette:1.0.0) with AarTransform
Transforming dynamicanimation-1.0.0.aar (androidx.dynamicanimation:dynamicanimation:1.0.0) with JetifyTransform
Transforming dynamicanimation-1.0.0.aar (androidx.dynamicanimation:dynamicanimation:1.0.0) with ExtractAarTransform
Transforming dynamicanimation-1.0.0.aar (androidx.dynamicanimation:dynamicanimation:1.0.0) with AarTransform
Transforming legacy-support-core-ui-1.0.0.aar (androidx.legacy:legacy-support-core-ui:1.0.0) with JetifyTransform
Transforming legacy-support-core-ui-1.0.0.aar (androidx.legacy:legacy-support-core-ui:1.0.0) with ExtractAarTransform
Transforming legacy-support-core-ui-1.0.0.aar (androidx.legacy:legacy-support-core-ui:1.0.0) with AarTransform
Transforming legacy-support-core-utils-1.0.0.aar (androidx.legacy:legacy-support-core-utils:1.0.0) with JetifyTransform
Transforming legacy-support-core-utils-1.0.0.aar (androidx.legacy:legacy-support-core-utils:1.0.0) with ExtractAarTransform
Transforming legacy-support-core-utils-1.0.0.aar (androidx.legacy:legacy-support-core-utils:1.0.0) with AarTransform
Transforming legacy-support-core-utils-1.0.0.aar (androidx.legacy:legacy-support-core-utils:1.0.0) with JetifyTransform
Transforming legacy-support-core-utils-1.0.0.aar (androidx.legacy:legacy-support-core-utils:1.0.0) with ExtractAarTransform
Transforming legacy-support-core-utils-1.0.0.aar (androidx.legacy:legacy-support-core-utils:1.0.0) with AarTransform
Transforming legacy-support-core-utils-1.0.0.aar (androidx.legacy:legacy-support-core-utils:1.0.0) with JetifyTransform
Transforming legacy-support-core-utils-1.0.0.aar (androidx.legacy:legacy-support-core-utils:1.0.0) with ExtractAarTransform
Transforming legacy-support-core-utils-1.0.0.aar (androidx.legacy:legacy-support-core-utils:1.0.0) with AarTransform
Transforming legacy-support-core-utils-1.0.0.aar (androidx.legacy:legacy-support-core-utils:1.0.0) with JetifyTransform
Transforming legacy-support-core-utils-1.0.0.aar (androidx.legacy:legacy-support-core-utils:1.0.0) with ExtractAarTransform
Transforming legacy-support-core-utils-1.0.0.aar (androidx.legacy:legacy-support-core-utils:1.0.0) with AarTransform
Transforming loader-1.0.0.aar (androidx.loader:loader:1.0.0) with JetifyTransform
Transforming loader-1.0.0.aar (androidx.loader:loader:1.0.0) with ExtractAarTransform
Transforming loader-1.0.0.aar (androidx.loader:loader:1.0.0) with AarTransform
Transforming loader-1.0.0.aar (androidx.loader:loader:1.0.0) with JetifyTransform
Transforming loader-1.0.0.aar (androidx.loader:loader:1.0.0) with ExtractAarTransform
Transforming loader-1.0.0.aar (androidx.loader:loader:1.0.0) with AarTransform
Transforming accompanist-permissions-0.37.3.aar (com.google.accompanist:accompanist-permissions:0.37.3) with JetifyTransform
Transforming accompanist-permissions-0.37.3.aar (com.google.accompanist:accompanist-permissions:0.37.3) with ExtractAarTransform
Transforming accompanist-permissions-0.37.3.aar (com.google.accompanist:accompanist-permissions:0.37.3) with AarTransform
Transforming constraintlayout-compose-1.0.1.aar (androidx.constraintlayout:constraintlayout-compose:1.0.1) with JetifyTransform
Transforming constraintlayout-compose-1.0.1.aar (androidx.constraintlayout:constraintlayout-compose:1.0.1) with ExtractAarTransform
Transforming constraintlayout-compose-1.0.1.aar (androidx.constraintlayout:constraintlayout-compose:1.0.1) with AarTransform
Transforming accompanist-systemuicontroller-0.34.0.aar (com.google.accompanist:accompanist-systemuicontroller:0.34.0) with JetifyTransform
Transforming accompanist-systemuicontroller-0.34.0.aar (com.google.accompanist:accompanist-systemuicontroller:0.34.0) with ExtractAarTransform
Transforming accompanist-systemuicontroller-0.34.0.aar (com.google.accompanist:accompanist-systemuicontroller:0.34.0) with AarTransform
Transforming accompanist-adaptive-0.34.0.aar (com.google.accompanist:accompanist-adaptive:0.34.0) with JetifyTransform
Transforming accompanist-adaptive-0.34.0.aar (com.google.accompanist:accompanist-adaptive:0.34.0) with ExtractAarTransform
Transforming accompanist-adaptive-0.34.0.aar (com.google.accompanist:accompanist-adaptive:0.34.0) with AarTransform
Transforming accompanist-drawablepainter-0.32.0.aar (com.google.accompanist:accompanist-drawablepainter:0.32.0) with JetifyTransform
Transforming accompanist-drawablepainter-0.32.0.aar (com.google.accompanist:accompanist-drawablepainter:0.32.0) with ExtractAarTransform
Transforming accompanist-drawablepainter-0.32.0.aar (com.google.accompanist:accompanist-drawablepainter:0.32.0) with AarTransform
Transforming material-ripple-release.aar (androidx.compose.material:material-ripple-android:1.6.8) with JetifyTransform
Transforming material-ripple-release.aar (androidx.compose.material:material-ripple-android:1.6.8) with ExtractAarTransform
Transforming material-ripple-release.aar (androidx.compose.material:material-ripple-android:1.6.8) with AarTransform
Transforming ui-tooling-data-release.aar (androidx.compose.ui:ui-tooling-data-android:1.7.8) with JetifyTransform
Transforming ui-tooling-data-release.aar (androidx.compose.ui:ui-tooling-data-android:1.7.8) with ExtractAarTransform
Transforming ui-tooling-data-release.aar (androidx.compose.ui:ui-tooling-data-android:1.7.8) with AarTransform
Transforming ui-tooling-preview-release.aar (androidx.compose.ui:ui-tooling-preview-android:1.7.8) with JetifyTransform
Transforming ui-tooling-preview-release.aar (androidx.compose.ui:ui-tooling-preview-android:1.7.8) with ExtractAarTransform
Transforming ui-tooling-preview-release.aar (androidx.compose.ui:ui-tooling-preview-android:1.7.8) with AarTransform
Transforming animation-core-release.aar (androidx.compose.animation:animation-core-android:1.7.8) with JetifyTransform
Transforming animation-core-release.aar (androidx.compose.animation:animation-core-android:1.7.8) with ExtractAarTransform
Transforming animation-core-release.aar (androidx.compose.animation:animation-core-android:1.7.8) with AarTransform
Transforming animation-release.aar (androidx.compose.animation:animation-android:1.7.8) with JetifyTransform
Transforming animation-release.aar (androidx.compose.animation:animation-android:1.7.8) with ExtractAarTransform
Transforming animation-release.aar (androidx.compose.animation:animation-android:1.7.8) with AarTransform
Transforming foundation-layout-release.aar (androidx.compose.foundation:foundation-layout-android:1.7.8) with JetifyTransform
Transforming foundation-layout-release.aar (androidx.compose.foundation:foundation-layout-android:1.7.8) with ExtractAarTransform
Transforming foundation-layout-release.aar (androidx.compose.foundation:foundation-layout-android:1.7.8) with AarTransform
Transforming foundation-release.aar (androidx.compose.foundation:foundation-android:1.7.8) with JetifyTransform
Transforming foundation-release.aar (androidx.compose.foundation:foundation-android:1.7.8) with ExtractAarTransform
Transforming foundation-release.aar (androidx.compose.foundation:foundation-android:1.7.8) with AarTransform
Transforming ui-util-release.aar (androidx.compose.ui:ui-util-android:1.7.8) with JetifyTransform
Transforming ui-util-release.aar (androidx.compose.ui:ui-util-android:1.7.8) with ExtractAarTransform
Transforming ui-util-release.aar (androidx.compose.ui:ui-util-android:1.7.8) with AarTransform
Transforming ui-unit-release.aar (androidx.compose.ui:ui-unit-android:1.7.8) with JetifyTransform
Transforming ui-unit-release.aar (androidx.compose.ui:ui-unit-android:1.7.8) with ExtractAarTransform
Transforming ui-unit-release.aar (androidx.compose.ui:ui-unit-android:1.7.8) with AarTransform
Transforming ui-text-release.aar (androidx.compose.ui:ui-text-android:1.7.8) with JetifyTransform
Transforming ui-text-release.aar (androidx.compose.ui:ui-text-android:1.7.8) with ExtractAarTransform
Transforming ui-text-release.aar (androidx.compose.ui:ui-text-android:1.7.8) with AarTransform
Transforming ui-graphics-release.aar (androidx.compose.ui:ui-graphics-android:1.7.8) with JetifyTransform
Transforming ui-graphics-release.aar (androidx.compose.ui:ui-graphics-android:1.7.8) with ExtractAarTransform
Transforming ui-graphics-release.aar (androidx.compose.ui:ui-graphics-android:1.7.8) with AarTransform
Transforming ui-geometry-release.aar (androidx.compose.ui:ui-geometry-android:1.7.8) with JetifyTransform
Transforming ui-geometry-release.aar (androidx.compose.ui:ui-geometry-android:1.7.8) with ExtractAarTransform
Transforming ui-geometry-release.aar (androidx.compose.ui:ui-geometry-android:1.7.8) with AarTransform
Transforming ui-test-manifest-1.7.8.aar (androidx.compose.ui:ui-test-manifest:1.7.8) with JetifyTransform
Transforming ui-test-manifest-1.7.8.aar (androidx.compose.ui:ui-test-manifest:1.7.8) with ExtractAarTransform
Transforming ui-test-manifest-1.7.8.aar (androidx.compose.ui:ui-test-manifest:1.7.8) with AarTransform
Transforming ui-tooling-release.aar (androidx.compose.ui:ui-tooling-android:1.7.8) with JetifyTransform
Transforming ui-tooling-release.aar (androidx.compose.ui:ui-tooling-android:1.7.8) with ExtractAarTransform
Transforming ui-tooling-release.aar (androidx.compose.ui:ui-tooling-android:1.7.8) with AarTransform
Transforming material-release.aar (androidx.compose.material:material-android:1.6.8) with JetifyTransform
Transforming material-release.aar (androidx.compose.material:material-android:1.6.8) with ExtractAarTransform
Transforming material-release.aar (androidx.compose.material:material-android:1.6.8) with AarTransform
Transforming material-icons-extended-release.aar (androidx.compose.material:material-icons-extended-android:1.6.8) with JetifyTransform
Transforming material-icons-extended-release.aar (androidx.compose.material:material-icons-extended-android:1.6.8) with ExtractAarTransform
Transforming material-icons-extended-release.aar (androidx.compose.material:material-icons-extended-android:1.6.8) with AarTransform
Transforming material-icons-core-release.aar (androidx.compose.material:material-icons-core-android:1.6.8) with JetifyTransform
Transforming material-icons-core-release.aar (androidx.compose.material:material-icons-core-android:1.6.8) with ExtractAarTransform
Transforming material-icons-core-release.aar (androidx.compose.material:material-icons-core-android:1.6.8) with AarTransform
Transforming ui-release.aar (androidx.compose.ui:ui-android:1.7.8) with JetifyTransform
Transforming ui-release.aar (androidx.compose.ui:ui-android:1.7.8) with ExtractAarTransform
Transforming ui-release.aar (androidx.compose.ui:ui-android:1.7.8) with AarTransform
Transforming activity-1.9.0.aar (androidx.activity:activity:1.9.0) with JetifyTransform
Transforming activity-1.9.0.aar (androidx.activity:activity:1.9.0) with ExtractAarTransform
Transforming activity-1.9.0.aar (androidx.activity:activity:1.9.0) with AarTransform
Transforming activity-ktx-1.9.0.aar (androidx.activity:activity-ktx:1.9.0) with JetifyTransform
Transforming activity-ktx-1.9.0.aar (androidx.activity:activity-ktx:1.9.0) with ExtractAarTransform
Transforming activity-ktx-1.9.0.aar (androidx.activity:activity-ktx:1.9.0) with AarTransform
Transforming activity-compose-1.9.0.aar (androidx.activity:activity-compose:1.9.0) with JetifyTransform
Transforming activity-compose-1.9.0.aar (androidx.activity:activity-compose:1.9.0) with ExtractAarTransform
Transforming activity-compose-1.9.0.aar (androidx.activity:activity-compose:1.9.0) with AarTransform
Transforming emoji2-views-helper-1.3.0.aar (androidx.emoji2:emoji2-views-helper:1.3.0) with JetifyTransform
Transforming emoji2-views-helper-1.3.0.aar (androidx.emoji2:emoji2-views-helper:1.3.0) with ExtractAarTransform
Transforming emoji2-views-helper-1.3.0.aar (androidx.emoji2:emoji2-views-helper:1.3.0) with AarTransform
Transforming emoji2-1.3.0.aar (androidx.emoji2:emoji2:1.3.0) with JetifyTransform
Transforming emoji2-1.3.0.aar (androidx.emoji2:emoji2:1.3.0) with ExtractAarTransform
Transforming emoji2-1.3.0.aar (androidx.emoji2:emoji2:1.3.0) with AarTransform
Transforming lifecycle-process-2.9.1.aar (androidx.lifecycle:lifecycle-process:2.9.1) with JetifyTransform
Transforming lifecycle-process-2.9.1.aar (androidx.lifecycle:lifecycle-process:2.9.1) with ExtractAarTransform
Transforming lifecycle-process-2.9.1.aar (androidx.lifecycle:lifecycle-process:2.9.1) with AarTransform
Transforming lifecycle-livedata-core-ktx-2.9.1.aar (androidx.lifecycle:lifecycle-livedata-core-ktx:2.9.1) with JetifyTransform
Transforming lifecycle-livedata-core-ktx-2.9.1.aar (androidx.lifecycle:lifecycle-livedata-core-ktx:2.9.1) with ExtractAarTransform
Transforming lifecycle-livedata-core-ktx-2.9.1.aar (androidx.lifecycle:lifecycle-livedata-core-ktx:2.9.1) with AarTransform
Transforming lifecycle-common-java8-2.9.1.jar (androidx.lifecycle:lifecycle-common-java8:2.9.1) with JetifyTransform
Transforming lifecycle-common-java8-2.9.1.jar (androidx.lifecycle:lifecycle-common-java8:2.9.1) with ExtractJniTransform
Transforming lifecycle-service-2.9.1.aar (androidx.lifecycle:lifecycle-service:2.9.1) with JetifyTransform
Transforming lifecycle-service-2.9.1.aar (androidx.lifecycle:lifecycle-service:2.9.1) with ExtractAarTransform
Transforming lifecycle-service-2.9.1.aar (androidx.lifecycle:lifecycle-service:2.9.1) with AarTransform
Transforming lifecycle-livedata-2.9.1.aar (androidx.lifecycle:lifecycle-livedata:2.9.1) with JetifyTransform
Transforming lifecycle-livedata-2.9.1.aar (androidx.lifecycle:lifecycle-livedata:2.9.1) with ExtractAarTransform
Transforming lifecycle-livedata-2.9.1.aar (androidx.lifecycle:lifecycle-livedata:2.9.1) with AarTransform
Transforming lifecycle-livedata-2.9.1.aar (androidx.lifecycle:lifecycle-livedata:2.9.1) with JetifyTransform
Transforming lifecycle-livedata-2.9.1.aar (androidx.lifecycle:lifecycle-livedata:2.9.1) with ExtractAarTransform
Transforming lifecycle-livedata-2.9.1.aar (androidx.lifecycle:lifecycle-livedata:2.9.1) with AarTransform
Transforming lifecycle-viewmodel-ktx-2.9.1.aar (androidx.lifecycle:lifecycle-viewmodel-ktx:2.9.1) with JetifyTransform
Transforming lifecycle-viewmodel-ktx-2.9.1.aar (androidx.lifecycle:lifecycle-viewmodel-ktx:2.9.1) with ExtractAarTransform
Transforming lifecycle-viewmodel-ktx-2.9.1.aar (androidx.lifecycle:lifecycle-viewmodel-ktx:2.9.1) with AarTransform
Transforming lifecycle-viewmodel-savedstate-release.aar (androidx.lifecycle:lifecycle-viewmodel-savedstate-android:2.9.1) with JetifyTransform
Transforming lifecycle-viewmodel-savedstate-release.aar (androidx.lifecycle:lifecycle-viewmodel-savedstate-android:2.9.1) with ExtractAarTransform
Transforming lifecycle-viewmodel-savedstate-release.aar (androidx.lifecycle:lifecycle-viewmodel-savedstate-android:2.9.1) with AarTransform
Transforming lifecycle-viewmodel-2.9.1.aar (androidx.lifecycle:lifecycle-viewmodel:2.9.1) with JetifyTransform
Transforming lifecycle-viewmodel-2.9.1.aar (androidx.lifecycle:lifecycle-viewmodel:2.9.1) with ExtractAarTransform
Transforming lifecycle-viewmodel-2.9.1.aar (androidx.lifecycle:lifecycle-viewmodel:2.9.1) with AarTransform
Transforming lifecycle-viewmodel-release.aar (androidx.lifecycle:lifecycle-viewmodel-android:2.9.1) with JetifyTransform
Transforming lifecycle-viewmodel-release.aar (androidx.lifecycle:lifecycle-viewmodel-android:2.9.1) with ExtractAarTransform
Transforming lifecycle-viewmodel-release.aar (androidx.lifecycle:lifecycle-viewmodel-android:2.9.1) with AarTransform
Transforming savedstate-ktx-1.3.0.aar (androidx.savedstate:savedstate-ktx:1.3.0) with JetifyTransform
Transforming savedstate-ktx-1.3.0.aar (androidx.savedstate:savedstate-ktx:1.3.0) with ExtractAarTransform
Transforming savedstate-ktx-1.3.0.aar (androidx.savedstate:savedstate-ktx:1.3.0) with AarTransform
Transforming savedstate-release.aar (androidx.savedstate:savedstate-android:1.3.0) with JetifyTransform
Transforming savedstate-release.aar (androidx.savedstate:savedstate-android:1.3.0) with ExtractAarTransform
Transforming savedstate-release.aar (androidx.savedstate:savedstate-android:1.3.0) with AarTransform
Transforming lifecycle-common-jvm-2.9.1.jar (androidx.lifecycle:lifecycle-common-jvm:2.9.1) with JetifyTransform
Transforming lifecycle-common-jvm-2.9.1.jar (androidx.lifecycle:lifecycle-common-jvm:2.9.1) with ExtractJniTransform
Transforming media3-ui-1.4.1.aar (androidx.media3:media3-ui:1.4.1) with JetifyTransform
Transforming media3-ui-1.4.1.aar (androidx.media3:media3-ui:1.4.1) with ExtractAarTransform
Transforming media3-ui-1.4.1.aar (androidx.media3:media3-ui:1.4.1) with AarTransform
Transforming media3-session-1.4.1.aar (androidx.media3:media3-session:1.4.1) with JetifyTransform
Transforming media3-session-1.4.1.aar (androidx.media3:media3-session:1.4.1) with ExtractAarTransform
Transforming media3-session-1.4.1.aar (androidx.media3:media3-session:1.4.1) with AarTransform
Transforming media3-extractor-1.4.1.aar (androidx.media3:media3-extractor:1.4.1) with JetifyTransform
Transforming media3-extractor-1.4.1.aar (androidx.media3:media3-extractor:1.4.1) with ExtractAarTransform
Transforming media3-extractor-1.4.1.aar (androidx.media3:media3-extractor:1.4.1) with AarTransform
Transforming media3-container-1.4.1.aar (androidx.media3:media3-container:1.4.1) with JetifyTransform
Transforming media3-container-1.4.1.aar (androidx.media3:media3-container:1.4.1) with ExtractAarTransform
Transforming media3-container-1.4.1.aar (androidx.media3:media3-container:1.4.1) with AarTransform
Transforming media3-datasource-1.4.1.aar (androidx.media3:media3-datasource:1.4.1) with JetifyTransform
Transforming media3-datasource-1.4.1.aar (androidx.media3:media3-datasource:1.4.1) with ExtractAarTransform
Transforming media3-datasource-1.4.1.aar (androidx.media3:media3-datasource:1.4.1) with AarTransform
Transforming media3-decoder-1.4.1.aar (androidx.media3:media3-decoder:1.4.1) with JetifyTransform
Transforming media3-decoder-1.4.1.aar (androidx.media3:media3-decoder:1.4.1) with ExtractAarTransform
Transforming media3-decoder-1.4.1.aar (androidx.media3:media3-decoder:1.4.1) with AarTransform
Transforming media3-database-1.4.1.aar (androidx.media3:media3-database:1.4.1) with JetifyTransform
Transforming media3-database-1.4.1.aar (androidx.media3:media3-database:1.4.1) with ExtractAarTransform
Transforming media3-database-1.4.1.aar (androidx.media3:media3-database:1.4.1) with AarTransform
Transforming media3-common-1.4.1.aar (androidx.media3:media3-common:1.4.1) with JetifyTransform
Transforming media3-common-1.4.1.aar (androidx.media3:media3-common:1.4.1) with ExtractAarTransform
Transforming media3-common-1.4.1.aar (androidx.media3:media3-common:1.4.1) with AarTransform
Transforming media3-exoplayer-1.4.1.aar (androidx.media3:media3-exoplayer:1.4.1) with JetifyTransform
Transforming media3-exoplayer-1.4.1.aar (androidx.media3:media3-exoplayer:1.4.1) with ExtractAarTransform
Transforming media3-exoplayer-1.4.1.aar (androidx.media3:media3-exoplayer:1.4.1) with AarTransform
Transforming coordinatorlayout-1.1.0.aar (androidx.coordinatorlayout:coordinatorlayout:1.1.0) with JetifyTransform
Transforming coordinatorlayout-1.1.0.aar (androidx.coordinatorlayout:coordinatorlayout:1.1.0) with ExtractAarTransform
Transforming coordinatorlayout-1.1.0.aar (androidx.coordinatorlayout:coordinatorlayout:1.1.0) with AarTransform
Transforming coordinatorlayout-1.1.0.aar (androidx.coordinatorlayout:coordinatorlayout:1.1.0) with JetifyTransform
Transforming coordinatorlayout-1.1.0.aar (androidx.coordinatorlayout:coordinatorlayout:1.1.0) with ExtractAarTransform
Transforming coordinatorlayout-1.1.0.aar (androidx.coordinatorlayout:coordinatorlayout:1.1.0) with AarTransform
Transforming drawerlayout-1.1.1.aar (androidx.drawerlayout:drawerlayout:1.1.1) with JetifyTransform
Transforming drawerlayout-1.1.1.aar (androidx.drawerlayout:drawerlayout:1.1.1) with ExtractAarTransform
Transforming drawerlayout-1.1.1.aar (androidx.drawerlayout:drawerlayout:1.1.1) with AarTransform
Transforming drawerlayout-1.1.1.aar (androidx.drawerlayout:drawerlayout:1.1.1) with JetifyTransform
Transforming drawerlayout-1.1.1.aar (androidx.drawerlayout:drawerlayout:1.1.1) with ExtractAarTransform
Transforming drawerlayout-1.1.1.aar (androidx.drawerlayout:drawerlayout:1.1.1) with AarTransform
Transforming transition-1.2.0.aar (androidx.transition:transition:1.2.0) with JetifyTransform
Transforming transition-1.2.0.aar (androidx.transition:transition:1.2.0) with ExtractAarTransform
Transforming transition-1.2.0.aar (androidx.transition:transition:1.2.0) with AarTransform
Transforming vectordrawable-animated-1.1.0.aar (androidx.vectordrawable:vectordrawable-animated:1.1.0) with JetifyTransform
Transforming vectordrawable-animated-1.1.0.aar (androidx.vectordrawable:vectordrawable-animated:1.1.0) with ExtractAarTransform
Transforming vectordrawable-animated-1.1.0.aar (androidx.vectordrawable:vectordrawable-animated:1.1.0) with AarTransform
Transforming vectordrawable-1.1.0.aar (androidx.vectordrawable:vectordrawable:1.1.0) with JetifyTransform
Transforming vectordrawable-1.1.0.aar (androidx.vectordrawable:vectordrawable:1.1.0) with ExtractAarTransform
Transforming vectordrawable-1.1.0.aar (androidx.vectordrawable:vectordrawable:1.1.0) with AarTransform
Transforming vectordrawable-1.1.0.aar (androidx.vectordrawable:vectordrawable:1.1.0) with JetifyTransform
Transforming vectordrawable-1.1.0.aar (androidx.vectordrawable:vectordrawable:1.1.0) with ExtractAarTransform
Transforming vectordrawable-1.1.0.aar (androidx.vectordrawable:vectordrawable:1.1.0) with AarTransform
Transforming recyclerview-1.3.0.aar (androidx.recyclerview:recyclerview:1.3.0) with JetifyTransform
Transforming recyclerview-1.3.0.aar (androidx.recyclerview:recyclerview:1.3.0) with ExtractAarTransform
Transforming recyclerview-1.3.0.aar (androidx.recyclerview:recyclerview:1.3.0) with AarTransform
Transforming recyclerview-1.3.0.aar (androidx.recyclerview:recyclerview:1.3.0) with JetifyTransform
Transforming recyclerview-1.3.0.aar (androidx.recyclerview:recyclerview:1.3.0) with ExtractAarTransform
Transforming recyclerview-1.3.0.aar (androidx.recyclerview:recyclerview:1.3.0) with AarTransform
Transforming media-1.7.0.aar (androidx.media:media:1.7.0) with JetifyTransform
Transforming media-1.7.0.aar (androidx.media:media:1.7.0) with ExtractAarTransform
Transforming media-1.7.0.aar (androidx.media:media:1.7.0) with AarTransform
Transforming media-1.7.0.aar (androidx.media:media:1.7.0) with JetifyTransform
Transforming media-1.7.0.aar (androidx.media:media:1.7.0) with ExtractAarTransform
Transforming media-1.7.0.aar (androidx.media:media:1.7.0) with AarTransform
Transforming viewpager-1.0.0.aar (androidx.viewpager:viewpager:1.0.0) with JetifyTransform
Transforming viewpager-1.0.0.aar (androidx.viewpager:viewpager:1.0.0) with ExtractAarTransform
Transforming viewpager-1.0.0.aar (androidx.viewpager:viewpager:1.0.0) with AarTransform
Transforming viewpager-1.0.0.aar (androidx.viewpager:viewpager:1.0.0) with JetifyTransform
Transforming viewpager-1.0.0.aar (androidx.viewpager:viewpager:1.0.0) with ExtractAarTransform
Transforming viewpager-1.0.0.aar (androidx.viewpager:viewpager:1.0.0) with AarTransform
Transforming window-1.0.0.aar (androidx.window:window:1.0.0) with JetifyTransform
Transforming window-1.0.0.aar (androidx.window:window:1.0.0) with ExtractAarTransform
Transforming window-1.0.0.aar (androidx.window:window:1.0.0) with AarTransform
Transforming slidingpanelayout-1.0.0.aar (androidx.slidingpanelayout:slidingpanelayout:1.0.0) with JetifyTransform
Transforming slidingpanelayout-1.0.0.aar (androidx.slidingpanelayout:slidingpanelayout:1.0.0) with ExtractAarTransform
Transforming slidingpanelayout-1.0.0.aar (androidx.slidingpanelayout:slidingpanelayout:1.0.0) with AarTransform
Transforming customview-1.1.0.aar (androidx.customview:customview:1.1.0) with JetifyTransform
Transforming customview-1.1.0.aar (androidx.customview:customview:1.1.0) with ExtractAarTransform
Transforming customview-1.1.0.aar (androidx.customview:customview:1.1.0) with AarTransform
Transforming customview-1.1.0.aar (androidx.customview:customview:1.1.0) with JetifyTransform
Transforming customview-1.1.0.aar (androidx.customview:customview:1.1.0) with ExtractAarTransform
Transforming customview-1.1.0.aar (androidx.customview:customview:1.1.0) with AarTransform
Transforming customview-1.1.0.aar (androidx.customview:customview:1.1.0) with JetifyTransform
Transforming customview-1.1.0.aar (androidx.customview:customview:1.1.0) with ExtractAarTransform
Transforming customview-1.1.0.aar (androidx.customview:customview:1.1.0) with AarTransform
Transforming customview-1.1.0.aar (androidx.customview:customview:1.1.0) with JetifyTransform
Transforming customview-1.1.0.aar (androidx.customview:customview:1.1.0) with ExtractAarTransform
Transforming customview-1.1.0.aar (androidx.customview:customview:1.1.0) with AarTransform
Transforming customview-1.1.0.aar (androidx.customview:customview:1.1.0) with JetifyTransform
Transforming customview-1.1.0.aar (androidx.customview:customview:1.1.0) with ExtractAarTransform
Transforming customview-1.1.0.aar (androidx.customview:customview:1.1.0) with AarTransform
Transforming customview-1.1.0.aar (androidx.customview:customview:1.1.0) with JetifyTransform
Transforming customview-1.1.0.aar (androidx.customview:customview:1.1.0) with ExtractAarTransform
Transforming customview-1.1.0.aar (androidx.customview:customview:1.1.0) with AarTransform
Transforming swiperefreshlayout-1.0.0.aar (androidx.swiperefreshlayout:swiperefreshlayout:1.0.0) with JetifyTransform
Transforming swiperefreshlayout-1.0.0.aar (androidx.swiperefreshlayout:swiperefreshlayout:1.0.0) with ExtractAarTransform
Transforming swiperefreshlayout-1.0.0.aar (androidx.swiperefreshlayout:swiperefreshlayout:1.0.0) with AarTransform
Transforming asynclayoutinflater-1.0.0.aar (androidx.asynclayoutinflater:asynclayoutinflater:1.0.0) with JetifyTransform
Transforming asynclayoutinflater-1.0.0.aar (androidx.asynclayoutinflater:asynclayoutinflater:1.0.0) with ExtractAarTransform
Transforming asynclayoutinflater-1.0.0.aar (androidx.asynclayoutinflater:asynclayoutinflater:1.0.0) with AarTransform
Transforming autofill-1.0.0.aar (androidx.autofill:autofill:1.0.0) with JetifyTransform
Transforming autofill-1.0.0.aar (androidx.autofill:autofill:1.0.0) with ExtractAarTransform
Transforming autofill-1.0.0.aar (androidx.autofill:autofill:1.0.0) with AarTransform
Transforming customview-poolingcontainer-1.0.0.aar (androidx.customview:customview-poolingcontainer:1.0.0) with JetifyTransform
Transforming customview-poolingcontainer-1.0.0.aar (androidx.customview:customview-poolingcontainer:1.0.0) with ExtractAarTransform
Transforming customview-poolingcontainer-1.0.0.aar (androidx.customview:customview-poolingcontainer:1.0.0) with AarTransform
Transforming core-ktx-1.13.1.aar (androidx.core:core-ktx:1.13.1) with JetifyTransform
Transforming core-ktx-1.13.1.aar (androidx.core:core-ktx:1.13.1) with ExtractAarTransform
Transforming core-ktx-1.13.1.aar (androidx.core:core-ktx:1.13.1) with AarTransform
Transforming graphics-path-1.0.1.aar (androidx.graphics:graphics-path:1.0.1) with JetifyTransform
Transforming graphics-path-1.0.1.aar (androidx.graphics:graphics-path:1.0.1) with ExtractAarTransform
Transforming graphics-path-1.0.1.aar (androidx.graphics:graphics-path:1.0.1) with AarTransform
Transforming core-1.13.1.aar (androidx.core:core:1.13.1) with JetifyTransform
Transforming core-1.13.1.aar (androidx.core:core:1.13.1) with ExtractAarTransform
Transforming core-1.13.1.aar (androidx.core:core:1.13.1) with AarTransform
Transforming core-1.13.1.aar (androidx.core:core:1.13.1) with JetifyTransform
Transforming core-1.13.1.aar (androidx.core:core:1.13.1) with ExtractAarTransform
Transforming core-1.13.1.aar (androidx.core:core:1.13.1) with AarTransform
Transforming core-1.13.1.aar (androidx.core:core:1.13.1) with JetifyTransform
Transforming core-1.13.1.aar (androidx.core:core:1.13.1) with ExtractAarTransform
Transforming core-1.13.1.aar (androidx.core:core:1.13.1) with AarTransform
Transforming core-1.13.1.aar (androidx.core:core:1.13.1) with JetifyTransform
Transforming core-1.13.1.aar (androidx.core:core:1.13.1) with ExtractAarTransform
Transforming core-1.13.1.aar (androidx.core:core:1.13.1) with AarTransform
Transforming core-1.13.1.aar (androidx.core:core:1.13.1) with JetifyTransform
Transforming core-1.13.1.aar (androidx.core:core:1.13.1) with ExtractAarTransform
Transforming core-1.13.1.aar (androidx.core:core:1.13.1) with AarTransform
Transforming core-1.13.1.aar (androidx.core:core:1.13.1) with JetifyTransform
Transforming core-1.13.1.aar (androidx.core:core:1.13.1) with ExtractAarTransform
Transforming core-1.13.1.aar (androidx.core:core:1.13.1) with AarTransform
Transforming core-1.13.1.aar (androidx.core:core:1.13.1) with JetifyTransform
Transforming core-1.13.1.aar (androidx.core:core:1.13.1) with ExtractAarTransform
Transforming core-1.13.1.aar (androidx.core:core:1.13.1) with AarTransform
Transforming core-1.13.1.aar (androidx.core:core:1.13.1) with JetifyTransform
Transforming core-1.13.1.aar (androidx.core:core:1.13.1) with ExtractAarTransform
Transforming core-1.13.1.aar (androidx.core:core:1.13.1) with AarTransform
Transforming core-1.13.1.aar (androidx.core:core:1.13.1) with JetifyTransform
Transforming core-1.13.1.aar (androidx.core:core:1.13.1) with ExtractAarTransform
Transforming core-1.13.1.aar (androidx.core:core:1.13.1) with AarTransform
Transforming core-1.13.1.aar (androidx.core:core:1.13.1) with JetifyTransform
Transforming core-1.13.1.aar (androidx.core:core:1.13.1) with ExtractAarTransform
Transforming core-1.13.1.aar (androidx.core:core:1.13.1) with AarTransform
Transforming core-1.13.1.aar (androidx.core:core:1.13.1) with JetifyTransform
Transforming core-1.13.1.aar (androidx.core:core:1.13.1) with ExtractAarTransform
Transforming core-1.13.1.aar (androidx.core:core:1.13.1) with AarTransform
Transforming core-1.13.1.aar (androidx.core:core:1.13.1) with JetifyTransform
Transforming core-1.13.1.aar (androidx.core:core:1.13.1) with ExtractAarTransform
Transforming core-1.13.1.aar (androidx.core:core:1.13.1) with AarTransform
Transforming core-1.13.1.aar (androidx.core:core:1.13.1) with JetifyTransform
Transforming core-1.13.1.aar (androidx.core:core:1.13.1) with ExtractAarTransform
Transforming core-1.13.1.aar (androidx.core:core:1.13.1) with AarTransform
Transforming core-1.13.1.aar (androidx.core:core:1.13.1) with JetifyTransform
Transforming core-1.13.1.aar (androidx.core:core:1.13.1) with ExtractAarTransform
Transforming core-1.13.1.aar (androidx.core:core:1.13.1) with AarTransform
Transforming core-1.13.1.aar (androidx.core:core:1.13.1) with JetifyTransform
Transforming core-1.13.1.aar (androidx.core:core:1.13.1) with ExtractAarTransform
Transforming core-1.13.1.aar (androidx.core:core:1.13.1) with AarTransform
Transforming core-1.13.1.aar (androidx.core:core:1.13.1) with JetifyTransform
Transforming core-1.13.1.aar (androidx.core:core:1.13.1) with ExtractAarTransform
Transforming core-1.13.1.aar (androidx.core:core:1.13.1) with AarTransform
Transforming core-1.13.1.aar (androidx.core:core:1.13.1) with JetifyTransform
Transforming core-1.13.1.aar (androidx.core:core:1.13.1) with ExtractAarTransform
Transforming core-1.13.1.aar (androidx.core:core:1.13.1) with AarTransform
Transforming core-1.13.1.aar (androidx.core:core:1.13.1) with JetifyTransform
Transforming core-1.13.1.aar (androidx.core:core:1.13.1) with ExtractAarTransform
Transforming core-1.13.1.aar (androidx.core:core:1.13.1) with AarTransform
Transforming core-1.13.1.aar (androidx.core:core:1.13.1) with JetifyTransform
Transforming core-1.13.1.aar (androidx.core:core:1.13.1) with ExtractAarTransform
Transforming core-1.13.1.aar (androidx.core:core:1.13.1) with AarTransform
Transforming lifecycle-runtime-release.aar (androidx.lifecycle:lifecycle-runtime-android:2.9.1) with JetifyTransform
Transforming lifecycle-runtime-release.aar (androidx.lifecycle:lifecycle-runtime-android:2.9.1) with ExtractAarTransform
Transforming lifecycle-runtime-release.aar (androidx.lifecycle:lifecycle-runtime-android:2.9.1) with AarTransform
Transforming lifecycle-livedata-core-2.9.1.aar (androidx.lifecycle:lifecycle-livedata-core:2.9.1) with JetifyTransform
Transforming lifecycle-livedata-core-2.9.1.aar (androidx.lifecycle:lifecycle-livedata-core:2.9.1) with ExtractAarTransform
Transforming lifecycle-livedata-core-2.9.1.aar (androidx.lifecycle:lifecycle-livedata-core:2.9.1) with AarTransform
Transforming lifecycle-runtime-compose-release.aar (androidx.lifecycle:lifecycle-runtime-compose-android:2.9.1) with JetifyTransform
Transforming lifecycle-runtime-compose-release.aar (androidx.lifecycle:lifecycle-runtime-compose-android:2.9.1) with ExtractAarTransform
Transforming lifecycle-runtime-compose-release.aar (androidx.lifecycle:lifecycle-runtime-compose-android:2.9.1) with AarTransform
Transforming lifecycle-viewmodel-compose-release.aar (androidx.lifecycle:lifecycle-viewmodel-compose-android:2.9.1) with JetifyTransform
Transforming lifecycle-viewmodel-compose-release.aar (androidx.lifecycle:lifecycle-viewmodel-compose-android:2.9.1) with ExtractAarTransform
Transforming lifecycle-viewmodel-compose-release.aar (androidx.lifecycle:lifecycle-viewmodel-compose-android:2.9.1) with AarTransform
Transforming lifecycle-runtime-ktx.aar (androidx.lifecycle:lifecycle-runtime-ktx-android:2.9.1) with JetifyTransform
Transforming lifecycle-runtime-ktx.aar (androidx.lifecycle:lifecycle-runtime-ktx-android:2.9.1) with ExtractAarTransform
Transforming lifecycle-runtime-ktx.aar (androidx.lifecycle:lifecycle-runtime-ktx-android:2.9.1) with AarTransform
Transforming datastore-preferences-external-protobuf-1.1.7.jar (androidx.datastore:datastore-preferences-external-protobuf:1.1.7) with JetifyTransform
Transforming datastore-preferences-external-protobuf-1.1.7.jar (androidx.datastore:datastore-preferences-external-protobuf:1.1.7) with ExtractJniTransform
Transforming datastore-core-okio-jvm-1.1.7.jar (androidx.datastore:datastore-core-okio-jvm:1.1.7) with JetifyTransform
Transforming datastore-core-okio-jvm-1.1.7.jar (androidx.datastore:datastore-core-okio-jvm:1.1.7) with ExtractJniTransform
Transforming datastore-core-release.aar (androidx.datastore:datastore-core-android:1.1.7) with JetifyTransform
Transforming datastore-core-release.aar (androidx.datastore:datastore-core-android:1.1.7) with ExtractAarTransform
Transforming datastore-core-release.aar (androidx.datastore:datastore-core-android:1.1.7) with AarTransform
Transforming datastore-preferences-proto-1.1.7.jar (androidx.datastore:datastore-preferences-proto:1.1.7) with JetifyTransform
Transforming datastore-preferences-proto-1.1.7.jar (androidx.datastore:datastore-preferences-proto:1.1.7) with ExtractJniTransform
Transforming datastore-preferences-core-release.aar (androidx.datastore:datastore-preferences-core-android:1.1.7) with JetifyTransform
Transforming datastore-preferences-core-release.aar (androidx.datastore:datastore-preferences-core-android:1.1.7) with ExtractAarTransform
Transforming datastore-preferences-core-release.aar (androidx.datastore:datastore-preferences-core-android:1.1.7) with AarTransform
Transforming datastore-release.aar (androidx.datastore:datastore-android:1.1.7) with JetifyTransform
Transforming datastore-release.aar (androidx.datastore:datastore-android:1.1.7) with ExtractAarTransform
Transforming datastore-release.aar (androidx.datastore:datastore-android:1.1.7) with AarTransform
Transforming datastore-preferences-release.aar (androidx.datastore:datastore-preferences-android:1.1.7) with JetifyTransform
Transforming datastore-preferences-release.aar (androidx.datastore:datastore-preferences-android:1.1.7) with ExtractAarTransform
Transforming datastore-preferences-release.aar (androidx.datastore:datastore-preferences-android:1.1.7) with AarTransform
Transforming kotlin-parcelize-runtime-1.9.25.jar (org.jetbrains.kotlin:kotlin-parcelize-runtime:1.9.25) with JetifyTransform
Transforming kotlin-parcelize-runtime-1.9.25.jar (org.jetbrains.kotlin:kotlin-parcelize-runtime:1.9.25) with ExtractJniTransform
Transforming logging-interceptor-4.12.0.jar (com.squareup.okhttp3:logging-interceptor:4.12.0) with JetifyTransform
Transforming logging-interceptor-4.12.0.jar (com.squareup.okhttp3:logging-interceptor:4.12.0) with ExtractJniTransform
Transforming converter-gson-2.11.0.jar (com.squareup.retrofit2:converter-gson:2.11.0) with JetifyTransform
Transforming converter-gson-2.11.0.jar (com.squareup.retrofit2:converter-gson:2.11.0) with ExtractJniTransform
Transforming retrofit-2.11.0.jar (com.squareup.retrofit2:retrofit:2.11.0) with JetifyTransform
Transforming retrofit-2.11.0.jar (com.squareup.retrofit2:retrofit:2.11.0) with ExtractJniTransform
Transforming okhttp-4.12.0.jar (com.squareup.okhttp3:okhttp:4.12.0) with JetifyTransform
Transforming okhttp-4.12.0.jar (com.squareup.okhttp3:okhttp:4.12.0) with ExtractJniTransform
Transforming kotlin-stdlib-jdk8-1.9.25.jar (org.jetbrains.kotlin:kotlin-stdlib-jdk8:1.9.25) with JetifyTransform
Transforming kotlin-stdlib-jdk8-1.9.25.jar (org.jetbrains.kotlin:kotlin-stdlib-jdk8:1.9.25) with ExtractJniTransform
Transforming runtime-saveable-release.aar (androidx.compose.runtime:runtime-saveable-android:1.7.8) with JetifyTransform
Transforming runtime-saveable-release.aar (androidx.compose.runtime:runtime-saveable-android:1.7.8) with ExtractAarTransform
Transforming runtime-saveable-release.aar (androidx.compose.runtime:runtime-saveable-android:1.7.8) with AarTransform
Transforming runtime-release.aar (androidx.compose.runtime:runtime-android:1.7.8) with JetifyTransform
Transforming runtime-release.aar (androidx.compose.runtime:runtime-android:1.7.8) with ExtractAarTransform
Transforming runtime-release.aar (androidx.compose.runtime:runtime-android:1.7.8) with AarTransform
Transforming annotation-experimental-1.4.1.aar (androidx.annotation:annotation-experimental:1.4.1) with JetifyTransform
Transforming annotation-experimental-1.4.1.aar (androidx.annotation:annotation-experimental:1.4.1) with ExtractAarTransform
Transforming annotation-experimental-1.4.1.aar (androidx.annotation:annotation-experimental:1.4.1) with AarTransform
Transforming kotlin-android-extensions-runtime-1.9.25.jar (org.jetbrains.kotlin:kotlin-android-extensions-runtime:1.9.25) with JetifyTransform
Transforming kotlin-android-extensions-runtime-1.9.25.jar (org.jetbrains.kotlin:kotlin-android-extensions-runtime:1.9.25) with ExtractJniTransform
Transforming kotlin-stdlib-jdk7-1.9.25.jar (org.jetbrains.kotlin:kotlin-stdlib-jdk7:1.9.25) with JetifyTransform
Transforming kotlin-stdlib-jdk7-1.9.25.jar (org.jetbrains.kotlin:kotlin-stdlib-jdk7:1.9.25) with ExtractJniTransform
Transforming kotlinx-serialization-core-jvm-1.7.3.jar (org.jetbrains.kotlinx:kotlinx-serialization-core-jvm:1.7.3) with JetifyTransform
Transforming kotlinx-serialization-core-jvm-1.7.3.jar (org.jetbrains.kotlinx:kotlinx-serialization-core-jvm:1.7.3) with ExtractJniTransform
Transforming sqlite-framework-release.aar (androidx.sqlite:sqlite-framework-android:2.5.1) with JetifyTransform
Transforming sqlite-framework-release.aar (androidx.sqlite:sqlite-framework-android:2.5.1) with ExtractAarTransform
Transforming sqlite-framework-release.aar (androidx.sqlite:sqlite-framework-android:2.5.1) with AarTransform
Transforming sqlite-release.aar (androidx.sqlite:sqlite-android:2.5.1) with JetifyTransform
Transforming sqlite-release.aar (androidx.sqlite:sqlite-android:2.5.1) with ExtractAarTransform
Transforming sqlite-release.aar (androidx.sqlite:sqlite-android:2.5.1) with AarTransform
Transforming kotlinx-coroutines-core-jvm-1.8.1.jar (org.jetbrains.kotlinx:kotlinx-coroutines-core-jvm:1.8.1) with JetifyTransform
Transforming kotlinx-coroutines-core-jvm-1.8.1.jar (org.jetbrains.kotlinx:kotlinx-coroutines-core-jvm:1.8.1) with ExtractJniTransform
Transforming kotlinx-coroutines-android-1.8.1.jar (org.jetbrains.kotlinx:kotlinx-coroutines-android:1.8.1) with JetifyTransform
Transforming kotlinx-coroutines-android-1.8.1.jar (org.jetbrains.kotlinx:kotlinx-coroutines-android:1.8.1) with ExtractJniTransform
Transforming core-viewtree-1.0.0.aar (androidx.core:core-viewtree:1.0.0) with JetifyTransform
Transforming core-viewtree-1.0.0.aar (androidx.core:core-viewtree:1.0.0) with ExtractAarTransform
Transforming core-viewtree-1.0.0.aar (androidx.core:core-viewtree:1.0.0) with AarTransform
Transforming documentfile-1.0.1.aar (androidx.documentfile:documentfile:1.0.1) with JetifyTransform
Transforming documentfile-1.0.1.aar (androidx.documentfile:documentfile:1.0.1) with ExtractAarTransform
Transforming documentfile-1.0.1.aar (androidx.documentfile:documentfile:1.0.1) with AarTransform
Transforming documentfile-1.0.1.aar (androidx.documentfile:documentfile:1.0.1) with JetifyTransform
Transforming documentfile-1.0.1.aar (androidx.documentfile:documentfile:1.0.1) with ExtractAarTransform
Transforming documentfile-1.0.1.aar (androidx.documentfile:documentfile:1.0.1) with AarTransform
Transforming cardview-1.0.0.aar (androidx.cardview:cardview:1.0.0) with JetifyTransform
Transforming cardview-1.0.0.aar (androidx.cardview:cardview:1.0.0) with ExtractAarTransform
Transforming cardview-1.0.0.aar (androidx.cardview:cardview:1.0.0) with AarTransform
Transforming resourceinspection-annotation-1.0.1.jar (androidx.resourceinspection:resourceinspection-annotation:1.0.1) with JetifyTransform
Transforming resourceinspection-annotation-1.0.1.jar (androidx.resourceinspection:resourceinspection-annotation:1.0.1) with ExtractJniTransform
Transforming core-runtime-2.2.0.aar (androidx.arch.core:core-runtime:2.2.0) with JetifyTransform
Transforming core-runtime-2.2.0.aar (androidx.arch.core:core-runtime:2.2.0) with ExtractAarTransform
Transforming core-runtime-2.2.0.aar (androidx.arch.core:core-runtime:2.2.0) with AarTransform
Transforming cursoradapter-1.0.0.aar (androidx.cursoradapter:cursoradapter:1.0.0) with JetifyTransform
Transforming cursoradapter-1.0.0.aar (androidx.cursoradapter:cursoradapter:1.0.0) with ExtractAarTransform
Transforming cursoradapter-1.0.0.aar (androidx.cursoradapter:cursoradapter:1.0.0) with AarTransform
Transforming cursoradapter-1.0.0.aar (androidx.cursoradapter:cursoradapter:1.0.0) with JetifyTransform
Transforming cursoradapter-1.0.0.aar (androidx.cursoradapter:cursoradapter:1.0.0) with ExtractAarTransform
Transforming cursoradapter-1.0.0.aar (androidx.cursoradapter:cursoradapter:1.0.0) with AarTransform
Transforming gifdecoder-4.15.1.aar (com.github.bumptech.glide:gifdecoder:4.15.1) with JetifyTransform
Transforming gifdecoder-4.15.1.aar (com.github.bumptech.glide:gifdecoder:4.15.1) with ExtractAarTransform
Transforming gifdecoder-4.15.1.aar (com.github.bumptech.glide:gifdecoder:4.15.1) with AarTransform
Transforming profileinstaller-1.4.0.aar (androidx.profileinstaller:profileinstaller:1.4.0) with JetifyTransform
Transforming profileinstaller-1.4.0.aar (androidx.profileinstaller:profileinstaller:1.4.0) with ExtractAarTransform
Transforming profileinstaller-1.4.0.aar (androidx.profileinstaller:profileinstaller:1.4.0) with AarTransform
Transforming startup-runtime-1.1.1.aar (androidx.startup:startup-runtime:1.1.1) with JetifyTransform
Transforming startup-runtime-1.1.1.aar (androidx.startup:startup-runtime:1.1.1) with ExtractAarTransform
Transforming startup-runtime-1.1.1.aar (androidx.startup:startup-runtime:1.1.1) with AarTransform
Transforming tracing-1.0.0.aar (androidx.tracing:tracing:1.0.0) with JetifyTransform
Transforming tracing-1.0.0.aar (androidx.tracing:tracing:1.0.0) with ExtractAarTransform
Transforming tracing-1.0.0.aar (androidx.tracing:tracing:1.0.0) with AarTransform
Transforming core-common-2.2.0.jar (androidx.arch.core:core-common:2.2.0) with JetifyTransform
Transforming core-common-2.2.0.jar (androidx.arch.core:core-common:2.2.0) with ExtractJniTransform
Transforming localbroadcastmanager-1.0.0.aar (androidx.localbroadcastmanager:localbroadcastmanager:1.0.0) with JetifyTransform
Transforming localbroadcastmanager-1.0.0.aar (androidx.localbroadcastmanager:localbroadcastmanager:1.0.0) with ExtractAarTransform
Transforming localbroadcastmanager-1.0.0.aar (androidx.localbroadcastmanager:localbroadcastmanager:1.0.0) with AarTransform
Transforming print-1.0.0.aar (androidx.print:print:1.0.0) with JetifyTransform
Transforming print-1.0.0.aar (androidx.print:print:1.0.0) with ExtractAarTransform
Transforming print-1.0.0.aar (androidx.print:print:1.0.0) with AarTransform
Transforming interpolator-1.0.0.aar (androidx.interpolator:interpolator:1.0.0) with JetifyTransform
Transforming interpolator-1.0.0.aar (androidx.interpolator:interpolator:1.0.0) with ExtractAarTransform
Transforming interpolator-1.0.0.aar (androidx.interpolator:interpolator:1.0.0) with AarTransform
Transforming interpolator-1.0.0.aar (androidx.interpolator:interpolator:1.0.0) with JetifyTransform
Transforming interpolator-1.0.0.aar (androidx.interpolator:interpolator:1.0.0) with ExtractAarTransform
Transforming interpolator-1.0.0.aar (androidx.interpolator:interpolator:1.0.0) with AarTransform
Transforming interpolator-1.0.0.aar (androidx.interpolator:interpolator:1.0.0) with JetifyTransform
Transforming interpolator-1.0.0.aar (androidx.interpolator:interpolator:1.0.0) with ExtractAarTransform
Transforming interpolator-1.0.0.aar (androidx.interpolator:interpolator:1.0.0) with AarTransform
Transforming interpolator-1.0.0.aar (androidx.interpolator:interpolator:1.0.0) with JetifyTransform
Transforming interpolator-1.0.0.aar (androidx.interpolator:interpolator:1.0.0) with ExtractAarTransform
Transforming interpolator-1.0.0.aar (androidx.interpolator:interpolator:1.0.0) with AarTransform
Transforming transport-backend-cct-2.3.3.aar (com.google.android.datatransport:transport-backend-cct:2.3.3) with JetifyTransform
Transforming transport-backend-cct-2.3.3.aar (com.google.android.datatransport:transport-backend-cct:2.3.3) with ExtractAarTransform
Transforming transport-backend-cct-2.3.3.aar (com.google.android.datatransport:transport-backend-cct:2.3.3) with AarTransform
Transforming transport-backend-cct-2.3.3.aar (com.google.android.datatransport:transport-backend-cct:2.3.3) with JetifyTransform
Transforming transport-backend-cct-2.3.3.aar (com.google.android.datatransport:transport-backend-cct:2.3.3) with ExtractAarTransform
Transforming transport-backend-cct-2.3.3.aar (com.google.android.datatransport:transport-backend-cct:2.3.3) with AarTransform
Transforming transport-backend-cct-2.3.3.aar (com.google.android.datatransport:transport-backend-cct:2.3.3) with JetifyTransform
Transforming transport-backend-cct-2.3.3.aar (com.google.android.datatransport:transport-backend-cct:2.3.3) with ExtractAarTransform
Transforming transport-backend-cct-2.3.3.aar (com.google.android.datatransport:transport-backend-cct:2.3.3) with AarTransform
Transforming transport-runtime-2.2.6.aar (com.google.android.datatransport:transport-runtime:2.2.6) with JetifyTransform
Transforming transport-runtime-2.2.6.aar (com.google.android.datatransport:transport-runtime:2.2.6) with ExtractAarTransform
Transforming transport-runtime-2.2.6.aar (com.google.android.datatransport:transport-runtime:2.2.6) with AarTransform
Transforming transport-runtime-2.2.6.aar (com.google.android.datatransport:transport-runtime:2.2.6) with JetifyTransform
Transforming transport-runtime-2.2.6.aar (com.google.android.datatransport:transport-runtime:2.2.6) with ExtractAarTransform
Transforming transport-runtime-2.2.6.aar (com.google.android.datatransport:transport-runtime:2.2.6) with AarTransform
Transforming transport-runtime-2.2.6.aar (com.google.android.datatransport:transport-runtime:2.2.6) with JetifyTransform
Transforming transport-runtime-2.2.6.aar (com.google.android.datatransport:transport-runtime:2.2.6) with ExtractAarTransform
Transforming transport-runtime-2.2.6.aar (com.google.android.datatransport:transport-runtime:2.2.6) with AarTransform
Transforming transport-runtime-2.2.6.aar (com.google.android.datatransport:transport-runtime:2.2.6) with JetifyTransform
Transforming transport-runtime-2.2.6.aar (com.google.android.datatransport:transport-runtime:2.2.6) with ExtractAarTransform
Transforming transport-runtime-2.2.6.aar (com.google.android.datatransport:transport-runtime:2.2.6) with AarTransform
Transforming transport-api-2.2.1.aar (com.google.android.datatransport:transport-api:2.2.1) with JetifyTransform
Transforming transport-api-2.2.1.aar (com.google.android.datatransport:transport-api:2.2.1) with ExtractAarTransform
Transforming transport-api-2.2.1.aar (com.google.android.datatransport:transport-api:2.2.1) with AarTransform
Transforming transport-api-2.2.1.aar (com.google.android.datatransport:transport-api:2.2.1) with JetifyTransform
Transforming transport-api-2.2.1.aar (com.google.android.datatransport:transport-api:2.2.1) with ExtractAarTransform
Transforming transport-api-2.2.1.aar (com.google.android.datatransport:transport-api:2.2.1) with AarTransform
Transforming transport-api-2.2.1.aar (com.google.android.datatransport:transport-api:2.2.1) with JetifyTransform
Transforming transport-api-2.2.1.aar (com.google.android.datatransport:transport-api:2.2.1) with ExtractAarTransform
Transforming transport-api-2.2.1.aar (com.google.android.datatransport:transport-api:2.2.1) with AarTransform
Transforming transport-api-2.2.1.aar (com.google.android.datatransport:transport-api:2.2.1) with JetifyTransform
Transforming transport-api-2.2.1.aar (com.google.android.datatransport:transport-api:2.2.1) with ExtractAarTransform
Transforming transport-api-2.2.1.aar (com.google.android.datatransport:transport-api:2.2.1) with AarTransform
Transforming transport-api-2.2.1.aar (com.google.android.datatransport:transport-api:2.2.1) with JetifyTransform
Transforming transport-api-2.2.1.aar (com.google.android.datatransport:transport-api:2.2.1) with ExtractAarTransform
Transforming transport-api-2.2.1.aar (com.google.android.datatransport:transport-api:2.2.1) with AarTransform
Transforming firebase-components-16.1.0.aar (com.google.firebase:firebase-components:16.1.0) with JetifyTransform
Transforming firebase-components-16.1.0.aar (com.google.firebase:firebase-components:16.1.0) with ExtractAarTransform
Transforming firebase-components-16.1.0.aar (com.google.firebase:firebase-components:16.1.0) with AarTransform
Transforming firebase-components-16.1.0.aar (com.google.firebase:firebase-components:16.1.0) with JetifyTransform
Transforming firebase-components-16.1.0.aar (com.google.firebase:firebase-components:16.1.0) with ExtractAarTransform
Transforming firebase-components-16.1.0.aar (com.google.firebase:firebase-components:16.1.0) with AarTransform
Transforming firebase-components-16.1.0.aar (com.google.firebase:firebase-components:16.1.0) with JetifyTransform
Transforming firebase-components-16.1.0.aar (com.google.firebase:firebase-components:16.1.0) with ExtractAarTransform
Transforming firebase-components-16.1.0.aar (com.google.firebase:firebase-components:16.1.0) with AarTransform
Transforming firebase-encoders-json-17.1.0.aar (com.google.firebase:firebase-encoders-json:17.1.0) with JetifyTransform
Transforming firebase-encoders-json-17.1.0.aar (com.google.firebase:firebase-encoders-json:17.1.0) with ExtractAarTransform
Transforming firebase-encoders-json-17.1.0.aar (com.google.firebase:firebase-encoders-json:17.1.0) with AarTransform
Transforming firebase-encoders-json-17.1.0.aar (com.google.firebase:firebase-encoders-json:17.1.0) with JetifyTransform
Transforming firebase-encoders-json-17.1.0.aar (com.google.firebase:firebase-encoders-json:17.1.0) with ExtractAarTransform
Transforming firebase-encoders-json-17.1.0.aar (com.google.firebase:firebase-encoders-json:17.1.0) with AarTransform
Transforming firebase-encoders-json-17.1.0.aar (com.google.firebase:firebase-encoders-json:17.1.0) with JetifyTransform
Transforming firebase-encoders-json-17.1.0.aar (com.google.firebase:firebase-encoders-json:17.1.0) with ExtractAarTransform
Transforming firebase-encoders-json-17.1.0.aar (com.google.firebase:firebase-encoders-json:17.1.0) with AarTransform
Transforming firebase-encoders-json-17.1.0.aar (com.google.firebase:firebase-encoders-json:17.1.0) with JetifyTransform
Transforming firebase-encoders-json-17.1.0.aar (com.google.firebase:firebase-encoders-json:17.1.0) with ExtractAarTransform
Transforming firebase-encoders-json-17.1.0.aar (com.google.firebase:firebase-encoders-json:17.1.0) with AarTransform
Transforming firebase-encoders-16.1.0.jar (com.google.firebase:firebase-encoders:16.1.0) with JetifyTransform
Transforming firebase-encoders-16.1.0.jar (com.google.firebase:firebase-encoders:16.1.0) with ExtractJniTransform
Transforming exifinterface-1.3.7.aar (androidx.exifinterface:exifinterface:1.3.7) with JetifyTransform
Transforming exifinterface-1.3.7.aar (androidx.exifinterface:exifinterface:1.3.7) with ExtractAarTransform
Transforming exifinterface-1.3.7.aar (androidx.exifinterface:exifinterface:1.3.7) with AarTransform
Transforming exifinterface-1.3.7.aar (androidx.exifinterface:exifinterface:1.3.7) with JetifyTransform
Transforming exifinterface-1.3.7.aar (androidx.exifinterface:exifinterface:1.3.7) with ExtractAarTransform
Transforming exifinterface-1.3.7.aar (androidx.exifinterface:exifinterface:1.3.7) with AarTransform
Transforming concurrent-futures-1.1.0.jar (androidx.concurrent:concurrent-futures:1.1.0) with JetifyTransform
Transforming concurrent-futures-1.1.0.jar (androidx.concurrent:concurrent-futures:1.1.0) with ExtractJniTransform
Transforming collection-ktx-1.4.4.jar (androidx.collection:collection-ktx:1.4.4) with JetifyTransform
Transforming collection-ktx-1.4.4.jar (androidx.collection:collection-ktx:1.4.4) with ExtractJniTransform
Transforming versionedparcelable-1.1.1.aar (androidx.versionedparcelable:versionedparcelable:1.1.1) with JetifyTransform
Transforming versionedparcelable-1.1.1.aar (androidx.versionedparcelable:versionedparcelable:1.1.1) with ExtractAarTransform
Transforming versionedparcelable-1.1.1.aar (androidx.versionedparcelable:versionedparcelable:1.1.1) with AarTransform
Transforming collection-jvm-1.4.4.jar (androidx.collection:collection-jvm:1.4.4) with JetifyTransform
Transforming collection-jvm-1.4.4.jar (androidx.collection:collection-jvm:1.4.4) with ExtractJniTransform
Transforming annotation-jvm-1.9.1.jar (androidx.annotation:annotation-jvm:1.9.1) with JetifyTransform
Transforming annotation-jvm-1.9.1.jar (androidx.annotation:annotation-jvm:1.9.1) with ExtractJniTransform
Transforming okio-jvm-3.9.0.jar (com.squareup.okio:okio-jvm:3.9.0) with JetifyTransform
Transforming okio-jvm-3.9.0.jar (com.squareup.okio:okio-jvm:3.9.0) with ExtractJniTransform
Transforming kotlin-stdlib-1.9.25.jar (org.jetbrains.kotlin:kotlin-stdlib:1.9.25) with JetifyTransform
Transforming kotlin-stdlib-1.9.25.jar (org.jetbrains.kotlin:kotlin-stdlib:1.9.25) with ExtractJniTransform
Transforming gson-2.11.0.jar (com.google.code.gson:gson:2.11.0) with JetifyTransform
Transforming gson-2.11.0.jar (com.google.code.gson:gson:2.11.0) with ExtractJniTransform
Transforming zip4j-2.11.5.jar (net.lingala.zip4j:zip4j:2.11.5) with JetifyTransform
Transforming zip4j-2.11.5.jar (net.lingala.zip4j:zip4j:2.11.5) with ExtractJniTransform
Transforming junrar-7.5.5.jar (com.github.junrar:junrar:7.5.5) with JetifyTransform
Transforming junrar-7.5.5.jar (com.github.junrar:junrar:7.5.5) with ExtractJniTransform
Transforming commons-compress-1.26.0.jar (org.apache.commons:commons-compress:1.26.0) with JetifyTransform
Transforming commons-compress-1.26.0.jar (org.apache.commons:commons-compress:1.26.0) with ExtractJniTransform
Transforming epublib-core-3.1.jar (nl.siegmann.epublib:epublib-core:3.1) with JetifyTransform
Transforming epublib-core-3.1.jar (nl.siegmann.epublib:epublib-core:3.1) with ExtractJniTransform
Transforming annotations-23.0.0.jar (org.jetbrains:annotations:23.0.0) with JetifyTransform
Transforming annotations-23.0.0.jar (org.jetbrains:annotations:23.0.0) with ExtractJniTransform
Transforming error_prone_annotations-2.27.0.jar (com.google.errorprone:error_prone_annotations:2.27.0) with JetifyTransform
Transforming error_prone_annotations-2.27.0.jar (com.google.errorprone:error_prone_annotations:2.27.0) with ExtractJniTransform
Transforming hilt-common-1.2.0.jar (androidx.hilt:hilt-common:1.2.0) with JetifyTransform
Transforming hilt-common-1.2.0.jar (androidx.hilt:hilt-common:1.2.0) with ExtractJniTransform
Transforming hilt-core-2.51.1.jar (com.google.dagger:hilt-core:2.51.1) with JetifyTransform
Transforming hilt-core-2.51.1.jar (com.google.dagger:hilt-core:2.51.1) with ExtractJniTransform
Transforming dagger-2.51.1.jar (com.google.dagger:dagger:2.51.1) with JetifyTransform
Transforming dagger-2.51.1.jar (com.google.dagger:dagger:2.51.1) with ExtractJniTransform
Transforming dagger-lint-aar-2.51.1.aar (com.google.dagger:dagger-lint-aar:2.51.1) with JetifyTransform
Transforming dagger-lint-aar-2.51.1.aar (com.google.dagger:dagger-lint-aar:2.51.1) with ExtractAarTransform
Transforming dagger-lint-aar-2.51.1.aar (com.google.dagger:dagger-lint-aar:2.51.1) with AarTransform
Transforming jsr305-3.0.2.jar (com.google.code.findbugs:jsr305:3.0.2) with JetifyTransform
Transforming jsr305-3.0.2.jar (com.google.code.findbugs:jsr305:3.0.2) with ExtractJniTransform
Transforming javax.inject-1.jar (javax.inject:javax.inject:1) with JetifyTransform
Transforming javax.inject-1.jar (javax.inject:javax.inject:1) with ExtractJniTransform
Transforming pdfbox-android-2.0.27.0.aar (com.tom-roush:pdfbox-android:2.0.27.0) with JetifyTransform
Transforming pdfbox-android-2.0.27.0.aar (com.tom-roush:pdfbox-android:2.0.27.0) with ExtractAarTransform
Transforming pdfbox-android-2.0.27.0.aar (com.tom-roush:pdfbox-android:2.0.27.0) with AarTransform
Transforming slf4j-android-1.7.36.jar (org.slf4j:slf4j-android:1.7.36) with JetifyTransform
Transforming slf4j-android-1.7.36.jar (org.slf4j:slf4j-android:1.7.36) with ExtractJniTransform
Transforming slf4j-api-1.7.36.jar (org.slf4j:slf4j-api:1.7.36) with JetifyTransform
Transforming slf4j-api-1.7.36.jar (org.slf4j:slf4j-api:1.7.36) with ExtractJniTransform
Transforming commons-io-2.15.1.jar (commons-io:commons-io:2.15.1) with JetifyTransform
Transforming commons-io-2.15.1.jar (commons-io:commons-io:2.15.1) with ExtractJniTransform
Transforming commons-lang3-3.14.0.jar (org.apache.commons:commons-lang3:3.14.0) with JetifyTransform
Transforming commons-lang3-3.14.0.jar (org.apache.commons:commons-lang3:3.14.0) with ExtractJniTransform
Transforming kxml2-2.3.0.jar (net.sf.kxml:kxml2:2.3.0) with JetifyTransform
Transforming kxml2-2.3.0.jar (net.sf.kxml:kxml2:2.3.0) with ExtractJniTransform
Transforming jspecify-1.0.0.jar (org.jspecify:jspecify:1.0.0) with JetifyTransform
Transforming jspecify-1.0.0.jar (org.jspecify:jspecify:1.0.0) with ExtractJniTransform
Transforming constraintlayout-core-1.0.4.jar (androidx.constraintlayout:constraintlayout-core:1.0.4) with JetifyTransform
Transforming constraintlayout-core-1.0.4.jar (androidx.constraintlayout:constraintlayout-core:1.0.4) with ExtractJniTransform
Transforming disklrucache-4.15.1.jar (com.github.bumptech.glide:disklrucache:4.15.1) with JetifyTransform
Transforming disklrucache-4.15.1.jar (com.github.bumptech.glide:disklrucache:4.15.1) with ExtractJniTransform
Transforming annotations-4.15.1.jar (com.github.bumptech.glide:annotations:4.15.1) with JetifyTransform
Transforming annotations-4.15.1.jar (com.github.bumptech.glide:annotations:4.15.1) with ExtractJniTransform
Transforming bcpkix-jdk15to18-1.72.jar (org.bouncycastle:bcpkix-jdk15to18:1.72) with JetifyTransform
Transforming bcpkix-jdk15to18-1.72.jar (org.bouncycastle:bcpkix-jdk15to18:1.72) with ExtractJniTransform
Transforming bcutil-jdk15to18-1.72.jar (org.bouncycastle:bcutil-jdk15to18:1.72) with JetifyTransform
Transforming bcutil-jdk15to18-1.72.jar (org.bouncycastle:bcutil-jdk15to18:1.72) with ExtractJniTransform
Transforming bcprov-jdk15to18-1.72.jar (org.bouncycastle:bcprov-jdk15to18:1.72) with JetifyTransform
Transforming bcprov-jdk15to18-1.72.jar (org.bouncycastle:bcprov-jdk15to18:1.72) with ExtractJniTransform
Transforming constraintlayout-solver-2.0.1.jar (androidx.constraintlayout:constraintlayout-solver:2.0.1) with JetifyTransform
Transforming constraintlayout-solver-2.0.1.jar (androidx.constraintlayout:constraintlayout-solver:2.0.1) with ExtractJniTransform
Transforming guava-33.0.0-android.jar (com.google.guava:guava:33.0.0-android) with JetifyTransform
Transforming guava-33.0.0-android.jar (com.google.guava:guava:33.0.0-android) with ExtractJniTransform
Transforming listenablefuture-9999.0-empty-to-avoid-conflict-with-guava.jar (com.google.guava:listenablefuture:9999.0-empty-to-avoid-conflict-with-guava) with JetifyTransform
Transforming listenablefuture-9999.0-empty-to-avoid-conflict-with-guava.jar (com.google.guava:listenablefuture:9999.0-empty-to-avoid-conflict-with-guava) with ExtractJniTransform
Transforming failureaccess-1.0.2.jar (com.google.guava:failureaccess:1.0.2) with JetifyTransform
Transforming failureaccess-1.0.2.jar (com.google.guava:failureaccess:1.0.2) with ExtractJniTransform
Transforming image-1.0.0-beta1.aar (com.google.android.odml:image:1.0.0-beta1) with JetifyTransform
Transforming image-1.0.0-beta1.aar (com.google.android.odml:image:1.0.0-beta1) with ExtractAarTransform
Transforming image-1.0.0-beta1.aar (com.google.android.odml:image:1.0.0-beta1) with AarTransform
Transforming image-1.0.0-beta1.aar (com.google.android.odml:image:1.0.0-beta1) with JetifyTransform
Transforming image-1.0.0-beta1.aar (com.google.android.odml:image:1.0.0-beta1) with ExtractAarTransform
Transforming image-1.0.0-beta1.aar (com.google.android.odml:image:1.0.0-beta1) with AarTransform
Transforming firebase-annotations-16.0.0.jar (com.google.firebase:firebase-annotations:16.0.0) with JetifyTransform
Transforming firebase-annotations-16.0.0.jar (com.google.firebase:firebase-annotations:16.0.0) with ExtractJniTransform
Caching disabled for task ':android:app:mergeDebugNativeLibs' because:
  Caching has been disabled for the task
Skipping task ':android:app:mergeDebugNativeLibs' as it is up-to-date.
Resolve mutations for :android:app:stripDebugDebugSymbols (Thread[Execution worker Thread 9,5,main]) started.
:android:app:stripDebugDebugSymbols (Thread[Execution worker Thread 9,5,main]) started.

> Task :android:feature-themes:compileDebugKotlin UP-TO-DATE
Transforming R.jar with ClasspathEntrySnapshotTransform
Transforming classes.jar with ClasspathEntrySnapshotTransform
Transforming classes.jar with ClasspathEntrySnapshotTransform
Transforming jetified-hilt-navigation-compose-1.2.0-api.jar with ClasspathEntrySnapshotTransform
Transforming jetified-hilt-navigation-1.2.0-api.jar with ClasspathEntrySnapshotTransform
Transforming jetified-hilt-android-2.51.1-api.jar with ClasspathEntrySnapshotTransform
Transforming jetified-coil-compose-2.7.0-api.jar with ClasspathEntrySnapshotTransform
Transforming jetified-material3-window-size-class-release-api.jar with ClasspathEntrySnapshotTransform
Transforming jetified-material3-release-api.jar with ClasspathEntrySnapshotTransform
Transforming jetified-ui-util-release-api.jar with ClasspathEntrySnapshotTransform
Transforming jetified-ui-unit-release-api.jar with ClasspathEntrySnapshotTransform
Transforming jetified-ui-text-release-api.jar with ClasspathEntrySnapshotTransform
Transforming jetified-ui-graphics-release-api.jar with ClasspathEntrySnapshotTransform
Transforming jetified-navigation-compose-2.5.1-api.jar with ClasspathEntrySnapshotTransform
Transforming jetified-coil-compose-base-2.7.0-api.jar with ClasspathEntrySnapshotTransform
Transforming jetified-foundation-layout-release-api.jar with ClasspathEntrySnapshotTransform
Transforming jetified-material-icons-core-release-api.jar with ClasspathEntrySnapshotTransform
Transforming jetified-material-ripple-release-api.jar with ClasspathEntrySnapshotTransform
Transforming jetified-foundation-release-api.jar with ClasspathEntrySnapshotTransform
Transforming jetified-animation-core-release-api.jar with ClasspathEntrySnapshotTransform
Transforming jetified-animation-release-api.jar with ClasspathEntrySnapshotTransform
Transforming jetified-ui-geometry-release-api.jar with ClasspathEntrySnapshotTransform
Transforming jetified-ui-tooling-data-release-api.jar with ClasspathEntrySnapshotTransform
Transforming jetified-ui-tooling-preview-release-api.jar with ClasspathEntrySnapshotTransform
Transforming fragment-1.5.1-api.jar with ClasspathEntrySnapshotTransform
Transforming loader-1.0.0-api.jar with ClasspathEntrySnapshotTransform
Transforming navigation-runtime-ktx-2.5.1-api.jar with ClasspathEntrySnapshotTransform
Transforming navigation-runtime-2.5.1-api.jar with ClasspathEntrySnapshotTransform
Transforming jetified-activity-compose-1.9.0-api.jar with ClasspathEntrySnapshotTransform
Transforming jetified-activity-ktx-1.9.0-api.jar with ClasspathEntrySnapshotTransform
Transforming jetified-core-ktx-1.13.1-api.jar with ClasspathEntrySnapshotTransform
Transforming viewpager-1.0.0-api.jar with ClasspathEntrySnapshotTransform
Transforming customview-1.0.0-api.jar with ClasspathEntrySnapshotTransform
Transforming core-1.13.1-api.jar with ClasspathEntrySnapshotTransform
Transforming jetified-coil-2.7.0-api.jar with ClasspathEntrySnapshotTransform
Transforming jetified-coil-base-2.7.0-api.jar with ClasspathEntrySnapshotTransform
Transforming navigation-common-ktx-2.5.1-api.jar with ClasspathEntrySnapshotTransform
Transforming navigation-common-2.5.1-api.jar with ClasspathEntrySnapshotTransform
Transforming jetified-lifecycle-runtime-ktx-api.jar with ClasspathEntrySnapshotTransform
Transforming jetified-lifecycle-livedata-core-ktx-2.9.1-api.jar with ClasspathEntrySnapshotTransform
Transforming jetified-lifecycle-viewmodel-ktx-2.9.1-api.jar with ClasspathEntrySnapshotTransform
Transforming lifecycle-livedata-2.9.1-api.jar with ClasspathEntrySnapshotTransform
Transforming jetified-lifecycle-runtime-compose-release-api.jar with ClasspathEntrySnapshotTransform
Transforming jetified-lifecycle-runtime-release-api.jar with ClasspathEntrySnapshotTransform
Transforming jetified-lifecycle-viewmodel-savedstate-release-api.jar with ClasspathEntrySnapshotTransform
Transforming lifecycle-viewmodel-2.9.1-api.jar with ClasspathEntrySnapshotTransform
Transforming jetified-lifecycle-viewmodel-release-api.jar with ClasspathEntrySnapshotTransform
Transforming jetified-savedstate-ktx-1.3.0-api.jar with ClasspathEntrySnapshotTransform
Transforming jetified-savedstate-release-api.jar with ClasspathEntrySnapshotTransform
Transforming jetified-lifecycle-common-jvm-2.9.1.jar with ClasspathEntrySnapshotTransform
Transforming lifecycle-livedata-core-2.9.1-api.jar with ClasspathEntrySnapshotTransform
Transforming jetified-lifecycle-viewmodel-compose-release-api.jar with ClasspathEntrySnapshotTransform
Transforming jetified-ui-release-api.jar with ClasspathEntrySnapshotTransform
Transforming jetified-ui-tooling-release-api.jar with ClasspathEntrySnapshotTransform
Transforming jetified-ui-test-manifest-1.7.8-api.jar with ClasspathEntrySnapshotTransform
Transforming jetified-activity-1.9.0-api.jar with ClasspathEntrySnapshotTransform
Transforming jetified-runtime-saveable-release-api.jar with ClasspathEntrySnapshotTransform
Transforming jetified-runtime-release-api.jar with ClasspathEntrySnapshotTransform
Transforming jetified-annotation-experimental-1.4.1-api.jar with ClasspathEntrySnapshotTransform
Transforming versionedparcelable-1.1.1-api.jar with ClasspathEntrySnapshotTransform
Transforming jetified-collection-jvm-1.4.4.jar with ClasspathEntrySnapshotTransform
Transforming core-runtime-2.2.0-api.jar with ClasspathEntrySnapshotTransform
Transforming core-common-2.2.0.jar with ClasspathEntrySnapshotTransform
Transforming jetified-annotation-jvm-1.9.1.jar with ClasspathEntrySnapshotTransform
Transforming jetified-kotlinx-serialization-core-jvm-1.7.3.jar with ClasspathEntrySnapshotTransform
Transforming jetified-kotlinx-coroutines-core-jvm-1.8.1.jar with ClasspathEntrySnapshotTransform
Transforming jetified-kotlinx-coroutines-android-1.8.1.jar with ClasspathEntrySnapshotTransform
Transforming jetified-okhttp-4.12.0.jar with ClasspathEntrySnapshotTransform
Transforming jetified-kotlin-stdlib-jdk8-1.9.25.jar with ClasspathEntrySnapshotTransform
Transforming jetified-okio-jvm-3.9.0.jar with ClasspathEntrySnapshotTransform
Transforming jetified-kotlin-stdlib-jdk7-1.9.25.jar with ClasspathEntrySnapshotTransform
Transforming jetified-kotlin-stdlib-1.9.25.jar with ClasspathEntrySnapshotTransform
Transforming jetified-annotations-23.0.0.jar with ClasspathEntrySnapshotTransform
Transforming jetified-jspecify-1.0.0.jar with ClasspathEntrySnapshotTransform
Transforming jetified-hilt-core-2.51.1.jar with ClasspathEntrySnapshotTransform
Transforming jetified-dagger-2.51.1.jar with ClasspathEntrySnapshotTransform
Transforming jetified-javax.inject-1.jar with ClasspathEntrySnapshotTransform
Transforming jetified-dagger-lint-aar-2.51.1-api.jar with ClasspathEntrySnapshotTransform
Transforming jetified-jsr305-3.0.2.jar with ClasspathEntrySnapshotTransform
Transforming android.jar with ClasspathEntrySnapshotTransform
Transforming core-lambda-stubs.jar with ClasspathEntrySnapshotTransform
Build cache key for task ':android:feature-themes:compileDebugKotlin' is 29f4253b2a3a9fa3ecf17507a7d3530a
Skipping task ':android:feature-themes:compileDebugKotlin' as it is up-to-date.
Resolve mutations for :android:feature-themes:compileDebugJavaWithJavac (Thread[Execution worker Thread 3,5,main]) started.
:android:feature-themes:compileDebugJavaWithJavac (Thread[Execution worker Thread 3,5,main]) started.

> Task :android:app:stripDebugDebugSymbols UP-TO-DATE
Caching disabled for task ':android:app:stripDebugDebugSymbols' because:
  Caching has been disabled for the task
Skipping task ':android:app:stripDebugDebugSymbols' as it is up-to-date.
Resolve mutations for :android:app:validateSigningDebug (Thread[Execution worker Thread 9,5,main]) started.
:android:app:validateSigningDebug (Thread[Execution worker Thread 9,5,main]) started.

> Task :android:app:validateSigningDebug UP-TO-DATE
Caching disabled for task ':android:app:validateSigningDebug' because:
  Caching has been disabled for the task
Skipping task ':android:app:validateSigningDebug' as it is up-to-date.
Resolve mutations for :android:app:writeDebugAppMetadata (Thread[Execution worker Thread 9,5,main]) started.
:android:app:writeDebugAppMetadata (Thread[Execution worker Thread 9,5,main]) started.

> Task :android:app:writeDebugAppMetadata UP-TO-DATE
Caching disabled for task ':android:app:writeDebugAppMetadata' because:
  Caching has been disabled for the task
Skipping task ':android:app:writeDebugAppMetadata' as it is up-to-date.
Resolve mutations for :android:app:writeDebugSigningConfigVersions (Thread[Execution worker Thread 9,5,main]) started.
:android:app:writeDebugSigningConfigVersions (Thread[Execution worker Thread 9,5,main]) started.

> Task :android:app:writeDebugSigningConfigVersions UP-TO-DATE
Caching disabled for task ':android:app:writeDebugSigningConfigVersions' because:
  Caching has been disabled for the task
Skipping task ':android:app:writeDebugSigningConfigVersions' as it is up-to-date.

> Task :android:feature-themes:compileDebugJavaWithJavac UP-TO-DATE
file or directory 'C:\Users\xmeta\projects\Mr.Comic\android\feature-themes\build\generated\ksp\debug\classes', not found
Transforming core-for-system-modules.jar with JdkImageTransform
Transforming core-for-system-modules.jar with JdkImageTransform
Transforming core-for-system-modules.jar with JdkImageTransform
Transforming core-for-system-modules.jar with JdkImageTransform
file or directory 'C:\Users\xmeta\projects\Mr.Comic\android\feature-themes\build\generated\ksp\debug\classes', not found
Transforming core-for-system-modules.jar with JdkImageTransform
Transforming core-for-system-modules.jar with JdkImageTransform
Custom actions are attached to task ':android:feature-themes:compileDebugJavaWithJavac'.
Build cache key for task ':android:feature-themes:compileDebugJavaWithJavac' is dafb0b5267e10e3d20296974c6ee8b72
Skipping task ':android:feature-themes:compileDebugJavaWithJavac' as it is up-to-date.
No compile result for :android:feature-themes:compileDebugJavaWithJavac
No compile result for :android:feature-themes:compileDebugJavaWithJavac
Resolve mutations for :android:feature-themes:transformDebugClassesWithAsm (Thread[Execution worker Thread 3,5,main]) started.
:android:feature-themes:transformDebugClassesWithAsm (Thread[Execution worker Thread 3,5,main]) started.

> Task :android:feature-themes:transformDebugClassesWithAsm UP-TO-DATE
file or directory 'C:\Users\xmeta\projects\Mr.Comic\android\feature-themes\build\generated\ksp\debug\classes', not found
file or directory 'C:\Users\xmeta\projects\Mr.Comic\android\feature-themes\build\generated\ksp\debug\classes', not found
Transforming hilt-work-1.2.0.aar (androidx.hilt:hilt-work:1.2.0) with JetifyTransform
Transforming hilt-work-1.2.0.aar (androidx.hilt:hilt-work:1.2.0) with AarToClassTransform
Transforming hilt-navigation-compose-1.2.0.aar (androidx.hilt:hilt-navigation-compose:1.2.0) with JetifyTransform
Transforming hilt-navigation-compose-1.2.0.aar (androidx.hilt:hilt-navigation-compose:1.2.0) with AarToClassTransform
Transforming hilt-navigation-1.2.0.aar (androidx.hilt:hilt-navigation:1.2.0) with JetifyTransform
Transforming hilt-navigation-1.2.0.aar (androidx.hilt:hilt-navigation:1.2.0) with AarToClassTransform
Transforming hilt-android-2.51.1.aar (com.google.dagger:hilt-android:2.51.1) with JetifyTransform
Transforming hilt-android-2.51.1.aar (com.google.dagger:hilt-android:2.51.1) with AarToClassTransform
Transforming coil-compose-2.7.0.aar (io.coil-kt:coil-compose:2.7.0) with JetifyTransform
Transforming coil-compose-2.7.0.aar (io.coil-kt:coil-compose:2.7.0) with AarToClassTransform
Transforming lottie-compose-6.4.1.aar (com.airbnb.android:lottie-compose:6.4.1) with JetifyTransform
Transforming lottie-compose-6.4.1.aar (com.airbnb.android:lottie-compose:6.4.1) with AarToClassTransform
Transforming accompanist-systemuicontroller-0.34.0.aar (com.google.accompanist:accompanist-systemuicontroller:0.34.0) with JetifyTransform
Transforming accompanist-systemuicontroller-0.34.0.aar (com.google.accompanist:accompanist-systemuicontroller:0.34.0) with AarToClassTransform
Transforming accompanist-adaptive-0.34.0.aar (com.google.accompanist:accompanist-adaptive:0.34.0) with JetifyTransform
Transforming accompanist-adaptive-0.34.0.aar (com.google.accompanist:accompanist-adaptive:0.34.0) with AarToClassTransform
Transforming accompanist-permissions-0.37.3.aar (com.google.accompanist:accompanist-permissions:0.37.3) with JetifyTransform
Transforming accompanist-permissions-0.37.3.aar (com.google.accompanist:accompanist-permissions:0.37.3) with AarToClassTransform
Transforming room-common-jvm-2.7.2.jar (androidx.room:room-common-jvm:2.7.2) with JetifyTransform
Transforming room-common-jvm-2.7.2.jar (androidx.room:room-common-jvm:2.7.2) with IdentityTransform
Transforming room-runtime-release.aar (androidx.room:room-runtime-android:2.7.2) with JetifyTransform
Transforming room-runtime-release.aar (androidx.room:room-runtime-android:2.7.2) with AarToClassTransform
Transforming work-runtime-ktx-2.9.0.aar (androidx.work:work-runtime-ktx:2.9.0) with JetifyTransform
Transforming work-runtime-ktx-2.9.0.aar (androidx.work:work-runtime-ktx:2.9.0) with AarToClassTransform
Transforming work-runtime-2.9.0.aar (androidx.work:work-runtime:2.9.0) with JetifyTransform
Transforming work-runtime-2.9.0.aar (androidx.work:work-runtime:2.9.0) with AarToClassTransform
Transforming room-ktx-2.7.2.aar (androidx.room:room-ktx:2.7.2) with JetifyTransform
Transforming room-ktx-2.7.2.aar (androidx.room:room-ktx:2.7.2) with AarToClassTransform
Transforming navigation-compose-2.5.1.aar (androidx.navigation:navigation-compose:2.5.1) with JetifyTransform
Transforming navigation-compose-2.5.1.aar (androidx.navigation:navigation-compose:2.5.1) with AarToClassTransform
Transforming glide-4.15.1.aar (com.github.bumptech.glide:glide:4.15.1) with JetifyTransform
Transforming glide-4.15.1.aar (com.github.bumptech.glide:glide:4.15.1) with AarToClassTransform
Transforming lottie-6.4.1.aar (com.airbnb.android:lottie:6.4.1) with JetifyTransform
Transforming lottie-6.4.1.aar (com.airbnb.android:lottie:6.4.1) with AarToClassTransform
Transforming coil-compose-base-2.7.0.aar (io.coil-kt:coil-compose-base:2.7.0) with JetifyTransform
Transforming coil-compose-base-2.7.0.aar (io.coil-kt:coil-compose-base:2.7.0) with AarToClassTransform
Transforming coil-2.7.0.aar (io.coil-kt:coil:2.7.0) with JetifyTransform
Transforming coil-2.7.0.aar (io.coil-kt:coil:2.7.0) with AarToClassTransform
Transforming coil-base-2.7.0.aar (io.coil-kt:coil-base:2.7.0) with JetifyTransform
Transforming coil-base-2.7.0.aar (io.coil-kt:coil-base:2.7.0) with AarToClassTransform
Transforming appcompat-resources-1.6.1.aar (androidx.appcompat:appcompat-resources:1.6.1) with JetifyTransform
Transforming appcompat-resources-1.6.1.aar (androidx.appcompat:appcompat-resources:1.6.1) with AarToClassTransform
Transforming appcompat-1.6.1.aar (androidx.appcompat:appcompat:1.6.1) with JetifyTransform
Transforming appcompat-1.6.1.aar (androidx.appcompat:appcompat:1.6.1) with AarToClassTransform
Transforming pdfium-android-1.9.0.aar (com.github.barteksc:pdfium-android:1.9.0) with JetifyTransform
Transforming pdfium-android-1.9.0.aar (com.github.barteksc:pdfium-android:1.9.0) with AarToClassTransform
Transforming legacy-support-v4-1.0.0.aar (androidx.legacy:legacy-support-v4:1.0.0) with JetifyTransform
Transforming legacy-support-v4-1.0.0.aar (androidx.legacy:legacy-support-v4:1.0.0) with AarToClassTransform
Transforming fragment-1.5.1.aar (androidx.fragment:fragment:1.5.1) with JetifyTransform
Transforming fragment-1.5.1.aar (androidx.fragment:fragment:1.5.1) with AarToClassTransform
Transforming fragment-1.5.1.aar (androidx.fragment:fragment:1.5.1) with JetifyTransform
Transforming fragment-1.5.1.aar (androidx.fragment:fragment:1.5.1) with AarToClassTransform
Transforming material3-window-size-class-release.aar (androidx.compose.material3:material3-window-size-class-android:1.2.1) with JetifyTransform
Transforming material3-window-size-class-release.aar (androidx.compose.material3:material3-window-size-class-android:1.2.1) with AarToClassTransform
Transforming material3-release.aar (androidx.compose.material3:material3-android:1.2.1) with JetifyTransform
Transforming material3-release.aar (androidx.compose.material3:material3-android:1.2.1) with AarToClassTransform
Transforming palette-1.0.0.aar (androidx.palette:palette:1.0.0) with JetifyTransform
Transforming palette-1.0.0.aar (androidx.palette:palette:1.0.0) with AarToClassTransform
Transforming legacy-support-core-ui-1.0.0.aar (androidx.legacy:legacy-support-core-ui:1.0.0) with JetifyTransform
Transforming legacy-support-core-ui-1.0.0.aar (androidx.legacy:legacy-support-core-ui:1.0.0) with AarToClassTransform
Transforming legacy-support-core-utils-1.0.0.aar (androidx.legacy:legacy-support-core-utils:1.0.0) with JetifyTransform
Transforming legacy-support-core-utils-1.0.0.aar (androidx.legacy:legacy-support-core-utils:1.0.0) with AarToClassTransform
Transforming loader-1.0.0.aar (androidx.loader:loader:1.0.0) with JetifyTransform
Transforming loader-1.0.0.aar (androidx.loader:loader:1.0.0) with AarToClassTransform
Transforming loader-1.0.0.aar (androidx.loader:loader:1.0.0) with JetifyTransform
Transforming loader-1.0.0.aar (androidx.loader:loader:1.0.0) with AarToClassTransform
Transforming navigation-runtime-ktx-2.5.1.aar (androidx.navigation:navigation-runtime-ktx:2.5.1) with JetifyTransform
Transforming navigation-runtime-ktx-2.5.1.aar (androidx.navigation:navigation-runtime-ktx:2.5.1) with AarToClassTransform
Transforming navigation-runtime-2.5.1.aar (androidx.navigation:navigation-runtime:2.5.1) with JetifyTransform
Transforming navigation-runtime-2.5.1.aar (androidx.navigation:navigation-runtime:2.5.1) with AarToClassTransform
Transforming constraintlayout-compose-1.0.1.aar (androidx.constraintlayout:constraintlayout-compose:1.0.1) with JetifyTransform
Transforming constraintlayout-compose-1.0.1.aar (androidx.constraintlayout:constraintlayout-compose:1.0.1) with AarToClassTransform
Transforming accompanist-drawablepainter-0.32.0.aar (com.google.accompanist:accompanist-drawablepainter:0.32.0) with JetifyTransform
Transforming accompanist-drawablepainter-0.32.0.aar (com.google.accompanist:accompanist-drawablepainter:0.32.0) with AarToClassTransform
Transforming material-ripple-release.aar (androidx.compose.material:material-ripple-android:1.6.8) with JetifyTransform
Transforming material-ripple-release.aar (androidx.compose.material:material-ripple-android:1.6.8) with AarToClassTransform
Transforming material-icons-core-release.aar (androidx.compose.material:material-icons-core-android:1.6.8) with JetifyTransform
Transforming material-icons-core-release.aar (androidx.compose.material:material-icons-core-android:1.6.8) with AarToClassTransform
Transforming material-icons-extended-release.aar (androidx.compose.material:material-icons-extended-android:1.6.8) with JetifyTransform
Transforming material-icons-extended-release.aar (androidx.compose.material:material-icons-extended-android:1.6.8) with AarToClassTransform
Transforming ui-tooling-data-release.aar (androidx.compose.ui:ui-tooling-data-android:1.7.8) with JetifyTransform
Transforming ui-tooling-data-release.aar (androidx.compose.ui:ui-tooling-data-android:1.7.8) with AarToClassTransform
Transforming ui-tooling-preview-release.aar (androidx.compose.ui:ui-tooling-preview-android:1.7.8) with JetifyTransform
Transforming ui-tooling-preview-release.aar (androidx.compose.ui:ui-tooling-preview-android:1.7.8) with AarToClassTransform
Transforming animation-core-release.aar (androidx.compose.animation:animation-core-android:1.7.8) with JetifyTransform
Transforming animation-core-release.aar (androidx.compose.animation:animation-core-android:1.7.8) with AarToClassTransform
Transforming animation-release.aar (androidx.compose.animation:animation-android:1.7.8) with JetifyTransform
Transforming animation-release.aar (androidx.compose.animation:animation-android:1.7.8) with AarToClassTransform
Transforming foundation-layout-release.aar (androidx.compose.foundation:foundation-layout-android:1.7.8) with JetifyTransform
Transforming foundation-layout-release.aar (androidx.compose.foundation:foundation-layout-android:1.7.8) with AarToClassTransform
Transforming foundation-release.aar (androidx.compose.foundation:foundation-android:1.7.8) with JetifyTransform
Transforming foundation-release.aar (androidx.compose.foundation:foundation-android:1.7.8) with AarToClassTransform
Transforming ui-util-release.aar (androidx.compose.ui:ui-util-android:1.7.8) with JetifyTransform
Transforming ui-util-release.aar (androidx.compose.ui:ui-util-android:1.7.8) with AarToClassTransform
Transforming ui-unit-release.aar (androidx.compose.ui:ui-unit-android:1.7.8) with JetifyTransform
Transforming ui-unit-release.aar (androidx.compose.ui:ui-unit-android:1.7.8) with AarToClassTransform
Transforming ui-text-release.aar (androidx.compose.ui:ui-text-android:1.7.8) with JetifyTransform
Transforming ui-text-release.aar (androidx.compose.ui:ui-text-android:1.7.8) with AarToClassTransform
Transforming ui-graphics-release.aar (androidx.compose.ui:ui-graphics-android:1.7.8) with JetifyTransform
Transforming ui-graphics-release.aar (androidx.compose.ui:ui-graphics-android:1.7.8) with AarToClassTransform
Transforming ui-geometry-release.aar (androidx.compose.ui:ui-geometry-android:1.7.8) with JetifyTransform
Transforming ui-geometry-release.aar (androidx.compose.ui:ui-geometry-android:1.7.8) with AarToClassTransform
Transforming ui-test-manifest-1.7.8.aar (androidx.compose.ui:ui-test-manifest:1.7.8) with JetifyTransform
Transforming ui-test-manifest-1.7.8.aar (androidx.compose.ui:ui-test-manifest:1.7.8) with AarToClassTransform
Transforming ui-tooling-release.aar (androidx.compose.ui:ui-tooling-android:1.7.8) with JetifyTransform
Transforming ui-tooling-release.aar (androidx.compose.ui:ui-tooling-android:1.7.8) with AarToClassTransform
Transforming material-release.aar (androidx.compose.material:material-android:1.6.8) with JetifyTransform
Transforming material-release.aar (androidx.compose.material:material-android:1.6.8) with AarToClassTransform
Transforming ui-release.aar (androidx.compose.ui:ui-android:1.7.8) with JetifyTransform
Transforming ui-release.aar (androidx.compose.ui:ui-android:1.7.8) with AarToClassTransform
Transforming activity-ktx-1.9.0.aar (androidx.activity:activity-ktx:1.9.0) with JetifyTransform
Transforming activity-ktx-1.9.0.aar (androidx.activity:activity-ktx:1.9.0) with AarToClassTransform
Transforming activity-1.9.0.aar (androidx.activity:activity:1.9.0) with JetifyTransform
Transforming activity-1.9.0.aar (androidx.activity:activity:1.9.0) with AarToClassTransform
Transforming activity-compose-1.9.0.aar (androidx.activity:activity-compose:1.9.0) with JetifyTransform
Transforming activity-compose-1.9.0.aar (androidx.activity:activity-compose:1.9.0) with AarToClassTransform
Transforming navigation-common-ktx-2.5.1.aar (androidx.navigation:navigation-common-ktx:2.5.1) with JetifyTransform
Transforming navigation-common-ktx-2.5.1.aar (androidx.navigation:navigation-common-ktx:2.5.1) with AarToClassTransform
Transforming navigation-common-2.5.1.aar (androidx.navigation:navigation-common:2.5.1) with JetifyTransform
Transforming navigation-common-2.5.1.aar (androidx.navigation:navigation-common:2.5.1) with AarToClassTransform
Transforming emoji2-views-helper-1.3.0.aar (androidx.emoji2:emoji2-views-helper:1.3.0) with JetifyTransform
Transforming emoji2-views-helper-1.3.0.aar (androidx.emoji2:emoji2-views-helper:1.3.0) with AarToClassTransform
Transforming emoji2-1.3.0.aar (androidx.emoji2:emoji2:1.3.0) with JetifyTransform
Transforming emoji2-1.3.0.aar (androidx.emoji2:emoji2:1.3.0) with AarToClassTransform
Transforming lifecycle-process-2.9.1.aar (androidx.lifecycle:lifecycle-process:2.9.1) with JetifyTransform
Transforming lifecycle-process-2.9.1.aar (androidx.lifecycle:lifecycle-process:2.9.1) with AarToClassTransform
Transforming lifecycle-livedata-core-ktx-2.9.1.aar (androidx.lifecycle:lifecycle-livedata-core-ktx:2.9.1) with JetifyTransform
Transforming lifecycle-livedata-core-ktx-2.9.1.aar (androidx.lifecycle:lifecycle-livedata-core-ktx:2.9.1) with AarToClassTransform
Transforming lifecycle-runtime-ktx.aar (androidx.lifecycle:lifecycle-runtime-ktx-android:2.9.1) with JetifyTransform
Transforming lifecycle-runtime-ktx.aar (androidx.lifecycle:lifecycle-runtime-ktx-android:2.9.1) with AarToClassTransform
Transforming lifecycle-viewmodel-ktx-2.9.1.aar (androidx.lifecycle:lifecycle-viewmodel-ktx:2.9.1) with JetifyTransform
Transforming lifecycle-viewmodel-ktx-2.9.1.aar (androidx.lifecycle:lifecycle-viewmodel-ktx:2.9.1) with AarToClassTransform
Transforming media3-ui-1.4.1.aar (androidx.media3:media3-ui:1.4.1) with JetifyTransform
Transforming media3-ui-1.4.1.aar (androidx.media3:media3-ui:1.4.1) with AarToClassTransform
Transforming media3-session-1.4.1.aar (androidx.media3:media3-session:1.4.1) with JetifyTransform
Transforming media3-session-1.4.1.aar (androidx.media3:media3-session:1.4.1) with AarToClassTransform
Transforming media3-extractor-1.4.1.aar (androidx.media3:media3-extractor:1.4.1) with JetifyTransform
Transforming media3-extractor-1.4.1.aar (androidx.media3:media3-extractor:1.4.1) with AarToClassTransform
Transforming media3-container-1.4.1.aar (androidx.media3:media3-container:1.4.1) with JetifyTransform
Transforming media3-container-1.4.1.aar (androidx.media3:media3-container:1.4.1) with AarToClassTransform
Transforming media3-datasource-1.4.1.aar (androidx.media3:media3-datasource:1.4.1) with JetifyTransform
Transforming media3-datasource-1.4.1.aar (androidx.media3:media3-datasource:1.4.1) with AarToClassTransform
Transforming media3-decoder-1.4.1.aar (androidx.media3:media3-decoder:1.4.1) with JetifyTransform
Transforming media3-decoder-1.4.1.aar (androidx.media3:media3-decoder:1.4.1) with AarToClassTransform
Transforming media3-database-1.4.1.aar (androidx.media3:media3-database:1.4.1) with JetifyTransform
Transforming media3-database-1.4.1.aar (androidx.media3:media3-database:1.4.1) with AarToClassTransform
Transforming media3-common-1.4.1.aar (androidx.media3:media3-common:1.4.1) with JetifyTransform
Transforming media3-common-1.4.1.aar (androidx.media3:media3-common:1.4.1) with AarToClassTransform
Transforming media3-exoplayer-1.4.1.aar (androidx.media3:media3-exoplayer:1.4.1) with JetifyTransform
Transforming media3-exoplayer-1.4.1.aar (androidx.media3:media3-exoplayer:1.4.1) with AarToClassTransform
Transforming window-1.0.0.aar (androidx.window:window:1.0.0) with JetifyTransform
Transforming window-1.0.0.aar (androidx.window:window:1.0.0) with AarToClassTransform
Transforming media-1.7.0.aar (androidx.media:media:1.7.0) with JetifyTransform
Transforming media-1.7.0.aar (androidx.media:media:1.7.0) with AarToClassTransform
Transforming media-1.7.0.aar (androidx.media:media:1.7.0) with JetifyTransform
Transforming media-1.7.0.aar (androidx.media:media:1.7.0) with AarToClassTransform
Transforming recyclerview-1.3.0.aar (androidx.recyclerview:recyclerview:1.3.0) with JetifyTransform
Transforming recyclerview-1.3.0.aar (androidx.recyclerview:recyclerview:1.3.0) with AarToClassTransform
Transforming viewpager-1.0.0.aar (androidx.viewpager:viewpager:1.0.0) with JetifyTransform
Transforming viewpager-1.0.0.aar (androidx.viewpager:viewpager:1.0.0) with AarToClassTransform
Transforming viewpager-1.0.0.aar (androidx.viewpager:viewpager:1.0.0) with JetifyTransform
Transforming viewpager-1.0.0.aar (androidx.viewpager:viewpager:1.0.0) with AarToClassTransform
Transforming vectordrawable-animated-1.1.0.aar (androidx.vectordrawable:vectordrawable-animated:1.1.0) with JetifyTransform
Transforming vectordrawable-animated-1.1.0.aar (androidx.vectordrawable:vectordrawable-animated:1.1.0) with AarToClassTransform
Transforming vectordrawable-1.1.0.aar (androidx.vectordrawable:vectordrawable:1.1.0) with JetifyTransform
Transforming vectordrawable-1.1.0.aar (androidx.vectordrawable:vectordrawable:1.1.0) with AarToClassTransform
Transforming vectordrawable-1.1.0.aar (androidx.vectordrawable:vectordrawable:1.1.0) with JetifyTransform
Transforming vectordrawable-1.1.0.aar (androidx.vectordrawable:vectordrawable:1.1.0) with AarToClassTransform
Transforming drawerlayout-1.0.0.aar (androidx.drawerlayout:drawerlayout:1.0.0) with JetifyTransform
Transforming drawerlayout-1.0.0.aar (androidx.drawerlayout:drawerlayout:1.0.0) with AarToClassTransform
Transforming drawerlayout-1.0.0.aar (androidx.drawerlayout:drawerlayout:1.0.0) with JetifyTransform
Transforming drawerlayout-1.0.0.aar (androidx.drawerlayout:drawerlayout:1.0.0) with AarToClassTransform
Transforming coordinatorlayout-1.0.0.aar (androidx.coordinatorlayout:coordinatorlayout:1.0.0) with JetifyTransform
Transforming coordinatorlayout-1.0.0.aar (androidx.coordinatorlayout:coordinatorlayout:1.0.0) with AarToClassTransform
Transforming slidingpanelayout-1.0.0.aar (androidx.slidingpanelayout:slidingpanelayout:1.0.0) with JetifyTransform
Transforming slidingpanelayout-1.0.0.aar (androidx.slidingpanelayout:slidingpanelayout:1.0.0) with AarToClassTransform
Transforming customview-1.0.0.aar (androidx.customview:customview:1.0.0) with JetifyTransform
Transforming customview-1.0.0.aar (androidx.customview:customview:1.0.0) with AarToClassTransform
Transforming customview-1.0.0.aar (androidx.customview:customview:1.0.0) with JetifyTransform
Transforming customview-1.0.0.aar (androidx.customview:customview:1.0.0) with AarToClassTransform
Transforming autofill-1.0.0.aar (androidx.autofill:autofill:1.0.0) with JetifyTransform
Transforming autofill-1.0.0.aar (androidx.autofill:autofill:1.0.0) with AarToClassTransform
Transforming swiperefreshlayout-1.0.0.aar (androidx.swiperefreshlayout:swiperefreshlayout:1.0.0) with JetifyTransform
Transforming swiperefreshlayout-1.0.0.aar (androidx.swiperefreshlayout:swiperefreshlayout:1.0.0) with AarToClassTransform
Transforming asynclayoutinflater-1.0.0.aar (androidx.asynclayoutinflater:asynclayoutinflater:1.0.0) with JetifyTransform
Transforming asynclayoutinflater-1.0.0.aar (androidx.asynclayoutinflater:asynclayoutinflater:1.0.0) with AarToClassTransform
Transforming graphics-path-1.0.1.aar (androidx.graphics:graphics-path:1.0.1) with JetifyTransform
Transforming graphics-path-1.0.1.aar (androidx.graphics:graphics-path:1.0.1) with AarToClassTransform
Transforming customview-poolingcontainer-1.0.0.aar (androidx.customview:customview-poolingcontainer:1.0.0) with JetifyTransform
Transforming customview-poolingcontainer-1.0.0.aar (androidx.customview:customview-poolingcontainer:1.0.0) with AarToClassTransform
Transforming savedstate-ktx-1.3.0.aar (androidx.savedstate:savedstate-ktx:1.3.0) with JetifyTransform
Transforming savedstate-ktx-1.3.0.aar (androidx.savedstate:savedstate-ktx:1.3.0) with AarToClassTransform
Transforming savedstate-release.aar (androidx.savedstate:savedstate-android:1.3.0) with JetifyTransform
Transforming savedstate-release.aar (androidx.savedstate:savedstate-android:1.3.0) with AarToClassTransform
Transforming core-ktx-1.13.1.aar (androidx.core:core-ktx:1.13.1) with JetifyTransform
Transforming core-ktx-1.13.1.aar (androidx.core:core-ktx:1.13.1) with AarToClassTransform
Transforming core-1.13.1.aar (androidx.core:core:1.13.1) with JetifyTransform
Transforming core-1.13.1.aar (androidx.core:core:1.13.1) with AarToClassTransform
Transforming core-1.13.1.aar (androidx.core:core:1.13.1) with JetifyTransform
Transforming core-1.13.1.aar (androidx.core:core:1.13.1) with AarToClassTransform
Transforming lifecycle-runtime-release.aar (androidx.lifecycle:lifecycle-runtime-android:2.9.1) with JetifyTransform
Transforming lifecycle-runtime-release.aar (androidx.lifecycle:lifecycle-runtime-android:2.9.1) with AarToClassTransform
Transforming lifecycle-viewmodel-savedstate-release.aar (androidx.lifecycle:lifecycle-viewmodel-savedstate-android:2.9.1) with JetifyTransform
Transforming lifecycle-viewmodel-savedstate-release.aar (androidx.lifecycle:lifecycle-viewmodel-savedstate-android:2.9.1) with AarToClassTransform
Transforming lifecycle-viewmodel-2.9.1.aar (androidx.lifecycle:lifecycle-viewmodel:2.9.1) with JetifyTransform
Transforming lifecycle-viewmodel-2.9.1.aar (androidx.lifecycle:lifecycle-viewmodel:2.9.1) with AarToClassTransform
Transforming lifecycle-viewmodel-release.aar (androidx.lifecycle:lifecycle-viewmodel-android:2.9.1) with JetifyTransform
Transforming lifecycle-viewmodel-release.aar (androidx.lifecycle:lifecycle-viewmodel-android:2.9.1) with AarToClassTransform
Transforming lifecycle-common-jvm-2.9.1.jar (androidx.lifecycle:lifecycle-common-jvm:2.9.1) with JetifyTransform
Transforming lifecycle-common-jvm-2.9.1.jar (androidx.lifecycle:lifecycle-common-jvm:2.9.1) with IdentityTransform
Transforming lifecycle-service-2.9.1.aar (androidx.lifecycle:lifecycle-service:2.9.1) with JetifyTransform
Transforming lifecycle-service-2.9.1.aar (androidx.lifecycle:lifecycle-service:2.9.1) with AarToClassTransform
Transforming lifecycle-livedata-2.9.1.aar (androidx.lifecycle:lifecycle-livedata:2.9.1) with JetifyTransform
Transforming lifecycle-livedata-2.9.1.aar (androidx.lifecycle:lifecycle-livedata:2.9.1) with AarToClassTransform
Transforming lifecycle-livedata-2.9.1.aar (androidx.lifecycle:lifecycle-livedata:2.9.1) with JetifyTransform
Transforming lifecycle-livedata-2.9.1.aar (androidx.lifecycle:lifecycle-livedata:2.9.1) with AarToClassTransform
Transforming lifecycle-common-java8-2.9.1.jar (androidx.lifecycle:lifecycle-common-java8:2.9.1) with JetifyTransform
Transforming lifecycle-common-java8-2.9.1.jar (androidx.lifecycle:lifecycle-common-java8:2.9.1) with IdentityTransform
Transforming lifecycle-livedata-core-2.9.1.aar (androidx.lifecycle:lifecycle-livedata-core:2.9.1) with JetifyTransform
Transforming lifecycle-livedata-core-2.9.1.aar (androidx.lifecycle:lifecycle-livedata-core:2.9.1) with AarToClassTransform
Transforming lifecycle-runtime-compose-release.aar (androidx.lifecycle:lifecycle-runtime-compose-android:2.9.1) with JetifyTransform
Transforming lifecycle-runtime-compose-release.aar (androidx.lifecycle:lifecycle-runtime-compose-android:2.9.1) with AarToClassTransform
Transforming lifecycle-viewmodel-compose-release.aar (androidx.lifecycle:lifecycle-viewmodel-compose-android:2.9.1) with JetifyTransform
Transforming lifecycle-viewmodel-compose-release.aar (androidx.lifecycle:lifecycle-viewmodel-compose-android:2.9.1) with AarToClassTransform
Transforming datastore-preferences-external-protobuf-1.1.7.jar (androidx.datastore:datastore-preferences-external-protobuf:1.1.7) with JetifyTransform
Transforming datastore-preferences-external-protobuf-1.1.7.jar (androidx.datastore:datastore-preferences-external-protobuf:1.1.7) with IdentityTransform
Transforming datastore-core-okio-jvm-1.1.7.jar (androidx.datastore:datastore-core-okio-jvm:1.1.7) with JetifyTransform
Transforming datastore-core-okio-jvm-1.1.7.jar (androidx.datastore:datastore-core-okio-jvm:1.1.7) with IdentityTransform
Transforming datastore-core-release.aar (androidx.datastore:datastore-core-android:1.1.7) with JetifyTransform
Transforming datastore-core-release.aar (androidx.datastore:datastore-core-android:1.1.7) with AarToClassTransform
Transforming datastore-preferences-proto-1.1.7.jar (androidx.datastore:datastore-preferences-proto:1.1.7) with JetifyTransform
Transforming datastore-preferences-proto-1.1.7.jar (androidx.datastore:datastore-preferences-proto:1.1.7) with IdentityTransform
Transforming datastore-preferences-core-release.aar (androidx.datastore:datastore-preferences-core-android:1.1.7) with JetifyTransform
Transforming datastore-preferences-core-release.aar (androidx.datastore:datastore-preferences-core-android:1.1.7) with AarToClassTransform
Transforming datastore-release.aar (androidx.datastore:datastore-android:1.1.7) with JetifyTransform
Transforming datastore-release.aar (androidx.datastore:datastore-android:1.1.7) with AarToClassTransform
Transforming datastore-preferences-release.aar (androidx.datastore:datastore-preferences-android:1.1.7) with JetifyTransform
Transforming datastore-preferences-release.aar (androidx.datastore:datastore-preferences-android:1.1.7) with AarToClassTransform
Transforming kotlin-parcelize-runtime-1.9.25.jar (org.jetbrains.kotlin:kotlin-parcelize-runtime:1.9.25) with JetifyTransform
Transforming kotlin-parcelize-runtime-1.9.25.jar (org.jetbrains.kotlin:kotlin-parcelize-runtime:1.9.25) with IdentityTransform
Transforming runtime-saveable-release.aar (androidx.compose.runtime:runtime-saveable-android:1.7.8) with JetifyTransform
Transforming runtime-saveable-release.aar (androidx.compose.runtime:runtime-saveable-android:1.7.8) with AarToClassTransform
Transforming runtime-release.aar (androidx.compose.runtime:runtime-android:1.7.8) with JetifyTransform
Transforming runtime-release.aar (androidx.compose.runtime:runtime-android:1.7.8) with AarToClassTransform
Transforming okhttp-4.12.0.jar (com.squareup.okhttp3:okhttp:4.12.0) with JetifyTransform
Transforming okhttp-4.12.0.jar (com.squareup.okhttp3:okhttp:4.12.0) with IdentityTransform
Transforming kotlin-stdlib-jdk8-1.9.25.jar (org.jetbrains.kotlin:kotlin-stdlib-jdk8:1.9.25) with JetifyTransform
Transforming kotlin-stdlib-jdk8-1.9.25.jar (org.jetbrains.kotlin:kotlin-stdlib-jdk8:1.9.25) with IdentityTransform
Transforming kotlin-android-extensions-runtime-1.9.25.jar (org.jetbrains.kotlin:kotlin-android-extensions-runtime:1.9.25) with JetifyTransform
Transforming kotlin-android-extensions-runtime-1.9.25.jar (org.jetbrains.kotlin:kotlin-android-extensions-runtime:1.9.25) with IdentityTransform
Transforming annotation-experimental-1.4.1.aar (androidx.annotation:annotation-experimental:1.4.1) with JetifyTransform
Transforming annotation-experimental-1.4.1.aar (androidx.annotation:annotation-experimental:1.4.1) with AarToClassTransform
Transforming kotlinx-serialization-core-jvm-1.7.3.jar (org.jetbrains.kotlinx:kotlinx-serialization-core-jvm:1.7.3) with JetifyTransform
Transforming kotlinx-serialization-core-jvm-1.7.3.jar (org.jetbrains.kotlinx:kotlinx-serialization-core-jvm:1.7.3) with IdentityTransform
Transforming kotlinx-coroutines-core-jvm-1.8.1.jar (org.jetbrains.kotlinx:kotlinx-coroutines-core-jvm:1.8.1) with JetifyTransform
Transforming kotlinx-coroutines-core-jvm-1.8.1.jar (org.jetbrains.kotlinx:kotlinx-coroutines-core-jvm:1.8.1) with IdentityTransform
Transforming kotlinx-coroutines-android-1.8.1.jar (org.jetbrains.kotlinx:kotlinx-coroutines-android:1.8.1) with JetifyTransform
Transforming kotlinx-coroutines-android-1.8.1.jar (org.jetbrains.kotlinx:kotlinx-coroutines-android:1.8.1) with IdentityTransform
Transforming kotlin-stdlib-jdk7-1.9.25.jar (org.jetbrains.kotlin:kotlin-stdlib-jdk7:1.9.25) with JetifyTransform
Transforming kotlin-stdlib-jdk7-1.9.25.jar (org.jetbrains.kotlin:kotlin-stdlib-jdk7:1.9.25) with IdentityTransform
Transforming sqlite-framework-release.aar (androidx.sqlite:sqlite-framework-android:2.5.1) with JetifyTransform
Transforming sqlite-framework-release.aar (androidx.sqlite:sqlite-framework-android:2.5.1) with AarToClassTransform
Transforming sqlite-release.aar (androidx.sqlite:sqlite-android:2.5.1) with JetifyTransform
Transforming sqlite-release.aar (androidx.sqlite:sqlite-android:2.5.1) with AarToClassTransform
Transforming core-viewtree-1.0.0.aar (androidx.core:core-viewtree:1.0.0) with JetifyTransform
Transforming core-viewtree-1.0.0.aar (androidx.core:core-viewtree:1.0.0) with AarToClassTransform
Transforming okio-jvm-3.9.0.jar (com.squareup.okio:okio-jvm:3.9.0) with JetifyTransform
Transforming okio-jvm-3.9.0.jar (com.squareup.okio:okio-jvm:3.9.0) with IdentityTransform
Transforming documentfile-1.0.1.aar (androidx.documentfile:documentfile:1.0.1) with JetifyTransform
Transforming documentfile-1.0.1.aar (androidx.documentfile:documentfile:1.0.1) with AarToClassTransform
Transforming documentfile-1.0.1.aar (androidx.documentfile:documentfile:1.0.1) with JetifyTransform
Transforming documentfile-1.0.1.aar (androidx.documentfile:documentfile:1.0.1) with AarToClassTransform
Transforming gifdecoder-4.15.1.aar (com.github.bumptech.glide:gifdecoder:4.15.1) with JetifyTransform
Transforming gifdecoder-4.15.1.aar (com.github.bumptech.glide:gifdecoder:4.15.1) with AarToClassTransform
Transforming profileinstaller-1.4.0.aar (androidx.profileinstaller:profileinstaller:1.4.0) with JetifyTransform
Transforming profileinstaller-1.4.0.aar (androidx.profileinstaller:profileinstaller:1.4.0) with AarToClassTransform
Transforming startup-runtime-1.1.1.aar (androidx.startup:startup-runtime:1.1.1) with JetifyTransform
Transforming startup-runtime-1.1.1.aar (androidx.startup:startup-runtime:1.1.1) with AarToClassTransform
Transforming tracing-1.0.0.aar (androidx.tracing:tracing:1.0.0) with JetifyTransform
Transforming tracing-1.0.0.aar (androidx.tracing:tracing:1.0.0) with AarToClassTransform
Transforming localbroadcastmanager-1.0.0.aar (androidx.localbroadcastmanager:localbroadcastmanager:1.0.0) with JetifyTransform
Transforming localbroadcastmanager-1.0.0.aar (androidx.localbroadcastmanager:localbroadcastmanager:1.0.0) with AarToClassTransform
Transforming print-1.0.0.aar (androidx.print:print:1.0.0) with JetifyTransform
Transforming print-1.0.0.aar (androidx.print:print:1.0.0) with AarToClassTransform
Transforming interpolator-1.0.0.aar (androidx.interpolator:interpolator:1.0.0) with JetifyTransform
Transforming interpolator-1.0.0.aar (androidx.interpolator:interpolator:1.0.0) with AarToClassTransform
Transforming interpolator-1.0.0.aar (androidx.interpolator:interpolator:1.0.0) with JetifyTransform
Transforming interpolator-1.0.0.aar (androidx.interpolator:interpolator:1.0.0) with AarToClassTransform
Transforming core-runtime-2.2.0.aar (androidx.arch.core:core-runtime:2.2.0) with JetifyTransform
Transforming core-runtime-2.2.0.aar (androidx.arch.core:core-runtime:2.2.0) with AarToClassTransform
Transforming core-common-2.2.0.jar (androidx.arch.core:core-common:2.2.0) with JetifyTransform
Transforming core-common-2.2.0.jar (androidx.arch.core:core-common:2.2.0) with IdentityTransform
Transforming exifinterface-1.3.7.aar (androidx.exifinterface:exifinterface:1.3.7) with JetifyTransform
Transforming exifinterface-1.3.7.aar (androidx.exifinterface:exifinterface:1.3.7) with AarToClassTransform
Transforming cursoradapter-1.0.0.aar (androidx.cursoradapter:cursoradapter:1.0.0) with JetifyTransform
Transforming cursoradapter-1.0.0.aar (androidx.cursoradapter:cursoradapter:1.0.0) with AarToClassTransform
Transforming cursoradapter-1.0.0.aar (androidx.cursoradapter:cursoradapter:1.0.0) with JetifyTransform
Transforming cursoradapter-1.0.0.aar (androidx.cursoradapter:cursoradapter:1.0.0) with AarToClassTransform
Transforming resourceinspection-annotation-1.0.1.jar (androidx.resourceinspection:resourceinspection-annotation:1.0.1) with JetifyTransform
Transforming resourceinspection-annotation-1.0.1.jar (androidx.resourceinspection:resourceinspection-annotation:1.0.1) with IdentityTransform
Transforming collection-ktx-1.4.4.jar (androidx.collection:collection-ktx:1.4.4) with JetifyTransform
Transforming collection-ktx-1.4.4.jar (androidx.collection:collection-ktx:1.4.4) with IdentityTransform
Transforming versionedparcelable-1.1.1.aar (androidx.versionedparcelable:versionedparcelable:1.1.1) with JetifyTransform
Transforming versionedparcelable-1.1.1.aar (androidx.versionedparcelable:versionedparcelable:1.1.1) with AarToClassTransform
Transforming collection-jvm-1.4.4.jar (androidx.collection:collection-jvm:1.4.4) with JetifyTransform
Transforming collection-jvm-1.4.4.jar (androidx.collection:collection-jvm:1.4.4) with IdentityTransform
Transforming concurrent-futures-1.1.0.jar (androidx.concurrent:concurrent-futures:1.1.0) with JetifyTransform
Transforming concurrent-futures-1.1.0.jar (androidx.concurrent:concurrent-futures:1.1.0) with IdentityTransform
Transforming annotation-jvm-1.9.1.jar (androidx.annotation:annotation-jvm:1.9.1) with JetifyTransform
Transforming annotation-jvm-1.9.1.jar (androidx.annotation:annotation-jvm:1.9.1) with IdentityTransform
Transforming kotlin-stdlib-1.9.25.jar (org.jetbrains.kotlin:kotlin-stdlib:1.9.25) with JetifyTransform
Transforming kotlin-stdlib-1.9.25.jar (org.jetbrains.kotlin:kotlin-stdlib:1.9.25) with IdentityTransform
Transforming annotations-23.0.0.jar (org.jetbrains:annotations:23.0.0) with JetifyTransform
Transforming annotations-23.0.0.jar (org.jetbrains:annotations:23.0.0) with IdentityTransform
Transforming junrar-7.5.5.jar (com.github.junrar:junrar:7.5.5) with JetifyTransform
Transforming junrar-7.5.5.jar (com.github.junrar:junrar:7.5.5) with IdentityTransform
Transforming gson-2.11.0.jar (com.google.code.gson:gson:2.11.0) with JetifyTransform
Transforming gson-2.11.0.jar (com.google.code.gson:gson:2.11.0) with IdentityTransform
Transforming hilt-common-1.2.0.jar (androidx.hilt:hilt-common:1.2.0) with JetifyTransform
Transforming hilt-common-1.2.0.jar (androidx.hilt:hilt-common:1.2.0) with IdentityTransform
Transforming hilt-core-2.51.1.jar (com.google.dagger:hilt-core:2.51.1) with JetifyTransform
Transforming hilt-core-2.51.1.jar (com.google.dagger:hilt-core:2.51.1) with IdentityTransform
Transforming dagger-2.51.1.jar (com.google.dagger:dagger:2.51.1) with JetifyTransform
Transforming dagger-2.51.1.jar (com.google.dagger:dagger:2.51.1) with IdentityTransform
Transforming dagger-lint-aar-2.51.1.aar (com.google.dagger:dagger-lint-aar:2.51.1) with JetifyTransform
Transforming dagger-lint-aar-2.51.1.aar (com.google.dagger:dagger-lint-aar:2.51.1) with AarToClassTransform
Transforming jsr305-3.0.2.jar (com.google.code.findbugs:jsr305:3.0.2) with JetifyTransform
Transforming jsr305-3.0.2.jar (com.google.code.findbugs:jsr305:3.0.2) with IdentityTransform
Transforming javax.inject-1.jar (javax.inject:javax.inject:1) with JetifyTransform
Transforming javax.inject-1.jar (javax.inject:javax.inject:1) with IdentityTransform
Transforming constraintlayout-core-1.0.4.jar (androidx.constraintlayout:constraintlayout-core:1.0.4) with JetifyTransform
Transforming constraintlayout-core-1.0.4.jar (androidx.constraintlayout:constraintlayout-core:1.0.4) with IdentityTransform
Transforming disklrucache-4.15.1.jar (com.github.bumptech.glide:disklrucache:4.15.1) with JetifyTransform
Transforming disklrucache-4.15.1.jar (com.github.bumptech.glide:disklrucache:4.15.1) with IdentityTransform
Transforming annotations-4.15.1.jar (com.github.bumptech.glide:annotations:4.15.1) with JetifyTransform
Transforming annotations-4.15.1.jar (com.github.bumptech.glide:annotations:4.15.1) with IdentityTransform
Transforming zip4j-2.11.5.jar (net.lingala.zip4j:zip4j:2.11.5) with JetifyTransform
Transforming zip4j-2.11.5.jar (net.lingala.zip4j:zip4j:2.11.5) with IdentityTransform
Transforming pdfbox-android-2.0.27.0.aar (com.tom-roush:pdfbox-android:2.0.27.0) with JetifyTransform
Transforming pdfbox-android-2.0.27.0.aar (com.tom-roush:pdfbox-android:2.0.27.0) with AarToClassTransform
Transforming slf4j-android-1.7.36.jar (org.slf4j:slf4j-android:1.7.36) with JetifyTransform
Transforming slf4j-android-1.7.36.jar (org.slf4j:slf4j-android:1.7.36) with IdentityTransform
Transforming commons-compress-1.26.0.jar (org.apache.commons:commons-compress:1.26.0) with JetifyTransform
Transforming commons-compress-1.26.0.jar (org.apache.commons:commons-compress:1.26.0) with IdentityTransform
Transforming epublib-core-3.1.jar (nl.siegmann.epublib:epublib-core:3.1) with JetifyTransform
Transforming epublib-core-3.1.jar (nl.siegmann.epublib:epublib-core:3.1) with IdentityTransform
Transforming slf4j-api-1.7.36.jar (org.slf4j:slf4j-api:1.7.36) with JetifyTransform
Transforming slf4j-api-1.7.36.jar (org.slf4j:slf4j-api:1.7.36) with IdentityTransform
Transforming error_prone_annotations-2.27.0.jar (com.google.errorprone:error_prone_annotations:2.27.0) with JetifyTransform
Transforming error_prone_annotations-2.27.0.jar (com.google.errorprone:error_prone_annotations:2.27.0) with IdentityTransform
Transforming guava-33.0.0-android.jar (com.google.guava:guava:33.0.0-android) with JetifyTransform
Transforming guava-33.0.0-android.jar (com.google.guava:guava:33.0.0-android) with IdentityTransform
Transforming bcpkix-jdk15to18-1.72.jar (org.bouncycastle:bcpkix-jdk15to18:1.72) with JetifyTransform
Transforming bcpkix-jdk15to18-1.72.jar (org.bouncycastle:bcpkix-jdk15to18:1.72) with IdentityTransform
Transforming bcutil-jdk15to18-1.72.jar (org.bouncycastle:bcutil-jdk15to18:1.72) with JetifyTransform
Transforming bcutil-jdk15to18-1.72.jar (org.bouncycastle:bcutil-jdk15to18:1.72) with IdentityTransform
Transforming bcprov-jdk15to18-1.72.jar (org.bouncycastle:bcprov-jdk15to18:1.72) with JetifyTransform
Transforming bcprov-jdk15to18-1.72.jar (org.bouncycastle:bcprov-jdk15to18:1.72) with IdentityTransform
Transforming commons-io-2.15.1.jar (commons-io:commons-io:2.15.1) with JetifyTransform
Transforming commons-io-2.15.1.jar (commons-io:commons-io:2.15.1) with IdentityTransform
Transforming commons-lang3-3.14.0.jar (org.apache.commons:commons-lang3:3.14.0) with JetifyTransform
Transforming commons-lang3-3.14.0.jar (org.apache.commons:commons-lang3:3.14.0) with IdentityTransform
Transforming kxml2-2.3.0.jar (net.sf.kxml:kxml2:2.3.0) with JetifyTransform
Transforming kxml2-2.3.0.jar (net.sf.kxml:kxml2:2.3.0) with IdentityTransform
Transforming jspecify-1.0.0.jar (org.jspecify:jspecify:1.0.0) with JetifyTransform
Transforming jspecify-1.0.0.jar (org.jspecify:jspecify:1.0.0) with IdentityTransform
Transforming listenablefuture-9999.0-empty-to-avoid-conflict-with-guava.jar (com.google.guava:listenablefuture:9999.0-empty-to-avoid-conflict-with-guava) with JetifyTransform
Transforming listenablefuture-9999.0-empty-to-avoid-conflict-with-guava.jar (com.google.guava:listenablefuture:9999.0-empty-to-avoid-conflict-with-guava) with IdentityTransform
Transforming failureaccess-1.0.2.jar (com.google.guava:failureaccess:1.0.2) with JetifyTransform
Transforming failureaccess-1.0.2.jar (com.google.guava:failureaccess:1.0.2) with IdentityTransform
Build cache key for task ':android:feature-themes:transformDebugClassesWithAsm' is 1b3f7df82046df79445c22cfbd85c03a
Skipping task ':android:feature-themes:transformDebugClassesWithAsm' as it is up-to-date.
Resolve mutations for :android:feature-themes:bundleLibCompileToJarDebug (Thread[Execution worker Thread 3,5,main]) started.
:android:feature-themes:bundleLibCompileToJarDebug (Thread[Execution worker Thread 3,5,main]) started.

> Task :android:feature-themes:bundleLibCompileToJarDebug UP-TO-DATE
Caching disabled for task ':android:feature-themes:bundleLibCompileToJarDebug' because:
  Simple merging task
Skipping task ':android:feature-themes:bundleLibCompileToJarDebug' as it is up-to-date.
work action resolve classes.jar (project :android:feature-themes) (Thread[Execution worker Thread 3,5,main]) started.
Resolve mutations for :android:feature-themes:bundleLibRuntimeToJarDebug (Thread[Execution worker Thread 7,5,main]) started.
:android:feature-themes:bundleLibRuntimeToJarDebug (Thread[Execution worker Thread 7,5,main]) started.

> Task :android:feature-themes:bundleLibRuntimeToJarDebug UP-TO-DATE
Caching disabled for task ':android:feature-themes:bundleLibRuntimeToJarDebug' because:
  Simple merging task
Skipping task ':android:feature-themes:bundleLibRuntimeToJarDebug' as it is up-to-date.
work action resolve classes.jar (project :android:feature-themes) (Thread[Execution worker Thread 7,5,main]) started.
IdentityTransform (Thread[Execution worker Thread 7,5,main]) started.
Resolve mutations for :android:feature-themes:processDebugJavaRes (Thread[Execution worker Thread 10,5,main]) started.
:android:feature-themes:processDebugJavaRes (Thread[Execution worker Thread 10,5,main]) started.

> Transform classes.jar (project :android:feature-themes) with IdentityTransform
Transforming classes.jar (project :android:feature-themes) with IdentityTransform
CopyTransform (Thread[Execution worker Thread 5,5,main]) started.
DexingNoClasspathTransform (Thread[Execution worker Thread 7,5,main]) started.

> Transform classes.jar (project :android:feature-themes) with CopyTransform
Transforming classes.jar (project :android:feature-themes) with CopyTransform
AggregatedPackagesTransform (Thread[Execution worker Thread 5,5,main]) started.

> Transform classes.jar (project :android:feature-themes) with DexingNoClasspathTransform
Transforming classes.jar (project :android:feature-themes) with DexingNoClasspathTransform
Build cache key for DexingNoClasspathTransform: C:\Users\xmeta\projects\Mr.Comic\android\feature-themes\build\intermediates\runtime_library_classes_jar\debug\bundleLibRuntimeToJarDebug\classes.jar is 6a7cd334181c468222e80eeaa712bcc1
Skipping DexingNoClasspathTransform: C:\Users\xmeta\projects\Mr.Comic\android\feature-themes\build\intermediates\runtime_library_classes_jar\debug\bundleLibRuntimeToJarDebug\classes.jar as it is up-to-date.
DexingOutputSplitTransform (Thread[Execution worker Thread 7,5,main]) started.

> Transform classes.jar (project :android:feature-themes) with AggregatedPackagesTransform
Transforming classes.jar (project :android:feature-themes) with AggregatedPackagesTransform

> Transform classes.jar (project :android:feature-themes) with DexingOutputSplitTransform
Transforming classes.jar (project :android:feature-themes) with DexingOutputSplitTransform

> Task :android:feature-themes:processDebugJavaRes UP-TO-DATE
file or directory 'C:\Users\xmeta\projects\Mr.Comic\android\feature-themes\src\main\resources', not found
file or directory 'C:\Users\xmeta\projects\Mr.Comic\android\feature-themes\src\debug\resources', not found
file or directory 'C:\Users\xmeta\projects\Mr.Comic\android\feature-themes\build\generated\ksp\debug\classes', not found
file or directory 'C:\Users\xmeta\projects\Mr.Comic\android\feature-themes\build\generated\ksp\debug\classes', not found
file or directory 'C:\Users\xmeta\projects\Mr.Comic\android\feature-themes\src\main\resources', not found
file or directory 'C:\Users\xmeta\projects\Mr.Comic\android\feature-themes\src\debug\resources', not found
file or directory 'C:\Users\xmeta\projects\Mr.Comic\android\feature-themes\build\generated\ksp\debug\classes', not found
file or directory 'C:\Users\xmeta\projects\Mr.Comic\android\feature-themes\build\generated\ksp\debug\classes', not found
Caching disabled for task ':android:feature-themes:processDebugJavaRes' because:
  Caching has been disabled for the task
Skipping task ':android:feature-themes:processDebugJavaRes' as it is up-to-date.
work action resolve out (project :android:feature-themes) (Thread[Execution worker Thread 7,5,main]) started.
Resolve mutations for :android:feature-themes:bundleLibRuntimeToDirDebug (Thread[Execution worker Thread 7,5,main]) started.
:android:feature-themes:bundleLibRuntimeToDirDebug (Thread[Execution worker Thread 7,5,main]) started.

> Task :android:feature-themes:bundleLibRuntimeToDirDebug UP-TO-DATE
Caching disabled for task ':android:feature-themes:bundleLibRuntimeToDirDebug' because:
  Simple merging task
Skipping task ':android:feature-themes:bundleLibRuntimeToDirDebug' as it is up-to-date.
work action resolve bundleLibRuntimeToDirDebug (project :android:feature-themes) (Thread[Execution worker Thread 7,5,main]) started.
ClassesDirToClassesTransform (Thread[included builds,5,main]) started.

> Transform bundleLibRuntimeToDirDebug (project :android:feature-themes) with ClassesDirToClassesTransform
Transforming bundleLibRuntimeToDirDebug (project :android:feature-themes) with ClassesDirToClassesTransform
DexingNoClasspathTransform (Thread[included builds,5,main]) started.

> Transform bundleLibRuntimeToDirDebug (project :android:feature-themes) with DexingNoClasspathTransform
Transforming bundleLibRuntimeToDirDebug (project :android:feature-themes) with DexingNoClasspathTransform
Build cache key for DexingNoClasspathTransform: C:\Users\xmeta\projects\Mr.Comic\android\feature-themes\build\intermediates\runtime_library_classes_dir\debug\bundleLibRuntimeToDirDebug is 6591d5ea7ff5910568d5c57bc93f64f5
Skipping DexingNoClasspathTransform: C:\Users\xmeta\projects\Mr.Comic\android\feature-themes\build\intermediates\runtime_library_classes_dir\debug\bundleLibRuntimeToDirDebug as it is up-to-date.
DexingOutputSplitTransform (Thread[included builds,5,main]) started.

> Transform bundleLibRuntimeToDirDebug (project :android:feature-themes) with DexingOutputSplitTransform
Transforming bundleLibRuntimeToDirDebug (project :android:feature-themes) with DexingOutputSplitTransform

> Task :android:feature-settings:kspDebugKotlin UP-TO-DATE
Failed to get resource: HEAD. [HTTP HTTP/1.1 401 Unauthorized: https://jitpack.io/nl/siegmann/epublib/epublib-core/3.1/epublib-core-3.1.pom)]
Transforming hilt-navigation-compose-1.2.0.aar (androidx.hilt:hilt-navigation-compose:1.2.0) with JetifyTransform
Transforming hilt-navigation-compose-1.2.0.aar (androidx.hilt:hilt-navigation-compose:1.2.0) with AarToClassTransform
Transforming hilt-navigation-1.2.0.aar (androidx.hilt:hilt-navigation:1.2.0) with JetifyTransform
Transforming hilt-navigation-1.2.0.aar (androidx.hilt:hilt-navigation:1.2.0) with AarToClassTransform
Transforming hilt-android-2.51.1.aar (com.google.dagger:hilt-android:2.51.1) with JetifyTransform
Transforming hilt-android-2.51.1.aar (com.google.dagger:hilt-android:2.51.1) with AarToClassTransform
Transforming navigation-compose-2.5.1.aar (androidx.navigation:navigation-compose:2.5.1) with JetifyTransform
Transforming navigation-compose-2.5.1.aar (androidx.navigation:navigation-compose:2.5.1) with AarToClassTransform
Transforming navigation-runtime-ktx-2.5.1.aar (androidx.navigation:navigation-runtime-ktx:2.5.1) with JetifyTransform
Transforming navigation-runtime-ktx-2.5.1.aar (androidx.navigation:navigation-runtime-ktx:2.5.1) with AarToClassTransform
Transforming navigation-runtime-2.5.1.aar (androidx.navigation:navigation-runtime:2.5.1) with JetifyTransform
Transforming navigation-runtime-2.5.1.aar (androidx.navigation:navigation-runtime:2.5.1) with AarToClassTransform
Transforming activity-ktx-1.9.0.aar (androidx.activity:activity-ktx:1.9.0) with JetifyTransform
Transforming activity-ktx-1.9.0.aar (androidx.activity:activity-ktx:1.9.0) with AarToClassTransform
Transforming activity-compose-1.9.0.aar (androidx.activity:activity-compose:1.9.0) with JetifyTransform
Transforming activity-compose-1.9.0.aar (androidx.activity:activity-compose:1.9.0) with AarToClassTransform
Transforming fragment-1.5.1.aar (androidx.fragment:fragment:1.5.1) with JetifyTransform
Transforming fragment-1.5.1.aar (androidx.fragment:fragment:1.5.1) with AarToClassTransform
Transforming activity-1.9.0.aar (androidx.activity:activity:1.9.0) with JetifyTransform
Transforming activity-1.9.0.aar (androidx.activity:activity:1.9.0) with AarToClassTransform
Transforming material3-window-size-class-release.aar (androidx.compose.material3:material3-window-size-class-android:1.2.1) with JetifyTransform
Transforming material3-window-size-class-release.aar (androidx.compose.material3:material3-window-size-class-android:1.2.1) with AarToClassTransform
Transforming material3-release.aar (androidx.compose.material3:material3-android:1.2.1) with JetifyTransform
Transforming material3-release.aar (androidx.compose.material3:material3-android:1.2.1) with AarToClassTransform
Transforming ui-util-release.aar (androidx.compose.ui:ui-util-android:1.7.8) with JetifyTransform
Transforming ui-util-release.aar (androidx.compose.ui:ui-util-android:1.7.8) with AarToClassTransform
Transforming ui-unit-release.aar (androidx.compose.ui:ui-unit-android:1.7.8) with JetifyTransform
Transforming ui-unit-release.aar (androidx.compose.ui:ui-unit-android:1.7.8) with AarToClassTransform
Transforming ui-text-release.aar (androidx.compose.ui:ui-text-android:1.7.8) with JetifyTransform
Transforming ui-text-release.aar (androidx.compose.ui:ui-text-android:1.7.8) with AarToClassTransform
Transforming ui-graphics-release.aar (androidx.compose.ui:ui-graphics-android:1.7.8) with JetifyTransform
Transforming ui-graphics-release.aar (androidx.compose.ui:ui-graphics-android:1.7.8) with AarToClassTransform
Transforming foundation-layout-release.aar (androidx.compose.foundation:foundation-layout-android:1.7.8) with JetifyTransform
Transforming foundation-layout-release.aar (androidx.compose.foundation:foundation-layout-android:1.7.8) with AarToClassTransform
Transforming material-icons-core-release.aar (androidx.compose.material:material-icons-core-android:1.6.8) with JetifyTransform
Transforming material-icons-core-release.aar (androidx.compose.material:material-icons-core-android:1.6.8) with AarToClassTransform
Transforming material-icons-extended-release.aar (androidx.compose.material:material-icons-extended-android:1.6.8) with JetifyTransform
Transforming material-icons-extended-release.aar (androidx.compose.material:material-icons-extended-android:1.6.8) with AarToClassTransform
Transforming material-ripple-release.aar (androidx.compose.material:material-ripple-android:1.6.8) with JetifyTransform
Transforming material-ripple-release.aar (androidx.compose.material:material-ripple-android:1.6.8) with AarToClassTransform
Transforming foundation-release.aar (androidx.compose.foundation:foundation-android:1.7.8) with JetifyTransform
Transforming foundation-release.aar (androidx.compose.foundation:foundation-android:1.7.8) with AarToClassTransform
Transforming animation-core-release.aar (androidx.compose.animation:animation-core-android:1.7.8) with JetifyTransform
Transforming animation-core-release.aar (androidx.compose.animation:animation-core-android:1.7.8) with AarToClassTransform
Transforming animation-release.aar (androidx.compose.animation:animation-android:1.7.8) with JetifyTransform
Transforming animation-release.aar (androidx.compose.animation:animation-android:1.7.8) with AarToClassTransform
Transforming ui-geometry-release.aar (androidx.compose.ui:ui-geometry-android:1.7.8) with JetifyTransform
Transforming ui-geometry-release.aar (androidx.compose.ui:ui-geometry-android:1.7.8) with AarToClassTransform
Transforming ui-tooling-preview-release.aar (androidx.compose.ui:ui-tooling-preview-android:1.7.8) with JetifyTransform
Transforming ui-tooling-preview-release.aar (androidx.compose.ui:ui-tooling-preview-android:1.7.8) with AarToClassTransform
Transforming loader-1.0.0.aar (androidx.loader:loader:1.0.0) with JetifyTransform
Transforming loader-1.0.0.aar (androidx.loader:loader:1.0.0) with AarToClassTransform
Transforming core-ktx-1.13.1.aar (androidx.core:core-ktx:1.13.1) with JetifyTransform
Transforming core-ktx-1.13.1.aar (androidx.core:core-ktx:1.13.1) with AarToClassTransform
Transforming viewpager-1.0.0.aar (androidx.viewpager:viewpager:1.0.0) with JetifyTransform
Transforming viewpager-1.0.0.aar (androidx.viewpager:viewpager:1.0.0) with AarToClassTransform
Transforming customview-1.0.0.aar (androidx.customview:customview:1.0.0) with JetifyTransform
Transforming customview-1.0.0.aar (androidx.customview:customview:1.0.0) with AarToClassTransform
Transforming core-1.13.1.aar (androidx.core:core:1.13.1) with JetifyTransform
Transforming core-1.13.1.aar (androidx.core:core:1.13.1) with AarToClassTransform
Transforming core-1.13.1.aar (androidx.core:core:1.13.1) with JetifyTransform
Transforming core-1.13.1.aar (androidx.core:core:1.13.1) with AarToClassTransform
Transforming navigation-common-ktx-2.5.1.aar (androidx.navigation:navigation-common-ktx:2.5.1) with JetifyTransform
Transforming navigation-common-ktx-2.5.1.aar (androidx.navigation:navigation-common-ktx:2.5.1) with AarToClassTransform
Transforming navigation-common-2.5.1.aar (androidx.navigation:navigation-common:2.5.1) with JetifyTransform
Transforming navigation-common-2.5.1.aar (androidx.navigation:navigation-common:2.5.1) with AarToClassTransform
Transforming lifecycle-livedata-core-ktx-2.9.1.aar (androidx.lifecycle:lifecycle-livedata-core-ktx:2.9.1) with JetifyTransform
Transforming lifecycle-livedata-core-ktx-2.9.1.aar (androidx.lifecycle:lifecycle-livedata-core-ktx:2.9.1) with AarToClassTransform
Transforming lifecycle-runtime-ktx.aar (androidx.lifecycle:lifecycle-runtime-ktx-android:2.9.1) with JetifyTransform
Transforming lifecycle-runtime-ktx.aar (androidx.lifecycle:lifecycle-runtime-ktx-android:2.9.1) with AarToClassTransform
Transforming lifecycle-livedata-2.9.1.aar (androidx.lifecycle:lifecycle-livedata:2.9.1) with JetifyTransform
Transforming lifecycle-livedata-2.9.1.aar (androidx.lifecycle:lifecycle-livedata:2.9.1) with AarToClassTransform
Transforming lifecycle-runtime-release.aar (androidx.lifecycle:lifecycle-runtime-android:2.9.1) with JetifyTransform
Transforming lifecycle-runtime-release.aar (androidx.lifecycle:lifecycle-runtime-android:2.9.1) with AarToClassTransform
Transforming lifecycle-runtime-compose-release.aar (androidx.lifecycle:lifecycle-runtime-compose-android:2.9.1) with JetifyTransform
Transforming lifecycle-runtime-compose-release.aar (androidx.lifecycle:lifecycle-runtime-compose-android:2.9.1) with AarToClassTransform
Transforming lifecycle-viewmodel-ktx-2.9.1.aar (androidx.lifecycle:lifecycle-viewmodel-ktx:2.9.1) with JetifyTransform
Transforming lifecycle-viewmodel-ktx-2.9.1.aar (androidx.lifecycle:lifecycle-viewmodel-ktx:2.9.1) with AarToClassTransform
Transforming lifecycle-viewmodel-savedstate-release.aar (androidx.lifecycle:lifecycle-viewmodel-savedstate-android:2.9.1) with JetifyTransform
Transforming lifecycle-viewmodel-savedstate-release.aar (androidx.lifecycle:lifecycle-viewmodel-savedstate-android:2.9.1) with AarToClassTransform
Transforming lifecycle-viewmodel-2.9.1.aar (androidx.lifecycle:lifecycle-viewmodel:2.9.1) with JetifyTransform
Transforming lifecycle-viewmodel-2.9.1.aar (androidx.lifecycle:lifecycle-viewmodel:2.9.1) with AarToClassTransform
Transforming lifecycle-viewmodel-release.aar (androidx.lifecycle:lifecycle-viewmodel-android:2.9.1) with JetifyTransform
Transforming lifecycle-viewmodel-release.aar (androidx.lifecycle:lifecycle-viewmodel-android:2.9.1) with AarToClassTransform
Transforming savedstate-ktx-1.3.0.aar (androidx.savedstate:savedstate-ktx:1.3.0) with JetifyTransform
Transforming savedstate-ktx-1.3.0.aar (androidx.savedstate:savedstate-ktx:1.3.0) with AarToClassTransform
Transforming savedstate-release.aar (androidx.savedstate:savedstate-android:1.3.0) with JetifyTransform
Transforming savedstate-release.aar (androidx.savedstate:savedstate-android:1.3.0) with AarToClassTransform
Transforming lifecycle-common-jvm-2.9.1.jar (androidx.lifecycle:lifecycle-common-jvm:2.9.1) with JetifyTransform
Transforming lifecycle-common-jvm-2.9.1.jar (androidx.lifecycle:lifecycle-common-jvm:2.9.1) with IdentityTransform
Transforming lifecycle-livedata-core-2.9.1.aar (androidx.lifecycle:lifecycle-livedata-core:2.9.1) with JetifyTransform
Transforming lifecycle-livedata-core-2.9.1.aar (androidx.lifecycle:lifecycle-livedata-core:2.9.1) with AarToClassTransform
Transforming lifecycle-viewmodel-compose-release.aar (androidx.lifecycle:lifecycle-viewmodel-compose-android:2.9.1) with JetifyTransform
Transforming lifecycle-viewmodel-compose-release.aar (androidx.lifecycle:lifecycle-viewmodel-compose-android:2.9.1) with AarToClassTransform
Transforming ui-release.aar (androidx.compose.ui:ui-android:1.7.8) with JetifyTransform
Transforming ui-release.aar (androidx.compose.ui:ui-android:1.7.8) with AarToClassTransform
Transforming runtime-saveable-release.aar (androidx.compose.runtime:runtime-saveable-android:1.7.8) with JetifyTransform
Transforming runtime-saveable-release.aar (androidx.compose.runtime:runtime-saveable-android:1.7.8) with AarToClassTransform
Transforming runtime-release.aar (androidx.compose.runtime:runtime-android:1.7.8) with JetifyTransform
Transforming runtime-release.aar (androidx.compose.runtime:runtime-android:1.7.8) with AarToClassTransform
Transforming annotation-experimental-1.4.1.aar (androidx.annotation:annotation-experimental:1.4.1) with JetifyTransform
Transforming annotation-experimental-1.4.1.aar (androidx.annotation:annotation-experimental:1.4.1) with AarToClassTransform
Transforming datastore-core-okio-jvm-1.1.7.jar (androidx.datastore:datastore-core-okio-jvm:1.1.7) with JetifyTransform
Transforming datastore-core-okio-jvm-1.1.7.jar (androidx.datastore:datastore-core-okio-jvm:1.1.7) with IdentityTransform
Transforming datastore-core-release.aar (androidx.datastore:datastore-core-android:1.1.7) with JetifyTransform
Transforming datastore-core-release.aar (androidx.datastore:datastore-core-android:1.1.7) with AarToClassTransform
Transforming datastore-preferences-core-release.aar (androidx.datastore:datastore-preferences-core-android:1.1.7) with JetifyTransform
Transforming datastore-preferences-core-release.aar (androidx.datastore:datastore-preferences-core-android:1.1.7) with AarToClassTransform
Transforming datastore-release.aar (androidx.datastore:datastore-android:1.1.7) with JetifyTransform
Transforming datastore-release.aar (androidx.datastore:datastore-android:1.1.7) with AarToClassTransform
Transforming datastore-preferences-release.aar (androidx.datastore:datastore-preferences-android:1.1.7) with JetifyTransform
Transforming datastore-preferences-release.aar (androidx.datastore:datastore-preferences-android:1.1.7) with AarToClassTransform
Transforming versionedparcelable-1.1.1.aar (androidx.versionedparcelable:versionedparcelable:1.1.1) with JetifyTransform
Transforming versionedparcelable-1.1.1.aar (androidx.versionedparcelable:versionedparcelable:1.1.1) with AarToClassTransform
Transforming collection-jvm-1.4.4.jar (androidx.collection:collection-jvm:1.4.4) with JetifyTransform
Transforming collection-jvm-1.4.4.jar (androidx.collection:collection-jvm:1.4.4) with IdentityTransform
Transforming core-runtime-2.2.0.aar (androidx.arch.core:core-runtime:2.2.0) with JetifyTransform
Transforming core-runtime-2.2.0.aar (androidx.arch.core:core-runtime:2.2.0) with AarToClassTransform
Transforming core-common-2.2.0.jar (androidx.arch.core:core-common:2.2.0) with JetifyTransform
Transforming core-common-2.2.0.jar (androidx.arch.core:core-common:2.2.0) with IdentityTransform
Transforming annotation-jvm-1.9.1.jar (androidx.annotation:annotation-jvm:1.9.1) with JetifyTransform
Transforming annotation-jvm-1.9.1.jar (androidx.annotation:annotation-jvm:1.9.1) with IdentityTransform
Transforming kotlinx-serialization-core-jvm-1.7.3.jar (org.jetbrains.kotlinx:kotlinx-serialization-core-jvm:1.7.3) with JetifyTransform
Transforming kotlinx-serialization-core-jvm-1.7.3.jar (org.jetbrains.kotlinx:kotlinx-serialization-core-jvm:1.7.3) with IdentityTransform
Transforming kotlinx-coroutines-core-jvm-1.8.1.jar (org.jetbrains.kotlinx:kotlinx-coroutines-core-jvm:1.8.1) with JetifyTransform
Transforming kotlinx-coroutines-core-jvm-1.8.1.jar (org.jetbrains.kotlinx:kotlinx-coroutines-core-jvm:1.8.1) with IdentityTransform
Transforming kotlinx-coroutines-android-1.8.1.jar (org.jetbrains.kotlinx:kotlinx-coroutines-android:1.8.1) with JetifyTransform
Transforming kotlinx-coroutines-android-1.8.1.jar (org.jetbrains.kotlinx:kotlinx-coroutines-android:1.8.1) with IdentityTransform
Transforming okio-jvm-3.9.0.jar (com.squareup.okio:okio-jvm:3.9.0) with JetifyTransform
Transforming okio-jvm-3.9.0.jar (com.squareup.okio:okio-jvm:3.9.0) with IdentityTransform
Transforming kotlin-stdlib-1.9.25.jar (org.jetbrains.kotlin:kotlin-stdlib:1.9.25) with JetifyTransform
Transforming kotlin-stdlib-1.9.25.jar (org.jetbrains.kotlin:kotlin-stdlib:1.9.25) with IdentityTransform
Transforming annotations-23.0.0.jar (org.jetbrains:annotations:23.0.0) with JetifyTransform
Transforming annotations-23.0.0.jar (org.jetbrains:annotations:23.0.0) with IdentityTransform
Transforming jspecify-1.0.0.jar (org.jspecify:jspecify:1.0.0) with JetifyTransform
Transforming jspecify-1.0.0.jar (org.jspecify:jspecify:1.0.0) with IdentityTransform
Transforming hilt-core-2.51.1.jar (com.google.dagger:hilt-core:2.51.1) with JetifyTransform
Transforming hilt-core-2.51.1.jar (com.google.dagger:hilt-core:2.51.1) with IdentityTransform
Transforming dagger-2.51.1.jar (com.google.dagger:dagger:2.51.1) with JetifyTransform
Transforming dagger-2.51.1.jar (com.google.dagger:dagger:2.51.1) with IdentityTransform
Transforming javax.inject-1.jar (javax.inject:javax.inject:1) with JetifyTransform
Transforming javax.inject-1.jar (javax.inject:javax.inject:1) with IdentityTransform
Transforming dagger-lint-aar-2.51.1.aar (com.google.dagger:dagger-lint-aar:2.51.1) with JetifyTransform
Transforming dagger-lint-aar-2.51.1.aar (com.google.dagger:dagger-lint-aar:2.51.1) with AarToClassTransform
Transforming jsr305-3.0.2.jar (com.google.code.findbugs:jsr305:3.0.2) with JetifyTransform
Transforming jsr305-3.0.2.jar (com.google.code.findbugs:jsr305:3.0.2) with IdentityTransform
Transforming R.jar with ClasspathEntrySnapshotTransform
Transforming classes.jar with ClasspathEntrySnapshotTransform
Transforming classes.jar with ClasspathEntrySnapshotTransform
Transforming classes.jar with ClasspathEntrySnapshotTransform
Transforming jetified-hilt-navigation-compose-1.2.0-api.jar with ClasspathEntrySnapshotTransform
Transforming jetified-hilt-navigation-1.2.0-api.jar with ClasspathEntrySnapshotTransform
Transforming jetified-hilt-android-2.51.1-api.jar with ClasspathEntrySnapshotTransform
Transforming jetified-navigation-compose-2.5.1-api.jar with ClasspathEntrySnapshotTransform
Transforming navigation-runtime-ktx-2.5.1-api.jar with ClasspathEntrySnapshotTransform
Transforming navigation-runtime-2.5.1-api.jar with ClasspathEntrySnapshotTransform
Transforming jetified-activity-ktx-1.9.0-api.jar with ClasspathEntrySnapshotTransform
Transforming jetified-activity-compose-1.9.0-api.jar with ClasspathEntrySnapshotTransform
Transforming fragment-1.5.1-api.jar with ClasspathEntrySnapshotTransform
Transforming jetified-activity-1.9.0-api.jar with ClasspathEntrySnapshotTransform
Transforming jetified-material3-window-size-class-release-api.jar with ClasspathEntrySnapshotTransform
Transforming jetified-material3-release-api.jar with ClasspathEntrySnapshotTransform
Transforming jetified-ui-util-release-api.jar with ClasspathEntrySnapshotTransform
Transforming jetified-ui-unit-release-api.jar with ClasspathEntrySnapshotTransform
Transforming jetified-ui-text-release-api.jar with ClasspathEntrySnapshotTransform
Transforming jetified-ui-graphics-release-api.jar with ClasspathEntrySnapshotTransform
Transforming jetified-foundation-layout-release-api.jar with ClasspathEntrySnapshotTransform
Transforming jetified-material-icons-core-release-api.jar with ClasspathEntrySnapshotTransform
Transforming jetified-material-icons-extended-release-api.jar with ClasspathEntrySnapshotTransform
Transforming jetified-material-ripple-release-api.jar with ClasspathEntrySnapshotTransform
Transforming jetified-foundation-release-api.jar with ClasspathEntrySnapshotTransform
Transforming jetified-animation-core-release-api.jar with ClasspathEntrySnapshotTransform
Transforming jetified-animation-release-api.jar with ClasspathEntrySnapshotTransform
Transforming jetified-ui-geometry-release-api.jar with ClasspathEntrySnapshotTransform
Transforming jetified-ui-tooling-preview-release-api.jar with ClasspathEntrySnapshotTransform
Transforming loader-1.0.0-api.jar with ClasspathEntrySnapshotTransform
Transforming jetified-core-ktx-1.13.1-api.jar with ClasspathEntrySnapshotTransform
Transforming viewpager-1.0.0-api.jar with ClasspathEntrySnapshotTransform
Transforming customview-1.0.0-api.jar with ClasspathEntrySnapshotTransform
Transforming core-1.13.1-api.jar with ClasspathEntrySnapshotTransform
Transforming navigation-common-ktx-2.5.1-api.jar with ClasspathEntrySnapshotTransform
Transforming navigation-common-2.5.1-api.jar with ClasspathEntrySnapshotTransform
Transforming jetified-lifecycle-livedata-core-ktx-2.9.1-api.jar with ClasspathEntrySnapshotTransform
Transforming jetified-lifecycle-runtime-ktx-api.jar with ClasspathEntrySnapshotTransform
Transforming lifecycle-livedata-2.9.1-api.jar with ClasspathEntrySnapshotTransform
Transforming jetified-lifecycle-runtime-release-api.jar with ClasspathEntrySnapshotTransform
Transforming jetified-lifecycle-runtime-compose-release-api.jar with ClasspathEntrySnapshotTransform
Transforming jetified-lifecycle-viewmodel-ktx-2.9.1-api.jar with ClasspathEntrySnapshotTransform
Transforming jetified-lifecycle-viewmodel-savedstate-release-api.jar with ClasspathEntrySnapshotTransform
Transforming lifecycle-viewmodel-2.9.1-api.jar with ClasspathEntrySnapshotTransform
Transforming jetified-lifecycle-viewmodel-release-api.jar with ClasspathEntrySnapshotTransform
Transforming jetified-savedstate-ktx-1.3.0-api.jar with ClasspathEntrySnapshotTransform
Transforming jetified-savedstate-release-api.jar with ClasspathEntrySnapshotTransform
Transforming jetified-lifecycle-common-jvm-2.9.1.jar with ClasspathEntrySnapshotTransform
Transforming lifecycle-livedata-core-2.9.1-api.jar with ClasspathEntrySnapshotTransform
Transforming jetified-lifecycle-viewmodel-compose-release-api.jar with ClasspathEntrySnapshotTransform
Transforming jetified-ui-release-api.jar with ClasspathEntrySnapshotTransform
Transforming jetified-runtime-saveable-release-api.jar with ClasspathEntrySnapshotTransform
Transforming jetified-runtime-release-api.jar with ClasspathEntrySnapshotTransform
Transforming jetified-annotation-experimental-1.4.1-api.jar with ClasspathEntrySnapshotTransform
Transforming jetified-datastore-core-okio-jvm-1.1.7.jar with ClasspathEntrySnapshotTransform
Transforming jetified-datastore-core-release-api.jar with ClasspathEntrySnapshotTransform
Transforming jetified-datastore-preferences-core-release-api.jar with ClasspathEntrySnapshotTransform
Transforming jetified-datastore-release-api.jar with ClasspathEntrySnapshotTransform
Transforming jetified-datastore-preferences-release-api.jar with ClasspathEntrySnapshotTransform
Transforming versionedparcelable-1.1.1-api.jar with ClasspathEntrySnapshotTransform
Transforming jetified-collection-jvm-1.4.4.jar with ClasspathEntrySnapshotTransform
Transforming core-runtime-2.2.0-api.jar with ClasspathEntrySnapshotTransform
Transforming core-common-2.2.0.jar with ClasspathEntrySnapshotTransform
Transforming jetified-annotation-jvm-1.9.1.jar with ClasspathEntrySnapshotTransform
Transforming jetified-kotlinx-serialization-core-jvm-1.7.3.jar with ClasspathEntrySnapshotTransform
Transforming jetified-kotlinx-coroutines-core-jvm-1.8.1.jar with ClasspathEntrySnapshotTransform
Transforming jetified-kotlinx-coroutines-android-1.8.1.jar with ClasspathEntrySnapshotTransform
Transforming jetified-okio-jvm-3.9.0.jar with ClasspathEntrySnapshotTransform
Transforming jetified-kotlin-stdlib-1.9.25.jar with ClasspathEntrySnapshotTransform
Transforming jetified-annotations-23.0.0.jar with ClasspathEntrySnapshotTransform
Transforming jetified-jspecify-1.0.0.jar with ClasspathEntrySnapshotTransform
Transforming jetified-hilt-core-2.51.1.jar with ClasspathEntrySnapshotTransform
Transforming jetified-dagger-2.51.1.jar with ClasspathEntrySnapshotTransform
Transforming jetified-javax.inject-1.jar with ClasspathEntrySnapshotTransform
Transforming jetified-dagger-lint-aar-2.51.1-api.jar with ClasspathEntrySnapshotTransform
Transforming jetified-jsr305-3.0.2.jar with ClasspathEntrySnapshotTransform
Transforming android.jar with ClasspathEntrySnapshotTransform
Transforming core-lambda-stubs.jar with ClasspathEntrySnapshotTransform
file or directory 'C:\Users\xmeta\projects\Mr.Comic\android\feature-settings\src\debug\kotlin', not found
file or directory 'C:\Users\xmeta\projects\Mr.Comic\android\feature-settings\src\debug\java', not found
file or directory 'C:\Users\xmeta\projects\Mr.Comic\android\feature-settings\src\main\kotlin', not found
file or directory 'C:\Users\xmeta\projects\Mr.Comic\android\feature-settings\src\debug\java', not found
Build cache key for task ':android:feature-settings:kspDebugKotlin' is 4aff7173b284418de2170492a2e939c6
Skipping task ':android:feature-settings:kspDebugKotlin' as it is up-to-date.
Resolve mutations for :android:feature-settings:compileDebugKotlin (Thread[Execution worker Thread 2,5,main]) started.
:android:feature-settings:compileDebugKotlin (Thread[Execution worker Thread 2,5,main]) started.

> Task :android:feature-settings:compileDebugKotlin UP-TO-DATE
Transforming R.jar with ClasspathEntrySnapshotTransform
Transforming classes.jar with ClasspathEntrySnapshotTransform
Transforming classes.jar with ClasspathEntrySnapshotTransform
Transforming classes.jar with ClasspathEntrySnapshotTransform
Transforming jetified-hilt-navigation-compose-1.2.0-api.jar with ClasspathEntrySnapshotTransform
Transforming jetified-hilt-navigation-1.2.0-api.jar with ClasspathEntrySnapshotTransform
Transforming jetified-hilt-android-2.51.1-api.jar with ClasspathEntrySnapshotTransform
Transforming jetified-navigation-compose-2.5.1-api.jar with ClasspathEntrySnapshotTransform
Transforming navigation-runtime-ktx-2.5.1-api.jar with ClasspathEntrySnapshotTransform
Transforming navigation-runtime-2.5.1-api.jar with ClasspathEntrySnapshotTransform
Transforming jetified-activity-ktx-1.9.0-api.jar with ClasspathEntrySnapshotTransform
Transforming jetified-activity-compose-1.9.0-api.jar with ClasspathEntrySnapshotTransform
Transforming fragment-1.5.1-api.jar with ClasspathEntrySnapshotTransform
Transforming jetified-activity-1.9.0-api.jar with ClasspathEntrySnapshotTransform
Transforming jetified-material3-window-size-class-release-api.jar with ClasspathEntrySnapshotTransform
Transforming jetified-material3-release-api.jar with ClasspathEntrySnapshotTransform
Transforming jetified-ui-util-release-api.jar with ClasspathEntrySnapshotTransform
Transforming jetified-ui-unit-release-api.jar with ClasspathEntrySnapshotTransform
Transforming jetified-ui-text-release-api.jar with ClasspathEntrySnapshotTransform
Transforming jetified-ui-graphics-release-api.jar with ClasspathEntrySnapshotTransform
Transforming jetified-foundation-layout-release-api.jar with ClasspathEntrySnapshotTransform
Transforming jetified-material-icons-core-release-api.jar with ClasspathEntrySnapshotTransform
Transforming jetified-material-icons-extended-release-api.jar with ClasspathEntrySnapshotTransform
Transforming jetified-material-ripple-release-api.jar with ClasspathEntrySnapshotTransform
Transforming jetified-foundation-release-api.jar with ClasspathEntrySnapshotTransform
Transforming jetified-animation-core-release-api.jar with ClasspathEntrySnapshotTransform
Transforming jetified-animation-release-api.jar with ClasspathEntrySnapshotTransform
Transforming jetified-ui-geometry-release-api.jar with ClasspathEntrySnapshotTransform
Transforming jetified-ui-tooling-preview-release-api.jar with ClasspathEntrySnapshotTransform
Transforming loader-1.0.0-api.jar with ClasspathEntrySnapshotTransform
Transforming jetified-core-ktx-1.13.1-api.jar with ClasspathEntrySnapshotTransform
Transforming viewpager-1.0.0-api.jar with ClasspathEntrySnapshotTransform
Transforming customview-1.0.0-api.jar with ClasspathEntrySnapshotTransform
Transforming core-1.13.1-api.jar with ClasspathEntrySnapshotTransform
Transforming navigation-common-ktx-2.5.1-api.jar with ClasspathEntrySnapshotTransform
Transforming navigation-common-2.5.1-api.jar with ClasspathEntrySnapshotTransform
Transforming jetified-lifecycle-livedata-core-ktx-2.9.1-api.jar with ClasspathEntrySnapshotTransform
Transforming jetified-lifecycle-runtime-ktx-api.jar with ClasspathEntrySnapshotTransform
Transforming lifecycle-livedata-2.9.1-api.jar with ClasspathEntrySnapshotTransform
Transforming jetified-lifecycle-runtime-release-api.jar with ClasspathEntrySnapshotTransform
Transforming jetified-lifecycle-runtime-compose-release-api.jar with ClasspathEntrySnapshotTransform
Transforming jetified-lifecycle-viewmodel-ktx-2.9.1-api.jar with ClasspathEntrySnapshotTransform
Transforming jetified-lifecycle-viewmodel-savedstate-release-api.jar with ClasspathEntrySnapshotTransform
Transforming lifecycle-viewmodel-2.9.1-api.jar with ClasspathEntrySnapshotTransform
Transforming jetified-lifecycle-viewmodel-release-api.jar with ClasspathEntrySnapshotTransform
Transforming jetified-savedstate-ktx-1.3.0-api.jar with ClasspathEntrySnapshotTransform
Transforming jetified-savedstate-release-api.jar with ClasspathEntrySnapshotTransform
Transforming jetified-lifecycle-common-jvm-2.9.1.jar with ClasspathEntrySnapshotTransform
Transforming lifecycle-livedata-core-2.9.1-api.jar with ClasspathEntrySnapshotTransform
Transforming jetified-lifecycle-viewmodel-compose-release-api.jar with ClasspathEntrySnapshotTransform
Transforming jetified-ui-release-api.jar with ClasspathEntrySnapshotTransform
Transforming jetified-runtime-saveable-release-api.jar with ClasspathEntrySnapshotTransform
Transforming jetified-runtime-release-api.jar with ClasspathEntrySnapshotTransform
Transforming jetified-annotation-experimental-1.4.1-api.jar with ClasspathEntrySnapshotTransform
Transforming jetified-datastore-core-okio-jvm-1.1.7.jar with ClasspathEntrySnapshotTransform
Transforming jetified-datastore-core-release-api.jar with ClasspathEntrySnapshotTransform
Transforming jetified-datastore-preferences-core-release-api.jar with ClasspathEntrySnapshotTransform
Transforming jetified-datastore-release-api.jar with ClasspathEntrySnapshotTransform
Transforming jetified-datastore-preferences-release-api.jar with ClasspathEntrySnapshotTransform
Transforming versionedparcelable-1.1.1-api.jar with ClasspathEntrySnapshotTransform
Transforming jetified-collection-jvm-1.4.4.jar with ClasspathEntrySnapshotTransform
Transforming core-runtime-2.2.0-api.jar with ClasspathEntrySnapshotTransform
Transforming core-common-2.2.0.jar with ClasspathEntrySnapshotTransform
Transforming jetified-annotation-jvm-1.9.1.jar with ClasspathEntrySnapshotTransform
Transforming jetified-kotlinx-serialization-core-jvm-1.7.3.jar with ClasspathEntrySnapshotTransform
Transforming jetified-kotlinx-coroutines-core-jvm-1.8.1.jar with ClasspathEntrySnapshotTransform
Transforming jetified-kotlinx-coroutines-android-1.8.1.jar with ClasspathEntrySnapshotTransform
Transforming jetified-okio-jvm-3.9.0.jar with ClasspathEntrySnapshotTransform
Transforming jetified-kotlin-stdlib-1.9.25.jar with ClasspathEntrySnapshotTransform
Transforming jetified-annotations-23.0.0.jar with ClasspathEntrySnapshotTransform
Transforming jetified-jspecify-1.0.0.jar with ClasspathEntrySnapshotTransform
Transforming jetified-hilt-core-2.51.1.jar with ClasspathEntrySnapshotTransform
Transforming jetified-dagger-2.51.1.jar with ClasspathEntrySnapshotTransform
Transforming jetified-javax.inject-1.jar with ClasspathEntrySnapshotTransform
Transforming jetified-dagger-lint-aar-2.51.1-api.jar with ClasspathEntrySnapshotTransform
Transforming jetified-jsr305-3.0.2.jar with ClasspathEntrySnapshotTransform
Transforming android.jar with ClasspathEntrySnapshotTransform
Transforming core-lambda-stubs.jar with ClasspathEntrySnapshotTransform
Build cache key for task ':android:feature-settings:compileDebugKotlin' is ef931f9b53d31d9cb99f2c6d18e4fe64
Skipping task ':android:feature-settings:compileDebugKotlin' as it is up-to-date.
Resolve mutations for :android:feature-settings:compileDebugJavaWithJavac (Thread[Execution worker Thread 2,5,main]) started.
:android:feature-settings:compileDebugJavaWithJavac (Thread[Execution worker Thread 2,5,main]) started.

> Task :android:feature-settings:compileDebugJavaWithJavac UP-TO-DATE
file or directory 'C:\Users\xmeta\projects\Mr.Comic\android\feature-settings\build\generated\ksp\debug\classes', not found
Transforming core-for-system-modules.jar with JdkImageTransform
Transforming core-for-system-modules.jar with JdkImageTransform
Transforming core-for-system-modules.jar with JdkImageTransform
Transforming core-for-system-modules.jar with JdkImageTransform
file or directory 'C:\Users\xmeta\projects\Mr.Comic\android\feature-settings\build\generated\ksp\debug\classes', not found
Transforming core-for-system-modules.jar with JdkImageTransform
Transforming core-for-system-modules.jar with JdkImageTransform
Custom actions are attached to task ':android:feature-settings:compileDebugJavaWithJavac'.
Build cache key for task ':android:feature-settings:compileDebugJavaWithJavac' is db679dadb24070ba28114414851a34f5
Skipping task ':android:feature-settings:compileDebugJavaWithJavac' as it is up-to-date.
No compile result for :android:feature-settings:compileDebugJavaWithJavac
No compile result for :android:feature-settings:compileDebugJavaWithJavac
Resolve mutations for :android:feature-settings:transformDebugClassesWithAsm (Thread[Execution worker Thread 2,5,main]) started.
:android:feature-settings:transformDebugClassesWithAsm (Thread[Execution worker Thread 2,5,main]) started.

> Task :android:feature-settings:transformDebugClassesWithAsm UP-TO-DATE
file or directory 'C:\Users\xmeta\projects\Mr.Comic\android\feature-settings\build\generated\ksp\debug\classes', not found
file or directory 'C:\Users\xmeta\projects\Mr.Comic\android\feature-settings\build\generated\ksp\debug\classes', not found
Transforming hilt-work-1.2.0.aar (androidx.hilt:hilt-work:1.2.0) with JetifyTransform
Transforming hilt-work-1.2.0.aar (androidx.hilt:hilt-work:1.2.0) with AarToClassTransform
Transforming hilt-navigation-compose-1.2.0.aar (androidx.hilt:hilt-navigation-compose:1.2.0) with JetifyTransform
Transforming hilt-navigation-compose-1.2.0.aar (androidx.hilt:hilt-navigation-compose:1.2.0) with AarToClassTransform
Transforming hilt-navigation-1.2.0.aar (androidx.hilt:hilt-navigation:1.2.0) with JetifyTransform
Transforming hilt-navigation-1.2.0.aar (androidx.hilt:hilt-navigation:1.2.0) with AarToClassTransform
Transforming hilt-android-2.51.1.aar (com.google.dagger:hilt-android:2.51.1) with JetifyTransform
Transforming hilt-android-2.51.1.aar (com.google.dagger:hilt-android:2.51.1) with AarToClassTransform
Transforming room-common-jvm-2.7.2.jar (androidx.room:room-common-jvm:2.7.2) with JetifyTransform
Transforming room-common-jvm-2.7.2.jar (androidx.room:room-common-jvm:2.7.2) with IdentityTransform
Transforming room-runtime-release.aar (androidx.room:room-runtime-android:2.7.2) with JetifyTransform
Transforming room-runtime-release.aar (androidx.room:room-runtime-android:2.7.2) with AarToClassTransform
Transforming work-runtime-ktx-2.9.0.aar (androidx.work:work-runtime-ktx:2.9.0) with JetifyTransform
Transforming work-runtime-ktx-2.9.0.aar (androidx.work:work-runtime-ktx:2.9.0) with AarToClassTransform
Transforming work-runtime-2.9.0.aar (androidx.work:work-runtime:2.9.0) with JetifyTransform
Transforming work-runtime-2.9.0.aar (androidx.work:work-runtime:2.9.0) with AarToClassTransform
Transforming room-ktx-2.7.2.aar (androidx.room:room-ktx:2.7.2) with JetifyTransform
Transforming room-ktx-2.7.2.aar (androidx.room:room-ktx:2.7.2) with AarToClassTransform
Transforming datastore-preferences-external-protobuf-1.1.7.jar (androidx.datastore:datastore-preferences-external-protobuf:1.1.7) with JetifyTransform
Transforming datastore-preferences-external-protobuf-1.1.7.jar (androidx.datastore:datastore-preferences-external-protobuf:1.1.7) with IdentityTransform
Transforming datastore-core-okio-jvm-1.1.7.jar (androidx.datastore:datastore-core-okio-jvm:1.1.7) with JetifyTransform
Transforming datastore-core-okio-jvm-1.1.7.jar (androidx.datastore:datastore-core-okio-jvm:1.1.7) with IdentityTransform
Transforming datastore-preferences-proto-1.1.7.jar (androidx.datastore:datastore-preferences-proto:1.1.7) with JetifyTransform
Transforming datastore-preferences-proto-1.1.7.jar (androidx.datastore:datastore-preferences-proto:1.1.7) with IdentityTransform
Transforming datastore-preferences-core-release.aar (androidx.datastore:datastore-preferences-core-android:1.1.7) with JetifyTransform
Transforming datastore-preferences-core-release.aar (androidx.datastore:datastore-preferences-core-android:1.1.7) with AarToClassTransform
Transforming datastore-preferences-release.aar (androidx.datastore:datastore-preferences-android:1.1.7) with JetifyTransform
Transforming datastore-preferences-release.aar (androidx.datastore:datastore-preferences-android:1.1.7) with AarToClassTransform
Transforming datastore-release.aar (androidx.datastore:datastore-android:1.1.7) with JetifyTransform
Transforming datastore-release.aar (androidx.datastore:datastore-android:1.1.7) with AarToClassTransform
Transforming datastore-core-release.aar (androidx.datastore:datastore-core-android:1.1.7) with JetifyTransform
Transforming datastore-core-release.aar (androidx.datastore:datastore-core-android:1.1.7) with AarToClassTransform
Transforming kotlin-parcelize-runtime-1.9.25.jar (org.jetbrains.kotlin:kotlin-parcelize-runtime:1.9.25) with JetifyTransform
Transforming kotlin-parcelize-runtime-1.9.25.jar (org.jetbrains.kotlin:kotlin-parcelize-runtime:1.9.25) with IdentityTransform
Transforming lottie-compose-6.4.1.aar (com.airbnb.android:lottie-compose:6.4.1) with JetifyTransform
Transforming lottie-compose-6.4.1.aar (com.airbnb.android:lottie-compose:6.4.1) with AarToClassTransform
Transforming accompanist-systemuicontroller-0.34.0.aar (com.google.accompanist:accompanist-systemuicontroller:0.34.0) with JetifyTransform
Transforming accompanist-systemuicontroller-0.34.0.aar (com.google.accompanist:accompanist-systemuicontroller:0.34.0) with AarToClassTransform
Transforming accompanist-adaptive-0.34.0.aar (com.google.accompanist:accompanist-adaptive:0.34.0) with JetifyTransform
Transforming accompanist-adaptive-0.34.0.aar (com.google.accompanist:accompanist-adaptive:0.34.0) with AarToClassTransform
Transforming accompanist-permissions-0.37.3.aar (com.google.accompanist:accompanist-permissions:0.37.3) with JetifyTransform
Transforming accompanist-permissions-0.37.3.aar (com.google.accompanist:accompanist-permissions:0.37.3) with AarToClassTransform
Transforming coil-compose-2.7.0.aar (io.coil-kt:coil-compose:2.7.0) with JetifyTransform
Transforming coil-compose-2.7.0.aar (io.coil-kt:coil-compose:2.7.0) with AarToClassTransform
Transforming navigation-compose-2.5.1.aar (androidx.navigation:navigation-compose:2.5.1) with JetifyTransform
Transforming navigation-compose-2.5.1.aar (androidx.navigation:navigation-compose:2.5.1) with AarToClassTransform
Transforming glide-4.15.1.aar (com.github.bumptech.glide:glide:4.15.1) with JetifyTransform
Transforming glide-4.15.1.aar (com.github.bumptech.glide:glide:4.15.1) with AarToClassTransform
Transforming pdfium-android-1.9.0.aar (com.github.barteksc:pdfium-android:1.9.0) with JetifyTransform
Transforming pdfium-android-1.9.0.aar (com.github.barteksc:pdfium-android:1.9.0) with AarToClassTransform
Transforming legacy-support-v4-1.0.0.aar (androidx.legacy:legacy-support-v4:1.0.0) with JetifyTransform
Transforming legacy-support-v4-1.0.0.aar (androidx.legacy:legacy-support-v4:1.0.0) with AarToClassTransform
Transforming lottie-6.4.1.aar (com.airbnb.android:lottie:6.4.1) with JetifyTransform
Transforming lottie-6.4.1.aar (com.airbnb.android:lottie:6.4.1) with AarToClassTransform
Transforming coil-compose-base-2.7.0.aar (io.coil-kt:coil-compose-base:2.7.0) with JetifyTransform
Transforming coil-compose-base-2.7.0.aar (io.coil-kt:coil-compose-base:2.7.0) with AarToClassTransform
Transforming coil-2.7.0.aar (io.coil-kt:coil:2.7.0) with JetifyTransform
Transforming coil-2.7.0.aar (io.coil-kt:coil:2.7.0) with AarToClassTransform
Transforming coil-base-2.7.0.aar (io.coil-kt:coil-base:2.7.0) with JetifyTransform
Transforming coil-base-2.7.0.aar (io.coil-kt:coil-base:2.7.0) with AarToClassTransform
Transforming appcompat-resources-1.6.1.aar (androidx.appcompat:appcompat-resources:1.6.1) with JetifyTransform
Transforming appcompat-resources-1.6.1.aar (androidx.appcompat:appcompat-resources:1.6.1) with AarToClassTransform
Transforming appcompat-1.6.1.aar (androidx.appcompat:appcompat:1.6.1) with JetifyTransform
Transforming appcompat-1.6.1.aar (androidx.appcompat:appcompat:1.6.1) with AarToClassTransform
Transforming fragment-1.5.1.aar (androidx.fragment:fragment:1.5.1) with JetifyTransform
Transforming fragment-1.5.1.aar (androidx.fragment:fragment:1.5.1) with AarToClassTransform
Transforming fragment-1.5.1.aar (androidx.fragment:fragment:1.5.1) with JetifyTransform
Transforming fragment-1.5.1.aar (androidx.fragment:fragment:1.5.1) with AarToClassTransform
Transforming material3-window-size-class-release.aar (androidx.compose.material3:material3-window-size-class-android:1.2.1) with JetifyTransform
Transforming material3-window-size-class-release.aar (androidx.compose.material3:material3-window-size-class-android:1.2.1) with AarToClassTransform
Transforming material3-release.aar (androidx.compose.material3:material3-android:1.2.1) with JetifyTransform
Transforming material3-release.aar (androidx.compose.material3:material3-android:1.2.1) with AarToClassTransform
Transforming palette-1.0.0.aar (androidx.palette:palette:1.0.0) with JetifyTransform
Transforming palette-1.0.0.aar (androidx.palette:palette:1.0.0) with AarToClassTransform
Transforming legacy-support-core-ui-1.0.0.aar (androidx.legacy:legacy-support-core-ui:1.0.0) with JetifyTransform
Transforming legacy-support-core-ui-1.0.0.aar (androidx.legacy:legacy-support-core-ui:1.0.0) with AarToClassTransform
Transforming legacy-support-core-utils-1.0.0.aar (androidx.legacy:legacy-support-core-utils:1.0.0) with JetifyTransform
Transforming legacy-support-core-utils-1.0.0.aar (androidx.legacy:legacy-support-core-utils:1.0.0) with AarToClassTransform
Transforming loader-1.0.0.aar (androidx.loader:loader:1.0.0) with JetifyTransform
Transforming loader-1.0.0.aar (androidx.loader:loader:1.0.0) with AarToClassTransform
Transforming loader-1.0.0.aar (androidx.loader:loader:1.0.0) with JetifyTransform
Transforming loader-1.0.0.aar (androidx.loader:loader:1.0.0) with AarToClassTransform
Transforming navigation-runtime-ktx-2.5.1.aar (androidx.navigation:navigation-runtime-ktx:2.5.1) with JetifyTransform
Transforming navigation-runtime-ktx-2.5.1.aar (androidx.navigation:navigation-runtime-ktx:2.5.1) with AarToClassTransform
Transforming navigation-runtime-2.5.1.aar (androidx.navigation:navigation-runtime:2.5.1) with JetifyTransform
Transforming navigation-runtime-2.5.1.aar (androidx.navigation:navigation-runtime:2.5.1) with AarToClassTransform
Transforming constraintlayout-compose-1.0.1.aar (androidx.constraintlayout:constraintlayout-compose:1.0.1) with JetifyTransform
Transforming constraintlayout-compose-1.0.1.aar (androidx.constraintlayout:constraintlayout-compose:1.0.1) with AarToClassTransform
Transforming material-ripple-release.aar (androidx.compose.material:material-ripple-android:1.6.8) with JetifyTransform
Transforming material-ripple-release.aar (androidx.compose.material:material-ripple-android:1.6.8) with AarToClassTransform
Transforming material-icons-core-release.aar (androidx.compose.material:material-icons-core-android:1.6.8) with JetifyTransform
Transforming material-icons-core-release.aar (androidx.compose.material:material-icons-core-android:1.6.8) with AarToClassTransform
Transforming material-icons-extended-release.aar (androidx.compose.material:material-icons-extended-android:1.6.8) with JetifyTransform
Transforming material-icons-extended-release.aar (androidx.compose.material:material-icons-extended-android:1.6.8) with AarToClassTransform
Transforming material-release.aar (androidx.compose.material:material-android:1.6.8) with JetifyTransform
Transforming material-release.aar (androidx.compose.material:material-android:1.6.8) with AarToClassTransform
Transforming accompanist-drawablepainter-0.32.0.aar (com.google.accompanist:accompanist-drawablepainter:0.32.0) with JetifyTransform
Transforming accompanist-drawablepainter-0.32.0.aar (com.google.accompanist:accompanist-drawablepainter:0.32.0) with AarToClassTransform
Transforming ui-tooling-preview-release.aar (androidx.compose.ui:ui-tooling-preview-android:1.7.8) with JetifyTransform
Transforming ui-tooling-preview-release.aar (androidx.compose.ui:ui-tooling-preview-android:1.7.8) with AarToClassTransform
Transforming animation-core-release.aar (androidx.compose.animation:animation-core-android:1.7.8) with JetifyTransform
Transforming animation-core-release.aar (androidx.compose.animation:animation-core-android:1.7.8) with AarToClassTransform
Transforming animation-release.aar (androidx.compose.animation:animation-android:1.7.8) with JetifyTransform
Transforming animation-release.aar (androidx.compose.animation:animation-android:1.7.8) with AarToClassTransform
Transforming foundation-layout-release.aar (androidx.compose.foundation:foundation-layout-android:1.7.8) with JetifyTransform
Transforming foundation-layout-release.aar (androidx.compose.foundation:foundation-layout-android:1.7.8) with AarToClassTransform
Transforming foundation-release.aar (androidx.compose.foundation:foundation-android:1.7.8) with JetifyTransform
Transforming foundation-release.aar (androidx.compose.foundation:foundation-android:1.7.8) with AarToClassTransform
Transforming ui-util-release.aar (androidx.compose.ui:ui-util-android:1.7.8) with JetifyTransform
Transforming ui-util-release.aar (androidx.compose.ui:ui-util-android:1.7.8) with AarToClassTransform
Transforming ui-unit-release.aar (androidx.compose.ui:ui-unit-android:1.7.8) with JetifyTransform
Transforming ui-unit-release.aar (androidx.compose.ui:ui-unit-android:1.7.8) with AarToClassTransform
Transforming ui-text-release.aar (androidx.compose.ui:ui-text-android:1.7.8) with JetifyTransform
Transforming ui-text-release.aar (androidx.compose.ui:ui-text-android:1.7.8) with AarToClassTransform
Transforming ui-graphics-release.aar (androidx.compose.ui:ui-graphics-android:1.7.8) with JetifyTransform
Transforming ui-graphics-release.aar (androidx.compose.ui:ui-graphics-android:1.7.8) with AarToClassTransform
Transforming ui-geometry-release.aar (androidx.compose.ui:ui-geometry-android:1.7.8) with JetifyTransform
Transforming ui-geometry-release.aar (androidx.compose.ui:ui-geometry-android:1.7.8) with AarToClassTransform
Transforming ui-release.aar (androidx.compose.ui:ui-android:1.7.8) with JetifyTransform
Transforming ui-release.aar (androidx.compose.ui:ui-android:1.7.8) with AarToClassTransform
Transforming activity-ktx-1.9.0.aar (androidx.activity:activity-ktx:1.9.0) with JetifyTransform
Transforming activity-ktx-1.9.0.aar (androidx.activity:activity-ktx:1.9.0) with AarToClassTransform
Transforming activity-1.9.0.aar (androidx.activity:activity:1.9.0) with JetifyTransform
Transforming activity-1.9.0.aar (androidx.activity:activity:1.9.0) with AarToClassTransform
Transforming activity-compose-1.9.0.aar (androidx.activity:activity-compose:1.9.0) with JetifyTransform
Transforming activity-compose-1.9.0.aar (androidx.activity:activity-compose:1.9.0) with AarToClassTransform
Transforming navigation-common-ktx-2.5.1.aar (androidx.navigation:navigation-common-ktx:2.5.1) with JetifyTransform
Transforming navigation-common-ktx-2.5.1.aar (androidx.navigation:navigation-common-ktx:2.5.1) with AarToClassTransform
Transforming navigation-common-2.5.1.aar (androidx.navigation:navigation-common:2.5.1) with JetifyTransform
Transforming navigation-common-2.5.1.aar (androidx.navigation:navigation-common:2.5.1) with AarToClassTransform
Transforming emoji2-views-helper-1.3.0.aar (androidx.emoji2:emoji2-views-helper:1.3.0) with JetifyTransform
Transforming emoji2-views-helper-1.3.0.aar (androidx.emoji2:emoji2-views-helper:1.3.0) with AarToClassTransform
Transforming emoji2-1.3.0.aar (androidx.emoji2:emoji2:1.3.0) with JetifyTransform
Transforming emoji2-1.3.0.aar (androidx.emoji2:emoji2:1.3.0) with AarToClassTransform
Transforming lifecycle-process-2.9.1.aar (androidx.lifecycle:lifecycle-process:2.9.1) with JetifyTransform
Transforming lifecycle-process-2.9.1.aar (androidx.lifecycle:lifecycle-process:2.9.1) with AarToClassTransform
Transforming lifecycle-runtime-ktx.aar (androidx.lifecycle:lifecycle-runtime-ktx-android:2.9.1) with JetifyTransform
Transforming lifecycle-runtime-ktx.aar (androidx.lifecycle:lifecycle-runtime-ktx-android:2.9.1) with AarToClassTransform
Transforming lifecycle-livedata-core-ktx-2.9.1.aar (androidx.lifecycle:lifecycle-livedata-core-ktx:2.9.1) with JetifyTransform
Transforming lifecycle-livedata-core-ktx-2.9.1.aar (androidx.lifecycle:lifecycle-livedata-core-ktx:2.9.1) with AarToClassTransform
Transforming lifecycle-viewmodel-ktx-2.9.1.aar (androidx.lifecycle:lifecycle-viewmodel-ktx:2.9.1) with JetifyTransform
Transforming lifecycle-viewmodel-ktx-2.9.1.aar (androidx.lifecycle:lifecycle-viewmodel-ktx:2.9.1) with AarToClassTransform
Transforming media3-ui-1.4.1.aar (androidx.media3:media3-ui:1.4.1) with JetifyTransform
Transforming media3-ui-1.4.1.aar (androidx.media3:media3-ui:1.4.1) with AarToClassTransform
Transforming media3-session-1.4.1.aar (androidx.media3:media3-session:1.4.1) with JetifyTransform
Transforming media3-session-1.4.1.aar (androidx.media3:media3-session:1.4.1) with AarToClassTransform
Transforming media3-extractor-1.4.1.aar (androidx.media3:media3-extractor:1.4.1) with JetifyTransform
Transforming media3-extractor-1.4.1.aar (androidx.media3:media3-extractor:1.4.1) with AarToClassTransform
Transforming media3-container-1.4.1.aar (androidx.media3:media3-container:1.4.1) with JetifyTransform
Transforming media3-container-1.4.1.aar (androidx.media3:media3-container:1.4.1) with AarToClassTransform
Transforming media3-datasource-1.4.1.aar (androidx.media3:media3-datasource:1.4.1) with JetifyTransform
Transforming media3-datasource-1.4.1.aar (androidx.media3:media3-datasource:1.4.1) with AarToClassTransform
Transforming media3-decoder-1.4.1.aar (androidx.media3:media3-decoder:1.4.1) with JetifyTransform
Transforming media3-decoder-1.4.1.aar (androidx.media3:media3-decoder:1.4.1) with AarToClassTransform
Transforming media3-database-1.4.1.aar (androidx.media3:media3-database:1.4.1) with JetifyTransform
Transforming media3-database-1.4.1.aar (androidx.media3:media3-database:1.4.1) with AarToClassTransform
Transforming media3-common-1.4.1.aar (androidx.media3:media3-common:1.4.1) with JetifyTransform
Transforming media3-common-1.4.1.aar (androidx.media3:media3-common:1.4.1) with AarToClassTransform
Transforming media3-exoplayer-1.4.1.aar (androidx.media3:media3-exoplayer:1.4.1) with JetifyTransform
Transforming media3-exoplayer-1.4.1.aar (androidx.media3:media3-exoplayer:1.4.1) with AarToClassTransform
Transforming window-1.0.0.aar (androidx.window:window:1.0.0) with JetifyTransform
Transforming window-1.0.0.aar (androidx.window:window:1.0.0) with AarToClassTransform
Transforming media-1.7.0.aar (androidx.media:media:1.7.0) with JetifyTransform
Transforming media-1.7.0.aar (androidx.media:media:1.7.0) with AarToClassTransform
Transforming media-1.7.0.aar (androidx.media:media:1.7.0) with JetifyTransform
Transforming media-1.7.0.aar (androidx.media:media:1.7.0) with AarToClassTransform
Transforming recyclerview-1.3.0.aar (androidx.recyclerview:recyclerview:1.3.0) with JetifyTransform
Transforming recyclerview-1.3.0.aar (androidx.recyclerview:recyclerview:1.3.0) with AarToClassTransform
Transforming viewpager-1.0.0.aar (androidx.viewpager:viewpager:1.0.0) with JetifyTransform
Transforming viewpager-1.0.0.aar (androidx.viewpager:viewpager:1.0.0) with AarToClassTransform
Transforming viewpager-1.0.0.aar (androidx.viewpager:viewpager:1.0.0) with JetifyTransform
Transforming viewpager-1.0.0.aar (androidx.viewpager:viewpager:1.0.0) with AarToClassTransform
Transforming vectordrawable-animated-1.1.0.aar (androidx.vectordrawable:vectordrawable-animated:1.1.0) with JetifyTransform
Transforming vectordrawable-animated-1.1.0.aar (androidx.vectordrawable:vectordrawable-animated:1.1.0) with AarToClassTransform
Transforming vectordrawable-1.1.0.aar (androidx.vectordrawable:vectordrawable:1.1.0) with JetifyTransform
Transforming vectordrawable-1.1.0.aar (androidx.vectordrawable:vectordrawable:1.1.0) with AarToClassTransform
Transforming vectordrawable-1.1.0.aar (androidx.vectordrawable:vectordrawable:1.1.0) with JetifyTransform
Transforming vectordrawable-1.1.0.aar (androidx.vectordrawable:vectordrawable:1.1.0) with AarToClassTransform
Transforming drawerlayout-1.0.0.aar (androidx.drawerlayout:drawerlayout:1.0.0) with JetifyTransform
Transforming drawerlayout-1.0.0.aar (androidx.drawerlayout:drawerlayout:1.0.0) with AarToClassTransform
Transforming drawerlayout-1.0.0.aar (androidx.drawerlayout:drawerlayout:1.0.0) with JetifyTransform
Transforming drawerlayout-1.0.0.aar (androidx.drawerlayout:drawerlayout:1.0.0) with AarToClassTransform
Transforming coordinatorlayout-1.0.0.aar (androidx.coordinatorlayout:coordinatorlayout:1.0.0) with JetifyTransform
Transforming coordinatorlayout-1.0.0.aar (androidx.coordinatorlayout:coordinatorlayout:1.0.0) with AarToClassTransform
Transforming slidingpanelayout-1.0.0.aar (androidx.slidingpanelayout:slidingpanelayout:1.0.0) with JetifyTransform
Transforming slidingpanelayout-1.0.0.aar (androidx.slidingpanelayout:slidingpanelayout:1.0.0) with AarToClassTransform
Transforming customview-1.0.0.aar (androidx.customview:customview:1.0.0) with JetifyTransform
Transforming customview-1.0.0.aar (androidx.customview:customview:1.0.0) with AarToClassTransform
Transforming customview-1.0.0.aar (androidx.customview:customview:1.0.0) with JetifyTransform
Transforming customview-1.0.0.aar (androidx.customview:customview:1.0.0) with AarToClassTransform
Transforming autofill-1.0.0.aar (androidx.autofill:autofill:1.0.0) with JetifyTransform
Transforming autofill-1.0.0.aar (androidx.autofill:autofill:1.0.0) with AarToClassTransform
Transforming swiperefreshlayout-1.0.0.aar (androidx.swiperefreshlayout:swiperefreshlayout:1.0.0) with JetifyTransform
Transforming swiperefreshlayout-1.0.0.aar (androidx.swiperefreshlayout:swiperefreshlayout:1.0.0) with AarToClassTransform
Transforming asynclayoutinflater-1.0.0.aar (androidx.asynclayoutinflater:asynclayoutinflater:1.0.0) with JetifyTransform
Transforming asynclayoutinflater-1.0.0.aar (androidx.asynclayoutinflater:asynclayoutinflater:1.0.0) with AarToClassTransform
Transforming graphics-path-1.0.1.aar (androidx.graphics:graphics-path:1.0.1) with JetifyTransform
Transforming graphics-path-1.0.1.aar (androidx.graphics:graphics-path:1.0.1) with AarToClassTransform
Transforming customview-poolingcontainer-1.0.0.aar (androidx.customview:customview-poolingcontainer:1.0.0) with JetifyTransform
Transforming customview-poolingcontainer-1.0.0.aar (androidx.customview:customview-poolingcontainer:1.0.0) with AarToClassTransform
Transforming savedstate-ktx-1.3.0.aar (androidx.savedstate:savedstate-ktx:1.3.0) with JetifyTransform
Transforming savedstate-ktx-1.3.0.aar (androidx.savedstate:savedstate-ktx:1.3.0) with AarToClassTransform
Transforming savedstate-release.aar (androidx.savedstate:savedstate-android:1.3.0) with JetifyTransform
Transforming savedstate-release.aar (androidx.savedstate:savedstate-android:1.3.0) with AarToClassTransform
Transforming core-ktx-1.13.1.aar (androidx.core:core-ktx:1.13.1) with JetifyTransform
Transforming core-ktx-1.13.1.aar (androidx.core:core-ktx:1.13.1) with AarToClassTransform
Transforming core-1.13.1.aar (androidx.core:core:1.13.1) with JetifyTransform
Transforming core-1.13.1.aar (androidx.core:core:1.13.1) with AarToClassTransform
Transforming core-1.13.1.aar (androidx.core:core:1.13.1) with JetifyTransform
Transforming core-1.13.1.aar (androidx.core:core:1.13.1) with AarToClassTransform
Transforming lifecycle-runtime-release.aar (androidx.lifecycle:lifecycle-runtime-android:2.9.1) with JetifyTransform
Transforming lifecycle-runtime-release.aar (androidx.lifecycle:lifecycle-runtime-android:2.9.1) with AarToClassTransform
Transforming lifecycle-viewmodel-savedstate-release.aar (androidx.lifecycle:lifecycle-viewmodel-savedstate-android:2.9.1) with JetifyTransform
Transforming lifecycle-viewmodel-savedstate-release.aar (androidx.lifecycle:lifecycle-viewmodel-savedstate-android:2.9.1) with AarToClassTransform
Transforming lifecycle-viewmodel-2.9.1.aar (androidx.lifecycle:lifecycle-viewmodel:2.9.1) with JetifyTransform
Transforming lifecycle-viewmodel-2.9.1.aar (androidx.lifecycle:lifecycle-viewmodel:2.9.1) with AarToClassTransform
Transforming lifecycle-viewmodel-release.aar (androidx.lifecycle:lifecycle-viewmodel-android:2.9.1) with JetifyTransform
Transforming lifecycle-viewmodel-release.aar (androidx.lifecycle:lifecycle-viewmodel-android:2.9.1) with AarToClassTransform
Transforming lifecycle-common-jvm-2.9.1.jar (androidx.lifecycle:lifecycle-common-jvm:2.9.1) with JetifyTransform
Transforming lifecycle-common-jvm-2.9.1.jar (androidx.lifecycle:lifecycle-common-jvm:2.9.1) with IdentityTransform
Transforming lifecycle-service-2.9.1.aar (androidx.lifecycle:lifecycle-service:2.9.1) with JetifyTransform
Transforming lifecycle-service-2.9.1.aar (androidx.lifecycle:lifecycle-service:2.9.1) with AarToClassTransform
Transforming lifecycle-livedata-2.9.1.aar (androidx.lifecycle:lifecycle-livedata:2.9.1) with JetifyTransform
Transforming lifecycle-livedata-2.9.1.aar (androidx.lifecycle:lifecycle-livedata:2.9.1) with AarToClassTransform
Transforming lifecycle-livedata-2.9.1.aar (androidx.lifecycle:lifecycle-livedata:2.9.1) with JetifyTransform
Transforming lifecycle-livedata-2.9.1.aar (androidx.lifecycle:lifecycle-livedata:2.9.1) with AarToClassTransform
Transforming lifecycle-common-java8-2.9.1.jar (androidx.lifecycle:lifecycle-common-java8:2.9.1) with JetifyTransform
Transforming lifecycle-common-java8-2.9.1.jar (androidx.lifecycle:lifecycle-common-java8:2.9.1) with IdentityTransform
Transforming lifecycle-livedata-core-2.9.1.aar (androidx.lifecycle:lifecycle-livedata-core:2.9.1) with JetifyTransform
Transforming lifecycle-livedata-core-2.9.1.aar (androidx.lifecycle:lifecycle-livedata-core:2.9.1) with AarToClassTransform
Transforming lifecycle-runtime-compose-release.aar (androidx.lifecycle:lifecycle-runtime-compose-android:2.9.1) with JetifyTransform
Transforming lifecycle-runtime-compose-release.aar (androidx.lifecycle:lifecycle-runtime-compose-android:2.9.1) with AarToClassTransform
Transforming lifecycle-viewmodel-compose-release.aar (androidx.lifecycle:lifecycle-viewmodel-compose-android:2.9.1) with JetifyTransform
Transforming lifecycle-viewmodel-compose-release.aar (androidx.lifecycle:lifecycle-viewmodel-compose-android:2.9.1) with AarToClassTransform
Transforming kotlin-android-extensions-runtime-1.9.25.jar (org.jetbrains.kotlin:kotlin-android-extensions-runtime:1.9.25) with JetifyTransform
Transforming kotlin-android-extensions-runtime-1.9.25.jar (org.jetbrains.kotlin:kotlin-android-extensions-runtime:1.9.25) with IdentityTransform
Transforming okhttp-4.12.0.jar (com.squareup.okhttp3:okhttp:4.12.0) with JetifyTransform
Transforming okhttp-4.12.0.jar (com.squareup.okhttp3:okhttp:4.12.0) with IdentityTransform
Transforming kotlin-stdlib-jdk8-1.9.25.jar (org.jetbrains.kotlin:kotlin-stdlib-jdk8:1.9.25) with JetifyTransform
Transforming kotlin-stdlib-jdk8-1.9.25.jar (org.jetbrains.kotlin:kotlin-stdlib-jdk8:1.9.25) with IdentityTransform
Transforming runtime-saveable-release.aar (androidx.compose.runtime:runtime-saveable-android:1.7.8) with JetifyTransform
Transforming runtime-saveable-release.aar (androidx.compose.runtime:runtime-saveable-android:1.7.8) with AarToClassTransform
Transforming runtime-release.aar (androidx.compose.runtime:runtime-android:1.7.8) with JetifyTransform
Transforming runtime-release.aar (androidx.compose.runtime:runtime-android:1.7.8) with AarToClassTransform
Transforming annotation-experimental-1.4.1.aar (androidx.annotation:annotation-experimental:1.4.1) with JetifyTransform
Transforming annotation-experimental-1.4.1.aar (androidx.annotation:annotation-experimental:1.4.1) with AarToClassTransform
Transforming kotlinx-serialization-core-jvm-1.7.3.jar (org.jetbrains.kotlinx:kotlinx-serialization-core-jvm:1.7.3) with JetifyTransform
Transforming kotlinx-serialization-core-jvm-1.7.3.jar (org.jetbrains.kotlinx:kotlinx-serialization-core-jvm:1.7.3) with IdentityTransform
Transforming sqlite-framework-release.aar (androidx.sqlite:sqlite-framework-android:2.5.1) with JetifyTransform
Transforming sqlite-framework-release.aar (androidx.sqlite:sqlite-framework-android:2.5.1) with AarToClassTransform
Transforming sqlite-release.aar (androidx.sqlite:sqlite-android:2.5.1) with JetifyTransform
Transforming sqlite-release.aar (androidx.sqlite:sqlite-android:2.5.1) with AarToClassTransform
Transforming kotlin-stdlib-jdk7-1.9.25.jar (org.jetbrains.kotlin:kotlin-stdlib-jdk7:1.9.25) with JetifyTransform
Transforming kotlin-stdlib-jdk7-1.9.25.jar (org.jetbrains.kotlin:kotlin-stdlib-jdk7:1.9.25) with IdentityTransform
Transforming kotlinx-coroutines-core-jvm-1.8.1.jar (org.jetbrains.kotlinx:kotlinx-coroutines-core-jvm:1.8.1) with JetifyTransform
Transforming kotlinx-coroutines-core-jvm-1.8.1.jar (org.jetbrains.kotlinx:kotlinx-coroutines-core-jvm:1.8.1) with IdentityTransform
Transforming kotlinx-coroutines-android-1.8.1.jar (org.jetbrains.kotlinx:kotlinx-coroutines-android:1.8.1) with JetifyTransform
Transforming kotlinx-coroutines-android-1.8.1.jar (org.jetbrains.kotlinx:kotlinx-coroutines-android:1.8.1) with IdentityTransform
Transforming core-viewtree-1.0.0.aar (androidx.core:core-viewtree:1.0.0) with JetifyTransform
Transforming core-viewtree-1.0.0.aar (androidx.core:core-viewtree:1.0.0) with AarToClassTransform
Transforming documentfile-1.0.1.aar (androidx.documentfile:documentfile:1.0.1) with JetifyTransform
Transforming documentfile-1.0.1.aar (androidx.documentfile:documentfile:1.0.1) with AarToClassTransform
Transforming documentfile-1.0.1.aar (androidx.documentfile:documentfile:1.0.1) with JetifyTransform
Transforming documentfile-1.0.1.aar (androidx.documentfile:documentfile:1.0.1) with AarToClassTransform
Transforming gifdecoder-4.15.1.aar (com.github.bumptech.glide:gifdecoder:4.15.1) with JetifyTransform
Transforming gifdecoder-4.15.1.aar (com.github.bumptech.glide:gifdecoder:4.15.1) with AarToClassTransform
Transforming profileinstaller-1.4.0.aar (androidx.profileinstaller:profileinstaller:1.4.0) with JetifyTransform
Transforming profileinstaller-1.4.0.aar (androidx.profileinstaller:profileinstaller:1.4.0) with AarToClassTransform
Transforming startup-runtime-1.1.1.aar (androidx.startup:startup-runtime:1.1.1) with JetifyTransform
Transforming startup-runtime-1.1.1.aar (androidx.startup:startup-runtime:1.1.1) with AarToClassTransform
Transforming tracing-1.0.0.aar (androidx.tracing:tracing:1.0.0) with JetifyTransform
Transforming tracing-1.0.0.aar (androidx.tracing:tracing:1.0.0) with AarToClassTransform
Transforming core-runtime-2.2.0.aar (androidx.arch.core:core-runtime:2.2.0) with JetifyTransform
Transforming core-runtime-2.2.0.aar (androidx.arch.core:core-runtime:2.2.0) with AarToClassTransform
Transforming interpolator-1.0.0.aar (androidx.interpolator:interpolator:1.0.0) with JetifyTransform
Transforming interpolator-1.0.0.aar (androidx.interpolator:interpolator:1.0.0) with AarToClassTransform
Transforming interpolator-1.0.0.aar (androidx.interpolator:interpolator:1.0.0) with JetifyTransform
Transforming interpolator-1.0.0.aar (androidx.interpolator:interpolator:1.0.0) with AarToClassTransform
Transforming localbroadcastmanager-1.0.0.aar (androidx.localbroadcastmanager:localbroadcastmanager:1.0.0) with JetifyTransform
Transforming localbroadcastmanager-1.0.0.aar (androidx.localbroadcastmanager:localbroadcastmanager:1.0.0) with AarToClassTransform
Transforming print-1.0.0.aar (androidx.print:print:1.0.0) with JetifyTransform
Transforming print-1.0.0.aar (androidx.print:print:1.0.0) with AarToClassTransform
Transforming core-common-2.2.0.jar (androidx.arch.core:core-common:2.2.0) with JetifyTransform
Transforming core-common-2.2.0.jar (androidx.arch.core:core-common:2.2.0) with IdentityTransform
Transforming cursoradapter-1.0.0.aar (androidx.cursoradapter:cursoradapter:1.0.0) with JetifyTransform
Transforming cursoradapter-1.0.0.aar (androidx.cursoradapter:cursoradapter:1.0.0) with AarToClassTransform
Transforming cursoradapter-1.0.0.aar (androidx.cursoradapter:cursoradapter:1.0.0) with JetifyTransform
Transforming cursoradapter-1.0.0.aar (androidx.cursoradapter:cursoradapter:1.0.0) with AarToClassTransform
Transforming resourceinspection-annotation-1.0.1.jar (androidx.resourceinspection:resourceinspection-annotation:1.0.1) with JetifyTransform
Transforming resourceinspection-annotation-1.0.1.jar (androidx.resourceinspection:resourceinspection-annotation:1.0.1) with IdentityTransform
Transforming exifinterface-1.3.7.aar (androidx.exifinterface:exifinterface:1.3.7) with JetifyTransform
Transforming exifinterface-1.3.7.aar (androidx.exifinterface:exifinterface:1.3.7) with AarToClassTransform
Transforming collection-ktx-1.4.4.jar (androidx.collection:collection-ktx:1.4.4) with JetifyTransform
Transforming collection-ktx-1.4.4.jar (androidx.collection:collection-ktx:1.4.4) with IdentityTransform
Transforming versionedparcelable-1.1.1.aar (androidx.versionedparcelable:versionedparcelable:1.1.1) with JetifyTransform
Transforming versionedparcelable-1.1.1.aar (androidx.versionedparcelable:versionedparcelable:1.1.1) with AarToClassTransform
Transforming collection-jvm-1.4.4.jar (androidx.collection:collection-jvm:1.4.4) with JetifyTransform
Transforming collection-jvm-1.4.4.jar (androidx.collection:collection-jvm:1.4.4) with IdentityTransform
Transforming concurrent-futures-1.1.0.jar (androidx.concurrent:concurrent-futures:1.1.0) with JetifyTransform
Transforming concurrent-futures-1.1.0.jar (androidx.concurrent:concurrent-futures:1.1.0) with IdentityTransform
Transforming annotation-jvm-1.9.1.jar (androidx.annotation:annotation-jvm:1.9.1) with JetifyTransform
Transforming annotation-jvm-1.9.1.jar (androidx.annotation:annotation-jvm:1.9.1) with IdentityTransform
Transforming okio-jvm-3.9.0.jar (com.squareup.okio:okio-jvm:3.9.0) with JetifyTransform
Transforming okio-jvm-3.9.0.jar (com.squareup.okio:okio-jvm:3.9.0) with IdentityTransform
Transforming kotlin-stdlib-1.9.25.jar (org.jetbrains.kotlin:kotlin-stdlib:1.9.25) with JetifyTransform
Transforming kotlin-stdlib-1.9.25.jar (org.jetbrains.kotlin:kotlin-stdlib:1.9.25) with IdentityTransform
Transforming annotations-23.0.0.jar (org.jetbrains:annotations:23.0.0) with JetifyTransform
Transforming annotations-23.0.0.jar (org.jetbrains:annotations:23.0.0) with IdentityTransform
Transforming junrar-7.5.5.jar (com.github.junrar:junrar:7.5.5) with JetifyTransform
Transforming junrar-7.5.5.jar (com.github.junrar:junrar:7.5.5) with IdentityTransform
Transforming gson-2.11.0.jar (com.google.code.gson:gson:2.11.0) with JetifyTransform
Transforming gson-2.11.0.jar (com.google.code.gson:gson:2.11.0) with IdentityTransform
Transforming hilt-common-1.2.0.jar (androidx.hilt:hilt-common:1.2.0) with JetifyTransform
Transforming hilt-common-1.2.0.jar (androidx.hilt:hilt-common:1.2.0) with IdentityTransform
Transforming hilt-core-2.51.1.jar (com.google.dagger:hilt-core:2.51.1) with JetifyTransform
Transforming hilt-core-2.51.1.jar (com.google.dagger:hilt-core:2.51.1) with IdentityTransform
Transforming dagger-2.51.1.jar (com.google.dagger:dagger:2.51.1) with JetifyTransform
Transforming dagger-2.51.1.jar (com.google.dagger:dagger:2.51.1) with IdentityTransform
Transforming dagger-lint-aar-2.51.1.aar (com.google.dagger:dagger-lint-aar:2.51.1) with JetifyTransform
Transforming dagger-lint-aar-2.51.1.aar (com.google.dagger:dagger-lint-aar:2.51.1) with AarToClassTransform
Transforming jsr305-3.0.2.jar (com.google.code.findbugs:jsr305:3.0.2) with JetifyTransform
Transforming jsr305-3.0.2.jar (com.google.code.findbugs:jsr305:3.0.2) with IdentityTransform
Transforming javax.inject-1.jar (javax.inject:javax.inject:1) with JetifyTransform
Transforming javax.inject-1.jar (javax.inject:javax.inject:1) with IdentityTransform
Transforming zip4j-2.11.5.jar (net.lingala.zip4j:zip4j:2.11.5) with JetifyTransform
Transforming zip4j-2.11.5.jar (net.lingala.zip4j:zip4j:2.11.5) with IdentityTransform
Transforming pdfbox-android-2.0.27.0.aar (com.tom-roush:pdfbox-android:2.0.27.0) with JetifyTransform
Transforming pdfbox-android-2.0.27.0.aar (com.tom-roush:pdfbox-android:2.0.27.0) with AarToClassTransform
Transforming slf4j-android-1.7.36.jar (org.slf4j:slf4j-android:1.7.36) with JetifyTransform
Transforming slf4j-android-1.7.36.jar (org.slf4j:slf4j-android:1.7.36) with IdentityTransform
Transforming commons-compress-1.26.0.jar (org.apache.commons:commons-compress:1.26.0) with JetifyTransform
Transforming commons-compress-1.26.0.jar (org.apache.commons:commons-compress:1.26.0) with IdentityTransform
Transforming epublib-core-3.1.jar (nl.siegmann.epublib:epublib-core:3.1) with JetifyTransform
Transforming epublib-core-3.1.jar (nl.siegmann.epublib:epublib-core:3.1) with IdentityTransform
Transforming slf4j-api-1.7.36.jar (org.slf4j:slf4j-api:1.7.36) with JetifyTransform
Transforming slf4j-api-1.7.36.jar (org.slf4j:slf4j-api:1.7.36) with IdentityTransform
Transforming error_prone_annotations-2.27.0.jar (com.google.errorprone:error_prone_annotations:2.27.0) with JetifyTransform
Transforming error_prone_annotations-2.27.0.jar (com.google.errorprone:error_prone_annotations:2.27.0) with IdentityTransform
Transforming constraintlayout-core-1.0.4.jar (androidx.constraintlayout:constraintlayout-core:1.0.4) with JetifyTransform
Transforming constraintlayout-core-1.0.4.jar (androidx.constraintlayout:constraintlayout-core:1.0.4) with IdentityTransform
Transforming disklrucache-4.15.1.jar (com.github.bumptech.glide:disklrucache:4.15.1) with JetifyTransform
Transforming disklrucache-4.15.1.jar (com.github.bumptech.glide:disklrucache:4.15.1) with IdentityTransform
Transforming annotations-4.15.1.jar (com.github.bumptech.glide:annotations:4.15.1) with JetifyTransform
Transforming annotations-4.15.1.jar (com.github.bumptech.glide:annotations:4.15.1) with IdentityTransform
Transforming bcpkix-jdk15to18-1.72.jar (org.bouncycastle:bcpkix-jdk15to18:1.72) with JetifyTransform
Transforming bcpkix-jdk15to18-1.72.jar (org.bouncycastle:bcpkix-jdk15to18:1.72) with IdentityTransform
Transforming bcutil-jdk15to18-1.72.jar (org.bouncycastle:bcutil-jdk15to18:1.72) with JetifyTransform
Transforming bcutil-jdk15to18-1.72.jar (org.bouncycastle:bcutil-jdk15to18:1.72) with IdentityTransform
Transforming bcprov-jdk15to18-1.72.jar (org.bouncycastle:bcprov-jdk15to18:1.72) with JetifyTransform
Transforming bcprov-jdk15to18-1.72.jar (org.bouncycastle:bcprov-jdk15to18:1.72) with IdentityTransform
Transforming commons-io-2.15.1.jar (commons-io:commons-io:2.15.1) with JetifyTransform
Transforming commons-io-2.15.1.jar (commons-io:commons-io:2.15.1) with IdentityTransform
Transforming commons-lang3-3.14.0.jar (org.apache.commons:commons-lang3:3.14.0) with JetifyTransform
Transforming commons-lang3-3.14.0.jar (org.apache.commons:commons-lang3:3.14.0) with IdentityTransform
Transforming kxml2-2.3.0.jar (net.sf.kxml:kxml2:2.3.0) with JetifyTransform
Transforming kxml2-2.3.0.jar (net.sf.kxml:kxml2:2.3.0) with IdentityTransform
Transforming jspecify-1.0.0.jar (org.jspecify:jspecify:1.0.0) with JetifyTransform
Transforming jspecify-1.0.0.jar (org.jspecify:jspecify:1.0.0) with IdentityTransform
Transforming guava-33.0.0-android.jar (com.google.guava:guava:33.0.0-android) with JetifyTransform
Transforming guava-33.0.0-android.jar (com.google.guava:guava:33.0.0-android) with IdentityTransform
Transforming listenablefuture-9999.0-empty-to-avoid-conflict-with-guava.jar (com.google.guava:listenablefuture:9999.0-empty-to-avoid-conflict-with-guava) with JetifyTransform
Transforming listenablefuture-9999.0-empty-to-avoid-conflict-with-guava.jar (com.google.guava:listenablefuture:9999.0-empty-to-avoid-conflict-with-guava) with IdentityTransform
Transforming failureaccess-1.0.2.jar (com.google.guava:failureaccess:1.0.2) with JetifyTransform
Transforming failureaccess-1.0.2.jar (com.google.guava:failureaccess:1.0.2) with IdentityTransform
Build cache key for task ':android:feature-settings:transformDebugClassesWithAsm' is 17045fed45610e50adce85b9015e7730
Skipping task ':android:feature-settings:transformDebugClassesWithAsm' as it is up-to-date.
Resolve mutations for :android:feature-settings:bundleLibCompileToJarDebug (Thread[Execution worker Thread 2,5,main]) started.
:android:feature-settings:bundleLibCompileToJarDebug (Thread[Execution worker Thread 2,5,main]) started.

> Task :android:feature-settings:bundleLibCompileToJarDebug UP-TO-DATE
Caching disabled for task ':android:feature-settings:bundleLibCompileToJarDebug' because:
  Simple merging task
Skipping task ':android:feature-settings:bundleLibCompileToJarDebug' as it is up-to-date.
work action resolve classes.jar (project :android:feature-settings) (Thread[Execution worker Thread 2,5,main]) started.
Resolve mutations for :android:feature-settings:bundleLibRuntimeToJarDebug (Thread[Execution worker Thread 2,5,main]) started.
:android:feature-settings:bundleLibRuntimeToJarDebug (Thread[Execution worker Thread 2,5,main]) started.

> Task :android:feature-settings:bundleLibRuntimeToJarDebug UP-TO-DATE
Caching disabled for task ':android:feature-settings:bundleLibRuntimeToJarDebug' because:
  Simple merging task
Skipping task ':android:feature-settings:bundleLibRuntimeToJarDebug' as it is up-to-date.
work action resolve classes.jar (project :android:feature-settings) (Thread[Execution worker Thread 2,5,main]) started.
IdentityTransform (Thread[Execution worker,5,main]) started.
Resolve mutations for :android:feature-settings:processDebugJavaRes (Thread[Execution worker Thread 2,5,main]) started.
:android:feature-settings:processDebugJavaRes (Thread[Execution worker Thread 2,5,main]) started.

> Transform classes.jar (project :android:feature-settings) with IdentityTransform
Transforming classes.jar (project :android:feature-settings) with IdentityTransform
CopyTransform (Thread[Execution worker Thread 8,5,main]) started.
DexingNoClasspathTransform (Thread[Execution worker,5,main]) started.

> Transform classes.jar (project :android:feature-settings) with CopyTransform
Transforming classes.jar (project :android:feature-settings) with CopyTransform
AggregatedPackagesTransform (Thread[Execution worker Thread 8,5,main]) started.

> Transform classes.jar (project :android:feature-settings) with DexingNoClasspathTransform
Transforming classes.jar (project :android:feature-settings) with DexingNoClasspathTransform
Build cache key for DexingNoClasspathTransform: C:\Users\xmeta\projects\Mr.Comic\android\feature-settings\build\intermediates\runtime_library_classes_jar\debug\bundleLibRuntimeToJarDebug\classes.jar is 24d714b5f3299fd3ba5e36236ed9920b
Skipping DexingNoClasspathTransform: C:\Users\xmeta\projects\Mr.Comic\android\feature-settings\build\intermediates\runtime_library_classes_jar\debug\bundleLibRuntimeToJarDebug\classes.jar as it is up-to-date.
DexingOutputSplitTransform (Thread[Execution worker,5,main]) started.

> Transform classes.jar (project :android:feature-settings) with AggregatedPackagesTransform
Transforming classes.jar (project :android:feature-settings) with AggregatedPackagesTransform

> Transform classes.jar (project :android:feature-settings) with DexingOutputSplitTransform
Transforming classes.jar (project :android:feature-settings) with DexingOutputSplitTransform

> Task :android:feature-settings:processDebugJavaRes UP-TO-DATE
file or directory 'C:\Users\xmeta\projects\Mr.Comic\android\feature-settings\src\main\resources', not found
file or directory 'C:\Users\xmeta\projects\Mr.Comic\android\feature-settings\src\debug\resources', not found
file or directory 'C:\Users\xmeta\projects\Mr.Comic\android\feature-settings\build\generated\ksp\debug\classes', not found
file or directory 'C:\Users\xmeta\projects\Mr.Comic\android\feature-settings\build\generated\ksp\debug\classes', not found
file or directory 'C:\Users\xmeta\projects\Mr.Comic\android\feature-settings\src\main\resources', not found
file or directory 'C:\Users\xmeta\projects\Mr.Comic\android\feature-settings\src\debug\resources', not found
file or directory 'C:\Users\xmeta\projects\Mr.Comic\android\feature-settings\build\generated\ksp\debug\classes', not found
file or directory 'C:\Users\xmeta\projects\Mr.Comic\android\feature-settings\build\generated\ksp\debug\classes', not found
Caching disabled for task ':android:feature-settings:processDebugJavaRes' because:
  Caching has been disabled for the task
Skipping task ':android:feature-settings:processDebugJavaRes' as it is up-to-date.
work action resolve out (project :android:feature-settings) (Thread[Execution worker Thread 2,5,main]) started.
Resolve mutations for :android:feature-settings:bundleLibRuntimeToDirDebug (Thread[Execution worker Thread 2,5,main]) started.
:android:feature-settings:bundleLibRuntimeToDirDebug (Thread[Execution worker Thread 2,5,main]) started.

> Task :android:feature-settings:bundleLibRuntimeToDirDebug UP-TO-DATE
Caching disabled for task ':android:feature-settings:bundleLibRuntimeToDirDebug' because:
  Simple merging task
Skipping task ':android:feature-settings:bundleLibRuntimeToDirDebug' as it is up-to-date.
work action resolve bundleLibRuntimeToDirDebug (project :android:feature-settings) (Thread[Execution worker Thread 2,5,main]) started.
ClassesDirToClassesTransform (Thread[Execution worker Thread 2,5,main]) started.

> Transform bundleLibRuntimeToDirDebug (project :android:feature-settings) with ClassesDirToClassesTransform
Transforming bundleLibRuntimeToDirDebug (project :android:feature-settings) with ClassesDirToClassesTransform
DexingNoClasspathTransform (Thread[Execution worker Thread 2,5,main]) started.

> Transform bundleLibRuntimeToDirDebug (project :android:feature-settings) with DexingNoClasspathTransform
Transforming bundleLibRuntimeToDirDebug (project :android:feature-settings) with DexingNoClasspathTransform
Build cache key for DexingNoClasspathTransform: C:\Users\xmeta\projects\Mr.Comic\android\feature-settings\build\intermediates\runtime_library_classes_dir\debug\bundleLibRuntimeToDirDebug is 0490b5780276fbd380cede41a3b0aa6a
Skipping DexingNoClasspathTransform: C:\Users\xmeta\projects\Mr.Comic\android\feature-settings\build\intermediates\runtime_library_classes_dir\debug\bundleLibRuntimeToDirDebug as it is up-to-date.
DexingOutputSplitTransform (Thread[Execution worker Thread 2,5,main]) started.

> Transform bundleLibRuntimeToDirDebug (project :android:feature-settings) with DexingOutputSplitTransform
Transforming bundleLibRuntimeToDirDebug (project :android:feature-settings) with DexingOutputSplitTransform

> Task :android:core-domain:kspDebugKotlin
Failed to get resource: HEAD. [HTTP HTTP/1.1 401 Unauthorized: https://jitpack.io/nl/siegmann/epublib/epublib-core/3.1/epublib-core-3.1.pom)]
Transforming material-1.11.0.aar (com.google.android.material:material:1.11.0) with JetifyTransform
Transforming material-1.11.0.aar (com.google.android.material:material:1.11.0) with AarToClassTransform
Transforming constraintlayout-2.0.1.aar (androidx.constraintlayout:constraintlayout:2.0.1) with JetifyTransform
Transforming constraintlayout-2.0.1.aar (androidx.constraintlayout:constraintlayout:2.0.1) with AarToClassTransform
Transforming appcompat-1.6.1.aar (androidx.appcompat:appcompat:1.6.1) with JetifyTransform
Transforming appcompat-1.6.1.aar (androidx.appcompat:appcompat:1.6.1) with AarToClassTransform
Transforming hilt-android-2.51.1.aar (com.google.dagger:hilt-android:2.51.1) with JetifyTransform
Transforming hilt-android-2.51.1.aar (com.google.dagger:hilt-android:2.51.1) with AarToClassTransform
Transforming viewpager2-1.0.0.aar (androidx.viewpager2:viewpager2:1.0.0) with JetifyTransform
Transforming viewpager2-1.0.0.aar (androidx.viewpager2:viewpager2:1.0.0) with AarToClassTransform
Transforming fragment-1.5.1.aar (androidx.fragment:fragment:1.5.1) with JetifyTransform
Transforming fragment-1.5.1.aar (androidx.fragment:fragment:1.5.1) with AarToClassTransform
Transforming fragment-1.5.1.aar (androidx.fragment:fragment:1.5.1) with JetifyTransform
Transforming fragment-1.5.1.aar (androidx.fragment:fragment:1.5.1) with AarToClassTransform
Transforming appcompat-resources-1.6.1.aar (androidx.appcompat:appcompat-resources:1.6.1) with JetifyTransform
Transforming appcompat-resources-1.6.1.aar (androidx.appcompat:appcompat-resources:1.6.1) with AarToClassTransform
Transforming drawerlayout-1.1.1.aar (androidx.drawerlayout:drawerlayout:1.1.1) with JetifyTransform
Transforming drawerlayout-1.1.1.aar (androidx.drawerlayout:drawerlayout:1.1.1) with AarToClassTransform
Transforming coordinatorlayout-1.1.0.aar (androidx.coordinatorlayout:coordinatorlayout:1.1.0) with JetifyTransform
Transforming coordinatorlayout-1.1.0.aar (androidx.coordinatorlayout:coordinatorlayout:1.1.0) with AarToClassTransform
Transforming dynamicanimation-1.0.0.aar (androidx.dynamicanimation:dynamicanimation:1.0.0) with JetifyTransform
Transforming dynamicanimation-1.0.0.aar (androidx.dynamicanimation:dynamicanimation:1.0.0) with AarToClassTransform
Transforming transition-1.2.0.aar (androidx.transition:transition:1.2.0) with JetifyTransform
Transforming transition-1.2.0.aar (androidx.transition:transition:1.2.0) with AarToClassTransform
Transforming vectordrawable-animated-1.1.0.aar (androidx.vectordrawable:vectordrawable-animated:1.1.0) with JetifyTransform
Transforming vectordrawable-animated-1.1.0.aar (androidx.vectordrawable:vectordrawable-animated:1.1.0) with AarToClassTransform
Transforming vectordrawable-1.1.0.aar (androidx.vectordrawable:vectordrawable:1.1.0) with JetifyTransform
Transforming vectordrawable-1.1.0.aar (androidx.vectordrawable:vectordrawable:1.1.0) with AarToClassTransform
Transforming vectordrawable-1.1.0.aar (androidx.vectordrawable:vectordrawable:1.1.0) with JetifyTransform
Transforming vectordrawable-1.1.0.aar (androidx.vectordrawable:vectordrawable:1.1.0) with AarToClassTransform
Transforming viewpager-1.0.0.aar (androidx.viewpager:viewpager:1.0.0) with JetifyTransform
Transforming activity-1.8.0.aar (androidx.activity:activity:1.8.0) with JetifyTransform
Transforming viewpager-1.0.0.aar (androidx.viewpager:viewpager:1.0.0) with AarToClassTransform
Transforming recyclerview-1.1.0.aar (androidx.recyclerview:recyclerview:1.1.0) with JetifyTransform
Transforming customview-1.1.0.aar (androidx.customview:customview:1.1.0) with JetifyTransform
Transforming customview-1.1.0.aar (androidx.customview:customview:1.1.0) with AarToClassTransform
Transforming customview-1.1.0.aar (androidx.customview:customview:1.1.0) with JetifyTransform
Transforming customview-1.1.0.aar (androidx.customview:customview:1.1.0) with AarToClassTransform
Transforming customview-1.1.0.aar (androidx.customview:customview:1.1.0) with JetifyTransform
Transforming customview-1.1.0.aar (androidx.customview:customview:1.1.0) with AarToClassTransform
Transforming customview-1.1.0.aar (androidx.customview:customview:1.1.0) with JetifyTransform
Transforming customview-1.1.0.aar (androidx.customview:customview:1.1.0) with AarToClassTransform
Transforming recyclerview-1.1.0.aar (androidx.recyclerview:recyclerview:1.1.0) with JetifyTransform
Transforming legacy-support-core-utils-1.0.0.aar (androidx.legacy:legacy-support-core-utils:1.0.0) with JetifyTransform
Transforming legacy-support-core-utils-1.0.0.aar (androidx.legacy:legacy-support-core-utils:1.0.0) with AarToClassTransform
Transforming loader-1.0.0.aar (androidx.loader:loader:1.0.0) with JetifyTransform
Transforming loader-1.0.0.aar (androidx.loader:loader:1.0.0) with AarToClassTransform
Transforming loader-1.0.0.aar (androidx.loader:loader:1.0.0) with JetifyTransform
Transforming loader-1.0.0.aar (androidx.loader:loader:1.0.0) with AarToClassTransform
Transforming core-1.12.0.aar (androidx.core:core:1.12.0) with JetifyTransform
Transforming core-1.12.0.aar (androidx.core:core:1.12.0) with AarToClassTransform
Transforming core-1.12.0.aar (androidx.core:core:1.12.0) with JetifyTransform
Transforming core-1.12.0.aar (androidx.core:core:1.12.0) with AarToClassTransform
Transforming lifecycle-livedata-core-2.6.1.aar (androidx.lifecycle:lifecycle-livedata-core:2.6.1) with JetifyTransform
Transforming lifecycle-livedata-core-2.6.1.aar (androidx.lifecycle:lifecycle-livedata-core:2.6.1) with AarToClassTransform
Transforming lifecycle-viewmodel-2.6.1.aar (androidx.lifecycle:lifecycle-viewmodel:2.6.1) with JetifyTransform
Transforming lifecycle-viewmodel-2.6.1.aar (androidx.lifecycle:lifecycle-viewmodel:2.6.1) with AarToClassTransform
Transforming lifecycle-common-2.6.1.jar (androidx.lifecycle:lifecycle-common:2.6.1) with JetifyTransform
Transforming lifecycle-common-2.6.1.jar (androidx.lifecycle:lifecycle-common:2.6.1) with IdentityTransform
Transforming lifecycle-runtime-2.6.1.aar (androidx.lifecycle:lifecycle-runtime:2.6.1) with JetifyTransform
Transforming lifecycle-runtime-2.6.1.aar (androidx.lifecycle:lifecycle-runtime:2.6.1) with AarToClassTransform
Transforming lifecycle-viewmodel-savedstate-2.6.1.aar (androidx.lifecycle:lifecycle-viewmodel-savedstate:2.6.1) with JetifyTransform
Transforming lifecycle-viewmodel-savedstate-2.6.1.aar (androidx.lifecycle:lifecycle-viewmodel-savedstate:2.6.1) with AarToClassTransform
Transforming core-ktx-1.12.0.aar (androidx.core:core-ktx:1.12.0) with JetifyTransform
Transforming core-ktx-1.12.0.aar (androidx.core:core-ktx:1.12.0) with AarToClassTransform
Transforming savedstate-1.2.1.aar (androidx.savedstate:savedstate:1.2.1) with JetifyTransform
Transforming savedstate-1.2.1.aar (androidx.savedstate:savedstate:1.2.1) with AarToClassTransform
Transforming annotation-experimental-1.4.1.aar (androidx.annotation:annotation-experimental:1.4.1) with JetifyTransform
Transforming annotation-experimental-1.4.1.aar (androidx.annotation:annotation-experimental:1.4.1) with AarToClassTransform
Transforming cursoradapter-1.0.0.aar (androidx.cursoradapter:cursoradapter:1.0.0) with JetifyTransform
Transforming cursoradapter-1.0.0.aar (androidx.cursoradapter:cursoradapter:1.0.0) with AarToClassTransform
Transforming cardview-1.0.0.aar (androidx.cardview:cardview:1.0.0) with JetifyTransform
Transforming cardview-1.0.0.aar (androidx.cardview:cardview:1.0.0) with AarToClassTransform
Transforming versionedparcelable-1.1.1.aar (androidx.versionedparcelable:versionedparcelable:1.1.1) with JetifyTransform
Transforming versionedparcelable-1.1.1.aar (androidx.versionedparcelable:versionedparcelable:1.1.1) with AarToClassTransform
Transforming core-runtime-2.2.0.aar (androidx.arch.core:core-runtime:2.2.0) with JetifyTransform
Transforming core-runtime-2.2.0.aar (androidx.arch.core:core-runtime:2.2.0) with AarToClassTransform
Transforming core-common-2.2.0.jar (androidx.arch.core:core-common:2.2.0) with JetifyTransform
Transforming core-common-2.2.0.jar (androidx.arch.core:core-common:2.2.0) with IdentityTransform
Transforming interpolator-1.0.0.aar (androidx.interpolator:interpolator:1.0.0) with JetifyTransform
Transforming interpolator-1.0.0.aar (androidx.interpolator:interpolator:1.0.0) with AarToClassTransform
Transforming collection-jvm-1.4.2.jar (androidx.collection:collection-jvm:1.4.2) with JetifyTransform
Transforming collection-jvm-1.4.2.jar (androidx.collection:collection-jvm:1.4.2) with IdentityTransform
Transforming documentfile-1.0.1.aar (androidx.documentfile:documentfile:1.0.1) with JetifyTransform
Transforming documentfile-1.0.1.aar (androidx.documentfile:documentfile:1.0.1) with AarToClassTransform
Transforming localbroadcastmanager-1.0.0.aar (androidx.localbroadcastmanager:localbroadcastmanager:1.0.0) with JetifyTransform
Transforming localbroadcastmanager-1.0.0.aar (androidx.localbroadcastmanager:localbroadcastmanager:1.0.0) with AarToClassTransform
Transforming print-1.0.0.aar (androidx.print:print:1.0.0) with JetifyTransform
Transforming print-1.0.0.aar (androidx.print:print:1.0.0) with AarToClassTransform
Transforming annotation-jvm-1.9.1.jar (androidx.annotation:annotation-jvm:1.9.1) with JetifyTransform
Transforming annotation-jvm-1.9.1.jar (androidx.annotation:annotation-jvm:1.9.1) with IdentityTransform
Transforming kotlinx-coroutines-core-jvm-1.8.0.jar (org.jetbrains.kotlinx:kotlinx-coroutines-core-jvm:1.8.0) with JetifyTransform
Transforming kotlinx-coroutines-core-jvm-1.8.0.jar (org.jetbrains.kotlinx:kotlinx-coroutines-core-jvm:1.8.0) with IdentityTransform
Transforming kotlinx-coroutines-android-1.8.0.jar (org.jetbrains.kotlinx:kotlinx-coroutines-android:1.8.0) with JetifyTransform
Transforming kotlinx-coroutines-android-1.8.0.jar (org.jetbrains.kotlinx:kotlinx-coroutines-android:1.8.0) with IdentityTransform
Transforming recyclerview-1.1.0.aar (androidx.recyclerview:recyclerview:1.1.0) with AarToClassTransform
Transforming kotlin-stdlib-1.9.25.jar (org.jetbrains.kotlin:kotlin-stdlib:1.9.25) with JetifyTransform
Transforming activity-1.8.0.aar (androidx.activity:activity:1.8.0) with AarToClassTransform
Transforming kotlin-stdlib-1.9.25.jar (org.jetbrains.kotlin:kotlin-stdlib:1.9.25) with IdentityTransform
Transforming annotations-23.0.0.jar (org.jetbrains:annotations:23.0.0) with JetifyTransform
Transforming recyclerview-1.1.0.aar (androidx.recyclerview:recyclerview:1.1.0) with AarToClassTransform
Transforming lifecycle-livedata-2.6.1.aar (androidx.lifecycle:lifecycle-livedata:2.6.1) with JetifyTransform
Transforming annotations-23.0.0.jar (org.jetbrains:annotations:23.0.0) with IdentityTransform
Transforming hilt-core-2.51.1.jar (com.google.dagger:hilt-core:2.51.1) with JetifyTransform
Transforming hilt-core-2.51.1.jar (com.google.dagger:hilt-core:2.51.1) with IdentityTransform
Transforming dagger-2.51.1.jar (com.google.dagger:dagger:2.51.1) with JetifyTransform
Transforming dagger-2.51.1.jar (com.google.dagger:dagger:2.51.1) with IdentityTransform
Transforming lifecycle-viewmodel-2.6.1.aar (androidx.lifecycle:lifecycle-viewmodel:2.6.1) with JetifyTransform
Transforming javax.inject-1.jar (javax.inject:javax.inject:1) with JetifyTransform
Transforming lifecycle-viewmodel-2.6.1.aar (androidx.lifecycle:lifecycle-viewmodel:2.6.1) with AarToClassTransform
Transforming javax.inject-1.jar (javax.inject:javax.inject:1) with IdentityTransform
Transforming dagger-lint-aar-2.51.1.aar (com.google.dagger:dagger-lint-aar:2.51.1) with JetifyTransform
Transforming dagger-lint-aar-2.51.1.aar (com.google.dagger:dagger-lint-aar:2.51.1) with AarToClassTransform
Transforming jsr305-3.0.2.jar (com.google.code.findbugs:jsr305:3.0.2) with JetifyTransform
Transforming jsr305-3.0.2.jar (com.google.code.findbugs:jsr305:3.0.2) with IdentityTransform
Transforming resourceinspection-annotation-1.0.1.jar (androidx.resourceinspection:resourceinspection-annotation:1.0.1) with JetifyTransform
Transforming resourceinspection-annotation-1.0.1.jar (androidx.resourceinspection:resourceinspection-annotation:1.0.1) with IdentityTransform
Transforming constraintlayout-solver-2.0.1.jar (androidx.constraintlayout:constraintlayout-solver:2.0.1) with JetifyTransform
Transforming constraintlayout-solver-2.0.1.jar (androidx.constraintlayout:constraintlayout-solver:2.0.1) with IdentityTransform
Transforming lifecycle-livedata-2.6.1.aar (androidx.lifecycle:lifecycle-livedata:2.6.1) with AarToClassTransform
Transforming R.jar with ClasspathEntrySnapshotTransform
Transforming classes.jar with ClasspathEntrySnapshotTransform
Transforming classes.jar with ClasspathEntrySnapshotTransform
Transforming classes.jar with ClasspathEntrySnapshotTransform
Transforming material-1.11.0-api.jar with ClasspathEntrySnapshotTransform
Transforming constraintlayout-2.0.1-api.jar with ClasspathEntrySnapshotTransform
Transforming appcompat-1.6.1-api.jar with ClasspathEntrySnapshotTransform
Transforming jetified-hilt-android-2.51.1-api.jar with ClasspathEntrySnapshotTransform
Transforming jetified-viewpager2-1.0.0-api.jar with ClasspathEntrySnapshotTransform
Transforming fragment-1.5.1-api.jar with ClasspathEntrySnapshotTransform
Transforming jetified-activity-1.8.0-api.jar with ClasspathEntrySnapshotTransform
Transforming jetified-appcompat-resources-1.6.1-api.jar with ClasspathEntrySnapshotTransform
Transforming drawerlayout-1.1.1-api.jar with ClasspathEntrySnapshotTransform
Transforming coordinatorlayout-1.1.0-api.jar with ClasspathEntrySnapshotTransform
Transforming dynamicanimation-1.0.0-api.jar with ClasspathEntrySnapshotTransform
Transforming recyclerview-1.1.0-api.jar with ClasspathEntrySnapshotTransform
Transforming transition-1.2.0-api.jar with ClasspathEntrySnapshotTransform
Transforming vectordrawable-animated-1.1.0-api.jar with ClasspathEntrySnapshotTransform
Transforming vectordrawable-1.1.0-api.jar with ClasspathEntrySnapshotTransform
Transforming viewpager-1.0.0-api.jar with ClasspathEntrySnapshotTransform
Transforming customview-1.1.0-api.jar with ClasspathEntrySnapshotTransform
Transforming legacy-support-core-utils-1.0.0-api.jar with ClasspathEntrySnapshotTransform
Transforming loader-1.0.0-api.jar with ClasspathEntrySnapshotTransform
Transforming core-1.12.0-api.jar with ClasspathEntrySnapshotTransform
Transforming lifecycle-livedata-2.6.1-api.jar with ClasspathEntrySnapshotTransform
Transforming lifecycle-livedata-core-2.6.1-api.jar with ClasspathEntrySnapshotTransform
Transforming lifecycle-viewmodel-2.6.1-api.jar with ClasspathEntrySnapshotTransform
Transforming lifecycle-common-2.6.1.jar with ClasspathEntrySnapshotTransform
Transforming lifecycle-runtime-2.6.1-api.jar with ClasspathEntrySnapshotTransform
Transforming jetified-lifecycle-viewmodel-savedstate-2.6.1-api.jar with ClasspathEntrySnapshotTransform
Transforming jetified-core-ktx-1.12.0-api.jar with ClasspathEntrySnapshotTransform
Transforming jetified-savedstate-1.2.1-api.jar with ClasspathEntrySnapshotTransform
Transforming jetified-annotation-experimental-1.4.1-api.jar with ClasspathEntrySnapshotTransform
Transforming cursoradapter-1.0.0-api.jar with ClasspathEntrySnapshotTransform
Transforming cardview-1.0.0-api.jar with ClasspathEntrySnapshotTransform
Transforming versionedparcelable-1.1.1-api.jar with ClasspathEntrySnapshotTransform
Transforming core-runtime-2.2.0-api.jar with ClasspathEntrySnapshotTransform
Transforming core-common-2.2.0.jar with ClasspathEntrySnapshotTransform
Transforming interpolator-1.0.0-api.jar with ClasspathEntrySnapshotTransform
Transforming jetified-collection-jvm-1.4.2.jar with ClasspathEntrySnapshotTransform
Transforming documentfile-1.0.1-api.jar with ClasspathEntrySnapshotTransform
Transforming localbroadcastmanager-1.0.0-api.jar with ClasspathEntrySnapshotTransform
Transforming print-1.0.0-api.jar with ClasspathEntrySnapshotTransform
Transforming jetified-annotation-jvm-1.9.1.jar with ClasspathEntrySnapshotTransform
Transforming jetified-kotlinx-coroutines-core-jvm-1.8.0.jar with ClasspathEntrySnapshotTransform
Transforming jetified-kotlinx-coroutines-android-1.8.0.jar with ClasspathEntrySnapshotTransform
Transforming jetified-kotlin-stdlib-1.9.25.jar with ClasspathEntrySnapshotTransform
Transforming jetified-annotations-23.0.0.jar with ClasspathEntrySnapshotTransform
Transforming jetified-hilt-core-2.51.1.jar with ClasspathEntrySnapshotTransform
Transforming jetified-dagger-2.51.1.jar with ClasspathEntrySnapshotTransform
Transforming jetified-javax.inject-1.jar with ClasspathEntrySnapshotTransform
Transforming jetified-dagger-lint-aar-2.51.1-api.jar with ClasspathEntrySnapshotTransform
Transforming jetified-jsr305-3.0.2.jar with ClasspathEntrySnapshotTransform
Transforming jetified-resourceinspection-annotation-1.0.1.jar with ClasspathEntrySnapshotTransform
Transforming constraintlayout-solver-2.0.1.jar with ClasspathEntrySnapshotTransform
Transforming android.jar with ClasspathEntrySnapshotTransform
Transforming core-lambda-stubs.jar with ClasspathEntrySnapshotTransform
file or directory 'C:\Users\xmeta\projects\Mr.Comic\android\core-domain\src\debug\kotlin', not found
file or directory 'C:\Users\xmeta\projects\Mr.Comic\android\core-domain\src\debug\java', not found
file or directory 'C:\Users\xmeta\projects\Mr.Comic\android\core-domain\src\main\kotlin', not found
file or directory 'C:\Users\xmeta\projects\Mr.Comic\android\core-domain\src\debug\java', not found
Build cache key for task ':android:core-domain:kspDebugKotlin' is 9632bcc22d35555e281c18b04997958b
Skipping task ':android:core-domain:kspDebugKotlin' as it is up-to-date.

> Task :android:core-domain:kspDebugKotlin UP-TO-DATE
Resolve mutations for :android:core-domain:compileDebugKotlin (Thread[Execution worker Thread 4,5,main]) started.
:android:core-domain:compileDebugKotlin (Thread[Execution worker Thread 4,5,main]) started.

> Task :android:core-domain:compileDebugKotlin UP-TO-DATE
Transforming R.jar with ClasspathEntrySnapshotTransform
Transforming classes.jar with ClasspathEntrySnapshotTransform
Transforming classes.jar with ClasspathEntrySnapshotTransform
Transforming classes.jar with ClasspathEntrySnapshotTransform
Transforming material-1.11.0-api.jar with ClasspathEntrySnapshotTransform
Transforming constraintlayout-2.0.1-api.jar with ClasspathEntrySnapshotTransform
Transforming appcompat-1.6.1-api.jar with ClasspathEntrySnapshotTransform
Transforming jetified-hilt-android-2.51.1-api.jar with ClasspathEntrySnapshotTransform
Transforming jetified-viewpager2-1.0.0-api.jar with ClasspathEntrySnapshotTransform
Transforming fragment-1.5.1-api.jar with ClasspathEntrySnapshotTransform
Transforming jetified-activity-1.8.0-api.jar with ClasspathEntrySnapshotTransform
Transforming jetified-appcompat-resources-1.6.1-api.jar with ClasspathEntrySnapshotTransform
Transforming drawerlayout-1.1.1-api.jar with ClasspathEntrySnapshotTransform
Transforming coordinatorlayout-1.1.0-api.jar with ClasspathEntrySnapshotTransform
Transforming dynamicanimation-1.0.0-api.jar with ClasspathEntrySnapshotTransform
Transforming recyclerview-1.1.0-api.jar with ClasspathEntrySnapshotTransform
Transforming transition-1.2.0-api.jar with ClasspathEntrySnapshotTransform
Transforming vectordrawable-animated-1.1.0-api.jar with ClasspathEntrySnapshotTransform
Transforming vectordrawable-1.1.0-api.jar with ClasspathEntrySnapshotTransform
Transforming viewpager-1.0.0-api.jar with ClasspathEntrySnapshotTransform
Transforming customview-1.1.0-api.jar with ClasspathEntrySnapshotTransform
Transforming legacy-support-core-utils-1.0.0-api.jar with ClasspathEntrySnapshotTransform
Transforming loader-1.0.0-api.jar with ClasspathEntrySnapshotTransform
Transforming core-1.12.0-api.jar with ClasspathEntrySnapshotTransform
Transforming lifecycle-livedata-2.6.1-api.jar with ClasspathEntrySnapshotTransform
Transforming lifecycle-livedata-core-2.6.1-api.jar with ClasspathEntrySnapshotTransform
Transforming lifecycle-viewmodel-2.6.1-api.jar with ClasspathEntrySnapshotTransform
Transforming lifecycle-common-2.6.1.jar with ClasspathEntrySnapshotTransform
Transforming lifecycle-runtime-2.6.1-api.jar with ClasspathEntrySnapshotTransform
Transforming jetified-lifecycle-viewmodel-savedstate-2.6.1-api.jar with ClasspathEntrySnapshotTransform
Transforming jetified-core-ktx-1.12.0-api.jar with ClasspathEntrySnapshotTransform
Transforming jetified-savedstate-1.2.1-api.jar with ClasspathEntrySnapshotTransform
Transforming jetified-annotation-experimental-1.4.1-api.jar with ClasspathEntrySnapshotTransform
Transforming cursoradapter-1.0.0-api.jar with ClasspathEntrySnapshotTransform
Transforming cardview-1.0.0-api.jar with ClasspathEntrySnapshotTransform
Transforming versionedparcelable-1.1.1-api.jar with ClasspathEntrySnapshotTransform
Transforming core-runtime-2.2.0-api.jar with ClasspathEntrySnapshotTransform
Transforming core-common-2.2.0.jar with ClasspathEntrySnapshotTransform
Transforming interpolator-1.0.0-api.jar with ClasspathEntrySnapshotTransform
Transforming jetified-collection-jvm-1.4.2.jar with ClasspathEntrySnapshotTransform
Transforming documentfile-1.0.1-api.jar with ClasspathEntrySnapshotTransform
Transforming localbroadcastmanager-1.0.0-api.jar with ClasspathEntrySnapshotTransform
Transforming print-1.0.0-api.jar with ClasspathEntrySnapshotTransform
Transforming jetified-annotation-jvm-1.9.1.jar with ClasspathEntrySnapshotTransform
Transforming jetified-kotlinx-coroutines-core-jvm-1.8.0.jar with ClasspathEntrySnapshotTransform
Transforming jetified-kotlinx-coroutines-android-1.8.0.jar with ClasspathEntrySnapshotTransform
Transforming jetified-kotlin-stdlib-1.9.25.jar with ClasspathEntrySnapshotTransform
Transforming jetified-annotations-23.0.0.jar with ClasspathEntrySnapshotTransform
Transforming jetified-hilt-core-2.51.1.jar with ClasspathEntrySnapshotTransform
Transforming jetified-dagger-2.51.1.jar with ClasspathEntrySnapshotTransform
Transforming jetified-javax.inject-1.jar with ClasspathEntrySnapshotTransform
Transforming jetified-dagger-lint-aar-2.51.1-api.jar with ClasspathEntrySnapshotTransform
Transforming jetified-jsr305-3.0.2.jar with ClasspathEntrySnapshotTransform
Transforming jetified-resourceinspection-annotation-1.0.1.jar with ClasspathEntrySnapshotTransform
Transforming constraintlayout-solver-2.0.1.jar with ClasspathEntrySnapshotTransform
Transforming android.jar with ClasspathEntrySnapshotTransform
Transforming core-lambda-stubs.jar with ClasspathEntrySnapshotTransform
Build cache key for task ':android:core-domain:compileDebugKotlin' is 2d492664eeb2144c4d2e3151f9a6629f
Skipping task ':android:core-domain:compileDebugKotlin' as it is up-to-date.
Resolve mutations for :android:core-domain:compileDebugJavaWithJavac (Thread[Execution worker Thread 4,5,main]) started.
:android:core-domain:compileDebugJavaWithJavac (Thread[Execution worker Thread 4,5,main]) started.

> Task :android:core-domain:compileDebugJavaWithJavac UP-TO-DATE
file or directory 'C:\Users\xmeta\projects\Mr.Comic\android\core-domain\build\generated\ksp\debug\classes', not found
Transforming core-for-system-modules.jar with JdkImageTransform
Transforming core-for-system-modules.jar with JdkImageTransform
Transforming core-for-system-modules.jar with JdkImageTransform
Transforming core-for-system-modules.jar with JdkImageTransform
file or directory 'C:\Users\xmeta\projects\Mr.Comic\android\core-domain\build\generated\ksp\debug\classes', not found
Transforming core-for-system-modules.jar with JdkImageTransform
Transforming core-for-system-modules.jar with JdkImageTransform
Custom actions are attached to task ':android:core-domain:compileDebugJavaWithJavac'.
Build cache key for task ':android:core-domain:compileDebugJavaWithJavac' is aa2cd99d2e8cf72d2ea1e146198c65bc
Skipping task ':android:core-domain:compileDebugJavaWithJavac' as it is up-to-date.
No compile result for :android:core-domain:compileDebugJavaWithJavac
No compile result for :android:core-domain:compileDebugJavaWithJavac
Resolve mutations for :android:core-domain:transformDebugClassesWithAsm (Thread[Execution worker Thread 4,5,main]) started.
:android:core-domain:transformDebugClassesWithAsm (Thread[Execution worker Thread 4,5,main]) started.

> Task :android:core-domain:transformDebugClassesWithAsm UP-TO-DATE
file or directory 'C:\Users\xmeta\projects\Mr.Comic\android\core-domain\build\generated\ksp\debug\classes', not found
file or directory 'C:\Users\xmeta\projects\Mr.Comic\android\core-domain\build\generated\ksp\debug\classes', not found
Transforming material-1.11.0.aar (com.google.android.material:material:1.11.0) with JetifyTransform
Transforming material-1.11.0.aar (com.google.android.material:material:1.11.0) with AarToClassTransform
Transforming appcompat-resources-1.6.1.aar (androidx.appcompat:appcompat-resources:1.6.1) with JetifyTransform
Transforming appcompat-resources-1.6.1.aar (androidx.appcompat:appcompat-resources:1.6.1) with AarToClassTransform
Transforming constraintlayout-2.0.1.aar (androidx.constraintlayout:constraintlayout:2.0.1) with JetifyTransform
Transforming constraintlayout-2.0.1.aar (androidx.constraintlayout:constraintlayout:2.0.1) with AarToClassTransform
Transforming appcompat-1.6.1.aar (androidx.appcompat:appcompat:1.6.1) with JetifyTransform
Transforming appcompat-1.6.1.aar (androidx.appcompat:appcompat:1.6.1) with AarToClassTransform
Transforming hilt-work-1.2.0.aar (androidx.hilt:hilt-work:1.2.0) with JetifyTransform
Transforming hilt-work-1.2.0.aar (androidx.hilt:hilt-work:1.2.0) with AarToClassTransform
Transforming hilt-android-2.51.1.aar (com.google.dagger:hilt-android:2.51.1) with JetifyTransform
Transforming hilt-android-2.51.1.aar (com.google.dagger:hilt-android:2.51.1) with AarToClassTransform
Transforming room-common-jvm-2.7.2.jar (androidx.room:room-common-jvm:2.7.2) with JetifyTransform
Transforming room-common-jvm-2.7.2.jar (androidx.room:room-common-jvm:2.7.2) with IdentityTransform
Transforming room-runtime-release.aar (androidx.room:room-runtime-android:2.7.2) with JetifyTransform
Transforming room-runtime-release.aar (androidx.room:room-runtime-android:2.7.2) with AarToClassTransform
Transforming work-runtime-ktx-2.9.0.aar (androidx.work:work-runtime-ktx:2.9.0) with JetifyTransform
Transforming work-runtime-ktx-2.9.0.aar (androidx.work:work-runtime-ktx:2.9.0) with AarToClassTransform
Transforming work-runtime-2.9.0.aar (androidx.work:work-runtime:2.9.0) with JetifyTransform
Transforming work-runtime-2.9.0.aar (androidx.work:work-runtime:2.9.0) with AarToClassTransform
Transforming room-ktx-2.7.2.aar (androidx.room:room-ktx:2.7.2) with JetifyTransform
Transforming room-ktx-2.7.2.aar (androidx.room:room-ktx:2.7.2) with AarToClassTransform
Transforming datastore-preferences-external-protobuf-1.1.7.jar (androidx.datastore:datastore-preferences-external-protobuf:1.1.7) with JetifyTransform
Transforming datastore-preferences-external-protobuf-1.1.7.jar (androidx.datastore:datastore-preferences-external-protobuf:1.1.7) with IdentityTransform
Transforming datastore-core-okio-jvm-1.1.7.jar (androidx.datastore:datastore-core-okio-jvm:1.1.7) with JetifyTransform
Transforming datastore-core-okio-jvm-1.1.7.jar (androidx.datastore:datastore-core-okio-jvm:1.1.7) with IdentityTransform
Transforming datastore-core-release.aar (androidx.datastore:datastore-core-android:1.1.7) with JetifyTransform
Transforming datastore-core-release.aar (androidx.datastore:datastore-core-android:1.1.7) with AarToClassTransform
Transforming datastore-preferences-proto-1.1.7.jar (androidx.datastore:datastore-preferences-proto:1.1.7) with JetifyTransform
Transforming datastore-preferences-proto-1.1.7.jar (androidx.datastore:datastore-preferences-proto:1.1.7) with IdentityTransform
Transforming datastore-preferences-core-release.aar (androidx.datastore:datastore-preferences-core-android:1.1.7) with JetifyTransform
Transforming datastore-preferences-core-release.aar (androidx.datastore:datastore-preferences-core-android:1.1.7) with AarToClassTransform
Transforming datastore-release.aar (androidx.datastore:datastore-android:1.1.7) with JetifyTransform
Transforming datastore-release.aar (androidx.datastore:datastore-android:1.1.7) with AarToClassTransform
Transforming datastore-preferences-release.aar (androidx.datastore:datastore-preferences-android:1.1.7) with JetifyTransform
Transforming datastore-preferences-release.aar (androidx.datastore:datastore-preferences-android:1.1.7) with AarToClassTransform
Transforming kotlinx-coroutines-core-jvm-1.8.0.jar (org.jetbrains.kotlinx:kotlinx-coroutines-core-jvm:1.8.0) with JetifyTransform
Transforming kotlinx-coroutines-core-jvm-1.8.0.jar (org.jetbrains.kotlinx:kotlinx-coroutines-core-jvm:1.8.0) with IdentityTransform
Transforming viewpager2-1.0.0.aar (androidx.viewpager2:viewpager2:1.0.0) with JetifyTransform
Transforming viewpager2-1.0.0.aar (androidx.viewpager2:viewpager2:1.0.0) with AarToClassTransform
Transforming pdfium-android-1.9.0.aar (com.github.barteksc:pdfium-android:1.9.0) with JetifyTransform
Transforming pdfium-android-1.9.0.aar (com.github.barteksc:pdfium-android:1.9.0) with AarToClassTransform
Transforming legacy-support-v4-1.0.0.aar (androidx.legacy:legacy-support-v4:1.0.0) with JetifyTransform
Transforming legacy-support-v4-1.0.0.aar (androidx.legacy:legacy-support-v4:1.0.0) with AarToClassTransform
Transforming fragment-1.5.1.aar (androidx.fragment:fragment:1.5.1) with JetifyTransform
Transforming fragment-1.5.1.aar (androidx.fragment:fragment:1.5.1) with AarToClassTransform
Transforming fragment-1.5.1.aar (androidx.fragment:fragment:1.5.1) with JetifyTransform
Transforming fragment-1.5.1.aar (androidx.fragment:fragment:1.5.1) with AarToClassTransform
Transforming activity-1.8.0.aar (androidx.activity:activity:1.8.0) with JetifyTransform
Transforming activity-1.8.0.aar (androidx.activity:activity:1.8.0) with AarToClassTransform
Transforming core-ktx-1.12.0.aar (androidx.core:core-ktx:1.12.0) with JetifyTransform
Transforming core-ktx-1.12.0.aar (androidx.core:core-ktx:1.12.0) with AarToClassTransform
Transforming emoji2-views-helper-1.2.0.aar (androidx.emoji2:emoji2-views-helper:1.2.0) with JetifyTransform
Transforming emoji2-views-helper-1.2.0.aar (androidx.emoji2:emoji2-views-helper:1.2.0) with AarToClassTransform
Transforming emoji2-1.2.0.aar (androidx.emoji2:emoji2:1.2.0) with JetifyTransform
Transforming emoji2-1.2.0.aar (androidx.emoji2:emoji2:1.2.0) with AarToClassTransform
Transforming legacy-support-core-ui-1.0.0.aar (androidx.legacy:legacy-support-core-ui:1.0.0) with JetifyTransform
Transforming legacy-support-core-ui-1.0.0.aar (androidx.legacy:legacy-support-core-ui:1.0.0) with AarToClassTransform
Transforming drawerlayout-1.1.1.aar (androidx.drawerlayout:drawerlayout:1.1.1) with JetifyTransform
Transforming drawerlayout-1.1.1.aar (androidx.drawerlayout:drawerlayout:1.1.1) with AarToClassTransform
Transforming drawerlayout-1.1.1.aar (androidx.drawerlayout:drawerlayout:1.1.1) with JetifyTransform
Transforming drawerlayout-1.1.1.aar (androidx.drawerlayout:drawerlayout:1.1.1) with AarToClassTransform
Transforming coordinatorlayout-1.1.0.aar (androidx.coordinatorlayout:coordinatorlayout:1.1.0) with JetifyTransform
Transforming coordinatorlayout-1.1.0.aar (androidx.coordinatorlayout:coordinatorlayout:1.1.0) with AarToClassTransform
Transforming coordinatorlayout-1.1.0.aar (androidx.coordinatorlayout:coordinatorlayout:1.1.0) with JetifyTransform
Transforming coordinatorlayout-1.1.0.aar (androidx.coordinatorlayout:coordinatorlayout:1.1.0) with AarToClassTransform
Transforming dynamicanimation-1.0.0.aar (androidx.dynamicanimation:dynamicanimation:1.0.0) with JetifyTransform
Transforming dynamicanimation-1.0.0.aar (androidx.dynamicanimation:dynamicanimation:1.0.0) with AarToClassTransform
Transforming transition-1.2.0.aar (androidx.transition:transition:1.2.0) with JetifyTransform
Transforming transition-1.2.0.aar (androidx.transition:transition:1.2.0) with AarToClassTransform
Transforming vectordrawable-animated-1.1.0.aar (androidx.vectordrawable:vectordrawable-animated:1.1.0) with JetifyTransform
Transforming vectordrawable-animated-1.1.0.aar (androidx.vectordrawable:vectordrawable-animated:1.1.0) with AarToClassTransform
Transforming vectordrawable-1.1.0.aar (androidx.vectordrawable:vectordrawable:1.1.0) with JetifyTransform
Transforming vectordrawable-1.1.0.aar (androidx.vectordrawable:vectordrawable:1.1.0) with AarToClassTransform
Transforming vectordrawable-1.1.0.aar (androidx.vectordrawable:vectordrawable:1.1.0) with JetifyTransform
Transforming vectordrawable-1.1.0.aar (androidx.vectordrawable:vectordrawable:1.1.0) with AarToClassTransform
Transforming recyclerview-1.1.0.aar (androidx.recyclerview:recyclerview:1.1.0) with JetifyTransform
Transforming recyclerview-1.1.0.aar (androidx.recyclerview:recyclerview:1.1.0) with AarToClassTransform
Transforming recyclerview-1.1.0.aar (androidx.recyclerview:recyclerview:1.1.0) with JetifyTransform
Transforming recyclerview-1.1.0.aar (androidx.recyclerview:recyclerview:1.1.0) with AarToClassTransform
Transforming viewpager-1.0.0.aar (androidx.viewpager:viewpager:1.0.0) with JetifyTransform
Transforming viewpager-1.0.0.aar (androidx.viewpager:viewpager:1.0.0) with AarToClassTransform
Transforming viewpager-1.0.0.aar (androidx.viewpager:viewpager:1.0.0) with JetifyTransform
Transforming viewpager-1.0.0.aar (androidx.viewpager:viewpager:1.0.0) with AarToClassTransform
Transforming slidingpanelayout-1.0.0.aar (androidx.slidingpanelayout:slidingpanelayout:1.0.0) with JetifyTransform
Transforming slidingpanelayout-1.0.0.aar (androidx.slidingpanelayout:slidingpanelayout:1.0.0) with AarToClassTransform
Transforming customview-1.1.0.aar (androidx.customview:customview:1.1.0) with JetifyTransform
Transforming customview-1.1.0.aar (androidx.customview:customview:1.1.0) with AarToClassTransform
Transforming legacy-support-core-utils-1.0.0.aar (androidx.legacy:legacy-support-core-utils:1.0.0) with JetifyTransform
Transforming legacy-support-core-utils-1.0.0.aar (androidx.legacy:legacy-support-core-utils:1.0.0) with AarToClassTransform
Transforming loader-1.0.0.aar (androidx.loader:loader:1.0.0) with JetifyTransform
Transforming loader-1.0.0.aar (androidx.loader:loader:1.0.0) with AarToClassTransform
Transforming loader-1.0.0.aar (androidx.loader:loader:1.0.0) with JetifyTransform
Transforming loader-1.0.0.aar (androidx.loader:loader:1.0.0) with AarToClassTransform
Transforming media-1.0.0.aar (androidx.media:media:1.0.0) with JetifyTransform
Transforming media-1.0.0.aar (androidx.media:media:1.0.0) with AarToClassTransform
Transforming swiperefreshlayout-1.0.0.aar (androidx.swiperefreshlayout:swiperefreshlayout:1.0.0) with JetifyTransform
Transforming swiperefreshlayout-1.0.0.aar (androidx.swiperefreshlayout:swiperefreshlayout:1.0.0) with AarToClassTransform
Transforming asynclayoutinflater-1.0.0.aar (androidx.asynclayoutinflater:asynclayoutinflater:1.0.0) with JetifyTransform
Transforming asynclayoutinflater-1.0.0.aar (androidx.asynclayoutinflater:asynclayoutinflater:1.0.0) with AarToClassTransform
Transforming core-1.12.0.aar (androidx.core:core:1.12.0) with JetifyTransform
Transforming core-1.12.0.aar (androidx.core:core:1.12.0) with AarToClassTransform
Transforming core-1.12.0.aar (androidx.core:core:1.12.0) with JetifyTransform
Transforming core-1.12.0.aar (androidx.core:core:1.12.0) with AarToClassTransform
Transforming savedstate-1.2.1.aar (androidx.savedstate:savedstate:1.2.1) with JetifyTransform
Transforming savedstate-1.2.1.aar (androidx.savedstate:savedstate:1.2.1) with AarToClassTransform
Transforming lifecycle-livedata-core-2.6.1.aar (androidx.lifecycle:lifecycle-livedata-core:2.6.1) with JetifyTransform
Transforming lifecycle-livedata-core-2.6.1.aar (androidx.lifecycle:lifecycle-livedata-core:2.6.1) with AarToClassTransform
Transforming lifecycle-livedata-2.6.1.aar (androidx.lifecycle:lifecycle-livedata:2.6.1) with JetifyTransform
Transforming lifecycle-livedata-2.6.1.aar (androidx.lifecycle:lifecycle-livedata:2.6.1) with AarToClassTransform
Transforming lifecycle-common-2.6.1.jar (androidx.lifecycle:lifecycle-common:2.6.1) with JetifyTransform
Transforming lifecycle-service-2.6.1.aar (androidx.lifecycle:lifecycle-service:2.6.1) with JetifyTransform
Transforming lifecycle-common-2.6.1.jar (androidx.lifecycle:lifecycle-common:2.6.1) with IdentityTransform
Transforming lifecycle-viewmodel-2.6.1.aar (androidx.lifecycle:lifecycle-viewmodel:2.6.1) with JetifyTransform
Transforming lifecycle-process-2.6.1.aar (androidx.lifecycle:lifecycle-process:2.6.1) with JetifyTransform
Transforming lifecycle-viewmodel-2.6.1.aar (androidx.lifecycle:lifecycle-viewmodel:2.6.1) with AarToClassTransform
Transforming lifecycle-livedata-2.6.1.aar (androidx.lifecycle:lifecycle-livedata:2.6.1) with JetifyTransform
Transforming lifecycle-livedata-2.6.1.aar (androidx.lifecycle:lifecycle-livedata:2.6.1) with AarToClassTransform
Transforming lifecycle-viewmodel-2.6.1.aar (androidx.lifecycle:lifecycle-viewmodel:2.6.1) with JetifyTransform
Transforming lifecycle-viewmodel-2.6.1.aar (androidx.lifecycle:lifecycle-viewmodel:2.6.1) with AarToClassTransform
Transforming lifecycle-runtime-2.6.1.aar (androidx.lifecycle:lifecycle-runtime:2.6.1) with JetifyTransform
Transforming lifecycle-service-2.6.1.aar (androidx.lifecycle:lifecycle-service:2.6.1) with AarToClassTransform
Transforming lifecycle-runtime-2.6.1.aar (androidx.lifecycle:lifecycle-runtime:2.6.1) with AarToClassTransform
Transforming lifecycle-process-2.6.1.aar (androidx.lifecycle:lifecycle-process:2.6.1) with AarToClassTransform
Transforming lifecycle-viewmodel-savedstate-2.6.1.aar (androidx.lifecycle:lifecycle-viewmodel-savedstate:2.6.1) with JetifyTransform
Transforming lifecycle-viewmodel-savedstate-2.6.1.aar (androidx.lifecycle:lifecycle-viewmodel-savedstate:2.6.1) with AarToClassTransform
Transforming kotlinx-coroutines-android-1.8.0.jar (org.jetbrains.kotlinx:kotlinx-coroutines-android:1.8.0) with JetifyTransform
Transforming kotlinx-coroutines-android-1.8.0.jar (org.jetbrains.kotlinx:kotlinx-coroutines-android:1.8.0) with IdentityTransform
Transforming kotlin-parcelize-runtime-1.9.25.jar (org.jetbrains.kotlin:kotlin-parcelize-runtime:1.9.25) with JetifyTransform
Transforming kotlin-parcelize-runtime-1.9.25.jar (org.jetbrains.kotlin:kotlin-parcelize-runtime:1.9.25) with IdentityTransform
Transforming kotlin-android-extensions-runtime-1.9.25.jar (org.jetbrains.kotlin:kotlin-android-extensions-runtime:1.9.25) with JetifyTransform
Transforming kotlin-android-extensions-runtime-1.9.25.jar (org.jetbrains.kotlin:kotlin-android-extensions-runtime:1.9.25) with IdentityTransform
Transforming annotation-experimental-1.4.1.aar (androidx.annotation:annotation-experimental:1.4.1) with JetifyTransform
Transforming annotation-experimental-1.4.1.aar (androidx.annotation:annotation-experimental:1.4.1) with AarToClassTransform
Transforming versionedparcelable-1.1.1.aar (androidx.versionedparcelable:versionedparcelable:1.1.1) with JetifyTransform
Transforming versionedparcelable-1.1.1.aar (androidx.versionedparcelable:versionedparcelable:1.1.1) with AarToClassTransform
Transforming versionedparcelable-1.1.1.aar (androidx.versionedparcelable:versionedparcelable:1.1.1) with JetifyTransform
Transforming versionedparcelable-1.1.1.aar (androidx.versionedparcelable:versionedparcelable:1.1.1) with AarToClassTransform
Transforming collection-ktx-1.4.2.jar (androidx.collection:collection-ktx:1.4.2) with JetifyTransform
Transforming collection-ktx-1.4.2.jar (androidx.collection:collection-ktx:1.4.2) with IdentityTransform
Transforming collection-jvm-1.4.2.jar (androidx.collection:collection-jvm:1.4.2) with JetifyTransform
Transforming collection-jvm-1.4.2.jar (androidx.collection:collection-jvm:1.4.2) with IdentityTransform
Transforming sqlite-framework-release.aar (androidx.sqlite:sqlite-framework-android:2.5.1) with JetifyTransform
Transforming sqlite-framework-release.aar (androidx.sqlite:sqlite-framework-android:2.5.1) with AarToClassTransform
Transforming sqlite-release.aar (androidx.sqlite:sqlite-android:2.5.1) with JetifyTransform
Transforming sqlite-release.aar (androidx.sqlite:sqlite-android:2.5.1) with AarToClassTransform
Transforming documentfile-1.0.1.aar (androidx.documentfile:documentfile:1.0.1) with JetifyTransform
Transforming documentfile-1.0.1.aar (androidx.documentfile:documentfile:1.0.1) with AarToClassTransform
Transforming documentfile-1.0.1.aar (androidx.documentfile:documentfile:1.0.1) with JetifyTransform
Transforming documentfile-1.0.1.aar (androidx.documentfile:documentfile:1.0.1) with AarToClassTransform
Transforming cursoradapter-1.0.0.aar (androidx.cursoradapter:cursoradapter:1.0.0) with JetifyTransform
Transforming cursoradapter-1.0.0.aar (androidx.cursoradapter:cursoradapter:1.0.0) with AarToClassTransform
Transforming cursoradapter-1.0.0.aar (androidx.cursoradapter:cursoradapter:1.0.0) with JetifyTransform
Transforming cursoradapter-1.0.0.aar (androidx.cursoradapter:cursoradapter:1.0.0) with AarToClassTransform
Transforming resourceinspection-annotation-1.0.1.jar (androidx.resourceinspection:resourceinspection-annotation:1.0.1) with JetifyTransform
Transforming resourceinspection-annotation-1.0.1.jar (androidx.resourceinspection:resourceinspection-annotation:1.0.1) with IdentityTransform
Transforming cardview-1.0.0.aar (androidx.cardview:cardview:1.0.0) with JetifyTransform
Transforming cardview-1.0.0.aar (androidx.cardview:cardview:1.0.0) with AarToClassTransform
Transforming startup-runtime-1.1.1.aar (androidx.startup:startup-runtime:1.1.1) with JetifyTransform
Transforming startup-runtime-1.1.1.aar (androidx.startup:startup-runtime:1.1.1) with AarToClassTransform
Transforming tracing-1.0.0.aar (androidx.tracing:tracing:1.0.0) with JetifyTransform
Transforming tracing-1.0.0.aar (androidx.tracing:tracing:1.0.0) with AarToClassTransform
Transforming core-runtime-2.2.0.aar (androidx.arch.core:core-runtime:2.2.0) with JetifyTransform
Transforming profileinstaller-1.3.0.aar (androidx.profileinstaller:profileinstaller:1.3.0) with JetifyTransform
Transforming core-runtime-2.2.0.aar (androidx.arch.core:core-runtime:2.2.0) with AarToClassTransform
Transforming interpolator-1.0.0.aar (androidx.interpolator:interpolator:1.0.0) with JetifyTransform
Transforming interpolator-1.0.0.aar (androidx.interpolator:interpolator:1.0.0) with AarToClassTransform
Transforming interpolator-1.0.0.aar (androidx.interpolator:interpolator:1.0.0) with JetifyTransform
Transforming interpolator-1.0.0.aar (androidx.interpolator:interpolator:1.0.0) with AarToClassTransform
Transforming core-common-2.2.0.jar (androidx.arch.core:core-common:2.2.0) with JetifyTransform
Transforming core-common-2.2.0.jar (androidx.arch.core:core-common:2.2.0) with IdentityTransform
Transforming concurrent-futures-1.1.0.jar (androidx.concurrent:concurrent-futures:1.1.0) with JetifyTransform
Transforming concurrent-futures-1.1.0.jar (androidx.concurrent:concurrent-futures:1.1.0) with IdentityTransform
Transforming localbroadcastmanager-1.0.0.aar (androidx.localbroadcastmanager:localbroadcastmanager:1.0.0) with JetifyTransform
Transforming localbroadcastmanager-1.0.0.aar (androidx.localbroadcastmanager:localbroadcastmanager:1.0.0) with AarToClassTransform
Transforming print-1.0.0.aar (androidx.print:print:1.0.0) with JetifyTransform
Transforming print-1.0.0.aar (androidx.print:print:1.0.0) with AarToClassTransform
Transforming annotation-jvm-1.9.1.jar (androidx.annotation:annotation-jvm:1.9.1) with JetifyTransform
Transforming annotation-jvm-1.9.1.jar (androidx.annotation:annotation-jvm:1.9.1) with IdentityTransform
Transforming okio-jvm-3.4.0.jar (com.squareup.okio:okio-jvm:3.4.0) with JetifyTransform
Transforming okio-jvm-3.4.0.jar (com.squareup.okio:okio-jvm:3.4.0) with IdentityTransform
Transforming kotlin-stdlib-jdk8-1.9.25.jar (org.jetbrains.kotlin:kotlin-stdlib-jdk8:1.9.25) with JetifyTransform
Transforming kotlin-stdlib-jdk8-1.9.25.jar (org.jetbrains.kotlin:kotlin-stdlib-jdk8:1.9.25) with IdentityTransform
Transforming kotlin-stdlib-jdk7-1.9.25.jar (org.jetbrains.kotlin:kotlin-stdlib-jdk7:1.9.25) with JetifyTransform
Transforming kotlin-stdlib-jdk7-1.9.25.jar (org.jetbrains.kotlin:kotlin-stdlib-jdk7:1.9.25) with IdentityTransform
Transforming kotlin-stdlib-1.9.25.jar (org.jetbrains.kotlin:kotlin-stdlib:1.9.25) with JetifyTransform
Transforming kotlin-stdlib-1.9.25.jar (org.jetbrains.kotlin:kotlin-stdlib:1.9.25) with IdentityTransform
Transforming annotations-23.0.0.jar (org.jetbrains:annotations:23.0.0) with JetifyTransform
Transforming annotations-23.0.0.jar (org.jetbrains:annotations:23.0.0) with IdentityTransform
Transforming junrar-7.5.5.jar (com.github.junrar:junrar:7.5.5) with JetifyTransform
Transforming junrar-7.5.5.jar (com.github.junrar:junrar:7.5.5) with IdentityTransform
Transforming gson-2.11.0.jar (com.google.code.gson:gson:2.11.0) with JetifyTransform
Transforming gson-2.11.0.jar (com.google.code.gson:gson:2.11.0) with IdentityTransform
Transforming zip4j-2.11.5.jar (net.lingala.zip4j:zip4j:2.11.5) with JetifyTransform
Transforming zip4j-2.11.5.jar (net.lingala.zip4j:zip4j:2.11.5) with IdentityTransform
Transforming pdfbox-android-2.0.27.0.aar (com.tom-roush:pdfbox-android:2.0.27.0) with JetifyTransform
Transforming pdfbox-android-2.0.27.0.aar (com.tom-roush:pdfbox-android:2.0.27.0) with AarToClassTransform
Transforming slf4j-android-1.7.36.jar (org.slf4j:slf4j-android:1.7.36) with JetifyTransform
Transforming slf4j-android-1.7.36.jar (org.slf4j:slf4j-android:1.7.36) with IdentityTransform
Transforming commons-compress-1.26.0.jar (org.apache.commons:commons-compress:1.26.0) with JetifyTransform
Transforming commons-compress-1.26.0.jar (org.apache.commons:commons-compress:1.26.0) with IdentityTransform
Transforming epublib-core-3.1.jar (nl.siegmann.epublib:epublib-core:3.1) with JetifyTransform
Transforming profileinstaller-1.3.0.aar (androidx.profileinstaller:profileinstaller:1.3.0) with AarToClassTransform
Transforming epublib-core-3.1.jar (nl.siegmann.epublib:epublib-core:3.1) with IdentityTransform
Transforming error_prone_annotations-2.27.0.jar (com.google.errorprone:error_prone_annotations:2.27.0) with JetifyTransform
Transforming error_prone_annotations-2.27.0.jar (com.google.errorprone:error_prone_annotations:2.27.0) with IdentityTransform
Transforming hilt-common-1.2.0.jar (androidx.hilt:hilt-common:1.2.0) with JetifyTransform
Transforming hilt-common-1.2.0.jar (androidx.hilt:hilt-common:1.2.0) with IdentityTransform
Transforming hilt-core-2.51.1.jar (com.google.dagger:hilt-core:2.51.1) with JetifyTransform
Transforming hilt-core-2.51.1.jar (com.google.dagger:hilt-core:2.51.1) with IdentityTransform
Transforming dagger-2.51.1.jar (com.google.dagger:dagger:2.51.1) with JetifyTransform
Transforming dagger-2.51.1.jar (com.google.dagger:dagger:2.51.1) with IdentityTransform
Transforming dagger-lint-aar-2.51.1.aar (com.google.dagger:dagger-lint-aar:2.51.1) with JetifyTransform
Transforming dagger-lint-aar-2.51.1.aar (com.google.dagger:dagger-lint-aar:2.51.1) with AarToClassTransform
Transforming jsr305-3.0.2.jar (com.google.code.findbugs:jsr305:3.0.2) with JetifyTransform
Transforming jsr305-3.0.2.jar (com.google.code.findbugs:jsr305:3.0.2) with IdentityTransform
Transforming javax.inject-1.jar (javax.inject:javax.inject:1) with JetifyTransform
Transforming javax.inject-1.jar (javax.inject:javax.inject:1) with IdentityTransform
Transforming slf4j-api-1.7.36.jar (org.slf4j:slf4j-api:1.7.36) with JetifyTransform
Transforming slf4j-api-1.7.36.jar (org.slf4j:slf4j-api:1.7.36) with IdentityTransform
Transforming bcpkix-jdk15to18-1.72.jar (org.bouncycastle:bcpkix-jdk15to18:1.72) with JetifyTransform
Transforming bcpkix-jdk15to18-1.72.jar (org.bouncycastle:bcpkix-jdk15to18:1.72) with IdentityTransform
Transforming bcutil-jdk15to18-1.72.jar (org.bouncycastle:bcutil-jdk15to18:1.72) with JetifyTransform
Transforming bcutil-jdk15to18-1.72.jar (org.bouncycastle:bcutil-jdk15to18:1.72) with IdentityTransform
Transforming bcprov-jdk15to18-1.72.jar (org.bouncycastle:bcprov-jdk15to18:1.72) with JetifyTransform
Transforming bcprov-jdk15to18-1.72.jar (org.bouncycastle:bcprov-jdk15to18:1.72) with IdentityTransform
Transforming commons-io-2.15.1.jar (commons-io:commons-io:2.15.1) with JetifyTransform
Transforming commons-io-2.15.1.jar (commons-io:commons-io:2.15.1) with IdentityTransform
Transforming commons-lang3-3.14.0.jar (org.apache.commons:commons-lang3:3.14.0) with JetifyTransform
Transforming commons-lang3-3.14.0.jar (org.apache.commons:commons-lang3:3.14.0) with IdentityTransform
Transforming kxml2-2.3.0.jar (net.sf.kxml:kxml2:2.3.0) with JetifyTransform
Transforming kxml2-2.3.0.jar (net.sf.kxml:kxml2:2.3.0) with IdentityTransform
Transforming constraintlayout-solver-2.0.1.jar (androidx.constraintlayout:constraintlayout-solver:2.0.1) with JetifyTransform
Transforming constraintlayout-solver-2.0.1.jar (androidx.constraintlayout:constraintlayout-solver:2.0.1) with IdentityTransform
Transforming jspecify-1.0.0.jar (org.jspecify:jspecify:1.0.0) with JetifyTransform
Transforming jspecify-1.0.0.jar (org.jspecify:jspecify:1.0.0) with IdentityTransform
Transforming listenablefuture-1.0.jar (com.google.guava:listenablefuture:1.0) with JetifyTransform
Transforming listenablefuture-1.0.jar (com.google.guava:listenablefuture:1.0) with IdentityTransform
Build cache key for task ':android:core-domain:transformDebugClassesWithAsm' is 3332f0079a8c86c41d27613f674ebf56
Skipping task ':android:core-domain:transformDebugClassesWithAsm' as it is up-to-date.
Resolve mutations for :android:core-domain:bundleLibCompileToJarDebug (Thread[Execution worker Thread 4,5,main]) started.
:android:core-domain:bundleLibCompileToJarDebug (Thread[Execution worker Thread 4,5,main]) started.

> Task :android:core-domain:bundleLibCompileToJarDebug UP-TO-DATE
Caching disabled for task ':android:core-domain:bundleLibCompileToJarDebug' because:
  Simple merging task
Skipping task ':android:core-domain:bundleLibCompileToJarDebug' as it is up-to-date.
work action resolve classes.jar (project :android:core-domain) (Thread[Execution worker Thread 4,5,main]) started.
Resolve mutations for :android:core-domain:bundleLibRuntimeToJarDebug (Thread[Execution worker Thread 2,5,main]) started.
Resolve mutations for :android:feature-library:kspDebugKotlin (Thread[Execution worker Thread 4,5,main]) started.
Resolve mutations for :android:feature-reader:kspDebugKotlin (Thread[included builds,5,main]) started.
:android:core-domain:bundleLibRuntimeToJarDebug (Thread[Execution worker,5,main]) started.
:android:feature-library:kspDebugKotlin (Thread[included builds,5,main]) started.
:android:feature-reader:kspDebugKotlin (Thread[Execution worker Thread 2,5,main]) started.

> Task :android:core-domain:bundleLibRuntimeToJarDebug UP-TO-DATE
Caching disabled for task ':android:core-domain:bundleLibRuntimeToJarDebug' because:
  Simple merging task
Skipping task ':android:core-domain:bundleLibRuntimeToJarDebug' as it is up-to-date.
work action resolve classes.jar (project :android:core-domain) (Thread[Execution worker,5,main]) started.
IdentityTransform (Thread[Execution worker,5,main]) started.
Resolve mutations for :android:core-domain:processDebugJavaRes (Thread[Execution worker Thread 4,5,main]) started.
:android:core-domain:processDebugJavaRes (Thread[Execution worker Thread 7,5,main]) started.

> Transform classes.jar (project :android:core-domain) with IdentityTransform
Transforming classes.jar (project :android:core-domain) with IdentityTransform
DexingNoClasspathTransform (Thread[Execution worker,5,main]) started.
CopyTransform (Thread[Execution worker Thread 4,5,main]) started.

> Transform classes.jar (project :android:core-domain) with CopyTransform
Transforming classes.jar (project :android:core-domain) with CopyTransform
AggregatedPackagesTransform (Thread[Execution worker Thread 4,5,main]) started.

> Transform classes.jar (project :android:core-domain) with DexingNoClasspathTransform
Transforming classes.jar (project :android:core-domain) with DexingNoClasspathTransform
Build cache key for DexingNoClasspathTransform: C:\Users\xmeta\projects\Mr.Comic\android\core-domain\build\intermediates\runtime_library_classes_jar\debug\bundleLibRuntimeToJarDebug\classes.jar is c6d934ccb48452a42dfee4dacc595fee
Skipping DexingNoClasspathTransform: C:\Users\xmeta\projects\Mr.Comic\android\core-domain\build\intermediates\runtime_library_classes_jar\debug\bundleLibRuntimeToJarDebug\classes.jar as it is up-to-date.
DexingOutputSplitTransform (Thread[Execution worker,5,main]) started.

> Transform classes.jar (project :android:core-domain) with AggregatedPackagesTransform
Transforming classes.jar (project :android:core-domain) with AggregatedPackagesTransform

> Transform classes.jar (project :android:core-domain) with DexingOutputSplitTransform
Transforming classes.jar (project :android:core-domain) with DexingOutputSplitTransform

> Task :android:core-domain:processDebugJavaRes UP-TO-DATE
file or directory 'C:\Users\xmeta\projects\Mr.Comic\android\core-domain\src\main\resources', not found
file or directory 'C:\Users\xmeta\projects\Mr.Comic\android\core-domain\src\debug\resources', not found
file or directory 'C:\Users\xmeta\projects\Mr.Comic\android\core-domain\build\generated\ksp\debug\classes', not found
file or directory 'C:\Users\xmeta\projects\Mr.Comic\android\core-domain\build\generated\ksp\debug\classes', not found
file or directory 'C:\Users\xmeta\projects\Mr.Comic\android\core-domain\src\main\resources', not found
file or directory 'C:\Users\xmeta\projects\Mr.Comic\android\core-domain\src\debug\resources', not found
file or directory 'C:\Users\xmeta\projects\Mr.Comic\android\core-domain\build\generated\ksp\debug\classes', not found
file or directory 'C:\Users\xmeta\projects\Mr.Comic\android\core-domain\build\generated\ksp\debug\classes', not found
Caching disabled for task ':android:core-domain:processDebugJavaRes' because:
  Caching has been disabled for the task
Skipping task ':android:core-domain:processDebugJavaRes' as it is up-to-date.
work action resolve out (project :android:core-domain) (Thread[Execution worker Thread 7,5,main]) started.
Resolve mutations for :android:core-domain:bundleLibRuntimeToDirDebug (Thread[Execution worker Thread 7,5,main]) started.
:android:core-domain:bundleLibRuntimeToDirDebug (Thread[Execution worker Thread 7,5,main]) started.

> Task :android:core-domain:bundleLibRuntimeToDirDebug UP-TO-DATE
Caching disabled for task ':android:core-domain:bundleLibRuntimeToDirDebug' because:
  Simple merging task
Skipping task ':android:core-domain:bundleLibRuntimeToDirDebug' as it is up-to-date.
work action resolve bundleLibRuntimeToDirDebug (project :android:core-domain) (Thread[Execution worker Thread 7,5,main]) started.
ClassesDirToClassesTransform (Thread[Execution worker Thread 7,5,main]) started.

> Transform bundleLibRuntimeToDirDebug (project :android:core-domain) with ClassesDirToClassesTransform
Transforming bundleLibRuntimeToDirDebug (project :android:core-domain) with ClassesDirToClassesTransform
DexingNoClasspathTransform (Thread[Execution worker Thread 7,5,main]) started.

> Transform bundleLibRuntimeToDirDebug (project :android:core-domain) with DexingNoClasspathTransform
Transforming bundleLibRuntimeToDirDebug (project :android:core-domain) with DexingNoClasspathTransform
Build cache key for DexingNoClasspathTransform: C:\Users\xmeta\projects\Mr.Comic\android\core-domain\build\intermediates\runtime_library_classes_dir\debug\bundleLibRuntimeToDirDebug is 8d62c8721a0d5ef4561476ff85863342
Skipping DexingNoClasspathTransform: C:\Users\xmeta\projects\Mr.Comic\android\core-domain\build\intermediates\runtime_library_classes_dir\debug\bundleLibRuntimeToDirDebug as it is up-to-date.
DexingOutputSplitTransform (Thread[Execution worker Thread 7,5,main]) started.

> Transform bundleLibRuntimeToDirDebug (project :android:core-domain) with DexingOutputSplitTransform
Transforming bundleLibRuntimeToDirDebug (project :android:core-domain) with DexingOutputSplitTransform

> Task :android:feature-reader:kspDebugKotlin UP-TO-DATE
file or directory 'C:\Users\xmeta\projects\Mr.Comic\android\feature-reader\src\debug\kotlin', not found
file or directory 'C:\Users\xmeta\projects\Mr.Comic\android\feature-reader\src\debug\java', not found
file or directory 'C:\Users\xmeta\projects\Mr.Comic\android\feature-reader\src\main\kotlin', not found
file or directory 'C:\Users\xmeta\projects\Mr.Comic\android\feature-reader\src\debug\java', not found
Failed to get resource: HEAD. [HTTP HTTP/1.1 401 Unauthorized: https://jitpack.io/nl/siegmann/epublib/epublib-core/3.1/epublib-core-3.1.pom)]
Transforming room-common-jvm-2.7.2.jar (androidx.room:room-common-jvm:2.7.2) with JetifyTransform
Transforming room-common-jvm-2.7.2.jar (androidx.room:room-common-jvm:2.7.2) with IdentityTransform
Transforming room-runtime-release.aar (androidx.room:room-runtime-android:2.7.2) with JetifyTransform
Transforming room-runtime-release.aar (androidx.room:room-runtime-android:2.7.2) with AarToClassTransform
Transforming room-ktx-2.7.2.aar (androidx.room:room-ktx:2.7.2) with JetifyTransform
Transforming room-ktx-2.7.2.aar (androidx.room:room-ktx:2.7.2) with AarToClassTransform
Transforming hilt-navigation-compose-1.2.0.aar (androidx.hilt:hilt-navigation-compose:1.2.0) with JetifyTransform
Transforming hilt-navigation-compose-1.2.0.aar (androidx.hilt:hilt-navigation-compose:1.2.0) with AarToClassTransform
Transforming hilt-navigation-1.2.0.aar (androidx.hilt:hilt-navigation:1.2.0) with JetifyTransform
Transforming hilt-navigation-1.2.0.aar (androidx.hilt:hilt-navigation:1.2.0) with AarToClassTransform
Transforming hilt-android-2.51.1.aar (com.google.dagger:hilt-android:2.51.1) with JetifyTransform
Transforming hilt-android-2.51.1.aar (com.google.dagger:hilt-android:2.51.1) with AarToClassTransform
Transforming navigation-compose-2.5.1.aar (androidx.navigation:navigation-compose:2.5.1) with JetifyTransform
Transforming navigation-compose-2.5.1.aar (androidx.navigation:navigation-compose:2.5.1) with AarToClassTransform
Transforming fragment-1.5.1.aar (androidx.fragment:fragment:1.5.1) with JetifyTransform
Transforming fragment-1.5.1.aar (androidx.fragment:fragment:1.5.1) with AarToClassTransform
Transforming navigation-runtime-ktx-2.5.1.aar (androidx.navigation:navigation-runtime-ktx:2.5.1) with JetifyTransform
Transforming navigation-runtime-ktx-2.5.1.aar (androidx.navigation:navigation-runtime-ktx:2.5.1) with AarToClassTransform
Transforming navigation-runtime-2.5.1.aar (androidx.navigation:navigation-runtime:2.5.1) with JetifyTransform
Transforming navigation-runtime-2.5.1.aar (androidx.navigation:navigation-runtime:2.5.1) with AarToClassTransform
Transforming activity-ktx-1.9.0.aar (androidx.activity:activity-ktx:1.9.0) with JetifyTransform
Transforming activity-ktx-1.9.0.aar (androidx.activity:activity-ktx:1.9.0) with AarToClassTransform
Transforming activity-compose-1.9.0.aar (androidx.activity:activity-compose:1.9.0) with JetifyTransform
Transforming activity-compose-1.9.0.aar (androidx.activity:activity-compose:1.9.0) with AarToClassTransform
Transforming activity-1.9.0.aar (androidx.activity:activity:1.9.0) with JetifyTransform
Transforming activity-1.9.0.aar (androidx.activity:activity:1.9.0) with AarToClassTransform
Transforming loader-1.0.0.aar (androidx.loader:loader:1.0.0) with JetifyTransform
Transforming loader-1.0.0.aar (androidx.loader:loader:1.0.0) with AarToClassTransform
Transforming material3-window-size-class-release.aar (androidx.compose.material3:material3-window-size-class-android:1.2.1) with JetifyTransform
Transforming material3-window-size-class-release.aar (androidx.compose.material3:material3-window-size-class-android:1.2.1) with AarToClassTransform
Transforming material3-release.aar (androidx.compose.material3:material3-android:1.2.1) with JetifyTransform
Transforming material3-release.aar (androidx.compose.material3:material3-android:1.2.1) with AarToClassTransform
Transforming ui-util-release.aar (androidx.compose.ui:ui-util-android:1.7.8) with JetifyTransform
Transforming ui-util-release.aar (androidx.compose.ui:ui-util-android:1.7.8) with AarToClassTransform
Transforming ui-unit-release.aar (androidx.compose.ui:ui-unit-android:1.7.8) with JetifyTransform
Transforming ui-unit-release.aar (androidx.compose.ui:ui-unit-android:1.7.8) with AarToClassTransform
Transforming ui-text-release.aar (androidx.compose.ui:ui-text-android:1.7.8) with JetifyTransform
Transforming ui-text-release.aar (androidx.compose.ui:ui-text-android:1.7.8) with AarToClassTransform
Transforming ui-graphics-release.aar (androidx.compose.ui:ui-graphics-android:1.7.8) with JetifyTransform
Transforming ui-graphics-release.aar (androidx.compose.ui:ui-graphics-android:1.7.8) with AarToClassTransform
Transforming foundation-layout-release.aar (androidx.compose.foundation:foundation-layout-android:1.7.8) with JetifyTransform
Transforming foundation-layout-release.aar (androidx.compose.foundation:foundation-layout-android:1.7.8) with AarToClassTransform
Transforming material-icons-core-release.aar (androidx.compose.material:material-icons-core-android:1.6.8) with JetifyTransform
Transforming material-icons-core-release.aar (androidx.compose.material:material-icons-core-android:1.6.8) with AarToClassTransform
Transforming material-icons-extended-release.aar (androidx.compose.material:material-icons-extended-android:1.6.8) with JetifyTransform
Transforming material-icons-extended-release.aar (androidx.compose.material:material-icons-extended-android:1.6.8) with AarToClassTransform
Transforming material-ripple-release.aar (androidx.compose.material:material-ripple-android:1.6.8) with JetifyTransform
Transforming material-ripple-release.aar (androidx.compose.material:material-ripple-android:1.6.8) with AarToClassTransform
Transforming foundation-release.aar (androidx.compose.foundation:foundation-android:1.7.8) with JetifyTransform
Transforming foundation-release.aar (androidx.compose.foundation:foundation-android:1.7.8) with AarToClassTransform
Transforming animation-core-release.aar (androidx.compose.animation:animation-core-android:1.7.8) with JetifyTransform
Transforming animation-core-release.aar (androidx.compose.animation:animation-core-android:1.7.8) with AarToClassTransform
Transforming animation-release.aar (androidx.compose.animation:animation-android:1.7.8) with JetifyTransform
Transforming animation-release.aar (androidx.compose.animation:animation-android:1.7.8) with AarToClassTransform
Transforming ui-geometry-release.aar (androidx.compose.ui:ui-geometry-android:1.7.8) with JetifyTransform
Transforming ui-geometry-release.aar (androidx.compose.ui:ui-geometry-android:1.7.8) with AarToClassTransform
Transforming ui-tooling-preview-release.aar (androidx.compose.ui:ui-tooling-preview-android:1.7.8) with JetifyTransform
Transforming ui-tooling-preview-release.aar (androidx.compose.ui:ui-tooling-preview-android:1.7.8) with AarToClassTransform
Transforming ui-release.aar (androidx.compose.ui:ui-android:1.7.8) with JetifyTransform
Transforming ui-release.aar (androidx.compose.ui:ui-android:1.7.8) with AarToClassTransform
Transforming core-ktx-1.13.1.aar (androidx.core:core-ktx:1.13.1) with JetifyTransform
Transforming core-ktx-1.13.1.aar (androidx.core:core-ktx:1.13.1) with AarToClassTransform
Transforming viewpager-1.0.0.aar (androidx.viewpager:viewpager:1.0.0) with JetifyTransform
Transforming viewpager-1.0.0.aar (androidx.viewpager:viewpager:1.0.0) with AarToClassTransform
Transforming customview-1.1.0.aar (androidx.customview:customview:1.1.0) with JetifyTransform
Transforming customview-1.1.0.aar (androidx.customview:customview:1.1.0) with AarToClassTransform
Transforming core-1.13.1.aar (androidx.core:core:1.13.1) with JetifyTransform
Transforming core-1.13.1.aar (androidx.core:core:1.13.1) with AarToClassTransform
Transforming core-1.13.1.aar (androidx.core:core:1.13.1) with JetifyTransform
Transforming core-1.13.1.aar (androidx.core:core:1.13.1) with AarToClassTransform
Transforming navigation-common-ktx-2.5.1.aar (androidx.navigation:navigation-common-ktx:2.5.1) with JetifyTransform
Transforming navigation-common-ktx-2.5.1.aar (androidx.navigation:navigation-common-ktx:2.5.1) with AarToClassTransform
Transforming navigation-common-2.5.1.aar (androidx.navigation:navigation-common:2.5.1) with JetifyTransform
Transforming navigation-common-2.5.1.aar (androidx.navigation:navigation-common:2.5.1) with AarToClassTransform
Transforming lifecycle-runtime-ktx.aar (androidx.lifecycle:lifecycle-runtime-ktx-android:2.9.1) with JetifyTransform
Transforming lifecycle-runtime-ktx.aar (androidx.lifecycle:lifecycle-runtime-ktx-android:2.9.1) with AarToClassTransform
Transforming lifecycle-livedata-core-ktx-2.9.1.aar (androidx.lifecycle:lifecycle-livedata-core-ktx:2.9.1) with JetifyTransform
Transforming lifecycle-livedata-core-ktx-2.9.1.aar (androidx.lifecycle:lifecycle-livedata-core-ktx:2.9.1) with AarToClassTransform
Transforming lifecycle-viewmodel-ktx-2.9.1.aar (androidx.lifecycle:lifecycle-viewmodel-ktx:2.9.1) with JetifyTransform
Transforming lifecycle-viewmodel-ktx-2.9.1.aar (androidx.lifecycle:lifecycle-viewmodel-ktx:2.9.1) with AarToClassTransform
Transforming lifecycle-livedata-2.9.1.aar (androidx.lifecycle:lifecycle-livedata:2.9.1) with JetifyTransform
Transforming lifecycle-livedata-2.9.1.aar (androidx.lifecycle:lifecycle-livedata:2.9.1) with AarToClassTransform
Transforming lifecycle-runtime-release.aar (androidx.lifecycle:lifecycle-runtime-android:2.9.1) with JetifyTransform
Transforming lifecycle-runtime-release.aar (androidx.lifecycle:lifecycle-runtime-android:2.9.1) with AarToClassTransform
Transforming lifecycle-runtime-compose-release.aar (androidx.lifecycle:lifecycle-runtime-compose-android:2.9.1) with JetifyTransform
Transforming lifecycle-runtime-compose-release.aar (androidx.lifecycle:lifecycle-runtime-compose-android:2.9.1) with AarToClassTransform
Transforming lifecycle-viewmodel-savedstate-release.aar (androidx.lifecycle:lifecycle-viewmodel-savedstate-android:2.9.1) with JetifyTransform
Transforming lifecycle-viewmodel-savedstate-release.aar (androidx.lifecycle:lifecycle-viewmodel-savedstate-android:2.9.1) with AarToClassTransform
Transforming lifecycle-viewmodel-2.9.1.aar (androidx.lifecycle:lifecycle-viewmodel:2.9.1) with JetifyTransform
Transforming lifecycle-viewmodel-2.9.1.aar (androidx.lifecycle:lifecycle-viewmodel:2.9.1) with AarToClassTransform
Transforming lifecycle-viewmodel-release.aar (androidx.lifecycle:lifecycle-viewmodel-android:2.9.1) with JetifyTransform
Transforming lifecycle-viewmodel-release.aar (androidx.lifecycle:lifecycle-viewmodel-android:2.9.1) with AarToClassTransform
Transforming lifecycle-livedata-core-2.9.1.aar (androidx.lifecycle:lifecycle-livedata-core:2.9.1) with JetifyTransform
Transforming lifecycle-livedata-core-2.9.1.aar (androidx.lifecycle:lifecycle-livedata-core:2.9.1) with AarToClassTransform
Transforming lifecycle-viewmodel-compose-release.aar (androidx.lifecycle:lifecycle-viewmodel-compose-android:2.9.1) with JetifyTransform
Transforming lifecycle-viewmodel-compose-release.aar (androidx.lifecycle:lifecycle-viewmodel-compose-android:2.9.1) with AarToClassTransform
Transforming savedstate-ktx-1.3.0.aar (androidx.savedstate:savedstate-ktx:1.3.0) with JetifyTransform
Transforming savedstate-ktx-1.3.0.aar (androidx.savedstate:savedstate-ktx:1.3.0) with AarToClassTransform
Transforming savedstate-release.aar (androidx.savedstate:savedstate-android:1.3.0) with JetifyTransform
Transforming savedstate-release.aar (androidx.savedstate:savedstate-android:1.3.0) with AarToClassTransform
Transforming lifecycle-common-jvm-2.9.1.jar (androidx.lifecycle:lifecycle-common-jvm:2.9.1) with JetifyTransform
Transforming lifecycle-common-jvm-2.9.1.jar (androidx.lifecycle:lifecycle-common-jvm:2.9.1) with IdentityTransform
Transforming runtime-saveable-release.aar (androidx.compose.runtime:runtime-saveable-android:1.7.8) with JetifyTransform
Transforming runtime-saveable-release.aar (androidx.compose.runtime:runtime-saveable-android:1.7.8) with AarToClassTransform
Transforming runtime-release.aar (androidx.compose.runtime:runtime-android:1.7.8) with JetifyTransform
Transforming runtime-release.aar (androidx.compose.runtime:runtime-android:1.7.8) with AarToClassTransform
Transforming kotlinx-coroutines-core-jvm-1.8.1.jar (org.jetbrains.kotlinx:kotlinx-coroutines-core-jvm:1.8.1) with JetifyTransform
Transforming kotlinx-coroutines-core-jvm-1.8.1.jar (org.jetbrains.kotlinx:kotlinx-coroutines-core-jvm:1.8.1) with IdentityTransform
Transforming kotlinx-coroutines-android-1.8.1.jar (org.jetbrains.kotlinx:kotlinx-coroutines-android:1.8.1) with JetifyTransform
Transforming kotlinx-coroutines-android-1.8.1.jar (org.jetbrains.kotlinx:kotlinx-coroutines-android:1.8.1) with IdentityTransform
Transforming annotation-experimental-1.4.1.aar (androidx.annotation:annotation-experimental:1.4.1) with JetifyTransform
Transforming annotation-experimental-1.4.1.aar (androidx.annotation:annotation-experimental:1.4.1) with AarToClassTransform
Transforming versionedparcelable-1.1.1.aar (androidx.versionedparcelable:versionedparcelable:1.1.1) with JetifyTransform
Transforming versionedparcelable-1.1.1.aar (androidx.versionedparcelable:versionedparcelable:1.1.1) with AarToClassTransform
Transforming collection-jvm-1.4.4.jar (androidx.collection:collection-jvm:1.4.4) with JetifyTransform
Transforming collection-jvm-1.4.4.jar (androidx.collection:collection-jvm:1.4.4) with IdentityTransform
Transforming sqlite-framework-release.aar (androidx.sqlite:sqlite-framework-android:2.5.1) with JetifyTransform
Transforming sqlite-framework-release.aar (androidx.sqlite:sqlite-framework-android:2.5.1) with AarToClassTransform
Transforming sqlite-release.aar (androidx.sqlite:sqlite-android:2.5.1) with JetifyTransform
Transforming sqlite-release.aar (androidx.sqlite:sqlite-android:2.5.1) with AarToClassTransform
Transforming core-runtime-2.2.0.aar (androidx.arch.core:core-runtime:2.2.0) with JetifyTransform
Transforming core-runtime-2.2.0.aar (androidx.arch.core:core-runtime:2.2.0) with AarToClassTransform
Transforming core-common-2.2.0.jar (androidx.arch.core:core-common:2.2.0) with JetifyTransform
Transforming core-common-2.2.0.jar (androidx.arch.core:core-common:2.2.0) with IdentityTransform
Transforming annotation-jvm-1.9.1.jar (androidx.annotation:annotation-jvm:1.9.1) with JetifyTransform
Transforming annotation-jvm-1.9.1.jar (androidx.annotation:annotation-jvm:1.9.1) with IdentityTransform
Transforming kotlinx-serialization-core-jvm-1.7.3.jar (org.jetbrains.kotlinx:kotlinx-serialization-core-jvm:1.7.3) with JetifyTransform
Transforming kotlinx-serialization-core-jvm-1.7.3.jar (org.jetbrains.kotlinx:kotlinx-serialization-core-jvm:1.7.3) with IdentityTransform
Transforming kotlin-stdlib-1.9.25.jar (org.jetbrains.kotlin:kotlin-stdlib:1.9.25) with JetifyTransform
Transforming kotlin-stdlib-1.9.25.jar (org.jetbrains.kotlin:kotlin-stdlib:1.9.25) with IdentityTransform
Transforming pdfium-android-1.9.0.aar (com.github.barteksc:pdfium-android:1.9.0) with JetifyTransform
Transforming pdfium-android-1.9.0.aar (com.github.barteksc:pdfium-android:1.9.0) with AarToClassTransform
Transforming junrar-7.5.5.jar (com.github.junrar:junrar:7.5.5) with JetifyTransform
Transforming junrar-7.5.5.jar (com.github.junrar:junrar:7.5.5) with IdentityTransform
Transforming zip4j-2.11.5.jar (net.lingala.zip4j:zip4j:2.11.5) with JetifyTransform
Transforming zip4j-2.11.5.jar (net.lingala.zip4j:zip4j:2.11.5) with IdentityTransform
Transforming commons-compress-1.26.0.jar (org.apache.commons:commons-compress:1.26.0) with JetifyTransform
Transforming commons-compress-1.26.0.jar (org.apache.commons:commons-compress:1.26.0) with IdentityTransform
Transforming annotations-23.0.0.jar (org.jetbrains:annotations:23.0.0) with JetifyTransform
Transforming annotations-23.0.0.jar (org.jetbrains:annotations:23.0.0) with IdentityTransform
Transforming jspecify-1.0.0.jar (org.jspecify:jspecify:1.0.0) with JetifyTransform
Transforming jspecify-1.0.0.jar (org.jspecify:jspecify:1.0.0) with IdentityTransform
Transforming hilt-core-2.51.1.jar (com.google.dagger:hilt-core:2.51.1) with JetifyTransform
Transforming hilt-core-2.51.1.jar (com.google.dagger:hilt-core:2.51.1) with IdentityTransform
Transforming dagger-2.51.1.jar (com.google.dagger:dagger:2.51.1) with JetifyTransform
Transforming dagger-2.51.1.jar (com.google.dagger:dagger:2.51.1) with IdentityTransform
Transforming javax.inject-1.jar (javax.inject:javax.inject:1) with JetifyTransform
Transforming javax.inject-1.jar (javax.inject:javax.inject:1) with IdentityTransform
Transforming dagger-lint-aar-2.51.1.aar (com.google.dagger:dagger-lint-aar:2.51.1) with JetifyTransform
Transforming dagger-lint-aar-2.51.1.aar (com.google.dagger:dagger-lint-aar:2.51.1) with AarToClassTransform
Transforming jsr305-3.0.2.jar (com.google.code.findbugs:jsr305:3.0.2) with JetifyTransform
Transforming jsr305-3.0.2.jar (com.google.code.findbugs:jsr305:3.0.2) with IdentityTransform
Transforming commons-io-2.15.1.jar (commons-io:commons-io:2.15.1) with JetifyTransform
Transforming commons-io-2.15.1.jar (commons-io:commons-io:2.15.1) with IdentityTransform
Transforming commons-lang3-3.14.0.jar (org.apache.commons:commons-lang3:3.14.0) with JetifyTransform
Transforming commons-lang3-3.14.0.jar (org.apache.commons:commons-lang3:3.14.0) with IdentityTransform
Transforming R.jar with ClasspathEntrySnapshotTransform
Transforming classes.jar with ClasspathEntrySnapshotTransform
Transforming classes.jar with ClasspathEntrySnapshotTransform
Transforming classes.jar with ClasspathEntrySnapshotTransform
Transforming classes.jar with ClasspathEntrySnapshotTransform
Transforming classes.jar with ClasspathEntrySnapshotTransform
Transforming classes.jar with ClasspathEntrySnapshotTransform
Transforming jetified-room-common-jvm-2.7.2.jar with ClasspathEntrySnapshotTransform
Transforming jetified-room-runtime-release-api.jar with ClasspathEntrySnapshotTransform
Transforming jetified-room-ktx-2.7.2-api.jar with ClasspathEntrySnapshotTransform
Transforming jetified-hilt-navigation-compose-1.2.0-api.jar with ClasspathEntrySnapshotTransform
Transforming jetified-hilt-navigation-1.2.0-api.jar with ClasspathEntrySnapshotTransform
Transforming jetified-hilt-android-2.51.1-api.jar with ClasspathEntrySnapshotTransform
Transforming jetified-navigation-compose-2.5.1-api.jar with ClasspathEntrySnapshotTransform
Transforming fragment-1.5.1-api.jar with ClasspathEntrySnapshotTransform
Transforming navigation-runtime-ktx-2.5.1-api.jar with ClasspathEntrySnapshotTransform
Transforming navigation-runtime-2.5.1-api.jar with ClasspathEntrySnapshotTransform
Transforming jetified-activity-ktx-1.9.0-api.jar with ClasspathEntrySnapshotTransform
Transforming jetified-activity-compose-1.9.0-api.jar with ClasspathEntrySnapshotTransform
Transforming jetified-activity-1.9.0-api.jar with ClasspathEntrySnapshotTransform
Transforming loader-1.0.0-api.jar with ClasspathEntrySnapshotTransform
Transforming jetified-material3-window-size-class-release-api.jar with ClasspathEntrySnapshotTransform
Transforming jetified-material3-release-api.jar with ClasspathEntrySnapshotTransform
Transforming jetified-ui-util-release-api.jar with ClasspathEntrySnapshotTransform
Transforming jetified-ui-unit-release-api.jar with ClasspathEntrySnapshotTransform
Transforming jetified-ui-text-release-api.jar with ClasspathEntrySnapshotTransform
Transforming jetified-ui-graphics-release-api.jar with ClasspathEntrySnapshotTransform
Transforming jetified-foundation-layout-release-api.jar with ClasspathEntrySnapshotTransform
Transforming jetified-material-icons-core-release-api.jar with ClasspathEntrySnapshotTransform
Transforming jetified-material-icons-extended-release-api.jar with ClasspathEntrySnapshotTransform
Transforming jetified-material-ripple-release-api.jar with ClasspathEntrySnapshotTransform
Transforming jetified-foundation-release-api.jar with ClasspathEntrySnapshotTransform
Transforming jetified-animation-core-release-api.jar with ClasspathEntrySnapshotTransform
Transforming jetified-animation-release-api.jar with ClasspathEntrySnapshotTransform
Transforming jetified-ui-geometry-release-api.jar with ClasspathEntrySnapshotTransform
Transforming jetified-ui-tooling-preview-release-api.jar with ClasspathEntrySnapshotTransform
Transforming jetified-ui-release-api.jar with ClasspathEntrySnapshotTransform
Transforming jetified-core-ktx-1.13.1-api.jar with ClasspathEntrySnapshotTransform
Transforming viewpager-1.0.0-api.jar with ClasspathEntrySnapshotTransform
Transforming customview-1.1.0-api.jar with ClasspathEntrySnapshotTransform
Transforming core-1.13.1-api.jar with ClasspathEntrySnapshotTransform
Transforming navigation-common-ktx-2.5.1-api.jar with ClasspathEntrySnapshotTransform
Transforming navigation-common-2.5.1-api.jar with ClasspathEntrySnapshotTransform
Transforming jetified-lifecycle-runtime-ktx-api.jar with ClasspathEntrySnapshotTransform
Transforming jetified-lifecycle-livedata-core-ktx-2.9.1-api.jar with ClasspathEntrySnapshotTransform
Transforming jetified-lifecycle-viewmodel-ktx-2.9.1-api.jar with ClasspathEntrySnapshotTransform
Transforming lifecycle-livedata-2.9.1-api.jar with ClasspathEntrySnapshotTransform
Transforming jetified-lifecycle-runtime-release-api.jar with ClasspathEntrySnapshotTransform
Transforming jetified-lifecycle-runtime-compose-release-api.jar with ClasspathEntrySnapshotTransform
Transforming jetified-lifecycle-viewmodel-savedstate-release-api.jar with ClasspathEntrySnapshotTransform
Transforming lifecycle-viewmodel-2.9.1-api.jar with ClasspathEntrySnapshotTransform
Transforming jetified-lifecycle-viewmodel-release-api.jar with ClasspathEntrySnapshotTransform
Transforming lifecycle-livedata-core-2.9.1-api.jar with ClasspathEntrySnapshotTransform
Transforming jetified-lifecycle-viewmodel-compose-release-api.jar with ClasspathEntrySnapshotTransform
Transforming jetified-savedstate-ktx-1.3.0-api.jar with ClasspathEntrySnapshotTransform
Transforming jetified-savedstate-release-api.jar with ClasspathEntrySnapshotTransform
Transforming jetified-lifecycle-common-jvm-2.9.1.jar with ClasspathEntrySnapshotTransform
Transforming jetified-runtime-saveable-release-api.jar with ClasspathEntrySnapshotTransform
Transforming jetified-runtime-release-api.jar with ClasspathEntrySnapshotTransform
Transforming jetified-kotlinx-coroutines-core-jvm-1.8.1.jar with ClasspathEntrySnapshotTransform
Transforming jetified-kotlinx-coroutines-android-1.8.1.jar with ClasspathEntrySnapshotTransform
Transforming jetified-annotation-experimental-1.4.1-api.jar with ClasspathEntrySnapshotTransform
Transforming versionedparcelable-1.1.1-api.jar with ClasspathEntrySnapshotTransform
Transforming jetified-collection-jvm-1.4.4.jar with ClasspathEntrySnapshotTransform
Transforming jetified-sqlite-framework-release-api.jar with ClasspathEntrySnapshotTransform
Transforming jetified-sqlite-release-api.jar with ClasspathEntrySnapshotTransform
Transforming core-runtime-2.2.0-api.jar with ClasspathEntrySnapshotTransform
Transforming core-common-2.2.0.jar with ClasspathEntrySnapshotTransform
Transforming jetified-annotation-jvm-1.9.1.jar with ClasspathEntrySnapshotTransform
Transforming jetified-kotlinx-serialization-core-jvm-1.7.3.jar with ClasspathEntrySnapshotTransform
Transforming jetified-kotlin-stdlib-1.9.25.jar with ClasspathEntrySnapshotTransform
Transforming jetified-pdfium-android-1.9.0-api.jar with ClasspathEntrySnapshotTransform
Transforming jetified-junrar-7.5.5.jar with ClasspathEntrySnapshotTransform
Transforming jetified-zip4j-2.11.5.jar with ClasspathEntrySnapshotTransform
Transforming jetified-commons-compress-1.26.0.jar with ClasspathEntrySnapshotTransform
Transforming jetified-annotations-23.0.0.jar with ClasspathEntrySnapshotTransform
Transforming jetified-jspecify-1.0.0.jar with ClasspathEntrySnapshotTransform
Transforming jetified-hilt-core-2.51.1.jar with ClasspathEntrySnapshotTransform
Transforming jetified-dagger-2.51.1.jar with ClasspathEntrySnapshotTransform
Transforming jetified-javax.inject-1.jar with ClasspathEntrySnapshotTransform
Transforming jetified-dagger-lint-aar-2.51.1-api.jar with ClasspathEntrySnapshotTransform
Transforming jetified-jsr305-3.0.2.jar with ClasspathEntrySnapshotTransform
Transforming jetified-commons-io-2.15.1.jar with ClasspathEntrySnapshotTransform
Transforming jetified-commons-lang3-3.14.0.jar with ClasspathEntrySnapshotTransform
Transforming android.jar with ClasspathEntrySnapshotTransform
Transforming core-lambda-stubs.jar with ClasspathEntrySnapshotTransform
file or directory 'C:\Users\xmeta\projects\Mr.Comic\android\feature-reader\src\debug\kotlin', not found
file or directory 'C:\Users\xmeta\projects\Mr.Comic\android\feature-reader\src\debug\java', not found
file or directory 'C:\Users\xmeta\projects\Mr.Comic\android\feature-reader\src\main\kotlin', not found
file or directory 'C:\Users\xmeta\projects\Mr.Comic\android\feature-reader\src\debug\java', not found
Build cache key for task ':android:feature-reader:kspDebugKotlin' is e0b5b014f689a3633c1c76617b4af988
Skipping task ':android:feature-reader:kspDebugKotlin' as it is up-to-date.
Resolve mutations for :android:feature-reader:compileDebugKotlin (Thread[Execution worker Thread 2,5,main]) started.
:android:feature-reader:compileDebugKotlin (Thread[Execution worker Thread 2,5,main]) started.

> Task :android:feature-library:kspDebugKotlin
file or directory 'C:\Users\xmeta\projects\Mr.Comic\android\feature-library\src\debug\kotlin', not found
file or directory 'C:\Users\xmeta\projects\Mr.Comic\android\feature-library\src\debug\java', not found
file or directory 'C:\Users\xmeta\projects\Mr.Comic\android\feature-library\src\main\kotlin', not found
file or directory 'C:\Users\xmeta\projects\Mr.Comic\android\feature-library\src\debug\java', not found
Failed to get resource: HEAD. [HTTP HTTP/1.1 401 Unauthorized: https://jitpack.io/nl/siegmann/epublib/epublib-core/3.1/epublib-core-3.1.pom)]
Transforming hilt-navigation-compose-1.2.0.aar (androidx.hilt:hilt-navigation-compose:1.2.0) with JetifyTransform
Transforming hilt-navigation-compose-1.2.0.aar (androidx.hilt:hilt-navigation-compose:1.2.0) with AarToClassTransform
Transforming hilt-navigation-1.2.0.aar (androidx.hilt:hilt-navigation:1.2.0) with JetifyTransform
Transforming hilt-navigation-1.2.0.aar (androidx.hilt:hilt-navigation:1.2.0) with AarToClassTransform
Transforming hilt-android-2.51.1.aar (com.google.dagger:hilt-android:2.51.1) with JetifyTransform
Transforming hilt-android-2.51.1.aar (com.google.dagger:hilt-android:2.51.1) with AarToClassTransform
Transforming room-common-jvm-2.7.2.jar (androidx.room:room-common-jvm:2.7.2) with JetifyTransform
Transforming room-common-jvm-2.7.2.jar (androidx.room:room-common-jvm:2.7.2) with IdentityTransform
Transforming room-runtime-release.aar (androidx.room:room-runtime-android:2.7.2) with JetifyTransform
Transforming room-runtime-release.aar (androidx.room:room-runtime-android:2.7.2) with AarToClassTransform
Transforming room-ktx-2.7.2.aar (androidx.room:room-ktx:2.7.2) with JetifyTransform
Transforming room-ktx-2.7.2.aar (androidx.room:room-ktx:2.7.2) with AarToClassTransform
Transforming coil-compose-2.7.0.aar (io.coil-kt:coil-compose:2.7.0) with JetifyTransform
Transforming coil-compose-2.7.0.aar (io.coil-kt:coil-compose:2.7.0) with AarToClassTransform
Transforming accompanist-permissions-0.37.3.aar (com.google.accompanist:accompanist-permissions:0.37.3) with JetifyTransform
Transforming accompanist-permissions-0.37.3.aar (com.google.accompanist:accompanist-permissions:0.37.3) with AarToClassTransform
Transforming fragment-1.5.1.aar (androidx.fragment:fragment:1.5.1) with JetifyTransform
Transforming fragment-1.5.1.aar (androidx.fragment:fragment:1.5.1) with AarToClassTransform
Transforming navigation-compose-2.5.1.aar (androidx.navigation:navigation-compose:2.5.1) with JetifyTransform
Transforming navigation-compose-2.5.1.aar (androidx.navigation:navigation-compose:2.5.1) with AarToClassTransform
Transforming navigation-runtime-ktx-2.5.1.aar (androidx.navigation:navigation-runtime-ktx:2.5.1) with JetifyTransform
Transforming navigation-runtime-ktx-2.5.1.aar (androidx.navigation:navigation-runtime-ktx:2.5.1) with AarToClassTransform
Transforming navigation-runtime-2.5.1.aar (androidx.navigation:navigation-runtime:2.5.1) with JetifyTransform
Transforming navigation-runtime-2.5.1.aar (androidx.navigation:navigation-runtime:2.5.1) with AarToClassTransform
Transforming activity-ktx-1.9.0.aar (androidx.activity:activity-ktx:1.9.0) with JetifyTransform
Transforming activity-ktx-1.9.0.aar (androidx.activity:activity-ktx:1.9.0) with AarToClassTransform
Transforming activity-compose-1.9.0.aar (androidx.activity:activity-compose:1.9.0) with JetifyTransform
Transforming activity-compose-1.9.0.aar (androidx.activity:activity-compose:1.9.0) with AarToClassTransform
Transforming activity-1.9.0.aar (androidx.activity:activity:1.9.0) with JetifyTransform
Transforming activity-1.9.0.aar (androidx.activity:activity:1.9.0) with AarToClassTransform
Transforming material3-window-size-class-release.aar (androidx.compose.material3:material3-window-size-class-android:1.2.1) with JetifyTransform
Transforming material3-window-size-class-release.aar (androidx.compose.material3:material3-window-size-class-android:1.2.1) with AarToClassTransform
Transforming material3-release.aar (androidx.compose.material3:material3-android:1.2.1) with JetifyTransform
Transforming material3-release.aar (androidx.compose.material3:material3-android:1.2.1) with AarToClassTransform
Transforming ui-util-release.aar (androidx.compose.ui:ui-util-android:1.7.8) with JetifyTransform
Transforming ui-util-release.aar (androidx.compose.ui:ui-util-android:1.7.8) with AarToClassTransform
Transforming ui-unit-release.aar (androidx.compose.ui:ui-unit-android:1.7.8) with JetifyTransform
Transforming ui-unit-release.aar (androidx.compose.ui:ui-unit-android:1.7.8) with AarToClassTransform
Transforming ui-text-release.aar (androidx.compose.ui:ui-text-android:1.7.8) with JetifyTransform
Transforming ui-text-release.aar (androidx.compose.ui:ui-text-android:1.7.8) with AarToClassTransform
Transforming ui-graphics-release.aar (androidx.compose.ui:ui-graphics-android:1.7.8) with JetifyTransform
Transforming ui-graphics-release.aar (androidx.compose.ui:ui-graphics-android:1.7.8) with AarToClassTransform
Transforming coil-compose-base-2.7.0.aar (io.coil-kt:coil-compose-base:2.7.0) with JetifyTransform
Transforming coil-compose-base-2.7.0.aar (io.coil-kt:coil-compose-base:2.7.0) with AarToClassTransform
Transforming foundation-layout-release.aar (androidx.compose.foundation:foundation-layout-android:1.7.8) with JetifyTransform
Transforming foundation-layout-release.aar (androidx.compose.foundation:foundation-layout-android:1.7.8) with AarToClassTransform
Transforming material-icons-core-release.aar (androidx.compose.material:material-icons-core-android:1.6.8) with JetifyTransform
Transforming material-icons-core-release.aar (androidx.compose.material:material-icons-core-android:1.6.8) with AarToClassTransform
Transforming material-icons-extended-release.aar (androidx.compose.material:material-icons-extended-android:1.6.8) with JetifyTransform
Transforming material-icons-extended-release.aar (androidx.compose.material:material-icons-extended-android:1.6.8) with AarToClassTransform
Transforming material-ripple-release.aar (androidx.compose.material:material-ripple-android:1.6.8) with JetifyTransform
Transforming material-ripple-release.aar (androidx.compose.material:material-ripple-android:1.6.8) with AarToClassTransform
Transforming foundation-release.aar (androidx.compose.foundation:foundation-android:1.7.8) with JetifyTransform
Transforming foundation-release.aar (androidx.compose.foundation:foundation-android:1.7.8) with AarToClassTransform
Transforming animation-core-release.aar (androidx.compose.animation:animation-core-android:1.7.8) with JetifyTransform
Transforming animation-core-release.aar (androidx.compose.animation:animation-core-android:1.7.8) with AarToClassTransform
Transforming animation-release.aar (androidx.compose.animation:animation-android:1.7.8) with JetifyTransform
Transforming animation-release.aar (androidx.compose.animation:animation-android:1.7.8) with AarToClassTransform
Transforming ui-geometry-release.aar (androidx.compose.ui:ui-geometry-android:1.7.8) with JetifyTransform
Transforming ui-geometry-release.aar (androidx.compose.ui:ui-geometry-android:1.7.8) with AarToClassTransform
Transforming ui-tooling-preview-release.aar (androidx.compose.ui:ui-tooling-preview-android:1.7.8) with JetifyTransform
Transforming ui-tooling-preview-release.aar (androidx.compose.ui:ui-tooling-preview-android:1.7.8) with AarToClassTransform
Transforming loader-1.0.0.aar (androidx.loader:loader:1.0.0) with JetifyTransform
Transforming loader-1.0.0.aar (androidx.loader:loader:1.0.0) with AarToClassTransform
Transforming navigation-common-ktx-2.5.1.aar (androidx.navigation:navigation-common-ktx:2.5.1) with JetifyTransform
Transforming navigation-common-ktx-2.5.1.aar (androidx.navigation:navigation-common-ktx:2.5.1) with AarToClassTransform
Transforming navigation-common-2.5.1.aar (androidx.navigation:navigation-common:2.5.1) with JetifyTransform
Transforming navigation-common-2.5.1.aar (androidx.navigation:navigation-common:2.5.1) with AarToClassTransform
Transforming core-ktx-1.13.1.aar (androidx.core:core-ktx:1.13.1) with JetifyTransform
Transforming core-ktx-1.13.1.aar (androidx.core:core-ktx:1.13.1) with AarToClassTransform
Transforming viewpager-1.0.0.aar (androidx.viewpager:viewpager:1.0.0) with JetifyTransform
Transforming viewpager-1.0.0.aar (androidx.viewpager:viewpager:1.0.0) with AarToClassTransform
Transforming customview-1.1.0.aar (androidx.customview:customview:1.1.0) with JetifyTransform
Transforming customview-1.1.0.aar (androidx.customview:customview:1.1.0) with AarToClassTransform
Transforming core-1.13.1.aar (androidx.core:core:1.13.1) with JetifyTransform
Transforming core-1.13.1.aar (androidx.core:core:1.13.1) with AarToClassTransform
Transforming core-1.13.1.aar (androidx.core:core:1.13.1) with JetifyTransform
Transforming core-1.13.1.aar (androidx.core:core:1.13.1) with AarToClassTransform
Transforming coil-2.7.0.aar (io.coil-kt:coil:2.7.0) with JetifyTransform
Transforming coil-2.7.0.aar (io.coil-kt:coil:2.7.0) with AarToClassTransform
Transforming coil-base-2.7.0.aar (io.coil-kt:coil-base:2.7.0) with JetifyTransform
Transforming coil-base-2.7.0.aar (io.coil-kt:coil-base:2.7.0) with AarToClassTransform
Transforming lifecycle-livedata-core-ktx-2.9.1.aar (androidx.lifecycle:lifecycle-livedata-core-ktx:2.9.1) with JetifyTransform
Transforming lifecycle-livedata-core-ktx-2.9.1.aar (androidx.lifecycle:lifecycle-livedata-core-ktx:2.9.1) with AarToClassTransform
Transforming lifecycle-runtime-ktx.aar (androidx.lifecycle:lifecycle-runtime-ktx-android:2.9.1) with JetifyTransform
Transforming lifecycle-runtime-ktx.aar (androidx.lifecycle:lifecycle-runtime-ktx-android:2.9.1) with AarToClassTransform
Transforming lifecycle-livedata-2.9.1.aar (androidx.lifecycle:lifecycle-livedata:2.9.1) with JetifyTransform
Transforming lifecycle-livedata-2.9.1.aar (androidx.lifecycle:lifecycle-livedata:2.9.1) with AarToClassTransform
Transforming lifecycle-runtime-release.aar (androidx.lifecycle:lifecycle-runtime-android:2.9.1) with JetifyTransform
Transforming lifecycle-runtime-release.aar (androidx.lifecycle:lifecycle-runtime-android:2.9.1) with AarToClassTransform
Transforming lifecycle-viewmodel-ktx-2.9.1.aar (androidx.lifecycle:lifecycle-viewmodel-ktx:2.9.1) with JetifyTransform
Transforming lifecycle-viewmodel-ktx-2.9.1.aar (androidx.lifecycle:lifecycle-viewmodel-ktx:2.9.1) with AarToClassTransform
Transforming lifecycle-runtime-compose-release.aar (androidx.lifecycle:lifecycle-runtime-compose-android:2.9.1) with JetifyTransform
Transforming lifecycle-runtime-compose-release.aar (androidx.lifecycle:lifecycle-runtime-compose-android:2.9.1) with AarToClassTransform
Transforming lifecycle-viewmodel-savedstate-release.aar (androidx.lifecycle:lifecycle-viewmodel-savedstate-android:2.9.1) with JetifyTransform
Transforming lifecycle-viewmodel-savedstate-release.aar (androidx.lifecycle:lifecycle-viewmodel-savedstate-android:2.9.1) with AarToClassTransform
Transforming lifecycle-viewmodel-2.9.1.aar (androidx.lifecycle:lifecycle-viewmodel:2.9.1) with JetifyTransform
Transforming lifecycle-viewmodel-2.9.1.aar (androidx.lifecycle:lifecycle-viewmodel:2.9.1) with AarToClassTransform
Transforming lifecycle-viewmodel-release.aar (androidx.lifecycle:lifecycle-viewmodel-android:2.9.1) with JetifyTransform
Transforming lifecycle-viewmodel-release.aar (androidx.lifecycle:lifecycle-viewmodel-android:2.9.1) with AarToClassTransform
Transforming savedstate-ktx-1.3.0.aar (androidx.savedstate:savedstate-ktx:1.3.0) with JetifyTransform
Transforming savedstate-ktx-1.3.0.aar (androidx.savedstate:savedstate-ktx:1.3.0) with AarToClassTransform
Transforming savedstate-release.aar (androidx.savedstate:savedstate-android:1.3.0) with JetifyTransform
Transforming savedstate-release.aar (androidx.savedstate:savedstate-android:1.3.0) with AarToClassTransform
Transforming lifecycle-common-jvm-2.9.1.jar (androidx.lifecycle:lifecycle-common-jvm:2.9.1) with JetifyTransform
Transforming lifecycle-common-jvm-2.9.1.jar (androidx.lifecycle:lifecycle-common-jvm:2.9.1) with IdentityTransform
Transforming lifecycle-livedata-core-2.9.1.aar (androidx.lifecycle:lifecycle-livedata-core:2.9.1) with JetifyTransform
Transforming lifecycle-livedata-core-2.9.1.aar (androidx.lifecycle:lifecycle-livedata-core:2.9.1) with AarToClassTransform
Transforming lifecycle-viewmodel-compose-release.aar (androidx.lifecycle:lifecycle-viewmodel-compose-android:2.9.1) with JetifyTransform
Transforming lifecycle-viewmodel-compose-release.aar (androidx.lifecycle:lifecycle-viewmodel-compose-android:2.9.1) with AarToClassTransform
Transforming ui-release.aar (androidx.compose.ui:ui-android:1.7.8) with JetifyTransform
Transforming ui-release.aar (androidx.compose.ui:ui-android:1.7.8) with AarToClassTransform
Transforming runtime-saveable-release.aar (androidx.compose.runtime:runtime-saveable-android:1.7.8) with JetifyTransform
Transforming runtime-saveable-release.aar (androidx.compose.runtime:runtime-saveable-android:1.7.8) with AarToClassTransform
Transforming runtime-release.aar (androidx.compose.runtime:runtime-android:1.7.8) with JetifyTransform
Transforming runtime-release.aar (androidx.compose.runtime:runtime-android:1.7.8) with AarToClassTransform
Transforming annotation-experimental-1.4.1.aar (androidx.annotation:annotation-experimental:1.4.1) with JetifyTransform
Transforming annotation-experimental-1.4.1.aar (androidx.annotation:annotation-experimental:1.4.1) with AarToClassTransform
Transforming kotlinx-coroutines-core-jvm-1.8.1.jar (org.jetbrains.kotlinx:kotlinx-coroutines-core-jvm:1.8.1) with JetifyTransform
Transforming kotlinx-coroutines-core-jvm-1.8.1.jar (org.jetbrains.kotlinx:kotlinx-coroutines-core-jvm:1.8.1) with IdentityTransform
Transforming kotlinx-coroutines-android-1.8.1.jar (org.jetbrains.kotlinx:kotlinx-coroutines-android:1.8.1) with JetifyTransform
Transforming kotlinx-coroutines-android-1.8.1.jar (org.jetbrains.kotlinx:kotlinx-coroutines-android:1.8.1) with IdentityTransform
Transforming documentfile-1.0.1.aar (androidx.documentfile:documentfile:1.0.1) with JetifyTransform
Transforming documentfile-1.0.1.aar (androidx.documentfile:documentfile:1.0.1) with AarToClassTransform
Transforming versionedparcelable-1.1.1.aar (androidx.versionedparcelable:versionedparcelable:1.1.1) with JetifyTransform
Transforming versionedparcelable-1.1.1.aar (androidx.versionedparcelable:versionedparcelable:1.1.1) with AarToClassTransform
Transforming collection-jvm-1.4.4.jar (androidx.collection:collection-jvm:1.4.4) with JetifyTransform
Transforming collection-jvm-1.4.4.jar (androidx.collection:collection-jvm:1.4.4) with IdentityTransform
Transforming sqlite-framework-release.aar (androidx.sqlite:sqlite-framework-android:2.5.1) with JetifyTransform
Transforming sqlite-framework-release.aar (androidx.sqlite:sqlite-framework-android:2.5.1) with AarToClassTransform
Transforming sqlite-release.aar (androidx.sqlite:sqlite-android:2.5.1) with JetifyTransform
Transforming sqlite-release.aar (androidx.sqlite:sqlite-android:2.5.1) with AarToClassTransform
Transforming core-runtime-2.2.0.aar (androidx.arch.core:core-runtime:2.2.0) with JetifyTransform
Transforming core-runtime-2.2.0.aar (androidx.arch.core:core-runtime:2.2.0) with AarToClassTransform
Transforming core-common-2.2.0.jar (androidx.arch.core:core-common:2.2.0) with JetifyTransform
Transforming core-common-2.2.0.jar (androidx.arch.core:core-common:2.2.0) with IdentityTransform
Transforming annotation-jvm-1.9.1.jar (androidx.annotation:annotation-jvm:1.9.1) with JetifyTransform
Transforming annotation-jvm-1.9.1.jar (androidx.annotation:annotation-jvm:1.9.1) with IdentityTransform
Transforming kotlinx-serialization-core-jvm-1.7.3.jar (org.jetbrains.kotlinx:kotlinx-serialization-core-jvm:1.7.3) with JetifyTransform
Transforming kotlinx-serialization-core-jvm-1.7.3.jar (org.jetbrains.kotlinx:kotlinx-serialization-core-jvm:1.7.3) with IdentityTransform
Transforming okhttp-4.12.0.jar (com.squareup.okhttp3:okhttp:4.12.0) with JetifyTransform
Transforming okhttp-4.12.0.jar (com.squareup.okhttp3:okhttp:4.12.0) with IdentityTransform
Transforming kotlin-stdlib-jdk8-1.9.25.jar (org.jetbrains.kotlin:kotlin-stdlib-jdk8:1.9.25) with JetifyTransform
Transforming kotlin-stdlib-jdk8-1.9.25.jar (org.jetbrains.kotlin:kotlin-stdlib-jdk8:1.9.25) with IdentityTransform
Transforming okio-jvm-3.9.0.jar (com.squareup.okio:okio-jvm:3.9.0) with JetifyTransform
Transforming okio-jvm-3.9.0.jar (com.squareup.okio:okio-jvm:3.9.0) with IdentityTransform
Transforming kotlin-stdlib-jdk7-1.9.25.jar (org.jetbrains.kotlin:kotlin-stdlib-jdk7:1.9.25) with JetifyTransform
Transforming kotlin-stdlib-jdk7-1.9.25.jar (org.jetbrains.kotlin:kotlin-stdlib-jdk7:1.9.25) with IdentityTransform
Transforming kotlin-stdlib-1.9.25.jar (org.jetbrains.kotlin:kotlin-stdlib:1.9.25) with JetifyTransform
Transforming kotlin-stdlib-1.9.25.jar (org.jetbrains.kotlin:kotlin-stdlib:1.9.25) with IdentityTransform
Transforming annotations-23.0.0.jar (org.jetbrains:annotations:23.0.0) with JetifyTransform
Transforming annotations-23.0.0.jar (org.jetbrains:annotations:23.0.0) with IdentityTransform
Transforming jspecify-1.0.0.jar (org.jspecify:jspecify:1.0.0) with JetifyTransform
Transforming jspecify-1.0.0.jar (org.jspecify:jspecify:1.0.0) with IdentityTransform
Transforming hilt-core-2.51.1.jar (com.google.dagger:hilt-core:2.51.1) with JetifyTransform
Transforming hilt-core-2.51.1.jar (com.google.dagger:hilt-core:2.51.1) with IdentityTransform
Transforming dagger-2.51.1.jar (com.google.dagger:dagger:2.51.1) with JetifyTransform
Transforming dagger-2.51.1.jar (com.google.dagger:dagger:2.51.1) with IdentityTransform
Transforming javax.inject-1.jar (javax.inject:javax.inject:1) with JetifyTransform
Transforming javax.inject-1.jar (javax.inject:javax.inject:1) with IdentityTransform
Transforming dagger-lint-aar-2.51.1.aar (com.google.dagger:dagger-lint-aar:2.51.1) with JetifyTransform
Transforming dagger-lint-aar-2.51.1.aar (com.google.dagger:dagger-lint-aar:2.51.1) with AarToClassTransform
Transforming jsr305-3.0.2.jar (com.google.code.findbugs:jsr305:3.0.2) with JetifyTransform
Transforming jsr305-3.0.2.jar (com.google.code.findbugs:jsr305:3.0.2) with IdentityTransform
Transforming R.jar with ClasspathEntrySnapshotTransform
Transforming classes.jar with ClasspathEntrySnapshotTransform
Transforming classes.jar with ClasspathEntrySnapshotTransform
Transforming classes.jar with ClasspathEntrySnapshotTransform
Transforming classes.jar with ClasspathEntrySnapshotTransform
Transforming jetified-hilt-navigation-compose-1.2.0-api.jar with ClasspathEntrySnapshotTransform
Transforming jetified-hilt-navigation-1.2.0-api.jar with ClasspathEntrySnapshotTransform
Transforming jetified-hilt-android-2.51.1-api.jar with ClasspathEntrySnapshotTransform
Transforming jetified-room-common-jvm-2.7.2.jar with ClasspathEntrySnapshotTransform
Transforming jetified-room-runtime-release-api.jar with ClasspathEntrySnapshotTransform
Transforming jetified-room-ktx-2.7.2-api.jar with ClasspathEntrySnapshotTransform
Transforming jetified-coil-compose-2.7.0-api.jar with ClasspathEntrySnapshotTransform
Transforming jetified-accompanist-permissions-0.37.3-api.jar with ClasspathEntrySnapshotTransform
Transforming fragment-1.5.1-api.jar with ClasspathEntrySnapshotTransform
Transforming jetified-navigation-compose-2.5.1-api.jar with ClasspathEntrySnapshotTransform
Transforming navigation-runtime-ktx-2.5.1-api.jar with ClasspathEntrySnapshotTransform
Transforming navigation-runtime-2.5.1-api.jar with ClasspathEntrySnapshotTransform
Transforming jetified-activity-ktx-1.9.0-api.jar with ClasspathEntrySnapshotTransform
Transforming jetified-activity-compose-1.9.0-api.jar with ClasspathEntrySnapshotTransform
Transforming jetified-activity-1.9.0-api.jar with ClasspathEntrySnapshotTransform
Transforming jetified-material3-window-size-class-release-api.jar with ClasspathEntrySnapshotTransform
Transforming jetified-material3-release-api.jar with ClasspathEntrySnapshotTransform
Transforming jetified-ui-util-release-api.jar with ClasspathEntrySnapshotTransform
Transforming jetified-ui-unit-release-api.jar with ClasspathEntrySnapshotTransform
Transforming jetified-ui-text-release-api.jar with ClasspathEntrySnapshotTransform
Transforming jetified-ui-graphics-release-api.jar with ClasspathEntrySnapshotTransform
Transforming jetified-coil-compose-base-2.7.0-api.jar with ClasspathEntrySnapshotTransform
Transforming jetified-foundation-layout-release-api.jar with ClasspathEntrySnapshotTransform
Transforming jetified-material-icons-core-release-api.jar with ClasspathEntrySnapshotTransform
Transforming jetified-material-icons-extended-release-api.jar with ClasspathEntrySnapshotTransform
Transforming jetified-material-ripple-release-api.jar with ClasspathEntrySnapshotTransform
Transforming jetified-foundation-release-api.jar with ClasspathEntrySnapshotTransform
Transforming jetified-animation-core-release-api.jar with ClasspathEntrySnapshotTransform
Transforming jetified-animation-release-api.jar with ClasspathEntrySnapshotTransform
Transforming jetified-ui-geometry-release-api.jar with ClasspathEntrySnapshotTransform
Transforming jetified-ui-tooling-preview-release-api.jar with ClasspathEntrySnapshotTransform
Transforming loader-1.0.0-api.jar with ClasspathEntrySnapshotTransform
Transforming navigation-common-ktx-2.5.1-api.jar with ClasspathEntrySnapshotTransform
Transforming navigation-common-2.5.1-api.jar with ClasspathEntrySnapshotTransform
Transforming jetified-core-ktx-1.13.1-api.jar with ClasspathEntrySnapshotTransform
Transforming viewpager-1.0.0-api.jar with ClasspathEntrySnapshotTransform
Transforming customview-1.1.0-api.jar with ClasspathEntrySnapshotTransform
Transforming core-1.13.1-api.jar with ClasspathEntrySnapshotTransform
Transforming jetified-coil-2.7.0-api.jar with ClasspathEntrySnapshotTransform
Transforming jetified-coil-base-2.7.0-api.jar with ClasspathEntrySnapshotTransform
Transforming jetified-lifecycle-livedata-core-ktx-2.9.1-api.jar with ClasspathEntrySnapshotTransform
Transforming jetified-lifecycle-runtime-ktx-api.jar with ClasspathEntrySnapshotTransform
Transforming lifecycle-livedata-2.9.1-api.jar with ClasspathEntrySnapshotTransform
Transforming jetified-lifecycle-runtime-release-api.jar with ClasspathEntrySnapshotTransform
Transforming jetified-lifecycle-viewmodel-ktx-2.9.1-api.jar with ClasspathEntrySnapshotTransform
Transforming jetified-lifecycle-runtime-compose-release-api.jar with ClasspathEntrySnapshotTransform
Transforming jetified-lifecycle-viewmodel-savedstate-release-api.jar with ClasspathEntrySnapshotTransform
Transforming lifecycle-viewmodel-2.9.1-api.jar with ClasspathEntrySnapshotTransform
Transforming jetified-lifecycle-viewmodel-release-api.jar with ClasspathEntrySnapshotTransform
Transforming jetified-savedstate-ktx-1.3.0-api.jar with ClasspathEntrySnapshotTransform
Transforming jetified-savedstate-release-api.jar with ClasspathEntrySnapshotTransform
Transforming jetified-lifecycle-common-jvm-2.9.1.jar with ClasspathEntrySnapshotTransform
Transforming lifecycle-livedata-core-2.9.1-api.jar with ClasspathEntrySnapshotTransform
Transforming jetified-lifecycle-viewmodel-compose-release-api.jar with ClasspathEntrySnapshotTransform
Transforming jetified-ui-release-api.jar with ClasspathEntrySnapshotTransform
Transforming jetified-runtime-saveable-release-api.jar with ClasspathEntrySnapshotTransform
Transforming jetified-runtime-release-api.jar with ClasspathEntrySnapshotTransform
Transforming jetified-annotation-experimental-1.4.1-api.jar with ClasspathEntrySnapshotTransform
Transforming jetified-kotlinx-coroutines-core-jvm-1.8.1.jar with ClasspathEntrySnapshotTransform
Transforming jetified-kotlinx-coroutines-android-1.8.1.jar with ClasspathEntrySnapshotTransform
Transforming documentfile-1.0.1-api.jar with ClasspathEntrySnapshotTransform
Transforming versionedparcelable-1.1.1-api.jar with ClasspathEntrySnapshotTransform
Transforming jetified-collection-jvm-1.4.4.jar with ClasspathEntrySnapshotTransform
Transforming jetified-sqlite-framework-release-api.jar with ClasspathEntrySnapshotTransform
Transforming jetified-sqlite-release-api.jar with ClasspathEntrySnapshotTransform
Transforming core-runtime-2.2.0-api.jar with ClasspathEntrySnapshotTransform
Transforming core-common-2.2.0.jar with ClasspathEntrySnapshotTransform
Transforming jetified-annotation-jvm-1.9.1.jar with ClasspathEntrySnapshotTransform
Transforming jetified-kotlinx-serialization-core-jvm-1.7.3.jar with ClasspathEntrySnapshotTransform
Transforming jetified-okhttp-4.12.0.jar with ClasspathEntrySnapshotTransform
Transforming jetified-kotlin-stdlib-jdk8-1.9.25.jar with ClasspathEntrySnapshotTransform
Transforming jetified-okio-jvm-3.9.0.jar with ClasspathEntrySnapshotTransform
Transforming jetified-kotlin-stdlib-jdk7-1.9.25.jar with ClasspathEntrySnapshotTransform
Transforming jetified-kotlin-stdlib-1.9.25.jar with ClasspathEntrySnapshotTransform
Transforming jetified-annotations-23.0.0.jar with ClasspathEntrySnapshotTransform
Transforming jetified-jspecify-1.0.0.jar with ClasspathEntrySnapshotTransform
Transforming jetified-hilt-core-2.51.1.jar with ClasspathEntrySnapshotTransform
Transforming jetified-dagger-2.51.1.jar with ClasspathEntrySnapshotTransform
Transforming jetified-javax.inject-1.jar with ClasspathEntrySnapshotTransform
Transforming jetified-dagger-lint-aar-2.51.1-api.jar with ClasspathEntrySnapshotTransform
Transforming jetified-jsr305-3.0.2.jar with ClasspathEntrySnapshotTransform
Transforming android.jar with ClasspathEntrySnapshotTransform
Transforming core-lambda-stubs.jar with ClasspathEntrySnapshotTransform
file or directory 'C:\Users\xmeta\projects\Mr.Comic\android\feature-library\src\debug\kotlin', not found
file or directory 'C:\Users\xmeta\projects\Mr.Comic\android\feature-library\src\debug\java', not found
file or directory 'C:\Users\xmeta\projects\Mr.Comic\android\feature-library\src\main\kotlin', not found
file or directory 'C:\Users\xmeta\projects\Mr.Comic\android\feature-library\src\debug\java', not found
Build cache key for task ':android:feature-library:kspDebugKotlin' is 95dca68f8e9554f5512a26f1287d0eb6
Skipping task ':android:feature-library:kspDebugKotlin' as it is up-to-date.

> Task :android:feature-library:kspDebugKotlin UP-TO-DATE
Resolve mutations for :android:feature-library:compileDebugKotlin (Thread[included builds,5,main]) started.
:android:feature-library:compileDebugKotlin (Thread[included builds,5,main]) started.

> Task :android:feature-library:compileDebugKotlin UP-TO-DATE
Transforming R.jar with ClasspathEntrySnapshotTransform
Transforming classes.jar with ClasspathEntrySnapshotTransform
Transforming classes.jar with ClasspathEntrySnapshotTransform
Transforming classes.jar with ClasspathEntrySnapshotTransform
Transforming classes.jar with ClasspathEntrySnapshotTransform
Transforming jetified-hilt-navigation-compose-1.2.0-api.jar with ClasspathEntrySnapshotTransform
Transforming jetified-hilt-navigation-1.2.0-api.jar with ClasspathEntrySnapshotTransform
Transforming jetified-hilt-android-2.51.1-api.jar with ClasspathEntrySnapshotTransform
Transforming jetified-room-common-jvm-2.7.2.jar with ClasspathEntrySnapshotTransform
Transforming jetified-room-runtime-release-api.jar with ClasspathEntrySnapshotTransform
Transforming jetified-room-ktx-2.7.2-api.jar with ClasspathEntrySnapshotTransform
Transforming jetified-coil-compose-2.7.0-api.jar with ClasspathEntrySnapshotTransform
Transforming jetified-accompanist-permissions-0.37.3-api.jar with ClasspathEntrySnapshotTransform
Transforming fragment-1.5.1-api.jar with ClasspathEntrySnapshotTransform
Transforming jetified-navigation-compose-2.5.1-api.jar with ClasspathEntrySnapshotTransform
Transforming navigation-runtime-ktx-2.5.1-api.jar with ClasspathEntrySnapshotTransform
Transforming navigation-runtime-2.5.1-api.jar with ClasspathEntrySnapshotTransform
Transforming jetified-activity-ktx-1.9.0-api.jar with ClasspathEntrySnapshotTransform
Transforming jetified-activity-compose-1.9.0-api.jar with ClasspathEntrySnapshotTransform
Transforming jetified-activity-1.9.0-api.jar with ClasspathEntrySnapshotTransform
Transforming jetified-material3-window-size-class-release-api.jar with ClasspathEntrySnapshotTransform
Transforming jetified-material3-release-api.jar with ClasspathEntrySnapshotTransform
Transforming jetified-ui-util-release-api.jar with ClasspathEntrySnapshotTransform
Transforming jetified-ui-unit-release-api.jar with ClasspathEntrySnapshotTransform
Transforming jetified-ui-text-release-api.jar with ClasspathEntrySnapshotTransform
Transforming jetified-ui-graphics-release-api.jar with ClasspathEntrySnapshotTransform
Transforming jetified-coil-compose-base-2.7.0-api.jar with ClasspathEntrySnapshotTransform
Transforming jetified-foundation-layout-release-api.jar with ClasspathEntrySnapshotTransform
Transforming jetified-material-icons-core-release-api.jar with ClasspathEntrySnapshotTransform
Transforming jetified-material-icons-extended-release-api.jar with ClasspathEntrySnapshotTransform
Transforming jetified-material-ripple-release-api.jar with ClasspathEntrySnapshotTransform
Transforming jetified-foundation-release-api.jar with ClasspathEntrySnapshotTransform
Transforming jetified-animation-core-release-api.jar with ClasspathEntrySnapshotTransform
Transforming jetified-animation-release-api.jar with ClasspathEntrySnapshotTransform
Transforming jetified-ui-geometry-release-api.jar with ClasspathEntrySnapshotTransform
Transforming jetified-ui-tooling-preview-release-api.jar with ClasspathEntrySnapshotTransform
Transforming loader-1.0.0-api.jar with ClasspathEntrySnapshotTransform
Transforming navigation-common-ktx-2.5.1-api.jar with ClasspathEntrySnapshotTransform
Transforming navigation-common-2.5.1-api.jar with ClasspathEntrySnapshotTransform
Transforming jetified-core-ktx-1.13.1-api.jar with ClasspathEntrySnapshotTransform
Transforming viewpager-1.0.0-api.jar with ClasspathEntrySnapshotTransform
Transforming customview-1.1.0-api.jar with ClasspathEntrySnapshotTransform
Transforming core-1.13.1-api.jar with ClasspathEntrySnapshotTransform
Transforming jetified-coil-2.7.0-api.jar with ClasspathEntrySnapshotTransform
Transforming jetified-coil-base-2.7.0-api.jar with ClasspathEntrySnapshotTransform
Transforming jetified-lifecycle-livedata-core-ktx-2.9.1-api.jar with ClasspathEntrySnapshotTransform
Transforming jetified-lifecycle-runtime-ktx-api.jar with ClasspathEntrySnapshotTransform
Transforming lifecycle-livedata-2.9.1-api.jar with ClasspathEntrySnapshotTransform
Transforming jetified-lifecycle-runtime-release-api.jar with ClasspathEntrySnapshotTransform
Transforming jetified-lifecycle-viewmodel-ktx-2.9.1-api.jar with ClasspathEntrySnapshotTransform
Transforming jetified-lifecycle-runtime-compose-release-api.jar with ClasspathEntrySnapshotTransform
Transforming jetified-lifecycle-viewmodel-savedstate-release-api.jar with ClasspathEntrySnapshotTransform
Transforming lifecycle-viewmodel-2.9.1-api.jar with ClasspathEntrySnapshotTransform
Transforming jetified-lifecycle-viewmodel-release-api.jar with ClasspathEntrySnapshotTransform
Transforming jetified-savedstate-ktx-1.3.0-api.jar with ClasspathEntrySnapshotTransform
Transforming jetified-savedstate-release-api.jar with ClasspathEntrySnapshotTransform
Transforming jetified-lifecycle-common-jvm-2.9.1.jar with ClasspathEntrySnapshotTransform
Transforming lifecycle-livedata-core-2.9.1-api.jar with ClasspathEntrySnapshotTransform
Transforming jetified-lifecycle-viewmodel-compose-release-api.jar with ClasspathEntrySnapshotTransform
Transforming jetified-ui-release-api.jar with ClasspathEntrySnapshotTransform
Transforming jetified-runtime-saveable-release-api.jar with ClasspathEntrySnapshotTransform
Transforming jetified-runtime-release-api.jar with ClasspathEntrySnapshotTransform
Transforming jetified-annotation-experimental-1.4.1-api.jar with ClasspathEntrySnapshotTransform
Transforming jetified-kotlinx-coroutines-core-jvm-1.8.1.jar with ClasspathEntrySnapshotTransform
Transforming jetified-kotlinx-coroutines-android-1.8.1.jar with ClasspathEntrySnapshotTransform
Transforming documentfile-1.0.1-api.jar with ClasspathEntrySnapshotTransform
Transforming versionedparcelable-1.1.1-api.jar with ClasspathEntrySnapshotTransform
Transforming jetified-collection-jvm-1.4.4.jar with ClasspathEntrySnapshotTransform
Transforming jetified-sqlite-framework-release-api.jar with ClasspathEntrySnapshotTransform
Transforming jetified-sqlite-release-api.jar with ClasspathEntrySnapshotTransform
Transforming core-runtime-2.2.0-api.jar with ClasspathEntrySnapshotTransform
Transforming core-common-2.2.0.jar with ClasspathEntrySnapshotTransform
Transforming jetified-annotation-jvm-1.9.1.jar with ClasspathEntrySnapshotTransform
Transforming jetified-kotlinx-serialization-core-jvm-1.7.3.jar with ClasspathEntrySnapshotTransform
Transforming jetified-okhttp-4.12.0.jar with ClasspathEntrySnapshotTransform
Transforming jetified-kotlin-stdlib-jdk8-1.9.25.jar with ClasspathEntrySnapshotTransform
Transforming jetified-okio-jvm-3.9.0.jar with ClasspathEntrySnapshotTransform
Transforming jetified-kotlin-stdlib-jdk7-1.9.25.jar with ClasspathEntrySnapshotTransform
Transforming jetified-kotlin-stdlib-1.9.25.jar with ClasspathEntrySnapshotTransform
Transforming jetified-annotations-23.0.0.jar with ClasspathEntrySnapshotTransform
Transforming jetified-jspecify-1.0.0.jar with ClasspathEntrySnapshotTransform
Transforming jetified-hilt-core-2.51.1.jar with ClasspathEntrySnapshotTransform
Transforming jetified-dagger-2.51.1.jar with ClasspathEntrySnapshotTransform
Transforming jetified-javax.inject-1.jar with ClasspathEntrySnapshotTransform
Transforming jetified-dagger-lint-aar-2.51.1-api.jar with ClasspathEntrySnapshotTransform
Transforming jetified-jsr305-3.0.2.jar with ClasspathEntrySnapshotTransform
Transforming android.jar with ClasspathEntrySnapshotTransform
Transforming core-lambda-stubs.jar with ClasspathEntrySnapshotTransform
Build cache key for task ':android:feature-library:compileDebugKotlin' is cc68e28b8403b5e7d6a1e305536ce2c8
Skipping task ':android:feature-library:compileDebugKotlin' as it is up-to-date.
Resolve mutations for :android:feature-library:compileDebugJavaWithJavac (Thread[included builds,5,main]) started.
:android:feature-library:compileDebugJavaWithJavac (Thread[included builds,5,main]) started.

> Task :android:feature-library:compileDebugJavaWithJavac UP-TO-DATE
file or directory 'C:\Users\xmeta\projects\Mr.Comic\android\feature-library\build\generated\ksp\debug\classes', not found
Transforming core-for-system-modules.jar with JdkImageTransform
Transforming core-for-system-modules.jar with JdkImageTransform
Transforming core-for-system-modules.jar with JdkImageTransform
Transforming core-for-system-modules.jar with JdkImageTransform
file or directory 'C:\Users\xmeta\projects\Mr.Comic\android\feature-library\build\generated\ksp\debug\classes', not found
Transforming core-for-system-modules.jar with JdkImageTransform
Transforming core-for-system-modules.jar with JdkImageTransform
Custom actions are attached to task ':android:feature-library:compileDebugJavaWithJavac'.
Build cache key for task ':android:feature-library:compileDebugJavaWithJavac' is 55f0417e8e6dcbe6861c16fe1fab10d4
Skipping task ':android:feature-library:compileDebugJavaWithJavac' as it is up-to-date.
No compile result for :android:feature-library:compileDebugJavaWithJavac
No compile result for :android:feature-library:compileDebugJavaWithJavac
Resolve mutations for :android:feature-library:transformDebugClassesWithAsm (Thread[included builds,5,main]) started.
:android:feature-library:transformDebugClassesWithAsm (Thread[included builds,5,main]) started.

> Task :android:feature-library:transformDebugClassesWithAsm UP-TO-DATE
file or directory 'C:\Users\xmeta\projects\Mr.Comic\android\feature-library\build\generated\ksp\debug\classes', not found
file or directory 'C:\Users\xmeta\projects\Mr.Comic\android\feature-library\build\generated\ksp\debug\classes', not found
Transforming hilt-navigation-compose-1.2.0.aar (androidx.hilt:hilt-navigation-compose:1.2.0) with JetifyTransform
Transforming hilt-navigation-compose-1.2.0.aar (androidx.hilt:hilt-navigation-compose:1.2.0) with AarToClassTransform
Transforming hilt-work-1.2.0.aar (androidx.hilt:hilt-work:1.2.0) with JetifyTransform
Transforming hilt-work-1.2.0.aar (androidx.hilt:hilt-work:1.2.0) with AarToClassTransform
Transforming hilt-navigation-1.2.0.aar (androidx.hilt:hilt-navigation:1.2.0) with JetifyTransform
Transforming hilt-navigation-1.2.0.aar (androidx.hilt:hilt-navigation:1.2.0) with AarToClassTransform
Transforming hilt-android-2.51.1.aar (com.google.dagger:hilt-android:2.51.1) with JetifyTransform
Transforming hilt-android-2.51.1.aar (com.google.dagger:hilt-android:2.51.1) with AarToClassTransform
Transforming room-common-jvm-2.7.2.jar (androidx.room:room-common-jvm:2.7.2) with JetifyTransform
Transforming room-common-jvm-2.7.2.jar (androidx.room:room-common-jvm:2.7.2) with IdentityTransform
Transforming room-runtime-release.aar (androidx.room:room-runtime-android:2.7.2) with JetifyTransform
Transforming room-runtime-release.aar (androidx.room:room-runtime-android:2.7.2) with AarToClassTransform
Transforming work-runtime-ktx-2.9.0.aar (androidx.work:work-runtime-ktx:2.9.0) with JetifyTransform
Transforming work-runtime-ktx-2.9.0.aar (androidx.work:work-runtime-ktx:2.9.0) with AarToClassTransform
Transforming work-runtime-2.9.0.aar (androidx.work:work-runtime:2.9.0) with JetifyTransform
Transforming work-runtime-2.9.0.aar (androidx.work:work-runtime:2.9.0) with AarToClassTransform
Transforming room-ktx-2.7.2.aar (androidx.room:room-ktx:2.7.2) with JetifyTransform
Transforming room-ktx-2.7.2.aar (androidx.room:room-ktx:2.7.2) with AarToClassTransform
Transforming coil-compose-2.7.0.aar (io.coil-kt:coil-compose:2.7.0) with JetifyTransform
Transforming coil-compose-2.7.0.aar (io.coil-kt:coil-compose:2.7.0) with AarToClassTransform
Transforming accompanist-permissions-0.37.3.aar (com.google.accompanist:accompanist-permissions:0.37.3) with JetifyTransform
Transforming accompanist-permissions-0.37.3.aar (com.google.accompanist:accompanist-permissions:0.37.3) with AarToClassTransform
Transforming lottie-compose-6.4.1.aar (com.airbnb.android:lottie-compose:6.4.1) with JetifyTransform
Transforming lottie-compose-6.4.1.aar (com.airbnb.android:lottie-compose:6.4.1) with AarToClassTransform
Transforming accompanist-systemuicontroller-0.34.0.aar (com.google.accompanist:accompanist-systemuicontroller:0.34.0) with JetifyTransform
Transforming accompanist-systemuicontroller-0.34.0.aar (com.google.accompanist:accompanist-systemuicontroller:0.34.0) with AarToClassTransform
Transforming accompanist-adaptive-0.34.0.aar (com.google.accompanist:accompanist-adaptive:0.34.0) with JetifyTransform
Transforming accompanist-adaptive-0.34.0.aar (com.google.accompanist:accompanist-adaptive:0.34.0) with AarToClassTransform
Transforming material-1.11.0.aar (com.google.android.material:material:1.11.0) with JetifyTransform
Transforming material-1.11.0.aar (com.google.android.material:material:1.11.0) with AarToClassTransform
Transforming lottie-6.4.1.aar (com.airbnb.android:lottie:6.4.1) with JetifyTransform
Transforming lottie-6.4.1.aar (com.airbnb.android:lottie:6.4.1) with AarToClassTransform
Transforming coil-compose-base-2.7.0.aar (io.coil-kt:coil-compose-base:2.7.0) with JetifyTransform
Transforming coil-compose-base-2.7.0.aar (io.coil-kt:coil-compose-base:2.7.0) with AarToClassTransform
Transforming coil-2.7.0.aar (io.coil-kt:coil:2.7.0) with JetifyTransform
Transforming coil-2.7.0.aar (io.coil-kt:coil:2.7.0) with AarToClassTransform
Transforming coil-base-2.7.0.aar (io.coil-kt:coil-base:2.7.0) with JetifyTransform
Transforming coil-base-2.7.0.aar (io.coil-kt:coil-base:2.7.0) with AarToClassTransform
Transforming appcompat-resources-1.6.1.aar (androidx.appcompat:appcompat-resources:1.6.1) with JetifyTransform
Transforming appcompat-resources-1.6.1.aar (androidx.appcompat:appcompat-resources:1.6.1) with AarToClassTransform
Transforming constraintlayout-2.0.1.aar (androidx.constraintlayout:constraintlayout:2.0.1) with JetifyTransform
Transforming constraintlayout-2.0.1.aar (androidx.constraintlayout:constraintlayout:2.0.1) with AarToClassTransform
Transforming appcompat-1.6.1.aar (androidx.appcompat:appcompat:1.6.1) with JetifyTransform
Transforming appcompat-1.6.1.aar (androidx.appcompat:appcompat:1.6.1) with AarToClassTransform
Transforming datastore-preferences-external-protobuf-1.1.7.jar (androidx.datastore:datastore-preferences-external-protobuf:1.1.7) with JetifyTransform
Transforming datastore-preferences-external-protobuf-1.1.7.jar (androidx.datastore:datastore-preferences-external-protobuf:1.1.7) with IdentityTransform
Transforming datastore-core-okio-jvm-1.1.7.jar (androidx.datastore:datastore-core-okio-jvm:1.1.7) with JetifyTransform
Transforming datastore-core-okio-jvm-1.1.7.jar (androidx.datastore:datastore-core-okio-jvm:1.1.7) with IdentityTransform
Transforming datastore-preferences-proto-1.1.7.jar (androidx.datastore:datastore-preferences-proto:1.1.7) with JetifyTransform
Transforming datastore-preferences-proto-1.1.7.jar (androidx.datastore:datastore-preferences-proto:1.1.7) with IdentityTransform
Transforming datastore-preferences-core-release.aar (androidx.datastore:datastore-preferences-core-android:1.1.7) with JetifyTransform
Transforming datastore-preferences-core-release.aar (androidx.datastore:datastore-preferences-core-android:1.1.7) with AarToClassTransform
Transforming datastore-preferences-release.aar (androidx.datastore:datastore-preferences-android:1.1.7) with JetifyTransform
Transforming datastore-preferences-release.aar (androidx.datastore:datastore-preferences-android:1.1.7) with AarToClassTransform
Transforming datastore-release.aar (androidx.datastore:datastore-android:1.1.7) with JetifyTransform
Transforming datastore-release.aar (androidx.datastore:datastore-android:1.1.7) with AarToClassTransform
Transforming datastore-core-release.aar (androidx.datastore:datastore-core-android:1.1.7) with JetifyTransform
Transforming datastore-core-release.aar (androidx.datastore:datastore-core-android:1.1.7) with AarToClassTransform
Transforming kotlin-parcelize-runtime-1.9.25.jar (org.jetbrains.kotlin:kotlin-parcelize-runtime:1.9.25) with JetifyTransform
Transforming kotlin-parcelize-runtime-1.9.25.jar (org.jetbrains.kotlin:kotlin-parcelize-runtime:1.9.25) with IdentityTransform
Transforming navigation-compose-2.5.1.aar (androidx.navigation:navigation-compose:2.5.1) with JetifyTransform
Transforming navigation-compose-2.5.1.aar (androidx.navigation:navigation-compose:2.5.1) with AarToClassTransform
Transforming material3-window-size-class-release.aar (androidx.compose.material3:material3-window-size-class-android:1.2.1) with JetifyTransform
Transforming material3-window-size-class-release.aar (androidx.compose.material3:material3-window-size-class-android:1.2.1) with AarToClassTransform
Transforming material3-release.aar (androidx.compose.material3:material3-android:1.2.1) with JetifyTransform
Transforming material3-release.aar (androidx.compose.material3:material3-android:1.2.1) with AarToClassTransform
Transforming glide-4.15.1.aar (com.github.bumptech.glide:glide:4.15.1) with JetifyTransform
Transforming glide-4.15.1.aar (com.github.bumptech.glide:glide:4.15.1) with AarToClassTransform
Transforming viewpager2-1.0.0.aar (androidx.viewpager2:viewpager2:1.0.0) with JetifyTransform
Transforming viewpager2-1.0.0.aar (androidx.viewpager2:viewpager2:1.0.0) with AarToClassTransform
Transforming pdfium-android-1.9.0.aar (com.github.barteksc:pdfium-android:1.9.0) with JetifyTransform
Transforming pdfium-android-1.9.0.aar (com.github.barteksc:pdfium-android:1.9.0) with AarToClassTransform
Transforming legacy-support-v4-1.0.0.aar (androidx.legacy:legacy-support-v4:1.0.0) with JetifyTransform
Transforming legacy-support-v4-1.0.0.aar (androidx.legacy:legacy-support-v4:1.0.0) with AarToClassTransform
Transforming fragment-1.5.1.aar (androidx.fragment:fragment:1.5.1) with JetifyTransform
Transforming fragment-1.5.1.aar (androidx.fragment:fragment:1.5.1) with AarToClassTransform
Transforming fragment-1.5.1.aar (androidx.fragment:fragment:1.5.1) with JetifyTransform
Transforming fragment-1.5.1.aar (androidx.fragment:fragment:1.5.1) with AarToClassTransform
Transforming palette-1.0.0.aar (androidx.palette:palette:1.0.0) with JetifyTransform
Transforming palette-1.0.0.aar (androidx.palette:palette:1.0.0) with AarToClassTransform
Transforming dynamicanimation-1.0.0.aar (androidx.dynamicanimation:dynamicanimation:1.0.0) with JetifyTransform
Transforming dynamicanimation-1.0.0.aar (androidx.dynamicanimation:dynamicanimation:1.0.0) with AarToClassTransform
Transforming legacy-support-core-ui-1.0.0.aar (androidx.legacy:legacy-support-core-ui:1.0.0) with JetifyTransform
Transforming legacy-support-core-ui-1.0.0.aar (androidx.legacy:legacy-support-core-ui:1.0.0) with AarToClassTransform
Transforming legacy-support-core-utils-1.0.0.aar (androidx.legacy:legacy-support-core-utils:1.0.0) with JetifyTransform
Transforming legacy-support-core-utils-1.0.0.aar (androidx.legacy:legacy-support-core-utils:1.0.0) with AarToClassTransform
Transforming loader-1.0.0.aar (androidx.loader:loader:1.0.0) with JetifyTransform
Transforming loader-1.0.0.aar (androidx.loader:loader:1.0.0) with AarToClassTransform
Transforming loader-1.0.0.aar (androidx.loader:loader:1.0.0) with JetifyTransform
Transforming loader-1.0.0.aar (androidx.loader:loader:1.0.0) with AarToClassTransform
Transforming navigation-runtime-ktx-2.5.1.aar (androidx.navigation:navigation-runtime-ktx:2.5.1) with JetifyTransform
Transforming navigation-runtime-ktx-2.5.1.aar (androidx.navigation:navigation-runtime-ktx:2.5.1) with AarToClassTransform
Transforming navigation-runtime-2.5.1.aar (androidx.navigation:navigation-runtime:2.5.1) with JetifyTransform
Transforming navigation-runtime-2.5.1.aar (androidx.navigation:navigation-runtime:2.5.1) with AarToClassTransform
Transforming constraintlayout-compose-1.0.1.aar (androidx.constraintlayout:constraintlayout-compose:1.0.1) with JetifyTransform
Transforming constraintlayout-compose-1.0.1.aar (androidx.constraintlayout:constraintlayout-compose:1.0.1) with AarToClassTransform
Transforming accompanist-drawablepainter-0.32.0.aar (com.google.accompanist:accompanist-drawablepainter:0.32.0) with JetifyTransform
Transforming accompanist-drawablepainter-0.32.0.aar (com.google.accompanist:accompanist-drawablepainter:0.32.0) with AarToClassTransform
Transforming material-ripple-release.aar (androidx.compose.material:material-ripple-android:1.6.8) with JetifyTransform
Transforming material-ripple-release.aar (androidx.compose.material:material-ripple-android:1.6.8) with AarToClassTransform
Transforming material-release.aar (androidx.compose.material:material-android:1.6.8) with JetifyTransform
Transforming material-release.aar (androidx.compose.material:material-android:1.6.8) with AarToClassTransform
Transforming material-icons-extended-release.aar (androidx.compose.material:material-icons-extended-android:1.6.8) with JetifyTransform
Transforming material-icons-extended-release.aar (androidx.compose.material:material-icons-extended-android:1.6.8) with AarToClassTransform
Transforming material-icons-core-release.aar (androidx.compose.material:material-icons-core-android:1.6.8) with JetifyTransform
Transforming material-icons-core-release.aar (androidx.compose.material:material-icons-core-android:1.6.8) with AarToClassTransform
Transforming foundation-layout-release.aar (androidx.compose.foundation:foundation-layout-android:1.7.8) with JetifyTransform
Transforming foundation-layout-release.aar (androidx.compose.foundation:foundation-layout-android:1.7.8) with AarToClassTransform
Transforming foundation-release.aar (androidx.compose.foundation:foundation-android:1.7.8) with JetifyTransform
Transforming foundation-release.aar (androidx.compose.foundation:foundation-android:1.7.8) with AarToClassTransform
Transforming animation-core-release.aar (androidx.compose.animation:animation-core-android:1.7.8) with JetifyTransform
Transforming animation-core-release.aar (androidx.compose.animation:animation-core-android:1.7.8) with AarToClassTransform
Transforming animation-release.aar (androidx.compose.animation:animation-android:1.7.8) with JetifyTransform
Transforming animation-release.aar (androidx.compose.animation:animation-android:1.7.8) with AarToClassTransform
Transforming ui-geometry-release.aar (androidx.compose.ui:ui-geometry-android:1.7.8) with JetifyTransform
Transforming ui-geometry-release.aar (androidx.compose.ui:ui-geometry-android:1.7.8) with AarToClassTransform
Transforming ui-tooling-preview-release.aar (androidx.compose.ui:ui-tooling-preview-android:1.7.8) with JetifyTransform
Transforming ui-tooling-preview-release.aar (androidx.compose.ui:ui-tooling-preview-android:1.7.8) with AarToClassTransform
Transforming ui-util-release.aar (androidx.compose.ui:ui-util-android:1.7.8) with JetifyTransform
Transforming ui-util-release.aar (androidx.compose.ui:ui-util-android:1.7.8) with AarToClassTransform
Transforming ui-unit-release.aar (androidx.compose.ui:ui-unit-android:1.7.8) with JetifyTransform
Transforming ui-unit-release.aar (androidx.compose.ui:ui-unit-android:1.7.8) with AarToClassTransform
Transforming ui-text-release.aar (androidx.compose.ui:ui-text-android:1.7.8) with JetifyTransform
Transforming ui-text-release.aar (androidx.compose.ui:ui-text-android:1.7.8) with AarToClassTransform
Transforming ui-graphics-release.aar (androidx.compose.ui:ui-graphics-android:1.7.8) with JetifyTransform
Transforming ui-graphics-release.aar (androidx.compose.ui:ui-graphics-android:1.7.8) with AarToClassTransform
Transforming ui-release.aar (androidx.compose.ui:ui-android:1.7.8) with JetifyTransform
Transforming ui-release.aar (androidx.compose.ui:ui-android:1.7.8) with AarToClassTransform
Transforming activity-ktx-1.9.0.aar (androidx.activity:activity-ktx:1.9.0) with JetifyTransform
Transforming activity-ktx-1.9.0.aar (androidx.activity:activity-ktx:1.9.0) with AarToClassTransform
Transforming activity-1.9.0.aar (androidx.activity:activity:1.9.0) with JetifyTransform
Transforming activity-1.9.0.aar (androidx.activity:activity:1.9.0) with AarToClassTransform
Transforming activity-compose-1.9.0.aar (androidx.activity:activity-compose:1.9.0) with JetifyTransform
Transforming activity-compose-1.9.0.aar (androidx.activity:activity-compose:1.9.0) with AarToClassTransform
Transforming navigation-common-ktx-2.5.1.aar (androidx.navigation:navigation-common-ktx:2.5.1) with JetifyTransform
Transforming navigation-common-ktx-2.5.1.aar (androidx.navigation:navigation-common-ktx:2.5.1) with AarToClassTransform
Transforming navigation-common-2.5.1.aar (androidx.navigation:navigation-common:2.5.1) with JetifyTransform
Transforming navigation-common-2.5.1.aar (androidx.navigation:navigation-common:2.5.1) with AarToClassTransform
Transforming emoji2-views-helper-1.3.0.aar (androidx.emoji2:emoji2-views-helper:1.3.0) with JetifyTransform
Transforming emoji2-views-helper-1.3.0.aar (androidx.emoji2:emoji2-views-helper:1.3.0) with AarToClassTransform
Transforming emoji2-1.3.0.aar (androidx.emoji2:emoji2:1.3.0) with JetifyTransform
Transforming emoji2-1.3.0.aar (androidx.emoji2:emoji2:1.3.0) with AarToClassTransform
Transforming lifecycle-process-2.9.1.aar (androidx.lifecycle:lifecycle-process:2.9.1) with JetifyTransform
Transforming lifecycle-process-2.9.1.aar (androidx.lifecycle:lifecycle-process:2.9.1) with AarToClassTransform
Transforming lifecycle-livedata-core-ktx-2.9.1.aar (androidx.lifecycle:lifecycle-livedata-core-ktx:2.9.1) with JetifyTransform
Transforming lifecycle-livedata-core-ktx-2.9.1.aar (androidx.lifecycle:lifecycle-livedata-core-ktx:2.9.1) with AarToClassTransform
Transforming lifecycle-runtime-ktx.aar (androidx.lifecycle:lifecycle-runtime-ktx-android:2.9.1) with JetifyTransform
Transforming lifecycle-runtime-ktx.aar (androidx.lifecycle:lifecycle-runtime-ktx-android:2.9.1) with AarToClassTransform
Transforming lifecycle-viewmodel-ktx-2.9.1.aar (androidx.lifecycle:lifecycle-viewmodel-ktx:2.9.1) with JetifyTransform
Transforming lifecycle-viewmodel-ktx-2.9.1.aar (androidx.lifecycle:lifecycle-viewmodel-ktx:2.9.1) with AarToClassTransform
Transforming media3-ui-1.4.1.aar (androidx.media3:media3-ui:1.4.1) with JetifyTransform
Transforming media3-ui-1.4.1.aar (androidx.media3:media3-ui:1.4.1) with AarToClassTransform
Transforming media3-session-1.4.1.aar (androidx.media3:media3-session:1.4.1) with JetifyTransform
Transforming media3-session-1.4.1.aar (androidx.media3:media3-session:1.4.1) with AarToClassTransform
Transforming media3-extractor-1.4.1.aar (androidx.media3:media3-extractor:1.4.1) with JetifyTransform
Transforming media3-extractor-1.4.1.aar (androidx.media3:media3-extractor:1.4.1) with AarToClassTransform
Transforming media3-container-1.4.1.aar (androidx.media3:media3-container:1.4.1) with JetifyTransform
Transforming media3-container-1.4.1.aar (androidx.media3:media3-container:1.4.1) with AarToClassTransform
Transforming media3-datasource-1.4.1.aar (androidx.media3:media3-datasource:1.4.1) with JetifyTransform
Transforming media3-datasource-1.4.1.aar (androidx.media3:media3-datasource:1.4.1) with AarToClassTransform
Transforming media3-decoder-1.4.1.aar (androidx.media3:media3-decoder:1.4.1) with JetifyTransform
Transforming media3-decoder-1.4.1.aar (androidx.media3:media3-decoder:1.4.1) with AarToClassTransform
Transforming media3-database-1.4.1.aar (androidx.media3:media3-database:1.4.1) with JetifyTransform
Transforming media3-database-1.4.1.aar (androidx.media3:media3-database:1.4.1) with AarToClassTransform
Transforming media3-common-1.4.1.aar (androidx.media3:media3-common:1.4.1) with JetifyTransform
Transforming media3-common-1.4.1.aar (androidx.media3:media3-common:1.4.1) with AarToClassTransform
Transforming media3-exoplayer-1.4.1.aar (androidx.media3:media3-exoplayer:1.4.1) with JetifyTransform
Transforming media3-exoplayer-1.4.1.aar (androidx.media3:media3-exoplayer:1.4.1) with AarToClassTransform
Transforming window-1.0.0.aar (androidx.window:window:1.0.0) with JetifyTransform
Transforming window-1.0.0.aar (androidx.window:window:1.0.0) with AarToClassTransform
Transforming media-1.7.0.aar (androidx.media:media:1.7.0) with JetifyTransform
Transforming media-1.7.0.aar (androidx.media:media:1.7.0) with AarToClassTransform
Transforming media-1.7.0.aar (androidx.media:media:1.7.0) with JetifyTransform
Transforming media-1.7.0.aar (androidx.media:media:1.7.0) with AarToClassTransform
Transforming recyclerview-1.3.0.aar (androidx.recyclerview:recyclerview:1.3.0) with JetifyTransform
Transforming recyclerview-1.3.0.aar (androidx.recyclerview:recyclerview:1.3.0) with AarToClassTransform
Transforming recyclerview-1.3.0.aar (androidx.recyclerview:recyclerview:1.3.0) with JetifyTransform
Transforming recyclerview-1.3.0.aar (androidx.recyclerview:recyclerview:1.3.0) with AarToClassTransform
Transforming drawerlayout-1.1.1.aar (androidx.drawerlayout:drawerlayout:1.1.1) with JetifyTransform
Transforming drawerlayout-1.1.1.aar (androidx.drawerlayout:drawerlayout:1.1.1) with AarToClassTransform
Transforming drawerlayout-1.1.1.aar (androidx.drawerlayout:drawerlayout:1.1.1) with JetifyTransform
Transforming drawerlayout-1.1.1.aar (androidx.drawerlayout:drawerlayout:1.1.1) with AarToClassTransform
Transforming coordinatorlayout-1.1.0.aar (androidx.coordinatorlayout:coordinatorlayout:1.1.0) with JetifyTransform
Transforming coordinatorlayout-1.1.0.aar (androidx.coordinatorlayout:coordinatorlayout:1.1.0) with AarToClassTransform
Transforming coordinatorlayout-1.1.0.aar (androidx.coordinatorlayout:coordinatorlayout:1.1.0) with JetifyTransform
Transforming coordinatorlayout-1.1.0.aar (androidx.coordinatorlayout:coordinatorlayout:1.1.0) with AarToClassTransform
Transforming transition-1.2.0.aar (androidx.transition:transition:1.2.0) with JetifyTransform
Transforming transition-1.2.0.aar (androidx.transition:transition:1.2.0) with AarToClassTransform
Transforming vectordrawable-animated-1.1.0.aar (androidx.vectordrawable:vectordrawable-animated:1.1.0) with JetifyTransform
Transforming vectordrawable-animated-1.1.0.aar (androidx.vectordrawable:vectordrawable-animated:1.1.0) with AarToClassTransform
Transforming vectordrawable-1.1.0.aar (androidx.vectordrawable:vectordrawable:1.1.0) with JetifyTransform
Transforming vectordrawable-1.1.0.aar (androidx.vectordrawable:vectordrawable:1.1.0) with AarToClassTransform
Transforming vectordrawable-1.1.0.aar (androidx.vectordrawable:vectordrawable:1.1.0) with JetifyTransform
Transforming vectordrawable-1.1.0.aar (androidx.vectordrawable:vectordrawable:1.1.0) with AarToClassTransform
Transforming viewpager-1.0.0.aar (androidx.viewpager:viewpager:1.0.0) with JetifyTransform
Transforming viewpager-1.0.0.aar (androidx.viewpager:viewpager:1.0.0) with AarToClassTransform
Transforming viewpager-1.0.0.aar (androidx.viewpager:viewpager:1.0.0) with JetifyTransform
Transforming viewpager-1.0.0.aar (androidx.viewpager:viewpager:1.0.0) with AarToClassTransform
Transforming slidingpanelayout-1.0.0.aar (androidx.slidingpanelayout:slidingpanelayout:1.0.0) with JetifyTransform
Transforming slidingpanelayout-1.0.0.aar (androidx.slidingpanelayout:slidingpanelayout:1.0.0) with AarToClassTransform
Transforming customview-1.1.0.aar (androidx.customview:customview:1.1.0) with JetifyTransform
Transforming customview-1.1.0.aar (androidx.customview:customview:1.1.0) with AarToClassTransform
Transforming customview-1.1.0.aar (androidx.customview:customview:1.1.0) with JetifyTransform
Transforming customview-1.1.0.aar (androidx.customview:customview:1.1.0) with AarToClassTransform
Transforming autofill-1.0.0.aar (androidx.autofill:autofill:1.0.0) with JetifyTransform
Transforming autofill-1.0.0.aar (androidx.autofill:autofill:1.0.0) with AarToClassTransform
Transforming swiperefreshlayout-1.0.0.aar (androidx.swiperefreshlayout:swiperefreshlayout:1.0.0) with JetifyTransform
Transforming swiperefreshlayout-1.0.0.aar (androidx.swiperefreshlayout:swiperefreshlayout:1.0.0) with AarToClassTransform
Transforming asynclayoutinflater-1.0.0.aar (androidx.asynclayoutinflater:asynclayoutinflater:1.0.0) with JetifyTransform
Transforming asynclayoutinflater-1.0.0.aar (androidx.asynclayoutinflater:asynclayoutinflater:1.0.0) with AarToClassTransform
Transforming graphics-path-1.0.1.aar (androidx.graphics:graphics-path:1.0.1) with JetifyTransform
Transforming graphics-path-1.0.1.aar (androidx.graphics:graphics-path:1.0.1) with AarToClassTransform
Transforming customview-poolingcontainer-1.0.0.aar (androidx.customview:customview-poolingcontainer:1.0.0) with JetifyTransform
Transforming customview-poolingcontainer-1.0.0.aar (androidx.customview:customview-poolingcontainer:1.0.0) with AarToClassTransform
Transforming savedstate-ktx-1.3.0.aar (androidx.savedstate:savedstate-ktx:1.3.0) with JetifyTransform
Transforming savedstate-ktx-1.3.0.aar (androidx.savedstate:savedstate-ktx:1.3.0) with AarToClassTransform
Transforming savedstate-release.aar (androidx.savedstate:savedstate-android:1.3.0) with JetifyTransform
Transforming savedstate-release.aar (androidx.savedstate:savedstate-android:1.3.0) with AarToClassTransform
Transforming core-ktx-1.13.1.aar (androidx.core:core-ktx:1.13.1) with JetifyTransform
Transforming core-ktx-1.13.1.aar (androidx.core:core-ktx:1.13.1) with AarToClassTransform
Transforming core-1.13.1.aar (androidx.core:core:1.13.1) with JetifyTransform
Transforming core-1.13.1.aar (androidx.core:core:1.13.1) with AarToClassTransform
Transforming core-1.13.1.aar (androidx.core:core:1.13.1) with JetifyTransform
Transforming core-1.13.1.aar (androidx.core:core:1.13.1) with AarToClassTransform
Transforming lifecycle-runtime-release.aar (androidx.lifecycle:lifecycle-runtime-android:2.9.1) with JetifyTransform
Transforming lifecycle-runtime-release.aar (androidx.lifecycle:lifecycle-runtime-android:2.9.1) with AarToClassTransform
Transforming lifecycle-viewmodel-savedstate-release.aar (androidx.lifecycle:lifecycle-viewmodel-savedstate-android:2.9.1) with JetifyTransform
Transforming lifecycle-viewmodel-savedstate-release.aar (androidx.lifecycle:lifecycle-viewmodel-savedstate-android:2.9.1) with AarToClassTransform
Transforming lifecycle-viewmodel-2.9.1.aar (androidx.lifecycle:lifecycle-viewmodel:2.9.1) with JetifyTransform
Transforming lifecycle-viewmodel-2.9.1.aar (androidx.lifecycle:lifecycle-viewmodel:2.9.1) with AarToClassTransform
Transforming lifecycle-viewmodel-release.aar (androidx.lifecycle:lifecycle-viewmodel-android:2.9.1) with JetifyTransform
Transforming lifecycle-viewmodel-release.aar (androidx.lifecycle:lifecycle-viewmodel-android:2.9.1) with AarToClassTransform
Transforming lifecycle-common-jvm-2.9.1.jar (androidx.lifecycle:lifecycle-common-jvm:2.9.1) with JetifyTransform
Transforming lifecycle-common-jvm-2.9.1.jar (androidx.lifecycle:lifecycle-common-jvm:2.9.1) with IdentityTransform
Transforming lifecycle-service-2.9.1.aar (androidx.lifecycle:lifecycle-service:2.9.1) with JetifyTransform
Transforming lifecycle-service-2.9.1.aar (androidx.lifecycle:lifecycle-service:2.9.1) with AarToClassTransform
Transforming lifecycle-livedata-2.9.1.aar (androidx.lifecycle:lifecycle-livedata:2.9.1) with JetifyTransform
Transforming lifecycle-livedata-2.9.1.aar (androidx.lifecycle:lifecycle-livedata:2.9.1) with AarToClassTransform
Transforming lifecycle-livedata-2.9.1.aar (androidx.lifecycle:lifecycle-livedata:2.9.1) with JetifyTransform
Transforming lifecycle-livedata-2.9.1.aar (androidx.lifecycle:lifecycle-livedata:2.9.1) with AarToClassTransform
Transforming lifecycle-livedata-core-2.9.1.aar (androidx.lifecycle:lifecycle-livedata-core:2.9.1) with JetifyTransform
Transforming lifecycle-livedata-core-2.9.1.aar (androidx.lifecycle:lifecycle-livedata-core:2.9.1) with AarToClassTransform
Transforming lifecycle-common-java8-2.9.1.jar (androidx.lifecycle:lifecycle-common-java8:2.9.1) with JetifyTransform
Transforming lifecycle-common-java8-2.9.1.jar (androidx.lifecycle:lifecycle-common-java8:2.9.1) with IdentityTransform
Transforming lifecycle-runtime-compose-release.aar (androidx.lifecycle:lifecycle-runtime-compose-android:2.9.1) with JetifyTransform
Transforming lifecycle-runtime-compose-release.aar (androidx.lifecycle:lifecycle-runtime-compose-android:2.9.1) with AarToClassTransform
Transforming lifecycle-viewmodel-compose-release.aar (androidx.lifecycle:lifecycle-viewmodel-compose-android:2.9.1) with JetifyTransform
Transforming lifecycle-viewmodel-compose-release.aar (androidx.lifecycle:lifecycle-viewmodel-compose-android:2.9.1) with AarToClassTransform
Transforming kotlin-android-extensions-runtime-1.9.25.jar (org.jetbrains.kotlin:kotlin-android-extensions-runtime:1.9.25) with JetifyTransform
Transforming kotlin-android-extensions-runtime-1.9.25.jar (org.jetbrains.kotlin:kotlin-android-extensions-runtime:1.9.25) with IdentityTransform
Transforming runtime-saveable-release.aar (androidx.compose.runtime:runtime-saveable-android:1.7.8) with JetifyTransform
Transforming runtime-saveable-release.aar (androidx.compose.runtime:runtime-saveable-android:1.7.8) with AarToClassTransform
Transforming runtime-release.aar (androidx.compose.runtime:runtime-android:1.7.8) with JetifyTransform
Transforming runtime-release.aar (androidx.compose.runtime:runtime-android:1.7.8) with AarToClassTransform
Transforming annotation-experimental-1.4.1.aar (androidx.annotation:annotation-experimental:1.4.1) with JetifyTransform
Transforming annotation-experimental-1.4.1.aar (androidx.annotation:annotation-experimental:1.4.1) with AarToClassTransform
Transforming okhttp-4.12.0.jar (com.squareup.okhttp3:okhttp:4.12.0) with JetifyTransform
Transforming okhttp-4.12.0.jar (com.squareup.okhttp3:okhttp:4.12.0) with IdentityTransform
Transforming kotlin-stdlib-jdk8-1.9.25.jar (org.jetbrains.kotlin:kotlin-stdlib-jdk8:1.9.25) with JetifyTransform
Transforming kotlin-stdlib-jdk8-1.9.25.jar (org.jetbrains.kotlin:kotlin-stdlib-jdk8:1.9.25) with IdentityTransform
Transforming kotlinx-serialization-core-jvm-1.7.3.jar (org.jetbrains.kotlinx:kotlinx-serialization-core-jvm:1.7.3) with JetifyTransform
Transforming kotlinx-serialization-core-jvm-1.7.3.jar (org.jetbrains.kotlinx:kotlinx-serialization-core-jvm:1.7.3) with IdentityTransform
Transforming sqlite-framework-release.aar (androidx.sqlite:sqlite-framework-android:2.5.1) with JetifyTransform
Transforming sqlite-framework-release.aar (androidx.sqlite:sqlite-framework-android:2.5.1) with AarToClassTransform
Transforming sqlite-release.aar (androidx.sqlite:sqlite-android:2.5.1) with JetifyTransform
Transforming sqlite-release.aar (androidx.sqlite:sqlite-android:2.5.1) with AarToClassTransform
Transforming kotlinx-coroutines-core-jvm-1.8.1.jar (org.jetbrains.kotlinx:kotlinx-coroutines-core-jvm:1.8.1) with JetifyTransform
Transforming kotlinx-coroutines-core-jvm-1.8.1.jar (org.jetbrains.kotlinx:kotlinx-coroutines-core-jvm:1.8.1) with IdentityTransform
Transforming kotlinx-coroutines-android-1.8.1.jar (org.jetbrains.kotlinx:kotlinx-coroutines-android:1.8.1) with JetifyTransform
Transforming kotlinx-coroutines-android-1.8.1.jar (org.jetbrains.kotlinx:kotlinx-coroutines-android:1.8.1) with IdentityTransform
Transforming kotlin-stdlib-jdk7-1.9.25.jar (org.jetbrains.kotlin:kotlin-stdlib-jdk7:1.9.25) with JetifyTransform
Transforming kotlin-stdlib-jdk7-1.9.25.jar (org.jetbrains.kotlin:kotlin-stdlib-jdk7:1.9.25) with IdentityTransform
Transforming core-viewtree-1.0.0.aar (androidx.core:core-viewtree:1.0.0) with JetifyTransform
Transforming core-viewtree-1.0.0.aar (androidx.core:core-viewtree:1.0.0) with AarToClassTransform
Transforming documentfile-1.0.1.aar (androidx.documentfile:documentfile:1.0.1) with JetifyTransform
Transforming documentfile-1.0.1.aar (androidx.documentfile:documentfile:1.0.1) with AarToClassTransform
Transforming documentfile-1.0.1.aar (androidx.documentfile:documentfile:1.0.1) with JetifyTransform
Transforming documentfile-1.0.1.aar (androidx.documentfile:documentfile:1.0.1) with AarToClassTransform
Transforming gifdecoder-4.15.1.aar (com.github.bumptech.glide:gifdecoder:4.15.1) with JetifyTransform
Transforming gifdecoder-4.15.1.aar (com.github.bumptech.glide:gifdecoder:4.15.1) with AarToClassTransform
Transforming profileinstaller-1.4.0.aar (androidx.profileinstaller:profileinstaller:1.4.0) with JetifyTransform
Transforming profileinstaller-1.4.0.aar (androidx.profileinstaller:profileinstaller:1.4.0) with AarToClassTransform
Transforming startup-runtime-1.1.1.aar (androidx.startup:startup-runtime:1.1.1) with JetifyTransform
Transforming startup-runtime-1.1.1.aar (androidx.startup:startup-runtime:1.1.1) with AarToClassTransform
Transforming tracing-1.0.0.aar (androidx.tracing:tracing:1.0.0) with JetifyTransform
Transforming tracing-1.0.0.aar (androidx.tracing:tracing:1.0.0) with AarToClassTransform
Transforming cursoradapter-1.0.0.aar (androidx.cursoradapter:cursoradapter:1.0.0) with JetifyTransform
Transforming cursoradapter-1.0.0.aar (androidx.cursoradapter:cursoradapter:1.0.0) with AarToClassTransform
Transforming cursoradapter-1.0.0.aar (androidx.cursoradapter:cursoradapter:1.0.0) with JetifyTransform
Transforming cursoradapter-1.0.0.aar (androidx.cursoradapter:cursoradapter:1.0.0) with AarToClassTransform
Transforming resourceinspection-annotation-1.0.1.jar (androidx.resourceinspection:resourceinspection-annotation:1.0.1) with JetifyTransform
Transforming resourceinspection-annotation-1.0.1.jar (androidx.resourceinspection:resourceinspection-annotation:1.0.1) with IdentityTransform
Transforming cardview-1.0.0.aar (androidx.cardview:cardview:1.0.0) with JetifyTransform
Transforming cardview-1.0.0.aar (androidx.cardview:cardview:1.0.0) with AarToClassTransform
Transforming core-runtime-2.2.0.aar (androidx.arch.core:core-runtime:2.2.0) with JetifyTransform
Transforming core-runtime-2.2.0.aar (androidx.arch.core:core-runtime:2.2.0) with AarToClassTransform
Transforming localbroadcastmanager-1.0.0.aar (androidx.localbroadcastmanager:localbroadcastmanager:1.0.0) with JetifyTransform
Transforming localbroadcastmanager-1.0.0.aar (androidx.localbroadcastmanager:localbroadcastmanager:1.0.0) with AarToClassTransform
Transforming print-1.0.0.aar (androidx.print:print:1.0.0) with JetifyTransform
Transforming print-1.0.0.aar (androidx.print:print:1.0.0) with AarToClassTransform
Transforming interpolator-1.0.0.aar (androidx.interpolator:interpolator:1.0.0) with JetifyTransform
Transforming interpolator-1.0.0.aar (androidx.interpolator:interpolator:1.0.0) with AarToClassTransform
Transforming interpolator-1.0.0.aar (androidx.interpolator:interpolator:1.0.0) with JetifyTransform
Transforming interpolator-1.0.0.aar (androidx.interpolator:interpolator:1.0.0) with AarToClassTransform
Transforming core-common-2.2.0.jar (androidx.arch.core:core-common:2.2.0) with JetifyTransform
Transforming core-common-2.2.0.jar (androidx.arch.core:core-common:2.2.0) with IdentityTransform
Transforming exifinterface-1.3.7.aar (androidx.exifinterface:exifinterface:1.3.7) with JetifyTransform
Transforming exifinterface-1.3.7.aar (androidx.exifinterface:exifinterface:1.3.7) with AarToClassTransform
Transforming collection-ktx-1.4.4.jar (androidx.collection:collection-ktx:1.4.4) with JetifyTransform
Transforming collection-ktx-1.4.4.jar (androidx.collection:collection-ktx:1.4.4) with IdentityTransform
Transforming versionedparcelable-1.1.1.aar (androidx.versionedparcelable:versionedparcelable:1.1.1) with JetifyTransform
Transforming versionedparcelable-1.1.1.aar (androidx.versionedparcelable:versionedparcelable:1.1.1) with AarToClassTransform
Transforming collection-jvm-1.4.4.jar (androidx.collection:collection-jvm:1.4.4) with JetifyTransform
Transforming collection-jvm-1.4.4.jar (androidx.collection:collection-jvm:1.4.4) with IdentityTransform
Transforming concurrent-futures-1.1.0.jar (androidx.concurrent:concurrent-futures:1.1.0) with JetifyTransform
Transforming concurrent-futures-1.1.0.jar (androidx.concurrent:concurrent-futures:1.1.0) with IdentityTransform
Transforming annotation-jvm-1.9.1.jar (androidx.annotation:annotation-jvm:1.9.1) with JetifyTransform
Transforming annotation-jvm-1.9.1.jar (androidx.annotation:annotation-jvm:1.9.1) with IdentityTransform
Transforming okio-jvm-3.9.0.jar (com.squareup.okio:okio-jvm:3.9.0) with JetifyTransform
Transforming okio-jvm-3.9.0.jar (com.squareup.okio:okio-jvm:3.9.0) with IdentityTransform
Transforming kotlin-stdlib-1.9.25.jar (org.jetbrains.kotlin:kotlin-stdlib:1.9.25) with JetifyTransform
Transforming kotlin-stdlib-1.9.25.jar (org.jetbrains.kotlin:kotlin-stdlib:1.9.25) with IdentityTransform
Transforming annotations-23.0.0.jar (org.jetbrains:annotations:23.0.0) with JetifyTransform
Transforming annotations-23.0.0.jar (org.jetbrains:annotations:23.0.0) with IdentityTransform
Transforming junrar-7.5.5.jar (com.github.junrar:junrar:7.5.5) with JetifyTransform
Transforming junrar-7.5.5.jar (com.github.junrar:junrar:7.5.5) with IdentityTransform
Transforming gson-2.11.0.jar (com.google.code.gson:gson:2.11.0) with JetifyTransform
Transforming gson-2.11.0.jar (com.google.code.gson:gson:2.11.0) with IdentityTransform
Transforming hilt-common-1.2.0.jar (androidx.hilt:hilt-common:1.2.0) with JetifyTransform
Transforming hilt-common-1.2.0.jar (androidx.hilt:hilt-common:1.2.0) with IdentityTransform
Transforming hilt-core-2.51.1.jar (com.google.dagger:hilt-core:2.51.1) with JetifyTransform
Transforming hilt-core-2.51.1.jar (com.google.dagger:hilt-core:2.51.1) with IdentityTransform
Transforming dagger-2.51.1.jar (com.google.dagger:dagger:2.51.1) with JetifyTransform
Transforming dagger-2.51.1.jar (com.google.dagger:dagger:2.51.1) with IdentityTransform
Transforming dagger-lint-aar-2.51.1.aar (com.google.dagger:dagger-lint-aar:2.51.1) with JetifyTransform
Transforming dagger-lint-aar-2.51.1.aar (com.google.dagger:dagger-lint-aar:2.51.1) with AarToClassTransform
Transforming jsr305-3.0.2.jar (com.google.code.findbugs:jsr305:3.0.2) with JetifyTransform
Transforming jsr305-3.0.2.jar (com.google.code.findbugs:jsr305:3.0.2) with IdentityTransform
Transforming javax.inject-1.jar (javax.inject:javax.inject:1) with JetifyTransform
Transforming javax.inject-1.jar (javax.inject:javax.inject:1) with IdentityTransform
Transforming constraintlayout-core-1.0.4.jar (androidx.constraintlayout:constraintlayout-core:1.0.4) with JetifyTransform
Transforming constraintlayout-core-1.0.4.jar (androidx.constraintlayout:constraintlayout-core:1.0.4) with IdentityTransform
Transforming disklrucache-4.15.1.jar (com.github.bumptech.glide:disklrucache:4.15.1) with JetifyTransform
Transforming disklrucache-4.15.1.jar (com.github.bumptech.glide:disklrucache:4.15.1) with IdentityTransform
Transforming annotations-4.15.1.jar (com.github.bumptech.glide:annotations:4.15.1) with JetifyTransform
Transforming annotations-4.15.1.jar (com.github.bumptech.glide:annotations:4.15.1) with IdentityTransform
Transforming zip4j-2.11.5.jar (net.lingala.zip4j:zip4j:2.11.5) with JetifyTransform
Transforming zip4j-2.11.5.jar (net.lingala.zip4j:zip4j:2.11.5) with IdentityTransform
Transforming pdfbox-android-2.0.27.0.aar (com.tom-roush:pdfbox-android:2.0.27.0) with JetifyTransform
Transforming pdfbox-android-2.0.27.0.aar (com.tom-roush:pdfbox-android:2.0.27.0) with AarToClassTransform
Transforming slf4j-android-1.7.36.jar (org.slf4j:slf4j-android:1.7.36) with JetifyTransform
Transforming slf4j-android-1.7.36.jar (org.slf4j:slf4j-android:1.7.36) with IdentityTransform
Transforming commons-compress-1.26.0.jar (org.apache.commons:commons-compress:1.26.0) with JetifyTransform
Transforming commons-compress-1.26.0.jar (org.apache.commons:commons-compress:1.26.0) with IdentityTransform
Transforming epublib-core-3.1.jar (nl.siegmann.epublib:epublib-core:3.1) with JetifyTransform
Transforming epublib-core-3.1.jar (nl.siegmann.epublib:epublib-core:3.1) with IdentityTransform
Transforming slf4j-api-1.7.36.jar (org.slf4j:slf4j-api:1.7.36) with JetifyTransform
Transforming slf4j-api-1.7.36.jar (org.slf4j:slf4j-api:1.7.36) with IdentityTransform
Transforming error_prone_annotations-2.27.0.jar (com.google.errorprone:error_prone_annotations:2.27.0) with JetifyTransform
Transforming error_prone_annotations-2.27.0.jar (com.google.errorprone:error_prone_annotations:2.27.0) with IdentityTransform
Transforming jspecify-1.0.0.jar (org.jspecify:jspecify:1.0.0) with JetifyTransform
Transforming jspecify-1.0.0.jar (org.jspecify:jspecify:1.0.0) with IdentityTransform
Transforming guava-33.0.0-android.jar (com.google.guava:guava:33.0.0-android) with JetifyTransform
Transforming guava-33.0.0-android.jar (com.google.guava:guava:33.0.0-android) with IdentityTransform
Transforming bcpkix-jdk15to18-1.72.jar (org.bouncycastle:bcpkix-jdk15to18:1.72) with JetifyTransform
Transforming bcpkix-jdk15to18-1.72.jar (org.bouncycastle:bcpkix-jdk15to18:1.72) with IdentityTransform
Transforming bcutil-jdk15to18-1.72.jar (org.bouncycastle:bcutil-jdk15to18:1.72) with JetifyTransform
Transforming bcutil-jdk15to18-1.72.jar (org.bouncycastle:bcutil-jdk15to18:1.72) with IdentityTransform
Transforming bcprov-jdk15to18-1.72.jar (org.bouncycastle:bcprov-jdk15to18:1.72) with JetifyTransform
Transforming bcprov-jdk15to18-1.72.jar (org.bouncycastle:bcprov-jdk15to18:1.72) with IdentityTransform
Transforming commons-io-2.15.1.jar (commons-io:commons-io:2.15.1) with JetifyTransform
Transforming commons-io-2.15.1.jar (commons-io:commons-io:2.15.1) with IdentityTransform
Transforming commons-lang3-3.14.0.jar (org.apache.commons:commons-lang3:3.14.0) with JetifyTransform
Transforming commons-lang3-3.14.0.jar (org.apache.commons:commons-lang3:3.14.0) with IdentityTransform
Transforming kxml2-2.3.0.jar (net.sf.kxml:kxml2:2.3.0) with JetifyTransform
Transforming kxml2-2.3.0.jar (net.sf.kxml:kxml2:2.3.0) with IdentityTransform
Transforming listenablefuture-9999.0-empty-to-avoid-conflict-with-guava.jar (com.google.guava:listenablefuture:9999.0-empty-to-avoid-conflict-with-guava) with JetifyTransform
Transforming listenablefuture-9999.0-empty-to-avoid-conflict-with-guava.jar (com.google.guava:listenablefuture:9999.0-empty-to-avoid-conflict-with-guava) with IdentityTransform
Transforming constraintlayout-solver-2.0.1.jar (androidx.constraintlayout:constraintlayout-solver:2.0.1) with JetifyTransform
Transforming constraintlayout-solver-2.0.1.jar (androidx.constraintlayout:constraintlayout-solver:2.0.1) with IdentityTransform
Transforming failureaccess-1.0.2.jar (com.google.guava:failureaccess:1.0.2) with JetifyTransform
Transforming failureaccess-1.0.2.jar (com.google.guava:failureaccess:1.0.2) with IdentityTransform
Build cache key for task ':android:feature-library:transformDebugClassesWithAsm' is 7a70257c1c95e9905f25f5bb6f269de6
Skipping task ':android:feature-library:transformDebugClassesWithAsm' as it is up-to-date.
Resolve mutations for :android:feature-library:bundleLibCompileToJarDebug (Thread[included builds,5,main]) started.
:android:feature-library:bundleLibCompileToJarDebug (Thread[included builds,5,main]) started.

> Task :android:feature-library:bundleLibCompileToJarDebug UP-TO-DATE
Caching disabled for task ':android:feature-library:bundleLibCompileToJarDebug' because:
  Simple merging task
Skipping task ':android:feature-library:bundleLibCompileToJarDebug' as it is up-to-date.
work action resolve classes.jar (project :android:feature-library) (Thread[included builds,5,main]) started.
Resolve mutations for :android:feature-library:bundleLibRuntimeToJarDebug (Thread[included builds,5,main]) started.
:android:feature-library:bundleLibRuntimeToJarDebug (Thread[included builds,5,main]) started.

> Task :android:feature-library:bundleLibRuntimeToJarDebug UP-TO-DATE
Caching disabled for task ':android:feature-library:bundleLibRuntimeToJarDebug' because:
  Simple merging task
Skipping task ':android:feature-library:bundleLibRuntimeToJarDebug' as it is up-to-date.
work action resolve classes.jar (project :android:feature-library) (Thread[included builds,5,main]) started.
IdentityTransform (Thread[included builds,5,main]) started.
Resolve mutations for :android:feature-library:processDebugJavaRes (Thread[Execution worker Thread 11,5,main]) started.
:android:feature-library:processDebugJavaRes (Thread[Execution worker Thread 11,5,main]) started.

> Transform classes.jar (project :android:feature-library) with IdentityTransform
Transforming classes.jar (project :android:feature-library) with IdentityTransform
DexingNoClasspathTransform (Thread[included builds,5,main]) started.
CopyTransform (Thread[Execution worker Thread 8,5,main]) started.

> Transform classes.jar (project :android:feature-library) with CopyTransform
Transforming classes.jar (project :android:feature-library) with CopyTransform
AggregatedPackagesTransform (Thread[Execution worker Thread 8,5,main]) started.

> Transform classes.jar (project :android:feature-library) with DexingNoClasspathTransform
Transforming classes.jar (project :android:feature-library) with DexingNoClasspathTransform
Build cache key for DexingNoClasspathTransform: C:\Users\xmeta\projects\Mr.Comic\android\feature-library\build\intermediates\runtime_library_classes_jar\debug\bundleLibRuntimeToJarDebug\classes.jar is 21c66fc0293b11ef861601782ca99267
Skipping DexingNoClasspathTransform: C:\Users\xmeta\projects\Mr.Comic\android\feature-library\build\intermediates\runtime_library_classes_jar\debug\bundleLibRuntimeToJarDebug\classes.jar as it is up-to-date.
DexingOutputSplitTransform (Thread[included builds,5,main]) started.

> Transform classes.jar (project :android:feature-library) with AggregatedPackagesTransform
Transforming classes.jar (project :android:feature-library) with AggregatedPackagesTransform

> Transform classes.jar (project :android:feature-library) with DexingOutputSplitTransform
Transforming classes.jar (project :android:feature-library) with DexingOutputSplitTransform

> Task :android:feature-library:processDebugJavaRes UP-TO-DATE
file or directory 'C:\Users\xmeta\projects\Mr.Comic\android\feature-library\src\main\resources', not found
file or directory 'C:\Users\xmeta\projects\Mr.Comic\android\feature-library\src\debug\resources', not found
file or directory 'C:\Users\xmeta\projects\Mr.Comic\android\feature-library\build\generated\ksp\debug\classes', not found
file or directory 'C:\Users\xmeta\projects\Mr.Comic\android\feature-library\build\generated\ksp\debug\classes', not found
file or directory 'C:\Users\xmeta\projects\Mr.Comic\android\feature-library\src\main\resources', not found
file or directory 'C:\Users\xmeta\projects\Mr.Comic\android\feature-library\src\debug\resources', not found
file or directory 'C:\Users\xmeta\projects\Mr.Comic\android\feature-library\build\generated\ksp\debug\classes', not found
file or directory 'C:\Users\xmeta\projects\Mr.Comic\android\feature-library\build\generated\ksp\debug\classes', not found
Caching disabled for task ':android:feature-library:processDebugJavaRes' because:
  Caching has been disabled for the task
Skipping task ':android:feature-library:processDebugJavaRes' as it is up-to-date.
work action resolve out (project :android:feature-library) (Thread[Execution worker Thread 11,5,main]) started.
Resolve mutations for :android:feature-library:bundleLibRuntimeToDirDebug (Thread[Execution worker Thread 11,5,main]) started.
:android:feature-library:bundleLibRuntimeToDirDebug (Thread[Execution worker Thread 11,5,main]) started.

> Task :android:feature-library:bundleLibRuntimeToDirDebug UP-TO-DATE
Caching disabled for task ':android:feature-library:bundleLibRuntimeToDirDebug' because:
  Simple merging task
Skipping task ':android:feature-library:bundleLibRuntimeToDirDebug' as it is up-to-date.
work action resolve bundleLibRuntimeToDirDebug (project :android:feature-library) (Thread[Execution worker Thread 11,5,main]) started.
ClassesDirToClassesTransform (Thread[Execution worker Thread 11,5,main]) started.

> Transform bundleLibRuntimeToDirDebug (project :android:feature-library) with ClassesDirToClassesTransform
Transforming bundleLibRuntimeToDirDebug (project :android:feature-library) with ClassesDirToClassesTransform
DexingNoClasspathTransform (Thread[Execution worker Thread 11,5,main]) started.

> Transform bundleLibRuntimeToDirDebug (project :android:feature-library) with DexingNoClasspathTransform
Transforming bundleLibRuntimeToDirDebug (project :android:feature-library) with DexingNoClasspathTransform
Build cache key for DexingNoClasspathTransform: C:\Users\xmeta\projects\Mr.Comic\android\feature-library\build\intermediates\runtime_library_classes_dir\debug\bundleLibRuntimeToDirDebug is 7ff3a7feef0d156c0580e3d2438a32f2
Skipping DexingNoClasspathTransform: C:\Users\xmeta\projects\Mr.Comic\android\feature-library\build\intermediates\runtime_library_classes_dir\debug\bundleLibRuntimeToDirDebug as it is up-to-date.
DexingOutputSplitTransform (Thread[Execution worker Thread 11,5,main]) started.

> Transform bundleLibRuntimeToDirDebug (project :android:feature-library) with DexingOutputSplitTransform
Transforming bundleLibRuntimeToDirDebug (project :android:feature-library) with DexingOutputSplitTransform

> Task :android:feature-reader:compileDebugKotlin
Transforming R.jar with ClasspathEntrySnapshotTransform
Transforming classes.jar with ClasspathEntrySnapshotTransform
Transforming classes.jar with ClasspathEntrySnapshotTransform
Transforming classes.jar with ClasspathEntrySnapshotTransform
Transforming classes.jar with ClasspathEntrySnapshotTransform
Transforming classes.jar with ClasspathEntrySnapshotTransform
Transforming classes.jar with ClasspathEntrySnapshotTransform
Transforming jetified-room-common-jvm-2.7.2.jar with ClasspathEntrySnapshotTransform
Transforming jetified-room-runtime-release-api.jar with ClasspathEntrySnapshotTransform
Transforming jetified-room-ktx-2.7.2-api.jar with ClasspathEntrySnapshotTransform
Transforming jetified-hilt-navigation-compose-1.2.0-api.jar with ClasspathEntrySnapshotTransform
Transforming jetified-hilt-navigation-1.2.0-api.jar with ClasspathEntrySnapshotTransform
Transforming jetified-hilt-android-2.51.1-api.jar with ClasspathEntrySnapshotTransform
Transforming jetified-navigation-compose-2.5.1-api.jar with ClasspathEntrySnapshotTransform
Transforming fragment-1.5.1-api.jar with ClasspathEntrySnapshotTransform
Transforming navigation-runtime-ktx-2.5.1-api.jar with ClasspathEntrySnapshotTransform
Transforming navigation-runtime-2.5.1-api.jar with ClasspathEntrySnapshotTransform
Transforming jetified-activity-ktx-1.9.0-api.jar with ClasspathEntrySnapshotTransform
Transforming jetified-activity-compose-1.9.0-api.jar with ClasspathEntrySnapshotTransform
Transforming jetified-activity-1.9.0-api.jar with ClasspathEntrySnapshotTransform
Transforming loader-1.0.0-api.jar with ClasspathEntrySnapshotTransform
Transforming jetified-material3-window-size-class-release-api.jar with ClasspathEntrySnapshotTransform
Transforming jetified-material3-release-api.jar with ClasspathEntrySnapshotTransform
Transforming jetified-ui-util-release-api.jar with ClasspathEntrySnapshotTransform
Transforming jetified-ui-unit-release-api.jar with ClasspathEntrySnapshotTransform
Transforming jetified-ui-text-release-api.jar with ClasspathEntrySnapshotTransform
Transforming jetified-ui-graphics-release-api.jar with ClasspathEntrySnapshotTransform
Transforming jetified-foundation-layout-release-api.jar with ClasspathEntrySnapshotTransform
Transforming jetified-material-icons-core-release-api.jar with ClasspathEntrySnapshotTransform
Transforming jetified-material-icons-extended-release-api.jar with ClasspathEntrySnapshotTransform
Transforming jetified-material-ripple-release-api.jar with ClasspathEntrySnapshotTransform
Transforming jetified-foundation-release-api.jar with ClasspathEntrySnapshotTransform
Transforming jetified-animation-core-release-api.jar with ClasspathEntrySnapshotTransform
Transforming jetified-animation-release-api.jar with ClasspathEntrySnapshotTransform
Transforming jetified-ui-geometry-release-api.jar with ClasspathEntrySnapshotTransform
Transforming jetified-ui-tooling-preview-release-api.jar with ClasspathEntrySnapshotTransform
Transforming jetified-ui-release-api.jar with ClasspathEntrySnapshotTransform
Transforming jetified-core-ktx-1.13.1-api.jar with ClasspathEntrySnapshotTransform
Transforming viewpager-1.0.0-api.jar with ClasspathEntrySnapshotTransform
Transforming customview-1.1.0-api.jar with ClasspathEntrySnapshotTransform
Transforming core-1.13.1-api.jar with ClasspathEntrySnapshotTransform
Transforming navigation-common-ktx-2.5.1-api.jar with ClasspathEntrySnapshotTransform
Transforming navigation-common-2.5.1-api.jar with ClasspathEntrySnapshotTransform
Transforming jetified-lifecycle-runtime-ktx-api.jar with ClasspathEntrySnapshotTransform
Transforming jetified-lifecycle-livedata-core-ktx-2.9.1-api.jar with ClasspathEntrySnapshotTransform
Transforming jetified-lifecycle-viewmodel-ktx-2.9.1-api.jar with ClasspathEntrySnapshotTransform
Transforming lifecycle-livedata-2.9.1-api.jar with ClasspathEntrySnapshotTransform
Transforming jetified-lifecycle-runtime-release-api.jar with ClasspathEntrySnapshotTransform
Transforming jetified-lifecycle-runtime-compose-release-api.jar with ClasspathEntrySnapshotTransform
Transforming jetified-lifecycle-viewmodel-savedstate-release-api.jar with ClasspathEntrySnapshotTransform
Transforming lifecycle-viewmodel-2.9.1-api.jar with ClasspathEntrySnapshotTransform
Transforming jetified-lifecycle-viewmodel-release-api.jar with ClasspathEntrySnapshotTransform
Transforming lifecycle-livedata-core-2.9.1-api.jar with ClasspathEntrySnapshotTransform
Transforming jetified-lifecycle-viewmodel-compose-release-api.jar with ClasspathEntrySnapshotTransform
Transforming jetified-savedstate-ktx-1.3.0-api.jar with ClasspathEntrySnapshotTransform
Transforming jetified-savedstate-release-api.jar with ClasspathEntrySnapshotTransform
Transforming jetified-lifecycle-common-jvm-2.9.1.jar with ClasspathEntrySnapshotTransform
Transforming jetified-runtime-saveable-release-api.jar with ClasspathEntrySnapshotTransform
Transforming jetified-runtime-release-api.jar with ClasspathEntrySnapshotTransform
Transforming jetified-kotlinx-coroutines-core-jvm-1.8.1.jar with ClasspathEntrySnapshotTransform
Transforming jetified-kotlinx-coroutines-android-1.8.1.jar with ClasspathEntrySnapshotTransform
Transforming jetified-annotation-experimental-1.4.1-api.jar with ClasspathEntrySnapshotTransform
Transforming versionedparcelable-1.1.1-api.jar with ClasspathEntrySnapshotTransform
Transforming jetified-collection-jvm-1.4.4.jar with ClasspathEntrySnapshotTransform
Transforming jetified-sqlite-framework-release-api.jar with ClasspathEntrySnapshotTransform
Transforming jetified-sqlite-release-api.jar with ClasspathEntrySnapshotTransform
Transforming core-runtime-2.2.0-api.jar with ClasspathEntrySnapshotTransform
Transforming core-common-2.2.0.jar with ClasspathEntrySnapshotTransform
Transforming jetified-annotation-jvm-1.9.1.jar with ClasspathEntrySnapshotTransform
Transforming jetified-kotlinx-serialization-core-jvm-1.7.3.jar with ClasspathEntrySnapshotTransform
Transforming jetified-kotlin-stdlib-1.9.25.jar with ClasspathEntrySnapshotTransform
Transforming jetified-pdfium-android-1.9.0-api.jar with ClasspathEntrySnapshotTransform
Transforming jetified-junrar-7.5.5.jar with ClasspathEntrySnapshotTransform
Transforming jetified-zip4j-2.11.5.jar with ClasspathEntrySnapshotTransform
Transforming jetified-commons-compress-1.26.0.jar with ClasspathEntrySnapshotTransform
Transforming jetified-annotations-23.0.0.jar with ClasspathEntrySnapshotTransform
Transforming jetified-jspecify-1.0.0.jar with ClasspathEntrySnapshotTransform
Transforming jetified-hilt-core-2.51.1.jar with ClasspathEntrySnapshotTransform
Transforming jetified-dagger-2.51.1.jar with ClasspathEntrySnapshotTransform
Transforming jetified-javax.inject-1.jar with ClasspathEntrySnapshotTransform
Transforming jetified-dagger-lint-aar-2.51.1-api.jar with ClasspathEntrySnapshotTransform
Transforming jetified-jsr305-3.0.2.jar with ClasspathEntrySnapshotTransform
Transforming jetified-commons-io-2.15.1.jar with ClasspathEntrySnapshotTransform
Transforming jetified-commons-lang3-3.14.0.jar with ClasspathEntrySnapshotTransform
Transforming android.jar with ClasspathEntrySnapshotTransform
Transforming core-lambda-stubs.jar with ClasspathEntrySnapshotTransform
Build cache key for task ':android:feature-reader:compileDebugKotlin' is 2e163ce75429008acb93727742fb2884
Task ':android:feature-reader:compileDebugKotlin' is not up-to-date because:
  Task has failed previously.
The input changes require a full rebuild for incremental task ':android:feature-reader:compileDebugKotlin'.
file or directory 'C:\Users\xmeta\projects\Mr.Comic\android\feature-reader\src\debug\kotlin', not found
file or directory 'C:\Users\xmeta\projects\Mr.Comic\android\feature-reader\src\debug\kotlin', not found
file or directory 'C:\Users\xmeta\projects\Mr.Comic\android\feature-reader\src\debug\java', not found
file or directory 'C:\Users\xmeta\projects\Mr.Comic\android\feature-reader\src\debug\kotlin', not found
file or directory 'C:\Users\xmeta\projects\Mr.Comic\android\feature-reader\src\debug\java', not found
file or directory 'C:\Users\xmeta\projects\Mr.Comic\android\feature-reader\src\main\kotlin', not found
file or directory 'C:\Users\xmeta\projects\Mr.Comic\android\feature-reader\src\main\kotlin', not found
file or directory 'C:\Users\xmeta\projects\Mr.Comic\android\feature-reader\src\main\kotlin', not found
file or directory 'C:\Users\xmeta\projects\Mr.Comic\android\feature-reader\src\debug\java', not found
file or directory 'C:\Users\xmeta\projects\Mr.Comic\android\feature-reader\src\debug\kotlin', not found
file or directory 'C:\Users\xmeta\projects\Mr.Comic\android\feature-reader\src\debug\kotlin', not found
file or directory 'C:\Users\xmeta\projects\Mr.Comic\android\feature-reader\src\debug\java', not found
file or directory 'C:\Users\xmeta\projects\Mr.Comic\android\feature-reader\src\debug\kotlin', not found
file or directory 'C:\Users\xmeta\projects\Mr.Comic\android\feature-reader\src\debug\java', not found
file or directory 'C:\Users\xmeta\projects\Mr.Comic\android\feature-reader\src\debug\kotlin', not found
file or directory 'C:\Users\xmeta\projects\Mr.Comic\android\feature-reader\src\debug\kotlin', not found
file or directory 'C:\Users\xmeta\projects\Mr.Comic\android\feature-reader\src\debug\java', not found
file or directory 'C:\Users\xmeta\projects\Mr.Comic\android\feature-reader\src\debug\kotlin', not found
file or directory 'C:\Users\xmeta\projects\Mr.Comic\android\feature-reader\src\debug\java', not found
file or directory 'C:\Users\xmeta\projects\Mr.Comic\android\feature-reader\src\main\kotlin', not found
file or directory 'C:\Users\xmeta\projects\Mr.Comic\android\feature-reader\src\main\kotlin', not found
file or directory 'C:\Users\xmeta\projects\Mr.Comic\android\feature-reader\src\main\kotlin', not found
file or directory 'C:\Users\xmeta\projects\Mr.Comic\android\feature-reader\src\debug\java', not found
file or directory 'C:\Users\xmeta\projects\Mr.Comic\android\feature-reader\src\debug\kotlin', not found
file or directory 'C:\Users\xmeta\projects\Mr.Comic\android\feature-reader\src\debug\kotlin', not found
file or directory 'C:\Users\xmeta\projects\Mr.Comic\android\feature-reader\src\debug\java', not found
file or directory 'C:\Users\xmeta\projects\Mr.Comic\android\feature-reader\src\debug\kotlin', not found
file or directory 'C:\Users\xmeta\projects\Mr.Comic\android\feature-reader\src\debug\java', not found
file or directory 'C:\Users\xmeta\projects\Mr.Comic\android\feature-reader\src\main\kotlin', not found
file or directory 'C:\Users\xmeta\projects\Mr.Comic\android\feature-reader\src\main\kotlin', not found
file or directory 'C:\Users\xmeta\projects\Mr.Comic\android\feature-reader\src\main\kotlin', not found
file or directory 'C:\Users\xmeta\projects\Mr.Comic\android\feature-reader\src\debug\java', not found
file or directory 'C:\Users\xmeta\projects\Mr.Comic\android\feature-reader\src\debug\kotlin', not found
file or directory 'C:\Users\xmeta\projects\Mr.Comic\android\feature-reader\src\debug\kotlin', not found
file or directory 'C:\Users\xmeta\projects\Mr.Comic\android\feature-reader\src\debug\java', not found
file or directory 'C:\Users\xmeta\projects\Mr.Comic\android\feature-reader\src\debug\kotlin', not found
file or directory 'C:\Users\xmeta\projects\Mr.Comic\android\feature-reader\src\debug\java', not found
file or directory 'C:\Users\xmeta\projects\Mr.Comic\android\feature-reader\src\main\kotlin', not found
file or directory 'C:\Users\xmeta\projects\Mr.Comic\android\feature-reader\src\main\kotlin', not found
file or directory 'C:\Users\xmeta\projects\Mr.Comic\android\feature-reader\src\main\kotlin', not found
file or directory 'C:\Users\xmeta\projects\Mr.Comic\android\feature-reader\src\debug\java', not found
Kotlin source files: C:\Users\xmeta\projects\Mr.Comic\android\feature-reader\build\generated\ksp\debug\kotlin\com\example\feature\reader\data\ReaderDatabase_Impl.kt, C:\Users\xmeta\projects\Mr.Comic\android\feature-reader\build\generated\ksp\debug\kotlin\com\example\feature\reader\data\ReaderStateDao_Impl.kt, C:\Users\xmeta\projects\Mr.Comic\android\feature-reader\src\main\java\com\example\feature\reader\data\ReaderDatabase.kt, C:\Users\xmeta\projects\Mr.Comic\android\feature-reader\src\main\java\com\example\feature\reader\data\ReaderStateDao.kt, C:\Users\xmeta\projects\Mr.Comic\android\feature-reader\src\main\java\com\example\feature\reader\data\ReaderStateEntity.kt, C:\Users\xmeta\projects\Mr.Comic\android\feature-reader\src\main\java\com\example\feature\reader\di\ReaderModule.kt, C:\Users\xmeta\projects\Mr.Comic\android\feature-reader\src\main\java\com\example\feature\reader\ReaderRepository.kt, C:\Users\xmeta\projects\Mr.Comic\android\feature-reader\src\main\java\com\example\feature\reader\ReaderViewModel.kt, C:\Users\xmeta\projects\Mr.Comic\android\feature-reader\src\main\java\com\example\feature\reader\RoomReaderRepository.kt, C:\Users\xmeta\projects\Mr.Comic\android\feature-reader\src\main\java\com\example\feature\reader\ui\components\BrightnessOverlay.kt, C:\Users\xmeta\projects\Mr.Comic\android\feature-reader\src\main\java\com\example\feature\reader\ui\components\PageIndicator.kt, C:\Users\xmeta\projects\Mr.Comic\android\feature-reader\src\main\java\com\example\feature\reader\ui\components\PageListPanel.kt, C:\Users\xmeta\projects\Mr.Comic\android\feature-reader\src\main\java\com\example\feature\reader\ui\components\PageTurnHotspots.kt, C:\Users\xmeta\projects\Mr.Comic\android\feature-reader\src\main\java\com\example\feature\reader\ui\components\ReaderTapZones.kt, C:\Users\xmeta\projects\Mr.Comic\android\feature-reader\src\main\java\com\example\feature\reader\ui\components\ReadingModeSelector.kt, C:\Users\xmeta\projects\Mr.Comic\android\feature-reader\src\main\java\com\example\feature\reader\ui\components\SideQuickPanel.kt, C:\Users\xmeta\projects\Mr.Comic\android\feature-reader\src\main\java\com\example\feature\reader\ui\components\ThumbnailPanel.kt, C:\Users\xmeta\projects\Mr.Comic\android\feature-reader\src\main\java\com\example\feature\reader\ui\components\TopSettingsPanel.kt, C:\Users\xmeta\projects\Mr.Comic\android\feature-reader\src\main\java\com\example\feature\reader\ui\components\ZoomableComicPage.kt, C:\Users\xmeta\projects\Mr.Comic\android\feature-reader\src\main\java\com\example\feature\reader\ui\components\ZoomState.kt, C:\Users\xmeta\projects\Mr.Comic\android\feature-reader\src\main\java\com\example\feature\reader\ui\GestureIntegrationExample.kt, C:\Users\xmeta\projects\Mr.Comic\android\feature-reader\src\main\java\com\example\feature\reader\ui\gestures\GestureDetector.kt, C:\Users\xmeta\projects\Mr.Comic\android\feature-reader\src\main\java\com\example\feature\reader\ui\gestures\GestureDetectorDebug.kt, C:\Users\xmeta\projects\Mr.Comic\android\feature-reader\src\main\java\com\example\feature\reader\ui\gestures\GestureHandler.kt, C:\Users\xmeta\projects\Mr.Comic\android\feature-reader\src\main\java\com\example\feature\reader\ui\gestures\GestureTest.kt, C:\Users\xmeta\projects\Mr.Comic\android\feature-reader\src\main\java\com\example\feature\reader\ui\gestures\ZoomController.kt, C:\Users\xmeta\projects\Mr.Comic\android\feature-reader\src\main\java\com\example\feature\reader\ui\gestures\ZoomState.kt, C:\Users\xmeta\projects\Mr.Comic\android\feature-reader\src\main\java\com\example\feature\reader\ui\ModernReaderScreen.kt, C:\Users\xmeta\projects\Mr.Comic\android\feature-reader\src\main\java\com\example\feature\reader\ui\PagePreloader.kt, C:\Users\xmeta\projects\Mr.Comic\android\feature-reader\src\main\java\com\example\feature\reader\ui\PanelController.kt, C:\Users\xmeta\projects\Mr.Comic\android\feature-reader\src\main\java\com\example\feature\reader\ui\ReaderScreen.kt, C:\Users\xmeta\projects\Mr.Comic\android\feature-reader\src\main\java\com\example\feature\reader\ui\ReaderSettingsScreen.kt, C:\Users\xmeta\projects\Mr.Comic\android\feature-reader\src\main\java\com\example\feature\reader\ui\ReaderSettingsViewModel.kt, C:\Users\xmeta\projects\Mr.Comic\android\feature-reader\src\main\java\com\example\feature\reader\ui\ReaderUiState.kt, C:\Users\xmeta\projects\Mr.Comic\android\feature-reader\src\main\java\com\example\feature\reader\ui\ReaderViewModel.kt, C:\Users\xmeta\projects\Mr.Comic\android\feature-reader\src\main\java\com\example\feature\reader\ui\ThumbnailProvider.kt
Java source files: C:\Users\xmeta\projects\Mr.Comic\android\feature-reader\build\generated\ksp\debug\java\com\example\feature\reader\di\ReaderModule_ProvideReaderDatabaseFactory.java, C:\Users\xmeta\projects\Mr.Comic\android\feature-reader\build\generated\ksp\debug\java\com\example\feature\reader\di\ReaderModule_ProvideReaderRepositoryFactory.java, C:\Users\xmeta\projects\Mr.Comic\android\feature-reader\build\generated\ksp\debug\java\com\example\feature\reader\di\ReaderModule_ProvideReaderStateDaoFactory.java, C:\Users\xmeta\projects\Mr.Comic\android\feature-reader\build\generated\ksp\debug\java\com\example\feature\reader\ReaderViewModel_Factory.java, C:\Users\xmeta\projects\Mr.Comic\android\feature-reader\build\generated\ksp\debug\java\com\example\feature\reader\ReaderViewModel_HiltModules.java, C:\Users\xmeta\projects\Mr.Comic\android\feature-reader\build\generated\ksp\debug\java\com\example\feature\reader\ReaderViewModel_HiltModules_KeyModule_ProvideFactory.java, C:\Users\xmeta\projects\Mr.Comic\android\feature-reader\build\generated\ksp\debug\java\com\example\feature\reader\RoomReaderRepository_Factory.java, C:\Users\xmeta\projects\Mr.Comic\android\feature-reader\build\generated\ksp\debug\java\com\example\feature\reader\ui\ReaderSettingsViewModel_Factory.java, C:\Users\xmeta\projects\Mr.Comic\android\feature-reader\build\generated\ksp\debug\java\com\example\feature\reader\ui\ReaderSettingsViewModel_HiltModules.java, C:\Users\xmeta\projects\Mr.Comic\android\feature-reader\build\generated\ksp\debug\java\com\example\feature\reader\ui\ReaderSettingsViewModel_HiltModules_KeyModule_ProvideFactory.java, C:\Users\xmeta\projects\Mr.Comic\android\feature-reader\build\generated\ksp\debug\java\com\example\feature\reader\ui\ReaderViewModel_Factory.java, C:\Users\xmeta\projects\Mr.Comic\android\feature-reader\build\generated\ksp\debug\java\com\example\feature\reader\ui\ReaderViewModel_HiltModules.java, C:\Users\xmeta\projects\Mr.Comic\android\feature-reader\build\generated\ksp\debug\java\com\example\feature\reader\ui\ReaderViewModel_HiltModules_KeyModule_ProvideFactory.java, C:\Users\xmeta\projects\Mr.Comic\android\feature-reader\build\generated\ksp\debug\java\com\example\feature\reader\ui\ThumbnailProvider_Factory.java, C:\Users\xmeta\projects\Mr.Comic\android\feature-reader\build\generated\ksp\debug\java\hilt_aggregated_deps\_com_example_feature_reader_di_ReaderModule.java, C:\Users\xmeta\projects\Mr.Comic\android\feature-reader\build\generated\ksp\debug\java\hilt_aggregated_deps\_com_example_feature_reader_ReaderViewModel_HiltModules_BindsModule.java, C:\Users\xmeta\projects\Mr.Comic\android\feature-reader\build\generated\ksp\debug\java\hilt_aggregated_deps\_com_example_feature_reader_ReaderViewModel_HiltModules_KeyModule.java, C:\Users\xmeta\projects\Mr.Comic\android\feature-reader\build\generated\ksp\debug\java\hilt_aggregated_deps\_com_example_feature_reader_ui_ReaderSettingsViewModel_HiltModules_BindsModule.java, C:\Users\xmeta\projects\Mr.Comic\android\feature-reader\build\generated\ksp\debug\java\hilt_aggregated_deps\_com_example_feature_reader_ui_ReaderSettingsViewModel_HiltModules_KeyModule.java, C:\Users\xmeta\projects\Mr.Comic\android\feature-reader\build\generated\ksp\debug\java\hilt_aggregated_deps\_com_example_feature_reader_ui_ReaderViewModel_HiltModules_BindsModule.java, C:\Users\xmeta\projects\Mr.Comic\android\feature-reader\build\generated\ksp\debug\java\hilt_aggregated_deps\_com_example_feature_reader_ui_ReaderViewModel_HiltModules_KeyModule.java
Script source files: 
Script file extensions: 
Using Kotlin/JVM incremental compilation
[KOTLIN] Kotlin compilation 'jdkHome' argument: null
i: found daemon on port 17435 (2453037 ms old), trying to connect
i: connected to the daemon
Options for KOTLIN DAEMON: IncrementalCompilationOptions(super=CompilationOptions(compilerMode=INCREMENTAL_COMPILER, targetPlatform=JVM, reportCategories=[0, 3], reportSeverity=2, requestedCompilationResults=[0], kotlinScriptExtensions=[]), areFileChangesKnown=false, modifiedFiles=null, deletedFiles=null, classpathChanges=NotAvailableForNonIncrementalRun, workingDir=C:\Users\xmeta\projects\Mr.Comic\android\feature-reader\build\kotlin\compileDebugKotlin\cacheable, multiModuleICSettings=MultiModuleICSettings(buildHistoryFile=C:\Users\xmeta\projects\Mr.Comic\android\feature-reader\build\kotlin\compileDebugKotlin\local-state\build-history.bin, useModuleDetection=true), usePreciseJavaTracking=true, outputFiles=[C:\Users\xmeta\projects\Mr.Comic\android\feature-reader\build\tmp\kotlin-classes\debug, C:\Users\xmeta\projects\Mr.Comic\android\feature-reader\build\kotlin\compileDebugKotlin\cacheable, C:\Users\xmeta\projects\Mr.Comic\android\feature-reader\build\kotlin\compileDebugKotlin\local-state])
e: file:///C:/Users/xmeta/projects/Mr.Comic/android/feature-reader/src/main/java/com/example/feature/reader/ui/ReaderScreen.kt:291:58 No value passed for parameter 'onNextPage'
e: file:///C:/Users/xmeta/projects/Mr.Comic/android/feature-reader/src/main/java/com/example/feature/reader/ui/ReaderScreen.kt:291:58 No value passed for parameter 'onPreviousPage'
e: file:///C:/Users/xmeta/projects/Mr.Comic/android/feature-reader/src/main/java/com/example/feature/reader/ui/ReaderScreen.kt:396:35 Unresolved reference: viewModel
e: file:///C:/Users/xmeta/projects/Mr.Comic/android/feature-reader/src/main/java/com/example/feature/reader/ui/ReaderScreen.kt:397:42 Unresolved reference: currentComicUri
e: file:///C:/Users/xmeta/projects/Mr.Comic/android/feature-reader/src/main/java/com/example/feature/reader/ui/components/ThumbnailPanel.kt:177:30 Smart cast to 'Bitmap' is impossible, because 'thumbnail' is a property that has open or custom getter

> Task :android:feature-reader:compileDebugKotlin FAILED

FAILURE: Build failed with an exception.

* What went wrong:
Execution failed for task ':android:feature-reader:compileDebugKotlin'.
> A failure occurred while executing org.jetbrains.kotlin.compilerRunner.GradleCompilerRunnerWithWorkers$GradleKotlinCompilerWorkAction
   > Compilation error. See log for more details

* Try:
> Run with --debug option to get more log output.
> Run with --scan to get full insights.
> Get more help at https://help.gradle.org.

* Exception is:
org.gradle.api.tasks.TaskExecutionException: Execution failed for task ':android:feature-reader:compileDebugKotlin'.
	at org.gradle.api.internal.tasks.execution.ExecuteActionsTaskExecuter.lambda$executeIfValid$1(ExecuteActionsTaskExecuter.java:130)
	at org.gradle.internal.Try$Failure.ifSuccessfulOrElse(Try.java:293)
	at org.gradle.api.internal.tasks.execution.ExecuteActionsTaskExecuter.executeIfValid(ExecuteActionsTaskExecuter.java:128)
	at org.gradle.api.internal.tasks.execution.ExecuteActionsTaskExecuter.execute(ExecuteActionsTaskExecuter.java:116)
	at org.gradle.api.internal.tasks.execution.FinalizePropertiesTaskExecuter.execute(FinalizePropertiesTaskExecuter.java:46)
	at org.gradle.api.internal.tasks.execution.ResolveTaskExecutionModeExecuter.execute(ResolveTaskExecutionModeExecuter.java:51)
	at org.gradle.api.internal.tasks.execution.SkipTaskWithNoActionsExecuter.execute(SkipTaskWithNoActionsExecuter.java:57)
	at org.gradle.api.internal.tasks.execution.SkipOnlyIfTaskExecuter.execute(SkipOnlyIfTaskExecuter.java:74)
	at org.gradle.api.internal.tasks.execution.CatchExceptionTaskExecuter.execute(CatchExceptionTaskExecuter.java:36)
	at org.gradle.api.internal.tasks.execution.EventFiringTaskExecuter$1.executeTask(EventFiringTaskExecuter.java:77)
	at org.gradle.api.internal.tasks.execution.EventFiringTaskExecuter$1.call(EventFiringTaskExecuter.java:55)
	at org.gradle.api.internal.tasks.execution.EventFiringTaskExecuter$1.call(EventFiringTaskExecuter.java:52)
	at org.gradle.internal.operations.DefaultBuildOperationRunner$CallableBuildOperationWorker.execute(DefaultBuildOperationRunner.java:209)
	at org.gradle.internal.operations.DefaultBuildOperationRunner$CallableBuildOperationWorker.execute(DefaultBuildOperationRunner.java:204)
	at org.gradle.internal.operations.DefaultBuildOperationRunner$2.execute(DefaultBuildOperationRunner.java:66)
	at org.gradle.internal.operations.DefaultBuildOperationRunner$2.execute(DefaultBuildOperationRunner.java:59)
	at org.gradle.internal.operations.DefaultBuildOperationRunner.execute(DefaultBuildOperationRunner.java:166)
	at org.gradle.internal.operations.DefaultBuildOperationRunner.execute(DefaultBuildOperationRunner.java:59)
	at org.gradle.internal.operations.DefaultBuildOperationRunner.call(DefaultBuildOperationRunner.java:53)
	at org.gradle.api.internal.tasks.execution.EventFiringTaskExecuter.execute(EventFiringTaskExecuter.java:52)
	at org.gradle.execution.plan.LocalTaskNodeExecutor.execute(LocalTaskNodeExecutor.java:42)
	at org.gradle.execution.taskgraph.DefaultTaskExecutionGraph$InvokeNodeExecutorsAction.execute(DefaultTaskExecutionGraph.java:331)
	at org.gradle.execution.taskgraph.DefaultTaskExecutionGraph$InvokeNodeExecutorsAction.execute(DefaultTaskExecutionGraph.java:318)
	at org.gradle.execution.taskgraph.DefaultTaskExecutionGraph$BuildOperationAwareExecutionAction.lambda$execute$0(DefaultTaskExecutionGraph.java:314)
	at org.gradle.internal.operations.CurrentBuildOperationRef.with(CurrentBuildOperationRef.java:85)
	at org.gradle.execution.taskgraph.DefaultTaskExecutionGraph$BuildOperationAwareExecutionAction.execute(DefaultTaskExecutionGraph.java:314)
	at org.gradle.execution.taskgraph.DefaultTaskExecutionGraph$BuildOperationAwareExecutionAction.execute(DefaultTaskExecutionGraph.java:303)
	at org.gradle.execution.plan.DefaultPlanExecutor$ExecutorWorker.execute(DefaultPlanExecutor.java:459)
	at org.gradle.execution.plan.DefaultPlanExecutor$ExecutorWorker.run(DefaultPlanExecutor.java:376)
	at org.gradle.internal.concurrent.ExecutorPolicy$CatchAndRecordFailures.onExecute(ExecutorPolicy.java:64)
	at org.gradle.internal.concurrent.AbstractManagedExecutor$1.run(AbstractManagedExecutor.java:48)
Caused by: org.gradle.workers.internal.DefaultWorkerExecutor$WorkExecutionException: A failure occurred while executing org.jetbrains.kotlin.compilerRunner.GradleCompilerRunnerWithWorkers$GradleKotlinCompilerWorkAction
	at org.gradle.workers.internal.DefaultWorkerExecutor$WorkItemExecution.waitForCompletion(DefaultWorkerExecutor.java:287)
	at org.gradle.internal.work.DefaultAsyncWorkTracker.lambda$waitForItemsAndGatherFailures$2(DefaultAsyncWorkTracker.java:130)
	at org.gradle.internal.Factories$1.create(Factories.java:31)
	at org.gradle.internal.work.DefaultWorkerLeaseService.withoutLocks(DefaultWorkerLeaseService.java:335)
	at org.gradle.internal.work.DefaultWorkerLeaseService.withoutLocks(DefaultWorkerLeaseService.java:318)
	at org.gradle.internal.work.DefaultWorkerLeaseService.withoutLock(DefaultWorkerLeaseService.java:323)
	at org.gradle.internal.work.DefaultAsyncWorkTracker.waitForItemsAndGatherFailures(DefaultAsyncWorkTracker.java:126)
	at org.gradle.internal.work.DefaultAsyncWorkTracker.waitForItemsAndGatherFailures(DefaultAsyncWorkTracker.java:92)
	at org.gradle.internal.work.DefaultAsyncWorkTracker.waitForAll(DefaultAsyncWorkTracker.java:78)
	at org.gradle.internal.work.DefaultAsyncWorkTracker.waitForCompletion(DefaultAsyncWorkTracker.java:66)
	at org.gradle.api.internal.tasks.execution.TaskExecution$3.run(TaskExecution.java:252)
	at org.gradle.internal.operations.DefaultBuildOperationRunner$1.execute(DefaultBuildOperationRunner.java:29)
	at org.gradle.internal.operations.DefaultBuildOperationRunner$1.execute(DefaultBuildOperationRunner.java:26)
	at org.gradle.internal.operations.DefaultBuildOperationRunner$2.execute(DefaultBuildOperationRunner.java:66)
	at org.gradle.internal.operations.DefaultBuildOperationRunner$2.execute(DefaultBuildOperationRunner.java:59)
	at org.gradle.internal.operations.DefaultBuildOperationRunner.execute(DefaultBuildOperationRunner.java:166)
	at org.gradle.internal.operations.DefaultBuildOperationRunner.execute(DefaultBuildOperationRunner.java:59)
	at org.gradle.internal.operations.DefaultBuildOperationRunner.run(DefaultBuildOperationRunner.java:47)
	at org.gradle.api.internal.tasks.execution.TaskExecution.executeAction(TaskExecution.java:229)
	at org.gradle.api.internal.tasks.execution.TaskExecution.executeActions(TaskExecution.java:212)
	at org.gradle.api.internal.tasks.execution.TaskExecution.executeWithPreviousOutputFiles(TaskExecution.java:195)
	at org.gradle.api.internal.tasks.execution.TaskExecution.execute(TaskExecution.java:162)
	at org.gradle.internal.execution.steps.ExecuteStep.executeInternal(ExecuteStep.java:105)
	at org.gradle.internal.execution.steps.ExecuteStep.access$000(ExecuteStep.java:44)
	at org.gradle.internal.execution.steps.ExecuteStep$1.call(ExecuteStep.java:59)
	at org.gradle.internal.execution.steps.ExecuteStep$1.call(ExecuteStep.java:56)
	at org.gradle.internal.operations.DefaultBuildOperationRunner$CallableBuildOperationWorker.execute(DefaultBuildOperationRunner.java:209)
	at org.gradle.internal.operations.DefaultBuildOperationRunner$CallableBuildOperationWorker.execute(DefaultBuildOperationRunner.java:204)
	at org.gradle.internal.operations.DefaultBuildOperationRunner$2.execute(DefaultBuildOperationRunner.java:66)
	at org.gradle.internal.operations.DefaultBuildOperationRunner$2.execute(DefaultBuildOperationRunner.java:59)
	at org.gradle.internal.operations.DefaultBuildOperationRunner.execute(DefaultBuildOperationRunner.java:166)
	at org.gradle.internal.operations.DefaultBuildOperationRunner.execute(DefaultBuildOperationRunner.java:59)
	at org.gradle.internal.operations.DefaultBuildOperationRunner.call(DefaultBuildOperationRunner.java:53)
	at org.gradle.internal.execution.steps.ExecuteStep.execute(ExecuteStep.java:56)
	at org.gradle.internal.execution.steps.ExecuteStep.execute(ExecuteStep.java:44)
	at org.gradle.internal.execution.steps.CancelExecutionStep.execute(CancelExecutionStep.java:42)
	at org.gradle.internal.execution.steps.TimeoutStep.executeWithoutTimeout(TimeoutStep.java:75)
	at org.gradle.internal.execution.steps.TimeoutStep.execute(TimeoutStep.java:55)
	at org.gradle.internal.execution.steps.PreCreateOutputParentsStep.execute(PreCreateOutputParentsStep.java:50)
	at org.gradle.internal.execution.steps.PreCreateOutputParentsStep.execute(PreCreateOutputParentsStep.java:28)
	at org.gradle.internal.execution.steps.RemovePreviousOutputsStep.execute(RemovePreviousOutputsStep.java:67)
	at org.gradle.internal.execution.steps.RemovePreviousOutputsStep.execute(RemovePreviousOutputsStep.java:37)
	at org.gradle.internal.execution.steps.BroadcastChangingOutputsStep.execute(BroadcastChangingOutputsStep.java:61)
	at org.gradle.internal.execution.steps.BroadcastChangingOutputsStep.execute(BroadcastChangingOutputsStep.java:26)
	at org.gradle.internal.execution.steps.CaptureOutputsAfterExecutionStep.execute(CaptureOutputsAfterExecutionStep.java:69)
	at org.gradle.internal.execution.steps.CaptureOutputsAfterExecutionStep.execute(CaptureOutputsAfterExecutionStep.java:46)
	at org.gradle.internal.execution.steps.ResolveInputChangesStep.execute(ResolveInputChangesStep.java:40)
	at org.gradle.internal.execution.steps.ResolveInputChangesStep.execute(ResolveInputChangesStep.java:29)
	at org.gradle.internal.execution.steps.BuildCacheStep.executeWithoutCache(BuildCacheStep.java:189)
	at org.gradle.internal.execution.steps.BuildCacheStep.executeAndStoreInCache(BuildCacheStep.java:145)
	at org.gradle.internal.execution.steps.BuildCacheStep.lambda$executeWithCache$4(BuildCacheStep.java:101)
	at org.gradle.internal.execution.steps.BuildCacheStep.lambda$executeWithCache$5(BuildCacheStep.java:101)
	at org.gradle.internal.Try$Success.map(Try.java:175)
	at org.gradle.internal.execution.steps.BuildCacheStep.executeWithCache(BuildCacheStep.java:85)
	at org.gradle.internal.execution.steps.BuildCacheStep.lambda$execute$0(BuildCacheStep.java:74)
	at org.gradle.internal.Either$Left.fold(Either.java:115)
	at org.gradle.internal.execution.caching.CachingState.fold(CachingState.java:62)
	at org.gradle.internal.execution.steps.BuildCacheStep.execute(BuildCacheStep.java:73)
	at org.gradle.internal.execution.steps.BuildCacheStep.execute(BuildCacheStep.java:48)
	at org.gradle.internal.execution.steps.StoreExecutionStateStep.execute(StoreExecutionStateStep.java:46)
	at org.gradle.internal.execution.steps.StoreExecutionStateStep.execute(StoreExecutionStateStep.java:35)
	at org.gradle.internal.execution.steps.SkipUpToDateStep.executeBecause(SkipUpToDateStep.java:75)
	at org.gradle.internal.execution.steps.SkipUpToDateStep.lambda$execute$2(SkipUpToDateStep.java:53)
	at org.gradle.internal.execution.steps.SkipUpToDateStep.execute(SkipUpToDateStep.java:53)
	at org.gradle.internal.execution.steps.SkipUpToDateStep.execute(SkipUpToDateStep.java:35)
	at org.gradle.internal.execution.steps.legacy.MarkSnapshottingInputsFinishedStep.execute(MarkSnapshottingInputsFinishedStep.java:37)
	at org.gradle.internal.execution.steps.legacy.MarkSnapshottingInputsFinishedStep.execute(MarkSnapshottingInputsFinishedStep.java:27)
	at org.gradle.internal.execution.steps.ResolveIncrementalCachingStateStep.executeDelegate(ResolveIncrementalCachingStateStep.java:49)
	at org.gradle.internal.execution.steps.ResolveIncrementalCachingStateStep.executeDelegate(ResolveIncrementalCachingStateStep.java:27)
	at org.gradle.internal.execution.steps.AbstractResolveCachingStateStep.execute(AbstractResolveCachingStateStep.java:71)
	at org.gradle.internal.execution.steps.AbstractResolveCachingStateStep.execute(AbstractResolveCachingStateStep.java:39)
	at org.gradle.internal.execution.steps.ResolveChangesStep.execute(ResolveChangesStep.java:65)
	at org.gradle.internal.execution.steps.ResolveChangesStep.execute(ResolveChangesStep.java:36)
	at org.gradle.internal.execution.steps.ValidateStep.execute(ValidateStep.java:107)
	at org.gradle.internal.execution.steps.ValidateStep.execute(ValidateStep.java:56)
	at org.gradle.internal.execution.steps.AbstractCaptureStateBeforeExecutionStep.execute(AbstractCaptureStateBeforeExecutionStep.java:64)
	at org.gradle.internal.execution.steps.AbstractCaptureStateBeforeExecutionStep.execute(AbstractCaptureStateBeforeExecutionStep.java:43)
	at org.gradle.internal.execution.steps.AbstractSkipEmptyWorkStep.executeWithNonEmptySources(AbstractSkipEmptyWorkStep.java:125)
	at org.gradle.internal.execution.steps.AbstractSkipEmptyWorkStep.execute(AbstractSkipEmptyWorkStep.java:61)
	at org.gradle.internal.execution.steps.AbstractSkipEmptyWorkStep.execute(AbstractSkipEmptyWorkStep.java:36)
	at org.gradle.internal.execution.steps.legacy.MarkSnapshottingInputsStartedStep.execute(MarkSnapshottingInputsStartedStep.java:38)
	at org.gradle.internal.execution.steps.LoadPreviousExecutionStateStep.execute(LoadPreviousExecutionStateStep.java:36)
	at org.gradle.internal.execution.steps.LoadPreviousExecutionStateStep.execute(LoadPreviousExecutionStateStep.java:23)
	at org.gradle.internal.execution.steps.HandleStaleOutputsStep.execute(HandleStaleOutputsStep.java:75)
	at org.gradle.internal.execution.steps.HandleStaleOutputsStep.execute(HandleStaleOutputsStep.java:41)
	at org.gradle.internal.execution.steps.AssignMutableWorkspaceStep.lambda$execute$0(AssignMutableWorkspaceStep.java:35)
	at org.gradle.api.internal.tasks.execution.TaskExecution$4.withWorkspace(TaskExecution.java:289)
	at org.gradle.internal.execution.steps.AssignMutableWorkspaceStep.execute(AssignMutableWorkspaceStep.java:31)
	at org.gradle.internal.execution.steps.AssignMutableWorkspaceStep.execute(AssignMutableWorkspaceStep.java:22)
	at org.gradle.internal.execution.steps.ChoosePipelineStep.execute(ChoosePipelineStep.java:40)
	at org.gradle.internal.execution.steps.ChoosePipelineStep.execute(ChoosePipelineStep.java:23)
	at org.gradle.internal.execution.steps.ExecuteWorkBuildOperationFiringStep.lambda$execute$2(ExecuteWorkBuildOperationFiringStep.java:67)
	at org.gradle.internal.execution.steps.ExecuteWorkBuildOperationFiringStep.execute(ExecuteWorkBuildOperationFiringStep.java:67)
	at org.gradle.internal.execution.steps.ExecuteWorkBuildOperationFiringStep.execute(ExecuteWorkBuildOperationFiringStep.java:39)
	at org.gradle.internal.execution.steps.IdentityCacheStep.execute(IdentityCacheStep.java:46)
	at org.gradle.internal.execution.steps.IdentityCacheStep.execute(IdentityCacheStep.java:34)
	at org.gradle.internal.execution.steps.IdentifyStep.execute(IdentifyStep.java:48)
	at org.gradle.internal.execution.steps.IdentifyStep.execute(IdentifyStep.java:35)
	at org.gradle.internal.execution.impl.DefaultExecutionEngine$1.execute(DefaultExecutionEngine.java:61)
	at org.gradle.api.internal.tasks.execution.ExecuteActionsTaskExecuter.executeIfValid(ExecuteActionsTaskExecuter.java:127)
	at org.gradle.api.internal.tasks.execution.ExecuteActionsTaskExecuter.execute(ExecuteActionsTaskExecuter.java:116)
	at org.gradle.api.internal.tasks.execution.FinalizePropertiesTaskExecuter.execute(FinalizePropertiesTaskExecuter.java:46)
	at org.gradle.api.internal.tasks.execution.ResolveTaskExecutionModeExecuter.execute(ResolveTaskExecutionModeExecuter.java:51)
	at org.gradle.api.internal.tasks.execution.SkipTaskWithNoActionsExecuter.execute(SkipTaskWithNoActionsExecuter.java:57)
	at org.gradle.api.internal.tasks.execution.SkipOnlyIfTaskExecuter.execute(SkipOnlyIfTaskExecuter.java:74)
	at org.gradle.api.internal.tasks.execution.CatchExceptionTaskExecuter.execute(CatchExceptionTaskExecuter.java:36)
	at org.gradle.api.internal.tasks.execution.EventFiringTaskExecuter$1.executeTask(EventFiringTaskExecuter.java:77)
	at org.gradle.api.internal.tasks.execution.EventFiringTaskExecuter$1.call(EventFiringTaskExecuter.java:55)
	at org.gradle.api.internal.tasks.execution.EventFiringTaskExecuter$1.call(EventFiringTaskExecuter.java:52)
	at org.gradle.internal.operations.DefaultBuildOperationRunner$CallableBuildOperationWorker.execute(DefaultBuildOperationRunner.java:209)
	at org.gradle.internal.operations.DefaultBuildOperationRunner$CallableBuildOperationWorker.execute(DefaultBuildOperationRunner.java:204)
	at org.gradle.internal.operations.DefaultBuildOperationRunner$2.execute(DefaultBuildOperationRunner.java:66)
	at org.gradle.internal.operations.DefaultBuildOperationRunner$2.execute(DefaultBuildOperationRunner.java:59)
	at org.gradle.internal.operations.DefaultBuildOperationRunner.execute(DefaultBuildOperationRunner.java:166)
	at org.gradle.internal.operations.DefaultBuildOperationRunner.execute(DefaultBuildOperationRunner.java:59)
	at org.gradle.internal.operations.DefaultBuildOperationRunner.call(DefaultBuildOperationRunner.java:53)
	at org.gradle.api.internal.tasks.execution.EventFiringTaskExecuter.execute(EventFiringTaskExecuter.java:52)
	at org.gradle.execution.plan.LocalTaskNodeExecutor.execute(LocalTaskNodeExecutor.java:42)
	at org.gradle.execution.taskgraph.DefaultTaskExecutionGraph$InvokeNodeExecutorsAction.execute(DefaultTaskExecutionGraph.java:331)
	at org.gradle.execution.taskgraph.DefaultTaskExecutionGraph$InvokeNodeExecutorsAction.execute(DefaultTaskExecutionGraph.java:318)
	at org.gradle.execution.taskgraph.DefaultTaskExecutionGraph$BuildOperationAwareExecutionAction.lambda$execute$0(DefaultTaskExecutionGraph.java:314)
	at org.gradle.internal.operations.CurrentBuildOperationRef.with(CurrentBuildOperationRef.java:85)
	at org.gradle.execution.taskgraph.DefaultTaskExecutionGraph$BuildOperationAwareExecutionAction.execute(DefaultTaskExecutionGraph.java:314)
	at org.gradle.execution.taskgraph.DefaultTaskExecutionGraph$BuildOperationAwareExecutionAction.execute(DefaultTaskExecutionGraph.java:303)
	at org.gradle.execution.plan.DefaultPlanExecutor$ExecutorWorker.execute(DefaultPlanExecutor.java:459)
	at org.gradle.execution.plan.DefaultPlanExecutor$ExecutorWorker.run(DefaultPlanExecutor.java:376)
	at org.gradle.internal.concurrent.ExecutorPolicy$CatchAndRecordFailures.onExecute(ExecutorPolicy.java:64)
	at org.gradle.internal.concurrent.AbstractManagedExecutor$1.run(AbstractManagedExecutor.java:48)
Caused by: org.jetbrains.kotlin.gradle.tasks.CompilationErrorException: Compilation error. See log for more details
	at org.jetbrains.kotlin.gradle.tasks.TasksUtilsKt.throwExceptionIfCompilationFailed(tasksUtils.kt:20)
	at org.jetbrains.kotlin.compilerRunner.GradleKotlinCompilerWork.run(GradleKotlinCompilerWork.kt:141)
	at org.jetbrains.kotlin.compilerRunner.GradleCompilerRunnerWithWorkers$GradleKotlinCompilerWorkAction.execute(GradleCompilerRunnerWithWorkers.kt:73)
	at org.gradle.workers.internal.DefaultWorkerServer.execute(DefaultWorkerServer.java:63)
	at org.gradle.workers.internal.NoIsolationWorkerFactory$1$1.create(NoIsolationWorkerFactory.java:66)
	at org.gradle.workers.internal.NoIsolationWorkerFactory$1$1.create(NoIsolationWorkerFactory.java:62)
	at org.gradle.internal.classloader.ClassLoaderUtils.executeInClassloader(ClassLoaderUtils.java:100)
	at org.gradle.workers.internal.NoIsolationWorkerFactory$1.lambda$execute$0(NoIsolationWorkerFactory.java:62)
	at org.gradle.workers.internal.AbstractWorker$1.call(AbstractWorker.java:44)
	at org.gradle.workers.internal.AbstractWorker$1.call(AbstractWorker.java:41)
	at org.gradle.internal.operations.DefaultBuildOperationRunner$CallableBuildOperationWorker.execute(DefaultBuildOperationRunner.java:209)
	at org.gradle.internal.operations.DefaultBuildOperationRunner$CallableBuildOperationWorker.execute(DefaultBuildOperationRunner.java:204)
	at org.gradle.internal.operations.DefaultBuildOperationRunner$2.execute(DefaultBuildOperationRunner.java:66)
	at org.gradle.internal.operations.DefaultBuildOperationRunner$2.execute(DefaultBuildOperationRunner.java:59)
	at org.gradle.internal.operations.DefaultBuildOperationRunner.execute(DefaultBuildOperationRunner.java:166)
	at org.gradle.internal.operations.DefaultBuildOperationRunner.execute(DefaultBuildOperationRunner.java:59)
	at org.gradle.internal.operations.DefaultBuildOperationRunner.call(DefaultBuildOperationRunner.java:53)
	at org.gradle.workers.internal.AbstractWorker.executeWrappedInBuildOperation(AbstractWorker.java:41)
	at org.gradle.workers.internal.NoIsolationWorkerFactory$1.execute(NoIsolationWorkerFactory.java:59)
	at org.gradle.workers.internal.DefaultWorkerExecutor.lambda$submitWork$0(DefaultWorkerExecutor.java:174)
	at org.gradle.internal.work.DefaultConditionalExecutionQueue$ExecutionRunner.runExecution(DefaultConditionalExecutionQueue.java:194)
	at org.gradle.internal.work.DefaultConditionalExecutionQueue$ExecutionRunner.access$700(DefaultConditionalExecutionQueue.java:127)
	at org.gradle.internal.work.DefaultConditionalExecutionQueue$ExecutionRunner$1.run(DefaultConditionalExecutionQueue.java:169)
	at org.gradle.internal.Factories$1.create(Factories.java:31)
	at org.gradle.internal.work.DefaultWorkerLeaseService.withLocks(DefaultWorkerLeaseService.java:263)
	at org.gradle.internal.work.DefaultWorkerLeaseService.runAsWorkerThread(DefaultWorkerLeaseService.java:127)
	at org.gradle.internal.work.DefaultWorkerLeaseService.runAsWorkerThread(DefaultWorkerLeaseService.java:132)
	at org.gradle.internal.work.DefaultConditionalExecutionQueue$ExecutionRunner.runBatch(DefaultConditionalExecutionQueue.java:164)
	at org.gradle.internal.work.DefaultConditionalExecutionQueue$ExecutionRunner.run(DefaultConditionalExecutionQueue.java:133)
	... 2 more


Deprecated Gradle features were used in this build, making it incompatible with Gradle 9.0.

You can use '--warning-mode all' to show the individual deprecation warnings and determine if they come from your own scripts or plugins.

For more on this, please refer to https://docs.gradle.org/8.10/userguide/command_line_interface.html#sec:command_line_warnings in the Gradle documentation.

BUILD FAILED in 1m 27s
330 actionable tasks: 16 executed, 314 up-to-date
Watched directory hierarchies: [C:\Users\xmeta\projects\Mr.Comic]
