To honour the JVM settings for this build a single-use Daemon process will be forked. For more on this, please refer to https://docs.gradle.org/9.4.1/userguide/gradle_daemon.html#sec:disabling_the_daemon in the Gradle documentation.
Daemon will be stopped at the end of the build 

> Configure project :app
WARNING: The option setting 'android.usesSdkInManifest.disallowed=false' is deprecated.
The current default is 'true'.
It will be removed in version 10.0 of the Android Gradle plugin.
WARNING: The option setting 'android.sdk.defaultTargetSdkToCompileSdkIfUnset=false' is deprecated.
The current default is 'true'.
It will be removed in version 10.0 of the Android Gradle plugin.
WARNING: The option setting 'android.enableAppCompileTimeRClass=false' is deprecated.
The current default is 'true'.
It will be removed in version 10.0 of the Android Gradle plugin.
WARNING: The option setting 'android.builtInKotlin=false' is deprecated.
The current default is 'true'.
It will be removed in version 10.0 of the Android Gradle plugin.
WARNING: The option setting 'android.newDsl=false' is deprecated.
The current default is 'true'.
It will be removed in version 10.0 of the Android Gradle plugin.
WARNING: The option setting 'android.r8.optimizedResourceShrinking=false' is deprecated.
The current default is 'true'.
It will be removed in version 10.0 of the Android Gradle plugin.
WARNING: The option setting 'android.defaults.buildfeatures.resvalues=true' is deprecated.
The current default is 'false'.
It will be removed in version 10.0 of the Android Gradle plugin.
WARNING: API 'applicationVariants' is obsolete and has been replaced with 'AndroidComponentsExtension'.
It will be removed in version 10.0 of the Android Gradle plugin.
The legacy variant API is disabled by default in AGP 9.0, but can be re-enabled by adding 
    android.newDsl=false
to this project's gradle.properties file.
For more information, see http://developer.android.com/build/r/new-dsl.

To determine what is calling applicationVariants, use -Pandroid.debug.obsoleteApi=true on the command line to display more information.
WARNING: API 'testVariants' is obsolete and has been replaced with 'AndroidComponentsExtension'.
It will be removed in version 10.0 of the Android Gradle plugin.
The legacy variant API is disabled by default in AGP 9.0, but can be re-enabled by adding 
    android.newDsl=false
to this project's gradle.properties file.
For more information, see http://developer.android.com/build/r/new-dsl.

To determine what is calling testVariants, use -Pandroid.debug.obsoleteApi=true on the command line to display more information.
WARNING: API 'unitTestVariants' is obsolete and has been replaced with 'AndroidComponentsExtension'.
It will be removed in version 10.0 of the Android Gradle plugin.
The legacy variant API is disabled by default in AGP 9.0, but can be re-enabled by adding 
    android.newDsl=false
to this project's gradle.properties file.
For more information, see http://developer.android.com/build/r/new-dsl.

To determine what is calling unitTestVariants, use -Pandroid.debug.obsoleteApi=true on the command line to display more information.
WARNING: The property android.dependency.excludeLibraryComponentsFromConstraints improves project import performance for very large projects. It should be enabled to improve performance.
To suppress this warning, add android.generateSyncIssueWhenLibraryConstraintsAreEnabled=false to gradle.properties
WARNING: The property android.dependency.excludeLibraryComponentsFromConstraints improves project import performance for very large projects. It should be enabled to improve performance.
To suppress this warning, add android.generateSyncIssueWhenLibraryConstraintsAreEnabled=false to gradle.properties
WARNING: The property android.dependency.excludeLibraryComponentsFromConstraints improves project import performance for very large projects. It should be enabled to improve performance.
To suppress this warning, add android.generateSyncIssueWhenLibraryConstraintsAreEnabled=false to gradle.properties
WARNING: The property android.dependency.excludeLibraryComponentsFromConstraints improves project import performance for very large projects. It should be enabled to improve performance.
To suppress this warning, add android.generateSyncIssueWhenLibraryConstraintsAreEnabled=false to gradle.properties

> Configure project :core-data
WARNING: API 'libraryVariants' is obsolete and has been replaced with 'AndroidComponentsExtension'.
It will be removed in version 10.0 of the Android Gradle plugin.
The legacy variant API is disabled by default in AGP 9.0, but can be re-enabled by adding 
    android.newDsl=false
to this project's gradle.properties file.
For more information, see http://developer.android.com/build/r/new-dsl.

To determine what is calling libraryVariants, use -Pandroid.debug.obsoleteApi=true on the command line to display more information.
WARNING: The property android.dependency.excludeLibraryComponentsFromConstraints improves project import performance for very large projects. It should be enabled to improve performance.
To suppress this warning, add android.generateSyncIssueWhenLibraryConstraintsAreEnabled=false to gradle.properties
WARNING: The property android.dependency.excludeLibraryComponentsFromConstraints improves project import performance for very large projects. It should be enabled to improve performance.
To suppress this warning, add android.generateSyncIssueWhenLibraryConstraintsAreEnabled=false to gradle.properties
WARNING: The property android.dependency.excludeLibraryComponentsFromConstraints improves project import performance for very large projects. It should be enabled to improve performance.
To suppress this warning, add android.generateSyncIssueWhenLibraryConstraintsAreEnabled=false to gradle.properties
WARNING: The property android.dependency.excludeLibraryComponentsFromConstraints improves project import performance for very large projects. It should be enabled to improve performance.
To suppress this warning, add android.generateSyncIssueWhenLibraryConstraintsAreEnabled=false to gradle.properties

> Configure project :core-domain
WARNING: The property android.dependency.excludeLibraryComponentsFromConstraints improves project import performance for very large projects. It should be enabled to improve performance.
To suppress this warning, add android.generateSyncIssueWhenLibraryConstraintsAreEnabled=false to gradle.properties
WARNING: The property android.dependency.excludeLibraryComponentsFromConstraints improves project import performance for very large projects. It should be enabled to improve performance.
To suppress this warning, add android.generateSyncIssueWhenLibraryConstraintsAreEnabled=false to gradle.properties
WARNING: The property android.dependency.excludeLibraryComponentsFromConstraints improves project import performance for very large projects. It should be enabled to improve performance.
To suppress this warning, add android.generateSyncIssueWhenLibraryConstraintsAreEnabled=false to gradle.properties
WARNING: The property android.dependency.excludeLibraryComponentsFromConstraints improves project import performance for very large projects. It should be enabled to improve performance.
To suppress this warning, add android.generateSyncIssueWhenLibraryConstraintsAreEnabled=false to gradle.properties

> Configure project :core-model
WARNING: The property android.dependency.excludeLibraryComponentsFromConstraints improves project import performance for very large projects. It should be enabled to improve performance.
To suppress this warning, add android.generateSyncIssueWhenLibraryConstraintsAreEnabled=false to gradle.properties
WARNING: The property android.dependency.excludeLibraryComponentsFromConstraints improves project import performance for very large projects. It should be enabled to improve performance.
To suppress this warning, add android.generateSyncIssueWhenLibraryConstraintsAreEnabled=false to gradle.properties
WARNING: The property android.dependency.excludeLibraryComponentsFromConstraints improves project import performance for very large projects. It should be enabled to improve performance.
To suppress this warning, add android.generateSyncIssueWhenLibraryConstraintsAreEnabled=false to gradle.properties
WARNING: The property android.dependency.excludeLibraryComponentsFromConstraints improves project import performance for very large projects. It should be enabled to improve performance.
To suppress this warning, add android.generateSyncIssueWhenLibraryConstraintsAreEnabled=false to gradle.properties

> Configure project :core-ui
WARNING: The property android.dependency.excludeLibraryComponentsFromConstraints improves project import performance for very large projects. It should be enabled to improve performance.
To suppress this warning, add android.generateSyncIssueWhenLibraryConstraintsAreEnabled=false to gradle.properties
WARNING: The property android.dependency.excludeLibraryComponentsFromConstraints improves project import performance for very large projects. It should be enabled to improve performance.
To suppress this warning, add android.generateSyncIssueWhenLibraryConstraintsAreEnabled=false to gradle.properties
WARNING: The property android.dependency.excludeLibraryComponentsFromConstraints improves project import performance for very large projects. It should be enabled to improve performance.
To suppress this warning, add android.generateSyncIssueWhenLibraryConstraintsAreEnabled=false to gradle.properties
WARNING: The property android.dependency.excludeLibraryComponentsFromConstraints improves project import performance for very large projects. It should be enabled to improve performance.
To suppress this warning, add android.generateSyncIssueWhenLibraryConstraintsAreEnabled=false to gradle.properties

> Configure project :engine-api
WARNING: The property android.dependency.excludeLibraryComponentsFromConstraints improves project import performance for very large projects. It should be enabled to improve performance.
To suppress this warning, add android.generateSyncIssueWhenLibraryConstraintsAreEnabled=false to gradle.properties
WARNING: The property android.dependency.excludeLibraryComponentsFromConstraints improves project import performance for very large projects. It should be enabled to improve performance.
To suppress this warning, add android.generateSyncIssueWhenLibraryConstraintsAreEnabled=false to gradle.properties
WARNING: The property android.dependency.excludeLibraryComponentsFromConstraints improves project import performance for very large projects. It should be enabled to improve performance.
To suppress this warning, add android.generateSyncIssueWhenLibraryConstraintsAreEnabled=false to gradle.properties
WARNING: The property android.dependency.excludeLibraryComponentsFromConstraints improves project import performance for very large projects. It should be enabled to improve performance.
To suppress this warning, add android.generateSyncIssueWhenLibraryConstraintsAreEnabled=false to gradle.properties

> Configure project :engine-epub-readium
WARNING: The property android.dependency.excludeLibraryComponentsFromConstraints improves project import performance for very large projects. It should be enabled to improve performance.
To suppress this warning, add android.generateSyncIssueWhenLibraryConstraintsAreEnabled=false to gradle.properties
WARNING: The property android.dependency.excludeLibraryComponentsFromConstraints improves project import performance for very large projects. It should be enabled to improve performance.
To suppress this warning, add android.generateSyncIssueWhenLibraryConstraintsAreEnabled=false to gradle.properties
WARNING: The property android.dependency.excludeLibraryComponentsFromConstraints improves project import performance for very large projects. It should be enabled to improve performance.
To suppress this warning, add android.generateSyncIssueWhenLibraryConstraintsAreEnabled=false to gradle.properties
WARNING: The property android.dependency.excludeLibraryComponentsFromConstraints improves project import performance for very large projects. It should be enabled to improve performance.
To suppress this warning, add android.generateSyncIssueWhenLibraryConstraintsAreEnabled=false to gradle.properties

> Configure project :engine-formats
WARNING: The property android.dependency.excludeLibraryComponentsFromConstraints improves project import performance for very large projects. It should be enabled to improve performance.
To suppress this warning, add android.generateSyncIssueWhenLibraryConstraintsAreEnabled=false to gradle.properties
WARNING: The property android.dependency.excludeLibraryComponentsFromConstraints improves project import performance for very large projects. It should be enabled to improve performance.
To suppress this warning, add android.generateSyncIssueWhenLibraryConstraintsAreEnabled=false to gradle.properties
WARNING: The property android.dependency.excludeLibraryComponentsFromConstraints improves project import performance for very large projects. It should be enabled to improve performance.
To suppress this warning, add android.generateSyncIssueWhenLibraryConstraintsAreEnabled=false to gradle.properties
WARNING: The property android.dependency.excludeLibraryComponentsFromConstraints improves project import performance for very large projects. It should be enabled to improve performance.
To suppress this warning, add android.generateSyncIssueWhenLibraryConstraintsAreEnabled=false to gradle.properties

> Configure project :engine-registry
WARNING: The property android.dependency.excludeLibraryComponentsFromConstraints improves project import performance for very large projects. It should be enabled to improve performance.
To suppress this warning, add android.generateSyncIssueWhenLibraryConstraintsAreEnabled=false to gradle.properties
WARNING: The property android.dependency.excludeLibraryComponentsFromConstraints improves project import performance for very large projects. It should be enabled to improve performance.
To suppress this warning, add android.generateSyncIssueWhenLibraryConstraintsAreEnabled=false to gradle.properties
WARNING: The property android.dependency.excludeLibraryComponentsFromConstraints improves project import performance for very large projects. It should be enabled to improve performance.
To suppress this warning, add android.generateSyncIssueWhenLibraryConstraintsAreEnabled=false to gradle.properties
WARNING: The property android.dependency.excludeLibraryComponentsFromConstraints improves project import performance for very large projects. It should be enabled to improve performance.
To suppress this warning, add android.generateSyncIssueWhenLibraryConstraintsAreEnabled=false to gradle.properties

> Configure project :engine-rendering
WARNING: The property android.dependency.excludeLibraryComponentsFromConstraints improves project import performance for very large projects. It should be enabled to improve performance.
To suppress this warning, add android.generateSyncIssueWhenLibraryConstraintsAreEnabled=false to gradle.properties
WARNING: The property android.dependency.excludeLibraryComponentsFromConstraints improves project import performance for very large projects. It should be enabled to improve performance.
To suppress this warning, add android.generateSyncIssueWhenLibraryConstraintsAreEnabled=false to gradle.properties
WARNING: The property android.dependency.excludeLibraryComponentsFromConstraints improves project import performance for very large projects. It should be enabled to improve performance.
To suppress this warning, add android.generateSyncIssueWhenLibraryConstraintsAreEnabled=false to gradle.properties
WARNING: The property android.dependency.excludeLibraryComponentsFromConstraints improves project import performance for very large projects. It should be enabled to improve performance.
To suppress this warning, add android.generateSyncIssueWhenLibraryConstraintsAreEnabled=false to gradle.properties

> Configure project :feature-library
WARNING: The property android.dependency.excludeLibraryComponentsFromConstraints improves project import performance for very large projects. It should be enabled to improve performance.
To suppress this warning, add android.generateSyncIssueWhenLibraryConstraintsAreEnabled=false to gradle.properties
WARNING: The property android.dependency.excludeLibraryComponentsFromConstraints improves project import performance for very large projects. It should be enabled to improve performance.
To suppress this warning, add android.generateSyncIssueWhenLibraryConstraintsAreEnabled=false to gradle.properties
WARNING: The property android.dependency.excludeLibraryComponentsFromConstraints improves project import performance for very large projects. It should be enabled to improve performance.
To suppress this warning, add android.generateSyncIssueWhenLibraryConstraintsAreEnabled=false to gradle.properties
WARNING: The property android.dependency.excludeLibraryComponentsFromConstraints improves project import performance for very large projects. It should be enabled to improve performance.
To suppress this warning, add android.generateSyncIssueWhenLibraryConstraintsAreEnabled=false to gradle.properties

> Configure project :feature-ocr
WARNING: The property android.dependency.excludeLibraryComponentsFromConstraints improves project import performance for very large projects. It should be enabled to improve performance.
To suppress this warning, add android.generateSyncIssueWhenLibraryConstraintsAreEnabled=false to gradle.properties
WARNING: The property android.dependency.excludeLibraryComponentsFromConstraints improves project import performance for very large projects. It should be enabled to improve performance.
To suppress this warning, add android.generateSyncIssueWhenLibraryConstraintsAreEnabled=false to gradle.properties
WARNING: The property android.dependency.excludeLibraryComponentsFromConstraints improves project import performance for very large projects. It should be enabled to improve performance.
To suppress this warning, add android.generateSyncIssueWhenLibraryConstraintsAreEnabled=false to gradle.properties
WARNING: The property android.dependency.excludeLibraryComponentsFromConstraints improves project import performance for very large projects. It should be enabled to improve performance.
To suppress this warning, add android.generateSyncIssueWhenLibraryConstraintsAreEnabled=false to gradle.properties

> Configure project :feature-onboarding
WARNING: The property android.dependency.excludeLibraryComponentsFromConstraints improves project import performance for very large projects. It should be enabled to improve performance.
To suppress this warning, add android.generateSyncIssueWhenLibraryConstraintsAreEnabled=false to gradle.properties
WARNING: The property android.dependency.excludeLibraryComponentsFromConstraints improves project import performance for very large projects. It should be enabled to improve performance.
To suppress this warning, add android.generateSyncIssueWhenLibraryConstraintsAreEnabled=false to gradle.properties
WARNING: The property android.dependency.excludeLibraryComponentsFromConstraints improves project import performance for very large projects. It should be enabled to improve performance.
To suppress this warning, add android.generateSyncIssueWhenLibraryConstraintsAreEnabled=false to gradle.properties
WARNING: The property android.dependency.excludeLibraryComponentsFromConstraints improves project import performance for very large projects. It should be enabled to improve performance.
To suppress this warning, add android.generateSyncIssueWhenLibraryConstraintsAreEnabled=false to gradle.properties

> Configure project :feature-reader
WARNING: The property android.dependency.excludeLibraryComponentsFromConstraints improves project import performance for very large projects. It should be enabled to improve performance.
To suppress this warning, add android.generateSyncIssueWhenLibraryConstraintsAreEnabled=false to gradle.properties
WARNING: The property android.dependency.excludeLibraryComponentsFromConstraints improves project import performance for very large projects. It should be enabled to improve performance.
To suppress this warning, add android.generateSyncIssueWhenLibraryConstraintsAreEnabled=false to gradle.properties
WARNING: The property android.dependency.excludeLibraryComponentsFromConstraints improves project import performance for very large projects. It should be enabled to improve performance.
To suppress this warning, add android.generateSyncIssueWhenLibraryConstraintsAreEnabled=false to gradle.properties
WARNING: The property android.dependency.excludeLibraryComponentsFromConstraints improves project import performance for very large projects. It should be enabled to improve performance.
To suppress this warning, add android.generateSyncIssueWhenLibraryConstraintsAreEnabled=false to gradle.properties

> Configure project :feature-settings
WARNING: The property android.dependency.excludeLibraryComponentsFromConstraints improves project import performance for very large projects. It should be enabled to improve performance.
To suppress this warning, add android.generateSyncIssueWhenLibraryConstraintsAreEnabled=false to gradle.properties
WARNING: The property android.dependency.excludeLibraryComponentsFromConstraints improves project import performance for very large projects. It should be enabled to improve performance.
To suppress this warning, add android.generateSyncIssueWhenLibraryConstraintsAreEnabled=false to gradle.properties
WARNING: The property android.dependency.excludeLibraryComponentsFromConstraints improves project import performance for very large projects. It should be enabled to improve performance.
To suppress this warning, add android.generateSyncIssueWhenLibraryConstraintsAreEnabled=false to gradle.properties
WARNING: The property android.dependency.excludeLibraryComponentsFromConstraints improves project import performance for very large projects. It should be enabled to improve performance.
To suppress this warning, add android.generateSyncIssueWhenLibraryConstraintsAreEnabled=false to gradle.properties

> Task :core-ui:preBuild UP-TO-DATE
> Task :core-model:checkKotlinGradlePluginConfigurationErrors SKIPPED
> Task :core-domain:preBuild UP-TO-DATE
> Task :engine-formats:preBuild UP-TO-DATE
> Task :engine-rendering:preBuild UP-TO-DATE
> Task :feature-reader:checkKotlinGradlePluginConfigurationErrors SKIPPED
> Task :core-data:preBuild UP-TO-DATE
> Task :engine-api:checkKotlinGradlePluginConfigurationErrors SKIPPED
> Task :core-data:preDebugBuild UP-TO-DATE
> Task :feature-reader:preBuild UP-TO-DATE
> Task :core-domain:preDebugBuild UP-TO-DATE
> Task :engine-formats:preDebugBuild UP-TO-DATE
> Task :engine-rendering:preDebugBuild UP-TO-DATE
> Task :engine-api:preBuild UP-TO-DATE
> Task :engine-api:preDebugBuild UP-TO-DATE
> Task :core-model:preBuild UP-TO-DATE
> Task :core-model:preDebugBuild UP-TO-DATE
> Task :feature-reader:preDebugBuild UP-TO-DATE
> Task :core-ui:preDebugBuild UP-TO-DATE
> Task :core-domain:generateDebugResValues UP-TO-DATE
> Task :engine-rendering:generateDebugResValues UP-TO-DATE
> Task :engine-formats:generateDebugResValues UP-TO-DATE
> Task :feature-reader:generateDebugResValues UP-TO-DATE
> Task :engine-api:generateDebugResValues UP-TO-DATE
> Task :core-model:generateDebugResValues UP-TO-DATE
> Task :core-data:generateDebugResValues UP-TO-DATE
> Task :core-ui:generateDebugResValues UP-TO-DATE
> Task :core-ui:generateDebugResources UP-TO-DATE
> Task :feature-reader:generateDebugResources UP-TO-DATE
> Task :core-model:generateDebugResources UP-TO-DATE
> Task :engine-api:generateDebugResources UP-TO-DATE
> Task :engine-formats:generateDebugResources UP-TO-DATE
> Task :core-domain:generateDebugResources UP-TO-DATE
> Task :engine-rendering:generateDebugResources UP-TO-DATE
> Task :core-data:generateDebugResources UP-TO-DATE
> Task :core-model:packageDebugResources UP-TO-DATE
> Task :engine-rendering:packageDebugResources UP-TO-DATE
> Task :engine-api:packageDebugResources UP-TO-DATE
> Task :core-ui:packageDebugResources UP-TO-DATE
> Task :core-domain:packageDebugResources UP-TO-DATE
> Task :feature-reader:packageDebugResources UP-TO-DATE
> Task :engine-formats:packageDebugResources UP-TO-DATE
> Task :core-data:packageDebugResources UP-TO-DATE
> Task :core-model:processDebugNavigationResources UP-TO-DATE
> Task :core-domain:processDebugNavigationResources UP-TO-DATE
> Task :core-ui:processDebugNavigationResources UP-TO-DATE
> Task :feature-reader:processDebugNavigationResources UP-TO-DATE
> Task :engine-api:processDebugNavigationResources UP-TO-DATE
> Task :engine-rendering:processDebugNavigationResources UP-TO-DATE
> Task :engine-formats:processDebugNavigationResources UP-TO-DATE
> Task :core-data:processDebugNavigationResources UP-TO-DATE
> Task :core-domain:parseDebugLocalResources UP-TO-DATE
> Task :core-data:parseDebugLocalResources UP-TO-DATE
> Task :engine-formats:parseDebugLocalResources UP-TO-DATE
> Task :feature-reader:parseDebugLocalResources UP-TO-DATE
> Task :engine-api:parseDebugLocalResources UP-TO-DATE
> Task :core-ui:parseDebugLocalResources UP-TO-DATE
> Task :engine-rendering:parseDebugLocalResources UP-TO-DATE
> Task :core-model:parseDebugLocalResources UP-TO-DATE
> Task :engine-api:generateDebugRFile UP-TO-DATE
> Task :core-domain:generateDebugRFile UP-TO-DATE
> Task :core-domain:checkKotlinGradlePluginConfigurationErrors SKIPPED
> Task :feature-reader:generateDebugRFile UP-TO-DATE
> Task :core-ui:generateDebugRFile UP-TO-DATE
> Task :core-data:generateDebugRFile UP-TO-DATE
> Task :engine-formats:generateDebugRFile UP-TO-DATE
> Task :core-model:generateDebugRFile UP-TO-DATE
> Task :engine-rendering:generateDebugRFile UP-TO-DATE
> Task :core-data:checkKotlinGradlePluginConfigurationErrors SKIPPED
> Task :engine-api:javaPreCompileDebug UP-TO-DATE
> Task :core-ui:checkKotlinGradlePluginConfigurationErrors SKIPPED
> Task :engine-formats:checkKotlinGradlePluginConfigurationErrors SKIPPED
> Task :engine-rendering:checkKotlinGradlePluginConfigurationErrors SKIPPED
> Task :engine-rendering:javaPreCompileDebug UP-TO-DATE
> Task :core-ui:javaPreCompileDebug UP-TO-DATE
> Task :engine-formats:javaPreCompileDebug UP-TO-DATE
> Task :core-domain:javaPreCompileDebug UP-TO-DATE
> Task :core-data:javaPreCompileDebug UP-TO-DATE
> Task :core-model:kspDebugKotlin UP-TO-DATE
> Task :core-model:compileDebugKotlin UP-TO-DATE
> Task :core-model:javaPreCompileDebug UP-TO-DATE
> Task :core-model:compileDebugJavaWithJavac NO-SOURCE
> Task :core-model:bundleLibCompileToJarDebug UP-TO-DATE
> Task :core-model:bundleLibRuntimeToJarDebug UP-TO-DATE
> Task :engine-api:compileDebugKotlin UP-TO-DATE
> Task :engine-api:compileDebugJavaWithJavac NO-SOURCE
> Task :engine-api:bundleLibCompileToJarDebug UP-TO-DATE
> Task :engine-api:bundleLibRuntimeToJarDebug UP-TO-DATE
> Task :core-data:kspDebugKotlin UP-TO-DATE
> Task :core-data:compileDebugKotlin UP-TO-DATE
> Task :core-data:compileDebugJavaWithJavac UP-TO-DATE
> Task :core-data:copyRoomSchemas NO-SOURCE
> Task :core-data:transformDebugClassesWithAsm UP-TO-DATE
> Task :core-data:bundleLibCompileToJarDebug UP-TO-DATE
> Task :core-data:bundleLibRuntimeToJarDebug UP-TO-DATE
> Task :engine-formats:kspDebugKotlin UP-TO-DATE
> Task :engine-formats:compileDebugKotlin UP-TO-DATE
> Task :engine-formats:compileDebugJavaWithJavac UP-TO-DATE
> Task :engine-formats:transformDebugClassesWithAsm UP-TO-DATE
> Task :engine-formats:bundleLibCompileToJarDebug UP-TO-DATE
> Task :engine-formats:bundleLibRuntimeToJarDebug UP-TO-DATE
> Task :core-domain:kspDebugKotlin UP-TO-DATE
> Task :core-domain:compileDebugKotlin UP-TO-DATE
> Task :core-domain:compileDebugJavaWithJavac UP-TO-DATE
> Task :engine-rendering:kspDebugKotlin UP-TO-DATE
> Task :core-domain:transformDebugClassesWithAsm UP-TO-DATE
> Task :core-domain:bundleLibCompileToJarDebug UP-TO-DATE
> Task :core-domain:bundleLibRuntimeToJarDebug UP-TO-DATE
> Task :engine-rendering:compileDebugKotlin UP-TO-DATE
> Task :engine-rendering:compileDebugJavaWithJavac UP-TO-DATE
> Task :engine-rendering:transformDebugClassesWithAsm UP-TO-DATE
> Task :engine-rendering:bundleLibCompileToJarDebug UP-TO-DATE
> Task :core-ui:kspDebugKotlin UP-TO-DATE
> Task :core-ui:compileDebugKotlin UP-TO-DATE
> Task :core-ui:compileDebugJavaWithJavac UP-TO-DATE
> Task :core-ui:transformDebugClassesWithAsm UP-TO-DATE
> Task :core-ui:bundleLibCompileToJarDebug UP-TO-DATE
> Task :feature-reader:kspDebugKotlin UP-TO-DATE
> Task :feature-reader:compileDebugKotlin UP-TO-DATE

BUILD SUCCESSFUL in 29s
92 actionable tasks: 92 up-to-date
Consider enabling configuration cache to speed up this build: https://docs.gradle.org/9.4.1/userguide/configuration_cache_enabling.html
