
> Configure project :app
WARNING: The option setting 'android.usesSdkInManifest.disallowed=false' is deprecated.
The current default is 'true'.
It will be removed in version 10.0 of the Android Gradle plugin.
WARNING: The option setting 'android.sdk.defaultTargetSdkToCompileSdkIfUnset=false' is deprecated.
The current default is 'true'.
It will be removed in version 10.0 of the Android Gradle plugin.
WARNING: The option setting 'android.enableAppCompileTimeRClass=false' is deprecated.
The current default is 'true'.
It will be removed in version 10.0 of the Android Gradle plugin.
WARNING: The option setting 'android.builtInKotlin=false' is deprecated.
The current default is 'true'.
It will be removed in version 10.0 of the Android Gradle plugin.
WARNING: The option setting 'android.newDsl=false' is deprecated.
The current default is 'true'.
It will be removed in version 10.0 of the Android Gradle plugin.
WARNING: The option setting 'android.r8.optimizedResourceShrinking=false' is deprecated.
The current default is 'true'.
It will be removed in version 10.0 of the Android Gradle plugin.
WARNING: The option setting 'android.defaults.buildfeatures.resvalues=true' is deprecated.
The current default is 'false'.
It will be removed in version 10.0 of the Android Gradle plugin.
WARNING: API 'applicationVariants' is obsolete and has been replaced with 'AndroidComponentsExtension'.
It will be removed in version 10.0 of the Android Gradle plugin.
The legacy variant API is disabled by default in AGP 9.0, but can be re-enabled by adding 
    android.newDsl=false
to this project's gradle.properties file.
For more information, see http://developer.android.com/build/r/new-dsl.

To determine what is calling applicationVariants, use -Pandroid.debug.obsoleteApi=true on the command line to display more information.
WARNING: API 'testVariants' is obsolete and has been replaced with 'AndroidComponentsExtension'.
It will be removed in version 10.0 of the Android Gradle plugin.
The legacy variant API is disabled by default in AGP 9.0, but can be re-enabled by adding 
    android.newDsl=false
to this project's gradle.properties file.
For more information, see http://developer.android.com/build/r/new-dsl.

To determine what is calling testVariants, use -Pandroid.debug.obsoleteApi=true on the command line to display more information.
WARNING: API 'unitTestVariants' is obsolete and has been replaced with 'AndroidComponentsExtension'.
It will be removed in version 10.0 of the Android Gradle plugin.
The legacy variant API is disabled by default in AGP 9.0, but can be re-enabled by adding 
    android.newDsl=false
to this project's gradle.properties file.
For more information, see http://developer.android.com/build/r/new-dsl.

To determine what is calling unitTestVariants, use -Pandroid.debug.obsoleteApi=true on the command line to display more information.
WARNING: The property android.dependency.excludeLibraryComponentsFromConstraints improves project import performance for very large projects. It should be enabled to improve performance.
To suppress this warning, add android.generateSyncIssueWhenLibraryConstraintsAreEnabled=false to gradle.properties
WARNING: The property android.dependency.excludeLibraryComponentsFromConstraints improves project import performance for very large projects. It should be enabled to improve performance.
To suppress this warning, add android.generateSyncIssueWhenLibraryConstraintsAreEnabled=false to gradle.properties
WARNING: The property android.dependency.excludeLibraryComponentsFromConstraints improves project import performance for very large projects. It should be enabled to improve performance.
To suppress this warning, add android.generateSyncIssueWhenLibraryConstraintsAreEnabled=false to gradle.properties
WARNING: The property android.dependency.excludeLibraryComponentsFromConstraints improves project import performance for very large projects. It should be enabled to improve performance.
To suppress this warning, add android.generateSyncIssueWhenLibraryConstraintsAreEnabled=false to gradle.properties

> Configure project :core-data
WARNING: API 'libraryVariants' is obsolete and has been replaced with 'AndroidComponentsExtension'.
It will be removed in version 10.0 of the Android Gradle plugin.
The legacy variant API is disabled by default in AGP 9.0, but can be re-enabled by adding 
    android.newDsl=false
to this project's gradle.properties file.
For more information, see http://developer.android.com/build/r/new-dsl.

To determine what is calling libraryVariants, use -Pandroid.debug.obsoleteApi=true on the command line to display more information.
WARNING: The property android.dependency.excludeLibraryComponentsFromConstraints improves project import performance for very large projects. It should be enabled to improve performance.
To suppress this warning, add android.generateSyncIssueWhenLibraryConstraintsAreEnabled=false to gradle.properties
WARNING: The property android.dependency.excludeLibraryComponentsFromConstraints improves project import performance for very large projects. It should be enabled to improve performance.
To suppress this warning, add android.generateSyncIssueWhenLibraryConstraintsAreEnabled=false to gradle.properties
WARNING: The property android.dependency.excludeLibraryComponentsFromConstraints improves project import performance for very large projects. It should be enabled to improve performance.
To suppress this warning, add android.generateSyncIssueWhenLibraryConstraintsAreEnabled=false to gradle.properties
WARNING: The property android.dependency.excludeLibraryComponentsFromConstraints improves project import performance for very large projects. It should be enabled to improve performance.
To suppress this warning, add android.generateSyncIssueWhenLibraryConstraintsAreEnabled=false to gradle.properties

> Configure project :core-domain
WARNING: The property android.dependency.excludeLibraryComponentsFromConstraints improves project import performance for very large projects. It should be enabled to improve performance.
To suppress this warning, add android.generateSyncIssueWhenLibraryConstraintsAreEnabled=false to gradle.properties
WARNING: The property android.dependency.excludeLibraryComponentsFromConstraints improves project import performance for very large projects. It should be enabled to improve performance.
To suppress this warning, add android.generateSyncIssueWhenLibraryConstraintsAreEnabled=false to gradle.properties
WARNING: The property android.dependency.excludeLibraryComponentsFromConstraints improves project import performance for very large projects. It should be enabled to improve performance.
To suppress this warning, add android.generateSyncIssueWhenLibraryConstraintsAreEnabled=false to gradle.properties
WARNING: The property android.dependency.excludeLibraryComponentsFromConstraints improves project import performance for very large projects. It should be enabled to improve performance.
To suppress this warning, add android.generateSyncIssueWhenLibraryConstraintsAreEnabled=false to gradle.properties

> Configure project :core-model
WARNING: The property android.dependency.excludeLibraryComponentsFromConstraints improves project import performance for very large projects. It should be enabled to improve performance.
To suppress this warning, add android.generateSyncIssueWhenLibraryConstraintsAreEnabled=false to gradle.properties
WARNING: The property android.dependency.excludeLibraryComponentsFromConstraints improves project import performance for very large projects. It should be enabled to improve performance.
To suppress this warning, add android.generateSyncIssueWhenLibraryConstraintsAreEnabled=false to gradle.properties
WARNING: The property android.dependency.excludeLibraryComponentsFromConstraints improves project import performance for very large projects. It should be enabled to improve performance.
To suppress this warning, add android.generateSyncIssueWhenLibraryConstraintsAreEnabled=false to gradle.properties
WARNING: The property android.dependency.excludeLibraryComponentsFromConstraints improves project import performance for very large projects. It should be enabled to improve performance.
To suppress this warning, add android.generateSyncIssueWhenLibraryConstraintsAreEnabled=false to gradle.properties

> Configure project :core-ui
WARNING: The property android.dependency.excludeLibraryComponentsFromConstraints improves project import performance for very large projects. It should be enabled to improve performance.
To suppress this warning, add android.generateSyncIssueWhenLibraryConstraintsAreEnabled=false to gradle.properties
WARNING: The property android.dependency.excludeLibraryComponentsFromConstraints improves project import performance for very large projects. It should be enabled to improve performance.
To suppress this warning, add android.generateSyncIssueWhenLibraryConstraintsAreEnabled=false to gradle.properties
WARNING: The property android.dependency.excludeLibraryComponentsFromConstraints improves project import performance for very large projects. It should be enabled to improve performance.
To suppress this warning, add android.generateSyncIssueWhenLibraryConstraintsAreEnabled=false to gradle.properties
WARNING: The property android.dependency.excludeLibraryComponentsFromConstraints improves project import performance for very large projects. It should be enabled to improve performance.
To suppress this warning, add android.generateSyncIssueWhenLibraryConstraintsAreEnabled=false to gradle.properties

> Configure project :engine-api
WARNING: The property android.dependency.excludeLibraryComponentsFromConstraints improves project import performance for very large projects. It should be enabled to improve performance.
To suppress this warning, add android.generateSyncIssueWhenLibraryConstraintsAreEnabled=false to gradle.properties
WARNING: The property android.dependency.excludeLibraryComponentsFromConstraints improves project import performance for very large projects. It should be enabled to improve performance.
To suppress this warning, add android.generateSyncIssueWhenLibraryConstraintsAreEnabled=false to gradle.properties
WARNING: The property android.dependency.excludeLibraryComponentsFromConstraints improves project import performance for very large projects. It should be enabled to improve performance.
To suppress this warning, add android.generateSyncIssueWhenLibraryConstraintsAreEnabled=false to gradle.properties
WARNING: The property android.dependency.excludeLibraryComponentsFromConstraints improves project import performance for very large projects. It should be enabled to improve performance.
To suppress this warning, add android.generateSyncIssueWhenLibraryConstraintsAreEnabled=false to gradle.properties

> Configure project :engine-epub-readium
WARNING: The property android.dependency.excludeLibraryComponentsFromConstraints improves project import performance for very large projects. It should be enabled to improve performance.
To suppress this warning, add android.generateSyncIssueWhenLibraryConstraintsAreEnabled=false to gradle.properties
WARNING: The property android.dependency.excludeLibraryComponentsFromConstraints improves project import performance for very large projects. It should be enabled to improve performance.
To suppress this warning, add android.generateSyncIssueWhenLibraryConstraintsAreEnabled=false to gradle.properties
WARNING: The property android.dependency.excludeLibraryComponentsFromConstraints improves project import performance for very large projects. It should be enabled to improve performance.
To suppress this warning, add android.generateSyncIssueWhenLibraryConstraintsAreEnabled=false to gradle.properties
WARNING: The property android.dependency.excludeLibraryComponentsFromConstraints improves project import performance for very large projects. It should be enabled to improve performance.
To suppress this warning, add android.generateSyncIssueWhenLibraryConstraintsAreEnabled=false to gradle.properties

> Configure project :engine-formats
WARNING: The property android.dependency.excludeLibraryComponentsFromConstraints improves project import performance for very large projects. It should be enabled to improve performance.
To suppress this warning, add android.generateSyncIssueWhenLibraryConstraintsAreEnabled=false to gradle.properties
WARNING: The property android.dependency.excludeLibraryComponentsFromConstraints improves project import performance for very large projects. It should be enabled to improve performance.
To suppress this warning, add android.generateSyncIssueWhenLibraryConstraintsAreEnabled=false to gradle.properties
WARNING: The property android.dependency.excludeLibraryComponentsFromConstraints improves project import performance for very large projects. It should be enabled to improve performance.
To suppress this warning, add android.generateSyncIssueWhenLibraryConstraintsAreEnabled=false to gradle.properties
WARNING: The property android.dependency.excludeLibraryComponentsFromConstraints improves project import performance for very large projects. It should be enabled to improve performance.
To suppress this warning, add android.generateSyncIssueWhenLibraryConstraintsAreEnabled=false to gradle.properties

> Configure project :engine-registry
WARNING: The property android.dependency.excludeLibraryComponentsFromConstraints improves project import performance for very large projects. It should be enabled to improve performance.
To suppress this warning, add android.generateSyncIssueWhenLibraryConstraintsAreEnabled=false to gradle.properties
WARNING: The property android.dependency.excludeLibraryComponentsFromConstraints improves project import performance for very large projects. It should be enabled to improve performance.
To suppress this warning, add android.generateSyncIssueWhenLibraryConstraintsAreEnabled=false to gradle.properties
WARNING: The property android.dependency.excludeLibraryComponentsFromConstraints improves project import performance for very large projects. It should be enabled to improve performance.
To suppress this warning, add android.generateSyncIssueWhenLibraryConstraintsAreEnabled=false to gradle.properties
WARNING: The property android.dependency.excludeLibraryComponentsFromConstraints improves project import performance for very large projects. It should be enabled to improve performance.
To suppress this warning, add android.generateSyncIssueWhenLibraryConstraintsAreEnabled=false to gradle.properties

> Configure project :engine-rendering
WARNING: The property android.dependency.excludeLibraryComponentsFromConstraints improves project import performance for very large projects. It should be enabled to improve performance.
To suppress this warning, add android.generateSyncIssueWhenLibraryConstraintsAreEnabled=false to gradle.properties
WARNING: The property android.dependency.excludeLibraryComponentsFromConstraints improves project import performance for very large projects. It should be enabled to improve performance.
To suppress this warning, add android.generateSyncIssueWhenLibraryConstraintsAreEnabled=false to gradle.properties
WARNING: The property android.dependency.excludeLibraryComponentsFromConstraints improves project import performance for very large projects. It should be enabled to improve performance.
To suppress this warning, add android.generateSyncIssueWhenLibraryConstraintsAreEnabled=false to gradle.properties
WARNING: The property android.dependency.excludeLibraryComponentsFromConstraints improves project import performance for very large projects. It should be enabled to improve performance.
To suppress this warning, add android.generateSyncIssueWhenLibraryConstraintsAreEnabled=false to gradle.properties

> Configure project :feature-library
WARNING: The property android.dependency.excludeLibraryComponentsFromConstraints improves project import performance for very large projects. It should be enabled to improve performance.
To suppress this warning, add android.generateSyncIssueWhenLibraryConstraintsAreEnabled=false to gradle.properties
WARNING: The property android.dependency.excludeLibraryComponentsFromConstraints improves project import performance for very large projects. It should be enabled to improve performance.
To suppress this warning, add android.generateSyncIssueWhenLibraryConstraintsAreEnabled=false to gradle.properties
WARNING: The property android.dependency.excludeLibraryComponentsFromConstraints improves project import performance for very large projects. It should be enabled to improve performance.
To suppress this warning, add android.generateSyncIssueWhenLibraryConstraintsAreEnabled=false to gradle.properties
WARNING: The property android.dependency.excludeLibraryComponentsFromConstraints improves project import performance for very large projects. It should be enabled to improve performance.
To suppress this warning, add android.generateSyncIssueWhenLibraryConstraintsAreEnabled=false to gradle.properties

> Configure project :feature-ocr
WARNING: The property android.dependency.excludeLibraryComponentsFromConstraints improves project import performance for very large projects. It should be enabled to improve performance.
To suppress this warning, add android.generateSyncIssueWhenLibraryConstraintsAreEnabled=false to gradle.properties
WARNING: The property android.dependency.excludeLibraryComponentsFromConstraints improves project import performance for very large projects. It should be enabled to improve performance.
To suppress this warning, add android.generateSyncIssueWhenLibraryConstraintsAreEnabled=false to gradle.properties
WARNING: The property android.dependency.excludeLibraryComponentsFromConstraints improves project import performance for very large projects. It should be enabled to improve performance.
To suppress this warning, add android.generateSyncIssueWhenLibraryConstraintsAreEnabled=false to gradle.properties
WARNING: The property android.dependency.excludeLibraryComponentsFromConstraints improves project import performance for very large projects. It should be enabled to improve performance.
To suppress this warning, add android.generateSyncIssueWhenLibraryConstraintsAreEnabled=false to gradle.properties

> Configure project :feature-onboarding
WARNING: The property android.dependency.excludeLibraryComponentsFromConstraints improves project import performance for very large projects. It should be enabled to improve performance.
To suppress this warning, add android.generateSyncIssueWhenLibraryConstraintsAreEnabled=false to gradle.properties
WARNING: The property android.dependency.excludeLibraryComponentsFromConstraints improves project import performance for very large projects. It should be enabled to improve performance.
To suppress this warning, add android.generateSyncIssueWhenLibraryConstraintsAreEnabled=false to gradle.properties
WARNING: The property android.dependency.excludeLibraryComponentsFromConstraints improves project import performance for very large projects. It should be enabled to improve performance.
To suppress this warning, add android.generateSyncIssueWhenLibraryConstraintsAreEnabled=false to gradle.properties
WARNING: The property android.dependency.excludeLibraryComponentsFromConstraints improves project import performance for very large projects. It should be enabled to improve performance.
To suppress this warning, add android.generateSyncIssueWhenLibraryConstraintsAreEnabled=false to gradle.properties

> Configure project :feature-reader
WARNING: The property android.dependency.excludeLibraryComponentsFromConstraints improves project import performance for very large projects. It should be enabled to improve performance.
To suppress this warning, add android.generateSyncIssueWhenLibraryConstraintsAreEnabled=false to gradle.properties
WARNING: The property android.dependency.excludeLibraryComponentsFromConstraints improves project import performance for very large projects. It should be enabled to improve performance.
To suppress this warning, add android.generateSyncIssueWhenLibraryConstraintsAreEnabled=false to gradle.properties
WARNING: The property android.dependency.excludeLibraryComponentsFromConstraints improves project import performance for very large projects. It should be enabled to improve performance.
To suppress this warning, add android.generateSyncIssueWhenLibraryConstraintsAreEnabled=false to gradle.properties
WARNING: The property android.dependency.excludeLibraryComponentsFromConstraints improves project import performance for very large projects. It should be enabled to improve performance.
To suppress this warning, add android.generateSyncIssueWhenLibraryConstraintsAreEnabled=false to gradle.properties

> Configure project :feature-settings
WARNING: The property android.dependency.excludeLibraryComponentsFromConstraints improves project import performance for very large projects. It should be enabled to improve performance.
To suppress this warning, add android.generateSyncIssueWhenLibraryConstraintsAreEnabled=false to gradle.properties
WARNING: The property android.dependency.excludeLibraryComponentsFromConstraints improves project import performance for very large projects. It should be enabled to improve performance.
To suppress this warning, add android.generateSyncIssueWhenLibraryConstraintsAreEnabled=false to gradle.properties
WARNING: The property android.dependency.excludeLibraryComponentsFromConstraints improves project import performance for very large projects. It should be enabled to improve performance.
To suppress this warning, add android.generateSyncIssueWhenLibraryConstraintsAreEnabled=false to gradle.properties
WARNING: The property android.dependency.excludeLibraryComponentsFromConstraints improves project import performance for very large projects. It should be enabled to improve performance.
To suppress this warning, add android.generateSyncIssueWhenLibraryConstraintsAreEnabled=false to gradle.properties

> Task :core-data:preBuild UP-TO-DATE
> Task :engine-formats:preBuild UP-TO-DATE
> Task :core-model:preBuild UP-TO-DATE
> Task :engine-api:preBuild UP-TO-DATE
> Task :engine-formats:preDebugBuild UP-TO-DATE
> Task :core-data:preDebugBuild UP-TO-DATE
> Task :core-model:preDebugBuild UP-TO-DATE
> Task :engine-api:preDebugBuild UP-TO-DATE
> Task :core-data:writeDebugAarMetadata UP-TO-DATE
> Task :engine-api:writeDebugAarMetadata UP-TO-DATE
> Task :engine-api:checkKotlinGradlePluginConfigurationErrors SKIPPED
> Task :core-model:writeDebugAarMetadata UP-TO-DATE
> Task :core-data:generateDebugResValues UP-TO-DATE
> Task :core-model:checkKotlinGradlePluginConfigurationErrors SKIPPED
> Task :engine-api:generateDebugResValues UP-TO-DATE
> Task :core-data:generateDebugResources UP-TO-DATE
> Task :core-model:generateDebugResValues UP-TO-DATE
> Task :engine-api:generateDebugResources UP-TO-DATE
> Task :core-model:generateDebugResources UP-TO-DATE
> Task :core-data:packageDebugResources UP-TO-DATE
> Task :core-data:processDebugNavigationResources UP-TO-DATE
> Task :engine-api:packageDebugResources UP-TO-DATE
> Task :core-model:packageDebugResources UP-TO-DATE
> Task :core-model:processDebugNavigationResources UP-TO-DATE
> Task :engine-api:processDebugNavigationResources UP-TO-DATE
> Task :core-data:parseDebugLocalResources UP-TO-DATE
> Task :engine-api:parseDebugLocalResources UP-TO-DATE
> Task :core-data:generateDebugRFile UP-TO-DATE
> Task :core-data:checkKotlinGradlePluginConfigurationErrors SKIPPED
> Task :core-model:parseDebugLocalResources UP-TO-DATE
> Task :engine-api:generateDebugRFile UP-TO-DATE
> Task :engine-api:javaPreCompileDebug UP-TO-DATE
> Task :engine-api:preReleaseBuild UP-TO-DATE
> Task :core-model:generateDebugRFile UP-TO-DATE
> Task :engine-api:writeReleaseAarMetadata UP-TO-DATE
> Task :engine-api:generateReleaseResValues UP-TO-DATE
> Task :engine-api:generateReleaseResources UP-TO-DATE
> Task :engine-formats:configureCMakeDebug[arm64-v8a]
> Task :engine-api:packageReleaseResources UP-TO-DATE
> Task :engine-api:processReleaseNavigationResources UP-TO-DATE
> Task :engine-api:parseReleaseLocalResources UP-TO-DATE
> Task :engine-api:generateReleaseRFile UP-TO-DATE
> Task :engine-api:javaPreCompileRelease UP-TO-DATE
> Task :engine-api:mapReleaseSourceSetPaths UP-TO-DATE
> Task :engine-api:compileReleaseLibraryResources UP-TO-DATE
> Task :core-data:javaPreCompileDebug UP-TO-DATE
> Task :core-data:preReleaseBuild UP-TO-DATE
> Task :core-data:generateReleaseResValues UP-TO-DATE
> Task :core-data:generateReleaseResources UP-TO-DATE
> Task :core-data:packageReleaseResources UP-TO-DATE
> Task :core-data:processReleaseNavigationResources UP-TO-DATE
> Task :core-data:parseReleaseLocalResources UP-TO-DATE
> Task :core-data:generateReleaseRFile UP-TO-DATE
> Task :core-data:javaPreCompileRelease UP-TO-DATE
> Task :core-data:writeReleaseAarMetadata UP-TO-DATE
> Task :engine-api:checkDebugAarMetadata UP-TO-DATE
> Task :core-data:mapReleaseSourceSetPaths UP-TO-DATE
> Task :engine-api:mergeDebugJniLibFolders UP-TO-DATE
> Task :core-data:compileReleaseLibraryResources UP-TO-DATE
> Task :engine-api:mergeDebugNativeLibs NO-SOURCE
> Task :engine-api:stripDebugDebugSymbols NO-SOURCE
> Task :engine-api:copyDebugJniLibsProjectAndLocalJars UP-TO-DATE
> Task :engine-api:extractDeepLinksForAarDebug UP-TO-DATE
> Task :engine-api:generateDebugAssets UP-TO-DATE
> Task :engine-api:mergeDebugAssets UP-TO-DATE
> Task :engine-api:prepareDebugArtProfile UP-TO-DATE
> Task :engine-api:prepareLintJarForPublish UP-TO-DATE
> Task :engine-api:processDebugManifest UP-TO-DATE
> Task :engine-api:preDebugAndroidTestBuild UP-TO-DATE
> Task :engine-api:generateDebugAndroidTestResValues UP-TO-DATE
> Task :engine-api:writeDebugLintModelMetadata UP-TO-DATE
> Task :engine-api:extractProguardFiles UP-TO-DATE
> Task :engine-api:preDebugUnitTestBuild UP-TO-DATE
> Task :core-model:kspDebugKotlin FROM-CACHE
> Task :core-model:compileDebugKotlin UP-TO-DATE
> Task :core-model:javaPreCompileDebug UP-TO-DATE
> Task :core-model:compileDebugJavaWithJavac NO-SOURCE
> Task :core-model:bundleLibCompileToJarDebug UP-TO-DATE
> Task :core-model:preReleaseBuild UP-TO-DATE
> Task :core-model:generateReleaseResValues UP-TO-DATE
> Task :core-model:generateReleaseResources UP-TO-DATE
> Task :core-model:packageReleaseResources UP-TO-DATE
> Task :core-model:processReleaseNavigationResources UP-TO-DATE
> Task :core-model:parseReleaseLocalResources UP-TO-DATE
> Task :core-model:generateReleaseRFile UP-TO-DATE
> Task :core-data:checkDebugAarMetadata UP-TO-DATE
> Task :engine-formats:checkDebugAarMetadata UP-TO-DATE
> Task :engine-api:compileDebugKotlin UP-TO-DATE
> Task :engine-api:compileDebugJavaWithJavac NO-SOURCE
> Task :engine-api:bundleLibCompileToJarDebug UP-TO-DATE
> Task :engine-api:bundleLibRuntimeToJarDebug UP-TO-DATE
> Task :engine-formats:buildCMakeDebug[arm64-v8a]
> Task :engine-formats:configureCMakeDebug[armeabi-v7a]
> Task :engine-api:extractDebugAnnotations UP-TO-DATE
> Task :engine-api:mergeDebugGeneratedProguardFiles UP-TO-DATE
> Task :engine-api:mergeDebugConsumerProguardFiles UP-TO-DATE
> Task :engine-api:processDebugJavaRes UP-TO-DATE
> Task :engine-api:mergeDebugJavaResource UP-TO-DATE
> Task :engine-api:syncDebugLibJars UP-TO-DATE
> Task :engine-api:bundleDebugLocalLintAar UP-TO-DATE
> Task :engine-api:createFullJarDebug UP-TO-DATE
> Task :core-data:kspDebugKotlin FROM-CACHE
> Task :engine-formats:buildCMakeDebug[armeabi-v7a]
> Task :core-data:compileDebugKotlin UP-TO-DATE
> Task :core-data:compileDebugJavaWithJavac UP-TO-DATE
> Task :core-model:javaPreCompileRelease UP-TO-DATE
> Task :core-data:mergeDebugJniLibFolders UP-TO-DATE
> Task :core-model:bundleLibRuntimeToJarDebug UP-TO-DATE
> Task :core-model:writeReleaseAarMetadata UP-TO-DATE
> Task :core-data:mergeDebugNativeLibs NO-SOURCE
> Task :core-model:mapReleaseSourceSetPaths UP-TO-DATE
> Task :core-model:compileReleaseLibraryResources UP-TO-DATE
> Task :engine-formats:configureCMakeDebug[x86]
> Task :core-model:checkDebugAarMetadata UP-TO-DATE
> Task :core-model:mergeDebugJniLibFolders UP-TO-DATE
> Task :core-model:mergeDebugNativeLibs NO-SOURCE
> Task :core-model:stripDebugDebugSymbols NO-SOURCE
> Task :core-model:copyDebugJniLibsProjectAndLocalJars UP-TO-DATE
> Task :core-data:transformDebugClassesWithAsm UP-TO-DATE
> Task :core-data:bundleLibCompileToJarDebug UP-TO-DATE
> Task :core-data:bundleLibRuntimeToJarDebug UP-TO-DATE
> Task :core-data:stripDebugDebugSymbols NO-SOURCE
> Task :core-data:copyDebugJniLibsProjectAndLocalJars UP-TO-DATE
> Task :core-model:extractDebugAnnotations UP-TO-DATE
> Task :core-model:extractDeepLinksForAarDebug UP-TO-DATE
> Task :core-model:generateDebugAssets UP-TO-DATE
> Task :core-model:mergeDebugAssets UP-TO-DATE
> Task :core-model:mergeDebugGeneratedProguardFiles UP-TO-DATE
> Task :core-model:mergeDebugConsumerProguardFiles UP-TO-DATE
> Task :core-model:prepareDebugArtProfile UP-TO-DATE
> Task :core-model:prepareLintJarForPublish UP-TO-DATE
> Task :core-model:processDebugManifest UP-TO-DATE
> Task :core-data:extractDebugAnnotations UP-TO-DATE
> Task :core-model:processDebugJavaRes UP-TO-DATE
> Task :core-data:extractDeepLinksForAarDebug UP-TO-DATE
> Task :core-data:generateDebugAssets UP-TO-DATE
> Task :core-model:mergeDebugJavaResource UP-TO-DATE
> Task :core-data:mergeDebugAssets UP-TO-DATE
> Task :core-model:syncDebugLibJars UP-TO-DATE
> Task :core-data:mergeDebugGeneratedProguardFiles UP-TO-DATE
> Task :core-data:mergeDebugConsumerProguardFiles UP-TO-DATE
> Task :core-model:bundleDebugLocalLintAar UP-TO-DATE
> Task :core-data:prepareDebugArtProfile UP-TO-DATE
> Task :core-model:createFullJarDebug UP-TO-DATE
> Task :core-model:writeDebugLintModelMetadata UP-TO-DATE
> Task :core-data:prepareLintJarForPublish UP-TO-DATE
> Task :core-model:extractProguardFiles UP-TO-DATE
> Task :core-data:processDebugManifest UP-TO-DATE
> Task :core-data:processDebugJavaRes UP-TO-DATE
> Task :core-data:mergeDebugJavaResource UP-TO-DATE
> Task :core-data:syncDebugLibJars UP-TO-DATE
> Task :core-model:generateDebugLintModel UP-TO-DATE
> Task :core-data:bundleDebugLocalLintAar UP-TO-DATE
> Task :core-data:createFullJarDebug UP-TO-DATE
> Task :core-data:preDebugAndroidTestBuild UP-TO-DATE
> Task :core-data:generateDebugAndroidTestResValues UP-TO-DATE
> Task :engine-api:generateDebugAndroidTestLintModel UP-TO-DATE
> Task :core-data:writeDebugLintModelMetadata UP-TO-DATE
> Task :engine-api:generateDebugLintModel UP-TO-DATE
> Task :core-model:lintAnalyzeDebug UP-TO-DATE
> Task :core-model:preDebugAndroidTestBuild UP-TO-DATE
> Task :core-model:generateDebugAndroidTestResValues UP-TO-DATE
> Task :engine-api:generateDebugUnitTestLintModel UP-TO-DATE
> Task :core-model:generateDebugAndroidTestLintModel UP-TO-DATE
> Task :core-model:preDebugUnitTestBuild UP-TO-DATE
> Task :engine-formats:buildCMakeDebug[x86]
> Task :core-data:generateDebugAndroidTestLintModel UP-TO-DATE
> Task :core-model:generateDebugUnitTestLintModel UP-TO-DATE
> Task :core-data:extractProguardFiles UP-TO-DATE
> Task :engine-api:lintAnalyzeDebug UP-TO-DATE
> Task :engine-formats:configureCMakeDebug[x86_64]
> Task :core-model:lintAnalyzeDebugAndroidTest UP-TO-DATE
> Task :engine-api:lintAnalyzeDebugAndroidTest UP-TO-DATE
> Task :core-data:generateDebugLintModel UP-TO-DATE
> Task :core-data:preDebugUnitTestBuild UP-TO-DATE
> Task :core-model:lintAnalyzeDebugUnitTest UP-TO-DATE
> Task :engine-api:lintAnalyzeDebugUnitTest UP-TO-DATE
> Task :core-data:generateDebugUnitTestLintModel UP-TO-DATE
> Task :engine-formats:buildCMakeDebug[x86_64]
> Task :engine-formats:mergeDebugJniLibFolders UP-TO-DATE
> Task :engine-formats:mergeDebugNativeLibs UP-TO-DATE
> Task :engine-formats:stripDebugDebugSymbols UP-TO-DATE
> Task :engine-formats:copyDebugJniLibsProjectAndLocalJars UP-TO-DATE
> Task :engine-formats:checkKotlinGradlePluginConfigurationErrors SKIPPED
> Task :engine-formats:generateDebugResValues UP-TO-DATE
> Task :engine-formats:generateDebugResources UP-TO-DATE
> Task :engine-formats:packageDebugResources UP-TO-DATE
> Task :engine-formats:processDebugNavigationResources UP-TO-DATE
> Task :engine-formats:parseDebugLocalResources UP-TO-DATE
> Task :core-data:lintAnalyzeDebug UP-TO-DATE
> Task :engine-formats:generateDebugRFile UP-TO-DATE
> Task :core-data:lintAnalyzeDebugAndroidTest UP-TO-DATE
> Task :core-data:lintAnalyzeDebugUnitTest UP-TO-DATE
> Task :core-model:kspReleaseKotlin
> Task :core-model:compileReleaseKotlin UP-TO-DATE
> Task :core-model:compileReleaseJavaWithJavac NO-SOURCE
> Task :core-model:bundleLibCompileToJarRelease UP-TO-DATE
> Task :core-model:bundleLibRuntimeToJarRelease UP-TO-DATE
> Task :engine-formats:extractDeepLinksForAarDebug UP-TO-DATE
> Task :engine-formats:generateDebugAssets UP-TO-DATE
> Task :engine-formats:mergeDebugAssets UP-TO-DATE
> Task :engine-formats:javaPreCompileDebug UP-TO-DATE
> Task :engine-formats:prepareDebugArtProfile UP-TO-DATE
> Task :engine-formats:prepareLintJarForPublish UP-TO-DATE
> Task :engine-api:compileReleaseKotlin UP-TO-DATE
> Task :engine-formats:processDebugManifest UP-TO-DATE
> Task :engine-formats:writeDebugAarMetadata UP-TO-DATE
> Task :engine-formats:preReleaseBuild UP-TO-DATE
> Task :engine-api:compileReleaseJavaWithJavac NO-SOURCE
> Task :engine-api:bundleLibCompileToJarRelease UP-TO-DATE
> Task :engine-api:bundleLibRuntimeToJarRelease UP-TO-DATE
> Task :engine-formats:checkReleaseAarMetadata UP-TO-DATE
> Task :engine-formats:configureCMakeRelWithDebInfo[arm64-v8a]
> Task :engine-formats:buildCMakeRelWithDebInfo[arm64-v8a]
> Task :engine-formats:configureCMakeRelWithDebInfo[armeabi-v7a]
> Task :engine-formats:buildCMakeRelWithDebInfo[armeabi-v7a]
> Task :engine-formats:configureCMakeRelWithDebInfo[x86]
> Task :engine-formats:buildCMakeRelWithDebInfo[x86]
> Task :engine-formats:configureCMakeRelWithDebInfo[x86_64]
> Task :engine-formats:buildCMakeRelWithDebInfo[x86_64]
> Task :engine-formats:mergeReleaseJniLibFolders UP-TO-DATE
> Task :engine-formats:mergeReleaseNativeLibs UP-TO-DATE
> Task :engine-formats:stripReleaseDebugSymbols UP-TO-DATE
> Task :engine-formats:copyReleaseJniLibsProjectAndLocalJars UP-TO-DATE
> Task :engine-formats:generateReleaseResValues UP-TO-DATE
> Task :engine-formats:extractDeepLinksForAarRelease UP-TO-DATE
> Task :engine-formats:generateReleaseResources UP-TO-DATE
> Task :engine-formats:packageReleaseResources UP-TO-DATE
> Task :engine-formats:processReleaseNavigationResources UP-TO-DATE
> Task :engine-formats:parseReleaseLocalResources UP-TO-DATE
> Task :engine-formats:generateReleaseRFile UP-TO-DATE
> Task :engine-formats:generateReleaseAssets UP-TO-DATE
> Task :engine-formats:mergeReleaseAssets UP-TO-DATE
> Task :engine-formats:javaPreCompileRelease UP-TO-DATE
> Task :engine-formats:prepareReleaseArtProfile UP-TO-DATE
> Task :engine-formats:processReleaseManifest UP-TO-DATE
> Task :engine-formats:writeReleaseAarMetadata UP-TO-DATE
> Task :engine-formats:mapReleaseSourceSetPaths UP-TO-DATE
> Task :engine-formats:mergeReleaseResources UP-TO-DATE
> Task :engine-formats:verifyReleaseResources UP-TO-DATE
> Task :engine-formats:preDebugAndroidTestBuild UP-TO-DATE
> Task :engine-formats:generateDebugAndroidTestResValues UP-TO-DATE
> Task :engine-formats:writeDebugLintModelMetadata UP-TO-DATE
> Task :engine-formats:extractProguardFiles UP-TO-DATE
> Task :engine-formats:preDebugUnitTestBuild UP-TO-DATE
> Task :engine-formats:generateDebugUnitTestStubRFile UP-TO-DATE
> Task :engine-formats:javaPreCompileDebugUnitTest UP-TO-DATE
> Task :engine-formats:kspDebugKotlin
> Task :engine-formats:compileDebugKotlin UP-TO-DATE
> Task :engine-formats:extractDebugAnnotations UP-TO-DATE
> Task :engine-formats:compileDebugJavaWithJavac UP-TO-DATE
> Task :engine-formats:transformDebugClassesWithAsm UP-TO-DATE
> Task :engine-formats:mergeDebugGeneratedProguardFiles UP-TO-DATE
> Task :engine-formats:mergeDebugConsumerProguardFiles UP-TO-DATE
> Task :engine-formats:processDebugJavaRes UP-TO-DATE
> Task :engine-formats:mergeDebugJavaResource UP-TO-DATE
> Task :engine-formats:syncDebugLibJars UP-TO-DATE
> Task :engine-formats:bundleDebugAar UP-TO-DATE
> Task :engine-formats:assembleDebug UP-TO-DATE
> Task :engine-formats:bundleDebugLocalLintAar UP-TO-DATE
> Task :engine-formats:bundleLibRuntimeToJarDebug UP-TO-DATE
> Task :engine-formats:createFullJarDebug UP-TO-DATE
> Task :engine-formats:generateDebugAndroidTestLintModel UP-TO-DATE
> Task :engine-formats:generateDebugLintReportModel UP-TO-DATE
> Task :engine-formats:generateDebugUnitTestLintModel UP-TO-DATE
> Task :engine-formats:lintAnalyzeDebug UP-TO-DATE
> Task :engine-formats:lintAnalyzeDebugAndroidTest UP-TO-DATE
> Task :engine-formats:lintAnalyzeDebugUnitTest UP-TO-DATE
> Task :engine-formats:bundleLibCompileToJarDebug UP-TO-DATE

> Task :engine-formats:lintReportDebug
Wrote HTML report to file:///C:/Users/xmeta/projects/Mr.Comic_fresh_clone/android/engine-formats/build/reports/lint-results-debug.html

> Task :engine-formats:lintDebug
> Task :engine-formats:lint
> Task :engine-formats:kspDebugUnitTestKotlin
> Task :engine-formats:compileDebugUnitTestKotlin UP-TO-DATE
> Task :engine-formats:processDebugUnitTestJavaRes UP-TO-DATE
> Task :engine-formats:compileDebugUnitTestJavaWithJavac NO-SOURCE
> Task :engine-formats:hiltSyncDebugUnitTest
> Task :engine-formats:hiltAggregateDepsDebugUnitTest UP-TO-DATE
> Task :engine-formats:hiltJavaCompileDebugUnitTest NO-SOURCE
> Task :engine-formats:transformDebugUnitTestClassesWithAsm UP-TO-DATE

> Task :engine-formats:testDebugUnitTest

EpubCorpusSmokeTest > vibeSampleKeepsRichPublisherMarkup FAILED
    java.lang.AssertionError at EpubCorpusSmokeTest.kt:262

EpubCorpusSmokeTest > sample6177ExposesStylesheetsThroughAssetBackedHtml FAILED
    java.lang.AssertionError at EpubCorpusSmokeTest.kt:125

EpubCorpusSmokeTest > vibeSampleKeepsTitleCopyrightAndPrefaceFrontMatter FAILED
    java.lang.AssertionError at EpubCorpusSmokeTest.kt:291

EpubCorpusSmokeTest > vibeSamplePersistsAndReusesStructureCache FAILED
    java.lang.AssertionError at EpubCorpusSmokeTest.kt:232

EpubCorpusSmokeTest > sample6177KeepsSecondaryStylesheetAndFrontMatterTargetsAccessible FAILED
    java.lang.AssertionError at EpubCorpusSmokeTest.kt:181

EpubCorpusSmokeTest > vibeSampleResolvesFrontMatterPagesAndAssetBackedBasePath FAILED
    java.lang.AssertionError at EpubCorpusSmokeTest.kt:318

EpubCorpusSmokeTest > vibeSampleKeepsTocHtmlAssetAndFrontMatterTargetsAccessible FAILED
    java.lang.AssertionError at EpubCorpusSmokeTest.kt:529

EpubCorpusSmokeTest > sample6177BuildsUsableTocEntries FAILED
    java.lang.AssertionError at EpubCorpusSmokeTest.kt:158

EpubCorpusSmokeTest > sample6177KeepsUtf8CyrillicReadable FAILED
    java.lang.AssertionError at EpubCorpusSmokeTest.kt:104

TextRealFileSmokeTest > htmlSampleKeepsBookLikeMarkup FAILED
    java.lang.AssertionError at TextRealFileSmokeTest.kt:73

> Task :core-data:kspReleaseKotlin
> Task :core-data:compileReleaseKotlin UP-TO-DATE
> Task :core-data:compileReleaseJavaWithJavac UP-TO-DATE
> Task :core-data:copyRoomSchemas NO-SOURCE
> Task :core-data:transformReleaseClassesWithAsm UP-TO-DATE
> Task :core-data:bundleLibCompileToJarRelease UP-TO-DATE
> Task :core-data:bundleLibRuntimeToJarRelease UP-TO-DATE

> Task :engine-formats:testDebugUnitTest

TextRealFileSmokeTest > mobiSampleKeepsCenteredFrontMatterAndChapterText FAILED
    java.lang.AssertionError at TextRealFileSmokeTest.kt:282

TextRealFileSmokeTest > htmlSampleResolvesInternalChapterAnchors FAILED
    java.lang.AssertionError at TextRealFileSmokeTest.kt:87

TextRealFileSmokeTest > docxSamplePreservesRichContent FAILED
    java.lang.AssertionError at TextRealFileSmokeTest.kt:14

TextRealFileSmokeTest > markdownSampleKeepsSpecStructure FAILED
    java.lang.AssertionError at TextRealFileSmokeTest.kt:614

TextRealFileSmokeTest > htmlSampleUsesAssetBackedBaseForLocalResources FAILED
    java.lang.AssertionError at TextRealFileSmokeTest.kt:106

121 tests completed, 15 failed

> Task :engine-formats:testDebugUnitTest FAILED

FAILURE: Build failed with an exception.

* What went wrong:
Execution failed for task ':engine-formats:testDebugUnitTest'.
> There were failing tests. See the report at: file:///C:/Users/xmeta/projects/Mr.Comic_fresh_clone/android/engine-formats/build/reports/tests/testDebugUnitTest/index.html

* Try:
> Run with --scan to get full insights from a Build Scan (powered by Develocity).

BUILD FAILED in 58s
243 actionable tasks: 23 executed, 2 from cache, 218 up-to-date
